[2023-11-17T01:48:20.138+0000][gc,heap] Heap region size: 1M
[2023-11-17T01:48:20.150+0000][gc     ] Using G1
[2023-11-17T01:48:20.150+0000][gc,heap,coops] Heap address: 0x00000000e0000000, size: 512 MB, Compressed Oops mode: 32-bit
[2023-11-17T01:48:20.151+0000][gc,cds       ] Mark closed archive regions in map: [0x00000000fff00000, 0x00000000fff6bff8]
[2023-11-17T01:48:20.151+0000][gc,cds       ] Mark open archive regions in map: [0x00000000ffe00000, 0x00000000ffe47ff8]
[2023-11-17T01:48:21.027+0000][gc,start     ] GC(0) Pause Young (Normal) (G1 Evacuation Pause)
[2023-11-17T01:48:21.027+0000][gc,task      ] GC(0) Using 2 workers of 2 for evacuation
[2023-11-17T01:48:21.043+0000][gc,phases    ] GC(0)   Pre Evacuate Collection Set: 0.0ms
[2023-11-17T01:48:21.043+0000][gc,phases    ] GC(0)   Evacuate Collection Set: 16.0ms
[2023-11-17T01:48:21.043+0000][gc,phases    ] GC(0)   Post Evacuate Collection Set: 0.4ms
[2023-11-17T01:48:21.043+0000][gc,phases    ] GC(0)   Other: 0.3ms
[2023-11-17T01:48:21.043+0000][gc,heap      ] GC(0) Eden regions: 25->0(21)
[2023-11-17T01:48:21.043+0000][gc,heap      ] GC(0) Survivor regions: 0->4(4)
[2023-11-17T01:48:21.043+0000][gc,heap      ] GC(0) Old regions: 2->5
[2023-11-17T01:48:21.043+0000][gc,heap      ] GC(0) Humongous regions: 0->0
[2023-11-17T01:48:21.043+0000][gc,metaspace ] GC(0) Metaspace: 7775K(8192K)->7775K(8192K) NonClass: 6930K(7168K)->6930K(7168K) Class: 845K(1024K)->845K(1024K)
[2023-11-17T01:48:21.043+0000][gc           ] GC(0) Pause Young (Normal) (G1 Evacuation Pause) 25M->6M(512M) 16.789ms
[2023-11-17T01:48:21.043+0000][gc,cpu       ] GC(0) User=0.03s Sys=0.01s Real=0.01s
[2023-11-17T01:48:21.427+0000][gc,start     ] GC(1) Pause Young (Normal) (G1 Evacuation Pause)
[2023-11-17T01:48:21.427+0000][gc,task      ] GC(1) Using 2 workers of 2 for evacuation
[2023-11-17T01:48:21.442+0000][gc,phases    ] GC(1)   Pre Evacuate Collection Set: 0.0ms
[2023-11-17T01:48:21.442+0000][gc,phases    ] GC(1)   Evacuate Collection Set: 14.8ms
[2023-11-17T01:48:21.442+0000][gc,phases    ] GC(1)   Post Evacuate Collection Set: 0.7ms
[2023-11-17T01:48:21.442+0000][gc,phases    ] GC(1)   Other: 0.1ms
[2023-11-17T01:48:21.442+0000][gc,heap      ] GC(1) Eden regions: 21->0(24)
[2023-11-17T01:48:21.442+0000][gc,heap      ] GC(1) Survivor regions: 4->1(4)
[2023-11-17T01:48:21.442+0000][gc,heap      ] GC(1) Old regions: 5->9
[2023-11-17T01:48:21.442+0000][gc,heap      ] GC(1) Humongous regions: 0->0
[2023-11-17T01:48:21.442+0000][gc,metaspace ] GC(1) Metaspace: 13025K(13568K)->13025K(13568K) NonClass: 11478K(11776K)->11478K(11776K) Class: 1546K(1792K)->1546K(1792K)
[2023-11-17T01:48:21.442+0000][gc           ] GC(1) Pause Young (Normal) (G1 Evacuation Pause) 27M->7M(512M) 15.765ms
[2023-11-17T01:48:21.442+0000][gc,cpu       ] GC(1) User=0.02s Sys=0.00s Real=0.01s
[2023-11-17T01:48:21.788+0000][gc,start     ] GC(2) Pause Young (Normal) (G1 Evacuation Pause)
[2023-11-17T01:48:21.788+0000][gc,task      ] GC(2) Using 2 workers of 2 for evacuation
[2023-11-17T01:48:21.794+0000][gc,phases    ] GC(2)   Pre Evacuate Collection Set: 0.0ms
[2023-11-17T01:48:21.794+0000][gc,phases    ] GC(2)   Evacuate Collection Set: 6.0ms
[2023-11-17T01:48:21.794+0000][gc,phases    ] GC(2)   Post Evacuate Collection Set: 0.3ms
[2023-11-17T01:48:21.794+0000][gc,phases    ] GC(2)   Other: 0.1ms
[2023-11-17T01:48:21.794+0000][gc,heap      ] GC(2) Eden regions: 24->0(23)
[2023-11-17T01:48:21.794+0000][gc,heap      ] GC(2) Survivor regions: 1->2(4)
[2023-11-17T01:48:21.794+0000][gc,heap      ] GC(2) Old regions: 9->9
[2023-11-17T01:48:21.794+0000][gc,heap      ] GC(2) Humongous regions: 0->0
[2023-11-17T01:48:21.794+0000][gc,metaspace ] GC(2) Metaspace: 17770K(18688K)->17770K(18688K) NonClass: 15726K(16384K)->15726K(16384K) Class: 2044K(2304K)->2044K(2304K)
[2023-11-17T01:48:21.794+0000][gc           ] GC(2) Pause Young (Normal) (G1 Evacuation Pause) 31M->8M(512M) 6.549ms
[2023-11-17T01:48:21.795+0000][gc,cpu       ] GC(2) User=0.01s Sys=0.00s Real=0.01s
[2023-11-17T01:48:21.927+0000][gc,start     ] GC(3) Pause Young (Concurrent Start) (Metadata GC Threshold)
[2023-11-17T01:48:21.927+0000][gc,task      ] GC(3) Using 2 workers of 2 for evacuation
[2023-11-17T01:48:21.937+0000][gc,phases    ] GC(3)   Pre Evacuate Collection Set: 0.1ms
[2023-11-17T01:48:21.937+0000][gc,phases    ] GC(3)   Evacuate Collection Set: 9.9ms
[2023-11-17T01:48:21.937+0000][gc,phases    ] GC(3)   Post Evacuate Collection Set: 0.2ms
[2023-11-17T01:48:21.937+0000][gc,phases    ] GC(3)   Other: 0.2ms
[2023-11-17T01:48:21.937+0000][gc,heap      ] GC(3) Eden regions: 15->0(23)
[2023-11-17T01:48:21.937+0000][gc,heap      ] GC(3) Survivor regions: 2->2(4)
[2023-11-17T01:48:21.937+0000][gc,heap      ] GC(3) Old regions: 9->9
[2023-11-17T01:48:21.937+0000][gc,heap      ] GC(3) Humongous regions: 0->0
[2023-11-17T01:48:21.937+0000][gc,metaspace ] GC(3) Metaspace: 20380K(21248K)->20380K(21248K) NonClass: 18135K(18688K)->18135K(18688K) Class: 2244K(2560K)->2244K(2560K)
[2023-11-17T01:48:21.937+0000][gc           ] GC(3) Pause Young (Concurrent Start) (Metadata GC Threshold) 23M->9M(512M) 10.510ms
[2023-11-17T01:48:21.937+0000][gc,cpu       ] GC(3) User=0.02s Sys=0.00s Real=0.01s
[2023-11-17T01:48:21.937+0000][gc           ] GC(4) Concurrent Cycle
[2023-11-17T01:48:21.938+0000][gc,marking   ] GC(4) Concurrent Clear Claimed Marks
[2023-11-17T01:48:21.938+0000][gc,marking   ] GC(4) Concurrent Clear Claimed Marks 0.036ms
[2023-11-17T01:48:21.938+0000][gc,marking   ] GC(4) Concurrent Scan Root Regions
[2023-11-17T01:48:21.940+0000][gc,marking   ] GC(4) Concurrent Scan Root Regions 2.258ms
[2023-11-17T01:48:21.940+0000][gc,marking   ] GC(4) Concurrent Mark (1.805s)
[2023-11-17T01:48:21.940+0000][gc,marking   ] GC(4) Concurrent Mark From Roots
[2023-11-17T01:48:21.940+0000][gc,task      ] GC(4) Using 1 workers of 1 for marking
[2023-11-17T01:48:21.968+0000][gc,marking   ] GC(4) Concurrent Mark From Roots 27.673ms
[2023-11-17T01:48:21.968+0000][gc,marking   ] GC(4) Concurrent Preclean
[2023-11-17T01:48:21.968+0000][gc,marking   ] GC(4) Concurrent Preclean 0.111ms
[2023-11-17T01:48:21.968+0000][gc,marking   ] GC(4) Concurrent Mark (1.805s, 1.833s) 27.854ms
[2023-11-17T01:48:21.968+0000][gc,start     ] GC(4) Pause Remark
[2023-11-17T01:48:21.971+0000][gc,stringtable] GC(4) Cleaned string and symbol table, strings: 5819 processed, 9 removed, symbols: 47681 processed, 41 removed
[2023-11-17T01:48:21.972+0000][gc            ] GC(4) Pause Remark 11M->11M(512M) 3.662ms
[2023-11-17T01:48:21.972+0000][gc,cpu        ] GC(4) User=0.01s Sys=0.00s Real=0.00s
[2023-11-17T01:48:21.972+0000][gc,marking    ] GC(4) Concurrent Rebuild Remembered Sets
[2023-11-17T01:48:21.978+0000][gc,marking    ] GC(4) Concurrent Rebuild Remembered Sets 6.577ms
[2023-11-17T01:48:21.978+0000][gc,start      ] GC(4) Pause Cleanup
[2023-11-17T01:48:21.979+0000][gc            ] GC(4) Pause Cleanup 11M->11M(512M) 0.155ms
[2023-11-17T01:48:21.979+0000][gc,cpu        ] GC(4) User=0.00s Sys=0.00s Real=0.00s
[2023-11-17T01:48:21.979+0000][gc,marking    ] GC(4) Concurrent Cleanup for Next Mark
[2023-11-17T01:48:22.000+0000][gc,marking    ] GC(4) Concurrent Cleanup for Next Mark 21.321ms
[2023-11-17T01:48:22.000+0000][gc            ] GC(4) Concurrent Cycle 62.531ms
[2023-11-17T01:48:22.659+0000][gc,start      ] GC(5) Pause Young (Concurrent Start) (G1 Evacuation Pause)
[2023-11-17T01:48:22.659+0000][gc,task       ] GC(5) Using 2 workers of 2 for evacuation
[2023-11-17T01:48:22.671+0000][gc,phases     ] GC(5)   Pre Evacuate Collection Set: 0.1ms
[2023-11-17T01:48:22.671+0000][gc,phases     ] GC(5)   Evacuate Collection Set: 11.8ms
[2023-11-17T01:48:22.671+0000][gc,phases     ] GC(5)   Post Evacuate Collection Set: 0.4ms
[2023-11-17T01:48:22.671+0000][gc,phases     ] GC(5)   Other: 0.2ms
[2023-11-17T01:48:22.671+0000][gc,heap       ] GC(5) Eden regions: 23->0(21)
[2023-11-17T01:48:22.671+0000][gc,heap       ] GC(5) Survivor regions: 2->4(4)
[2023-11-17T01:48:22.671+0000][gc,heap       ] GC(5) Old regions: 9->9
[2023-11-17T01:48:22.671+0000][gc,heap       ] GC(5) Humongous regions: 0->0
[2023-11-17T01:48:22.671+0000][gc,metaspace  ] GC(5) Metaspace: 23318K(24448K)->23318K(24448K) NonClass: 20592K(21248K)->20592K(21248K) Class: 2726K(3200K)->2726K(3200K)
[2023-11-17T01:48:22.671+0000][gc            ] GC(5) Pause Young (Concurrent Start) (G1 Evacuation Pause) 32M->10M(512M) 12.616ms
[2023-11-17T01:48:22.671+0000][gc,cpu        ] GC(5) User=0.02s Sys=0.00s Real=0.01s
[2023-11-17T01:48:22.671+0000][gc            ] GC(6) Concurrent Cycle
[2023-11-17T01:48:22.671+0000][gc,marking    ] GC(6) Concurrent Clear Claimed Marks
[2023-11-17T01:48:22.672+0000][gc,marking    ] GC(6) Concurrent Clear Claimed Marks 0.080ms
[2023-11-17T01:48:22.672+0000][gc,marking    ] GC(6) Concurrent Scan Root Regions
[2023-11-17T01:48:22.685+0000][gc,marking    ] GC(6) Concurrent Scan Root Regions 13.028ms
[2023-11-17T01:48:22.685+0000][gc,marking    ] GC(6) Concurrent Mark (2.550s)
[2023-11-17T01:48:22.685+0000][gc,marking    ] GC(6) Concurrent Mark From Roots
[2023-11-17T01:48:22.685+0000][gc,task       ] GC(6) Using 1 workers of 1 for marking
[2023-11-17T01:48:22.714+0000][gc,marking    ] GC(6) Concurrent Mark From Roots 29.144ms
[2023-11-17T01:48:22.714+0000][gc,marking    ] GC(6) Concurrent Preclean
[2023-11-17T01:48:22.714+0000][gc,marking    ] GC(6) Concurrent Preclean 0.104ms
[2023-11-17T01:48:22.714+0000][gc,marking    ] GC(6) Concurrent Mark (2.550s, 2.579s) 29.313ms
[2023-11-17T01:48:22.714+0000][gc,start      ] GC(6) Pause Remark
[2023-11-17T01:48:22.718+0000][gc,stringtable] GC(6) Cleaned string and symbol table, strings: 7021 processed, 1 removed, symbols: 52563 processed, 5 removed
[2023-11-17T01:48:22.719+0000][gc            ] GC(6) Pause Remark 12M->12M(512M) 4.594ms
[2023-11-17T01:48:22.719+0000][gc,cpu        ] GC(6) User=0.01s Sys=0.00s Real=0.00s
[2023-11-17T01:48:22.719+0000][gc,marking    ] GC(6) Concurrent Rebuild Remembered Sets
[2023-11-17T01:48:22.724+0000][gc,marking    ] GC(6) Concurrent Rebuild Remembered Sets 5.062ms
[2023-11-17T01:48:22.724+0000][gc,start      ] GC(6) Pause Cleanup
[2023-11-17T01:48:22.724+0000][gc            ] GC(6) Pause Cleanup 12M->12M(512M) 0.143ms
[2023-11-17T01:48:22.724+0000][gc,cpu        ] GC(6) User=0.00s Sys=0.00s Real=0.00s
[2023-11-17T01:48:22.724+0000][gc,marking    ] GC(6) Concurrent Cleanup for Next Mark
[2023-11-17T01:48:22.732+0000][gc,marking    ] GC(6) Concurrent Cleanup for Next Mark 7.481ms
[2023-11-17T01:48:22.732+0000][gc            ] GC(6) Concurrent Cycle 60.173ms
[2023-11-17T01:48:23.024+0000][gc,start      ] GC(7) Pause Young (Normal) (G1 Evacuation Pause)
[2023-11-17T01:48:23.024+0000][gc,task       ] GC(7) Using 2 workers of 2 for evacuation
[2023-11-17T01:48:23.042+0000][gc,phases     ] GC(7)   Pre Evacuate Collection Set: 0.0ms
[2023-11-17T01:48:23.042+0000][gc,phases     ] GC(7)   Evacuate Collection Set: 17.3ms
[2023-11-17T01:48:23.042+0000][gc,phases     ] GC(7)   Post Evacuate Collection Set: 0.3ms
[2023-11-17T01:48:23.042+0000][gc,phases     ] GC(7)   Other: 0.3ms
[2023-11-17T01:48:23.042+0000][gc,heap       ] GC(7) Eden regions: 21->0(22)
[2023-11-17T01:48:23.042+0000][gc,heap       ] GC(7) Survivor regions: 4->3(4)
[2023-11-17T01:48:23.042+0000][gc,heap       ] GC(7) Old regions: 9->10
[2023-11-17T01:48:23.042+0000][gc,heap       ] GC(7) Humongous regions: 0->0
[2023-11-17T01:48:23.042+0000][gc,metaspace  ] GC(7) Metaspace: 23331K(24448K)->23331K(24448K) NonClass: 20605K(21248K)->20605K(21248K) Class: 2726K(3200K)->2726K(3200K)
[2023-11-17T01:48:23.042+0000][gc            ] GC(7) Pause Young (Normal) (G1 Evacuation Pause) 31M->10M(512M) 18.019ms
[2023-11-17T01:48:23.042+0000][gc,cpu        ] GC(7) User=0.03s Sys=0.01s Real=0.02s
[2023-11-17T01:48:23.391+0000][gc,start      ] GC(8) Pause Young (Normal) (G1 Evacuation Pause)
[2023-11-17T01:48:23.391+0000][gc,task       ] GC(8) Using 2 workers of 2 for evacuation
[2023-11-17T01:48:23.397+0000][gc,phases     ] GC(8)   Pre Evacuate Collection Set: 0.0ms
[2023-11-17T01:48:23.397+0000][gc,phases     ] GC(8)   Evacuate Collection Set: 5.8ms
[2023-11-17T01:48:23.397+0000][gc,phases     ] GC(8)   Post Evacuate Collection Set: 0.3ms
[2023-11-17T01:48:23.397+0000][gc,phases     ] GC(8)   Other: 0.1ms
[2023-11-17T01:48:23.397+0000][gc,heap       ] GC(8) Eden regions: 22->0(22)
[2023-11-17T01:48:23.397+0000][gc,heap       ] GC(8) Survivor regions: 3->3(4)
[2023-11-17T01:48:23.397+0000][gc,heap       ] GC(8) Old regions: 10->10
[2023-11-17T01:48:23.397+0000][gc,heap       ] GC(8) Humongous regions: 0->0
[2023-11-17T01:48:23.397+0000][gc,metaspace  ] GC(8) Metaspace: 25622K(26752K)->25622K(26752K) NonClass: 22675K(23296K)->22675K(23296K) Class: 2947K(3456K)->2947K(3456K)
[2023-11-17T01:48:23.397+0000][gc            ] GC(8) Pause Young (Normal) (G1 Evacuation Pause) 32M->11M(512M) 6.368ms
[2023-11-17T01:48:23.397+0000][gc,cpu        ] GC(8) User=0.01s Sys=0.00s Real=0.01s
[2023-11-17T01:48:23.832+0000][gc,start      ] GC(9) Pause Young (Normal) (G1 Evacuation Pause)
[2023-11-17T01:48:23.832+0000][gc,task       ] GC(9) Using 2 workers of 2 for evacuation
[2023-11-17T01:48:23.850+0000][gc,phases     ] GC(9)   Pre Evacuate Collection Set: 0.0ms
[2023-11-17T01:48:23.850+0000][gc,phases     ] GC(9)   Evacuate Collection Set: 17.0ms
[2023-11-17T01:48:23.850+0000][gc,phases     ] GC(9)   Post Evacuate Collection Set: 0.5ms
[2023-11-17T01:48:23.850+0000][gc,phases     ] GC(9)   Other: 0.2ms
[2023-11-17T01:48:23.850+0000][gc,heap       ] GC(9) Eden regions: 22->0(22)
[2023-11-17T01:48:23.850+0000][gc,heap       ] GC(9) Survivor regions: 3->3(4)
[2023-11-17T01:48:23.850+0000][gc,heap       ] GC(9) Old regions: 10->11
[2023-11-17T01:48:23.850+0000][gc,heap       ] GC(9) Humongous regions: 9->9
[2023-11-17T01:48:23.850+0000][gc,metaspace  ] GC(9) Metaspace: 29995K(31360K)->29995K(31360K) NonClass: 26535K(27392K)->26535K(27392K) Class: 3459K(3968K)->3459K(3968K)
[2023-11-17T01:48:23.850+0000][gc            ] GC(9) Pause Young (Normal) (G1 Evacuation Pause) 42M->20M(512M) 17.773ms
[2023-11-17T01:48:23.850+0000][gc,cpu        ] GC(9) User=0.03s Sys=0.00s Real=0.02s
[2023-11-17T01:48:24.051+0000][gc,heap,exit  ] Heap
[2023-11-17T01:48:24.051+0000][gc,heap,exit  ]  garbage-first heap   total 524288K, used 30409K [0x00000000e0000000, 0x0000000100000000)
[2023-11-17T01:48:24.051+0000][gc,heap,exit  ]   region size 1024K, 13 young (13312K), 3 survivors (3072K)
[2023-11-17T01:48:24.051+0000][gc,heap,exit  ]  Metaspace       used 31486K, capacity 32574K, committed 32896K, reserved 1077248K
[2023-11-17T01:48:24.051+0000][gc,heap,exit  ]   class space    used 3610K, capacity 4100K, committed 4224K, reserved 1048576K
