[2023-11-17T07:07:29.977+0000][gc,heap] Heap region size: 1M
[2023-11-17T07:07:29.989+0000][gc     ] Using G1
[2023-11-17T07:07:29.989+0000][gc,heap,coops] Heap address: 0x00000000e0000000, size: 512 MB, Compressed Oops mode: 32-bit
[2023-11-17T07:07:29.989+0000][gc,cds       ] Mark closed archive regions in map: [0x00000000fff00000, 0x00000000fff6bff8]
[2023-11-17T07:07:29.989+0000][gc,cds       ] Mark open archive regions in map: [0x00000000ffe00000, 0x00000000ffe47ff8]
[2023-11-17T07:07:30.855+0000][gc,start     ] GC(0) Pause Young (Normal) (G1 Evacuation Pause)
[2023-11-17T07:07:30.855+0000][gc,task      ] GC(0) Using 2 workers of 2 for evacuation
[2023-11-17T07:07:30.878+0000][gc,mmu       ] GC(0) MMU target violated: 21.0ms (20.0ms/21.0ms)
[2023-11-17T07:07:30.878+0000][gc,phases    ] GC(0)   Pre Evacuate Collection Set: 0.0ms
[2023-11-17T07:07:30.878+0000][gc,phases    ] GC(0)   Evacuate Collection Set: 20.9ms
[2023-11-17T07:07:30.878+0000][gc,phases    ] GC(0)   Post Evacuate Collection Set: 0.4ms
[2023-11-17T07:07:30.878+0000][gc,phases    ] GC(0)   Other: 1.6ms
[2023-11-17T07:07:30.878+0000][gc,heap      ] GC(0) Eden regions: 25->0(21)
[2023-11-17T07:07:30.878+0000][gc,heap      ] GC(0) Survivor regions: 0->4(4)
[2023-11-17T07:07:30.878+0000][gc,heap      ] GC(0) Old regions: 2->5
[2023-11-17T07:07:30.878+0000][gc,heap      ] GC(0) Humongous regions: 0->0
[2023-11-17T07:07:30.878+0000][gc,metaspace ] GC(0) Metaspace: 7419K(7936K)->7419K(7936K) NonClass: 6623K(6912K)->6623K(6912K) Class: 796K(1024K)->796K(1024K)
[2023-11-17T07:07:30.878+0000][gc           ] GC(0) Pause Young (Normal) (G1 Evacuation Pause) 25M->6M(512M) 22.953ms
[2023-11-17T07:07:30.878+0000][gc,cpu       ] GC(0) User=0.03s Sys=0.01s Real=0.02s
[2023-11-17T07:07:31.309+0000][gc,start     ] GC(1) Pause Young (Normal) (G1 Evacuation Pause)
[2023-11-17T07:07:31.309+0000][gc,task      ] GC(1) Using 2 workers of 2 for evacuation
[2023-11-17T07:07:31.322+0000][gc,phases    ] GC(1)   Pre Evacuate Collection Set: 0.0ms
[2023-11-17T07:07:31.322+0000][gc,phases    ] GC(1)   Evacuate Collection Set: 12.4ms
[2023-11-17T07:07:31.322+0000][gc,phases    ] GC(1)   Post Evacuate Collection Set: 0.3ms
[2023-11-17T07:07:31.322+0000][gc,phases    ] GC(1)   Other: 0.1ms
[2023-11-17T07:07:31.322+0000][gc,heap      ] GC(1) Eden regions: 21->0(24)
[2023-11-17T07:07:31.322+0000][gc,heap      ] GC(1) Survivor regions: 4->1(4)
[2023-11-17T07:07:31.322+0000][gc,heap      ] GC(1) Old regions: 5->9
[2023-11-17T07:07:31.322+0000][gc,heap      ] GC(1) Humongous regions: 0->0
[2023-11-17T07:07:31.322+0000][gc,metaspace ] GC(1) Metaspace: 12683K(13184K)->12683K(13184K) NonClass: 11185K(11520K)->11185K(11520K) Class: 1497K(1664K)->1497K(1664K)
[2023-11-17T07:07:31.322+0000][gc           ] GC(1) Pause Young (Normal) (G1 Evacuation Pause) 27M->7M(512M) 12.934ms
[2023-11-17T07:07:31.322+0000][gc,cpu       ] GC(1) User=0.03s Sys=0.00s Real=0.01s
[2023-11-17T07:07:31.670+0000][gc,start     ] GC(2) Pause Young (Normal) (G1 Evacuation Pause)
[2023-11-17T07:07:31.670+0000][gc,task      ] GC(2) Using 2 workers of 2 for evacuation
[2023-11-17T07:07:31.675+0000][gc,phases    ] GC(2)   Pre Evacuate Collection Set: 0.0ms
[2023-11-17T07:07:31.675+0000][gc,phases    ] GC(2)   Evacuate Collection Set: 5.1ms
[2023-11-17T07:07:31.675+0000][gc,phases    ] GC(2)   Post Evacuate Collection Set: 0.4ms
[2023-11-17T07:07:31.675+0000][gc,phases    ] GC(2)   Other: 0.1ms
[2023-11-17T07:07:31.675+0000][gc,heap      ] GC(2) Eden regions: 24->0(23)
[2023-11-17T07:07:31.675+0000][gc,heap      ] GC(2) Survivor regions: 1->2(4)
[2023-11-17T07:07:31.675+0000][gc,heap      ] GC(2) Old regions: 9->9
[2023-11-17T07:07:31.675+0000][gc,heap      ] GC(2) Humongous regions: 0->0
[2023-11-17T07:07:31.675+0000][gc,metaspace ] GC(2) Metaspace: 17417K(18176K)->17417K(18176K) NonClass: 15393K(15872K)->15393K(15872K) Class: 2023K(2304K)->2023K(2304K)
[2023-11-17T07:07:31.675+0000][gc           ] GC(2) Pause Young (Normal) (G1 Evacuation Pause) 31M->8M(512M) 5.676ms
[2023-11-17T07:07:31.675+0000][gc,cpu       ] GC(2) User=0.01s Sys=0.01s Real=0.01s
[2023-11-17T07:07:31.868+0000][gc,start     ] GC(3) Pause Young (Concurrent Start) (Metadata GC Threshold)
[2023-11-17T07:07:31.868+0000][gc,task      ] GC(3) Using 2 workers of 2 for evacuation
[2023-11-17T07:07:31.874+0000][gc,phases    ] GC(3)   Pre Evacuate Collection Set: 0.1ms
[2023-11-17T07:07:31.874+0000][gc,phases    ] GC(3)   Evacuate Collection Set: 5.0ms
[2023-11-17T07:07:31.874+0000][gc,phases    ] GC(3)   Post Evacuate Collection Set: 0.4ms
[2023-11-17T07:07:31.874+0000][gc,phases    ] GC(3)   Other: 0.2ms
[2023-11-17T07:07:31.874+0000][gc,heap      ] GC(3) Eden regions: 18->0(22)
[2023-11-17T07:07:31.874+0000][gc,heap      ] GC(3) Survivor regions: 2->3(4)
[2023-11-17T07:07:31.874+0000][gc,heap      ] GC(3) Old regions: 9->9
[2023-11-17T07:07:31.874+0000][gc,heap      ] GC(3) Humongous regions: 0->0
[2023-11-17T07:07:31.874+0000][gc,metaspace ] GC(3) Metaspace: 20689K(21248K)->20689K(21248K) NonClass: 18398K(18688K)->18398K(18688K) Class: 2290K(2560K)->2290K(2560K)
[2023-11-17T07:07:31.874+0000][gc           ] GC(3) Pause Young (Concurrent Start) (Metadata GC Threshold) 26M->9M(512M) 5.745ms
[2023-11-17T07:07:31.874+0000][gc,cpu       ] GC(3) User=0.00s Sys=0.00s Real=0.01s
[2023-11-17T07:07:31.874+0000][gc           ] GC(4) Concurrent Cycle
[2023-11-17T07:07:31.874+0000][gc,marking   ] GC(4) Concurrent Clear Claimed Marks
[2023-11-17T07:07:31.874+0000][gc,marking   ] GC(4) Concurrent Clear Claimed Marks 0.034ms
[2023-11-17T07:07:31.874+0000][gc,marking   ] GC(4) Concurrent Scan Root Regions
[2023-11-17T07:07:31.876+0000][gc,marking   ] GC(4) Concurrent Scan Root Regions 2.254ms
[2023-11-17T07:07:31.876+0000][gc,marking   ] GC(4) Concurrent Mark (1.908s)
[2023-11-17T07:07:31.876+0000][gc,marking   ] GC(4) Concurrent Mark From Roots
[2023-11-17T07:07:31.876+0000][gc,task      ] GC(4) Using 1 workers of 1 for marking
[2023-11-17T07:07:31.901+0000][gc,marking   ] GC(4) Concurrent Mark From Roots 24.483ms
[2023-11-17T07:07:31.901+0000][gc,marking   ] GC(4) Concurrent Preclean
[2023-11-17T07:07:31.901+0000][gc,marking   ] GC(4) Concurrent Preclean 0.122ms
[2023-11-17T07:07:31.901+0000][gc,marking   ] GC(4) Concurrent Mark (1.908s, 1.933s) 24.660ms
[2023-11-17T07:07:31.901+0000][gc,start     ] GC(4) Pause Remark
[2023-11-17T07:07:31.905+0000][gc,stringtable] GC(4) Cleaned string and symbol table, strings: 5896 processed, 9 removed, symbols: 48111 processed, 40 removed
[2023-11-17T07:07:31.905+0000][gc            ] GC(4) Pause Remark 10M->10M(512M) 4.045ms
[2023-11-17T07:07:31.905+0000][gc,cpu        ] GC(4) User=0.01s Sys=0.00s Real=0.00s
[2023-11-17T07:07:31.905+0000][gc,marking    ] GC(4) Concurrent Rebuild Remembered Sets
[2023-11-17T07:07:31.912+0000][gc,marking    ] GC(4) Concurrent Rebuild Remembered Sets 6.783ms
[2023-11-17T07:07:31.912+0000][gc,start      ] GC(4) Pause Cleanup
[2023-11-17T07:07:31.912+0000][gc            ] GC(4) Pause Cleanup 11M->11M(512M) 0.136ms
[2023-11-17T07:07:31.912+0000][gc,cpu        ] GC(4) User=0.00s Sys=0.00s Real=0.00s
[2023-11-17T07:07:31.912+0000][gc,marking    ] GC(4) Concurrent Cleanup for Next Mark
[2023-11-17T07:07:31.919+0000][gc,marking    ] GC(4) Concurrent Cleanup for Next Mark 6.754ms
[2023-11-17T07:07:31.919+0000][gc            ] GC(4) Concurrent Cycle 45.209ms
[2023-11-17T07:07:32.541+0000][gc,start      ] GC(5) Pause Young (Normal) (G1 Evacuation Pause)
[2023-11-17T07:07:32.541+0000][gc,task       ] GC(5) Using 2 workers of 2 for evacuation
[2023-11-17T07:07:32.556+0000][gc,phases     ] GC(5)   Pre Evacuate Collection Set: 0.0ms
[2023-11-17T07:07:32.556+0000][gc,phases     ] GC(5)   Evacuate Collection Set: 14.2ms
[2023-11-17T07:07:32.556+0000][gc,phases     ] GC(5)   Post Evacuate Collection Set: 0.6ms
[2023-11-17T07:07:32.556+0000][gc,phases     ] GC(5)   Other: 0.2ms
[2023-11-17T07:07:32.556+0000][gc,heap       ] GC(5) Eden regions: 22->0(21)
[2023-11-17T07:07:32.556+0000][gc,heap       ] GC(5) Survivor regions: 3->4(4)
[2023-11-17T07:07:32.556+0000][gc,heap       ] GC(5) Old regions: 9->9
[2023-11-17T07:07:32.556+0000][gc,heap       ] GC(5) Humongous regions: 0->0
[2023-11-17T07:07:32.556+0000][gc,metaspace  ] GC(5) Metaspace: 23301K(24448K)->23301K(24448K) NonClass: 20575K(21248K)->20575K(21248K) Class: 2726K(3200K)->2726K(3200K)
[2023-11-17T07:07:32.556+0000][gc            ] GC(5) Pause Young (Normal) (G1 Evacuation Pause) 31M->10M(512M) 15.138ms
[2023-11-17T07:07:32.556+0000][gc,cpu        ] GC(5) User=0.03s Sys=0.00s Real=0.02s
[2023-11-17T07:07:32.860+0000][gc,start      ] GC(6) Pause Young (Normal) (G1 Evacuation Pause)
[2023-11-17T07:07:32.860+0000][gc,task       ] GC(6) Using 2 workers of 2 for evacuation
[2023-11-17T07:07:32.871+0000][gc,phases     ] GC(6)   Pre Evacuate Collection Set: 0.0ms
[2023-11-17T07:07:32.871+0000][gc,phases     ] GC(6)   Evacuate Collection Set: 11.2ms
[2023-11-17T07:07:32.871+0000][gc,phases     ] GC(6)   Post Evacuate Collection Set: 0.3ms
[2023-11-17T07:07:32.871+0000][gc,phases     ] GC(6)   Other: 0.1ms
[2023-11-17T07:07:32.871+0000][gc,heap       ] GC(6) Eden regions: 21->0(23)
[2023-11-17T07:07:32.871+0000][gc,heap       ] GC(6) Survivor regions: 4->2(4)
[2023-11-17T07:07:32.871+0000][gc,heap       ] GC(6) Old regions: 9->11
[2023-11-17T07:07:32.871+0000][gc,heap       ] GC(6) Humongous regions: 0->0
[2023-11-17T07:07:32.871+0000][gc,metaspace  ] GC(6) Metaspace: 23311K(24448K)->23311K(24448K) NonClass: 20585K(21248K)->20585K(21248K) Class: 2726K(3200K)->2726K(3200K)
[2023-11-17T07:07:32.871+0000][gc            ] GC(6) Pause Young (Normal) (G1 Evacuation Pause) 31M->10M(512M) 11.814ms
[2023-11-17T07:07:32.871+0000][gc,cpu        ] GC(6) User=0.03s Sys=0.00s Real=0.01s
[2023-11-17T07:07:33.137+0000][gc,start      ] GC(7) Pause Young (Normal) (G1 Evacuation Pause)
[2023-11-17T07:07:33.137+0000][gc,task       ] GC(7) Using 2 workers of 2 for evacuation
[2023-11-17T07:07:33.141+0000][gc,phases     ] GC(7)   Pre Evacuate Collection Set: 0.0ms
[2023-11-17T07:07:33.141+0000][gc,phases     ] GC(7)   Evacuate Collection Set: 4.0ms
[2023-11-17T07:07:33.141+0000][gc,phases     ] GC(7)   Post Evacuate Collection Set: 0.3ms
[2023-11-17T07:07:33.141+0000][gc,phases     ] GC(7)   Other: 0.1ms
[2023-11-17T07:07:33.141+0000][gc,heap       ] GC(7) Eden regions: 23->0(23)
[2023-11-17T07:07:33.141+0000][gc,heap       ] GC(7) Survivor regions: 2->2(4)
[2023-11-17T07:07:33.141+0000][gc,heap       ] GC(7) Old regions: 11->11
[2023-11-17T07:07:33.141+0000][gc,heap       ] GC(7) Humongous regions: 0->0
[2023-11-17T07:07:33.141+0000][gc,metaspace  ] GC(7) Metaspace: 23857K(24960K)->23857K(24960K) NonClass: 21070K(21760K)->21070K(21760K) Class: 2786K(3200K)->2786K(3200K)
[2023-11-17T07:07:33.141+0000][gc            ] GC(7) Pause Young (Normal) (G1 Evacuation Pause) 33M->10M(512M) 4.523ms
[2023-11-17T07:07:33.141+0000][gc,cpu        ] GC(7) User=0.01s Sys=0.00s Real=0.00s
[2023-11-17T07:07:33.536+0000][gc,start      ] GC(8) Pause Young (Normal) (G1 Evacuation Pause)
[2023-11-17T07:07:33.536+0000][gc,task       ] GC(8) Using 2 workers of 2 for evacuation
[2023-11-17T07:07:33.554+0000][gc,phases     ] GC(8)   Pre Evacuate Collection Set: 0.0ms
[2023-11-17T07:07:33.554+0000][gc,phases     ] GC(8)   Evacuate Collection Set: 17.9ms
[2023-11-17T07:07:33.554+0000][gc,phases     ] GC(8)   Post Evacuate Collection Set: 0.3ms
[2023-11-17T07:07:33.554+0000][gc,phases     ] GC(8)   Other: 0.2ms
[2023-11-17T07:07:33.554+0000][gc,heap       ] GC(8) Eden regions: 23->0(22)
[2023-11-17T07:07:33.554+0000][gc,heap       ] GC(8) Survivor regions: 2->3(4)
[2023-11-17T07:07:33.554+0000][gc,heap       ] GC(8) Old regions: 11->11
[2023-11-17T07:07:33.554+0000][gc,heap       ] GC(8) Humongous regions: 9->9
[2023-11-17T07:07:33.554+0000][gc,metaspace  ] GC(8) Metaspace: 29025K(30208K)->29025K(30208K) NonClass: 25677K(26368K)->25677K(26368K) Class: 3347K(3840K)->3347K(3840K)
[2023-11-17T07:07:33.554+0000][gc            ] GC(8) Pause Young (Normal) (G1 Evacuation Pause) 42M->20M(512M) 18.472ms
[2023-11-17T07:07:33.554+0000][gc,cpu        ] GC(8) User=0.04s Sys=0.00s Real=0.02s
[2023-11-17T07:07:34.026+0000][gc,start      ] GC(9) Pause Young (Normal) (G1 Evacuation Pause)
[2023-11-17T07:07:34.026+0000][gc,task       ] GC(9) Using 2 workers of 2 for evacuation
[2023-11-17T07:07:34.042+0000][gc,phases     ] GC(9)   Pre Evacuate Collection Set: 0.0ms
[2023-11-17T07:07:34.042+0000][gc,phases     ] GC(9)   Evacuate Collection Set: 16.0ms
[2023-11-17T07:07:34.042+0000][gc,phases     ] GC(9)   Post Evacuate Collection Set: 0.3ms
[2023-11-17T07:07:34.042+0000][gc,phases     ] GC(9)   Other: 0.2ms
[2023-11-17T07:07:34.042+0000][gc,heap       ] GC(9) Eden regions: 22->0(23)
[2023-11-17T07:07:34.042+0000][gc,heap       ] GC(9) Survivor regions: 3->2(4)
[2023-11-17T07:07:34.042+0000][gc,heap       ] GC(9) Old regions: 11->12
[2023-11-17T07:07:34.042+0000][gc,heap       ] GC(9) Humongous regions: 9->9
[2023-11-17T07:07:34.042+0000][gc,metaspace  ] GC(9) Metaspace: 31227K(32512K)->31227K(32512K) NonClass: 27679K(28416K)->27679K(28416K) Class: 3547K(4096K)->3547K(4096K)
[2023-11-17T07:07:34.042+0000][gc            ] GC(9) Pause Young (Normal) (G1 Evacuation Pause) 42M->21M(512M) 16.659ms
[2023-11-17T07:07:34.042+0000][gc,cpu        ] GC(9) User=0.04s Sys=0.00s Real=0.01s
[2023-11-17T07:07:34.473+0000][gc,start      ] GC(10) Pause Young (Concurrent Start) (Metadata GC Threshold)
[2023-11-17T07:07:34.473+0000][gc,task       ] GC(10) Using 2 workers of 2 for evacuation
[2023-11-17T07:07:34.484+0000][gc,phases     ] GC(10)   Pre Evacuate Collection Set: 0.1ms
[2023-11-17T07:07:34.484+0000][gc,phases     ] GC(10)   Evacuate Collection Set: 10.1ms
[2023-11-17T07:07:34.484+0000][gc,phases     ] GC(10)   Post Evacuate Collection Set: 0.4ms
[2023-11-17T07:07:34.484+0000][gc,phases     ] GC(10)   Other: 0.2ms
[2023-11-17T07:07:34.484+0000][gc,heap       ] GC(10) Eden regions: 23->0(21)
[2023-11-17T07:07:34.484+0000][gc,heap       ] GC(10) Survivor regions: 2->4(4)
[2023-11-17T07:07:34.484+0000][gc,heap       ] GC(10) Old regions: 12->12
[2023-11-17T07:07:34.484+0000][gc,heap       ] GC(10) Humongous regions: 9->9
[2023-11-17T07:07:34.484+0000][gc,metaspace  ] GC(10) Metaspace: 34577K(35840K)->34577K(35840K) NonClass: 30747K(31488K)->30747K(31488K) Class: 3830K(4352K)->3830K(4352K)
[2023-11-17T07:07:34.484+0000][gc            ] GC(10) Pause Young (Concurrent Start) (Metadata GC Threshold) 43M->23M(512M) 10.902ms
[2023-11-17T07:07:34.484+0000][gc,cpu        ] GC(10) User=0.02s Sys=0.00s Real=0.01s
[2023-11-17T07:07:34.484+0000][gc            ] GC(11) Concurrent Cycle
[2023-11-17T07:07:34.484+0000][gc,marking    ] GC(11) Concurrent Clear Claimed Marks
[2023-11-17T07:07:34.484+0000][gc,marking    ] GC(11) Concurrent Clear Claimed Marks 0.135ms
[2023-11-17T07:07:34.484+0000][gc,marking    ] GC(11) Concurrent Scan Root Regions
[2023-11-17T07:07:34.488+0000][gc,marking    ] GC(11) Concurrent Scan Root Regions 4.034ms
[2023-11-17T07:07:34.488+0000][gc,marking    ] GC(11) Concurrent Mark (4.521s)
[2023-11-17T07:07:34.488+0000][gc,marking    ] GC(11) Concurrent Mark From Roots
[2023-11-17T07:07:34.488+0000][gc,task       ] GC(11) Using 1 workers of 1 for marking
[2023-11-17T07:07:34.602+0000][gc,marking    ] GC(11) Concurrent Mark From Roots 113.194ms
[2023-11-17T07:07:34.602+0000][gc,marking    ] GC(11) Concurrent Preclean
[2023-11-17T07:07:34.602+0000][gc,marking    ] GC(11) Concurrent Preclean 0.107ms
[2023-11-17T07:07:34.602+0000][gc,marking    ] GC(11) Concurrent Mark (4.521s, 4.634s) 113.353ms
[2023-11-17T07:07:34.602+0000][gc,start      ] GC(11) Pause Remark
[2023-11-17T07:07:34.615+0000][gc,stringtable] GC(11) Cleaned string and symbol table, strings: 9563 processed, 10 removed, symbols: 87054 processed, 25 removed
[2023-11-17T07:07:34.615+0000][gc            ] GC(11) Pause Remark 30M->30M(512M) 12.931ms
[2023-11-17T07:07:34.615+0000][gc,cpu        ] GC(11) User=0.02s Sys=0.00s Real=0.02s
[2023-11-17T07:07:34.615+0000][gc,marking    ] GC(11) Concurrent Rebuild Remembered Sets
[2023-11-17T07:07:34.648+0000][gc,marking    ] GC(11) Concurrent Rebuild Remembered Sets 33.028ms
[2023-11-17T07:07:34.648+0000][gc,start      ] GC(11) Pause Cleanup
[2023-11-17T07:07:34.648+0000][gc            ] GC(11) Pause Cleanup 31M->31M(512M) 0.178ms
[2023-11-17T07:07:34.648+0000][gc,cpu        ] GC(11) User=0.00s Sys=0.00s Real=0.00s
[2023-11-17T07:07:34.648+0000][gc,marking    ] GC(11) Concurrent Cleanup for Next Mark
[2023-11-17T07:07:34.656+0000][gc,marking    ] GC(11) Concurrent Cleanup for Next Mark 7.429ms
[2023-11-17T07:07:34.656+0000][gc            ] GC(11) Concurrent Cycle 171.789ms
[2023-11-17T07:07:35.271+0000][gc,start      ] GC(12) Pause Young (Concurrent Start) (G1 Evacuation Pause)
[2023-11-17T07:07:35.271+0000][gc,task       ] GC(12) Using 2 workers of 2 for evacuation
[2023-11-17T07:07:35.288+0000][gc,phases     ] GC(12)   Pre Evacuate Collection Set: 0.1ms
[2023-11-17T07:07:35.289+0000][gc,phases     ] GC(12)   Evacuate Collection Set: 16.4ms
[2023-11-17T07:07:35.289+0000][gc,phases     ] GC(12)   Post Evacuate Collection Set: 0.3ms
[2023-11-17T07:07:35.289+0000][gc,phases     ] GC(12)   Other: 0.2ms
[2023-11-17T07:07:35.289+0000][gc,heap       ] GC(12) Eden regions: 21->0(23)
[2023-11-17T07:07:35.289+0000][gc,heap       ] GC(12) Survivor regions: 4->2(4)
[2023-11-17T07:07:35.289+0000][gc,heap       ] GC(12) Old regions: 12->16
[2023-11-17T07:07:35.289+0000][gc,heap       ] GC(12) Humongous regions: 9->9
[2023-11-17T07:07:35.289+0000][gc,metaspace  ] GC(12) Metaspace: 36259K(37784K)->36259K(37784K) NonClass: 32210K(33024K)->32210K(33024K) Class: 4048K(4760K)->4048K(4760K)
[2023-11-17T07:07:35.289+0000][gc            ] GC(12) Pause Young (Concurrent Start) (G1 Evacuation Pause) 44M->24M(512M) 17.128ms
[2023-11-17T07:07:35.289+0000][gc,cpu        ] GC(12) User=0.02s Sys=0.02s Real=0.02s
[2023-11-17T07:07:35.289+0000][gc            ] GC(13) Concurrent Cycle
[2023-11-17T07:07:35.289+0000][gc,marking    ] GC(13) Concurrent Clear Claimed Marks
[2023-11-17T07:07:35.289+0000][gc,marking    ] GC(13) Concurrent Clear Claimed Marks 0.126ms
[2023-11-17T07:07:35.289+0000][gc,marking    ] GC(13) Concurrent Scan Root Regions
[2023-11-17T07:07:35.291+0000][gc,marking    ] GC(13) Concurrent Scan Root Regions 1.799ms
[2023-11-17T07:07:35.291+0000][gc,marking    ] GC(13) Concurrent Mark (5.323s)
[2023-11-17T07:07:35.291+0000][gc,marking    ] GC(13) Concurrent Mark From Roots
[2023-11-17T07:07:35.291+0000][gc,task       ] GC(13) Using 1 workers of 1 for marking
[2023-11-17T07:07:35.339+0000][gc,marking    ] GC(13) Concurrent Mark From Roots 48.886ms
[2023-11-17T07:07:35.340+0000][gc,marking    ] GC(13) Concurrent Preclean
[2023-11-17T07:07:35.340+0000][gc,marking    ] GC(13) Concurrent Preclean 0.076ms
[2023-11-17T07:07:35.340+0000][gc,marking    ] GC(13) Concurrent Mark (5.323s, 5.372s) 49.015ms
[2023-11-17T07:07:35.340+0000][gc,start      ] GC(13) Pause Remark
[2023-11-17T07:07:35.346+0000][gc,stringtable] GC(13) Cleaned string and symbol table, strings: 9901 processed, 2 removed, symbols: 87437 processed, 0 removed
[2023-11-17T07:07:35.346+0000][gc            ] GC(13) Pause Remark 25M->25M(512M) 6.687ms
[2023-11-17T07:07:35.346+0000][gc,cpu        ] GC(13) User=0.01s Sys=0.00s Real=0.01s
[2023-11-17T07:07:35.347+0000][gc,marking    ] GC(13) Concurrent Rebuild Remembered Sets
[2023-11-17T07:07:35.388+0000][gc,marking    ] GC(13) Concurrent Rebuild Remembered Sets 41.339ms
[2023-11-17T07:07:35.388+0000][gc,start      ] GC(13) Pause Cleanup
[2023-11-17T07:07:35.388+0000][gc            ] GC(13) Pause Cleanup 26M->26M(512M) 0.145ms
[2023-11-17T07:07:35.388+0000][gc,cpu        ] GC(13) User=0.00s Sys=0.00s Real=0.00s
[2023-11-17T07:07:35.388+0000][gc,marking    ] GC(13) Concurrent Cleanup for Next Mark
[2023-11-17T07:07:35.390+0000][gc,marking    ] GC(13) Concurrent Cleanup for Next Mark 1.617ms
[2023-11-17T07:07:35.390+0000][gc            ] GC(13) Concurrent Cycle 101.562ms
[2023-11-17T07:07:36.219+0000][gc,start      ] GC(14) Pause Young (Normal) (G1 Evacuation Pause)
[2023-11-17T07:07:36.220+0000][gc,task       ] GC(14) Using 2 workers of 2 for evacuation
[2023-11-17T07:07:36.227+0000][gc,phases     ] GC(14)   Pre Evacuate Collection Set: 0.0ms
[2023-11-17T07:07:36.227+0000][gc,phases     ] GC(14)   Evacuate Collection Set: 6.9ms
[2023-11-17T07:07:36.227+0000][gc,phases     ] GC(14)   Post Evacuate Collection Set: 0.4ms
[2023-11-17T07:07:36.227+0000][gc,phases     ] GC(14)   Other: 0.2ms
[2023-11-17T07:07:36.227+0000][gc,heap       ] GC(14) Eden regions: 23->0(22)
[2023-11-17T07:07:36.227+0000][gc,heap       ] GC(14) Survivor regions: 2->3(4)
[2023-11-17T07:07:36.227+0000][gc,heap       ] GC(14) Old regions: 16->16
[2023-11-17T07:07:36.227+0000][gc,heap       ] GC(14) Humongous regions: 138->138
[2023-11-17T07:07:36.227+0000][gc,metaspace  ] GC(14) Metaspace: 38188K(39960K)->38188K(39960K) NonClass: 33813K(34816K)->33813K(34816K) Class: 4374K(5144K)->4374K(5144K)
[2023-11-17T07:07:36.227+0000][gc            ] GC(14) Pause Young (Normal) (G1 Evacuation Pause) 176M->155M(512M) 7.626ms
[2023-11-17T07:07:36.227+0000][gc,cpu        ] GC(14) User=0.01s Sys=0.00s Real=0.01s
[2023-11-17T07:07:36.884+0000][gc,start      ] GC(15) Pause Young (Concurrent Start) (G1 Humongous Allocation)
[2023-11-17T07:07:36.884+0000][gc,task       ] GC(15) Using 2 workers of 2 for evacuation
[2023-11-17T07:07:36.892+0000][gc,phases     ] GC(15)   Pre Evacuate Collection Set: 0.2ms
[2023-11-17T07:07:36.892+0000][gc,phases     ] GC(15)   Evacuate Collection Set: 7.1ms
[2023-11-17T07:07:36.892+0000][gc,phases     ] GC(15)   Post Evacuate Collection Set: 0.3ms
[2023-11-17T07:07:36.892+0000][gc,phases     ] GC(15)   Other: 0.2ms
[2023-11-17T07:07:36.892+0000][gc,heap       ] GC(15) Eden regions: 9->0(22)
[2023-11-17T07:07:36.892+0000][gc,heap       ] GC(15) Survivor regions: 3->3(4)
[2023-11-17T07:07:36.892+0000][gc,heap       ] GC(15) Old regions: 16->17
[2023-11-17T07:07:36.892+0000][gc,heap       ] GC(15) Humongous regions: 162->138
[2023-11-17T07:07:36.892+0000][gc,metaspace  ] GC(15) Metaspace: 39029K(40984K)->39029K(40984K) NonClass: 34473K(35584K)->34473K(35584K) Class: 4555K(5400K)->4555K(5400K)
[2023-11-17T07:07:36.892+0000][gc            ] GC(15) Pause Young (Concurrent Start) (G1 Humongous Allocation) 188M->155M(512M) 7.862ms
[2023-11-17T07:07:36.892+0000][gc,cpu        ] GC(15) User=0.01s Sys=0.00s Real=0.01s
[2023-11-17T07:07:36.892+0000][gc            ] GC(16) Concurrent Cycle
[2023-11-17T07:07:36.892+0000][gc,marking    ] GC(16) Concurrent Clear Claimed Marks
[2023-11-17T07:07:36.892+0000][gc,marking    ] GC(16) Concurrent Clear Claimed Marks 0.151ms
[2023-11-17T07:07:36.892+0000][gc,marking    ] GC(16) Concurrent Scan Root Regions
[2023-11-17T07:07:36.895+0000][gc,marking    ] GC(16) Concurrent Scan Root Regions 2.224ms
[2023-11-17T07:07:36.895+0000][gc,marking    ] GC(16) Concurrent Mark (6.927s)
[2023-11-17T07:07:36.895+0000][gc,marking    ] GC(16) Concurrent Mark From Roots
[2023-11-17T07:07:36.895+0000][gc,task       ] GC(16) Using 1 workers of 1 for marking
[2023-11-17T07:07:36.941+0000][gc,marking    ] GC(16) Concurrent Mark From Roots 46.066ms
[2023-11-17T07:07:36.941+0000][gc,marking    ] GC(16) Concurrent Preclean
[2023-11-17T07:07:36.941+0000][gc,marking    ] GC(16) Concurrent Preclean 0.101ms
[2023-11-17T07:07:36.941+0000][gc,marking    ] GC(16) Concurrent Mark (6.927s, 6.973s) 46.220ms
[2023-11-17T07:07:36.941+0000][gc,start      ] GC(16) Pause Remark
[2023-11-17T07:07:36.951+0000][gc,stringtable] GC(16) Cleaned string and symbol table, strings: 10952 processed, 5 removed, symbols: 90963 processed, 2 removed
[2023-11-17T07:07:36.951+0000][gc            ] GC(16) Pause Remark 209M->209M(512M) 10.133ms
[2023-11-17T07:07:36.951+0000][gc,cpu        ] GC(16) User=0.01s Sys=0.00s Real=0.01s
[2023-11-17T07:07:36.951+0000][gc,marking    ] GC(16) Concurrent Rebuild Remembered Sets
[2023-11-17T07:07:36.981+0000][gc,marking    ] GC(16) Concurrent Rebuild Remembered Sets 29.216ms
[2023-11-17T07:07:36.983+0000][gc,start      ] GC(16) Pause Cleanup
[2023-11-17T07:07:36.983+0000][gc            ] GC(16) Pause Cleanup 227M->227M(512M) 0.148ms
[2023-11-17T07:07:36.983+0000][gc,cpu        ] GC(16) User=0.00s Sys=0.00s Real=0.00s
[2023-11-17T07:07:36.983+0000][gc,marking    ] GC(16) Concurrent Cleanup for Next Mark
[2023-11-17T07:07:36.985+0000][gc,marking    ] GC(16) Concurrent Cleanup for Next Mark 1.502ms
[2023-11-17T07:07:36.985+0000][gc            ] GC(16) Concurrent Cycle 92.710ms
[2023-11-17T07:07:36.986+0000][gc,start      ] GC(17) Pause Young (Concurrent Start) (G1 Humongous Allocation)
[2023-11-17T07:07:36.986+0000][gc,task       ] GC(17) Using 2 workers of 2 for evacuation
[2023-11-17T07:07:36.993+0000][gc,phases     ] GC(17)   Pre Evacuate Collection Set: 0.2ms
[2023-11-17T07:07:36.993+0000][gc,phases     ] GC(17)   Evacuate Collection Set: 6.6ms
[2023-11-17T07:07:36.993+0000][gc,phases     ] GC(17)   Post Evacuate Collection Set: 0.3ms
[2023-11-17T07:07:36.993+0000][gc,phases     ] GC(17)   Other: 0.3ms
[2023-11-17T07:07:36.993+0000][gc,heap       ] GC(17) Eden regions: 1->0(22)
[2023-11-17T07:07:36.993+0000][gc,heap       ] GC(17) Survivor regions: 3->3(4)
[2023-11-17T07:07:36.993+0000][gc,heap       ] GC(17) Old regions: 17->17
[2023-11-17T07:07:36.993+0000][gc,heap       ] GC(17) Humongous regions: 210->138
[2023-11-17T07:07:36.993+0000][gc,metaspace  ] GC(17) Metaspace: 39049K(40984K)->39049K(40984K) NonClass: 34493K(35584K)->34493K(35584K) Class: 4555K(5400K)->4555K(5400K)
[2023-11-17T07:07:36.993+0000][gc            ] GC(17) Pause Young (Concurrent Start) (G1 Humongous Allocation) 227M->155M(512M) 7.273ms
[2023-11-17T07:07:36.993+0000][gc,cpu        ] GC(17) User=0.01s Sys=0.00s Real=0.00s
[2023-11-17T07:07:36.993+0000][gc            ] GC(18) Concurrent Cycle
[2023-11-17T07:07:36.993+0000][gc,marking    ] GC(18) Concurrent Clear Claimed Marks
[2023-11-17T07:07:36.993+0000][gc,marking    ] GC(18) Concurrent Clear Claimed Marks 0.137ms
[2023-11-17T07:07:36.993+0000][gc,marking    ] GC(18) Concurrent Scan Root Regions
[2023-11-17T07:07:36.996+0000][gc,marking    ] GC(18) Concurrent Scan Root Regions 2.688ms
[2023-11-17T07:07:36.996+0000][gc,marking    ] GC(18) Concurrent Mark (7.028s)
[2023-11-17T07:07:36.996+0000][gc,marking    ] GC(18) Concurrent Mark From Roots
[2023-11-17T07:07:36.996+0000][gc,task       ] GC(18) Using 1 workers of 1 for marking
[2023-11-17T07:07:37.042+0000][gc,marking    ] GC(18) Concurrent Mark From Roots 45.507ms
[2023-11-17T07:07:37.042+0000][gc,marking    ] GC(18) Concurrent Preclean
[2023-11-17T07:07:37.042+0000][gc,marking    ] GC(18) Concurrent Preclean 0.138ms
[2023-11-17T07:07:37.042+0000][gc,marking    ] GC(18) Concurrent Mark (7.028s, 7.074s) 45.738ms
[2023-11-17T07:07:37.042+0000][gc,start      ] GC(18) Pause Remark
[2023-11-17T07:07:37.054+0000][gc,stringtable] GC(18) Cleaned string and symbol table, strings: 10947 processed, 3 removed, symbols: 90961 processed, 0 removed
[2023-11-17T07:07:37.054+0000][gc            ] GC(18) Pause Remark 209M->209M(512M) 11.978ms
[2023-11-17T07:07:37.054+0000][gc,cpu        ] GC(18) User=0.02s Sys=0.00s Real=0.02s
[2023-11-17T07:07:37.054+0000][gc,marking    ] GC(18) Concurrent Rebuild Remembered Sets
[2023-11-17T07:07:37.072+0000][gc,marking    ] GC(18) Concurrent Rebuild Remembered Sets 17.364ms
[2023-11-17T07:07:37.072+0000][gc,start      ] GC(18) Pause Cleanup
[2023-11-17T07:07:37.072+0000][gc            ] GC(18) Pause Cleanup 209M->209M(512M) 0.135ms
[2023-11-17T07:07:37.072+0000][gc,cpu        ] GC(18) User=0.00s Sys=0.00s Real=0.00s
[2023-11-17T07:07:37.072+0000][gc,marking    ] GC(18) Concurrent Cleanup for Next Mark
[2023-11-17T07:07:37.074+0000][gc,marking    ] GC(18) Concurrent Cleanup for Next Mark 1.983ms
[2023-11-17T07:07:37.074+0000][gc            ] GC(18) Concurrent Cycle 80.756ms
[2023-11-17T07:09:12.225+0000][gc,start      ] GC(19) Pause Young (Normal) (G1 Evacuation Pause)
[2023-11-17T07:09:12.225+0000][gc,task       ] GC(19) Using 2 workers of 2 for evacuation
[2023-11-17T07:09:12.244+0000][gc,phases     ] GC(19)   Pre Evacuate Collection Set: 0.0ms
[2023-11-17T07:09:12.244+0000][gc,phases     ] GC(19)   Evacuate Collection Set: 15.4ms
[2023-11-17T07:09:12.244+0000][gc,phases     ] GC(19)   Post Evacuate Collection Set: 3.7ms
[2023-11-17T07:09:12.244+0000][gc,phases     ] GC(19)   Other: 0.2ms
[2023-11-17T07:09:12.244+0000][gc,heap       ] GC(19) Eden regions: 22->0(21)
[2023-11-17T07:09:12.244+0000][gc,heap       ] GC(19) Survivor regions: 3->4(4)
[2023-11-17T07:09:12.244+0000][gc,heap       ] GC(19) Old regions: 17->17
[2023-11-17T07:09:12.244+0000][gc,heap       ] GC(19) Humongous regions: 192->138
[2023-11-17T07:09:12.244+0000][gc,metaspace  ] GC(19) Metaspace: 42013K(44440K)->42013K(44440K) NonClass: 36898K(38144K)->36898K(38144K) Class: 5114K(6296K)->5114K(6296K)
[2023-11-17T07:09:12.244+0000][gc            ] GC(19) Pause Young (Normal) (G1 Evacuation Pause) 231M->156M(512M) 19.356ms
[2023-11-17T07:09:12.244+0000][gc,cpu        ] GC(19) User=0.03s Sys=0.00s Real=0.02s
[2023-11-17T07:10:07.145+0000][gc,start      ] GC(20) Pause Young (Normal) (G1 Evacuation Pause)
[2023-11-17T07:10:07.145+0000][gc,task       ] GC(20) Using 2 workers of 2 for evacuation
[2023-11-17T07:10:07.159+0000][gc,phases     ] GC(20)   Pre Evacuate Collection Set: 0.0ms
[2023-11-17T07:10:07.159+0000][gc,phases     ] GC(20)   Evacuate Collection Set: 12.9ms
[2023-11-17T07:10:07.159+0000][gc,phases     ] GC(20)   Post Evacuate Collection Set: 0.6ms
[2023-11-17T07:10:07.159+0000][gc,phases     ] GC(20)   Other: 0.3ms
[2023-11-17T07:10:07.159+0000][gc,heap       ] GC(20) Eden regions: 21->0(22)
[2023-11-17T07:10:07.159+0000][gc,heap       ] GC(20) Survivor regions: 4->3(4)
[2023-11-17T07:10:07.159+0000][gc,heap       ] GC(20) Old regions: 17->19
[2023-11-17T07:10:07.159+0000][gc,heap       ] GC(20) Humongous regions: 138->138
[2023-11-17T07:10:07.159+0000][gc,metaspace  ] GC(20) Metaspace: 43022K(45592K)->43022K(45592K) NonClass: 37830K(39168K)->37830K(39168K) Class: 5191K(6424K)->5191K(6424K)
[2023-11-17T07:10:07.159+0000][gc            ] GC(20) Pause Young (Normal) (G1 Evacuation Pause) 177M->158M(512M) 13.877ms
[2023-11-17T07:10:07.159+0000][gc,cpu        ] GC(20) User=0.03s Sys=0.00s Real=0.01s
[2023-11-17T07:11:19.949+0000][gc,start      ] GC(21) Pause Young (Normal) (G1 Evacuation Pause)
[2023-11-17T07:11:19.949+0000][gc,task       ] GC(21) Using 2 workers of 2 for evacuation
[2023-11-17T07:11:19.962+0000][gc,phases     ] GC(21)   Pre Evacuate Collection Set: 0.0ms
[2023-11-17T07:11:19.962+0000][gc,phases     ] GC(21)   Evacuate Collection Set: 12.3ms
[2023-11-17T07:11:19.962+0000][gc,phases     ] GC(21)   Post Evacuate Collection Set: 0.6ms
[2023-11-17T07:11:19.962+0000][gc,phases     ] GC(21)   Other: 0.2ms
[2023-11-17T07:11:19.962+0000][gc,heap       ] GC(21) Eden regions: 22->0(21)
[2023-11-17T07:11:19.962+0000][gc,heap       ] GC(21) Survivor regions: 3->4(4)
[2023-11-17T07:11:19.962+0000][gc,heap       ] GC(21) Old regions: 19->20
[2023-11-17T07:11:19.962+0000][gc,heap       ] GC(21) Humongous regions: 138->138
[2023-11-17T07:11:19.962+0000][gc,metaspace  ] GC(21) Metaspace: 43216K(45848K)->43216K(45848K) NonClass: 38024K(39424K)->38024K(39424K) Class: 5191K(6424K)->5191K(6424K)
[2023-11-17T07:11:19.962+0000][gc            ] GC(21) Pause Young (Normal) (G1 Evacuation Pause) 180M->159M(512M) 13.188ms
[2023-11-17T07:11:19.962+0000][gc,cpu        ] GC(21) User=0.01s Sys=0.00s Real=0.01s
[2023-11-17T07:12:34.160+0000][gc,start      ] GC(22) Pause Young (Normal) (G1 Evacuation Pause)
[2023-11-17T07:12:34.160+0000][gc,task       ] GC(22) Using 2 workers of 2 for evacuation
[2023-11-17T07:12:34.178+0000][gc,phases     ] GC(22)   Pre Evacuate Collection Set: 0.0ms
[2023-11-17T07:12:34.178+0000][gc,phases     ] GC(22)   Evacuate Collection Set: 10.4ms
[2023-11-17T07:12:34.178+0000][gc,phases     ] GC(22)   Post Evacuate Collection Set: 7.3ms
[2023-11-17T07:12:34.178+0000][gc,phases     ] GC(22)   Other: 0.2ms
[2023-11-17T07:12:34.178+0000][gc,heap       ] GC(22) Eden regions: 21->0(22)
[2023-11-17T07:12:34.178+0000][gc,heap       ] GC(22) Survivor regions: 4->3(4)
[2023-11-17T07:12:34.178+0000][gc,heap       ] GC(22) Old regions: 20->21
[2023-11-17T07:12:34.178+0000][gc,heap       ] GC(22) Humongous regions: 138->138
[2023-11-17T07:12:34.178+0000][gc,metaspace  ] GC(22) Metaspace: 43480K(46104K)->43480K(46104K) NonClass: 38281K(39680K)->38281K(39680K) Class: 5199K(6424K)->5199K(6424K)
[2023-11-17T07:12:34.178+0000][gc            ] GC(22) Pause Young (Normal) (G1 Evacuation Pause) 180M->159M(512M) 18.056ms
[2023-11-17T07:12:34.178+0000][gc,cpu        ] GC(22) User=0.02s Sys=0.00s Real=0.02s
[2023-11-17T07:13:53.864+0000][gc,start      ] GC(23) Pause Young (Normal) (G1 Evacuation Pause)
[2023-11-17T07:13:53.864+0000][gc,task       ] GC(23) Using 2 workers of 2 for evacuation
[2023-11-17T07:13:53.886+0000][gc,mmu        ] GC(23) MMU target violated: 21.0ms (20.0ms/21.0ms)
[2023-11-17T07:13:53.886+0000][gc,phases     ] GC(23)   Pre Evacuate Collection Set: 0.0ms
[2023-11-17T07:13:53.886+0000][gc,phases     ] GC(23)   Evacuate Collection Set: 21.3ms
[2023-11-17T07:13:53.886+0000][gc,phases     ] GC(23)   Post Evacuate Collection Set: 0.3ms
[2023-11-17T07:13:53.886+0000][gc,phases     ] GC(23)   Other: 0.3ms
[2023-11-17T07:13:53.886+0000][gc,heap       ] GC(23) Eden regions: 22->0(21)
[2023-11-17T07:13:53.886+0000][gc,heap       ] GC(23) Survivor regions: 3->4(4)
[2023-11-17T07:13:53.886+0000][gc,heap       ] GC(23) Old regions: 21->22
[2023-11-17T07:13:53.886+0000][gc,heap       ] GC(23) Humongous regions: 138->138
[2023-11-17T07:13:53.886+0000][gc,metaspace  ] GC(23) Metaspace: 43507K(46104K)->43507K(46104K) NonClass: 38307K(39680K)->38307K(39680K) Class: 5199K(6424K)->5199K(6424K)
[2023-11-17T07:13:53.886+0000][gc            ] GC(23) Pause Young (Normal) (G1 Evacuation Pause) 181M->161M(512M) 22.081ms
[2023-11-17T07:13:53.886+0000][gc,cpu        ] GC(23) User=0.03s Sys=0.00s Real=0.03s
[2023-11-17T07:15:02.034+0000][gc,start      ] GC(24) Pause Young (Normal) (G1 Evacuation Pause)
[2023-11-17T07:15:02.034+0000][gc,task       ] GC(24) Using 2 workers of 2 for evacuation
[2023-11-17T07:15:02.047+0000][gc,phases     ] GC(24)   Pre Evacuate Collection Set: 0.0ms
[2023-11-17T07:15:02.047+0000][gc,phases     ] GC(24)   Evacuate Collection Set: 12.7ms
[2023-11-17T07:15:02.047+0000][gc,phases     ] GC(24)   Post Evacuate Collection Set: 0.3ms
[2023-11-17T07:15:02.047+0000][gc,phases     ] GC(24)   Other: 0.4ms
[2023-11-17T07:15:02.047+0000][gc,heap       ] GC(24) Eden regions: 21->0(23)
[2023-11-17T07:15:02.047+0000][gc,heap       ] GC(24) Survivor regions: 4->2(4)
[2023-11-17T07:15:02.047+0000][gc,heap       ] GC(24) Old regions: 22->23
[2023-11-17T07:15:02.047+0000][gc,heap       ] GC(24) Humongous regions: 138->138
[2023-11-17T07:15:02.047+0000][gc,metaspace  ] GC(24) Metaspace: 43667K(46360K)->43667K(46360K) NonClass: 38440K(39936K)->38440K(39936K) Class: 5227K(6424K)->5227K(6424K)
[2023-11-17T07:15:02.047+0000][gc            ] GC(24) Pause Young (Normal) (G1 Evacuation Pause) 182M->161M(512M) 13.494ms
[2023-11-17T07:15:02.047+0000][gc,cpu        ] GC(24) User=0.03s Sys=0.01s Real=0.01s
[2023-11-17T07:16:20.496+0000][gc,start      ] GC(25) Pause Young (Normal) (G1 Evacuation Pause)
[2023-11-17T07:16:20.496+0000][gc,task       ] GC(25) Using 2 workers of 2 for evacuation
[2023-11-17T07:16:20.508+0000][gc,phases     ] GC(25)   Pre Evacuate Collection Set: 0.0ms
[2023-11-17T07:16:20.508+0000][gc,phases     ] GC(25)   Evacuate Collection Set: 10.9ms
[2023-11-17T07:16:20.508+0000][gc,phases     ] GC(25)   Post Evacuate Collection Set: 0.5ms
[2023-11-17T07:16:20.508+0000][gc,phases     ] GC(25)   Other: 0.3ms
[2023-11-17T07:16:20.508+0000][gc,heap       ] GC(25) Eden regions: 23->0(21)
[2023-11-17T07:16:20.508+0000][gc,heap       ] GC(25) Survivor regions: 2->4(4)
[2023-11-17T07:16:20.508+0000][gc,heap       ] GC(25) Old regions: 23->23
[2023-11-17T07:16:20.508+0000][gc,heap       ] GC(25) Humongous regions: 138->138
[2023-11-17T07:16:20.508+0000][gc,metaspace  ] GC(25) Metaspace: 43733K(46360K)->43733K(46360K) NonClass: 38495K(39936K)->38495K(39936K) Class: 5237K(6424K)->5237K(6424K)
[2023-11-17T07:16:20.508+0000][gc            ] GC(25) Pause Young (Normal) (G1 Evacuation Pause) 184M->163M(512M) 11.742ms
[2023-11-17T07:16:20.508+0000][gc,cpu        ] GC(25) User=0.02s Sys=0.00s Real=0.01s
[2023-11-17T07:17:35.984+0000][gc,start      ] GC(26) Pause Young (Normal) (G1 Evacuation Pause)
[2023-11-17T07:17:35.984+0000][gc,task       ] GC(26) Using 2 workers of 2 for evacuation
[2023-11-17T07:17:35.995+0000][gc,phases     ] GC(26)   Pre Evacuate Collection Set: 0.0ms
[2023-11-17T07:17:35.995+0000][gc,phases     ] GC(26)   Evacuate Collection Set: 10.1ms
[2023-11-17T07:17:35.995+0000][gc,phases     ] GC(26)   Post Evacuate Collection Set: 0.3ms
[2023-11-17T07:17:35.995+0000][gc,phases     ] GC(26)   Other: 0.3ms
[2023-11-17T07:17:35.995+0000][gc,heap       ] GC(26) Eden regions: 21->0(25)
[2023-11-17T07:17:35.995+0000][gc,heap       ] GC(26) Survivor regions: 4->2(4)
[2023-11-17T07:17:35.995+0000][gc,heap       ] GC(26) Old regions: 23->25
[2023-11-17T07:17:35.995+0000][gc,heap       ] GC(26) Humongous regions: 138->138
[2023-11-17T07:17:35.995+0000][gc,metaspace  ] GC(26) Metaspace: 43842K(46360K)->43842K(46360K) NonClass: 38578K(39936K)->38578K(39936K) Class: 5263K(6424K)->5263K(6424K)
[2023-11-17T07:17:35.995+0000][gc            ] GC(26) Pause Young (Normal) (G1 Evacuation Pause) 184M->163M(512M) 10.717ms
[2023-11-17T07:17:35.995+0000][gc,cpu        ] GC(26) User=0.02s Sys=0.00s Real=0.02s
[2023-11-17T07:19:01.487+0000][gc,start      ] GC(27) Pause Young (Normal) (G1 Evacuation Pause)
[2023-11-17T07:19:01.487+0000][gc,task       ] GC(27) Using 2 workers of 2 for evacuation
[2023-11-17T07:19:01.505+0000][gc,phases     ] GC(27)   Pre Evacuate Collection Set: 0.0ms
[2023-11-17T07:19:01.505+0000][gc,phases     ] GC(27)   Evacuate Collection Set: 17.6ms
[2023-11-17T07:19:01.505+0000][gc,phases     ] GC(27)   Post Evacuate Collection Set: 0.3ms
[2023-11-17T07:19:01.505+0000][gc,phases     ] GC(27)   Other: 0.2ms
[2023-11-17T07:19:01.505+0000][gc,heap       ] GC(27) Eden regions: 23->0(22)
[2023-11-17T07:19:01.505+0000][gc,heap       ] GC(27) Survivor regions: 2->4(4)
[2023-11-17T07:19:01.505+0000][gc,heap       ] GC(27) Old regions: 25->25
[2023-11-17T07:19:01.505+0000][gc,heap       ] GC(27) Humongous regions: 138->138
[2023-11-17T07:19:01.505+0000][gc,metaspace  ] GC(27) Metaspace: 43861K(46360K)->43861K(46360K) NonClass: 38597K(39936K)->38597K(39936K) Class: 5263K(6424K)->5263K(6424K)
[2023-11-17T07:19:01.506+0000][gc            ] GC(27) Pause Young (Normal) (G1 Evacuation Pause) 186M->165M(512M) 18.290ms
[2023-11-17T07:19:01.506+0000][gc,cpu        ] GC(27) User=0.04s Sys=0.00s Real=0.02s
[2023-11-17T07:20:18.823+0000][gc,start      ] GC(28) Pause Young (Normal) (G1 Evacuation Pause)
[2023-11-17T07:20:18.823+0000][gc,task       ] GC(28) Using 2 workers of 2 for evacuation
[2023-11-17T07:20:18.833+0000][gc,phases     ] GC(28)   Pre Evacuate Collection Set: 0.0ms
[2023-11-17T07:20:18.833+0000][gc,phases     ] GC(28)   Evacuate Collection Set: 9.6ms
[2023-11-17T07:20:18.833+0000][gc,phases     ] GC(28)   Post Evacuate Collection Set: 0.6ms
[2023-11-17T07:20:18.833+0000][gc,phases     ] GC(28)   Other: 0.2ms
[2023-11-17T07:20:18.833+0000][gc,heap       ] GC(28) Eden regions: 21->0(24)
[2023-11-17T07:20:18.833+0000][gc,heap       ] GC(28) Survivor regions: 4->2(4)
[2023-11-17T07:20:18.833+0000][gc,heap       ] GC(28) Old regions: 25->27
[2023-11-17T07:20:18.833+0000][gc,heap       ] GC(28) Humongous regions: 138->138
[2023-11-17T07:20:18.833+0000][gc,metaspace  ] GC(28) Metaspace: 43893K(46360K)->43893K(46360K) NonClass: 38628K(39936K)->38628K(39936K) Class: 5265K(6424K)->5265K(6424K)
[2023-11-17T07:20:18.833+0000][gc            ] GC(28) Pause Young (Normal) (G1 Evacuation Pause) 186M->164M(512M) 10.501ms
[2023-11-17T07:20:18.833+0000][gc,cpu        ] GC(28) User=0.02s Sys=0.00s Real=0.01s
[2023-11-17T07:21:49.847+0000][gc,start      ] GC(29) Pause Young (Normal) (G1 Evacuation Pause)
[2023-11-17T07:21:49.847+0000][gc,task       ] GC(29) Using 2 workers of 2 for evacuation
[2023-11-17T07:21:49.859+0000][gc,phases     ] GC(29)   Pre Evacuate Collection Set: 0.0ms
[2023-11-17T07:21:49.859+0000][gc,phases     ] GC(29)   Evacuate Collection Set: 11.4ms
[2023-11-17T07:21:49.859+0000][gc,phases     ] GC(29)   Post Evacuate Collection Set: 0.3ms
[2023-11-17T07:21:49.859+0000][gc,phases     ] GC(29)   Other: 0.2ms
[2023-11-17T07:21:49.859+0000][gc,heap       ] GC(29) Eden regions: 24->0(24)
[2023-11-17T07:21:49.859+0000][gc,heap       ] GC(29) Survivor regions: 2->4(4)
[2023-11-17T07:21:49.859+0000][gc,heap       ] GC(29) Old regions: 27->27
[2023-11-17T07:21:49.859+0000][gc,heap       ] GC(29) Humongous regions: 138->138
[2023-11-17T07:21:49.859+0000][gc,metaspace  ] GC(29) Metaspace: 44039K(46616K)->44039K(46616K) NonClass: 38774K(40192K)->38774K(40192K) Class: 5265K(6424K)->5265K(6424K)
[2023-11-17T07:21:49.859+0000][gc            ] GC(29) Pause Young (Normal) (G1 Evacuation Pause) 188M->167M(512M) 12.021ms
[2023-11-17T07:21:49.859+0000][gc,cpu        ] GC(29) User=0.02s Sys=0.00s Real=0.01s
[2023-11-17T07:23:19.399+0000][gc,start      ] GC(30) Pause Young (Normal) (G1 Evacuation Pause)
[2023-11-17T07:23:19.399+0000][gc,task       ] GC(30) Using 2 workers of 2 for evacuation
[2023-11-17T07:23:19.410+0000][gc,phases     ] GC(30)   Pre Evacuate Collection Set: 0.0ms
[2023-11-17T07:23:19.410+0000][gc,phases     ] GC(30)   Evacuate Collection Set: 10.8ms
[2023-11-17T07:23:19.410+0000][gc,phases     ] GC(30)   Post Evacuate Collection Set: 0.3ms
[2023-11-17T07:23:19.410+0000][gc,phases     ] GC(30)   Other: 0.2ms
[2023-11-17T07:23:19.410+0000][gc,heap       ] GC(30) Eden regions: 24->0(27)
[2023-11-17T07:23:19.410+0000][gc,heap       ] GC(30) Survivor regions: 4->2(4)
[2023-11-17T07:23:19.410+0000][gc,heap       ] GC(30) Old regions: 27->29
[2023-11-17T07:23:19.410+0000][gc,heap       ] GC(30) Humongous regions: 138->138
[2023-11-17T07:23:19.410+0000][gc,metaspace  ] GC(30) Metaspace: 44053K(46616K)->44053K(46616K) NonClass: 38787K(40192K)->38787K(40192K) Class: 5265K(6424K)->5265K(6424K)
[2023-11-17T07:23:19.410+0000][gc            ] GC(30) Pause Young (Normal) (G1 Evacuation Pause) 191M->167M(512M) 11.465ms
[2023-11-17T07:23:19.410+0000][gc,cpu        ] GC(30) User=0.02s Sys=0.00s Real=0.01s
[2023-11-17T07:25:01.390+0000][gc,start      ] GC(31) Pause Young (Normal) (G1 Evacuation Pause)
[2023-11-17T07:25:01.390+0000][gc,task       ] GC(31) Using 2 workers of 2 for evacuation
[2023-11-17T07:25:01.409+0000][gc,phases     ] GC(31)   Pre Evacuate Collection Set: 0.0ms
[2023-11-17T07:25:01.409+0000][gc,phases     ] GC(31)   Evacuate Collection Set: 17.5ms
[2023-11-17T07:25:01.409+0000][gc,phases     ] GC(31)   Post Evacuate Collection Set: 0.5ms
[2023-11-17T07:25:01.409+0000][gc,phases     ] GC(31)   Other: 0.2ms
[2023-11-17T07:25:01.409+0000][gc,heap       ] GC(31) Eden regions: 27->0(26)
[2023-11-17T07:25:01.409+0000][gc,heap       ] GC(31) Survivor regions: 2->4(4)
[2023-11-17T07:25:01.409+0000][gc,heap       ] GC(31) Old regions: 29->29
[2023-11-17T07:25:01.409+0000][gc,heap       ] GC(31) Humongous regions: 138->138
[2023-11-17T07:25:01.409+0000][gc,metaspace  ] GC(31) Metaspace: 44106K(46744K)->44106K(46744K) NonClass: 38835K(40192K)->38835K(40192K) Class: 5270K(6552K)->5270K(6552K)
[2023-11-17T07:25:01.409+0000][gc            ] GC(31) Pause Young (Normal) (G1 Evacuation Pause) 194M->169M(512M) 18.358ms
[2023-11-17T07:25:01.409+0000][gc,cpu        ] GC(31) User=0.04s Sys=0.00s Real=0.02s
[2023-11-17T07:26:38.924+0000][gc,start      ] GC(32) Pause Young (Normal) (G1 Evacuation Pause)
[2023-11-17T07:26:38.924+0000][gc,task       ] GC(32) Using 2 workers of 2 for evacuation
[2023-11-17T07:26:38.935+0000][gc,phases     ] GC(32)   Pre Evacuate Collection Set: 0.0ms
[2023-11-17T07:26:38.935+0000][gc,phases     ] GC(32)   Evacuate Collection Set: 10.6ms
[2023-11-17T07:26:38.935+0000][gc,phases     ] GC(32)   Post Evacuate Collection Set: 0.3ms
[2023-11-17T07:26:38.935+0000][gc,phases     ] GC(32)   Other: 0.2ms
[2023-11-17T07:26:38.935+0000][gc,heap       ] GC(32) Eden regions: 26->0(27)
[2023-11-17T07:26:38.935+0000][gc,heap       ] GC(32) Survivor regions: 4->3(4)
[2023-11-17T07:26:38.935+0000][gc,heap       ] GC(32) Old regions: 29->31
[2023-11-17T07:26:38.935+0000][gc,heap       ] GC(32) Humongous regions: 138->138
[2023-11-17T07:26:38.935+0000][gc,metaspace  ] GC(32) Metaspace: 44129K(46744K)->44129K(46744K) NonClass: 38858K(40192K)->38858K(40192K) Class: 5270K(6552K)->5270K(6552K)
[2023-11-17T07:26:38.935+0000][gc            ] GC(32) Pause Young (Normal) (G1 Evacuation Pause) 195M->169M(512M) 11.226ms
[2023-11-17T07:26:38.935+0000][gc,cpu        ] GC(32) User=0.02s Sys=0.00s Real=0.02s
[2023-11-17T07:28:15.598+0000][gc,start      ] GC(33) Pause Young (Normal) (G1 Evacuation Pause)
[2023-11-17T07:28:15.598+0000][gc,task       ] GC(33) Using 2 workers of 2 for evacuation
[2023-11-17T07:28:15.607+0000][gc,phases     ] GC(33)   Pre Evacuate Collection Set: 0.0ms
[2023-11-17T07:28:15.607+0000][gc,phases     ] GC(33)   Evacuate Collection Set: 8.5ms
[2023-11-17T07:28:15.607+0000][gc,phases     ] GC(33)   Post Evacuate Collection Set: 0.3ms
[2023-11-17T07:28:15.607+0000][gc,phases     ] GC(33)   Other: 0.2ms
[2023-11-17T07:28:15.607+0000][gc,heap       ] GC(33) Eden regions: 26->0(29)
[2023-11-17T07:28:15.607+0000][gc,heap       ] GC(33) Survivor regions: 3->2(4)
[2023-11-17T07:28:15.607+0000][gc,heap       ] GC(33) Old regions: 31->32
[2023-11-17T07:28:15.607+0000][gc,heap       ] GC(33) Humongous regions: 138->138
[2023-11-17T07:28:15.607+0000][gc,metaspace  ] GC(33) Metaspace: 44150K(47000K)->44150K(47000K) NonClass: 38879K(40448K)->38879K(40448K) Class: 5271K(6552K)->5271K(6552K)
[2023-11-17T07:28:15.607+0000][gc            ] GC(33) Pause Young (Normal) (G1 Evacuation Pause) 195M->169M(512M) 9.184ms
[2023-11-17T07:28:15.607+0000][gc,cpu        ] GC(33) User=0.02s Sys=0.00s Real=0.01s
[2023-11-17T07:30:03.216+0000][gc,start      ] GC(34) Pause Young (Normal) (G1 Evacuation Pause)
[2023-11-17T07:30:03.216+0000][gc,task       ] GC(34) Using 2 workers of 2 for evacuation
[2023-11-17T07:30:03.240+0000][gc,mmu        ] GC(34) MMU target violated: 21.0ms (20.0ms/21.0ms)
[2023-11-17T07:30:03.240+0000][gc,phases     ] GC(34)   Pre Evacuate Collection Set: 0.0ms
[2023-11-17T07:30:03.240+0000][gc,phases     ] GC(34)   Evacuate Collection Set: 20.3ms
[2023-11-17T07:30:03.240+0000][gc,phases     ] GC(34)   Post Evacuate Collection Set: 3.4ms
[2023-11-17T07:30:03.240+0000][gc,phases     ] GC(34)   Other: 0.3ms
[2023-11-17T07:30:03.240+0000][gc,heap       ] GC(34) Eden regions: 28->0(26)
[2023-11-17T07:30:03.240+0000][gc,heap       ] GC(34) Survivor regions: 2->4(4)
[2023-11-17T07:30:03.240+0000][gc,heap       ] GC(34) Old regions: 32->32
[2023-11-17T07:30:03.240+0000][gc,heap       ] GC(34) Humongous regions: 138->138
[2023-11-17T07:30:03.240+0000][gc,metaspace  ] GC(34) Metaspace: 44159K(47000K)->44159K(47000K) NonClass: 38888K(40448K)->38888K(40448K) Class: 5271K(6552K)->5271K(6552K)
[2023-11-17T07:30:03.240+0000][gc            ] GC(34) Pause Young (Normal) (G1 Evacuation Pause) 197M->172M(512M) 24.117ms
[2023-11-17T07:30:03.240+0000][gc,cpu        ] GC(34) User=0.04s Sys=0.00s Real=0.02s
[2023-11-17T07:31:41.946+0000][gc,start      ] GC(35) Pause Young (Normal) (G1 Evacuation Pause)
[2023-11-17T07:31:41.946+0000][gc,task       ] GC(35) Using 2 workers of 2 for evacuation
[2023-11-17T07:31:41.979+0000][gc,mmu        ] GC(35) MMU target violated: 21.0ms (20.0ms/21.0ms)
[2023-11-17T07:31:41.979+0000][gc,phases     ] GC(35)   Pre Evacuate Collection Set: 0.0ms
[2023-11-17T07:31:41.979+0000][gc,phases     ] GC(35)   Evacuate Collection Set: 32.4ms
[2023-11-17T07:31:41.979+0000][gc,phases     ] GC(35)   Post Evacuate Collection Set: 0.3ms
[2023-11-17T07:31:41.979+0000][gc,phases     ] GC(35)   Other: 0.3ms
[2023-11-17T07:31:41.979+0000][gc,heap       ] GC(35) Eden regions: 26->0(22)
[2023-11-17T07:31:41.979+0000][gc,heap       ] GC(35) Survivor regions: 4->3(4)
[2023-11-17T07:31:41.979+0000][gc,heap       ] GC(35) Old regions: 32->34
[2023-11-17T07:31:41.979+0000][gc,heap       ] GC(35) Humongous regions: 138->138
[2023-11-17T07:31:41.979+0000][gc,metaspace  ] GC(35) Metaspace: 44163K(47000K)->44163K(47000K) NonClass: 38892K(40448K)->38892K(40448K) Class: 5271K(6552K)->5271K(6552K)
[2023-11-17T07:31:41.979+0000][gc            ] GC(35) Pause Young (Normal) (G1 Evacuation Pause) 198M->172M(512M) 33.009ms
[2023-11-17T07:31:41.979+0000][gc,cpu        ] GC(35) User=0.06s Sys=0.00s Real=0.03s
[2023-11-17T07:33:06.136+0000][gc,start      ] GC(36) Pause Young (Normal) (G1 Evacuation Pause)
[2023-11-17T07:33:06.136+0000][gc,task       ] GC(36) Using 2 workers of 2 for evacuation
[2023-11-17T07:33:06.148+0000][gc,phases     ] GC(36)   Pre Evacuate Collection Set: 0.0ms
[2023-11-17T07:33:06.148+0000][gc,phases     ] GC(36)   Evacuate Collection Set: 11.8ms
[2023-11-17T07:33:06.148+0000][gc,phases     ] GC(36)   Post Evacuate Collection Set: 0.3ms
[2023-11-17T07:33:06.148+0000][gc,phases     ] GC(36)   Other: 0.3ms
[2023-11-17T07:33:06.148+0000][gc,heap       ] GC(36) Eden regions: 22->0(21)
[2023-11-17T07:33:06.148+0000][gc,heap       ] GC(36) Survivor regions: 3->4(4)
[2023-11-17T07:33:06.148+0000][gc,heap       ] GC(36) Old regions: 34->35
[2023-11-17T07:33:06.148+0000][gc,heap       ] GC(36) Humongous regions: 138->138
[2023-11-17T07:33:06.148+0000][gc,metaspace  ] GC(36) Metaspace: 44168K(47000K)->44168K(47000K) NonClass: 38896K(40448K)->38896K(40448K) Class: 5271K(6552K)->5271K(6552K)
[2023-11-17T07:33:06.148+0000][gc            ] GC(36) Pause Young (Normal) (G1 Evacuation Pause) 194M->174M(512M) 12.440ms
[2023-11-17T07:33:06.148+0000][gc,cpu        ] GC(36) User=0.02s Sys=0.00s Real=0.01s
[2023-11-17T07:34:24.749+0000][gc,start      ] GC(37) Pause Young (Normal) (G1 Evacuation Pause)
[2023-11-17T07:34:24.749+0000][gc,task       ] GC(37) Using 2 workers of 2 for evacuation
[2023-11-17T07:34:24.760+0000][gc,phases     ] GC(37)   Pre Evacuate Collection Set: 0.0ms
[2023-11-17T07:34:24.760+0000][gc,phases     ] GC(37)   Evacuate Collection Set: 10.4ms
[2023-11-17T07:34:24.760+0000][gc,phases     ] GC(37)   Post Evacuate Collection Set: 0.3ms
[2023-11-17T07:34:24.760+0000][gc,phases     ] GC(37)   Other: 0.2ms
[2023-11-17T07:34:24.760+0000][gc,heap       ] GC(37) Eden regions: 21->0(23)
[2023-11-17T07:34:24.760+0000][gc,heap       ] GC(37) Survivor regions: 4->2(4)
[2023-11-17T07:34:24.760+0000][gc,heap       ] GC(37) Old regions: 35->36
[2023-11-17T07:34:24.760+0000][gc,heap       ] GC(37) Humongous regions: 138->138
[2023-11-17T07:34:24.760+0000][gc,metaspace  ] GC(37) Metaspace: 44184K(47000K)->44184K(47000K) NonClass: 38913K(40448K)->38913K(40448K) Class: 5271K(6552K)->5271K(6552K)
[2023-11-17T07:34:24.760+0000][gc            ] GC(37) Pause Young (Normal) (G1 Evacuation Pause) 195M->174M(512M) 11.021ms
[2023-11-17T07:34:24.760+0000][gc,cpu        ] GC(37) User=0.02s Sys=0.00s Real=0.01s
[2023-11-17T07:35:52.916+0000][gc,start      ] GC(38) Pause Young (Normal) (G1 Evacuation Pause)
[2023-11-17T07:35:52.916+0000][gc,task       ] GC(38) Using 2 workers of 2 for evacuation
[2023-11-17T07:35:52.930+0000][gc,phases     ] GC(38)   Pre Evacuate Collection Set: 0.0ms
[2023-11-17T07:35:52.931+0000][gc,phases     ] GC(38)   Evacuate Collection Set: 13.7ms
[2023-11-17T07:35:52.931+0000][gc,phases     ] GC(38)   Post Evacuate Collection Set: 0.3ms
[2023-11-17T07:35:52.931+0000][gc,phases     ] GC(38)   Other: 0.2ms
[2023-11-17T07:35:52.931+0000][gc,heap       ] GC(38) Eden regions: 23->0(22)
[2023-11-17T07:35:52.931+0000][gc,heap       ] GC(38) Survivor regions: 2->4(4)
[2023-11-17T07:35:52.931+0000][gc,heap       ] GC(38) Old regions: 36->37
[2023-11-17T07:35:52.931+0000][gc,heap       ] GC(38) Humongous regions: 138->138
[2023-11-17T07:35:52.931+0000][gc,metaspace  ] GC(38) Metaspace: 44187K(47000K)->44187K(47000K) NonClass: 38916K(40448K)->38916K(40448K) Class: 5271K(6552K)->5271K(6552K)
[2023-11-17T07:35:52.931+0000][gc            ] GC(38) Pause Young (Normal) (G1 Evacuation Pause) 197M->176M(512M) 14.340ms
[2023-11-17T07:35:52.931+0000][gc,cpu        ] GC(38) User=0.03s Sys=0.00s Real=0.01s
[2023-11-17T07:37:17.077+0000][gc,start      ] GC(39) Pause Young (Normal) (G1 Evacuation Pause)
[2023-11-17T07:37:17.077+0000][gc,task       ] GC(39) Using 2 workers of 2 for evacuation
[2023-11-17T07:37:17.088+0000][gc,phases     ] GC(39)   Pre Evacuate Collection Set: 0.0ms
[2023-11-17T07:37:17.088+0000][gc,phases     ] GC(39)   Evacuate Collection Set: 10.8ms
[2023-11-17T07:37:17.088+0000][gc,phases     ] GC(39)   Post Evacuate Collection Set: 0.3ms
[2023-11-17T07:37:17.088+0000][gc,phases     ] GC(39)   Other: 0.3ms
[2023-11-17T07:37:17.088+0000][gc,heap       ] GC(39) Eden regions: 22->0(24)
[2023-11-17T07:37:17.088+0000][gc,heap       ] GC(39) Survivor regions: 4->2(4)
[2023-11-17T07:37:17.088+0000][gc,heap       ] GC(39) Old regions: 37->38
[2023-11-17T07:37:17.088+0000][gc,heap       ] GC(39) Humongous regions: 138->138
[2023-11-17T07:37:17.088+0000][gc,metaspace  ] GC(39) Metaspace: 44190K(47000K)->44190K(47000K) NonClass: 38919K(40448K)->38919K(40448K) Class: 5271K(6552K)->5271K(6552K)
[2023-11-17T07:37:17.088+0000][gc            ] GC(39) Pause Young (Normal) (G1 Evacuation Pause) 198M->176M(512M) 11.547ms
[2023-11-17T07:37:17.088+0000][gc,cpu        ] GC(39) User=0.02s Sys=0.00s Real=0.01s
[2023-11-17T07:38:44.727+0000][gc,start      ] GC(40) Pause Young (Normal) (G1 Evacuation Pause)
[2023-11-17T07:38:44.727+0000][gc,task       ] GC(40) Using 2 workers of 2 for evacuation
[2023-11-17T07:38:44.742+0000][gc,phases     ] GC(40)   Pre Evacuate Collection Set: 0.0ms
[2023-11-17T07:38:44.742+0000][gc,phases     ] GC(40)   Evacuate Collection Set: 14.2ms
[2023-11-17T07:38:44.742+0000][gc,phases     ] GC(40)   Post Evacuate Collection Set: 0.7ms
[2023-11-17T07:38:44.742+0000][gc,phases     ] GC(40)   Other: 0.4ms
[2023-11-17T07:38:44.742+0000][gc,heap       ] GC(40) Eden regions: 23->0(24)
[2023-11-17T07:38:44.742+0000][gc,heap       ] GC(40) Survivor regions: 2->4(4)
[2023-11-17T07:38:44.742+0000][gc,heap       ] GC(40) Old regions: 38->39
[2023-11-17T07:38:44.742+0000][gc,heap       ] GC(40) Humongous regions: 138->138
[2023-11-17T07:38:44.742+0000][gc,metaspace  ] GC(40) Metaspace: 44198K(47000K)->44198K(47000K) NonClass: 38927K(40448K)->38927K(40448K) Class: 5271K(6552K)->5271K(6552K)
[2023-11-17T07:38:44.742+0000][gc            ] GC(40) Pause Young (Normal) (G1 Evacuation Pause) 199M->178M(512M) 15.356ms
[2023-11-17T07:38:44.742+0000][gc,cpu        ] GC(40) User=0.03s Sys=0.00s Real=0.01s
[2023-11-17T07:40:16.407+0000][gc,start      ] GC(41) Pause Young (Normal) (G1 Evacuation Pause)
[2023-11-17T07:40:16.407+0000][gc,task       ] GC(41) Using 2 workers of 2 for evacuation
[2023-11-17T07:40:16.418+0000][gc,phases     ] GC(41)   Pre Evacuate Collection Set: 0.0ms
[2023-11-17T07:40:16.418+0000][gc,phases     ] GC(41)   Evacuate Collection Set: 10.7ms
[2023-11-17T07:40:16.418+0000][gc,phases     ] GC(41)   Post Evacuate Collection Set: 0.3ms
[2023-11-17T07:40:16.418+0000][gc,phases     ] GC(41)   Other: 0.2ms
[2023-11-17T07:40:16.418+0000][gc,heap       ] GC(41) Eden regions: 24->0(26)
[2023-11-17T07:40:16.418+0000][gc,heap       ] GC(41) Survivor regions: 4->3(4)
[2023-11-17T07:40:16.418+0000][gc,heap       ] GC(41) Old regions: 39->40
[2023-11-17T07:40:16.418+0000][gc,heap       ] GC(41) Humongous regions: 138->138
[2023-11-17T07:40:16.418+0000][gc,metaspace  ] GC(41) Metaspace: 44202K(47000K)->44202K(47000K) NonClass: 38931K(40448K)->38931K(40448K) Class: 5271K(6552K)->5271K(6552K)
[2023-11-17T07:40:16.418+0000][gc            ] GC(41) Pause Young (Normal) (G1 Evacuation Pause) 202M->179M(512M) 11.355ms
[2023-11-17T07:40:16.418+0000][gc,cpu        ] GC(41) User=0.02s Sys=0.00s Real=0.01s
[2023-11-17T07:41:53.071+0000][gc,start      ] GC(42) Pause Young (Normal) (G1 Evacuation Pause)
[2023-11-17T07:41:53.071+0000][gc,task       ] GC(42) Using 2 workers of 2 for evacuation
[2023-11-17T07:41:53.092+0000][gc,mmu        ] GC(42) MMU target violated: 20.4ms (20.0ms/21.0ms)
[2023-11-17T07:41:53.092+0000][gc,phases     ] GC(42)   Pre Evacuate Collection Set: 0.0ms
[2023-11-17T07:41:53.092+0000][gc,phases     ] GC(42)   Evacuate Collection Set: 20.0ms
[2023-11-17T07:41:53.092+0000][gc,phases     ] GC(42)   Post Evacuate Collection Set: 0.3ms
[2023-11-17T07:41:53.092+0000][gc,phases     ] GC(42)   Other: 0.3ms
[2023-11-17T07:41:53.092+0000][gc,heap       ] GC(42) Eden regions: 25->0(24)
[2023-11-17T07:41:53.092+0000][gc,heap       ] GC(42) Survivor regions: 3->3(4)
[2023-11-17T07:41:53.092+0000][gc,heap       ] GC(42) Old regions: 40->43
[2023-11-17T07:41:53.092+0000][gc,heap       ] GC(42) Humongous regions: 138->138
[2023-11-17T07:41:53.092+0000][gc,metaspace  ] GC(42) Metaspace: 44207K(47000K)->44207K(47000K) NonClass: 38935K(40448K)->38935K(40448K) Class: 5271K(6552K)->5271K(6552K)
[2023-11-17T07:41:53.092+0000][gc            ] GC(42) Pause Young (Normal) (G1 Evacuation Pause) 204M->181M(512M) 20.637ms
[2023-11-17T07:41:53.092+0000][gc,cpu        ] GC(42) User=0.04s Sys=0.00s Real=0.02s
[2023-11-17T07:43:21.175+0000][gc,start      ] GC(43) Pause Young (Concurrent Start) (G1 Evacuation Pause)
[2023-11-17T07:43:21.175+0000][gc,task       ] GC(43) Using 2 workers of 2 for evacuation
[2023-11-17T07:43:21.191+0000][gc,phases     ] GC(43)   Pre Evacuate Collection Set: 0.2ms
[2023-11-17T07:43:21.191+0000][gc,phases     ] GC(43)   Evacuate Collection Set: 15.5ms
[2023-11-17T07:43:21.191+0000][gc,phases     ] GC(43)   Post Evacuate Collection Set: 0.5ms
[2023-11-17T07:43:21.191+0000][gc,phases     ] GC(43)   Other: 0.4ms
[2023-11-17T07:43:21.191+0000][gc,heap       ] GC(43) Eden regions: 23->0(24)
[2023-11-17T07:43:21.191+0000][gc,heap       ] GC(43) Survivor regions: 3->3(4)
[2023-11-17T07:43:21.191+0000][gc,heap       ] GC(43) Old regions: 43->44
[2023-11-17T07:43:21.191+0000][gc,heap       ] GC(43) Humongous regions: 138->138
[2023-11-17T07:43:21.191+0000][gc,metaspace  ] GC(43) Metaspace: 44209K(47000K)->44209K(47000K) NonClass: 38938K(40448K)->38938K(40448K) Class: 5271K(6552K)->5271K(6552K)
[2023-11-17T07:43:21.191+0000][gc            ] GC(43) Pause Young (Concurrent Start) (G1 Evacuation Pause) 204M->182M(512M) 16.723ms
[2023-11-17T07:43:21.191+0000][gc,cpu        ] GC(43) User=0.04s Sys=0.00s Real=0.01s
[2023-11-17T07:43:21.191+0000][gc            ] GC(44) Concurrent Cycle
[2023-11-17T07:43:21.191+0000][gc,marking    ] GC(44) Concurrent Clear Claimed Marks
[2023-11-17T07:43:21.192+0000][gc,marking    ] GC(44) Concurrent Clear Claimed Marks 0.223ms
[2023-11-17T07:43:21.192+0000][gc,marking    ] GC(44) Concurrent Scan Root Regions
[2023-11-17T07:43:21.195+0000][gc,marking    ] GC(44) Concurrent Scan Root Regions 3.299ms
[2023-11-17T07:43:21.195+0000][gc,marking    ] GC(44) Concurrent Mark (2151.227s)
[2023-11-17T07:43:21.195+0000][gc,marking    ] GC(44) Concurrent Mark From Roots
[2023-11-17T07:43:21.195+0000][gc,task       ] GC(44) Using 1 workers of 1 for marking
[2023-11-17T07:43:21.231+0000][gc,marking    ] GC(44) Concurrent Mark From Roots 35.808ms
[2023-11-17T07:43:21.231+0000][gc,marking    ] GC(44) Concurrent Preclean
[2023-11-17T07:43:21.231+0000][gc,marking    ] GC(44) Concurrent Preclean 0.306ms
[2023-11-17T07:43:21.231+0000][gc,marking    ] GC(44) Concurrent Mark (2151.227s, 2151.263s) 36.170ms
[2023-11-17T07:43:21.231+0000][gc,start      ] GC(44) Pause Remark
[2023-11-17T07:43:21.251+0000][gc,stringtable] GC(44) Cleaned string and symbol table, strings: 12720 processed, 255 removed, symbols: 92952 processed, 3 removed
[2023-11-17T07:43:21.252+0000][gc,mmu        ] GC(44) MMU target violated: 20.1ms (20.0ms/21.0ms)
[2023-11-17T07:43:21.252+0000][gc            ] GC(44) Pause Remark 183M->183M(512M) 20.180ms
[2023-11-17T07:43:21.252+0000][gc,cpu        ] GC(44) User=0.04s Sys=0.00s Real=0.02s
[2023-11-17T07:43:21.252+0000][gc,marking    ] GC(44) Concurrent Rebuild Remembered Sets
[2023-11-17T07:43:21.274+0000][gc,marking    ] GC(44) Concurrent Rebuild Remembered Sets 22.275ms
[2023-11-17T07:43:21.274+0000][gc,start      ] GC(44) Pause Cleanup
[2023-11-17T07:43:21.274+0000][gc            ] GC(44) Pause Cleanup 183M->183M(512M) 0.172ms
[2023-11-17T07:43:21.274+0000][gc,cpu        ] GC(44) User=0.00s Sys=0.00s Real=0.00s
[2023-11-17T07:43:21.274+0000][gc,marking    ] GC(44) Concurrent Cleanup for Next Mark
[2023-11-17T07:43:21.276+0000][gc,marking    ] GC(44) Concurrent Cleanup for Next Mark 1.383ms
[2023-11-17T07:43:21.276+0000][gc            ] GC(44) Concurrent Cycle 84.430ms
[2023-11-17T07:44:49.901+0000][gc,start      ] GC(45) Pause Young (Normal) (G1 Evacuation Pause)
[2023-11-17T07:44:49.901+0000][gc,task       ] GC(45) Using 2 workers of 2 for evacuation
[2023-11-17T07:44:49.920+0000][gc,phases     ] GC(45)   Pre Evacuate Collection Set: 0.0ms
[2023-11-17T07:44:49.920+0000][gc,phases     ] GC(45)   Evacuate Collection Set: 18.2ms
[2023-11-17T07:44:49.920+0000][gc,phases     ] GC(45)   Post Evacuate Collection Set: 0.4ms
[2023-11-17T07:44:49.920+0000][gc,phases     ] GC(45)   Other: 0.2ms
[2023-11-17T07:44:49.920+0000][gc,heap       ] GC(45) Eden regions: 23->0(24)
[2023-11-17T07:44:49.920+0000][gc,heap       ] GC(45) Survivor regions: 3->3(4)
[2023-11-17T07:44:49.920+0000][gc,heap       ] GC(45) Old regions: 44->46
[2023-11-17T07:44:49.920+0000][gc,heap       ] GC(45) Humongous regions: 138->138
[2023-11-17T07:44:49.920+0000][gc,metaspace  ] GC(45) Metaspace: 44055K(47000K)->44055K(47000K) NonClass: 38828K(40448K)->38828K(40448K) Class: 5226K(6552K)->5226K(6552K)
[2023-11-17T07:44:49.920+0000][gc            ] GC(45) Pause Young (Normal) (G1 Evacuation Pause) 205M->185M(512M) 19.019ms
[2023-11-17T07:44:49.920+0000][gc,cpu        ] GC(45) User=0.03s Sys=0.00s Real=0.02s
[2023-11-17T07:46:18.067+0000][gc,start      ] GC(46) Pause Young (Concurrent Start) (G1 Evacuation Pause)
[2023-11-17T07:46:18.067+0000][gc,task       ] GC(46) Using 2 workers of 2 for evacuation
[2023-11-17T07:46:18.082+0000][gc,phases     ] GC(46)   Pre Evacuate Collection Set: 0.2ms
[2023-11-17T07:46:18.082+0000][gc,phases     ] GC(46)   Evacuate Collection Set: 14.3ms
[2023-11-17T07:46:18.082+0000][gc,phases     ] GC(46)   Post Evacuate Collection Set: 0.4ms
[2023-11-17T07:46:18.082+0000][gc,phases     ] GC(46)   Other: 0.3ms
[2023-11-17T07:46:18.082+0000][gc,heap       ] GC(46) Eden regions: 23->0(25)
[2023-11-17T07:46:18.082+0000][gc,heap       ] GC(46) Survivor regions: 3->3(4)
[2023-11-17T07:46:18.082+0000][gc,heap       ] GC(46) Old regions: 46->48
[2023-11-17T07:46:18.082+0000][gc,heap       ] GC(46) Humongous regions: 138->138
[2023-11-17T07:46:18.082+0000][gc,metaspace  ] GC(46) Metaspace: 44055K(47000K)->44055K(47000K) NonClass: 38828K(40448K)->38828K(40448K) Class: 5226K(6552K)->5226K(6552K)
[2023-11-17T07:46:18.082+0000][gc            ] GC(46) Pause Young (Concurrent Start) (G1 Evacuation Pause) 208M->186M(512M) 15.319ms
[2023-11-17T07:46:18.082+0000][gc,cpu        ] GC(46) User=0.03s Sys=0.00s Real=0.01s
[2023-11-17T07:46:18.082+0000][gc            ] GC(47) Concurrent Cycle
[2023-11-17T07:46:18.082+0000][gc,marking    ] GC(47) Concurrent Clear Claimed Marks
[2023-11-17T07:46:18.082+0000][gc,marking    ] GC(47) Concurrent Clear Claimed Marks 0.199ms
[2023-11-17T07:46:18.082+0000][gc,marking    ] GC(47) Concurrent Scan Root Regions
[2023-11-17T07:46:18.086+0000][gc,marking    ] GC(47) Concurrent Scan Root Regions 4.123ms
[2023-11-17T07:46:18.086+0000][gc,marking    ] GC(47) Concurrent Mark (2328.119s)
[2023-11-17T07:46:18.086+0000][gc,marking    ] GC(47) Concurrent Mark From Roots
[2023-11-17T07:46:18.086+0000][gc,task       ] GC(47) Using 1 workers of 1 for marking
[2023-11-17T07:46:18.136+0000][gc,marking    ] GC(47) Concurrent Mark From Roots 49.508ms
[2023-11-17T07:46:18.136+0000][gc,marking    ] GC(47) Concurrent Preclean
[2023-11-17T07:46:18.136+0000][gc,marking    ] GC(47) Concurrent Preclean 0.178ms
[2023-11-17T07:46:18.136+0000][gc,marking    ] GC(47) Concurrent Mark (2328.119s, 2328.168s) 49.744ms
[2023-11-17T07:46:18.139+0000][gc,start      ] GC(47) Pause Remark
[2023-11-17T07:46:18.166+0000][gc,stringtable] GC(47) Cleaned string and symbol table, strings: 12466 processed, 0 removed, symbols: 92949 processed, 21 removed
[2023-11-17T07:46:18.166+0000][gc,mmu        ] GC(47) MMU target violated: 21.0ms (20.0ms/21.0ms)
[2023-11-17T07:46:18.166+0000][gc            ] GC(47) Pause Remark 186M->186M(512M) 26.767ms
[2023-11-17T07:46:18.166+0000][gc,cpu        ] GC(47) User=0.04s Sys=0.00s Real=0.03s
[2023-11-17T07:46:18.166+0000][gc,marking    ] GC(47) Concurrent Rebuild Remembered Sets
[2023-11-17T07:46:18.189+0000][gc,marking    ] GC(47) Concurrent Rebuild Remembered Sets 22.505ms
[2023-11-17T07:46:18.189+0000][gc,start      ] GC(47) Pause Cleanup
[2023-11-17T07:46:18.189+0000][gc            ] GC(47) Pause Cleanup 186M->186M(512M) 0.146ms
[2023-11-17T07:46:18.189+0000][gc,cpu        ] GC(47) User=0.00s Sys=0.00s Real=0.00s
[2023-11-17T07:46:18.189+0000][gc,marking    ] GC(47) Concurrent Cleanup for Next Mark
[2023-11-17T07:46:18.191+0000][gc,marking    ] GC(47) Concurrent Cleanup for Next Mark 1.371ms
[2023-11-17T07:46:18.191+0000][gc            ] GC(47) Concurrent Cycle 108.598ms
[2023-11-17T07:47:46.220+0000][gc,start      ] GC(48) Pause Young (Prepare Mixed) (G1 Evacuation Pause)
[2023-11-17T07:47:46.220+0000][gc,task       ] GC(48) Using 2 workers of 2 for evacuation
[2023-11-17T07:47:46.231+0000][gc,phases     ] GC(48)   Pre Evacuate Collection Set: 0.0ms
[2023-11-17T07:47:46.231+0000][gc,phases     ] GC(48)   Evacuate Collection Set: 11.1ms
[2023-11-17T07:47:46.231+0000][gc,phases     ] GC(48)   Post Evacuate Collection Set: 0.5ms
[2023-11-17T07:47:46.231+0000][gc,phases     ] GC(48)   Other: 0.2ms
[2023-11-17T07:47:46.231+0000][gc,heap       ] GC(48) Eden regions: 23->0(23)
[2023-11-17T07:47:46.231+0000][gc,heap       ] GC(48) Survivor regions: 3->2(4)
[2023-11-17T07:47:46.231+0000][gc,heap       ] GC(48) Old regions: 48->49
[2023-11-17T07:47:46.231+0000][gc,heap       ] GC(48) Humongous regions: 138->138
[2023-11-17T07:47:46.231+0000][gc,metaspace  ] GC(48) Metaspace: 44056K(47000K)->44056K(47000K) NonClass: 38829K(40448K)->38829K(40448K) Class: 5226K(6552K)->5226K(6552K)
[2023-11-17T07:47:46.231+0000][gc            ] GC(48) Pause Young (Prepare Mixed) (G1 Evacuation Pause) 209M->186M(512M) 11.884ms
[2023-11-17T07:47:46.231+0000][gc,cpu        ] GC(48) User=0.03s Sys=0.00s Real=0.01s
[2023-11-17T07:49:13.881+0000][gc,start      ] GC(49) Pause Young (Mixed) (G1 Evacuation Pause)
[2023-11-17T07:49:13.881+0000][gc,task       ] GC(49) Using 2 workers of 2 for evacuation
[2023-11-17T07:49:13.894+0000][gc,phases     ] GC(49)   Pre Evacuate Collection Set: 0.0ms
[2023-11-17T07:49:13.894+0000][gc,phases     ] GC(49)   Evacuate Collection Set: 11.8ms
[2023-11-17T07:49:13.894+0000][gc,phases     ] GC(49)   Post Evacuate Collection Set: 0.4ms
[2023-11-17T07:49:13.894+0000][gc,phases     ] GC(49)   Other: 0.3ms
[2023-11-17T07:49:13.894+0000][gc,heap       ] GC(49) Eden regions: 23->0(29)
[2023-11-17T07:49:13.894+0000][gc,heap       ] GC(49) Survivor regions: 2->4(4)
[2023-11-17T07:49:13.894+0000][gc,heap       ] GC(49) Old regions: 49->48
[2023-11-17T07:49:13.894+0000][gc,heap       ] GC(49) Humongous regions: 138->138
[2023-11-17T07:49:13.894+0000][gc,metaspace  ] GC(49) Metaspace: 44073K(47000K)->44073K(47000K) NonClass: 38847K(40448K)->38847K(40448K) Class: 5226K(6552K)->5226K(6552K)
[2023-11-17T07:49:13.894+0000][gc            ] GC(49) Pause Young (Mixed) (G1 Evacuation Pause) 209M->187M(512M) 12.549ms
[2023-11-17T07:49:13.894+0000][gc,cpu        ] GC(49) User=0.02s Sys=0.00s Real=0.02s
[2023-11-17T07:51:06.088+0000][gc,start      ] GC(50) Pause Young (Concurrent Start) (G1 Evacuation Pause)
[2023-11-17T07:51:06.088+0000][gc,task       ] GC(50) Using 2 workers of 2 for evacuation
[2023-11-17T07:51:06.102+0000][gc,phases     ] GC(50)   Pre Evacuate Collection Set: 0.2ms
[2023-11-17T07:51:06.102+0000][gc,phases     ] GC(50)   Evacuate Collection Set: 13.2ms
[2023-11-17T07:51:06.102+0000][gc,phases     ] GC(50)   Post Evacuate Collection Set: 0.3ms
[2023-11-17T07:51:06.102+0000][gc,phases     ] GC(50)   Other: 0.3ms
[2023-11-17T07:51:06.102+0000][gc,heap       ] GC(50) Eden regions: 29->0(28)
[2023-11-17T07:51:06.102+0000][gc,heap       ] GC(50) Survivor regions: 4->3(5)
[2023-11-17T07:51:06.102+0000][gc,heap       ] GC(50) Old regions: 48->49
[2023-11-17T07:51:06.102+0000][gc,heap       ] GC(50) Humongous regions: 138->138
[2023-11-17T07:51:06.102+0000][gc,metaspace  ] GC(50) Metaspace: 44090K(47000K)->44090K(47000K) NonClass: 38864K(40448K)->38864K(40448K) Class: 5226K(6552K)->5226K(6552K)
[2023-11-17T07:51:06.102+0000][gc            ] GC(50) Pause Young (Concurrent Start) (G1 Evacuation Pause) 216M->188M(512M) 14.076ms
[2023-11-17T07:51:06.102+0000][gc,cpu        ] GC(50) User=0.02s Sys=0.00s Real=0.01s
[2023-11-17T07:51:06.102+0000][gc            ] GC(51) Concurrent Cycle
[2023-11-17T07:51:06.102+0000][gc,marking    ] GC(51) Concurrent Clear Claimed Marks
[2023-11-17T07:51:06.102+0000][gc,marking    ] GC(51) Concurrent Clear Claimed Marks 0.203ms
[2023-11-17T07:51:06.102+0000][gc,marking    ] GC(51) Concurrent Scan Root Regions
[2023-11-17T07:51:06.106+0000][gc,marking    ] GC(51) Concurrent Scan Root Regions 3.792ms
[2023-11-17T07:51:06.106+0000][gc,marking    ] GC(51) Concurrent Mark (2616.138s)
[2023-11-17T07:51:06.106+0000][gc,marking    ] GC(51) Concurrent Mark From Roots
[2023-11-17T07:51:06.106+0000][gc,task       ] GC(51) Using 1 workers of 1 for marking
[2023-11-17T07:51:06.140+0000][gc,marking    ] GC(51) Concurrent Mark From Roots 34.368ms
[2023-11-17T07:51:06.140+0000][gc,marking    ] GC(51) Concurrent Preclean
[2023-11-17T07:51:06.141+0000][gc,marking    ] GC(51) Concurrent Preclean 0.175ms
[2023-11-17T07:51:06.141+0000][gc,marking    ] GC(51) Concurrent Mark (2616.138s, 2616.173s) 34.599ms
[2023-11-17T07:51:06.141+0000][gc,start      ] GC(51) Pause Remark
[2023-11-17T07:51:06.153+0000][gc,stringtable] GC(51) Cleaned string and symbol table, strings: 12503 processed, 0 removed, symbols: 92929 processed, 1 removed
[2023-11-17T07:51:06.153+0000][gc            ] GC(51) Pause Remark 188M->188M(512M) 12.547ms
[2023-11-17T07:51:06.153+0000][gc,cpu        ] GC(51) User=0.02s Sys=0.00s Real=0.02s
[2023-11-17T07:51:06.154+0000][gc,marking    ] GC(51) Concurrent Rebuild Remembered Sets
[2023-11-17T07:51:06.174+0000][gc,marking    ] GC(51) Concurrent Rebuild Remembered Sets 20.856ms
[2023-11-17T07:51:06.175+0000][gc,start      ] GC(51) Pause Cleanup
[2023-11-17T07:51:06.175+0000][gc            ] GC(51) Pause Cleanup 188M->188M(512M) 0.164ms
[2023-11-17T07:51:06.175+0000][gc,cpu        ] GC(51) User=0.00s Sys=0.00s Real=0.00s
[2023-11-17T07:51:06.175+0000][gc,marking    ] GC(51) Concurrent Cleanup for Next Mark
[2023-11-17T07:51:06.176+0000][gc,marking    ] GC(51) Concurrent Cleanup for Next Mark 1.322ms
[2023-11-17T07:51:06.176+0000][gc            ] GC(51) Concurrent Cycle 74.125ms
[2023-11-17T07:52:42.769+0000][gc,start      ] GC(52) Pause Young (Prepare Mixed) (G1 Evacuation Pause)
[2023-11-17T07:52:42.769+0000][gc,task       ] GC(52) Using 2 workers of 2 for evacuation
[2023-11-17T07:52:42.784+0000][gc,phases     ] GC(52)   Pre Evacuate Collection Set: 0.0ms
[2023-11-17T07:52:42.784+0000][gc,phases     ] GC(52)   Evacuate Collection Set: 14.3ms
[2023-11-17T07:52:42.784+0000][gc,phases     ] GC(52)   Post Evacuate Collection Set: 0.3ms
[2023-11-17T07:52:42.784+0000][gc,phases     ] GC(52)   Other: 0.2ms
[2023-11-17T07:52:42.784+0000][gc,heap       ] GC(52) Eden regions: 25->0(21)
[2023-11-17T07:52:42.784+0000][gc,heap       ] GC(52) Survivor regions: 3->4(4)
[2023-11-17T07:52:42.784+0000][gc,heap       ] GC(52) Old regions: 49->50
[2023-11-17T07:52:42.784+0000][gc,heap       ] GC(52) Humongous regions: 138->138
[2023-11-17T07:52:42.784+0000][gc,metaspace  ] GC(52) Metaspace: 44093K(47000K)->44093K(47000K) NonClass: 38866K(40448K)->38866K(40448K) Class: 5227K(6552K)->5227K(6552K)
[2023-11-17T07:52:42.784+0000][gc            ] GC(52) Pause Young (Prepare Mixed) (G1 Evacuation Pause) 213M->190M(512M) 14.953ms
[2023-11-17T07:52:42.784+0000][gc,cpu        ] GC(52) User=0.03s Sys=0.00s Real=0.01s
[2023-11-17T07:54:03.373+0000][gc,start      ] GC(53) Pause Young (Mixed) (G1 Evacuation Pause)
[2023-11-17T07:54:03.373+0000][gc,task       ] GC(53) Using 2 workers of 2 for evacuation
[2023-11-17T07:54:03.394+0000][gc,mmu        ] GC(53) MMU target violated: 20.8ms (20.0ms/21.0ms)
[2023-11-17T07:54:03.394+0000][gc,phases     ] GC(53)   Pre Evacuate Collection Set: 0.0ms
[2023-11-17T07:54:03.394+0000][gc,phases     ] GC(53)   Evacuate Collection Set: 20.0ms
[2023-11-17T07:54:03.394+0000][gc,phases     ] GC(53)   Post Evacuate Collection Set: 0.4ms
[2023-11-17T07:54:03.394+0000][gc,phases     ] GC(53)   Other: 0.6ms
[2023-11-17T07:54:03.394+0000][gc,heap       ] GC(53) Eden regions: 21->0(25)
[2023-11-17T07:54:03.394+0000][gc,heap       ] GC(53) Survivor regions: 4->2(4)
[2023-11-17T07:54:03.394+0000][gc,heap       ] GC(53) Old regions: 50->50
[2023-11-17T07:54:03.394+0000][gc,heap       ] GC(53) Humongous regions: 138->138
[2023-11-17T07:54:03.394+0000][gc,metaspace  ] GC(53) Metaspace: 44095K(47000K)->44095K(47000K) NonClass: 38867K(40448K)->38867K(40448K) Class: 5227K(6552K)->5227K(6552K)
[2023-11-17T07:54:03.394+0000][gc            ] GC(53) Pause Young (Mixed) (G1 Evacuation Pause) 211M->188M(512M) 21.105ms
[2023-11-17T07:54:03.394+0000][gc,cpu        ] GC(53) User=0.04s Sys=0.01s Real=0.03s
[2023-11-17T07:55:40.092+0000][gc,start      ] GC(54) Pause Young (Concurrent Start) (G1 Evacuation Pause)
[2023-11-17T07:55:40.092+0000][gc,task       ] GC(54) Using 2 workers of 2 for evacuation
[2023-11-17T07:55:40.107+0000][gc,phases     ] GC(54)   Pre Evacuate Collection Set: 0.2ms
[2023-11-17T07:55:40.107+0000][gc,phases     ] GC(54)   Evacuate Collection Set: 13.7ms
[2023-11-17T07:55:40.107+0000][gc,phases     ] GC(54)   Post Evacuate Collection Set: 0.3ms
[2023-11-17T07:55:40.107+0000][gc,phases     ] GC(54)   Other: 0.3ms
[2023-11-17T07:55:40.107+0000][gc,heap       ] GC(54) Eden regions: 25->0(24)
[2023-11-17T07:55:40.107+0000][gc,heap       ] GC(54) Survivor regions: 2->4(4)
[2023-11-17T07:55:40.107+0000][gc,heap       ] GC(54) Old regions: 50->51
[2023-11-17T07:55:40.107+0000][gc,heap       ] GC(54) Humongous regions: 138->138
[2023-11-17T07:55:40.107+0000][gc,metaspace  ] GC(54) Metaspace: 44096K(47000K)->44096K(47000K) NonClass: 38869K(40448K)->38869K(40448K) Class: 5227K(6552K)->5227K(6552K)
[2023-11-17T07:55:40.107+0000][gc            ] GC(54) Pause Young (Concurrent Start) (G1 Evacuation Pause) 213M->191M(512M) 14.613ms
[2023-11-17T07:55:40.107+0000][gc,cpu        ] GC(54) User=0.03s Sys=0.00s Real=0.02s
[2023-11-17T07:55:40.107+0000][gc            ] GC(55) Concurrent Cycle
[2023-11-17T07:55:40.107+0000][gc,marking    ] GC(55) Concurrent Clear Claimed Marks
[2023-11-17T07:55:40.107+0000][gc,marking    ] GC(55) Concurrent Clear Claimed Marks 0.199ms
[2023-11-17T07:55:40.107+0000][gc,marking    ] GC(55) Concurrent Scan Root Regions
[2023-11-17T07:55:40.111+0000][gc,marking    ] GC(55) Concurrent Scan Root Regions 3.508ms
[2023-11-17T07:55:40.111+0000][gc,marking    ] GC(55) Concurrent Mark (2890.143s)
[2023-11-17T07:55:40.111+0000][gc,marking    ] GC(55) Concurrent Mark From Roots
[2023-11-17T07:55:40.111+0000][gc,task       ] GC(55) Using 1 workers of 1 for marking
[2023-11-17T07:55:40.145+0000][gc,marking    ] GC(55) Concurrent Mark From Roots 34.526ms
[2023-11-17T07:55:40.145+0000][gc,marking    ] GC(55) Concurrent Preclean
[2023-11-17T07:55:40.145+0000][gc,marking    ] GC(55) Concurrent Preclean 0.210ms
[2023-11-17T07:55:40.145+0000][gc,marking    ] GC(55) Concurrent Mark (2890.143s, 2890.178s) 34.789ms
[2023-11-17T07:55:40.146+0000][gc,start      ] GC(55) Pause Remark
[2023-11-17T07:55:40.159+0000][gc,stringtable] GC(55) Cleaned string and symbol table, strings: 12593 processed, 0 removed, symbols: 92929 processed, 1 removed
[2023-11-17T07:55:40.159+0000][gc            ] GC(55) Pause Remark 191M->191M(512M) 13.345ms
[2023-11-17T07:55:40.159+0000][gc,cpu        ] GC(55) User=0.02s Sys=0.00s Real=0.01s
[2023-11-17T07:55:40.159+0000][gc,marking    ] GC(55) Concurrent Rebuild Remembered Sets
[2023-11-17T07:55:40.180+0000][gc,marking    ] GC(55) Concurrent Rebuild Remembered Sets 21.063ms
[2023-11-17T07:55:40.181+0000][gc,start      ] GC(55) Pause Cleanup
[2023-11-17T07:55:40.181+0000][gc            ] GC(55) Pause Cleanup 191M->191M(512M) 0.156ms
[2023-11-17T07:55:40.181+0000][gc,cpu        ] GC(55) User=0.00s Sys=0.00s Real=0.00s
[2023-11-17T07:55:40.181+0000][gc,marking    ] GC(55) Concurrent Cleanup for Next Mark
[2023-11-17T07:55:40.182+0000][gc,marking    ] GC(55) Concurrent Cleanup for Next Mark 1.433ms
[2023-11-17T07:55:40.182+0000][gc            ] GC(55) Concurrent Cycle 75.290ms
[2023-11-17T07:57:12.285+0000][gc,start      ] GC(56) Pause Young (Prepare Mixed) (G1 Evacuation Pause)
[2023-11-17T07:57:12.285+0000][gc,task       ] GC(56) Using 2 workers of 2 for evacuation
[2023-11-17T07:57:12.297+0000][gc,phases     ] GC(56)   Pre Evacuate Collection Set: 0.0ms
[2023-11-17T07:57:12.297+0000][gc,phases     ] GC(56)   Evacuate Collection Set: 12.2ms
[2023-11-17T07:57:12.297+0000][gc,phases     ] GC(56)   Post Evacuate Collection Set: 0.4ms
[2023-11-17T07:57:12.298+0000][gc,phases     ] GC(56)   Other: 0.3ms
[2023-11-17T07:57:12.298+0000][gc,heap       ] GC(56) Eden regions: 24->0(22)
[2023-11-17T07:57:12.298+0000][gc,heap       ] GC(56) Survivor regions: 4->3(4)
[2023-11-17T07:57:12.298+0000][gc,heap       ] GC(56) Old regions: 51->52
[2023-11-17T07:57:12.298+0000][gc,heap       ] GC(56) Humongous regions: 138->138
[2023-11-17T07:57:12.298+0000][gc,metaspace  ] GC(56) Metaspace: 44098K(47000K)->44098K(47000K) NonClass: 38870K(40448K)->38870K(40448K) Class: 5227K(6552K)->5227K(6552K)
[2023-11-17T07:57:12.298+0000][gc            ] GC(56) Pause Young (Prepare Mixed) (G1 Evacuation Pause) 215M->191M(512M) 12.956ms
[2023-11-17T07:57:12.298+0000][gc,cpu        ] GC(56) User=0.02s Sys=0.00s Real=0.02s
[2023-11-17T07:58:36.538+0000][gc,start      ] GC(57) Pause Young (Mixed) (G1 Evacuation Pause)
[2023-11-17T07:58:36.538+0000][gc,task       ] GC(57) Using 2 workers of 2 for evacuation
[2023-11-17T07:58:36.553+0000][gc,phases     ] GC(57)   Pre Evacuate Collection Set: 0.0ms
[2023-11-17T07:58:36.553+0000][gc,phases     ] GC(57)   Evacuate Collection Set: 14.3ms
[2023-11-17T07:58:36.553+0000][gc,phases     ] GC(57)   Post Evacuate Collection Set: 0.4ms
[2023-11-17T07:58:36.553+0000][gc,phases     ] GC(57)   Other: 0.3ms
[2023-11-17T07:58:36.553+0000][gc,heap       ] GC(57) Eden regions: 22->0(25)
[2023-11-17T07:58:36.553+0000][gc,heap       ] GC(57) Survivor regions: 3->3(4)
[2023-11-17T07:58:36.553+0000][gc,heap       ] GC(57) Old regions: 52->51
[2023-11-17T07:58:36.553+0000][gc,heap       ] GC(57) Humongous regions: 138->138
[2023-11-17T07:58:36.553+0000][gc,metaspace  ] GC(57) Metaspace: 44114K(47000K)->44114K(47000K) NonClass: 38886K(40448K)->38886K(40448K) Class: 5227K(6552K)->5227K(6552K)
[2023-11-17T07:58:36.553+0000][gc            ] GC(57) Pause Young (Mixed) (G1 Evacuation Pause) 213M->189M(512M) 15.044ms
[2023-11-17T07:58:36.553+0000][gc,cpu        ] GC(57) User=0.03s Sys=0.00s Real=0.01s
[2023-11-17T08:00:13.600+0000][gc,start      ] GC(58) Pause Young (Concurrent Start) (G1 Evacuation Pause)
[2023-11-17T08:00:13.600+0000][gc,task       ] GC(58) Using 2 workers of 2 for evacuation
[2023-11-17T08:00:13.627+0000][gc,mmu        ] GC(58) MMU target violated: 21.0ms (20.0ms/21.0ms)
[2023-11-17T08:00:13.627+0000][gc,phases     ] GC(58)   Pre Evacuate Collection Set: 0.2ms
[2023-11-17T08:00:13.627+0000][gc,phases     ] GC(58)   Evacuate Collection Set: 25.6ms
[2023-11-17T08:00:13.627+0000][gc,phases     ] GC(58)   Post Evacuate Collection Set: 0.8ms
[2023-11-17T08:00:13.628+0000][gc,phases     ] GC(58)   Other: 0.4ms
[2023-11-17T08:00:13.628+0000][gc,heap       ] GC(58) Eden regions: 25->0(22)
[2023-11-17T08:00:13.628+0000][gc,heap       ] GC(58) Survivor regions: 3->3(4)
[2023-11-17T08:00:13.628+0000][gc,heap       ] GC(58) Old regions: 51->52
[2023-11-17T08:00:13.628+0000][gc,heap       ] GC(58) Humongous regions: 138->138
[2023-11-17T08:00:13.628+0000][gc,metaspace  ] GC(58) Metaspace: 44117K(47000K)->44117K(47000K) NonClass: 38890K(40448K)->38890K(40448K) Class: 5227K(6552K)->5227K(6552K)
[2023-11-17T08:00:13.628+0000][gc            ] GC(58) Pause Young (Concurrent Start) (G1 Evacuation Pause) 214M->191M(512M) 27.229ms
[2023-11-17T08:00:13.628+0000][gc,cpu        ] GC(58) User=0.04s Sys=0.00s Real=0.03s
[2023-11-17T08:00:13.628+0000][gc            ] GC(59) Concurrent Cycle
[2023-11-17T08:00:13.628+0000][gc,marking    ] GC(59) Concurrent Clear Claimed Marks
[2023-11-17T08:00:13.629+0000][gc,marking    ] GC(59) Concurrent Clear Claimed Marks 0.912ms
[2023-11-17T08:00:13.629+0000][gc,marking    ] GC(59) Concurrent Scan Root Regions
[2023-11-17T08:00:13.633+0000][gc,marking    ] GC(59) Concurrent Scan Root Regions 4.174ms
[2023-11-17T08:00:13.633+0000][gc,marking    ] GC(59) Concurrent Mark (3163.665s)
[2023-11-17T08:00:13.633+0000][gc,marking    ] GC(59) Concurrent Mark From Roots
[2023-11-17T08:00:13.633+0000][gc,task       ] GC(59) Using 1 workers of 1 for marking
[2023-11-17T08:00:13.671+0000][gc,marking    ] GC(59) Concurrent Mark From Roots 37.452ms
[2023-11-17T08:00:13.671+0000][gc,marking    ] GC(59) Concurrent Preclean
[2023-11-17T08:00:13.671+0000][gc,marking    ] GC(59) Concurrent Preclean 0.171ms
[2023-11-17T08:00:13.671+0000][gc,marking    ] GC(59) Concurrent Mark (3163.665s, 3163.703s) 37.674ms
[2023-11-17T08:00:13.671+0000][gc,start      ] GC(59) Pause Remark
[2023-11-17T08:00:13.685+0000][gc,stringtable] GC(59) Cleaned string and symbol table, strings: 12596 processed, 0 removed, symbols: 92929 processed, 1 removed
[2023-11-17T08:00:13.686+0000][gc            ] GC(59) Pause Remark 191M->191M(512M) 14.627ms
[2023-11-17T08:00:13.686+0000][gc,cpu        ] GC(59) User=0.02s Sys=0.01s Real=0.02s
[2023-11-17T08:00:13.686+0000][gc,marking    ] GC(59) Concurrent Rebuild Remembered Sets
[2023-11-17T08:00:13.709+0000][gc,marking    ] GC(59) Concurrent Rebuild Remembered Sets 23.140ms
[2023-11-17T08:00:13.709+0000][gc,start      ] GC(59) Pause Cleanup
[2023-11-17T08:00:13.709+0000][gc            ] GC(59) Pause Cleanup 191M->191M(512M) 0.177ms
[2023-11-17T08:00:13.709+0000][gc,cpu        ] GC(59) User=0.00s Sys=0.00s Real=0.00s
[2023-11-17T08:00:13.709+0000][gc,marking    ] GC(59) Concurrent Cleanup for Next Mark
[2023-11-17T08:00:13.711+0000][gc,marking    ] GC(59) Concurrent Cleanup for Next Mark 1.354ms
[2023-11-17T08:00:13.711+0000][gc            ] GC(59) Concurrent Cycle 82.985ms
[2023-11-17T08:01:38.789+0000][gc,start      ] GC(60) Pause Young (Prepare Mixed) (G1 Evacuation Pause)
[2023-11-17T08:01:38.789+0000][gc,task       ] GC(60) Using 2 workers of 2 for evacuation
[2023-11-17T08:01:38.803+0000][gc,phases     ] GC(60)   Pre Evacuate Collection Set: 0.0ms
[2023-11-17T08:01:38.803+0000][gc,phases     ] GC(60)   Evacuate Collection Set: 13.6ms
[2023-11-17T08:01:38.803+0000][gc,phases     ] GC(60)   Post Evacuate Collection Set: 0.4ms
[2023-11-17T08:01:38.803+0000][gc,phases     ] GC(60)   Other: 0.3ms
[2023-11-17T08:01:38.803+0000][gc,heap       ] GC(60) Eden regions: 22->0(23)
[2023-11-17T08:01:38.803+0000][gc,heap       ] GC(60) Survivor regions: 3->2(4)
[2023-11-17T08:01:38.803+0000][gc,heap       ] GC(60) Old regions: 52->53
[2023-11-17T08:01:38.803+0000][gc,heap       ] GC(60) Humongous regions: 138->138
[2023-11-17T08:01:38.803+0000][gc,metaspace  ] GC(60) Metaspace: 44118K(47000K)->44118K(47000K) NonClass: 38890K(40448K)->38890K(40448K) Class: 5227K(6552K)->5227K(6552K)
[2023-11-17T08:01:38.803+0000][gc            ] GC(60) Pause Young (Prepare Mixed) (G1 Evacuation Pause) 213M->190M(512M) 14.395ms
[2023-11-17T08:01:38.803+0000][gc,cpu        ] GC(60) User=0.03s Sys=0.00s Real=0.01s
[2023-11-17T08:03:08.458+0000][gc,start      ] GC(61) Pause Young (Mixed) (G1 Evacuation Pause)
[2023-11-17T08:03:08.458+0000][gc,task       ] GC(61) Using 2 workers of 2 for evacuation
[2023-11-17T08:03:08.471+0000][gc,phases     ] GC(61)   Pre Evacuate Collection Set: 0.0ms
[2023-11-17T08:03:08.471+0000][gc,phases     ] GC(61)   Evacuate Collection Set: 12.1ms
[2023-11-17T08:03:08.471+0000][gc,phases     ] GC(61)   Post Evacuate Collection Set: 0.3ms
[2023-11-17T08:03:08.471+0000][gc,phases     ] GC(61)   Other: 0.2ms
[2023-11-17T08:03:08.471+0000][gc,heap       ] GC(61) Eden regions: 23->0(25)
[2023-11-17T08:03:08.471+0000][gc,heap       ] GC(61) Survivor regions: 2->4(4)
[2023-11-17T08:03:08.471+0000][gc,heap       ] GC(61) Old regions: 53->49
[2023-11-17T08:03:08.471+0000][gc,heap       ] GC(61) Humongous regions: 138->138
[2023-11-17T08:03:08.471+0000][gc,metaspace  ] GC(61) Metaspace: 44118K(47000K)->44118K(47000K) NonClass: 38890K(40448K)->38890K(40448K) Class: 5227K(6552K)->5227K(6552K)
[2023-11-17T08:03:08.471+0000][gc            ] GC(61) Pause Young (Mixed) (G1 Evacuation Pause) 213M->188M(512M) 12.749ms
[2023-11-17T08:03:08.471+0000][gc,cpu        ] GC(61) User=0.02s Sys=0.00s Real=0.01s
[2023-11-17T08:04:45.802+0000][gc,start      ] GC(62) Pause Young (Concurrent Start) (G1 Evacuation Pause)
[2023-11-17T08:04:45.802+0000][gc,task       ] GC(62) Using 2 workers of 2 for evacuation
[2023-11-17T08:04:45.815+0000][gc,phases     ] GC(62)   Pre Evacuate Collection Set: 0.2ms
[2023-11-17T08:04:45.815+0000][gc,phases     ] GC(62)   Evacuate Collection Set: 12.5ms
[2023-11-17T08:04:45.815+0000][gc,phases     ] GC(62)   Post Evacuate Collection Set: 0.3ms
[2023-11-17T08:04:45.815+0000][gc,phases     ] GC(62)   Other: 0.3ms
[2023-11-17T08:04:45.815+0000][gc,heap       ] GC(62) Eden regions: 25->0(26)
[2023-11-17T08:04:45.815+0000][gc,heap       ] GC(62) Survivor regions: 4->2(4)
[2023-11-17T08:04:45.815+0000][gc,heap       ] GC(62) Old regions: 49->50
[2023-11-17T08:04:45.815+0000][gc,heap       ] GC(62) Humongous regions: 138->138
[2023-11-17T08:04:45.815+0000][gc,metaspace  ] GC(62) Metaspace: 44121K(47000K)->44121K(47000K) NonClass: 38894K(40448K)->38894K(40448K) Class: 5227K(6552K)->5227K(6552K)
[2023-11-17T08:04:45.815+0000][gc            ] GC(62) Pause Young (Concurrent Start) (G1 Evacuation Pause) 213M->188M(512M) 13.409ms
[2023-11-17T08:04:45.815+0000][gc,cpu        ] GC(62) User=0.03s Sys=0.00s Real=0.02s
[2023-11-17T08:04:45.815+0000][gc            ] GC(63) Concurrent Cycle
[2023-11-17T08:04:45.815+0000][gc,marking    ] GC(63) Concurrent Clear Claimed Marks
[2023-11-17T08:04:45.816+0000][gc,marking    ] GC(63) Concurrent Clear Claimed Marks 0.202ms
[2023-11-17T08:04:45.816+0000][gc,marking    ] GC(63) Concurrent Scan Root Regions
[2023-11-17T08:04:45.818+0000][gc,marking    ] GC(63) Concurrent Scan Root Regions 2.931ms
[2023-11-17T08:04:45.819+0000][gc,marking    ] GC(63) Concurrent Mark (3435.851s)
[2023-11-17T08:04:45.819+0000][gc,marking    ] GC(63) Concurrent Mark From Roots
[2023-11-17T08:04:45.819+0000][gc,task       ] GC(63) Using 1 workers of 1 for marking
[2023-11-17T08:04:45.852+0000][gc,marking    ] GC(63) Concurrent Mark From Roots 33.854ms
[2023-11-17T08:04:45.852+0000][gc,marking    ] GC(63) Concurrent Preclean
[2023-11-17T08:04:45.853+0000][gc,marking    ] GC(63) Concurrent Preclean 0.167ms
[2023-11-17T08:04:45.853+0000][gc,marking    ] GC(63) Concurrent Mark (3435.851s, 3435.885s) 34.073ms
[2023-11-17T08:04:45.853+0000][gc,start      ] GC(63) Pause Remark
[2023-11-17T08:04:45.866+0000][gc,stringtable] GC(63) Cleaned string and symbol table, strings: 12625 processed, 0 removed, symbols: 92929 processed, 1 removed
[2023-11-17T08:04:45.867+0000][gc            ] GC(63) Pause Remark 188M->188M(512M) 13.730ms
[2023-11-17T08:04:45.867+0000][gc,cpu        ] GC(63) User=0.02s Sys=0.00s Real=0.02s
[2023-11-17T08:04:45.867+0000][gc,marking    ] GC(63) Concurrent Rebuild Remembered Sets
[2023-11-17T08:04:45.888+0000][gc,marking    ] GC(63) Concurrent Rebuild Remembered Sets 21.706ms
[2023-11-17T08:04:45.889+0000][gc,start      ] GC(63) Pause Cleanup
[2023-11-17T08:04:45.889+0000][gc            ] GC(63) Pause Cleanup 188M->188M(512M) 0.165ms
[2023-11-17T08:04:45.889+0000][gc,cpu        ] GC(63) User=0.00s Sys=0.00s Real=0.00s
[2023-11-17T08:04:45.889+0000][gc,marking    ] GC(63) Concurrent Cleanup for Next Mark
[2023-11-17T08:04:45.890+0000][gc,marking    ] GC(63) Concurrent Cleanup for Next Mark 1.566ms
[2023-11-17T08:04:45.891+0000][gc            ] GC(63) Concurrent Cycle 75.180ms
[2023-11-17T08:06:20.273+0000][gc,start      ] GC(64) Pause Young (Prepare Mixed) (G1 Evacuation Pause)
[2023-11-17T08:06:20.273+0000][gc,task       ] GC(64) Using 2 workers of 2 for evacuation
[2023-11-17T08:06:20.287+0000][gc,phases     ] GC(64)   Pre Evacuate Collection Set: 0.0ms
[2023-11-17T08:06:20.287+0000][gc,phases     ] GC(64)   Evacuate Collection Set: 13.1ms
[2023-11-17T08:06:20.287+0000][gc,phases     ] GC(64)   Post Evacuate Collection Set: 0.4ms
[2023-11-17T08:06:20.287+0000][gc,phases     ] GC(64)   Other: 0.3ms
[2023-11-17T08:06:20.287+0000][gc,heap       ] GC(64) Eden regions: 25->0(21)
[2023-11-17T08:06:20.287+0000][gc,heap       ] GC(64) Survivor regions: 2->4(4)
[2023-11-17T08:06:20.287+0000][gc,heap       ] GC(64) Old regions: 50->51
[2023-11-17T08:06:20.287+0000][gc,heap       ] GC(64) Humongous regions: 350->246
[2023-11-17T08:06:20.287+0000][gc,metaspace  ] GC(64) Metaspace: 44162K(47000K)->44162K(47000K) NonClass: 38927K(40448K)->38927K(40448K) Class: 5234K(6552K)->5234K(6552K)
[2023-11-17T08:06:20.287+0000][gc            ] GC(64) Pause Young (Prepare Mixed) (G1 Evacuation Pause) 425M->298M(512M) 13.817ms
[2023-11-17T08:06:20.287+0000][gc,cpu        ] GC(64) User=0.03s Sys=0.00s Real=0.02s
[2023-11-17T08:07:32.415+0000][gc,start      ] GC(65) Pause Young (Mixed) (G1 Evacuation Pause)
[2023-11-17T08:07:32.415+0000][gc,task       ] GC(65) Using 2 workers of 2 for evacuation
[2023-11-17T08:07:32.430+0000][gc,phases     ] GC(65)   Pre Evacuate Collection Set: 0.0ms
[2023-11-17T08:07:32.430+0000][gc,phases     ] GC(65)   Evacuate Collection Set: 14.0ms
[2023-11-17T08:07:32.430+0000][gc,phases     ] GC(65)   Post Evacuate Collection Set: 0.3ms
[2023-11-17T08:07:32.430+0000][gc,phases     ] GC(65)   Other: 0.3ms
[2023-11-17T08:07:32.430+0000][gc,heap       ] GC(65) Eden regions: 21->0(25)
[2023-11-17T08:07:32.430+0000][gc,heap       ] GC(65) Survivor regions: 4->3(4)
[2023-11-17T08:07:32.430+0000][gc,heap       ] GC(65) Old regions: 51->50
[2023-11-17T08:07:32.430+0000][gc,heap       ] GC(65) Humongous regions: 246->246
[2023-11-17T08:07:32.430+0000][gc,metaspace  ] GC(65) Metaspace: 44167K(47000K)->44167K(47000K) NonClass: 38933K(40448K)->38933K(40448K) Class: 5234K(6552K)->5234K(6552K)
[2023-11-17T08:07:32.430+0000][gc            ] GC(65) Pause Young (Mixed) (G1 Evacuation Pause) 319M->297M(512M) 14.680ms
[2023-11-17T08:07:32.430+0000][gc,cpu        ] GC(65) User=0.02s Sys=0.00s Real=0.01s
[2023-11-17T08:07:34.244+0000][gc,start      ] GC(66) Pause Young (Concurrent Start) (G1 Humongous Allocation)
[2023-11-17T08:07:34.244+0000][gc,task       ] GC(66) Using 2 workers of 2 for evacuation
[2023-11-17T08:07:34.259+0000][gc,phases     ] GC(66)   Pre Evacuate Collection Set: 0.2ms
[2023-11-17T08:07:34.259+0000][gc,phases     ] GC(66)   Evacuate Collection Set: 14.1ms
[2023-11-17T08:07:34.259+0000][gc,phases     ] GC(66)   Post Evacuate Collection Set: 0.4ms
[2023-11-17T08:07:34.259+0000][gc,phases     ] GC(66)   Other: 0.3ms
[2023-11-17T08:07:34.259+0000][gc,heap       ] GC(66) Eden regions: 4->0(23)
[2023-11-17T08:07:34.259+0000][gc,heap       ] GC(66) Survivor regions: 3->2(4)
[2023-11-17T08:07:34.259+0000][gc,heap       ] GC(66) Old regions: 50->53
[2023-11-17T08:07:34.259+0000][gc,heap       ] GC(66) Humongous regions: 246->246
[2023-11-17T08:07:34.259+0000][gc,metaspace  ] GC(66) Metaspace: 44262K(47000K)->44262K(47000K) NonClass: 39006K(40448K)->39006K(40448K) Class: 5255K(6552K)->5255K(6552K)
[2023-11-17T08:07:34.259+0000][gc            ] GC(66) Pause Young (Concurrent Start) (G1 Humongous Allocation) 300M->299M(512M) 15.052ms
[2023-11-17T08:07:34.259+0000][gc,cpu        ] GC(66) User=0.03s Sys=0.00s Real=0.02s
[2023-11-17T08:07:34.259+0000][gc            ] GC(67) Concurrent Cycle
[2023-11-17T08:07:34.259+0000][gc,marking    ] GC(67) Concurrent Clear Claimed Marks
[2023-11-17T08:07:34.259+0000][gc,marking    ] GC(67) Concurrent Clear Claimed Marks 0.260ms
[2023-11-17T08:07:34.259+0000][gc,marking    ] GC(67) Concurrent Scan Root Regions
[2023-11-17T08:07:34.265+0000][gc,marking    ] GC(67) Concurrent Scan Root Regions 6.226ms
[2023-11-17T08:07:34.265+0000][gc,marking    ] GC(67) Concurrent Mark (3604.298s)
[2023-11-17T08:07:34.265+0000][gc,marking    ] GC(67) Concurrent Mark From Roots
[2023-11-17T08:07:34.265+0000][gc,task       ] GC(67) Using 1 workers of 1 for marking
[2023-11-17T08:07:34.311+0000][gc,marking    ] GC(67) Concurrent Mark From Roots 45.297ms
[2023-11-17T08:07:34.311+0000][gc,marking    ] GC(67) Concurrent Preclean
[2023-11-17T08:07:34.311+0000][gc,marking    ] GC(67) Concurrent Preclean 0.182ms
[2023-11-17T08:07:34.311+0000][gc,marking    ] GC(67) Concurrent Mark (3604.298s, 3604.343s) 45.537ms
[2023-11-17T08:07:34.311+0000][gc,start      ] GC(67) Pause Remark
[2023-11-17T08:07:34.325+0000][gc,stringtable] GC(67) Cleaned string and symbol table, strings: 12696 processed, 12 removed, symbols: 93065 processed, 0 removed
[2023-11-17T08:07:34.325+0000][gc            ] GC(67) Pause Remark 308M->308M(512M) 14.125ms
[2023-11-17T08:07:34.325+0000][gc,cpu        ] GC(67) User=0.02s Sys=0.00s Real=0.01s
[2023-11-17T08:07:34.325+0000][gc,marking    ] GC(67) Concurrent Rebuild Remembered Sets
[2023-11-17T08:07:34.349+0000][gc,marking    ] GC(67) Concurrent Rebuild Remembered Sets 23.766ms
[2023-11-17T08:07:34.349+0000][gc,start      ] GC(67) Pause Cleanup
[2023-11-17T08:07:34.349+0000][gc            ] GC(67) Pause Cleanup 308M->308M(512M) 0.206ms
[2023-11-17T08:07:34.349+0000][gc,cpu        ] GC(67) User=0.00s Sys=0.00s Real=0.00s
[2023-11-17T08:07:34.349+0000][gc,marking    ] GC(67) Concurrent Cleanup for Next Mark
[2023-11-17T08:07:34.351+0000][gc,marking    ] GC(67) Concurrent Cleanup for Next Mark 1.352ms
[2023-11-17T08:07:34.351+0000][gc            ] GC(67) Concurrent Cycle 92.155ms
[2023-11-17T08:08:57.215+0000][gc,start      ] GC(68) Pause Young (Prepare Mixed) (G1 Evacuation Pause)
[2023-11-17T08:08:57.215+0000][gc,task       ] GC(68) Using 2 workers of 2 for evacuation
[2023-11-17T08:08:57.247+0000][gc,mmu        ] GC(68) MMU target violated: 21.0ms (20.0ms/21.0ms)
[2023-11-17T08:08:57.247+0000][gc,phases     ] GC(68)   Pre Evacuate Collection Set: 0.0ms
[2023-11-17T08:08:57.247+0000][gc,phases     ] GC(68)   Evacuate Collection Set: 30.7ms
[2023-11-17T08:08:57.247+0000][gc,phases     ] GC(68)   Post Evacuate Collection Set: 0.6ms
[2023-11-17T08:08:57.247+0000][gc,phases     ] GC(68)   Other: 0.3ms
[2023-11-17T08:08:57.247+0000][gc,heap       ] GC(68) Eden regions: 23->0(21)
[2023-11-17T08:08:57.247+0000][gc,heap       ] GC(68) Survivor regions: 2->4(4)
[2023-11-17T08:08:57.247+0000][gc,heap       ] GC(68) Old regions: 53->54
[2023-11-17T08:08:57.247+0000][gc,heap       ] GC(68) Humongous regions: 255->255
[2023-11-17T08:08:57.247+0000][gc,metaspace  ] GC(68) Metaspace: 44293K(47000K)->44293K(47000K) NonClass: 39031K(40448K)->39031K(40448K) Class: 5262K(6552K)->5262K(6552K)
[2023-11-17T08:08:57.247+0000][gc            ] GC(68) Pause Young (Prepare Mixed) (G1 Evacuation Pause) 331M->310M(512M) 31.693ms
[2023-11-17T08:08:57.247+0000][gc,cpu        ] GC(68) User=0.06s Sys=0.00s Real=0.03s
[2023-11-17T08:10:17.709+0000][gc,start      ] GC(69) Pause Young (Mixed) (G1 Evacuation Pause)
[2023-11-17T08:10:17.710+0000][gc,task       ] GC(69) Using 2 workers of 2 for evacuation
[2023-11-17T08:10:17.731+0000][gc,mmu        ] GC(69) MMU target violated: 21.0ms (20.0ms/21.0ms)
[2023-11-17T08:10:17.731+0000][gc,phases     ] GC(69)   Pre Evacuate Collection Set: 0.0ms
[2023-11-17T08:10:17.731+0000][gc,phases     ] GC(69)   Evacuate Collection Set: 20.9ms
[2023-11-17T08:10:17.731+0000][gc,phases     ] GC(69)   Post Evacuate Collection Set: 0.4ms
[2023-11-17T08:10:17.731+0000][gc,phases     ] GC(69)   Other: 0.3ms
[2023-11-17T08:10:17.731+0000][gc,heap       ] GC(69) Eden regions: 21->0(23)
[2023-11-17T08:10:17.731+0000][gc,heap       ] GC(69) Survivor regions: 4->2(4)
[2023-11-17T08:10:17.731+0000][gc,heap       ] GC(69) Old regions: 54->51
[2023-11-17T08:10:17.731+0000][gc,heap       ] GC(69) Humongous regions: 255->255
[2023-11-17T08:10:17.731+0000][gc,metaspace  ] GC(69) Metaspace: 44295K(47000K)->44295K(47000K) NonClass: 39033K(40448K)->39033K(40448K) Class: 5262K(6552K)->5262K(6552K)
[2023-11-17T08:10:17.731+0000][gc            ] GC(69) Pause Young (Mixed) (G1 Evacuation Pause) 331M->306M(512M) 21.648ms
[2023-11-17T08:10:17.731+0000][gc,cpu        ] GC(69) User=0.03s Sys=0.00s Real=0.02s
[2023-11-17T08:11:47.378+0000][gc,start      ] GC(70) Pause Young (Mixed) (G1 Evacuation Pause)
[2023-11-17T08:11:47.378+0000][gc,task       ] GC(70) Using 2 workers of 2 for evacuation
[2023-11-17T08:11:47.392+0000][gc,phases     ] GC(70)   Pre Evacuate Collection Set: 0.0ms
[2023-11-17T08:11:47.392+0000][gc,phases     ] GC(70)   Evacuate Collection Set: 12.8ms
[2023-11-17T08:11:47.392+0000][gc,phases     ] GC(70)   Post Evacuate Collection Set: 0.4ms
[2023-11-17T08:11:47.392+0000][gc,phases     ] GC(70)   Other: 0.2ms
[2023-11-17T08:11:47.392+0000][gc,heap       ] GC(70) Eden regions: 23->0(21)
[2023-11-17T08:11:47.392+0000][gc,heap       ] GC(70) Survivor regions: 2->4(4)
[2023-11-17T08:11:47.392+0000][gc,heap       ] GC(70) Old regions: 51->51
[2023-11-17T08:11:47.392+0000][gc,heap       ] GC(70) Humongous regions: 255->255
[2023-11-17T08:11:47.392+0000][gc,metaspace  ] GC(70) Metaspace: 44314K(47000K)->44314K(47000K) NonClass: 39051K(40448K)->39051K(40448K) Class: 5262K(6552K)->5262K(6552K)
[2023-11-17T08:11:47.392+0000][gc            ] GC(70) Pause Young (Mixed) (G1 Evacuation Pause) 329M->308M(512M) 13.634ms
[2023-11-17T08:11:47.392+0000][gc,cpu        ] GC(70) User=0.03s Sys=0.00s Real=0.01s
[2023-11-17T08:13:08.341+0000][gc,start      ] GC(71) Pause Young (Concurrent Start) (G1 Evacuation Pause)
[2023-11-17T08:13:08.341+0000][gc,task       ] GC(71) Using 2 workers of 2 for evacuation
[2023-11-17T08:13:08.353+0000][gc,phases     ] GC(71)   Pre Evacuate Collection Set: 0.3ms
[2023-11-17T08:13:08.353+0000][gc,phases     ] GC(71)   Evacuate Collection Set: 10.8ms
[2023-11-17T08:13:08.353+0000][gc,phases     ] GC(71)   Post Evacuate Collection Set: 0.3ms
[2023-11-17T08:13:08.353+0000][gc,phases     ] GC(71)   Other: 0.2ms
[2023-11-17T08:13:08.353+0000][gc,heap       ] GC(71) Eden regions: 21->0(23)
[2023-11-17T08:13:08.353+0000][gc,heap       ] GC(71) Survivor regions: 4->2(4)
[2023-11-17T08:13:08.353+0000][gc,heap       ] GC(71) Old regions: 51->53
[2023-11-17T08:13:08.353+0000][gc,heap       ] GC(71) Humongous regions: 255->255
[2023-11-17T08:13:08.353+0000][gc,metaspace  ] GC(71) Metaspace: 44315K(47000K)->44315K(47000K) NonClass: 39053K(40448K)->39053K(40448K) Class: 5262K(6552K)->5262K(6552K)
[2023-11-17T08:13:08.353+0000][gc            ] GC(71) Pause Young (Concurrent Start) (G1 Evacuation Pause) 329M->307M(512M) 11.669ms
[2023-11-17T08:13:08.353+0000][gc,cpu        ] GC(71) User=0.02s Sys=0.00s Real=0.01s
[2023-11-17T08:13:08.353+0000][gc            ] GC(72) Concurrent Cycle
[2023-11-17T08:13:08.353+0000][gc,marking    ] GC(72) Concurrent Clear Claimed Marks
[2023-11-17T08:13:08.353+0000][gc,marking    ] GC(72) Concurrent Clear Claimed Marks 0.204ms
[2023-11-17T08:13:08.353+0000][gc,marking    ] GC(72) Concurrent Scan Root Regions
[2023-11-17T08:13:08.355+0000][gc,marking    ] GC(72) Concurrent Scan Root Regions 2.283ms
[2023-11-17T08:13:08.356+0000][gc,marking    ] GC(72) Concurrent Mark (3938.388s)
[2023-11-17T08:13:08.356+0000][gc,marking    ] GC(72) Concurrent Mark From Roots
[2023-11-17T08:13:08.356+0000][gc,task       ] GC(72) Using 1 workers of 1 for marking
[2023-11-17T08:13:08.391+0000][gc,marking    ] GC(72) Concurrent Mark From Roots 35.596ms
[2023-11-17T08:13:08.392+0000][gc,marking    ] GC(72) Concurrent Preclean
[2023-11-17T08:13:08.392+0000][gc,marking    ] GC(72) Concurrent Preclean 0.180ms
[2023-11-17T08:13:08.392+0000][gc,marking    ] GC(72) Concurrent Mark (3938.388s, 3938.424s) 35.837ms
[2023-11-17T08:13:08.392+0000][gc,start      ] GC(72) Pause Remark
[2023-11-17T08:13:08.405+0000][gc,stringtable] GC(72) Cleaned string and symbol table, strings: 12693 processed, 5 removed, symbols: 93083 processed, 1 removed
[2023-11-17T08:13:08.405+0000][gc            ] GC(72) Pause Remark 308M->307M(512M) 13.391ms
[2023-11-17T08:13:08.405+0000][gc,cpu        ] GC(72) User=0.02s Sys=0.00s Real=0.01s
[2023-11-17T08:13:08.405+0000][gc,marking    ] GC(72) Concurrent Rebuild Remembered Sets
[2023-11-17T08:13:08.428+0000][gc,marking    ] GC(72) Concurrent Rebuild Remembered Sets 23.110ms
[2023-11-17T08:13:08.429+0000][gc,start      ] GC(72) Pause Cleanup
[2023-11-17T08:13:08.429+0000][gc            ] GC(72) Pause Cleanup 307M->307M(512M) 0.205ms
[2023-11-17T08:13:08.429+0000][gc,cpu        ] GC(72) User=0.00s Sys=0.00s Real=0.00s
[2023-11-17T08:13:08.429+0000][gc,marking    ] GC(72) Concurrent Cleanup for Next Mark
[2023-11-17T08:13:08.430+0000][gc,marking    ] GC(72) Concurrent Cleanup for Next Mark 1.377ms
[2023-11-17T08:13:08.430+0000][gc            ] GC(72) Concurrent Cycle 77.584ms
[2023-11-17T08:14:37.756+0000][gc,start      ] GC(73) Pause Young (Prepare Mixed) (G1 Evacuation Pause)
[2023-11-17T08:14:37.756+0000][gc,task       ] GC(73) Using 2 workers of 2 for evacuation
[2023-11-17T08:14:37.769+0000][gc,phases     ] GC(73)   Pre Evacuate Collection Set: 0.0ms
[2023-11-17T08:14:37.769+0000][gc,phases     ] GC(73)   Evacuate Collection Set: 12.4ms
[2023-11-17T08:14:37.769+0000][gc,phases     ] GC(73)   Post Evacuate Collection Set: 0.4ms
[2023-11-17T08:14:37.769+0000][gc,phases     ] GC(73)   Other: 0.2ms
[2023-11-17T08:14:37.769+0000][gc,heap       ] GC(73) Eden regions: 23->0(21)
[2023-11-17T08:14:37.769+0000][gc,heap       ] GC(73) Survivor regions: 2->4(4)
[2023-11-17T08:14:37.769+0000][gc,heap       ] GC(73) Old regions: 52->52
[2023-11-17T08:14:37.769+0000][gc,heap       ] GC(73) Humongous regions: 255->255
[2023-11-17T08:14:37.769+0000][gc,metaspace  ] GC(73) Metaspace: 44316K(47000K)->44316K(47000K) NonClass: 39054K(40448K)->39054K(40448K) Class: 5262K(6552K)->5262K(6552K)
[2023-11-17T08:14:37.769+0000][gc            ] GC(73) Pause Young (Prepare Mixed) (G1 Evacuation Pause) 329M->309M(512M) 13.084ms
[2023-11-17T08:14:37.769+0000][gc,cpu        ] GC(73) User=0.02s Sys=0.00s Real=0.01s
[2023-11-17T08:15:59.842+0000][gc,start      ] GC(74) Pause Young (Mixed) (G1 Evacuation Pause)
[2023-11-17T08:15:59.842+0000][gc,task       ] GC(74) Using 2 workers of 2 for evacuation
[2023-11-17T08:15:59.854+0000][gc,phases     ] GC(74)   Pre Evacuate Collection Set: 0.0ms
[2023-11-17T08:15:59.855+0000][gc,phases     ] GC(74)   Evacuate Collection Set: 10.4ms
[2023-11-17T08:15:59.855+0000][gc,phases     ] GC(74)   Post Evacuate Collection Set: 0.3ms
[2023-11-17T08:15:59.855+0000][gc,phases     ] GC(74)   Other: 1.4ms
[2023-11-17T08:15:59.855+0000][gc,heap       ] GC(74) Eden regions: 21->0(23)
[2023-11-17T08:15:59.855+0000][gc,heap       ] GC(74) Survivor regions: 4->2(4)
[2023-11-17T08:15:59.855+0000][gc,heap       ] GC(74) Old regions: 52->49
[2023-11-17T08:15:59.855+0000][gc,heap       ] GC(74) Humongous regions: 255->255
[2023-11-17T08:15:59.855+0000][gc,metaspace  ] GC(74) Metaspace: 44316K(47000K)->44316K(47000K) NonClass: 39054K(40448K)->39054K(40448K) Class: 5262K(6552K)->5262K(6552K)
[2023-11-17T08:15:59.855+0000][gc            ] GC(74) Pause Young (Mixed) (G1 Evacuation Pause) 330M->303M(512M) 12.236ms
[2023-11-17T08:15:59.855+0000][gc,cpu        ] GC(74) User=0.02s Sys=0.00s Real=0.02s
[2023-11-17T08:17:29.497+0000][gc,start      ] GC(75) Pause Young (Concurrent Start) (G1 Evacuation Pause)
[2023-11-17T08:17:29.497+0000][gc,task       ] GC(75) Using 2 workers of 2 for evacuation
[2023-11-17T08:17:29.516+0000][gc,phases     ] GC(75)   Pre Evacuate Collection Set: 0.2ms
[2023-11-17T08:17:29.516+0000][gc,phases     ] GC(75)   Evacuate Collection Set: 18.2ms
[2023-11-17T08:17:29.516+0000][gc,phases     ] GC(75)   Post Evacuate Collection Set: 0.4ms
[2023-11-17T08:17:29.516+0000][gc,phases     ] GC(75)   Other: 0.3ms
[2023-11-17T08:17:29.516+0000][gc,heap       ] GC(75) Eden regions: 23->0(21)
[2023-11-17T08:17:29.516+0000][gc,heap       ] GC(75) Survivor regions: 2->4(4)
[2023-11-17T08:17:29.516+0000][gc,heap       ] GC(75) Old regions: 49->49
[2023-11-17T08:17:29.516+0000][gc,heap       ] GC(75) Humongous regions: 255->255
[2023-11-17T08:17:29.516+0000][gc,metaspace  ] GC(75) Metaspace: 44317K(47000K)->44317K(47000K) NonClass: 39055K(40448K)->39055K(40448K) Class: 5262K(6552K)->5262K(6552K)
[2023-11-17T08:17:29.516+0000][gc            ] GC(75) Pause Young (Concurrent Start) (G1 Evacuation Pause) 326M->305M(512M) 19.141ms
[2023-11-17T08:17:29.516+0000][gc,cpu        ] GC(75) User=0.04s Sys=0.00s Real=0.02s
[2023-11-17T08:17:29.516+0000][gc            ] GC(76) Concurrent Cycle
[2023-11-17T08:17:29.516+0000][gc,marking    ] GC(76) Concurrent Clear Claimed Marks
[2023-11-17T08:17:29.516+0000][gc,marking    ] GC(76) Concurrent Clear Claimed Marks 0.224ms
[2023-11-17T08:17:29.516+0000][gc,marking    ] GC(76) Concurrent Scan Root Regions
[2023-11-17T08:17:29.523+0000][gc,marking    ] GC(76) Concurrent Scan Root Regions 7.206ms
[2023-11-17T08:17:29.523+0000][gc,marking    ] GC(76) Concurrent Mark (4199.556s)
[2023-11-17T08:17:29.523+0000][gc,marking    ] GC(76) Concurrent Mark From Roots
[2023-11-17T08:17:29.523+0000][gc,task       ] GC(76) Using 1 workers of 1 for marking
[2023-11-17T08:17:29.565+0000][gc,marking    ] GC(76) Concurrent Mark From Roots 41.669ms
[2023-11-17T08:17:29.565+0000][gc,marking    ] GC(76) Concurrent Preclean
[2023-11-17T08:17:29.565+0000][gc,marking    ] GC(76) Concurrent Preclean 0.179ms
[2023-11-17T08:17:29.565+0000][gc,marking    ] GC(76) Concurrent Mark (4199.556s, 4199.598s) 41.902ms
[2023-11-17T08:17:29.566+0000][gc,start      ] GC(76) Pause Remark
[2023-11-17T08:17:29.585+0000][gc,stringtable] GC(76) Cleaned string and symbol table, strings: 12736 processed, 0 removed, symbols: 93082 processed, 0 removed
[2023-11-17T08:17:29.585+0000][gc            ] GC(76) Pause Remark 306M->198M(512M) 19.575ms
[2023-11-17T08:17:29.585+0000][gc,cpu        ] GC(76) User=0.03s Sys=0.00s Real=0.01s
[2023-11-17T08:17:29.585+0000][gc,marking    ] GC(76) Concurrent Rebuild Remembered Sets
[2023-11-17T08:17:29.621+0000][gc,marking    ] GC(76) Concurrent Rebuild Remembered Sets 35.916ms
[2023-11-17T08:17:29.621+0000][gc,start      ] GC(76) Pause Cleanup
[2023-11-17T08:17:29.622+0000][gc            ] GC(76) Pause Cleanup 198M->198M(512M) 0.172ms
[2023-11-17T08:17:29.622+0000][gc,cpu        ] GC(76) User=0.00s Sys=0.00s Real=0.00s
[2023-11-17T08:17:29.622+0000][gc,marking    ] GC(76) Concurrent Cleanup for Next Mark
[2023-11-17T08:17:29.623+0000][gc,marking    ] GC(76) Concurrent Cleanup for Next Mark 1.529ms
[2023-11-17T08:17:29.623+0000][gc            ] GC(76) Concurrent Cycle 107.255ms
[2023-11-17T08:18:49.934+0000][gc,start      ] GC(77) Pause Young (Prepare Mixed) (G1 Evacuation Pause)
[2023-11-17T08:18:49.934+0000][gc,task       ] GC(77) Using 2 workers of 2 for evacuation
[2023-11-17T08:18:49.953+0000][gc,phases     ] GC(77)   Pre Evacuate Collection Set: 0.0ms
[2023-11-17T08:18:49.953+0000][gc,phases     ] GC(77)   Evacuate Collection Set: 18.8ms
[2023-11-17T08:18:49.953+0000][gc,phases     ] GC(77)   Post Evacuate Collection Set: 0.4ms
[2023-11-17T08:18:49.954+0000][gc,phases     ] GC(77)   Other: 0.2ms
[2023-11-17T08:18:49.954+0000][gc,heap       ] GC(77) Eden regions: 21->0(23)
[2023-11-17T08:18:49.954+0000][gc,heap       ] GC(77) Survivor regions: 4->2(4)
[2023-11-17T08:18:49.954+0000][gc,heap       ] GC(77) Old regions: 49->51
[2023-11-17T08:18:49.954+0000][gc,heap       ] GC(77) Humongous regions: 147->147
[2023-11-17T08:18:49.954+0000][gc,metaspace  ] GC(77) Metaspace: 44318K(47000K)->44318K(47000K) NonClass: 39055K(40448K)->39055K(40448K) Class: 5262K(6552K)->5262K(6552K)
[2023-11-17T08:18:49.954+0000][gc            ] GC(77) Pause Young (Prepare Mixed) (G1 Evacuation Pause) 218M->197M(512M) 19.480ms
[2023-11-17T08:18:49.954+0000][gc,cpu        ] GC(77) User=0.03s Sys=0.00s Real=0.02s
[2023-11-17T08:20:19.805+0000][gc,start      ] GC(78) Pause Young (Mixed) (G1 Evacuation Pause)
[2023-11-17T08:20:19.805+0000][gc,task       ] GC(78) Using 2 workers of 2 for evacuation
[2023-11-17T08:20:19.819+0000][gc,phases     ] GC(78)   Pre Evacuate Collection Set: 0.0ms
[2023-11-17T08:20:19.819+0000][gc,phases     ] GC(78)   Evacuate Collection Set: 13.3ms
[2023-11-17T08:20:19.819+0000][gc,phases     ] GC(78)   Post Evacuate Collection Set: 0.3ms
[2023-11-17T08:20:19.819+0000][gc,phases     ] GC(78)   Other: 0.3ms
[2023-11-17T08:20:19.819+0000][gc,heap       ] GC(78) Eden regions: 23->0(22)
[2023-11-17T08:20:19.819+0000][gc,heap       ] GC(78) Survivor regions: 2->4(4)
[2023-11-17T08:20:19.819+0000][gc,heap       ] GC(78) Old regions: 51->49
[2023-11-17T08:20:19.819+0000][gc,heap       ] GC(78) Humongous regions: 147->147
[2023-11-17T08:20:19.819+0000][gc,metaspace  ] GC(78) Metaspace: 44318K(47000K)->44318K(47000K) NonClass: 39056K(40448K)->39056K(40448K) Class: 5262K(6552K)->5262K(6552K)
[2023-11-17T08:20:19.819+0000][gc            ] GC(78) Pause Young (Mixed) (G1 Evacuation Pause) 220M->198M(512M) 14.051ms
[2023-11-17T08:20:19.819+0000][gc,cpu        ] GC(78) User=0.02s Sys=0.00s Real=0.02s
[2023-11-17T08:21:45.483+0000][gc,start      ] GC(79) Pause Young (Concurrent Start) (G1 Evacuation Pause)
[2023-11-17T08:21:45.483+0000][gc,task       ] GC(79) Using 2 workers of 2 for evacuation
[2023-11-17T08:21:45.496+0000][gc,phases     ] GC(79)   Pre Evacuate Collection Set: 0.2ms
[2023-11-17T08:21:45.496+0000][gc,phases     ] GC(79)   Evacuate Collection Set: 11.7ms
[2023-11-17T08:21:45.496+0000][gc,phases     ] GC(79)   Post Evacuate Collection Set: 0.3ms
[2023-11-17T08:21:45.496+0000][gc,phases     ] GC(79)   Other: 0.6ms
[2023-11-17T08:21:45.496+0000][gc,heap       ] GC(79) Eden regions: 22->0(23)
[2023-11-17T08:21:45.496+0000][gc,heap       ] GC(79) Survivor regions: 4->2(4)
[2023-11-17T08:21:45.496+0000][gc,heap       ] GC(79) Old regions: 49->51
[2023-11-17T08:21:45.496+0000][gc,heap       ] GC(79) Humongous regions: 147->147
[2023-11-17T08:21:45.496+0000][gc,metaspace  ] GC(79) Metaspace: 44318K(47000K)->44318K(47000K) NonClass: 39056K(40448K)->39056K(40448K) Class: 5262K(6552K)->5262K(6552K)
[2023-11-17T08:21:45.496+0000][gc            ] GC(79) Pause Young (Concurrent Start) (G1 Evacuation Pause) 220M->197M(512M) 12.901ms
[2023-11-17T08:21:45.496+0000][gc,cpu        ] GC(79) User=0.02s Sys=0.00s Real=0.02s
[2023-11-17T08:21:45.496+0000][gc            ] GC(80) Concurrent Cycle
[2023-11-17T08:21:45.496+0000][gc,marking    ] GC(80) Concurrent Clear Claimed Marks
[2023-11-17T08:21:45.496+0000][gc,marking    ] GC(80) Concurrent Clear Claimed Marks 0.197ms
[2023-11-17T08:21:45.496+0000][gc,marking    ] GC(80) Concurrent Scan Root Regions
[2023-11-17T08:21:45.499+0000][gc,marking    ] GC(80) Concurrent Scan Root Regions 2.951ms
[2023-11-17T08:21:45.499+0000][gc,marking    ] GC(80) Concurrent Mark (4455.531s)
[2023-11-17T08:21:45.499+0000][gc,marking    ] GC(80) Concurrent Mark From Roots
[2023-11-17T08:21:45.499+0000][gc,task       ] GC(80) Using 1 workers of 1 for marking
[2023-11-17T08:21:45.541+0000][gc,marking    ] GC(80) Concurrent Mark From Roots 41.684ms
[2023-11-17T08:21:45.541+0000][gc,marking    ] GC(80) Concurrent Preclean
[2023-11-17T08:21:45.541+0000][gc,marking    ] GC(80) Concurrent Preclean 0.188ms
[2023-11-17T08:21:45.541+0000][gc,marking    ] GC(80) Concurrent Mark (4455.531s, 4455.573s) 41.928ms
[2023-11-17T08:21:45.541+0000][gc,start      ] GC(80) Pause Remark
[2023-11-17T08:21:45.557+0000][gc,stringtable] GC(80) Cleaned string and symbol table, strings: 12746 processed, 0 removed, symbols: 93082 processed, 0 removed
[2023-11-17T08:21:45.557+0000][gc            ] GC(80) Pause Remark 198M->198M(512M) 15.781ms
[2023-11-17T08:21:45.557+0000][gc,cpu        ] GC(80) User=0.03s Sys=0.00s Real=0.02s
[2023-11-17T08:21:45.557+0000][gc,marking    ] GC(80) Concurrent Rebuild Remembered Sets
[2023-11-17T08:21:45.583+0000][gc,marking    ] GC(80) Concurrent Rebuild Remembered Sets 26.114ms
[2023-11-17T08:21:45.583+0000][gc,start      ] GC(80) Pause Cleanup
[2023-11-17T08:21:45.583+0000][gc            ] GC(80) Pause Cleanup 198M->198M(512M) 0.141ms
[2023-11-17T08:21:45.583+0000][gc,cpu        ] GC(80) User=0.00s Sys=0.00s Real=0.00s
[2023-11-17T08:21:45.584+0000][gc,marking    ] GC(80) Concurrent Cleanup for Next Mark
[2023-11-17T08:21:45.585+0000][gc,marking    ] GC(80) Concurrent Cleanup for Next Mark 1.436ms
[2023-11-17T08:21:45.585+0000][gc            ] GC(80) Concurrent Cycle 89.285ms
[2023-11-17T08:23:15.008+0000][gc,start      ] GC(81) Pause Young (Prepare Mixed) (G1 Evacuation Pause)
[2023-11-17T08:23:15.008+0000][gc,task       ] GC(81) Using 2 workers of 2 for evacuation
[2023-11-17T08:23:15.021+0000][gc,phases     ] GC(81)   Pre Evacuate Collection Set: 0.0ms
[2023-11-17T08:23:15.021+0000][gc,phases     ] GC(81)   Evacuate Collection Set: 12.0ms
[2023-11-17T08:23:15.021+0000][gc,phases     ] GC(81)   Post Evacuate Collection Set: 0.4ms
[2023-11-17T08:23:15.021+0000][gc,phases     ] GC(81)   Other: 0.2ms
[2023-11-17T08:23:15.021+0000][gc,heap       ] GC(81) Eden regions: 23->0(21)
[2023-11-17T08:23:15.021+0000][gc,heap       ] GC(81) Survivor regions: 2->4(4)
[2023-11-17T08:23:15.021+0000][gc,heap       ] GC(81) Old regions: 51->51
[2023-11-17T08:23:15.021+0000][gc,heap       ] GC(81) Humongous regions: 147->147
[2023-11-17T08:23:15.021+0000][gc,metaspace  ] GC(81) Metaspace: 44323K(47000K)->44323K(47000K) NonClass: 39060K(40448K)->39060K(40448K) Class: 5262K(6552K)->5262K(6552K)
[2023-11-17T08:23:15.021+0000][gc            ] GC(81) Pause Young (Prepare Mixed) (G1 Evacuation Pause) 220M->200M(512M) 12.713ms
[2023-11-17T08:23:15.021+0000][gc,cpu        ] GC(81) User=0.03s Sys=0.00s Real=0.01s
[2023-11-17T08:24:36.279+0000][gc,start      ] GC(82) Pause Young (Mixed) (G1 Evacuation Pause)
[2023-11-17T08:24:36.279+0000][gc,task       ] GC(82) Using 2 workers of 2 for evacuation
[2023-11-17T08:24:36.295+0000][gc,phases     ] GC(82)   Pre Evacuate Collection Set: 0.0ms
[2023-11-17T08:24:36.295+0000][gc,phases     ] GC(82)   Evacuate Collection Set: 16.1ms
[2023-11-17T08:24:36.295+0000][gc,phases     ] GC(82)   Post Evacuate Collection Set: 0.3ms
[2023-11-17T08:24:36.295+0000][gc,phases     ] GC(82)   Other: 0.2ms
[2023-11-17T08:24:36.295+0000][gc,heap       ] GC(82) Eden regions: 21->0(24)
[2023-11-17T08:24:36.295+0000][gc,heap       ] GC(82) Survivor regions: 4->2(4)
[2023-11-17T08:24:36.295+0000][gc,heap       ] GC(82) Old regions: 51->49
[2023-11-17T08:24:36.295+0000][gc,heap       ] GC(82) Humongous regions: 147->147
[2023-11-17T08:24:36.295+0000][gc,metaspace  ] GC(82) Metaspace: 44323K(47000K)->44323K(47000K) NonClass: 39061K(40448K)->39061K(40448K) Class: 5262K(6552K)->5262K(6552K)
[2023-11-17T08:24:36.295+0000][gc            ] GC(82) Pause Young (Mixed) (G1 Evacuation Pause) 221M->195M(512M) 16.835ms
[2023-11-17T08:24:36.295+0000][gc,cpu        ] GC(82) User=0.03s Sys=0.00s Real=0.02s
[2023-11-17T08:26:10.031+0000][gc,start      ] GC(83) Pause Young (Concurrent Start) (G1 Evacuation Pause)
[2023-11-17T08:26:10.031+0000][gc,task       ] GC(83) Using 2 workers of 2 for evacuation
[2023-11-17T08:26:10.044+0000][gc,phases     ] GC(83)   Pre Evacuate Collection Set: 0.2ms
[2023-11-17T08:26:10.044+0000][gc,phases     ] GC(83)   Evacuate Collection Set: 11.6ms
[2023-11-17T08:26:10.044+0000][gc,phases     ] GC(83)   Post Evacuate Collection Set: 0.4ms
[2023-11-17T08:26:10.044+0000][gc,phases     ] GC(83)   Other: 0.3ms
[2023-11-17T08:26:10.044+0000][gc,heap       ] GC(83) Eden regions: 24->0(24)
[2023-11-17T08:26:10.044+0000][gc,heap       ] GC(83) Survivor regions: 2->4(4)
[2023-11-17T08:26:10.044+0000][gc,heap       ] GC(83) Old regions: 49->49
[2023-11-17T08:26:10.044+0000][gc,heap       ] GC(83) Humongous regions: 147->147
[2023-11-17T08:26:10.044+0000][gc,metaspace  ] GC(83) Metaspace: 44324K(47000K)->44324K(47000K) NonClass: 39062K(40448K)->39062K(40448K) Class: 5262K(6552K)->5262K(6552K)
[2023-11-17T08:26:10.044+0000][gc            ] GC(83) Pause Young (Concurrent Start) (G1 Evacuation Pause) 219M->198M(512M) 12.571ms
[2023-11-17T08:26:10.044+0000][gc,cpu        ] GC(83) User=0.02s Sys=0.00s Real=0.01s
[2023-11-17T08:26:10.044+0000][gc            ] GC(84) Concurrent Cycle
[2023-11-17T08:26:10.044+0000][gc,marking    ] GC(84) Concurrent Clear Claimed Marks
[2023-11-17T08:26:10.044+0000][gc,marking    ] GC(84) Concurrent Clear Claimed Marks 0.207ms
[2023-11-17T08:26:10.044+0000][gc,marking    ] GC(84) Concurrent Scan Root Regions
[2023-11-17T08:26:10.048+0000][gc,marking    ] GC(84) Concurrent Scan Root Regions 3.566ms
[2023-11-17T08:26:10.048+0000][gc,marking    ] GC(84) Concurrent Mark (4720.080s)
[2023-11-17T08:26:10.048+0000][gc,marking    ] GC(84) Concurrent Mark From Roots
[2023-11-17T08:26:10.048+0000][gc,task       ] GC(84) Using 1 workers of 1 for marking
[2023-11-17T08:26:10.082+0000][gc,marking    ] GC(84) Concurrent Mark From Roots 34.130ms
[2023-11-17T08:26:10.082+0000][gc,marking    ] GC(84) Concurrent Preclean
[2023-11-17T08:26:10.082+0000][gc,marking    ] GC(84) Concurrent Preclean 0.180ms
[2023-11-17T08:26:10.082+0000][gc,marking    ] GC(84) Concurrent Mark (4720.080s, 4720.114s) 34.368ms
[2023-11-17T08:26:10.082+0000][gc,start      ] GC(84) Pause Remark
[2023-11-17T08:26:10.097+0000][gc,stringtable] GC(84) Cleaned string and symbol table, strings: 12748 processed, 0 removed, symbols: 93082 processed, 0 removed
[2023-11-17T08:26:10.097+0000][gc            ] GC(84) Pause Remark 198M->198M(512M) 14.978ms
[2023-11-17T08:26:10.097+0000][gc,cpu        ] GC(84) User=0.03s Sys=0.00s Real=0.02s
[2023-11-17T08:26:10.097+0000][gc,marking    ] GC(84) Concurrent Rebuild Remembered Sets
[2023-11-17T08:26:10.132+0000][gc,marking    ] GC(84) Concurrent Rebuild Remembered Sets 34.960ms
[2023-11-17T08:26:10.133+0000][gc,start      ] GC(84) Pause Cleanup
[2023-11-17T08:26:10.133+0000][gc            ] GC(84) Pause Cleanup 198M->198M(512M) 0.175ms
[2023-11-17T08:26:10.133+0000][gc,cpu        ] GC(84) User=0.00s Sys=0.00s Real=0.00s
[2023-11-17T08:26:10.133+0000][gc,marking    ] GC(84) Concurrent Cleanup for Next Mark
[2023-11-17T08:26:10.134+0000][gc,marking    ] GC(84) Concurrent Cleanup for Next Mark 1.381ms
[2023-11-17T08:26:10.134+0000][gc            ] GC(84) Concurrent Cycle 90.330ms
[2023-11-17T08:27:43.638+0000][gc,start      ] GC(85) Pause Young (Prepare Mixed) (G1 Evacuation Pause)
[2023-11-17T08:27:43.638+0000][gc,task       ] GC(85) Using 2 workers of 2 for evacuation
[2023-11-17T08:27:43.652+0000][gc,phases     ] GC(85)   Pre Evacuate Collection Set: 0.0ms
[2023-11-17T08:27:43.652+0000][gc,phases     ] GC(85)   Evacuate Collection Set: 13.0ms
[2023-11-17T08:27:43.652+0000][gc,phases     ] GC(85)   Post Evacuate Collection Set: 0.4ms
[2023-11-17T08:27:43.652+0000][gc,phases     ] GC(85)   Other: 0.2ms
[2023-11-17T08:27:43.652+0000][gc,heap       ] GC(85) Eden regions: 24->0(22)
[2023-11-17T08:27:43.652+0000][gc,heap       ] GC(85) Survivor regions: 4->3(4)
[2023-11-17T08:27:43.652+0000][gc,heap       ] GC(85) Old regions: 49->51
[2023-11-17T08:27:43.652+0000][gc,heap       ] GC(85) Humongous regions: 147->147
[2023-11-17T08:27:43.652+0000][gc,metaspace  ] GC(85) Metaspace: 44324K(47000K)->44324K(47000K) NonClass: 39062K(40448K)->39062K(40448K) Class: 5262K(6552K)->5262K(6552K)
[2023-11-17T08:27:43.652+0000][gc            ] GC(85) Pause Young (Prepare Mixed) (G1 Evacuation Pause) 222M->198M(512M) 13.702ms
[2023-11-17T08:27:43.652+0000][gc,cpu        ] GC(85) User=0.02s Sys=0.00s Real=0.01s
[2023-11-17T08:29:09.105+0000][gc,start      ] GC(86) Pause Young (Mixed) (G1 Evacuation Pause)
[2023-11-17T08:29:09.105+0000][gc,task       ] GC(86) Using 2 workers of 2 for evacuation
[2023-11-17T08:29:09.118+0000][gc,phases     ] GC(86)   Pre Evacuate Collection Set: 0.1ms
[2023-11-17T08:29:09.118+0000][gc,phases     ] GC(86)   Evacuate Collection Set: 12.3ms
[2023-11-17T08:29:09.118+0000][gc,phases     ] GC(86)   Post Evacuate Collection Set: 0.3ms
[2023-11-17T08:29:09.118+0000][gc,phases     ] GC(86)   Other: 0.2ms
[2023-11-17T08:29:09.118+0000][gc,heap       ] GC(86) Eden regions: 22->0(27)
[2023-11-17T08:29:09.118+0000][gc,heap       ] GC(86) Survivor regions: 3->3(4)
[2023-11-17T08:29:09.118+0000][gc,heap       ] GC(86) Old regions: 51->51
[2023-11-17T08:29:09.118+0000][gc,heap       ] GC(86) Humongous regions: 147->147
[2023-11-17T08:29:09.118+0000][gc,metaspace  ] GC(86) Metaspace: 44328K(47000K)->44328K(47000K) NonClass: 39065K(40448K)->39065K(40448K) Class: 5262K(6552K)->5262K(6552K)
[2023-11-17T08:29:09.118+0000][gc            ] GC(86) Pause Young (Mixed) (G1 Evacuation Pause) 220M->199M(512M) 13.085ms
[2023-11-17T08:29:09.118+0000][gc,cpu        ] GC(86) User=0.03s Sys=0.00s Real=0.02s
[2023-11-17T08:30:54.954+0000][gc,start      ] GC(87) Pause Young (Concurrent Start) (G1 Evacuation Pause)
[2023-11-17T08:30:54.954+0000][gc,task       ] GC(87) Using 2 workers of 2 for evacuation
[2023-11-17T08:30:54.970+0000][gc,phases     ] GC(87)   Pre Evacuate Collection Set: 0.2ms
[2023-11-17T08:30:54.970+0000][gc,phases     ] GC(87)   Evacuate Collection Set: 13.4ms
[2023-11-17T08:30:54.970+0000][gc,phases     ] GC(87)   Post Evacuate Collection Set: 0.8ms
[2023-11-17T08:30:54.970+0000][gc,phases     ] GC(87)   Other: 0.8ms
[2023-11-17T08:30:54.970+0000][gc,heap       ] GC(87) Eden regions: 27->0(26)
[2023-11-17T08:30:54.970+0000][gc,heap       ] GC(87) Survivor regions: 3->3(4)
[2023-11-17T08:30:54.970+0000][gc,heap       ] GC(87) Old regions: 51->52
[2023-11-17T08:30:54.970+0000][gc,heap       ] GC(87) Humongous regions: 147->147
[2023-11-17T08:30:54.970+0000][gc,metaspace  ] GC(87) Metaspace: 44335K(47000K)->44335K(47000K) NonClass: 39073K(40448K)->39073K(40448K) Class: 5262K(6552K)->5262K(6552K)
[2023-11-17T08:30:54.970+0000][gc            ] GC(87) Pause Young (Concurrent Start) (G1 Evacuation Pause) 226M->200M(512M) 15.230ms
[2023-11-17T08:30:54.970+0000][gc,cpu        ] GC(87) User=0.03s Sys=0.00s Real=0.01s
[2023-11-17T08:30:54.970+0000][gc            ] GC(88) Concurrent Cycle
[2023-11-17T08:30:54.970+0000][gc,marking    ] GC(88) Concurrent Clear Claimed Marks
[2023-11-17T08:30:54.970+0000][gc,marking    ] GC(88) Concurrent Clear Claimed Marks 0.499ms
[2023-11-17T08:30:54.970+0000][gc,marking    ] GC(88) Concurrent Scan Root Regions
[2023-11-17T08:30:54.974+0000][gc,marking    ] GC(88) Concurrent Scan Root Regions 3.800ms
[2023-11-17T08:30:54.974+0000][gc,marking    ] GC(88) Concurrent Mark (5005.007s)
[2023-11-17T08:30:54.974+0000][gc,marking    ] GC(88) Concurrent Mark From Roots
[2023-11-17T08:30:54.974+0000][gc,task       ] GC(88) Using 1 workers of 1 for marking
[2023-11-17T08:30:55.022+0000][gc,marking    ] GC(88) Concurrent Mark From Roots 47.748ms
[2023-11-17T08:30:55.022+0000][gc,marking    ] GC(88) Concurrent Preclean
[2023-11-17T08:30:55.022+0000][gc,marking    ] GC(88) Concurrent Preclean 0.240ms
[2023-11-17T08:30:55.022+0000][gc,marking    ] GC(88) Concurrent Mark (5005.007s, 5005.055s) 48.111ms
[2023-11-17T08:30:55.023+0000][gc,start      ] GC(88) Pause Remark
[2023-11-17T08:30:55.040+0000][gc,stringtable] GC(88) Cleaned string and symbol table, strings: 12754 processed, 0 removed, symbols: 93082 processed, 0 removed
[2023-11-17T08:30:55.041+0000][gc            ] GC(88) Pause Remark 200M->200M(512M) 18.020ms
[2023-11-17T08:30:55.041+0000][gc,cpu        ] GC(88) User=0.03s Sys=0.00s Real=0.02s
[2023-11-17T08:30:55.041+0000][gc,marking    ] GC(88) Concurrent Rebuild Remembered Sets
[2023-11-17T08:30:55.076+0000][gc,marking    ] GC(88) Concurrent Rebuild Remembered Sets 35.223ms
[2023-11-17T08:30:55.076+0000][gc,start      ] GC(88) Pause Cleanup
[2023-11-17T08:30:55.076+0000][gc            ] GC(88) Pause Cleanup 200M->200M(512M) 0.181ms
[2023-11-17T08:30:55.076+0000][gc,cpu        ] GC(88) User=0.00s Sys=0.00s Real=0.00s
[2023-11-17T08:30:55.077+0000][gc,marking    ] GC(88) Concurrent Cleanup for Next Mark
[2023-11-17T08:30:55.078+0000][gc,marking    ] GC(88) Concurrent Cleanup for Next Mark 1.710ms
[2023-11-17T08:30:55.078+0000][gc            ] GC(88) Concurrent Cycle 108.415ms
[2023-11-17T08:32:36.314+0000][gc,start      ] GC(89) Pause Young (Prepare Mixed) (G1 Evacuation Pause)
[2023-11-17T08:32:36.314+0000][gc,task       ] GC(89) Using 2 workers of 2 for evacuation
[2023-11-17T08:32:36.329+0000][gc,phases     ] GC(89)   Pre Evacuate Collection Set: 0.0ms
[2023-11-17T08:32:36.329+0000][gc,phases     ] GC(89)   Evacuate Collection Set: 14.7ms
[2023-11-17T08:32:36.329+0000][gc,phases     ] GC(89)   Post Evacuate Collection Set: 0.4ms
[2023-11-17T08:32:36.329+0000][gc,phases     ] GC(89)   Other: 0.2ms
[2023-11-17T08:32:36.329+0000][gc,heap       ] GC(89) Eden regions: 26->0(23)
[2023-11-17T08:32:36.329+0000][gc,heap       ] GC(89) Survivor regions: 3->2(4)
[2023-11-17T08:32:36.329+0000][gc,heap       ] GC(89) Old regions: 52->54
[2023-11-17T08:32:36.329+0000][gc,heap       ] GC(89) Humongous regions: 147->147
[2023-11-17T08:32:36.329+0000][gc,metaspace  ] GC(89) Metaspace: 44339K(47000K)->44339K(47000K) NonClass: 39077K(40448K)->39077K(40448K) Class: 5262K(6552K)->5262K(6552K)
[2023-11-17T08:32:36.329+0000][gc            ] GC(89) Pause Young (Prepare Mixed) (G1 Evacuation Pause) 226M->200M(512M) 15.423ms
[2023-11-17T08:32:36.329+0000][gc,cpu        ] GC(89) User=0.03s Sys=0.00s Real=0.01s
[2023-11-17T08:34:05.791+0000][gc,start      ] GC(90) Pause Young (Mixed) (G1 Evacuation Pause)
[2023-11-17T08:34:05.791+0000][gc,task       ] GC(90) Using 2 workers of 2 for evacuation
[2023-11-17T08:34:05.806+0000][gc,phases     ] GC(90)   Pre Evacuate Collection Set: 0.0ms
[2023-11-17T08:34:05.806+0000][gc,phases     ] GC(90)   Evacuate Collection Set: 13.9ms
[2023-11-17T08:34:05.806+0000][gc,phases     ] GC(90)   Post Evacuate Collection Set: 0.6ms
[2023-11-17T08:34:05.806+0000][gc,phases     ] GC(90)   Other: 0.3ms
[2023-11-17T08:34:05.806+0000][gc,heap       ] GC(90) Eden regions: 23->0(28)
[2023-11-17T08:34:05.806+0000][gc,heap       ] GC(90) Survivor regions: 2->4(4)
[2023-11-17T08:34:05.806+0000][gc,heap       ] GC(90) Old regions: 54->49
[2023-11-17T08:34:05.806+0000][gc,heap       ] GC(90) Humongous regions: 147->147
[2023-11-17T08:34:05.806+0000][gc,metaspace  ] GC(90) Metaspace: 44351K(47000K)->44351K(47000K) NonClass: 39089K(40448K)->39089K(40448K) Class: 5262K(6552K)->5262K(6552K)
[2023-11-17T08:34:05.806+0000][gc            ] GC(90) Pause Young (Mixed) (G1 Evacuation Pause) 223M->198M(512M) 14.988ms
[2023-11-17T08:34:05.806+0000][gc,cpu        ] GC(90) User=0.03s Sys=0.00s Real=0.02s
[2023-11-17T08:35:54.893+0000][gc,start      ] GC(91) Pause Young (Concurrent Start) (G1 Evacuation Pause)
[2023-11-17T08:35:54.893+0000][gc,task       ] GC(91) Using 2 workers of 2 for evacuation
[2023-11-17T08:35:54.905+0000][gc,phases     ] GC(91)   Pre Evacuate Collection Set: 0.2ms
[2023-11-17T08:35:54.905+0000][gc,phases     ] GC(91)   Evacuate Collection Set: 12.0ms
[2023-11-17T08:35:54.905+0000][gc,phases     ] GC(91)   Post Evacuate Collection Set: 0.4ms
[2023-11-17T08:35:54.905+0000][gc,phases     ] GC(91)   Other: 0.3ms
[2023-11-17T08:35:54.905+0000][gc,heap       ] GC(91) Eden regions: 28->0(30)
[2023-11-17T08:35:54.905+0000][gc,heap       ] GC(91) Survivor regions: 4->3(4)
[2023-11-17T08:35:54.906+0000][gc,heap       ] GC(91) Old regions: 49->51
[2023-11-17T08:35:54.906+0000][gc,heap       ] GC(91) Humongous regions: 147->147
[2023-11-17T08:35:54.906+0000][gc,metaspace  ] GC(91) Metaspace: 44352K(47000K)->44352K(47000K) NonClass: 39089K(40448K)->39089K(40448K) Class: 5262K(6552K)->5262K(6552K)
[2023-11-17T08:35:54.906+0000][gc            ] GC(91) Pause Young (Concurrent Start) (G1 Evacuation Pause) 226M->198M(512M) 12.981ms
[2023-11-17T08:35:54.906+0000][gc,cpu        ] GC(91) User=0.02s Sys=0.00s Real=0.02s
[2023-11-17T08:35:54.906+0000][gc            ] GC(92) Concurrent Cycle
[2023-11-17T08:35:54.906+0000][gc,marking    ] GC(92) Concurrent Clear Claimed Marks
[2023-11-17T08:35:54.906+0000][gc,marking    ] GC(92) Concurrent Clear Claimed Marks 0.204ms
[2023-11-17T08:35:54.906+0000][gc,marking    ] GC(92) Concurrent Scan Root Regions
[2023-11-17T08:35:54.909+0000][gc,marking    ] GC(92) Concurrent Scan Root Regions 2.837ms
[2023-11-17T08:35:54.909+0000][gc,marking    ] GC(92) Concurrent Mark (5304.941s)
[2023-11-17T08:35:54.909+0000][gc,marking    ] GC(92) Concurrent Mark From Roots
[2023-11-17T08:35:54.909+0000][gc,task       ] GC(92) Using 1 workers of 1 for marking
[2023-11-17T08:35:54.945+0000][gc,marking    ] GC(92) Concurrent Mark From Roots 36.285ms
[2023-11-17T08:35:54.945+0000][gc,marking    ] GC(92) Concurrent Preclean
[2023-11-17T08:35:54.945+0000][gc,marking    ] GC(92) Concurrent Preclean 0.179ms
[2023-11-17T08:35:54.945+0000][gc,marking    ] GC(92) Concurrent Mark (5304.941s, 5304.978s) 36.518ms
[2023-11-17T08:35:54.946+0000][gc,start      ] GC(92) Pause Remark
[2023-11-17T08:35:54.966+0000][gc,stringtable] GC(92) Cleaned string and symbol table, strings: 12754 processed, 0 removed, symbols: 93082 processed, 0 removed
[2023-11-17T08:35:54.966+0000][gc,mmu        ] GC(92) MMU target violated: 20.7ms (20.0ms/21.0ms)
[2023-11-17T08:35:54.966+0000][gc            ] GC(92) Pause Remark 198M->198M(512M) 20.764ms
[2023-11-17T08:35:54.966+0000][gc,cpu        ] GC(92) User=0.04s Sys=0.00s Real=0.02s
[2023-11-17T08:35:54.966+0000][gc,marking    ] GC(92) Concurrent Rebuild Remembered Sets
[2023-11-17T08:35:54.991+0000][gc,marking    ] GC(92) Concurrent Rebuild Remembered Sets 24.563ms
[2023-11-17T08:35:54.991+0000][gc,start      ] GC(92) Pause Cleanup
[2023-11-17T08:35:54.991+0000][gc            ] GC(92) Pause Cleanup 198M->198M(512M) 0.187ms
[2023-11-17T08:35:54.991+0000][gc,cpu        ] GC(92) User=0.00s Sys=0.00s Real=0.00s
[2023-11-17T08:35:54.991+0000][gc,marking    ] GC(92) Concurrent Cleanup for Next Mark
[2023-11-17T08:35:54.993+0000][gc,marking    ] GC(92) Concurrent Cleanup for Next Mark 1.565ms
[2023-11-17T08:35:54.993+0000][gc            ] GC(92) Concurrent Cycle 87.441ms
[2023-11-17T08:37:49.144+0000][gc,start      ] GC(93) Pause Young (Prepare Mixed) (G1 Evacuation Pause)
[2023-11-17T08:37:49.144+0000][gc,task       ] GC(93) Using 2 workers of 2 for evacuation
[2023-11-17T08:37:49.156+0000][gc,phases     ] GC(93)   Pre Evacuate Collection Set: 0.0ms
[2023-11-17T08:37:49.156+0000][gc,phases     ] GC(93)   Evacuate Collection Set: 11.9ms
[2023-11-17T08:37:49.156+0000][gc,phases     ] GC(93)   Post Evacuate Collection Set: 0.4ms
[2023-11-17T08:37:49.156+0000][gc,phases     ] GC(93)   Other: 0.3ms
[2023-11-17T08:37:49.156+0000][gc,heap       ] GC(93) Eden regions: 29->0(23)
[2023-11-17T08:37:49.156+0000][gc,heap       ] GC(93) Survivor regions: 3->2(4)
[2023-11-17T08:37:49.156+0000][gc,heap       ] GC(93) Old regions: 51->52
[2023-11-17T08:37:49.156+0000][gc,heap       ] GC(93) Humongous regions: 147->147
[2023-11-17T08:37:49.156+0000][gc,metaspace  ] GC(93) Metaspace: 44352K(47000K)->44352K(47000K) NonClass: 39089K(40448K)->39089K(40448K) Class: 5262K(6552K)->5262K(6552K)
[2023-11-17T08:37:49.156+0000][gc            ] GC(93) Pause Young (Prepare Mixed) (G1 Evacuation Pause) 227M->199M(512M) 12.681ms
[2023-11-17T08:37:49.156+0000][gc,cpu        ] GC(93) User=0.02s Sys=0.00s Real=0.02s
[2023-11-17T08:39:18.302+0000][gc,start      ] GC(94) Pause Young (Mixed) (G1 Evacuation Pause)
[2023-11-17T08:39:18.302+0000][gc,task       ] GC(94) Using 2 workers of 2 for evacuation
[2023-11-17T08:39:18.316+0000][gc,phases     ] GC(94)   Pre Evacuate Collection Set: 0.0ms
[2023-11-17T08:39:18.316+0000][gc,phases     ] GC(94)   Evacuate Collection Set: 12.9ms
[2023-11-17T08:39:18.316+0000][gc,phases     ] GC(94)   Post Evacuate Collection Set: 0.5ms
[2023-11-17T08:39:18.316+0000][gc,phases     ] GC(94)   Other: 0.2ms
[2023-11-17T08:39:18.316+0000][gc,heap       ] GC(94) Eden regions: 23->0(33)
[2023-11-17T08:39:18.316+0000][gc,heap       ] GC(94) Survivor regions: 2->4(4)
[2023-11-17T08:39:18.316+0000][gc,heap       ] GC(94) Old regions: 52->48
[2023-11-17T08:39:18.316+0000][gc,heap       ] GC(94) Humongous regions: 147->147
[2023-11-17T08:39:18.316+0000][gc,metaspace  ] GC(94) Metaspace: 44358K(47256K)->44358K(47256K) NonClass: 39096K(40704K)->39096K(40704K) Class: 5262K(6552K)->5262K(6552K)
[2023-11-17T08:39:18.316+0000][gc            ] GC(94) Pause Young (Mixed) (G1 Evacuation Pause) 222M->197M(512M) 13.744ms
[2023-11-17T08:39:18.316+0000][gc,cpu        ] GC(94) User=0.03s Sys=0.00s Real=0.02s
[2023-11-17T08:41:28.547+0000][gc,start      ] GC(95) Pause Young (Concurrent Start) (G1 Evacuation Pause)
[2023-11-17T08:41:28.548+0000][gc,task       ] GC(95) Using 2 workers of 2 for evacuation
[2023-11-17T08:41:28.565+0000][gc,phases     ] GC(95)   Pre Evacuate Collection Set: 0.3ms
[2023-11-17T08:41:28.565+0000][gc,phases     ] GC(95)   Evacuate Collection Set: 16.4ms
[2023-11-17T08:41:28.565+0000][gc,phases     ] GC(95)   Post Evacuate Collection Set: 0.5ms
[2023-11-17T08:41:28.565+0000][gc,phases     ] GC(95)   Other: 0.3ms
[2023-11-17T08:41:28.565+0000][gc,heap       ] GC(95) Eden regions: 33->0(32)
[2023-11-17T08:41:28.565+0000][gc,heap       ] GC(95) Survivor regions: 4->3(5)
[2023-11-17T08:41:28.565+0000][gc,heap       ] GC(95) Old regions: 48->51
[2023-11-17T08:41:28.565+0000][gc,heap       ] GC(95) Humongous regions: 147->147
[2023-11-17T08:41:28.565+0000][gc,metaspace  ] GC(95) Metaspace: 44360K(47256K)->44360K(47256K) NonClass: 39097K(40704K)->39097K(40704K) Class: 5262K(6552K)->5262K(6552K)
[2023-11-17T08:41:28.565+0000][gc            ] GC(95) Pause Young (Concurrent Start) (G1 Evacuation Pause) 230M->198M(512M) 17.697ms
[2023-11-17T08:41:28.565+0000][gc,cpu        ] GC(95) User=0.04s Sys=0.00s Real=0.01s
[2023-11-17T08:41:28.565+0000][gc            ] GC(96) Concurrent Cycle
[2023-11-17T08:41:28.565+0000][gc,marking    ] GC(96) Concurrent Clear Claimed Marks
[2023-11-17T08:41:28.566+0000][gc,marking    ] GC(96) Concurrent Clear Claimed Marks 0.418ms
[2023-11-17T08:41:28.566+0000][gc,marking    ] GC(96) Concurrent Scan Root Regions
[2023-11-17T08:41:28.570+0000][gc,marking    ] GC(96) Concurrent Scan Root Regions 4.691ms
[2023-11-17T08:41:28.570+0000][gc,marking    ] GC(96) Concurrent Mark (5638.603s)
[2023-11-17T08:41:28.570+0000][gc,marking    ] GC(96) Concurrent Mark From Roots
[2023-11-17T08:41:28.570+0000][gc,task       ] GC(96) Using 1 workers of 1 for marking
[2023-11-17T08:41:28.635+0000][gc,marking    ] GC(96) Concurrent Mark From Roots 64.497ms
[2023-11-17T08:41:28.635+0000][gc,marking    ] GC(96) Concurrent Preclean
[2023-11-17T08:41:28.635+0000][gc,marking    ] GC(96) Concurrent Preclean 0.203ms
[2023-11-17T08:41:28.635+0000][gc,marking    ] GC(96) Concurrent Mark (5638.603s, 5638.668s) 64.757ms
[2023-11-17T08:41:28.635+0000][gc,start      ] GC(96) Pause Remark
[2023-11-17T08:41:28.651+0000][gc,stringtable] GC(96) Cleaned string and symbol table, strings: 12775 processed, 0 removed, symbols: 93082 processed, 0 removed
[2023-11-17T08:41:28.651+0000][gc            ] GC(96) Pause Remark 198M->198M(512M) 15.960ms
[2023-11-17T08:41:28.651+0000][gc,cpu        ] GC(96) User=0.03s Sys=0.00s Real=0.01s
[2023-11-17T08:41:28.652+0000][gc,marking    ] GC(96) Concurrent Rebuild Remembered Sets
[2023-11-17T08:41:28.675+0000][gc,marking    ] GC(96) Concurrent Rebuild Remembered Sets 23.775ms
[2023-11-17T08:41:28.676+0000][gc,start      ] GC(96) Pause Cleanup
[2023-11-17T08:41:28.676+0000][gc            ] GC(96) Pause Cleanup 198M->198M(512M) 0.169ms
[2023-11-17T08:41:28.676+0000][gc,cpu        ] GC(96) User=0.00s Sys=0.00s Real=0.00s
[2023-11-17T08:41:28.676+0000][gc,marking    ] GC(96) Concurrent Cleanup for Next Mark
[2023-11-17T08:41:28.677+0000][gc,marking    ] GC(96) Concurrent Cleanup for Next Mark 1.616ms
[2023-11-17T08:41:28.677+0000][gc            ] GC(96) Concurrent Cycle 112.158ms
[2023-11-17T08:43:34.211+0000][gc,start      ] GC(97) Pause Young (Prepare Mixed) (G1 Evacuation Pause)
[2023-11-17T08:43:34.211+0000][gc,task       ] GC(97) Using 2 workers of 2 for evacuation
[2023-11-17T08:43:34.222+0000][gc,phases     ] GC(97)   Pre Evacuate Collection Set: 0.0ms
[2023-11-17T08:43:34.222+0000][gc,phases     ] GC(97)   Evacuate Collection Set: 10.6ms
[2023-11-17T08:43:34.222+0000][gc,phases     ] GC(97)   Post Evacuate Collection Set: 0.3ms
[2023-11-17T08:43:34.222+0000][gc,phases     ] GC(97)   Other: 0.2ms
[2023-11-17T08:43:34.222+0000][gc,heap       ] GC(97) Eden regions: 32->0(21)
[2023-11-17T08:43:34.222+0000][gc,heap       ] GC(97) Survivor regions: 3->4(5)
[2023-11-17T08:43:34.222+0000][gc,heap       ] GC(97) Old regions: 51->51
[2023-11-17T08:43:34.222+0000][gc,heap       ] GC(97) Humongous regions: 147->147
[2023-11-17T08:43:34.222+0000][gc,metaspace  ] GC(97) Metaspace: 44374K(47256K)->44374K(47256K) NonClass: 39111K(40704K)->39111K(40704K) Class: 5262K(6552K)->5262K(6552K)
[2023-11-17T08:43:34.222+0000][gc            ] GC(97) Pause Young (Prepare Mixed) (G1 Evacuation Pause) 230M->199M(512M) 11.272ms
[2023-11-17T08:43:34.222+0000][gc,cpu        ] GC(97) User=0.02s Sys=0.00s Real=0.01s
[2023-11-17T08:44:56.220+0000][gc,start      ] GC(98) Pause Young (Mixed) (G1 Evacuation Pause)
[2023-11-17T08:44:56.220+0000][gc,task       ] GC(98) Using 2 workers of 2 for evacuation
[2023-11-17T08:44:56.237+0000][gc,phases     ] GC(98)   Pre Evacuate Collection Set: 0.0ms
[2023-11-17T08:44:56.237+0000][gc,phases     ] GC(98)   Evacuate Collection Set: 16.6ms
[2023-11-17T08:44:56.237+0000][gc,phases     ] GC(98)   Post Evacuate Collection Set: 0.3ms
[2023-11-17T08:44:56.237+0000][gc,phases     ] GC(98)   Other: 0.3ms
[2023-11-17T08:44:56.237+0000][gc,heap       ] GC(98) Eden regions: 21->0(32)
[2023-11-17T08:44:56.237+0000][gc,heap       ] GC(98) Survivor regions: 4->4(4)
[2023-11-17T08:44:56.237+0000][gc,heap       ] GC(98) Old regions: 51->48
[2023-11-17T08:44:56.237+0000][gc,heap       ] GC(98) Humongous regions: 147->147
[2023-11-17T08:44:56.237+0000][gc,metaspace  ] GC(98) Metaspace: 44377K(47256K)->44377K(47256K) NonClass: 39114K(40704K)->39114K(40704K) Class: 5262K(6552K)->5262K(6552K)
[2023-11-17T08:44:56.237+0000][gc            ] GC(98) Pause Young (Mixed) (G1 Evacuation Pause) 220M->197M(512M) 17.529ms
[2023-11-17T08:44:56.237+0000][gc,cpu        ] GC(98) User=0.04s Sys=0.00s Real=0.02s
[2023-11-17T08:47:02.578+0000][gc,start      ] GC(99) Pause Young (Concurrent Start) (G1 Evacuation Pause)
[2023-11-17T08:47:02.578+0000][gc,task       ] GC(99) Using 2 workers of 2 for evacuation
[2023-11-17T08:47:02.604+0000][gc,mmu        ] GC(99) MMU target violated: 21.0ms (20.0ms/21.0ms)
[2023-11-17T08:47:02.604+0000][gc,phases     ] GC(99)   Pre Evacuate Collection Set: 0.2ms
[2023-11-17T08:47:02.604+0000][gc,phases     ] GC(99)   Evacuate Collection Set: 22.1ms
[2023-11-17T08:47:02.604+0000][gc,phases     ] GC(99)   Post Evacuate Collection Set: 2.5ms
[2023-11-17T08:47:02.604+0000][gc,phases     ] GC(99)   Other: 0.3ms
[2023-11-17T08:47:02.604+0000][gc,heap       ] GC(99) Eden regions: 32->0(27)
[2023-11-17T08:47:02.604+0000][gc,heap       ] GC(99) Survivor regions: 4->4(5)
[2023-11-17T08:47:02.604+0000][gc,heap       ] GC(99) Old regions: 48->49
[2023-11-17T08:47:02.604+0000][gc,heap       ] GC(99) Humongous regions: 147->147
[2023-11-17T08:47:02.604+0000][gc,metaspace  ] GC(99) Metaspace: 44377K(47256K)->44377K(47256K) NonClass: 39114K(40704K)->39114K(40704K) Class: 5262K(6552K)->5262K(6552K)
[2023-11-17T08:47:02.604+0000][gc            ] GC(99) Pause Young (Concurrent Start) (G1 Evacuation Pause) 229M->198M(512M) 25.239ms
[2023-11-17T08:47:02.604+0000][gc,cpu        ] GC(99) User=0.04s Sys=0.00s Real=0.02s
[2023-11-17T08:47:02.604+0000][gc            ] GC(100) Concurrent Cycle
[2023-11-17T08:47:02.604+0000][gc,marking    ] GC(100) Concurrent Clear Claimed Marks
[2023-11-17T08:47:02.604+0000][gc,marking    ] GC(100) Concurrent Clear Claimed Marks 0.650ms
[2023-11-17T08:47:02.604+0000][gc,marking    ] GC(100) Concurrent Scan Root Regions
[2023-11-17T08:47:02.609+0000][gc,marking    ] GC(100) Concurrent Scan Root Regions 4.957ms
[2023-11-17T08:47:02.609+0000][gc,marking    ] GC(100) Concurrent Mark (5972.642s)
[2023-11-17T08:47:02.609+0000][gc,marking    ] GC(100) Concurrent Mark From Roots
[2023-11-17T08:47:02.609+0000][gc,task       ] GC(100) Using 1 workers of 1 for marking
[2023-11-17T08:47:02.686+0000][gc,marking    ] GC(100) Concurrent Mark From Roots 76.156ms
[2023-11-17T08:47:02.686+0000][gc,marking    ] GC(100) Concurrent Preclean
[2023-11-17T08:47:02.686+0000][gc,marking    ] GC(100) Concurrent Preclean 0.265ms
[2023-11-17T08:47:02.686+0000][gc,marking    ] GC(100) Concurrent Mark (5972.642s, 5972.718s) 76.494ms
[2023-11-17T08:47:02.686+0000][gc,start      ] GC(100) Pause Remark
[2023-11-17T08:47:02.716+0000][gc,stringtable] GC(100) Cleaned string and symbol table, strings: 12789 processed, 0 removed, symbols: 93082 processed, 0 removed
[2023-11-17T08:47:02.716+0000][gc,mmu        ] GC(100) MMU target violated: 21.0ms (20.0ms/21.0ms)
[2023-11-17T08:47:02.716+0000][gc            ] GC(100) Pause Remark 198M->198M(512M) 29.567ms
[2023-11-17T08:47:02.716+0000][gc,cpu        ] GC(100) User=0.03s Sys=0.00s Real=0.03s
[2023-11-17T08:47:02.716+0000][gc,marking    ] GC(100) Concurrent Rebuild Remembered Sets
[2023-11-17T08:47:02.737+0000][gc,marking    ] GC(100) Concurrent Rebuild Remembered Sets 21.169ms
[2023-11-17T08:47:02.737+0000][gc,start      ] GC(100) Pause Cleanup
[2023-11-17T08:47:02.738+0000][gc            ] GC(100) Pause Cleanup 198M->198M(512M) 0.185ms
[2023-11-17T08:47:02.738+0000][gc,cpu        ] GC(100) User=0.00s Sys=0.00s Real=0.00s
[2023-11-17T08:47:02.738+0000][gc,marking    ] GC(100) Concurrent Cleanup for Next Mark
[2023-11-17T08:47:02.739+0000][gc,marking    ] GC(100) Concurrent Cleanup for Next Mark 1.352ms
[2023-11-17T08:47:02.739+0000][gc            ] GC(100) Concurrent Cycle 135.326ms
[2023-11-17T08:48:35.035+0000][gc,start      ] GC(101) Pause Young (Prepare Mixed) (G1 Evacuation Pause)
[2023-11-17T08:48:35.035+0000][gc,task       ] GC(101) Using 2 workers of 2 for evacuation
[2023-11-17T08:48:35.053+0000][gc,phases     ] GC(101)   Pre Evacuate Collection Set: 0.0ms
[2023-11-17T08:48:35.053+0000][gc,phases     ] GC(101)   Evacuate Collection Set: 17.7ms
[2023-11-17T08:48:35.053+0000][gc,phases     ] GC(101)   Post Evacuate Collection Set: 0.4ms
[2023-11-17T08:48:35.053+0000][gc,phases     ] GC(101)   Other: 0.5ms
[2023-11-17T08:48:35.053+0000][gc,heap       ] GC(101) Eden regions: 24->0(22)
[2023-11-17T08:48:35.053+0000][gc,heap       ] GC(101) Survivor regions: 4->3(4)
[2023-11-17T08:48:35.053+0000][gc,heap       ] GC(101) Old regions: 49->53
[2023-11-17T08:48:35.053+0000][gc,heap       ] GC(101) Humongous regions: 147->147
[2023-11-17T08:48:35.053+0000][gc,metaspace  ] GC(101) Metaspace: 44378K(47256K)->44378K(47256K) NonClass: 39115K(40704K)->39115K(40704K) Class: 5262K(6552K)->5262K(6552K)
[2023-11-17T08:48:35.053+0000][gc            ] GC(101) Pause Young (Prepare Mixed) (G1 Evacuation Pause) 222M->200M(512M) 18.795ms
[2023-11-17T08:48:35.053+0000][gc,cpu        ] GC(101) User=0.03s Sys=0.00s Real=0.02s
[2023-11-17T08:50:00.696+0000][gc,start      ] GC(102) Pause Young (Mixed) (G1 Evacuation Pause)
[2023-11-17T08:50:00.696+0000][gc,task       ] GC(102) Using 2 workers of 2 for evacuation
[2023-11-17T08:50:00.718+0000][gc,mmu        ] GC(102) MMU target violated: 21.0ms (20.0ms/21.0ms)
[2023-11-17T08:50:00.718+0000][gc,phases     ] GC(102)   Pre Evacuate Collection Set: 0.0ms
[2023-11-17T08:50:00.718+0000][gc,phases     ] GC(102)   Evacuate Collection Set: 20.9ms
[2023-11-17T08:50:00.718+0000][gc,phases     ] GC(102)   Post Evacuate Collection Set: 0.6ms
[2023-11-17T08:50:00.718+0000][gc,phases     ] GC(102)   Other: 0.3ms
[2023-11-17T08:50:00.718+0000][gc,heap       ] GC(102) Eden regions: 22->0(28)
[2023-11-17T08:50:00.718+0000][gc,heap       ] GC(102) Survivor regions: 3->3(4)
[2023-11-17T08:50:00.718+0000][gc,heap       ] GC(102) Old regions: 53->51
[2023-11-17T08:50:00.718+0000][gc,heap       ] GC(102) Humongous regions: 147->147
[2023-11-17T08:50:00.718+0000][gc,metaspace  ] GC(102) Metaspace: 44382K(47256K)->44382K(47256K) NonClass: 39120K(40704K)->39120K(40704K) Class: 5262K(6552K)->5262K(6552K)
[2023-11-17T08:50:00.718+0000][gc            ] GC(102) Pause Young (Mixed) (G1 Evacuation Pause) 222M->198M(512M) 21.854ms
[2023-11-17T08:50:00.718+0000][gc,cpu        ] GC(102) User=0.03s Sys=0.00s Real=0.02s
[2023-11-17T08:51:35.061+0000][gc,start      ] GC(103) Pause Young (Concurrent Start) (G1 Evacuation Pause)
[2023-11-17T08:51:35.061+0000][gc,task       ] GC(103) Using 2 workers of 2 for evacuation
[2023-11-17T08:51:35.081+0000][gc,phases     ] GC(103)   Pre Evacuate Collection Set: 0.2ms
[2023-11-17T08:51:35.081+0000][gc,phases     ] GC(103)   Evacuate Collection Set: 18.7ms
[2023-11-17T08:51:35.081+0000][gc,phases     ] GC(103)   Post Evacuate Collection Set: 0.3ms
[2023-11-17T08:51:35.081+0000][gc,phases     ] GC(103)   Other: 0.5ms
[2023-11-17T08:51:35.081+0000][gc,heap       ] GC(103) Eden regions: 24->0(23)
[2023-11-17T08:51:35.081+0000][gc,heap       ] GC(103) Survivor regions: 3->3(4)
[2023-11-17T08:51:35.081+0000][gc,heap       ] GC(103) Old regions: 51->53
[2023-11-17T08:51:35.081+0000][gc,heap       ] GC(103) Humongous regions: 147->147
[2023-11-17T08:51:35.081+0000][gc,metaspace  ] GC(103) Metaspace: 44385K(47256K)->44385K(47256K) NonClass: 39123K(40704K)->39123K(40704K) Class: 5262K(6552K)->5262K(6552K)
[2023-11-17T08:51:35.081+0000][gc            ] GC(103) Pause Young (Concurrent Start) (G1 Evacuation Pause) 222M->201M(512M) 19.840ms
[2023-11-17T08:51:35.081+0000][gc,cpu        ] GC(103) User=0.04s Sys=0.00s Real=0.02s
[2023-11-17T08:51:35.081+0000][gc            ] GC(104) Concurrent Cycle
[2023-11-17T08:51:35.081+0000][gc,marking    ] GC(104) Concurrent Clear Claimed Marks
[2023-11-17T08:51:35.082+0000][gc,marking    ] GC(104) Concurrent Clear Claimed Marks 0.365ms
[2023-11-17T08:51:35.082+0000][gc,marking    ] GC(104) Concurrent Scan Root Regions
[2023-11-17T08:51:35.087+0000][gc,marking    ] GC(104) Concurrent Scan Root Regions 5.537ms
[2023-11-17T08:51:35.087+0000][gc,marking    ] GC(104) Concurrent Mark (6245.119s)
[2023-11-17T08:51:35.087+0000][gc,marking    ] GC(104) Concurrent Mark From Roots
[2023-11-17T08:51:35.087+0000][gc,task       ] GC(104) Using 1 workers of 1 for marking
[2023-11-17T08:51:35.139+0000][gc,marking    ] GC(104) Concurrent Mark From Roots 51.818ms
[2023-11-17T08:51:35.139+0000][gc,marking    ] GC(104) Concurrent Preclean
[2023-11-17T08:51:35.139+0000][gc,marking    ] GC(104) Concurrent Preclean 0.176ms
[2023-11-17T08:51:35.139+0000][gc,marking    ] GC(104) Concurrent Mark (6245.119s, 6245.172s) 52.046ms
[2023-11-17T08:51:35.140+0000][gc,start      ] GC(104) Pause Remark
[2023-11-17T08:51:35.157+0000][gc,stringtable] GC(104) Cleaned string and symbol table, strings: 12789 processed, 0 removed, symbols: 93082 processed, 0 removed
[2023-11-17T08:51:35.157+0000][gc            ] GC(104) Pause Remark 201M->201M(512M) 17.598ms
[2023-11-17T08:51:35.157+0000][gc,cpu        ] GC(104) User=0.03s Sys=0.00s Real=0.02s
[2023-11-17T08:51:35.157+0000][gc,marking    ] GC(104) Concurrent Rebuild Remembered Sets
[2023-11-17T08:51:35.187+0000][gc,marking    ] GC(104) Concurrent Rebuild Remembered Sets 29.940ms
[2023-11-17T08:51:35.188+0000][gc,start      ] GC(104) Pause Cleanup
[2023-11-17T08:51:35.188+0000][gc            ] GC(104) Pause Cleanup 201M->201M(512M) 0.252ms
[2023-11-17T08:51:35.188+0000][gc,cpu        ] GC(104) User=0.00s Sys=0.00s Real=0.00s
[2023-11-17T08:51:35.188+0000][gc,marking    ] GC(104) Concurrent Cleanup for Next Mark
[2023-11-17T08:51:35.190+0000][gc,marking    ] GC(104) Concurrent Cleanup for Next Mark 1.834ms
[2023-11-17T08:51:35.190+0000][gc            ] GC(104) Concurrent Cycle 108.711ms
[2023-11-17T08:53:01.220+0000][gc,start      ] GC(105) Pause Young (Prepare Mixed) (G1 Evacuation Pause)
[2023-11-17T08:53:01.220+0000][gc,task       ] GC(105) Using 2 workers of 2 for evacuation
[2023-11-17T08:53:01.232+0000][gc,phases     ] GC(105)   Pre Evacuate Collection Set: 0.0ms
[2023-11-17T08:53:01.232+0000][gc,phases     ] GC(105)   Evacuate Collection Set: 12.0ms
[2023-11-17T08:53:01.232+0000][gc,phases     ] GC(105)   Post Evacuate Collection Set: 0.3ms
[2023-11-17T08:53:01.232+0000][gc,phases     ] GC(105)   Other: 0.2ms
[2023-11-17T08:53:01.232+0000][gc,heap       ] GC(105) Eden regions: 22->0(22)
[2023-11-17T08:53:01.232+0000][gc,heap       ] GC(105) Survivor regions: 3->3(4)
[2023-11-17T08:53:01.232+0000][gc,heap       ] GC(105) Old regions: 53->55
[2023-11-17T08:53:01.232+0000][gc,heap       ] GC(105) Humongous regions: 147->147
[2023-11-17T08:53:01.232+0000][gc,metaspace  ] GC(105) Metaspace: 44387K(47256K)->44387K(47256K) NonClass: 39125K(40704K)->39125K(40704K) Class: 5262K(6552K)->5262K(6552K)
[2023-11-17T08:53:01.232+0000][gc            ] GC(105) Pause Young (Prepare Mixed) (G1 Evacuation Pause) 223M->202M(512M) 12.722ms
[2023-11-17T08:53:01.232+0000][gc,cpu        ] GC(105) User=0.02s Sys=0.00s Real=0.01s
[2023-11-17T08:54:26.366+0000][gc,start      ] GC(106) Pause Young (Mixed) (G1 Evacuation Pause)
[2023-11-17T08:54:26.366+0000][gc,task       ] GC(106) Using 2 workers of 2 for evacuation
[2023-11-17T08:54:26.383+0000][gc,phases     ] GC(106)   Pre Evacuate Collection Set: 0.0ms
[2023-11-17T08:54:26.383+0000][gc,phases     ] GC(106)   Evacuate Collection Set: 15.0ms
[2023-11-17T08:54:26.383+0000][gc,phases     ] GC(106)   Post Evacuate Collection Set: 1.1ms
[2023-11-17T08:54:26.383+0000][gc,phases     ] GC(106)   Other: 0.3ms
[2023-11-17T08:54:26.383+0000][gc,heap       ] GC(106) Eden regions: 22->0(22)
[2023-11-17T08:54:26.383+0000][gc,heap       ] GC(106) Survivor regions: 3->3(4)
[2023-11-17T08:54:26.383+0000][gc,heap       ] GC(106) Old regions: 55->52
[2023-11-17T08:54:26.383+0000][gc,heap       ] GC(106) Humongous regions: 147->147
[2023-11-17T08:54:26.383+0000][gc,metaspace  ] GC(106) Metaspace: 44389K(47256K)->44389K(47256K) NonClass: 39127K(40704K)->39127K(40704K) Class: 5262K(6552K)->5262K(6552K)
[2023-11-17T08:54:26.383+0000][gc            ] GC(106) Pause Young (Mixed) (G1 Evacuation Pause) 224M->200M(512M) 17.054ms
[2023-11-17T08:54:26.384+0000][gc,cpu        ] GC(106) User=0.03s Sys=0.00s Real=0.01s
[2023-11-17T08:55:52.033+0000][gc,start      ] GC(107) Pause Young (Mixed) (G1 Evacuation Pause)
[2023-11-17T08:55:52.033+0000][gc,task       ] GC(107) Using 2 workers of 2 for evacuation
[2023-11-17T08:55:52.046+0000][gc,phases     ] GC(107)   Pre Evacuate Collection Set: 0.0ms
[2023-11-17T08:55:52.046+0000][gc,phases     ] GC(107)   Evacuate Collection Set: 11.6ms
[2023-11-17T08:55:52.046+0000][gc,phases     ] GC(107)   Post Evacuate Collection Set: 1.5ms
[2023-11-17T08:55:52.047+0000][gc,phases     ] GC(107)   Other: 0.3ms
[2023-11-17T08:55:52.047+0000][gc,heap       ] GC(107) Eden regions: 22->0(27)
[2023-11-17T08:55:52.047+0000][gc,heap       ] GC(107) Survivor regions: 3->3(4)
[2023-11-17T08:55:52.047+0000][gc,heap       ] GC(107) Old regions: 52->52
[2023-11-17T08:55:52.047+0000][gc,heap       ] GC(107) Humongous regions: 147->147
[2023-11-17T08:55:52.047+0000][gc,metaspace  ] GC(107) Metaspace: 44389K(47256K)->44389K(47256K) NonClass: 39127K(40704K)->39127K(40704K) Class: 5262K(6552K)->5262K(6552K)
[2023-11-17T08:55:52.047+0000][gc            ] GC(107) Pause Young (Mixed) (G1 Evacuation Pause) 222M->200M(512M) 13.511ms
[2023-11-17T08:55:52.047+0000][gc,cpu        ] GC(107) User=0.03s Sys=0.00s Real=0.02s
[2023-11-17T08:57:30.228+0000][gc,start      ] GC(108) Pause Young (Concurrent Start) (G1 Evacuation Pause)
[2023-11-17T08:57:30.228+0000][gc,task       ] GC(108) Using 2 workers of 2 for evacuation
[2023-11-17T08:57:30.240+0000][gc,phases     ] GC(108)   Pre Evacuate Collection Set: 0.2ms
[2023-11-17T08:57:30.240+0000][gc,phases     ] GC(108)   Evacuate Collection Set: 10.5ms
[2023-11-17T08:57:30.240+0000][gc,phases     ] GC(108)   Post Evacuate Collection Set: 0.6ms
[2023-11-17T08:57:30.240+0000][gc,phases     ] GC(108)   Other: 0.2ms
[2023-11-17T08:57:30.240+0000][gc,heap       ] GC(108) Eden regions: 25->0(29)
[2023-11-17T08:57:30.240+0000][gc,heap       ] GC(108) Survivor regions: 3->2(4)
[2023-11-17T08:57:30.240+0000][gc,heap       ] GC(108) Old regions: 52->53
[2023-11-17T08:57:30.240+0000][gc,heap       ] GC(108) Humongous regions: 147->147
[2023-11-17T08:57:30.240+0000][gc,metaspace  ] GC(108) Metaspace: 44389K(47256K)->44389K(47256K) NonClass: 39127K(40704K)->39127K(40704K) Class: 5262K(6552K)->5262K(6552K)
[2023-11-17T08:57:30.240+0000][gc            ] GC(108) Pause Young (Concurrent Start) (G1 Evacuation Pause) 225M->200M(512M) 11.649ms
[2023-11-17T08:57:30.240+0000][gc,cpu        ] GC(108) User=0.03s Sys=0.00s Real=0.01s
[2023-11-17T08:57:30.240+0000][gc            ] GC(109) Concurrent Cycle
[2023-11-17T08:57:30.240+0000][gc,marking    ] GC(109) Concurrent Clear Claimed Marks
[2023-11-17T08:57:30.240+0000][gc,marking    ] GC(109) Concurrent Clear Claimed Marks 0.205ms
[2023-11-17T08:57:30.240+0000][gc,marking    ] GC(109) Concurrent Scan Root Regions
[2023-11-17T08:57:30.243+0000][gc,marking    ] GC(109) Concurrent Scan Root Regions 3.327ms
[2023-11-17T08:57:30.243+0000][gc,marking    ] GC(109) Concurrent Mark (6600.276s)
[2023-11-17T08:57:30.243+0000][gc,marking    ] GC(109) Concurrent Mark From Roots
[2023-11-17T08:57:30.243+0000][gc,task       ] GC(109) Using 1 workers of 1 for marking
[2023-11-17T08:57:30.286+0000][gc,marking    ] GC(109) Concurrent Mark From Roots 42.372ms
[2023-11-17T08:57:30.286+0000][gc,marking    ] GC(109) Concurrent Preclean
[2023-11-17T08:57:30.286+0000][gc,marking    ] GC(109) Concurrent Preclean 0.232ms
[2023-11-17T08:57:30.286+0000][gc,marking    ] GC(109) Concurrent Mark (6600.276s, 6600.318s) 42.664ms
[2023-11-17T08:57:30.286+0000][gc,start      ] GC(109) Pause Remark
[2023-11-17T08:57:30.303+0000][gc,stringtable] GC(109) Cleaned string and symbol table, strings: 12789 processed, 0 removed, symbols: 93082 processed, 0 removed
[2023-11-17T08:57:30.303+0000][gc            ] GC(109) Pause Remark 200M->200M(512M) 17.112ms
[2023-11-17T08:57:30.303+0000][gc,cpu        ] GC(109) User=0.03s Sys=0.00s Real=0.01s
[2023-11-17T08:57:30.303+0000][gc,marking    ] GC(109) Concurrent Rebuild Remembered Sets
[2023-11-17T08:57:30.331+0000][gc,marking    ] GC(109) Concurrent Rebuild Remembered Sets 27.650ms
[2023-11-17T08:57:30.331+0000][gc,start      ] GC(109) Pause Cleanup
[2023-11-17T08:57:30.332+0000][gc            ] GC(109) Pause Cleanup 200M->200M(512M) 0.173ms
[2023-11-17T08:57:30.332+0000][gc,cpu        ] GC(109) User=0.00s Sys=0.00s Real=0.00s
[2023-11-17T08:57:30.332+0000][gc,marking    ] GC(109) Concurrent Cleanup for Next Mark
[2023-11-17T08:57:30.333+0000][gc,marking    ] GC(109) Concurrent Cleanup for Next Mark 1.416ms
[2023-11-17T08:57:30.333+0000][gc            ] GC(109) Concurrent Cycle 93.337ms
[2023-11-17T08:59:08.500+0000][gc,start      ] GC(110) Pause Young (Prepare Mixed) (G1 Evacuation Pause)
[2023-11-17T08:59:08.500+0000][gc,task       ] GC(110) Using 2 workers of 2 for evacuation
[2023-11-17T08:59:08.515+0000][gc,phases     ] GC(110)   Pre Evacuate Collection Set: 0.0ms
[2023-11-17T08:59:08.515+0000][gc,phases     ] GC(110)   Evacuate Collection Set: 13.8ms
[2023-11-17T08:59:08.515+0000][gc,phases     ] GC(110)   Post Evacuate Collection Set: 0.3ms
[2023-11-17T08:59:08.515+0000][gc,phases     ] GC(110)   Other: 0.2ms
[2023-11-17T08:59:08.515+0000][gc,heap       ] GC(110) Eden regions: 28->0(21)
[2023-11-17T08:59:08.515+0000][gc,heap       ] GC(110) Survivor regions: 2->4(4)
[2023-11-17T08:59:08.515+0000][gc,heap       ] GC(110) Old regions: 53->54
[2023-11-17T08:59:08.515+0000][gc,heap       ] GC(110) Humongous regions: 147->147
[2023-11-17T08:59:08.515+0000][gc,metaspace  ] GC(110) Metaspace: 44400K(47256K)->44400K(47256K) NonClass: 39138K(40704K)->39138K(40704K) Class: 5262K(6552K)->5262K(6552K)
[2023-11-17T08:59:08.515+0000][gc            ] GC(110) Pause Young (Prepare Mixed) (G1 Evacuation Pause) 228M->202M(512M) 14.473ms
[2023-11-17T08:59:08.515+0000][gc,cpu        ] GC(110) User=0.03s Sys=0.00s Real=0.02s
[2023-11-17T09:00:29.653+0000][gc,start      ] GC(111) Pause Young (Mixed) (G1 Evacuation Pause)
[2023-11-17T09:00:29.653+0000][gc,task       ] GC(111) Using 2 workers of 2 for evacuation
[2023-11-17T09:00:29.667+0000][gc,phases     ] GC(111)   Pre Evacuate Collection Set: 0.0ms
[2023-11-17T09:00:29.667+0000][gc,phases     ] GC(111)   Evacuate Collection Set: 12.7ms
[2023-11-17T09:00:29.667+0000][gc,phases     ] GC(111)   Post Evacuate Collection Set: 0.5ms
[2023-11-17T09:00:29.667+0000][gc,phases     ] GC(111)   Other: 0.3ms
[2023-11-17T09:00:29.667+0000][gc,heap       ] GC(111) Eden regions: 21->0(32)
[2023-11-17T09:00:29.667+0000][gc,heap       ] GC(111) Survivor regions: 4->2(4)
[2023-11-17T09:00:29.667+0000][gc,heap       ] GC(111) Old regions: 54->49
[2023-11-17T09:00:29.667+0000][gc,heap       ] GC(111) Humongous regions: 147->147
[2023-11-17T09:00:29.667+0000][gc,metaspace  ] GC(111) Metaspace: 44400K(47256K)->44400K(47256K) NonClass: 39138K(40704K)->39138K(40704K) Class: 5262K(6552K)->5262K(6552K)
[2023-11-17T09:00:29.667+0000][gc            ] GC(111) Pause Young (Mixed) (G1 Evacuation Pause) 223M->196M(512M) 13.613ms
[2023-11-17T09:00:29.667+0000][gc,cpu        ] GC(111) User=0.02s Sys=0.00s Real=0.02s
[2023-11-17T09:02:35.620+0000][gc,start      ] GC(112) Pause Young (Concurrent Start) (G1 Evacuation Pause)
[2023-11-17T09:02:35.620+0000][gc,task       ] GC(112) Using 2 workers of 2 for evacuation
[2023-11-17T09:02:35.635+0000][gc,phases     ] GC(112)   Pre Evacuate Collection Set: 0.2ms
[2023-11-17T09:02:35.636+0000][gc,phases     ] GC(112)   Evacuate Collection Set: 14.7ms
[2023-11-17T09:02:35.636+0000][gc,phases     ] GC(112)   Post Evacuate Collection Set: 0.4ms
[2023-11-17T09:02:35.636+0000][gc,phases     ] GC(112)   Other: 0.3ms
[2023-11-17T09:02:35.636+0000][gc,heap       ] GC(112) Eden regions: 32->0(30)
[2023-11-17T09:02:35.636+0000][gc,heap       ] GC(112) Survivor regions: 2->5(5)
[2023-11-17T09:02:35.636+0000][gc,heap       ] GC(112) Old regions: 49->49
[2023-11-17T09:02:35.636+0000][gc,heap       ] GC(112) Humongous regions: 147->147
[2023-11-17T09:02:35.636+0000][gc,metaspace  ] GC(112) Metaspace: 44400K(47256K)->44400K(47256K) NonClass: 39138K(40704K)->39138K(40704K) Class: 5262K(6552K)->5262K(6552K)
[2023-11-17T09:02:35.636+0000][gc            ] GC(112) Pause Young (Concurrent Start) (G1 Evacuation Pause) 228M->199M(512M) 15.693ms
[2023-11-17T09:02:35.636+0000][gc,cpu        ] GC(112) User=0.03s Sys=0.00s Real=0.02s
[2023-11-17T09:02:35.636+0000][gc            ] GC(113) Concurrent Cycle
[2023-11-17T09:02:35.636+0000][gc,marking    ] GC(113) Concurrent Clear Claimed Marks
[2023-11-17T09:02:35.636+0000][gc,marking    ] GC(113) Concurrent Clear Claimed Marks 0.226ms
[2023-11-17T09:02:35.636+0000][gc,marking    ] GC(113) Concurrent Scan Root Regions
[2023-11-17T09:02:35.643+0000][gc,marking    ] GC(113) Concurrent Scan Root Regions 7.287ms
[2023-11-17T09:02:35.643+0000][gc,marking    ] GC(113) Concurrent Mark (6905.676s)
[2023-11-17T09:02:35.643+0000][gc,marking    ] GC(113) Concurrent Mark From Roots
[2023-11-17T09:02:35.643+0000][gc,task       ] GC(113) Using 1 workers of 1 for marking
[2023-11-17T09:02:35.679+0000][gc,marking    ] GC(113) Concurrent Mark From Roots 35.595ms
[2023-11-17T09:02:35.679+0000][gc,marking    ] GC(113) Concurrent Preclean
[2023-11-17T09:02:35.679+0000][gc,marking    ] GC(113) Concurrent Preclean 0.177ms
[2023-11-17T09:02:35.679+0000][gc,marking    ] GC(113) Concurrent Mark (6905.676s, 6905.711s) 35.837ms
[2023-11-17T09:02:35.679+0000][gc,start      ] GC(113) Pause Remark
[2023-11-17T09:02:35.693+0000][gc,stringtable] GC(113) Cleaned string and symbol table, strings: 12795 processed, 0 removed, symbols: 93082 processed, 0 removed
[2023-11-17T09:02:35.693+0000][gc            ] GC(113) Pause Remark 199M->199M(512M) 13.863ms
[2023-11-17T09:02:35.693+0000][gc,cpu        ] GC(113) User=0.03s Sys=0.00s Real=0.01s
[2023-11-17T09:02:35.693+0000][gc,marking    ] GC(113) Concurrent Rebuild Remembered Sets
[2023-11-17T09:02:35.715+0000][gc,marking    ] GC(113) Concurrent Rebuild Remembered Sets 21.855ms
[2023-11-17T09:02:35.715+0000][gc,start      ] GC(113) Pause Cleanup
[2023-11-17T09:02:35.716+0000][gc            ] GC(113) Pause Cleanup 199M->199M(512M) 0.180ms
[2023-11-17T09:02:35.716+0000][gc,cpu        ] GC(113) User=0.00s Sys=0.00s Real=0.00s
[2023-11-17T09:02:35.716+0000][gc,marking    ] GC(113) Concurrent Cleanup for Next Mark
[2023-11-17T09:02:35.717+0000][gc,marking    ] GC(113) Concurrent Cleanup for Next Mark 1.423ms
[2023-11-17T09:02:35.717+0000][gc            ] GC(113) Concurrent Cycle 81.428ms
[2023-11-17T09:04:31.220+0000][gc,start      ] GC(114) Pause Young (Prepare Mixed) (G1 Evacuation Pause)
[2023-11-17T09:04:31.220+0000][gc,task       ] GC(114) Using 2 workers of 2 for evacuation
[2023-11-17T09:04:31.235+0000][gc,phases     ] GC(114)   Pre Evacuate Collection Set: 0.0ms
[2023-11-17T09:04:31.236+0000][gc,phases     ] GC(114)   Evacuate Collection Set: 15.0ms
[2023-11-17T09:04:31.236+0000][gc,phases     ] GC(114)   Post Evacuate Collection Set: 0.6ms
[2023-11-17T09:04:31.236+0000][gc,phases     ] GC(114)   Other: 0.2ms
[2023-11-17T09:04:31.236+0000][gc,heap       ] GC(114) Eden regions: 30->0(21)
[2023-11-17T09:04:31.236+0000][gc,heap       ] GC(114) Survivor regions: 5->4(5)
[2023-11-17T09:04:31.236+0000][gc,heap       ] GC(114) Old regions: 49->52
[2023-11-17T09:04:31.236+0000][gc,heap       ] GC(114) Humongous regions: 147->147
[2023-11-17T09:04:31.236+0000][gc,metaspace  ] GC(114) Metaspace: 44404K(47256K)->44404K(47256K) NonClass: 39142K(40704K)->39142K(40704K) Class: 5262K(6552K)->5262K(6552K)
[2023-11-17T09:04:31.236+0000][gc            ] GC(114) Pause Young (Prepare Mixed) (G1 Evacuation Pause) 229M->200M(512M) 16.074ms
[2023-11-17T09:04:31.236+0000][gc,cpu        ] GC(114) User=0.03s Sys=0.00s Real=0.02s
[2023-11-17T09:05:52.187+0000][gc,start      ] GC(115) Pause Young (Mixed) (G1 Evacuation Pause)
[2023-11-17T09:05:52.187+0000][gc,task       ] GC(115) Using 2 workers of 2 for evacuation
[2023-11-17T09:05:52.199+0000][gc,phases     ] GC(115)   Pre Evacuate Collection Set: 0.0ms
[2023-11-17T09:05:52.199+0000][gc,phases     ] GC(115)   Evacuate Collection Set: 11.0ms
[2023-11-17T09:05:52.199+0000][gc,phases     ] GC(115)   Post Evacuate Collection Set: 0.3ms
[2023-11-17T09:05:52.199+0000][gc,phases     ] GC(115)   Other: 0.3ms
[2023-11-17T09:05:52.199+0000][gc,heap       ] GC(115) Eden regions: 21->0(36)
[2023-11-17T09:05:52.199+0000][gc,heap       ] GC(115) Survivor regions: 4->2(4)
[2023-11-17T09:05:52.199+0000][gc,heap       ] GC(115) Old regions: 52->51
[2023-11-17T09:05:52.199+0000][gc,heap       ] GC(115) Humongous regions: 147->147
[2023-11-17T09:05:52.199+0000][gc,metaspace  ] GC(115) Metaspace: 44404K(47256K)->44404K(47256K) NonClass: 39142K(40704K)->39142K(40704K) Class: 5262K(6552K)->5262K(6552K)
[2023-11-17T09:05:52.199+0000][gc            ] GC(115) Pause Young (Mixed) (G1 Evacuation Pause) 221M->197M(512M) 11.799ms
[2023-11-17T09:05:52.199+0000][gc,cpu        ] GC(115) User=0.02s Sys=0.00s Real=0.01s
[2023-11-17T09:07:43.388+0000][gc,start      ] GC(116) Pause Young (Concurrent Start) (G1 Evacuation Pause)
[2023-11-17T09:07:43.388+0000][gc,task       ] GC(116) Using 2 workers of 2 for evacuation
[2023-11-17T09:07:43.414+0000][gc,mmu        ] GC(116) MMU target violated: 21.0ms (20.0ms/21.0ms)
[2023-11-17T09:07:43.414+0000][gc,phases     ] GC(116)   Pre Evacuate Collection Set: 0.2ms
[2023-11-17T09:07:43.414+0000][gc,phases     ] GC(116)   Evacuate Collection Set: 24.9ms
[2023-11-17T09:07:43.414+0000][gc,phases     ] GC(116)   Post Evacuate Collection Set: 0.4ms
[2023-11-17T09:07:43.414+0000][gc,phases     ] GC(116)   Other: 0.3ms
[2023-11-17T09:07:43.414+0000][gc,heap       ] GC(116) Eden regions: 33->0(24)
[2023-11-17T09:07:43.414+0000][gc,heap       ] GC(116) Survivor regions: 2->5(5)
[2023-11-17T09:07:43.414+0000][gc,heap       ] GC(116) Old regions: 51->54
[2023-11-17T09:07:43.414+0000][gc,heap       ] GC(116) Humongous regions: 147->147
[2023-11-17T09:07:43.414+0000][gc,metaspace  ] GC(116) Metaspace: 44411K(47256K)->44411K(47256K) NonClass: 39148K(40704K)->39148K(40704K) Class: 5262K(6552K)->5262K(6552K)
[2023-11-17T09:07:43.414+0000][gc            ] GC(116) Pause Young (Concurrent Start) (G1 Evacuation Pause) 230M->203M(512M) 25.813ms
[2023-11-17T09:07:43.414+0000][gc,cpu        ] GC(116) User=0.05s Sys=0.00s Real=0.03s
[2023-11-17T09:07:43.414+0000][gc            ] GC(117) Concurrent Cycle
[2023-11-17T09:07:43.414+0000][gc,marking    ] GC(117) Concurrent Clear Claimed Marks
[2023-11-17T09:07:43.414+0000][gc,marking    ] GC(117) Concurrent Clear Claimed Marks 0.204ms
[2023-11-17T09:07:43.414+0000][gc,marking    ] GC(117) Concurrent Scan Root Regions
[2023-11-17T09:07:43.420+0000][gc,marking    ] GC(117) Concurrent Scan Root Regions 6.442ms
[2023-11-17T09:07:43.420+0000][gc,marking    ] GC(117) Concurrent Mark (7213.453s)
[2023-11-17T09:07:43.420+0000][gc,marking    ] GC(117) Concurrent Mark From Roots
[2023-11-17T09:07:43.420+0000][gc,task       ] GC(117) Using 1 workers of 1 for marking
[2023-11-17T09:07:43.515+0000][gc,marking    ] GC(117) Concurrent Mark From Roots 95.013ms
[2023-11-17T09:07:43.515+0000][gc,marking    ] GC(117) Concurrent Preclean
[2023-11-17T09:07:43.516+0000][gc,marking    ] GC(117) Concurrent Preclean 0.356ms
[2023-11-17T09:07:43.516+0000][gc,marking    ] GC(117) Concurrent Mark (7213.453s, 7213.548s) 95.433ms
[2023-11-17T09:07:43.516+0000][gc,start      ] GC(117) Pause Remark
[2023-11-17T09:07:43.532+0000][gc,stringtable] GC(117) Cleaned string and symbol table, strings: 12796 processed, 6 removed, symbols: 93082 processed, 0 removed
[2023-11-17T09:07:43.532+0000][gc            ] GC(117) Pause Remark 203M->203M(512M) 16.069ms
[2023-11-17T09:07:43.532+0000][gc,cpu        ] GC(117) User=0.03s Sys=0.01s Real=0.01s
[2023-11-17T09:07:43.532+0000][gc,marking    ] GC(117) Concurrent Rebuild Remembered Sets
[2023-11-17T09:07:43.562+0000][gc,marking    ] GC(117) Concurrent Rebuild Remembered Sets 29.455ms
[2023-11-17T09:07:43.562+0000][gc,start      ] GC(117) Pause Cleanup
[2023-11-17T09:07:43.562+0000][gc            ] GC(117) Pause Cleanup 203M->203M(512M) 0.179ms
[2023-11-17T09:07:43.562+0000][gc,cpu        ] GC(117) User=0.00s Sys=0.00s Real=0.00s
[2023-11-17T09:07:43.562+0000][gc,marking    ] GC(117) Concurrent Cleanup for Next Mark
[2023-11-17T09:07:43.564+0000][gc,marking    ] GC(117) Concurrent Cleanup for Next Mark 1.453ms
[2023-11-17T09:07:43.564+0000][gc            ] GC(117) Concurrent Cycle 149.955ms
[2023-11-17T09:09:14.614+0000][gc,start      ] GC(118) Pause Young (Prepare Mixed) (G1 Evacuation Pause)
[2023-11-17T09:09:14.614+0000][gc,task       ] GC(118) Using 2 workers of 2 for evacuation
[2023-11-17T09:09:14.630+0000][gc,phases     ] GC(118)   Pre Evacuate Collection Set: 0.0ms
[2023-11-17T09:09:14.630+0000][gc,phases     ] GC(118)   Evacuate Collection Set: 14.2ms
[2023-11-17T09:09:14.630+0000][gc,phases     ] GC(118)   Post Evacuate Collection Set: 0.4ms
[2023-11-17T09:09:14.630+0000][gc,phases     ] GC(118)   Other: 0.7ms
[2023-11-17T09:09:14.630+0000][gc,heap       ] GC(118) Eden regions: 24->0(22)
[2023-11-17T09:09:14.630+0000][gc,heap       ] GC(118) Survivor regions: 5->3(4)
[2023-11-17T09:09:14.630+0000][gc,heap       ] GC(118) Old regions: 54->57
[2023-11-17T09:09:14.630+0000][gc,heap       ] GC(118) Humongous regions: 147->147
[2023-11-17T09:09:14.630+0000][gc,metaspace  ] GC(118) Metaspace: 44415K(47256K)->44415K(47256K) NonClass: 39152K(40704K)->39152K(40704K) Class: 5262K(6552K)->5262K(6552K)
[2023-11-17T09:09:14.630+0000][gc            ] GC(118) Pause Young (Prepare Mixed) (G1 Evacuation Pause) 227M->204M(512M) 15.411ms
[2023-11-17T09:09:14.630+0000][gc,cpu        ] GC(118) User=0.03s Sys=0.00s Real=0.01s
[2023-11-17T09:10:39.830+0000][gc,start      ] GC(119) Pause Young (Mixed) (G1 Evacuation Pause)
[2023-11-17T09:10:39.830+0000][gc,task       ] GC(119) Using 2 workers of 2 for evacuation
[2023-11-17T09:10:39.845+0000][gc,phases     ] GC(119)   Pre Evacuate Collection Set: 0.0ms
[2023-11-17T09:10:39.845+0000][gc,phases     ] GC(119)   Evacuate Collection Set: 15.0ms
[2023-11-17T09:10:39.845+0000][gc,phases     ] GC(119)   Post Evacuate Collection Set: 0.3ms
[2023-11-17T09:10:39.845+0000][gc,phases     ] GC(119)   Other: 0.3ms
[2023-11-17T09:10:39.845+0000][gc,heap       ] GC(119) Eden regions: 22->0(30)
[2023-11-17T09:10:39.845+0000][gc,heap       ] GC(119) Survivor regions: 3->3(4)
[2023-11-17T09:10:39.845+0000][gc,heap       ] GC(119) Old regions: 57->54
[2023-11-17T09:10:39.845+0000][gc,heap       ] GC(119) Humongous regions: 147->147
[2023-11-17T09:10:39.845+0000][gc,metaspace  ] GC(119) Metaspace: 44415K(47256K)->44415K(47256K) NonClass: 39153K(40704K)->39153K(40704K) Class: 5262K(6552K)->5262K(6552K)
[2023-11-17T09:10:39.845+0000][gc            ] GC(119) Pause Young (Mixed) (G1 Evacuation Pause) 226M->202M(512M) 15.771ms
[2023-11-17T09:10:39.845+0000][gc,cpu        ] GC(119) User=0.03s Sys=0.00s Real=0.02s
[2023-11-17T09:12:36.417+0000][gc,start      ] GC(120) Pause Young (Concurrent Start) (G1 Evacuation Pause)
[2023-11-17T09:12:36.417+0000][gc,task       ] GC(120) Using 2 workers of 2 for evacuation
[2023-11-17T09:12:36.429+0000][gc,phases     ] GC(120)   Pre Evacuate Collection Set: 0.2ms
[2023-11-17T09:12:36.429+0000][gc,phases     ] GC(120)   Evacuate Collection Set: 11.2ms
[2023-11-17T09:12:36.429+0000][gc,phases     ] GC(120)   Post Evacuate Collection Set: 0.3ms
[2023-11-17T09:12:36.429+0000][gc,phases     ] GC(120)   Other: 0.3ms
[2023-11-17T09:12:36.429+0000][gc,heap       ] GC(120) Eden regions: 30->0(32)
[2023-11-17T09:12:36.429+0000][gc,heap       ] GC(120) Survivor regions: 3->5(5)
[2023-11-17T09:12:36.429+0000][gc,heap       ] GC(120) Old regions: 54->54
[2023-11-17T09:12:36.429+0000][gc,heap       ] GC(120) Humongous regions: 147->147
[2023-11-17T09:12:36.429+0000][gc,metaspace  ] GC(120) Metaspace: 44415K(47256K)->44415K(47256K) NonClass: 39153K(40704K)->39153K(40704K) Class: 5262K(6552K)->5262K(6552K)
[2023-11-17T09:12:36.429+0000][gc            ] GC(120) Pause Young (Concurrent Start) (G1 Evacuation Pause) 232M->203M(512M) 12.099ms
[2023-11-17T09:12:36.429+0000][gc,cpu        ] GC(120) User=0.02s Sys=0.00s Real=0.01s
[2023-11-17T09:12:36.429+0000][gc            ] GC(121) Concurrent Cycle
[2023-11-17T09:12:36.429+0000][gc,marking    ] GC(121) Concurrent Clear Claimed Marks
[2023-11-17T09:12:36.429+0000][gc,marking    ] GC(121) Concurrent Clear Claimed Marks 0.207ms
[2023-11-17T09:12:36.429+0000][gc,marking    ] GC(121) Concurrent Scan Root Regions
[2023-11-17T09:12:36.433+0000][gc,marking    ] GC(121) Concurrent Scan Root Regions 3.803ms
[2023-11-17T09:12:36.433+0000][gc,marking    ] GC(121) Concurrent Mark (7506.465s)
[2023-11-17T09:12:36.433+0000][gc,marking    ] GC(121) Concurrent Mark From Roots
[2023-11-17T09:12:36.433+0000][gc,task       ] GC(121) Using 1 workers of 1 for marking
[2023-11-17T09:12:36.467+0000][gc,marking    ] GC(121) Concurrent Mark From Roots 33.522ms
[2023-11-17T09:12:36.467+0000][gc,marking    ] GC(121) Concurrent Preclean
[2023-11-17T09:12:36.467+0000][gc,marking    ] GC(121) Concurrent Preclean 0.189ms
[2023-11-17T09:12:36.467+0000][gc,marking    ] GC(121) Concurrent Mark (7506.465s, 7506.499s) 33.762ms
[2023-11-17T09:12:36.467+0000][gc,start      ] GC(121) Pause Remark
[2023-11-17T09:12:36.481+0000][gc,stringtable] GC(121) Cleaned string and symbol table, strings: 12790 processed, 0 removed, symbols: 93082 processed, 0 removed
[2023-11-17T09:12:36.481+0000][gc            ] GC(121) Pause Remark 203M->196M(512M) 13.902ms
[2023-11-17T09:12:36.481+0000][gc,cpu        ] GC(121) User=0.03s Sys=0.00s Real=0.01s
[2023-11-17T09:12:36.481+0000][gc,marking    ] GC(121) Concurrent Rebuild Remembered Sets
[2023-11-17T09:12:36.502+0000][gc,marking    ] GC(121) Concurrent Rebuild Remembered Sets 20.474ms
[2023-11-17T09:12:36.502+0000][gc,start      ] GC(121) Pause Cleanup
[2023-11-17T09:12:36.502+0000][gc            ] GC(121) Pause Cleanup 196M->196M(512M) 0.194ms
[2023-11-17T09:12:36.502+0000][gc,cpu        ] GC(121) User=0.00s Sys=0.00s Real=0.00s
[2023-11-17T09:12:36.502+0000][gc,marking    ] GC(121) Concurrent Cleanup for Next Mark
[2023-11-17T09:12:36.504+0000][gc,marking    ] GC(121) Concurrent Cleanup for Next Mark 1.351ms
[2023-11-17T09:12:36.504+0000][gc            ] GC(121) Concurrent Cycle 74.459ms
[2023-11-17T09:14:41.170+0000][gc,start      ] GC(122) Pause Young (Normal) (G1 Evacuation Pause)
[2023-11-17T09:14:41.170+0000][gc,task       ] GC(122) Using 2 workers of 2 for evacuation
[2023-11-17T09:14:41.185+0000][gc,phases     ] GC(122)   Pre Evacuate Collection Set: 0.0ms
[2023-11-17T09:14:41.185+0000][gc,phases     ] GC(122)   Evacuate Collection Set: 14.7ms
[2023-11-17T09:14:41.185+0000][gc,phases     ] GC(122)   Post Evacuate Collection Set: 0.4ms
[2023-11-17T09:14:41.185+0000][gc,phases     ] GC(122)   Other: 0.3ms
[2023-11-17T09:14:41.185+0000][gc,heap       ] GC(122) Eden regions: 32->0(36)
[2023-11-17T09:14:41.185+0000][gc,heap       ] GC(122) Survivor regions: 5->3(5)
[2023-11-17T09:14:41.185+0000][gc,heap       ] GC(122) Old regions: 47->49
[2023-11-17T09:14:41.185+0000][gc,heap       ] GC(122) Humongous regions: 147->147
[2023-11-17T09:14:41.185+0000][gc,metaspace  ] GC(122) Metaspace: 44416K(47256K)->44416K(47256K) NonClass: 39154K(40704K)->39154K(40704K) Class: 5262K(6552K)->5262K(6552K)
[2023-11-17T09:14:41.186+0000][gc            ] GC(122) Pause Young (Normal) (G1 Evacuation Pause) 228M->197M(512M) 15.448ms
[2023-11-17T09:14:41.186+0000][gc,cpu        ] GC(122) User=0.03s Sys=0.00s Real=0.02s
[2023-11-17T09:17:02.894+0000][gc,start      ] GC(123) Pause Young (Concurrent Start) (G1 Evacuation Pause)
[2023-11-17T09:17:02.894+0000][gc,task       ] GC(123) Using 2 workers of 2 for evacuation
[2023-11-17T09:17:02.909+0000][gc,phases     ] GC(123)   Pre Evacuate Collection Set: 0.2ms
[2023-11-17T09:17:02.909+0000][gc,phases     ] GC(123)   Evacuate Collection Set: 13.5ms
[2023-11-17T09:17:02.909+0000][gc,phases     ] GC(123)   Post Evacuate Collection Set: 1.0ms
[2023-11-17T09:17:02.909+0000][gc,phases     ] GC(123)   Other: 0.3ms
[2023-11-17T09:17:02.909+0000][gc,heap       ] GC(123) Eden regions: 36->0(32)
[2023-11-17T09:17:02.909+0000][gc,heap       ] GC(123) Survivor regions: 3->4(5)
[2023-11-17T09:17:02.909+0000][gc,heap       ] GC(123) Old regions: 49->49
[2023-11-17T09:17:02.909+0000][gc,heap       ] GC(123) Humongous regions: 147->147
[2023-11-17T09:17:02.909+0000][gc,metaspace  ] GC(123) Metaspace: 44442K(47256K)->44442K(47256K) NonClass: 39179K(40704K)->39179K(40704K) Class: 5262K(6552K)->5262K(6552K)
[2023-11-17T09:17:02.909+0000][gc            ] GC(123) Pause Young (Concurrent Start) (G1 Evacuation Pause) 233M->198M(512M) 15.001ms
[2023-11-17T09:17:02.909+0000][gc,cpu        ] GC(123) User=0.03s Sys=0.00s Real=0.01s
[2023-11-17T09:17:02.909+0000][gc            ] GC(124) Concurrent Cycle
[2023-11-17T09:17:02.909+0000][gc,marking    ] GC(124) Concurrent Clear Claimed Marks
[2023-11-17T09:17:02.909+0000][gc,marking    ] GC(124) Concurrent Clear Claimed Marks 0.288ms
[2023-11-17T09:17:02.909+0000][gc,marking    ] GC(124) Concurrent Scan Root Regions
[2023-11-17T09:17:02.913+0000][gc,marking    ] GC(124) Concurrent Scan Root Regions 4.170ms
[2023-11-17T09:17:02.914+0000][gc,marking    ] GC(124) Concurrent Mark (7772.946s)
[2023-11-17T09:17:02.914+0000][gc,marking    ] GC(124) Concurrent Mark From Roots
[2023-11-17T09:17:02.914+0000][gc,task       ] GC(124) Using 1 workers of 1 for marking
[2023-11-17T09:17:02.949+0000][gc,marking    ] GC(124) Concurrent Mark From Roots 34.966ms
[2023-11-17T09:17:02.949+0000][gc,marking    ] GC(124) Concurrent Preclean
[2023-11-17T09:17:02.949+0000][gc,marking    ] GC(124) Concurrent Preclean 0.185ms
[2023-11-17T09:17:02.949+0000][gc,marking    ] GC(124) Concurrent Mark (7772.946s, 7772.981s) 35.205ms
[2023-11-17T09:17:02.949+0000][gc,start      ] GC(124) Pause Remark
[2023-11-17T09:17:02.964+0000][gc,stringtable] GC(124) Cleaned string and symbol table, strings: 12790 processed, 0 removed, symbols: 93082 processed, 0 removed
[2023-11-17T09:17:02.964+0000][gc            ] GC(124) Pause Remark 198M->198M(512M) 15.050ms
[2023-11-17T09:17:02.964+0000][gc,cpu        ] GC(124) User=0.03s Sys=0.00s Real=0.01s
[2023-11-17T09:17:02.964+0000][gc,marking    ] GC(124) Concurrent Rebuild Remembered Sets
[2023-11-17T09:17:02.988+0000][gc,marking    ] GC(124) Concurrent Rebuild Remembered Sets 23.770ms
[2023-11-17T09:17:02.988+0000][gc,start      ] GC(124) Pause Cleanup
[2023-11-17T09:17:02.989+0000][gc            ] GC(124) Pause Cleanup 198M->198M(512M) 0.506ms
[2023-11-17T09:17:02.989+0000][gc,cpu        ] GC(124) User=0.00s Sys=0.00s Real=0.00s
[2023-11-17T09:17:02.989+0000][gc,marking    ] GC(124) Concurrent Cleanup for Next Mark
[2023-11-17T09:17:02.993+0000][gc,marking    ] GC(124) Concurrent Cleanup for Next Mark 4.378ms
[2023-11-17T09:17:02.993+0000][gc            ] GC(124) Concurrent Cycle 84.142ms
[2023-11-17T09:19:06.930+0000][gc,start      ] GC(125) Pause Young (Prepare Mixed) (G1 Evacuation Pause)
[2023-11-17T09:19:06.931+0000][gc,task       ] GC(125) Using 2 workers of 2 for evacuation
[2023-11-17T09:19:06.968+0000][gc,mmu        ] GC(125) MMU target violated: 21.0ms (20.0ms/21.0ms)
[2023-11-17T09:19:06.968+0000][gc,phases     ] GC(125)   Pre Evacuate Collection Set: 0.0ms
[2023-11-17T09:19:06.968+0000][gc,phases     ] GC(125)   Evacuate Collection Set: 36.4ms
[2023-11-17T09:19:06.968+0000][gc,phases     ] GC(125)   Post Evacuate Collection Set: 0.4ms
[2023-11-17T09:19:06.968+0000][gc,phases     ] GC(125)   Other: 1.8ms
[2023-11-17T09:19:06.968+0000][gc,heap       ] GC(125) Eden regions: 32->0(20)
[2023-11-17T09:19:06.968+0000][gc,heap       ] GC(125) Survivor regions: 4->5(5)
[2023-11-17T09:19:06.968+0000][gc,heap       ] GC(125) Old regions: 49->51
[2023-11-17T09:19:06.968+0000][gc,heap       ] GC(125) Humongous regions: 147->147
[2023-11-17T09:19:06.968+0000][gc,metaspace  ] GC(125) Metaspace: 44449K(47256K)->44449K(47256K) NonClass: 39187K(40704K)->39187K(40704K) Class: 5262K(6552K)->5262K(6552K)
[2023-11-17T09:19:06.969+0000][gc            ] GC(125) Pause Young (Prepare Mixed) (G1 Evacuation Pause) 230M->201M(512M) 38.745ms
[2023-11-17T09:19:06.969+0000][gc,cpu        ] GC(125) User=0.07s Sys=0.01s Real=0.04s
[2023-11-17T09:20:23.944+0000][gc,start      ] GC(126) Pause Young (Mixed) (G1 Evacuation Pause)
[2023-11-17T09:20:23.944+0000][gc,task       ] GC(126) Using 2 workers of 2 for evacuation
[2023-11-17T09:20:23.958+0000][gc,phases     ] GC(126)   Pre Evacuate Collection Set: 0.0ms
[2023-11-17T09:20:23.958+0000][gc,phases     ] GC(126)   Evacuate Collection Set: 12.7ms
[2023-11-17T09:20:23.958+0000][gc,phases     ] GC(126)   Post Evacuate Collection Set: 0.5ms
[2023-11-17T09:20:23.958+0000][gc,phases     ] GC(126)   Other: 0.3ms
[2023-11-17T09:20:23.958+0000][gc,heap       ] GC(126) Eden regions: 20->0(25)
[2023-11-17T09:20:23.958+0000][gc,heap       ] GC(126) Survivor regions: 5->3(4)
[2023-11-17T09:20:23.958+0000][gc,heap       ] GC(126) Old regions: 51->52
[2023-11-17T09:20:23.958+0000][gc,heap       ] GC(126) Humongous regions: 147->147
[2023-11-17T09:20:23.958+0000][gc,metaspace  ] GC(126) Metaspace: 44450K(47256K)->44450K(47256K) NonClass: 39188K(40704K)->39188K(40704K) Class: 5262K(6552K)->5262K(6552K)
[2023-11-17T09:20:23.958+0000][gc            ] GC(126) Pause Young (Mixed) (G1 Evacuation Pause) 221M->199M(512M) 13.573ms
[2023-11-17T09:20:23.958+0000][gc,cpu        ] GC(126) User=0.03s Sys=0.00s Real=0.02s
[2023-11-17T09:22:02.332+0000][gc,start      ] GC(127) Pause Young (Concurrent Start) (G1 Evacuation Pause)
[2023-11-17T09:22:02.332+0000][gc,task       ] GC(127) Using 2 workers of 2 for evacuation
[2023-11-17T09:22:02.361+0000][gc,mmu        ] GC(127) MMU target violated: 21.0ms (20.0ms/21.0ms)
[2023-11-17T09:22:02.361+0000][gc,phases     ] GC(127)   Pre Evacuate Collection Set: 0.2ms
[2023-11-17T09:22:02.361+0000][gc,phases     ] GC(127)   Evacuate Collection Set: 24.9ms
[2023-11-17T09:22:02.361+0000][gc,phases     ] GC(127)   Post Evacuate Collection Set: 3.3ms
[2023-11-17T09:22:02.361+0000][gc,phases     ] GC(127)   Other: 0.4ms
[2023-11-17T09:22:02.361+0000][gc,heap       ] GC(127) Eden regions: 25->0(21)
[2023-11-17T09:22:02.361+0000][gc,heap       ] GC(127) Survivor regions: 3->4(4)
[2023-11-17T09:22:02.361+0000][gc,heap       ] GC(127) Old regions: 52->52
[2023-11-17T09:22:02.361+0000][gc,heap       ] GC(127) Humongous regions: 147->147
[2023-11-17T09:22:02.361+0000][gc,metaspace  ] GC(127) Metaspace: 44451K(47256K)->44451K(47256K) NonClass: 39188K(40704K)->39188K(40704K) Class: 5262K(6552K)->5262K(6552K)
[2023-11-17T09:22:02.361+0000][gc            ] GC(127) Pause Young (Concurrent Start) (G1 Evacuation Pause) 224M->201M(512M) 28.818ms
[2023-11-17T09:22:02.361+0000][gc,cpu        ] GC(127) User=0.05s Sys=0.00s Real=0.03s
[2023-11-17T09:22:02.361+0000][gc            ] GC(128) Concurrent Cycle
[2023-11-17T09:22:02.361+0000][gc,marking    ] GC(128) Concurrent Clear Claimed Marks
[2023-11-17T09:22:02.361+0000][gc,marking    ] GC(128) Concurrent Clear Claimed Marks 0.313ms
[2023-11-17T09:22:02.361+0000][gc,marking    ] GC(128) Concurrent Scan Root Regions
[2023-11-17T09:22:02.369+0000][gc,marking    ] GC(128) Concurrent Scan Root Regions 7.699ms
[2023-11-17T09:22:02.369+0000][gc,marking    ] GC(128) Concurrent Mark (8072.401s)
[2023-11-17T09:22:02.369+0000][gc,marking    ] GC(128) Concurrent Mark From Roots
[2023-11-17T09:22:02.369+0000][gc,task       ] GC(128) Using 1 workers of 1 for marking
[2023-11-17T09:22:02.409+0000][gc,marking    ] GC(128) Concurrent Mark From Roots 40.012ms
[2023-11-17T09:22:02.409+0000][gc,marking    ] GC(128) Concurrent Preclean
[2023-11-17T09:22:02.409+0000][gc,marking    ] GC(128) Concurrent Preclean 0.279ms
[2023-11-17T09:22:02.409+0000][gc,marking    ] GC(128) Concurrent Mark (8072.401s, 8072.442s) 40.371ms
[2023-11-17T09:22:02.410+0000][gc,start      ] GC(128) Pause Remark
[2023-11-17T09:22:02.423+0000][gc,stringtable] GC(128) Cleaned string and symbol table, strings: 12790 processed, 0 removed, symbols: 93082 processed, 0 removed
[2023-11-17T09:22:02.423+0000][gc            ] GC(128) Pause Remark 201M->201M(512M) 13.703ms
[2023-11-17T09:22:02.423+0000][gc,cpu        ] GC(128) User=0.02s Sys=0.00s Real=0.01s
[2023-11-17T09:22:02.423+0000][gc,marking    ] GC(128) Concurrent Rebuild Remembered Sets
[2023-11-17T09:22:02.445+0000][gc,marking    ] GC(128) Concurrent Rebuild Remembered Sets 21.255ms
[2023-11-17T09:22:02.445+0000][gc,start      ] GC(128) Pause Cleanup
[2023-11-17T09:22:02.445+0000][gc            ] GC(128) Pause Cleanup 201M->201M(512M) 0.187ms
[2023-11-17T09:22:02.445+0000][gc,cpu        ] GC(128) User=0.00s Sys=0.00s Real=0.00s
[2023-11-17T09:22:02.445+0000][gc,marking    ] GC(128) Concurrent Cleanup for Next Mark
[2023-11-17T09:22:02.447+0000][gc,marking    ] GC(128) Concurrent Cleanup for Next Mark 1.389ms
[2023-11-17T09:22:02.447+0000][gc            ] GC(128) Concurrent Cycle 85.845ms
[2023-11-17T09:23:21.981+0000][gc,start      ] GC(129) Pause Young (Prepare Mixed) (G1 Evacuation Pause)
[2023-11-17T09:23:21.982+0000][gc,task       ] GC(129) Using 2 workers of 2 for evacuation
[2023-11-17T09:23:21.995+0000][gc,phases     ] GC(129)   Pre Evacuate Collection Set: 0.0ms
[2023-11-17T09:23:21.995+0000][gc,phases     ] GC(129)   Evacuate Collection Set: 12.6ms
[2023-11-17T09:23:21.995+0000][gc,phases     ] GC(129)   Post Evacuate Collection Set: 0.4ms
[2023-11-17T09:23:21.995+0000][gc,phases     ] GC(129)   Other: 0.2ms
[2023-11-17T09:23:21.995+0000][gc,heap       ] GC(129) Eden regions: 21->0(22)
[2023-11-17T09:23:21.995+0000][gc,heap       ] GC(129) Survivor regions: 4->3(4)
[2023-11-17T09:23:21.995+0000][gc,heap       ] GC(129) Old regions: 52->54
[2023-11-17T09:23:21.995+0000][gc,heap       ] GC(129) Humongous regions: 147->147
[2023-11-17T09:23:21.995+0000][gc,metaspace  ] GC(129) Metaspace: 44451K(47256K)->44451K(47256K) NonClass: 39189K(40704K)->39189K(40704K) Class: 5262K(6552K)->5262K(6552K)
[2023-11-17T09:23:21.995+0000][gc            ] GC(129) Pause Young (Prepare Mixed) (G1 Evacuation Pause) 222M->202M(512M) 13.285ms
[2023-11-17T09:23:21.995+0000][gc,cpu        ] GC(129) User=0.02s Sys=0.00s Real=0.02s
[2023-11-17T09:24:48.100+0000][gc,start      ] GC(130) Pause Young (Mixed) (G1 Evacuation Pause)
[2023-11-17T09:24:48.100+0000][gc,task       ] GC(130) Using 2 workers of 2 for evacuation
[2023-11-17T09:24:48.118+0000][gc,phases     ] GC(130)   Pre Evacuate Collection Set: 0.0ms
[2023-11-17T09:24:48.118+0000][gc,phases     ] GC(130)   Evacuate Collection Set: 17.3ms
[2023-11-17T09:24:48.118+0000][gc,phases     ] GC(130)   Post Evacuate Collection Set: 0.4ms
[2023-11-17T09:24:48.118+0000][gc,phases     ] GC(130)   Other: 0.3ms
[2023-11-17T09:24:48.118+0000][gc,heap       ] GC(130) Eden regions: 22->0(22)
[2023-11-17T09:24:48.118+0000][gc,heap       ] GC(130) Survivor regions: 3->3(4)
[2023-11-17T09:24:48.118+0000][gc,heap       ] GC(130) Old regions: 54->51
[2023-11-17T09:24:48.118+0000][gc,heap       ] GC(130) Humongous regions: 147->147
[2023-11-17T09:24:48.118+0000][gc,metaspace  ] GC(130) Metaspace: 44451K(47256K)->44451K(47256K) NonClass: 39189K(40704K)->39189K(40704K) Class: 5262K(6552K)->5262K(6552K)
[2023-11-17T09:24:48.118+0000][gc            ] GC(130) Pause Young (Mixed) (G1 Evacuation Pause) 224M->199M(512M) 18.213ms
[2023-11-17T09:24:48.118+0000][gc,cpu        ] GC(130) User=0.04s Sys=0.00s Real=0.02s
[2023-11-17T09:26:12.755+0000][gc,start      ] GC(131) Pause Young (Concurrent Start) (G1 Evacuation Pause)
[2023-11-17T09:26:12.755+0000][gc,task       ] GC(131) Using 2 workers of 2 for evacuation
[2023-11-17T09:26:12.782+0000][gc,mmu        ] GC(131) MMU target violated: 21.0ms (20.0ms/21.0ms)
[2023-11-17T09:26:12.782+0000][gc,phases     ] GC(131)   Pre Evacuate Collection Set: 0.2ms
[2023-11-17T09:26:12.782+0000][gc,phases     ] GC(131)   Evacuate Collection Set: 24.7ms
[2023-11-17T09:26:12.782+0000][gc,phases     ] GC(131)   Post Evacuate Collection Set: 2.0ms
[2023-11-17T09:26:12.782+0000][gc,phases     ] GC(131)   Other: 0.4ms
[2023-11-17T09:26:12.782+0000][gc,heap       ] GC(131) Eden regions: 22->0(22)
[2023-11-17T09:26:12.782+0000][gc,heap       ] GC(131) Survivor regions: 3->3(4)
[2023-11-17T09:26:12.782+0000][gc,heap       ] GC(131) Old regions: 51->52
[2023-11-17T09:26:12.782+0000][gc,heap       ] GC(131) Humongous regions: 147->147
[2023-11-17T09:26:12.782+0000][gc,metaspace  ] GC(131) Metaspace: 44451K(47256K)->44451K(47256K) NonClass: 39189K(40704K)->39189K(40704K) Class: 5262K(6552K)->5262K(6552K)
[2023-11-17T09:26:12.783+0000][gc            ] GC(131) Pause Young (Concurrent Start) (G1 Evacuation Pause) 221M->200M(512M) 27.417ms
[2023-11-17T09:26:12.783+0000][gc,cpu        ] GC(131) User=0.04s Sys=0.01s Real=0.02s
[2023-11-17T09:26:12.783+0000][gc            ] GC(132) Concurrent Cycle
[2023-11-17T09:26:12.783+0000][gc,marking    ] GC(132) Concurrent Clear Claimed Marks
[2023-11-17T09:26:12.783+0000][gc,marking    ] GC(132) Concurrent Clear Claimed Marks 0.228ms
[2023-11-17T09:26:12.783+0000][gc,marking    ] GC(132) Concurrent Scan Root Regions
[2023-11-17T09:26:12.794+0000][gc,marking    ] GC(132) Concurrent Scan Root Regions 10.687ms
[2023-11-17T09:26:12.794+0000][gc,marking    ] GC(132) Concurrent Mark (8322.826s)
[2023-11-17T09:26:12.794+0000][gc,marking    ] GC(132) Concurrent Mark From Roots
[2023-11-17T09:26:12.794+0000][gc,task       ] GC(132) Using 1 workers of 1 for marking
[2023-11-17T09:26:12.829+0000][gc,marking    ] GC(132) Concurrent Mark From Roots 35.000ms
[2023-11-17T09:26:12.829+0000][gc,marking    ] GC(132) Concurrent Preclean
[2023-11-17T09:26:12.829+0000][gc,marking    ] GC(132) Concurrent Preclean 0.243ms
[2023-11-17T09:26:12.829+0000][gc,marking    ] GC(132) Concurrent Mark (8322.826s, 8322.861s) 35.300ms
[2023-11-17T09:26:12.829+0000][gc,start      ] GC(132) Pause Remark
[2023-11-17T09:26:12.845+0000][gc,stringtable] GC(132) Cleaned string and symbol table, strings: 12790 processed, 0 removed, symbols: 93082 processed, 0 removed
[2023-11-17T09:26:12.846+0000][gc            ] GC(132) Pause Remark 200M->200M(512M) 16.848ms
[2023-11-17T09:26:12.846+0000][gc,cpu        ] GC(132) User=0.03s Sys=0.00s Real=0.02s
[2023-11-17T09:26:12.846+0000][gc,marking    ] GC(132) Concurrent Rebuild Remembered Sets
[2023-11-17T09:26:12.874+0000][gc,marking    ] GC(132) Concurrent Rebuild Remembered Sets 27.691ms
[2023-11-17T09:26:12.874+0000][gc,start      ] GC(132) Pause Cleanup
[2023-11-17T09:26:12.874+0000][gc            ] GC(132) Pause Cleanup 200M->200M(512M) 0.137ms
[2023-11-17T09:26:12.874+0000][gc,cpu        ] GC(132) User=0.00s Sys=0.00s Real=0.00s
[2023-11-17T09:26:12.874+0000][gc,marking    ] GC(132) Concurrent Cleanup for Next Mark
[2023-11-17T09:26:12.876+0000][gc,marking    ] GC(132) Concurrent Cleanup for Next Mark 1.524ms
[2023-11-17T09:26:12.876+0000][gc            ] GC(132) Concurrent Cycle 93.071ms
[2023-11-17T09:27:37.906+0000][gc,start      ] GC(133) Pause Young (Prepare Mixed) (G1 Evacuation Pause)
[2023-11-17T09:27:37.906+0000][gc,task       ] GC(133) Using 2 workers of 2 for evacuation
[2023-11-17T09:27:37.922+0000][gc,phases     ] GC(133)   Pre Evacuate Collection Set: 0.0ms
[2023-11-17T09:27:37.922+0000][gc,phases     ] GC(133)   Evacuate Collection Set: 15.4ms
[2023-11-17T09:27:37.922+0000][gc,phases     ] GC(133)   Post Evacuate Collection Set: 0.4ms
[2023-11-17T09:27:37.922+0000][gc,phases     ] GC(133)   Other: 0.2ms
[2023-11-17T09:27:37.922+0000][gc,heap       ] GC(133) Eden regions: 22->0(22)
[2023-11-17T09:27:37.923+0000][gc,heap       ] GC(133) Survivor regions: 3->3(4)
[2023-11-17T09:27:37.923+0000][gc,heap       ] GC(133) Old regions: 52->55
[2023-11-17T09:27:37.923+0000][gc,heap       ] GC(133) Humongous regions: 147->147
[2023-11-17T09:27:37.923+0000][gc,metaspace  ] GC(133) Metaspace: 44453K(47256K)->44453K(47256K) NonClass: 39190K(40704K)->39190K(40704K) Class: 5262K(6552K)->5262K(6552K)
[2023-11-17T09:27:37.923+0000][gc            ] GC(133) Pause Young (Prepare Mixed) (G1 Evacuation Pause) 222M->202M(512M) 16.186ms
[2023-11-17T09:27:37.923+0000][gc,cpu        ] GC(133) User=0.03s Sys=0.00s Real=0.01s
[2023-11-17T09:29:03.080+0000][gc,start      ] GC(134) Pause Young (Mixed) (G1 Evacuation Pause)
[2023-11-17T09:29:03.080+0000][gc,task       ] GC(134) Using 2 workers of 2 for evacuation
[2023-11-17T09:29:03.093+0000][gc,phases     ] GC(134)   Pre Evacuate Collection Set: 0.0ms
[2023-11-17T09:29:03.093+0000][gc,phases     ] GC(134)   Evacuate Collection Set: 12.4ms
[2023-11-17T09:29:03.093+0000][gc,phases     ] GC(134)   Post Evacuate Collection Set: 0.4ms
[2023-11-17T09:29:03.094+0000][gc,phases     ] GC(134)   Other: 0.6ms
[2023-11-17T09:29:03.094+0000][gc,heap       ] GC(134) Eden regions: 22->0(22)
[2023-11-17T09:29:03.094+0000][gc,heap       ] GC(134) Survivor regions: 3->3(4)
[2023-11-17T09:29:03.094+0000][gc,heap       ] GC(134) Old regions: 55->51
[2023-11-17T09:29:03.094+0000][gc,heap       ] GC(134) Humongous regions: 147->147
[2023-11-17T09:29:03.094+0000][gc,metaspace  ] GC(134) Metaspace: 44453K(47256K)->44453K(47256K) NonClass: 39190K(40704K)->39190K(40704K) Class: 5262K(6552K)->5262K(6552K)
[2023-11-17T09:29:03.094+0000][gc            ] GC(134) Pause Young (Mixed) (G1 Evacuation Pause) 224M->198M(512M) 13.494ms
[2023-11-17T09:29:03.094+0000][gc,cpu        ] GC(134) User=0.02s Sys=0.00s Real=0.02s
[2023-11-17T09:30:27.737+0000][gc,start      ] GC(135) Pause Young (Concurrent Start) (G1 Evacuation Pause)
[2023-11-17T09:30:27.737+0000][gc,task       ] GC(135) Using 2 workers of 2 for evacuation
[2023-11-17T09:30:27.754+0000][gc,phases     ] GC(135)   Pre Evacuate Collection Set: 0.2ms
[2023-11-17T09:30:27.754+0000][gc,phases     ] GC(135)   Evacuate Collection Set: 16.0ms
[2023-11-17T09:30:27.754+0000][gc,phases     ] GC(135)   Post Evacuate Collection Set: 0.4ms
[2023-11-17T09:30:27.754+0000][gc,phases     ] GC(135)   Other: 0.2ms
[2023-11-17T09:30:27.754+0000][gc,heap       ] GC(135) Eden regions: 22->0(22)
[2023-11-17T09:30:27.754+0000][gc,heap       ] GC(135) Survivor regions: 3->3(4)
[2023-11-17T09:30:27.754+0000][gc,heap       ] GC(135) Old regions: 51->53
[2023-11-17T09:30:27.754+0000][gc,heap       ] GC(135) Humongous regions: 147->147
[2023-11-17T09:30:27.754+0000][gc,metaspace  ] GC(135) Metaspace: 44453K(47256K)->44453K(47256K) NonClass: 39190K(40704K)->39190K(40704K) Class: 5262K(6552K)->5262K(6552K)
[2023-11-17T09:30:27.754+0000][gc            ] GC(135) Pause Young (Concurrent Start) (G1 Evacuation Pause) 220M->201M(512M) 16.962ms
[2023-11-17T09:30:27.754+0000][gc,cpu        ] GC(135) User=0.03s Sys=0.00s Real=0.02s
[2023-11-17T09:30:27.754+0000][gc            ] GC(136) Concurrent Cycle
[2023-11-17T09:30:27.754+0000][gc,marking    ] GC(136) Concurrent Clear Claimed Marks
[2023-11-17T09:30:27.754+0000][gc,marking    ] GC(136) Concurrent Clear Claimed Marks 0.214ms
[2023-11-17T09:30:27.754+0000][gc,marking    ] GC(136) Concurrent Scan Root Regions
[2023-11-17T09:30:27.759+0000][gc,marking    ] GC(136) Concurrent Scan Root Regions 5.332ms
[2023-11-17T09:30:27.759+0000][gc,marking    ] GC(136) Concurrent Mark (8577.792s)
[2023-11-17T09:30:27.759+0000][gc,marking    ] GC(136) Concurrent Mark From Roots
[2023-11-17T09:30:27.759+0000][gc,task       ] GC(136) Using 1 workers of 1 for marking
[2023-11-17T09:30:27.808+0000][gc,marking    ] GC(136) Concurrent Mark From Roots 48.341ms
[2023-11-17T09:30:27.808+0000][gc,marking    ] GC(136) Concurrent Preclean
[2023-11-17T09:30:27.808+0000][gc,marking    ] GC(136) Concurrent Preclean 0.336ms
[2023-11-17T09:30:27.808+0000][gc,marking    ] GC(136) Concurrent Mark (8577.792s, 8577.841s) 48.863ms
[2023-11-17T09:30:27.809+0000][gc,start      ] GC(136) Pause Remark
[2023-11-17T09:30:27.826+0000][gc,stringtable] GC(136) Cleaned string and symbol table, strings: 12790 processed, 0 removed, symbols: 93082 processed, 0 removed
[2023-11-17T09:30:27.827+0000][gc            ] GC(136) Pause Remark 201M->201M(512M) 17.936ms
[2023-11-17T09:30:27.827+0000][gc,cpu        ] GC(136) User=0.03s Sys=0.00s Real=0.02s
[2023-11-17T09:30:27.827+0000][gc,marking    ] GC(136) Concurrent Rebuild Remembered Sets
[2023-11-17T09:30:27.859+0000][gc,marking    ] GC(136) Concurrent Rebuild Remembered Sets 31.826ms
[2023-11-17T09:30:27.859+0000][gc,start      ] GC(136) Pause Cleanup
[2023-11-17T09:30:27.859+0000][gc            ] GC(136) Pause Cleanup 201M->201M(512M) 0.139ms
[2023-11-17T09:30:27.859+0000][gc,cpu        ] GC(136) User=0.00s Sys=0.00s Real=0.00s
[2023-11-17T09:30:27.859+0000][gc,marking    ] GC(136) Concurrent Cleanup for Next Mark
[2023-11-17T09:30:27.861+0000][gc,marking    ] GC(136) Concurrent Cleanup for Next Mark 1.522ms
[2023-11-17T09:30:27.861+0000][gc            ] GC(136) Concurrent Cycle 107.118ms
[2023-11-17T09:31:52.880+0000][gc,start      ] GC(137) Pause Young (Prepare Mixed) (G1 Evacuation Pause)
[2023-11-17T09:31:52.880+0000][gc,task       ] GC(137) Using 2 workers of 2 for evacuation
[2023-11-17T09:31:52.893+0000][gc,phases     ] GC(137)   Pre Evacuate Collection Set: 0.0ms
[2023-11-17T09:31:52.893+0000][gc,phases     ] GC(137)   Evacuate Collection Set: 12.4ms
[2023-11-17T09:31:52.893+0000][gc,phases     ] GC(137)   Post Evacuate Collection Set: 0.4ms
[2023-11-17T09:31:52.893+0000][gc,phases     ] GC(137)   Other: 0.2ms
[2023-11-17T09:31:52.893+0000][gc,heap       ] GC(137) Eden regions: 22->0(22)
[2023-11-17T09:31:52.893+0000][gc,heap       ] GC(137) Survivor regions: 3->3(4)
[2023-11-17T09:31:52.893+0000][gc,heap       ] GC(137) Old regions: 53->55
[2023-11-17T09:31:52.893+0000][gc,heap       ] GC(137) Humongous regions: 147->147
[2023-11-17T09:31:52.893+0000][gc,metaspace  ] GC(137) Metaspace: 44453K(47256K)->44453K(47256K) NonClass: 39190K(40704K)->39190K(40704K) Class: 5262K(6552K)->5262K(6552K)
[2023-11-17T09:31:52.893+0000][gc            ] GC(137) Pause Young (Prepare Mixed) (G1 Evacuation Pause) 223M->202M(512M) 13.064ms
[2023-11-17T09:31:52.893+0000][gc,cpu        ] GC(137) User=0.02s Sys=0.00s Real=0.01s
[2023-11-17T09:33:17.618+0000][gc,start      ] GC(138) Pause Young (Mixed) (G1 Evacuation Pause)
[2023-11-17T09:33:17.618+0000][gc,task       ] GC(138) Using 2 workers of 2 for evacuation
[2023-11-17T09:33:17.628+0000][gc,phases     ] GC(138)   Pre Evacuate Collection Set: 0.0ms
[2023-11-17T09:33:17.628+0000][gc,phases     ] GC(138)   Evacuate Collection Set: 9.1ms
[2023-11-17T09:33:17.628+0000][gc,phases     ] GC(138)   Post Evacuate Collection Set: 0.4ms
[2023-11-17T09:33:17.628+0000][gc,phases     ] GC(138)   Other: 0.3ms
[2023-11-17T09:33:17.628+0000][gc,heap       ] GC(138) Eden regions: 22->0(29)
[2023-11-17T09:33:17.628+0000][gc,heap       ] GC(138) Survivor regions: 3->1(4)
[2023-11-17T09:33:17.628+0000][gc,heap       ] GC(138) Old regions: 55->51
[2023-11-17T09:33:17.628+0000][gc,heap       ] GC(138) Humongous regions: 147->147
[2023-11-17T09:33:17.628+0000][gc,metaspace  ] GC(138) Metaspace: 44453K(47256K)->44453K(47256K) NonClass: 39190K(40704K)->39190K(40704K) Class: 5262K(6552K)->5262K(6552K)
[2023-11-17T09:33:17.628+0000][gc            ] GC(138) Pause Young (Mixed) (G1 Evacuation Pause) 224M->197M(512M) 9.780ms
[2023-11-17T09:33:17.628+0000][gc,cpu        ] GC(138) User=0.02s Sys=0.00s Real=0.01s
[2023-11-17T09:35:10.224+0000][gc,start      ] GC(139) Pause Young (Concurrent Start) (G1 Evacuation Pause)
[2023-11-17T09:35:10.224+0000][gc,task       ] GC(139) Using 2 workers of 2 for evacuation
[2023-11-17T09:35:10.238+0000][gc,phases     ] GC(139)   Pre Evacuate Collection Set: 0.2ms
[2023-11-17T09:35:10.238+0000][gc,phases     ] GC(139)   Evacuate Collection Set: 14.0ms
[2023-11-17T09:35:10.238+0000][gc,phases     ] GC(139)   Post Evacuate Collection Set: 0.4ms
[2023-11-17T09:35:10.238+0000][gc,phases     ] GC(139)   Other: 0.3ms
[2023-11-17T09:35:10.238+0000][gc,heap       ] GC(139) Eden regions: 29->0(27)
[2023-11-17T09:35:10.238+0000][gc,heap       ] GC(139) Survivor regions: 1->4(4)
[2023-11-17T09:35:10.238+0000][gc,heap       ] GC(139) Old regions: 51->51
[2023-11-17T09:35:10.238+0000][gc,heap       ] GC(139) Humongous regions: 147->147
[2023-11-17T09:35:10.238+0000][gc,metaspace  ] GC(139) Metaspace: 44453K(47256K)->44453K(47256K) NonClass: 39190K(40704K)->39190K(40704K) Class: 5262K(6552K)->5262K(6552K)
[2023-11-17T09:35:10.238+0000][gc            ] GC(139) Pause Young (Concurrent Start) (G1 Evacuation Pause) 226M->200M(512M) 14.883ms
[2023-11-17T09:35:10.238+0000][gc,cpu        ] GC(139) User=0.03s Sys=0.00s Real=0.02s
[2023-11-17T09:35:10.239+0000][gc            ] GC(140) Concurrent Cycle
[2023-11-17T09:35:10.239+0000][gc,marking    ] GC(140) Concurrent Clear Claimed Marks
[2023-11-17T09:35:10.239+0000][gc,marking    ] GC(140) Concurrent Clear Claimed Marks 0.228ms
[2023-11-17T09:35:10.239+0000][gc,marking    ] GC(140) Concurrent Scan Root Regions
[2023-11-17T09:35:10.243+0000][gc,marking    ] GC(140) Concurrent Scan Root Regions 4.585ms
[2023-11-17T09:35:10.243+0000][gc,marking    ] GC(140) Concurrent Mark (8860.276s)
[2023-11-17T09:35:10.243+0000][gc,marking    ] GC(140) Concurrent Mark From Roots
[2023-11-17T09:35:10.243+0000][gc,task       ] GC(140) Using 1 workers of 1 for marking
[2023-11-17T09:35:10.322+0000][gc,marking    ] GC(140) Concurrent Mark From Roots 78.173ms
[2023-11-17T09:35:10.322+0000][gc,marking    ] GC(140) Concurrent Preclean
[2023-11-17T09:35:10.322+0000][gc,marking    ] GC(140) Concurrent Preclean 0.191ms
[2023-11-17T09:35:10.322+0000][gc,marking    ] GC(140) Concurrent Mark (8860.276s, 8860.354s) 78.415ms
[2023-11-17T09:35:10.322+0000][gc,start      ] GC(140) Pause Remark
[2023-11-17T09:35:10.337+0000][gc,stringtable] GC(140) Cleaned string and symbol table, strings: 12790 processed, 0 removed, symbols: 93082 processed, 0 removed
[2023-11-17T09:35:10.337+0000][gc            ] GC(140) Pause Remark 200M->200M(512M) 15.282ms
[2023-11-17T09:35:10.337+0000][gc,cpu        ] GC(140) User=0.03s Sys=0.00s Real=0.02s
[2023-11-17T09:35:10.337+0000][gc,marking    ] GC(140) Concurrent Rebuild Remembered Sets
[2023-11-17T09:35:10.359+0000][gc,marking    ] GC(140) Concurrent Rebuild Remembered Sets 21.705ms
[2023-11-17T09:35:10.359+0000][gc,start      ] GC(140) Pause Cleanup
[2023-11-17T09:35:10.360+0000][gc            ] GC(140) Pause Cleanup 200M->200M(512M) 0.188ms
[2023-11-17T09:35:10.360+0000][gc,cpu        ] GC(140) User=0.00s Sys=0.00s Real=0.00s
[2023-11-17T09:35:10.360+0000][gc,marking    ] GC(140) Concurrent Cleanup for Next Mark
[2023-11-17T09:35:10.362+0000][gc,marking    ] GC(140) Concurrent Cleanup for Next Mark 2.597ms
[2023-11-17T09:35:10.362+0000][gc            ] GC(140) Concurrent Cycle 123.725ms
[2023-11-17T09:36:54.921+0000][gc,start      ] GC(141) Pause Young (Prepare Mixed) (G1 Evacuation Pause)
[2023-11-17T09:36:54.921+0000][gc,task       ] GC(141) Using 2 workers of 2 for evacuation
[2023-11-17T09:36:54.937+0000][gc,phases     ] GC(141)   Pre Evacuate Collection Set: 0.0ms
[2023-11-17T09:36:54.937+0000][gc,phases     ] GC(141)   Evacuate Collection Set: 15.2ms
[2023-11-17T09:36:54.937+0000][gc,phases     ] GC(141)   Post Evacuate Collection Set: 0.4ms
[2023-11-17T09:36:54.937+0000][gc,phases     ] GC(141)   Other: 0.3ms
[2023-11-17T09:36:54.937+0000][gc,heap       ] GC(141) Eden regions: 27->0(22)
[2023-11-17T09:36:54.937+0000][gc,heap       ] GC(141) Survivor regions: 4->3(4)
[2023-11-17T09:36:54.937+0000][gc,heap       ] GC(141) Old regions: 51->53
[2023-11-17T09:36:54.937+0000][gc,heap       ] GC(141) Humongous regions: 147->147
[2023-11-17T09:36:54.937+0000][gc,metaspace  ] GC(141) Metaspace: 44453K(47256K)->44453K(47256K) NonClass: 39191K(40704K)->39191K(40704K) Class: 5262K(6552K)->5262K(6552K)
[2023-11-17T09:36:54.937+0000][gc            ] GC(141) Pause Young (Prepare Mixed) (G1 Evacuation Pause) 227M->200M(512M) 15.929ms
[2023-11-17T09:36:54.937+0000][gc,cpu        ] GC(141) User=0.02s Sys=0.00s Real=0.02s
[2023-11-17T09:38:20.088+0000][gc,start      ] GC(142) Pause Young (Mixed) (G1 Evacuation Pause)
[2023-11-17T09:38:20.088+0000][gc,task       ] GC(142) Using 2 workers of 2 for evacuation
[2023-11-17T09:38:20.104+0000][gc,phases     ] GC(142)   Pre Evacuate Collection Set: 0.0ms
[2023-11-17T09:38:20.104+0000][gc,phases     ] GC(142)   Evacuate Collection Set: 15.3ms
[2023-11-17T09:38:20.104+0000][gc,phases     ] GC(142)   Post Evacuate Collection Set: 0.3ms
[2023-11-17T09:38:20.104+0000][gc,phases     ] GC(142)   Other: 0.3ms
[2023-11-17T09:38:20.104+0000][gc,heap       ] GC(142) Eden regions: 22->0(29)
[2023-11-17T09:38:20.104+0000][gc,heap       ] GC(142) Survivor regions: 3->3(4)
[2023-11-17T09:38:20.104+0000][gc,heap       ] GC(142) Old regions: 53->51
[2023-11-17T09:38:20.104+0000][gc,heap       ] GC(142) Humongous regions: 147->147
[2023-11-17T09:38:20.104+0000][gc,metaspace  ] GC(142) Metaspace: 44453K(47256K)->44453K(47256K) NonClass: 39191K(40704K)->39191K(40704K) Class: 5262K(6552K)->5262K(6552K)
[2023-11-17T09:38:20.104+0000][gc            ] GC(142) Pause Young (Mixed) (G1 Evacuation Pause) 222M->199M(512M) 16.079ms
[2023-11-17T09:38:20.104+0000][gc,cpu        ] GC(142) User=0.03s Sys=0.00s Real=0.01s
[2023-11-17T09:40:01.220+0000][gc,start      ] GC(143) Pause Young (Concurrent Start) (G1 Evacuation Pause)
[2023-11-17T09:40:01.220+0000][gc,task       ] GC(143) Using 2 workers of 2 for evacuation
[2023-11-17T09:40:01.232+0000][gc,phases     ] GC(143)   Pre Evacuate Collection Set: 0.2ms
[2023-11-17T09:40:01.232+0000][gc,phases     ] GC(143)   Evacuate Collection Set: 11.7ms
[2023-11-17T09:40:01.232+0000][gc,phases     ] GC(143)   Post Evacuate Collection Set: 0.4ms
[2023-11-17T09:40:01.232+0000][gc,phases     ] GC(143)   Other: 0.3ms
[2023-11-17T09:40:01.232+0000][gc,heap       ] GC(143) Eden regions: 26->0(30)
[2023-11-17T09:40:01.232+0000][gc,heap       ] GC(143) Survivor regions: 3->3(4)
[2023-11-17T09:40:01.232+0000][gc,heap       ] GC(143) Old regions: 51->52
[2023-11-17T09:40:01.232+0000][gc,heap       ] GC(143) Humongous regions: 147->147
[2023-11-17T09:40:01.232+0000][gc,metaspace  ] GC(143) Metaspace: 44454K(47256K)->44454K(47256K) NonClass: 39192K(40704K)->39192K(40704K) Class: 5262K(6552K)->5262K(6552K)
[2023-11-17T09:40:01.232+0000][gc            ] GC(143) Pause Young (Concurrent Start) (G1 Evacuation Pause) 225M->200M(512M) 12.616ms
[2023-11-17T09:40:01.232+0000][gc,cpu        ] GC(143) User=0.02s Sys=0.00s Real=0.01s
[2023-11-17T09:40:01.232+0000][gc            ] GC(144) Concurrent Cycle
[2023-11-17T09:40:01.232+0000][gc,marking    ] GC(144) Concurrent Clear Claimed Marks
[2023-11-17T09:40:01.233+0000][gc,marking    ] GC(144) Concurrent Clear Claimed Marks 0.220ms
[2023-11-17T09:40:01.233+0000][gc,marking    ] GC(144) Concurrent Scan Root Regions
[2023-11-17T09:40:01.238+0000][gc,marking    ] GC(144) Concurrent Scan Root Regions 5.339ms
[2023-11-17T09:40:01.239+0000][gc,marking    ] GC(144) Concurrent Mark (9151.271s)
[2023-11-17T09:40:01.239+0000][gc,marking    ] GC(144) Concurrent Mark From Roots
[2023-11-17T09:40:01.239+0000][gc,task       ] GC(144) Using 1 workers of 1 for marking
[2023-11-17T09:40:01.277+0000][gc,marking    ] GC(144) Concurrent Mark From Roots 38.246ms
[2023-11-17T09:40:01.277+0000][gc,marking    ] GC(144) Concurrent Preclean
[2023-11-17T09:40:01.277+0000][gc,marking    ] GC(144) Concurrent Preclean 0.192ms
[2023-11-17T09:40:01.277+0000][gc,marking    ] GC(144) Concurrent Mark (9151.271s, 9151.310s) 38.507ms
[2023-11-17T09:40:01.277+0000][gc,start      ] GC(144) Pause Remark
[2023-11-17T09:40:01.293+0000][gc,stringtable] GC(144) Cleaned string and symbol table, strings: 12791 processed, 0 removed, symbols: 93082 processed, 0 removed
[2023-11-17T09:40:01.293+0000][gc            ] GC(144) Pause Remark 200M->200M(512M) 16.000ms
[2023-11-17T09:40:01.293+0000][gc,cpu        ] GC(144) User=0.03s Sys=0.00s Real=0.02s
[2023-11-17T09:40:01.294+0000][gc,marking    ] GC(144) Concurrent Rebuild Remembered Sets
[2023-11-17T09:40:01.327+0000][gc,marking    ] GC(144) Concurrent Rebuild Remembered Sets 33.451ms
[2023-11-17T09:40:01.328+0000][gc,start      ] GC(144) Pause Cleanup
[2023-11-17T09:40:01.329+0000][gc            ] GC(144) Pause Cleanup 200M->200M(512M) 0.698ms
[2023-11-17T09:40:01.329+0000][gc,cpu        ] GC(144) User=0.00s Sys=0.00s Real=0.00s
[2023-11-17T09:40:01.329+0000][gc,marking    ] GC(144) Concurrent Cleanup for Next Mark
[2023-11-17T09:40:01.331+0000][gc,marking    ] GC(144) Concurrent Cleanup for Next Mark 1.771ms
[2023-11-17T09:40:01.331+0000][gc            ] GC(144) Concurrent Cycle 98.546ms
[2023-11-17T09:41:57.986+0000][gc,start      ] GC(145) Pause Young (Prepare Mixed) (G1 Evacuation Pause)
[2023-11-17T09:41:57.986+0000][gc,task       ] GC(145) Using 2 workers of 2 for evacuation
[2023-11-17T09:41:57.998+0000][gc,phases     ] GC(145)   Pre Evacuate Collection Set: 0.0ms
[2023-11-17T09:41:57.999+0000][gc,phases     ] GC(145)   Evacuate Collection Set: 11.7ms
[2023-11-17T09:41:57.999+0000][gc,phases     ] GC(145)   Post Evacuate Collection Set: 0.3ms
[2023-11-17T09:41:57.999+0000][gc,phases     ] GC(145)   Other: 0.2ms
[2023-11-17T09:41:57.999+0000][gc,heap       ] GC(145) Eden regions: 30->0(22)
[2023-11-17T09:41:57.999+0000][gc,heap       ] GC(145) Survivor regions: 3->3(5)
[2023-11-17T09:41:57.999+0000][gc,heap       ] GC(145) Old regions: 52->52
[2023-11-17T09:41:57.999+0000][gc,heap       ] GC(145) Humongous regions: 147->147
[2023-11-17T09:41:57.999+0000][gc,metaspace  ] GC(145) Metaspace: 44456K(47256K)->44456K(47256K) NonClass: 39194K(40704K)->39194K(40704K) Class: 5262K(6552K)->5262K(6552K)
[2023-11-17T09:41:57.999+0000][gc            ] GC(145) Pause Young (Prepare Mixed) (G1 Evacuation Pause) 230M->200M(512M) 12.441ms
[2023-11-17T09:41:57.999+0000][gc,cpu        ] GC(145) User=0.02s Sys=0.00s Real=0.01s
[2023-11-17T09:43:22.632+0000][gc,start      ] GC(146) Pause Young (Mixed) (G1 Evacuation Pause)
[2023-11-17T09:43:22.632+0000][gc,task       ] GC(146) Using 2 workers of 2 for evacuation
[2023-11-17T09:43:22.651+0000][gc,phases     ] GC(146)   Pre Evacuate Collection Set: 0.0ms
[2023-11-17T09:43:22.651+0000][gc,phases     ] GC(146)   Evacuate Collection Set: 18.3ms
[2023-11-17T09:43:22.651+0000][gc,phases     ] GC(146)   Post Evacuate Collection Set: 0.5ms
[2023-11-17T09:43:22.651+0000][gc,phases     ] GC(146)   Other: 0.2ms
[2023-11-17T09:43:22.651+0000][gc,heap       ] GC(146) Eden regions: 22->0(30)
[2023-11-17T09:43:22.651+0000][gc,heap       ] GC(146) Survivor regions: 3->4(4)
[2023-11-17T09:43:22.651+0000][gc,heap       ] GC(146) Old regions: 52->49
[2023-11-17T09:43:22.651+0000][gc,heap       ] GC(146) Humongous regions: 147->147
[2023-11-17T09:43:22.651+0000][gc,metaspace  ] GC(146) Metaspace: 44458K(47256K)->44458K(47256K) NonClass: 39195K(40704K)->39195K(40704K) Class: 5262K(6552K)->5262K(6552K)
[2023-11-17T09:43:22.651+0000][gc            ] GC(146) Pause Young (Mixed) (G1 Evacuation Pause) 222M->197M(512M) 19.085ms
[2023-11-17T09:43:22.651+0000][gc,cpu        ] GC(146) User=0.03s Sys=0.00s Real=0.02s
[2023-11-17T09:45:20.352+0000][gc,start      ] GC(147) Pause Young (Concurrent Start) (G1 Evacuation Pause)
[2023-11-17T09:45:20.352+0000][gc,task       ] GC(147) Using 2 workers of 2 for evacuation
[2023-11-17T09:45:20.367+0000][gc,phases     ] GC(147)   Pre Evacuate Collection Set: 0.2ms
[2023-11-17T09:45:20.367+0000][gc,phases     ] GC(147)   Evacuate Collection Set: 14.2ms
[2023-11-17T09:45:20.367+0000][gc,phases     ] GC(147)   Post Evacuate Collection Set: 0.3ms
[2023-11-17T09:45:20.367+0000][gc,phases     ] GC(147)   Other: 0.3ms
[2023-11-17T09:45:20.367+0000][gc,heap       ] GC(147) Eden regions: 30->0(30)
[2023-11-17T09:45:20.367+0000][gc,heap       ] GC(147) Survivor regions: 4->4(5)
[2023-11-17T09:45:20.367+0000][gc,heap       ] GC(147) Old regions: 49->50
[2023-11-17T09:45:20.367+0000][gc,heap       ] GC(147) Humongous regions: 147->147
[2023-11-17T09:45:20.367+0000][gc,metaspace  ] GC(147) Metaspace: 44458K(47256K)->44458K(47256K) NonClass: 39195K(40704K)->39195K(40704K) Class: 5262K(6552K)->5262K(6552K)
[2023-11-17T09:45:20.367+0000][gc            ] GC(147) Pause Young (Concurrent Start) (G1 Evacuation Pause) 227M->198M(512M) 15.132ms
[2023-11-17T09:45:20.367+0000][gc,cpu        ] GC(147) User=0.03s Sys=0.00s Real=0.02s
[2023-11-17T09:45:20.367+0000][gc            ] GC(148) Concurrent Cycle
[2023-11-17T09:45:20.367+0000][gc,marking    ] GC(148) Concurrent Clear Claimed Marks
[2023-11-17T09:45:20.367+0000][gc,marking    ] GC(148) Concurrent Clear Claimed Marks 0.206ms
[2023-11-17T09:45:20.367+0000][gc,marking    ] GC(148) Concurrent Scan Root Regions
[2023-11-17T09:45:20.372+0000][gc,marking    ] GC(148) Concurrent Scan Root Regions 5.342ms
[2023-11-17T09:45:20.372+0000][gc,marking    ] GC(148) Concurrent Mark (9470.405s)
[2023-11-17T09:45:20.372+0000][gc,marking    ] GC(148) Concurrent Mark From Roots
[2023-11-17T09:45:20.373+0000][gc,task       ] GC(148) Using 1 workers of 1 for marking
[2023-11-17T09:45:20.411+0000][gc,marking    ] GC(148) Concurrent Mark From Roots 38.726ms
[2023-11-17T09:45:20.411+0000][gc,marking    ] GC(148) Concurrent Preclean
[2023-11-17T09:45:20.412+0000][gc,marking    ] GC(148) Concurrent Preclean 0.295ms
[2023-11-17T09:45:20.412+0000][gc,marking    ] GC(148) Concurrent Mark (9470.405s, 9470.444s) 39.085ms
[2023-11-17T09:45:20.412+0000][gc,start      ] GC(148) Pause Remark
[2023-11-17T09:45:20.425+0000][gc,stringtable] GC(148) Cleaned string and symbol table, strings: 12791 processed, 0 removed, symbols: 93082 processed, 0 removed
[2023-11-17T09:45:20.426+0000][gc            ] GC(148) Pause Remark 198M->198M(512M) 13.695ms
[2023-11-17T09:45:20.426+0000][gc,cpu        ] GC(148) User=0.02s Sys=0.00s Real=0.02s
[2023-11-17T09:45:20.426+0000][gc,marking    ] GC(148) Concurrent Rebuild Remembered Sets
[2023-11-17T09:45:20.450+0000][gc,marking    ] GC(148) Concurrent Rebuild Remembered Sets 24.072ms
[2023-11-17T09:45:20.450+0000][gc,start      ] GC(148) Pause Cleanup
[2023-11-17T09:45:20.450+0000][gc            ] GC(148) Pause Cleanup 198M->198M(512M) 0.183ms
[2023-11-17T09:45:20.450+0000][gc,cpu        ] GC(148) User=0.01s Sys=0.00s Real=0.00s
[2023-11-17T09:45:20.450+0000][gc,marking    ] GC(148) Concurrent Cleanup for Next Mark
[2023-11-17T09:45:20.452+0000][gc,marking    ] GC(148) Concurrent Cleanup for Next Mark 1.444ms
[2023-11-17T09:45:20.452+0000][gc            ] GC(148) Concurrent Cycle 84.825ms
[2023-11-17T09:47:17.209+0000][gc,start      ] GC(149) Pause Young (Prepare Mixed) (G1 Evacuation Pause)
[2023-11-17T09:47:17.209+0000][gc,task       ] GC(149) Using 2 workers of 2 for evacuation
[2023-11-17T09:47:17.226+0000][gc,phases     ] GC(149)   Pre Evacuate Collection Set: 0.1ms
[2023-11-17T09:47:17.226+0000][gc,phases     ] GC(149)   Evacuate Collection Set: 16.2ms
[2023-11-17T09:47:17.226+0000][gc,phases     ] GC(149)   Post Evacuate Collection Set: 0.4ms
[2023-11-17T09:47:17.226+0000][gc,phases     ] GC(149)   Other: 0.2ms
[2023-11-17T09:47:17.226+0000][gc,heap       ] GC(149) Eden regions: 30->0(22)
[2023-11-17T09:47:17.226+0000][gc,heap       ] GC(149) Survivor regions: 4->3(5)
[2023-11-17T09:47:17.226+0000][gc,heap       ] GC(149) Old regions: 50->51
[2023-11-17T09:47:17.226+0000][gc,heap       ] GC(149) Humongous regions: 147->147
[2023-11-17T09:47:17.226+0000][gc,metaspace  ] GC(149) Metaspace: 44458K(47256K)->44458K(47256K) NonClass: 39195K(40704K)->39195K(40704K) Class: 5262K(6552K)->5262K(6552K)
[2023-11-17T09:47:17.226+0000][gc            ] GC(149) Pause Young (Prepare Mixed) (G1 Evacuation Pause) 228M->199M(512M) 16.881ms
[2023-11-17T09:47:17.226+0000][gc,cpu        ] GC(149) User=0.03s Sys=0.00s Real=0.02s
[2023-11-17T09:48:41.679+0000][gc,start      ] GC(150) Pause Young (Mixed) (G1 Evacuation Pause)
[2023-11-17T09:48:41.679+0000][gc,task       ] GC(150) Using 2 workers of 2 for evacuation
[2023-11-17T09:48:41.698+0000][gc,phases     ] GC(150)   Pre Evacuate Collection Set: 0.0ms
[2023-11-17T09:48:41.698+0000][gc,phases     ] GC(150)   Evacuate Collection Set: 18.2ms
[2023-11-17T09:48:41.698+0000][gc,phases     ] GC(150)   Post Evacuate Collection Set: 0.4ms
[2023-11-17T09:48:41.698+0000][gc,phases     ] GC(150)   Other: 0.2ms
[2023-11-17T09:48:41.698+0000][gc,heap       ] GC(150) Eden regions: 22->0(30)
[2023-11-17T09:48:41.698+0000][gc,heap       ] GC(150) Survivor regions: 3->4(4)
[2023-11-17T09:48:41.698+0000][gc,heap       ] GC(150) Old regions: 51->49
[2023-11-17T09:48:41.698+0000][gc,heap       ] GC(150) Humongous regions: 147->147
[2023-11-17T09:48:41.698+0000][gc,metaspace  ] GC(150) Metaspace: 44458K(47256K)->44458K(47256K) NonClass: 39195K(40704K)->39195K(40704K) Class: 5262K(6552K)->5262K(6552K)
[2023-11-17T09:48:41.698+0000][gc            ] GC(150) Pause Young (Mixed) (G1 Evacuation Pause) 221M->198M(512M) 18.947ms
[2023-11-17T09:48:41.698+0000][gc,cpu        ] GC(150) User=0.04s Sys=0.00s Real=0.02s
[2023-11-17T09:50:38.985+0000][gc,start      ] GC(151) Pause Young (Concurrent Start) (G1 Evacuation Pause)
[2023-11-17T09:50:38.985+0000][gc,task       ] GC(151) Using 2 workers of 2 for evacuation
[2023-11-17T09:50:39.001+0000][gc,phases     ] GC(151)   Pre Evacuate Collection Set: 0.2ms
[2023-11-17T09:50:39.001+0000][gc,phases     ] GC(151)   Evacuate Collection Set: 13.4ms
[2023-11-17T09:50:39.001+0000][gc,phases     ] GC(151)   Post Evacuate Collection Set: 0.3ms
[2023-11-17T09:50:39.001+0000][gc,phases     ] GC(151)   Other: 1.5ms
[2023-11-17T09:50:39.001+0000][gc,heap       ] GC(151) Eden regions: 30->0(31)
[2023-11-17T09:50:39.001+0000][gc,heap       ] GC(151) Survivor regions: 4->4(5)
[2023-11-17T09:50:39.001+0000][gc,heap       ] GC(151) Old regions: 49->51
[2023-11-17T09:50:39.001+0000][gc,heap       ] GC(151) Humongous regions: 147->147
[2023-11-17T09:50:39.001+0000][gc,metaspace  ] GC(151) Metaspace: 44459K(47256K)->44459K(47256K) NonClass: 39196K(40704K)->39196K(40704K) Class: 5262K(6552K)->5262K(6552K)
[2023-11-17T09:50:39.001+0000][gc            ] GC(151) Pause Young (Concurrent Start) (G1 Evacuation Pause) 228M->199M(512M) 15.492ms
[2023-11-17T09:50:39.001+0000][gc,cpu        ] GC(151) User=0.03s Sys=0.00s Real=0.02s
[2023-11-17T09:50:39.001+0000][gc            ] GC(152) Concurrent Cycle
[2023-11-17T09:50:39.001+0000][gc,marking    ] GC(152) Concurrent Clear Claimed Marks
[2023-11-17T09:50:39.001+0000][gc,marking    ] GC(152) Concurrent Clear Claimed Marks 0.210ms
[2023-11-17T09:50:39.001+0000][gc,marking    ] GC(152) Concurrent Scan Root Regions
[2023-11-17T09:50:39.005+0000][gc,marking    ] GC(152) Concurrent Scan Root Regions 3.871ms
[2023-11-17T09:50:39.005+0000][gc,marking    ] GC(152) Concurrent Mark (9789.037s)
[2023-11-17T09:50:39.005+0000][gc,marking    ] GC(152) Concurrent Mark From Roots
[2023-11-17T09:50:39.005+0000][gc,task       ] GC(152) Using 1 workers of 1 for marking
[2023-11-17T09:50:39.044+0000][gc,marking    ] GC(152) Concurrent Mark From Roots 39.005ms
[2023-11-17T09:50:39.044+0000][gc,marking    ] GC(152) Concurrent Preclean
[2023-11-17T09:50:39.044+0000][gc,marking    ] GC(152) Concurrent Preclean 0.180ms
[2023-11-17T09:50:39.044+0000][gc,marking    ] GC(152) Concurrent Mark (9789.037s, 9789.077s) 39.237ms
[2023-11-17T09:50:39.044+0000][gc,start      ] GC(152) Pause Remark
[2023-11-17T09:50:39.059+0000][gc,stringtable] GC(152) Cleaned string and symbol table, strings: 12795 processed, 0 removed, symbols: 93082 processed, 0 removed
[2023-11-17T09:50:39.059+0000][gc            ] GC(152) Pause Remark 199M->199M(512M) 14.604ms
[2023-11-17T09:50:39.059+0000][gc,cpu        ] GC(152) User=0.03s Sys=0.00s Real=0.02s
[2023-11-17T09:50:39.059+0000][gc,marking    ] GC(152) Concurrent Rebuild Remembered Sets
[2023-11-17T09:50:39.082+0000][gc,marking    ] GC(152) Concurrent Rebuild Remembered Sets 23.137ms
[2023-11-17T09:50:39.083+0000][gc,start      ] GC(152) Pause Cleanup
[2023-11-17T09:50:39.083+0000][gc            ] GC(152) Pause Cleanup 199M->199M(512M) 0.177ms
[2023-11-17T09:50:39.083+0000][gc,cpu        ] GC(152) User=0.00s Sys=0.00s Real=0.00s
[2023-11-17T09:50:39.083+0000][gc,marking    ] GC(152) Concurrent Cleanup for Next Mark
[2023-11-17T09:50:39.084+0000][gc,marking    ] GC(152) Concurrent Cleanup for Next Mark 1.702ms
[2023-11-17T09:50:39.085+0000][gc            ] GC(152) Concurrent Cycle 83.662ms
[2023-11-17T09:52:41.088+0000][gc,start      ] GC(153) Pause Young (Prepare Mixed) (G1 Evacuation Pause)
[2023-11-17T09:52:41.088+0000][gc,task       ] GC(153) Using 2 workers of 2 for evacuation
[2023-11-17T09:52:41.105+0000][gc,phases     ] GC(153)   Pre Evacuate Collection Set: 0.0ms
[2023-11-17T09:52:41.105+0000][gc,phases     ] GC(153)   Evacuate Collection Set: 16.4ms
[2023-11-17T09:52:41.105+0000][gc,phases     ] GC(153)   Post Evacuate Collection Set: 0.4ms
[2023-11-17T09:52:41.105+0000][gc,phases     ] GC(153)   Other: 0.4ms
[2023-11-17T09:52:41.105+0000][gc,heap       ] GC(153) Eden regions: 31->0(20)
[2023-11-17T09:52:41.105+0000][gc,heap       ] GC(153) Survivor regions: 4->5(5)
[2023-11-17T09:52:41.105+0000][gc,heap       ] GC(153) Old regions: 51->52
[2023-11-17T09:52:41.105+0000][gc,heap       ] GC(153) Humongous regions: 147->147
[2023-11-17T09:52:41.105+0000][gc,metaspace  ] GC(153) Metaspace: 44459K(47256K)->44459K(47256K) NonClass: 39196K(40704K)->39196K(40704K) Class: 5262K(6552K)->5262K(6552K)
[2023-11-17T09:52:41.105+0000][gc            ] GC(153) Pause Young (Prepare Mixed) (G1 Evacuation Pause) 230M->202M(512M) 17.224ms
[2023-11-17T09:52:41.105+0000][gc,cpu        ] GC(153) User=0.04s Sys=0.00s Real=0.01s
[2023-11-17T09:53:57.732+0000][gc,start      ] GC(154) Pause Young (Mixed) (G1 Evacuation Pause)
[2023-11-17T09:53:57.732+0000][gc,task       ] GC(154) Using 2 workers of 2 for evacuation
[2023-11-17T09:53:57.748+0000][gc,phases     ] GC(154)   Pre Evacuate Collection Set: 0.0ms
[2023-11-17T09:53:57.748+0000][gc,phases     ] GC(154)   Evacuate Collection Set: 15.8ms
[2023-11-17T09:53:57.748+0000][gc,phases     ] GC(154)   Post Evacuate Collection Set: 0.4ms
[2023-11-17T09:53:57.748+0000][gc,phases     ] GC(154)   Other: 0.2ms
[2023-11-17T09:53:57.748+0000][gc,heap       ] GC(154) Eden regions: 20->0(32)
[2023-11-17T09:53:57.748+0000][gc,heap       ] GC(154) Survivor regions: 5->3(4)
[2023-11-17T09:53:57.748+0000][gc,heap       ] GC(154) Old regions: 52->50
[2023-11-17T09:53:57.748+0000][gc,heap       ] GC(154) Humongous regions: 147->147
[2023-11-17T09:53:57.748+0000][gc,metaspace  ] GC(154) Metaspace: 44459K(47256K)->44459K(47256K) NonClass: 39196K(40704K)->39196K(40704K) Class: 5262K(6552K)->5262K(6552K)
[2023-11-17T09:53:57.748+0000][gc            ] GC(154) Pause Young (Mixed) (G1 Evacuation Pause) 222M->197M(512M) 16.548ms
[2023-11-17T09:53:57.748+0000][gc,cpu        ] GC(154) User=0.03s Sys=0.00s Real=0.02s
[2023-11-17T09:56:01.419+0000][gc,start      ] GC(155) Pause Young (Concurrent Start) (G1 Evacuation Pause)
[2023-11-17T09:56:01.419+0000][gc,task       ] GC(155) Using 2 workers of 2 for evacuation
[2023-11-17T09:56:01.466+0000][gc,mmu        ] GC(155) MMU target violated: 21.0ms (20.0ms/21.0ms)
[2023-11-17T09:56:01.466+0000][gc,phases     ] GC(155)   Pre Evacuate Collection Set: 0.3ms
[2023-11-17T09:56:01.466+0000][gc,phases     ] GC(155)   Evacuate Collection Set: 43.3ms
[2023-11-17T09:56:01.466+0000][gc,phases     ] GC(155)   Post Evacuate Collection Set: 3.0ms
[2023-11-17T09:56:01.466+0000][gc,phases     ] GC(155)   Other: 0.3ms
[2023-11-17T09:56:01.466+0000][gc,heap       ] GC(155) Eden regions: 32->0(22)
[2023-11-17T09:56:01.466+0000][gc,heap       ] GC(155) Survivor regions: 3->3(5)
[2023-11-17T09:56:01.466+0000][gc,heap       ] GC(155) Old regions: 50->50
[2023-11-17T09:56:01.466+0000][gc,heap       ] GC(155) Humongous regions: 147->147
[2023-11-17T09:56:01.466+0000][gc,metaspace  ] GC(155) Metaspace: 44469K(47256K)->44469K(47256K) NonClass: 39203K(40704K)->39203K(40704K) Class: 5266K(6552K)->5266K(6552K)
[2023-11-17T09:56:01.466+0000][gc            ] GC(155) Pause Young (Concurrent Start) (G1 Evacuation Pause) 229M->198M(512M) 47.035ms
[2023-11-17T09:56:01.466+0000][gc,cpu        ] GC(155) User=0.06s Sys=0.02s Real=0.05s
[2023-11-17T09:56:01.466+0000][gc            ] GC(156) Concurrent Cycle
[2023-11-17T09:56:01.466+0000][gc,marking    ] GC(156) Concurrent Clear Claimed Marks
[2023-11-17T09:56:01.466+0000][gc,marking    ] GC(156) Concurrent Clear Claimed Marks 0.228ms
[2023-11-17T09:56:01.466+0000][gc,marking    ] GC(156) Concurrent Scan Root Regions
[2023-11-17T09:56:01.472+0000][gc,marking    ] GC(156) Concurrent Scan Root Regions 5.458ms
[2023-11-17T09:56:01.472+0000][gc,marking    ] GC(156) Concurrent Mark (10111.504s)
[2023-11-17T09:56:01.472+0000][gc,marking    ] GC(156) Concurrent Mark From Roots
[2023-11-17T09:56:01.472+0000][gc,task       ] GC(156) Using 1 workers of 1 for marking
[2023-11-17T09:56:01.520+0000][gc,marking    ] GC(156) Concurrent Mark From Roots 48.061ms
[2023-11-17T09:56:01.520+0000][gc,marking    ] GC(156) Concurrent Preclean
[2023-11-17T09:56:01.520+0000][gc,marking    ] GC(156) Concurrent Preclean 0.194ms
[2023-11-17T09:56:01.520+0000][gc,marking    ] GC(156) Concurrent Mark (10111.504s, 10111.553s) 48.314ms
[2023-11-17T09:56:01.521+0000][gc,start      ] GC(156) Pause Remark
[2023-11-17T09:56:01.538+0000][gc,stringtable] GC(156) Cleaned string and symbol table, strings: 12803 processed, 0 removed, symbols: 93086 processed, 0 removed
[2023-11-17T09:56:01.538+0000][gc            ] GC(156) Pause Remark 198M->198M(512M) 17.691ms
[2023-11-17T09:56:01.538+0000][gc,cpu        ] GC(156) User=0.04s Sys=0.00s Real=0.02s
[2023-11-17T09:56:01.538+0000][gc,marking    ] GC(156) Concurrent Rebuild Remembered Sets
[2023-11-17T09:56:01.567+0000][gc,marking    ] GC(156) Concurrent Rebuild Remembered Sets 28.540ms
[2023-11-17T09:56:01.567+0000][gc,start      ] GC(156) Pause Cleanup
[2023-11-17T09:56:01.568+0000][gc            ] GC(156) Pause Cleanup 198M->198M(512M) 0.200ms
[2023-11-17T09:56:01.568+0000][gc,cpu        ] GC(156) User=0.00s Sys=0.00s Real=0.00s
[2023-11-17T09:56:01.568+0000][gc,marking    ] GC(156) Concurrent Cleanup for Next Mark
[2023-11-17T09:56:01.570+0000][gc,marking    ] GC(156) Concurrent Cleanup for Next Mark 2.181ms
[2023-11-17T09:56:01.570+0000][gc            ] GC(156) Concurrent Cycle 103.678ms
[2023-11-17T09:57:24.118+0000][gc,start      ] GC(157) Pause Young (Prepare Mixed) (G1 Evacuation Pause)
[2023-11-17T09:57:24.118+0000][gc,task       ] GC(157) Using 2 workers of 2 for evacuation
[2023-11-17T09:57:24.135+0000][gc,phases     ] GC(157)   Pre Evacuate Collection Set: 0.0ms
[2023-11-17T09:57:24.135+0000][gc,phases     ] GC(157)   Evacuate Collection Set: 16.4ms
[2023-11-17T09:57:24.135+0000][gc,phases     ] GC(157)   Post Evacuate Collection Set: 0.5ms
[2023-11-17T09:57:24.135+0000][gc,phases     ] GC(157)   Other: 0.5ms
[2023-11-17T09:57:24.135+0000][gc,heap       ] GC(157) Eden regions: 22->0(21)
[2023-11-17T09:57:24.135+0000][gc,heap       ] GC(157) Survivor regions: 3->4(4)
[2023-11-17T09:57:24.135+0000][gc,heap       ] GC(157) Old regions: 50->51
[2023-11-17T09:57:24.135+0000][gc,heap       ] GC(157) Humongous regions: 147->147
[2023-11-17T09:57:24.135+0000][gc,metaspace  ] GC(157) Metaspace: 44469K(47256K)->44469K(47256K) NonClass: 39203K(40704K)->39203K(40704K) Class: 5266K(6552K)->5266K(6552K)
[2023-11-17T09:57:24.135+0000][gc            ] GC(157) Pause Young (Prepare Mixed) (G1 Evacuation Pause) 220M->200M(512M) 17.384ms
[2023-11-17T09:57:24.135+0000][gc,cpu        ] GC(157) User=0.03s Sys=0.00s Real=0.02s
[2023-11-17T09:58:44.759+0000][gc,start      ] GC(158) Pause Young (Mixed) (G1 Evacuation Pause)
[2023-11-17T09:58:44.759+0000][gc,task       ] GC(158) Using 2 workers of 2 for evacuation
[2023-11-17T09:58:44.775+0000][gc,phases     ] GC(158)   Pre Evacuate Collection Set: 0.0ms
[2023-11-17T09:58:44.775+0000][gc,phases     ] GC(158)   Evacuate Collection Set: 15.3ms
[2023-11-17T09:58:44.775+0000][gc,phases     ] GC(158)   Post Evacuate Collection Set: 0.3ms
[2023-11-17T09:58:44.775+0000][gc,phases     ] GC(158)   Other: 0.3ms
[2023-11-17T09:58:44.775+0000][gc,heap       ] GC(158) Eden regions: 21->0(23)
[2023-11-17T09:58:44.775+0000][gc,heap       ] GC(158) Survivor regions: 4->2(4)
[2023-11-17T09:58:44.775+0000][gc,heap       ] GC(158) Old regions: 51->50
[2023-11-17T09:58:44.775+0000][gc,heap       ] GC(158) Humongous regions: 147->147
[2023-11-17T09:58:44.775+0000][gc,metaspace  ] GC(158) Metaspace: 44472K(47256K)->44472K(47256K) NonClass: 39206K(40704K)->39206K(40704K) Class: 5266K(6552K)->5266K(6552K)
[2023-11-17T09:58:44.775+0000][gc            ] GC(158) Pause Young (Mixed) (G1 Evacuation Pause) 221M->197M(512M) 15.996ms
[2023-11-17T09:58:44.775+0000][gc,cpu        ] GC(158) User=0.03s Sys=0.00s Real=0.02s
[2023-11-17T10:00:14.441+0000][gc,start      ] GC(159) Pause Young (Concurrent Start) (G1 Evacuation Pause)
[2023-11-17T10:00:14.441+0000][gc,task       ] GC(159) Using 2 workers of 2 for evacuation
[2023-11-17T10:00:14.453+0000][gc,phases     ] GC(159)   Pre Evacuate Collection Set: 0.3ms
[2023-11-17T10:00:14.453+0000][gc,phases     ] GC(159)   Evacuate Collection Set: 10.9ms
[2023-11-17T10:00:14.453+0000][gc,phases     ] GC(159)   Post Evacuate Collection Set: 0.3ms
[2023-11-17T10:00:14.453+0000][gc,phases     ] GC(159)   Other: 0.2ms
[2023-11-17T10:00:14.453+0000][gc,heap       ] GC(159) Eden regions: 23->0(21)
[2023-11-17T10:00:14.453+0000][gc,heap       ] GC(159) Survivor regions: 2->4(4)
[2023-11-17T10:00:14.453+0000][gc,heap       ] GC(159) Old regions: 50->50
[2023-11-17T10:00:14.453+0000][gc,heap       ] GC(159) Humongous regions: 147->147
[2023-11-17T10:00:14.453+0000][gc,metaspace  ] GC(159) Metaspace: 44473K(47256K)->44473K(47256K) NonClass: 39207K(40704K)->39207K(40704K) Class: 5266K(6552K)->5266K(6552K)
[2023-11-17T10:00:14.453+0000][gc            ] GC(159) Pause Young (Concurrent Start) (G1 Evacuation Pause) 220M->199M(512M) 11.771ms
[2023-11-17T10:00:14.453+0000][gc,cpu        ] GC(159) User=0.02s Sys=0.00s Real=0.01s
[2023-11-17T10:00:14.453+0000][gc            ] GC(160) Concurrent Cycle
[2023-11-17T10:00:14.453+0000][gc,marking    ] GC(160) Concurrent Clear Claimed Marks
[2023-11-17T10:00:14.453+0000][gc,marking    ] GC(160) Concurrent Clear Claimed Marks 0.214ms
[2023-11-17T10:00:14.453+0000][gc,marking    ] GC(160) Concurrent Scan Root Regions
[2023-11-17T10:00:14.457+0000][gc,marking    ] GC(160) Concurrent Scan Root Regions 3.959ms
[2023-11-17T10:00:14.457+0000][gc,marking    ] GC(160) Concurrent Mark (10364.489s)
[2023-11-17T10:00:14.457+0000][gc,marking    ] GC(160) Concurrent Mark From Roots
[2023-11-17T10:00:14.457+0000][gc,task       ] GC(160) Using 1 workers of 1 for marking
[2023-11-17T10:00:14.490+0000][gc,marking    ] GC(160) Concurrent Mark From Roots 32.531ms
[2023-11-17T10:00:14.490+0000][gc,marking    ] GC(160) Concurrent Preclean
[2023-11-17T10:00:14.490+0000][gc,marking    ] GC(160) Concurrent Preclean 0.186ms
[2023-11-17T10:00:14.490+0000][gc,marking    ] GC(160) Concurrent Mark (10364.489s, 10364.522s) 32.785ms
[2023-11-17T10:00:14.490+0000][gc,start      ] GC(160) Pause Remark
[2023-11-17T10:00:14.503+0000][gc,stringtable] GC(160) Cleaned string and symbol table, strings: 12811 processed, 1 removed, symbols: 93086 processed, 0 removed
[2023-11-17T10:00:14.503+0000][gc            ] GC(160) Pause Remark 199M->199M(512M) 13.154ms
[2023-11-17T10:00:14.503+0000][gc,cpu        ] GC(160) User=0.03s Sys=0.00s Real=0.01s
[2023-11-17T10:00:14.503+0000][gc,marking    ] GC(160) Concurrent Rebuild Remembered Sets
[2023-11-17T10:00:14.526+0000][gc,marking    ] GC(160) Concurrent Rebuild Remembered Sets 22.796ms
[2023-11-17T10:00:14.527+0000][gc,start      ] GC(160) Pause Cleanup
[2023-11-17T10:00:14.527+0000][gc            ] GC(160) Pause Cleanup 199M->199M(512M) 0.184ms
[2023-11-17T10:00:14.527+0000][gc,cpu        ] GC(160) User=0.00s Sys=0.00s Real=0.00s
[2023-11-17T10:00:14.527+0000][gc,marking    ] GC(160) Concurrent Cleanup for Next Mark
[2023-11-17T10:00:14.528+0000][gc,marking    ] GC(160) Concurrent Cleanup for Next Mark 1.494ms
[2023-11-17T10:00:14.528+0000][gc            ] GC(160) Concurrent Cycle 75.418ms
[2023-11-17T10:01:35.593+0000][gc,start      ] GC(161) Pause Young (Prepare Mixed) (G1 Evacuation Pause)
[2023-11-17T10:01:35.593+0000][gc,task       ] GC(161) Using 2 workers of 2 for evacuation
[2023-11-17T10:01:35.604+0000][gc,phases     ] GC(161)   Pre Evacuate Collection Set: 0.0ms
[2023-11-17T10:01:35.604+0000][gc,phases     ] GC(161)   Evacuate Collection Set: 10.4ms
[2023-11-17T10:01:35.604+0000][gc,phases     ] GC(161)   Post Evacuate Collection Set: 0.4ms
[2023-11-17T10:01:35.604+0000][gc,phases     ] GC(161)   Other: 0.2ms
[2023-11-17T10:01:35.604+0000][gc,heap       ] GC(161) Eden regions: 21->0(23)
[2023-11-17T10:01:35.604+0000][gc,heap       ] GC(161) Survivor regions: 4->2(4)
[2023-11-17T10:01:35.604+0000][gc,heap       ] GC(161) Old regions: 50->52
[2023-11-17T10:01:35.604+0000][gc,heap       ] GC(161) Humongous regions: 147->147
[2023-11-17T10:01:35.604+0000][gc,metaspace  ] GC(161) Metaspace: 44473K(47256K)->44473K(47256K) NonClass: 39207K(40704K)->39207K(40704K) Class: 5266K(6552K)->5266K(6552K)
[2023-11-17T10:01:35.604+0000][gc            ] GC(161) Pause Young (Prepare Mixed) (G1 Evacuation Pause) 220M->199M(512M) 11.097ms
[2023-11-17T10:01:35.604+0000][gc,cpu        ] GC(161) User=0.02s Sys=0.00s Real=0.01s
[2023-11-17T10:03:05.239+0000][gc,start      ] GC(162) Pause Young (Mixed) (G1 Evacuation Pause)
[2023-11-17T10:03:05.239+0000][gc,task       ] GC(162) Using 2 workers of 2 for evacuation
[2023-11-17T10:03:05.250+0000][gc,phases     ] GC(162)   Pre Evacuate Collection Set: 0.0ms
[2023-11-17T10:03:05.251+0000][gc,phases     ] GC(162)   Evacuate Collection Set: 11.1ms
[2023-11-17T10:03:05.251+0000][gc,phases     ] GC(162)   Post Evacuate Collection Set: 0.4ms
[2023-11-17T10:03:05.251+0000][gc,phases     ] GC(162)   Other: 0.3ms
[2023-11-17T10:03:05.251+0000][gc,heap       ] GC(162) Eden regions: 23->0(21)
[2023-11-17T10:03:05.251+0000][gc,heap       ] GC(162) Survivor regions: 2->4(4)
[2023-11-17T10:03:05.251+0000][gc,heap       ] GC(162) Old regions: 52->49
[2023-11-17T10:03:05.251+0000][gc,heap       ] GC(162) Humongous regions: 147->147
[2023-11-17T10:03:05.251+0000][gc,metaspace  ] GC(162) Metaspace: 44473K(47256K)->44473K(47256K) NonClass: 39207K(40704K)->39207K(40704K) Class: 5266K(6552K)->5266K(6552K)
[2023-11-17T10:03:05.251+0000][gc            ] GC(162) Pause Young (Mixed) (G1 Evacuation Pause) 222M->198M(512M) 11.809ms
[2023-11-17T10:03:05.251+0000][gc,cpu        ] GC(162) User=0.02s Sys=0.00s Real=0.01s
[2023-11-17T10:04:25.259+0000][gc,start      ] GC(163) Pause Young (Concurrent Start) (G1 Evacuation Pause)
[2023-11-17T10:04:25.259+0000][gc,task       ] GC(163) Using 2 workers of 2 for evacuation
[2023-11-17T10:04:25.272+0000][gc,phases     ] GC(163)   Pre Evacuate Collection Set: 0.2ms
[2023-11-17T10:04:25.272+0000][gc,phases     ] GC(163)   Evacuate Collection Set: 11.9ms
[2023-11-17T10:04:25.272+0000][gc,phases     ] GC(163)   Post Evacuate Collection Set: 0.3ms
[2023-11-17T10:04:25.272+0000][gc,phases     ] GC(163)   Other: 0.3ms
[2023-11-17T10:04:25.272+0000][gc,heap       ] GC(163) Eden regions: 21->0(23)
[2023-11-17T10:04:25.272+0000][gc,heap       ] GC(163) Survivor regions: 4->2(4)
[2023-11-17T10:04:25.272+0000][gc,heap       ] GC(163) Old regions: 49->51
[2023-11-17T10:04:25.272+0000][gc,heap       ] GC(163) Humongous regions: 147->147
[2023-11-17T10:04:25.272+0000][gc,metaspace  ] GC(163) Metaspace: 44487K(47256K)->44487K(47256K) NonClass: 39220K(40704K)->39220K(40704K) Class: 5266K(6552K)->5266K(6552K)
[2023-11-17T10:04:25.272+0000][gc            ] GC(163) Pause Young (Concurrent Start) (G1 Evacuation Pause) 219M->198M(512M) 12.766ms
[2023-11-17T10:04:25.272+0000][gc,cpu        ] GC(163) User=0.02s Sys=0.00s Real=0.01s
[2023-11-17T10:04:25.272+0000][gc            ] GC(164) Concurrent Cycle
[2023-11-17T10:04:25.272+0000][gc,marking    ] GC(164) Concurrent Clear Claimed Marks
[2023-11-17T10:04:25.272+0000][gc,marking    ] GC(164) Concurrent Clear Claimed Marks 0.218ms
[2023-11-17T10:04:25.273+0000][gc,marking    ] GC(164) Concurrent Scan Root Regions
[2023-11-17T10:04:25.275+0000][gc,marking    ] GC(164) Concurrent Scan Root Regions 2.439ms
[2023-11-17T10:04:25.275+0000][gc,marking    ] GC(164) Concurrent Mark (10615.307s)
[2023-11-17T10:04:25.275+0000][gc,marking    ] GC(164) Concurrent Mark From Roots
[2023-11-17T10:04:25.275+0000][gc,task       ] GC(164) Using 1 workers of 1 for marking
[2023-11-17T10:04:25.319+0000][gc,marking    ] GC(164) Concurrent Mark From Roots 43.599ms
[2023-11-17T10:04:25.319+0000][gc,marking    ] GC(164) Concurrent Preclean
[2023-11-17T10:04:25.319+0000][gc,marking    ] GC(164) Concurrent Preclean 0.178ms
[2023-11-17T10:04:25.319+0000][gc,marking    ] GC(164) Concurrent Mark (10615.307s, 10615.351s) 43.828ms
[2023-11-17T10:04:25.319+0000][gc,start      ] GC(164) Pause Remark
[2023-11-17T10:04:25.337+0000][gc,stringtable] GC(164) Cleaned string and symbol table, strings: 12836 processed, 0 removed, symbols: 93086 processed, 0 removed
[2023-11-17T10:04:25.337+0000][gc            ] GC(164) Pause Remark 198M->198M(512M) 18.183ms
[2023-11-17T10:04:25.337+0000][gc,cpu        ] GC(164) User=0.04s Sys=0.00s Real=0.02s
[2023-11-17T10:04:25.337+0000][gc,marking    ] GC(164) Concurrent Rebuild Remembered Sets
[2023-11-17T10:04:25.360+0000][gc,marking    ] GC(164) Concurrent Rebuild Remembered Sets 22.750ms
[2023-11-17T10:04:25.360+0000][gc,start      ] GC(164) Pause Cleanup
[2023-11-17T10:04:25.360+0000][gc            ] GC(164) Pause Cleanup 198M->198M(512M) 0.147ms
[2023-11-17T10:04:25.360+0000][gc,cpu        ] GC(164) User=0.00s Sys=0.00s Real=0.00s
[2023-11-17T10:04:25.360+0000][gc,marking    ] GC(164) Concurrent Cleanup for Next Mark
[2023-11-17T10:04:25.362+0000][gc,marking    ] GC(164) Concurrent Cleanup for Next Mark 1.392ms
[2023-11-17T10:04:25.362+0000][gc            ] GC(164) Concurrent Cycle 89.604ms
[2023-11-17T10:05:55.161+0000][gc,start      ] GC(165) Pause Young (Prepare Mixed) (G1 Evacuation Pause)
[2023-11-17T10:05:55.161+0000][gc,task       ] GC(165) Using 2 workers of 2 for evacuation
[2023-11-17T10:05:55.173+0000][gc,phases     ] GC(165)   Pre Evacuate Collection Set: 0.0ms
[2023-11-17T10:05:55.174+0000][gc,phases     ] GC(165)   Evacuate Collection Set: 12.0ms
[2023-11-17T10:05:55.174+0000][gc,phases     ] GC(165)   Post Evacuate Collection Set: 0.4ms
[2023-11-17T10:05:55.174+0000][gc,phases     ] GC(165)   Other: 0.5ms
[2023-11-17T10:05:55.174+0000][gc,heap       ] GC(165) Eden regions: 23->0(21)
[2023-11-17T10:05:55.174+0000][gc,heap       ] GC(165) Survivor regions: 2->4(4)
[2023-11-17T10:05:55.174+0000][gc,heap       ] GC(165) Old regions: 51->51
[2023-11-17T10:05:55.174+0000][gc,heap       ] GC(165) Humongous regions: 147->147
[2023-11-17T10:05:55.174+0000][gc,metaspace  ] GC(165) Metaspace: 44488K(47256K)->44488K(47256K) NonClass: 39222K(40704K)->39222K(40704K) Class: 5266K(6552K)->5266K(6552K)
[2023-11-17T10:05:55.174+0000][gc            ] GC(165) Pause Young (Prepare Mixed) (G1 Evacuation Pause) 221M->200M(512M) 12.985ms
[2023-11-17T10:05:55.174+0000][gc,cpu        ] GC(165) User=0.02s Sys=0.00s Real=0.02s
[2023-11-17T10:07:16.220+0000][gc,start      ] GC(166) Pause Young (Mixed) (G1 Evacuation Pause)
[2023-11-17T10:07:16.220+0000][gc,task       ] GC(166) Using 2 workers of 2 for evacuation
[2023-11-17T10:07:16.231+0000][gc,phases     ] GC(166)   Pre Evacuate Collection Set: 0.0ms
[2023-11-17T10:07:16.231+0000][gc,phases     ] GC(166)   Evacuate Collection Set: 11.0ms
[2023-11-17T10:07:16.231+0000][gc,phases     ] GC(166)   Post Evacuate Collection Set: 0.4ms
[2023-11-17T10:07:16.231+0000][gc,phases     ] GC(166)   Other: 0.3ms
[2023-11-17T10:07:16.231+0000][gc,heap       ] GC(166) Eden regions: 21->0(25)
[2023-11-17T10:07:16.231+0000][gc,heap       ] GC(166) Survivor regions: 4->2(4)
[2023-11-17T10:07:16.231+0000][gc,heap       ] GC(166) Old regions: 51->49
[2023-11-17T10:07:16.231+0000][gc,heap       ] GC(166) Humongous regions: 147->147
[2023-11-17T10:07:16.231+0000][gc,metaspace  ] GC(166) Metaspace: 44488K(47256K)->44488K(47256K) NonClass: 39222K(40704K)->39222K(40704K) Class: 5266K(6552K)->5266K(6552K)
[2023-11-17T10:07:16.231+0000][gc            ] GC(166) Pause Young (Mixed) (G1 Evacuation Pause) 221M->196M(512M) 11.791ms
[2023-11-17T10:07:16.231+0000][gc,cpu        ] GC(166) User=0.02s Sys=0.00s Real=0.01s
[2023-11-17T10:08:25.794+0000][gc,start      ] GC(167) Pause Young (Concurrent Start) (G1 Evacuation Pause)
[2023-11-17T10:08:25.794+0000][gc,task       ] GC(167) Using 2 workers of 2 for evacuation
[2023-11-17T10:08:25.828+0000][gc,mmu        ] GC(167) MMU target violated: 21.0ms (20.0ms/21.0ms)
[2023-11-17T10:08:25.828+0000][gc,phases     ] GC(167)   Pre Evacuate Collection Set: 0.3ms
[2023-11-17T10:08:25.828+0000][gc,phases     ] GC(167)   Evacuate Collection Set: 33.5ms
[2023-11-17T10:08:25.828+0000][gc,phases     ] GC(167)   Post Evacuate Collection Set: 0.3ms
[2023-11-17T10:08:25.828+0000][gc,phases     ] GC(167)   Other: 0.4ms
[2023-11-17T10:08:25.828+0000][gc,heap       ] GC(167) Eden regions: 23->0(21)
[2023-11-17T10:08:25.828+0000][gc,heap       ] GC(167) Survivor regions: 2->4(4)
[2023-11-17T10:08:25.828+0000][gc,heap       ] GC(167) Old regions: 49->52
[2023-11-17T10:08:25.828+0000][gc,heap       ] GC(167) Humongous regions: 147->147
[2023-11-17T10:08:25.828+0000][gc,metaspace  ] GC(167) Metaspace: 44503K(47256K)->44503K(47256K) NonClass: 39236K(40704K)->39236K(40704K) Class: 5266K(6552K)->5266K(6552K)
[2023-11-17T10:08:25.828+0000][gc            ] GC(167) Pause Young (Concurrent Start) (G1 Evacuation Pause) 219M->201M(512M) 34.551ms
[2023-11-17T10:08:25.828+0000][gc,cpu        ] GC(167) User=0.06s Sys=0.00s Real=0.03s
[2023-11-17T10:08:25.828+0000][gc            ] GC(168) Concurrent Cycle
[2023-11-17T10:08:25.828+0000][gc,marking    ] GC(168) Concurrent Clear Claimed Marks
[2023-11-17T10:08:25.828+0000][gc,marking    ] GC(168) Concurrent Clear Claimed Marks 0.219ms
[2023-11-17T10:08:25.828+0000][gc,marking    ] GC(168) Concurrent Scan Root Regions
[2023-11-17T10:08:25.832+0000][gc,marking    ] GC(168) Concurrent Scan Root Regions 3.580ms
[2023-11-17T10:08:25.832+0000][gc,marking    ] GC(168) Concurrent Mark (10855.864s)
[2023-11-17T10:08:25.832+0000][gc,marking    ] GC(168) Concurrent Mark From Roots
[2023-11-17T10:08:25.832+0000][gc,task       ] GC(168) Using 1 workers of 1 for marking
[2023-11-17T10:08:25.888+0000][gc,marking    ] GC(168) Concurrent Mark From Roots 56.156ms
[2023-11-17T10:08:25.888+0000][gc,marking    ] GC(168) Concurrent Preclean
[2023-11-17T10:08:25.888+0000][gc,marking    ] GC(168) Concurrent Preclean 0.187ms
[2023-11-17T10:08:25.889+0000][gc,marking    ] GC(168) Concurrent Mark (10855.864s, 10855.921s) 56.401ms
[2023-11-17T10:08:25.889+0000][gc,start      ] GC(168) Pause Remark
[2023-11-17T10:08:25.917+0000][gc,stringtable] GC(168) Cleaned string and symbol table, strings: 12837 processed, 0 removed, symbols: 93086 processed, 0 removed
[2023-11-17T10:08:25.917+0000][gc,mmu        ] GC(168) MMU target violated: 21.0ms (20.0ms/21.0ms)
[2023-11-17T10:08:25.917+0000][gc            ] GC(168) Pause Remark 201M->201M(512M) 27.745ms
[2023-11-17T10:08:25.917+0000][gc,cpu        ] GC(168) User=0.05s Sys=0.01s Real=0.03s
[2023-11-17T10:08:25.917+0000][gc,marking    ] GC(168) Concurrent Rebuild Remembered Sets
[2023-11-17T10:08:25.942+0000][gc,marking    ] GC(168) Concurrent Rebuild Remembered Sets 25.245ms
[2023-11-17T10:08:25.943+0000][gc,start      ] GC(168) Pause Cleanup
[2023-11-17T10:08:25.943+0000][gc            ] GC(168) Pause Cleanup 201M->201M(512M) 0.167ms
[2023-11-17T10:08:25.943+0000][gc,cpu        ] GC(168) User=0.00s Sys=0.00s Real=0.00s
[2023-11-17T10:08:25.943+0000][gc,marking    ] GC(168) Concurrent Cleanup for Next Mark
[2023-11-17T10:08:25.944+0000][gc,marking    ] GC(168) Concurrent Cleanup for Next Mark 1.513ms
[2023-11-17T10:08:25.944+0000][gc            ] GC(168) Concurrent Cycle 116.119ms
[2023-11-17T10:09:46.467+0000][gc,start      ] GC(169) Pause Young (Prepare Mixed) (G1 Evacuation Pause)
[2023-11-17T10:09:46.467+0000][gc,task       ] GC(169) Using 2 workers of 2 for evacuation
[2023-11-17T10:09:46.480+0000][gc,phases     ] GC(169)   Pre Evacuate Collection Set: 0.0ms
[2023-11-17T10:09:46.480+0000][gc,phases     ] GC(169)   Evacuate Collection Set: 12.3ms
[2023-11-17T10:09:46.480+0000][gc,phases     ] GC(169)   Post Evacuate Collection Set: 0.3ms
[2023-11-17T10:09:46.480+0000][gc,phases     ] GC(169)   Other: 0.2ms
[2023-11-17T10:09:46.480+0000][gc,heap       ] GC(169) Eden regions: 21->0(23)
[2023-11-17T10:09:46.480+0000][gc,heap       ] GC(169) Survivor regions: 4->2(4)
[2023-11-17T10:09:46.480+0000][gc,heap       ] GC(169) Old regions: 52->54
[2023-11-17T10:09:46.480+0000][gc,heap       ] GC(169) Humongous regions: 147->147
[2023-11-17T10:09:46.480+0000][gc,metaspace  ] GC(169) Metaspace: 44504K(47256K)->44504K(47256K) NonClass: 39237K(40704K)->39237K(40704K) Class: 5266K(6552K)->5266K(6552K)
[2023-11-17T10:09:46.480+0000][gc            ] GC(169) Pause Young (Prepare Mixed) (G1 Evacuation Pause) 222M->200M(512M) 12.979ms
[2023-11-17T10:09:46.480+0000][gc,cpu        ] GC(169) User=0.02s Sys=0.00s Real=0.01s
[2023-11-17T10:11:16.220+0000][gc,start      ] GC(170) Pause Young (Mixed) (G1 Evacuation Pause)
[2023-11-17T10:11:16.220+0000][gc,task       ] GC(170) Using 2 workers of 2 for evacuation
[2023-11-17T10:11:16.236+0000][gc,phases     ] GC(170)   Pre Evacuate Collection Set: 0.0ms
[2023-11-17T10:11:16.236+0000][gc,phases     ] GC(170)   Evacuate Collection Set: 16.0ms
[2023-11-17T10:11:16.236+0000][gc,phases     ] GC(170)   Post Evacuate Collection Set: 0.3ms
[2023-11-17T10:11:16.236+0000][gc,phases     ] GC(170)   Other: 0.3ms
[2023-11-17T10:11:16.236+0000][gc,heap       ] GC(170) Eden regions: 23->0(21)
[2023-11-17T10:11:16.236+0000][gc,heap       ] GC(170) Survivor regions: 2->4(4)
[2023-11-17T10:11:16.236+0000][gc,heap       ] GC(170) Old regions: 54->51
[2023-11-17T10:11:16.236+0000][gc,heap       ] GC(170) Humongous regions: 147->147
[2023-11-17T10:11:16.236+0000][gc,metaspace  ] GC(170) Metaspace: 44504K(47256K)->44504K(47256K) NonClass: 39237K(40704K)->39237K(40704K) Class: 5266K(6552K)->5266K(6552K)
[2023-11-17T10:11:16.236+0000][gc            ] GC(170) Pause Young (Mixed) (G1 Evacuation Pause) 223M->200M(512M) 16.833ms
[2023-11-17T10:11:16.236+0000][gc,cpu        ] GC(170) User=0.03s Sys=0.00s Real=0.02s
[2023-11-17T10:12:37.133+0000][gc,start      ] GC(171) Pause Young (Concurrent Start) (G1 Evacuation Pause)
[2023-11-17T10:12:37.133+0000][gc,task       ] GC(171) Using 2 workers of 2 for evacuation
[2023-11-17T10:12:37.143+0000][gc,phases     ] GC(171)   Pre Evacuate Collection Set: 0.2ms
[2023-11-17T10:12:37.143+0000][gc,phases     ] GC(171)   Evacuate Collection Set: 9.5ms
[2023-11-17T10:12:37.143+0000][gc,phases     ] GC(171)   Post Evacuate Collection Set: 0.7ms
[2023-11-17T10:12:37.143+0000][gc,phases     ] GC(171)   Other: 0.3ms
[2023-11-17T10:12:37.143+0000][gc,heap       ] GC(171) Eden regions: 21->0(23)
[2023-11-17T10:12:37.143+0000][gc,heap       ] GC(171) Survivor regions: 4->2(4)
[2023-11-17T10:12:37.143+0000][gc,heap       ] GC(171) Old regions: 51->53
[2023-11-17T10:12:37.143+0000][gc,heap       ] GC(171) Humongous regions: 147->147
[2023-11-17T10:12:37.143+0000][gc,metaspace  ] GC(171) Metaspace: 44504K(47256K)->44504K(47256K) NonClass: 39237K(40704K)->39237K(40704K) Class: 5266K(6552K)->5266K(6552K)
[2023-11-17T10:12:37.144+0000][gc            ] GC(171) Pause Young (Concurrent Start) (G1 Evacuation Pause) 221M->199M(512M) 10.834ms
[2023-11-17T10:12:37.144+0000][gc,cpu        ] GC(171) User=0.02s Sys=0.00s Real=0.01s
[2023-11-17T10:12:37.144+0000][gc            ] GC(172) Concurrent Cycle
[2023-11-17T10:12:37.144+0000][gc,marking    ] GC(172) Concurrent Clear Claimed Marks
[2023-11-17T10:12:37.144+0000][gc,marking    ] GC(172) Concurrent Clear Claimed Marks 0.489ms
[2023-11-17T10:12:37.144+0000][gc,marking    ] GC(172) Concurrent Scan Root Regions
[2023-11-17T10:12:37.147+0000][gc,marking    ] GC(172) Concurrent Scan Root Regions 2.549ms
[2023-11-17T10:12:37.147+0000][gc,marking    ] GC(172) Concurrent Mark (11107.179s)
[2023-11-17T10:12:37.147+0000][gc,marking    ] GC(172) Concurrent Mark From Roots
[2023-11-17T10:12:37.147+0000][gc,task       ] GC(172) Using 1 workers of 1 for marking
[2023-11-17T10:12:37.188+0000][gc,marking    ] GC(172) Concurrent Mark From Roots 41.240ms
[2023-11-17T10:12:37.188+0000][gc,marking    ] GC(172) Concurrent Preclean
[2023-11-17T10:12:37.188+0000][gc,marking    ] GC(172) Concurrent Preclean 0.198ms
[2023-11-17T10:12:37.188+0000][gc,marking    ] GC(172) Concurrent Mark (11107.179s, 11107.221s) 41.490ms
[2023-11-17T10:12:37.189+0000][gc,start      ] GC(172) Pause Remark
[2023-11-17T10:12:37.204+0000][gc,stringtable] GC(172) Cleaned string and symbol table, strings: 12841 processed, 0 removed, symbols: 93086 processed, 0 removed
[2023-11-17T10:12:37.205+0000][gc            ] GC(172) Pause Remark 200M->197M(512M) 16.173ms
[2023-11-17T10:12:37.205+0000][gc,cpu        ] GC(172) User=0.03s Sys=0.00s Real=0.01s
[2023-11-17T10:12:37.205+0000][gc,marking    ] GC(172) Concurrent Rebuild Remembered Sets
[2023-11-17T10:12:37.230+0000][gc,marking    ] GC(172) Concurrent Rebuild Remembered Sets 25.648ms
[2023-11-17T10:12:37.231+0000][gc,start      ] GC(172) Pause Cleanup
[2023-11-17T10:12:37.231+0000][gc            ] GC(172) Pause Cleanup 197M->197M(512M) 0.294ms
[2023-11-17T10:12:37.231+0000][gc,cpu        ] GC(172) User=0.00s Sys=0.00s Real=0.00s
[2023-11-17T10:12:37.231+0000][gc,marking    ] GC(172) Concurrent Cleanup for Next Mark
[2023-11-17T10:12:37.233+0000][gc,marking    ] GC(172) Concurrent Cleanup for Next Mark 1.972ms
[2023-11-17T10:12:37.233+0000][gc            ] GC(172) Concurrent Cycle 89.588ms
[2023-11-17T10:14:06.556+0000][gc,start      ] GC(173) Pause Young (Prepare Mixed) (G1 Evacuation Pause)
[2023-11-17T10:14:06.556+0000][gc,task       ] GC(173) Using 2 workers of 2 for evacuation
[2023-11-17T10:14:06.567+0000][gc,phases     ] GC(173)   Pre Evacuate Collection Set: 0.0ms
[2023-11-17T10:14:06.567+0000][gc,phases     ] GC(173)   Evacuate Collection Set: 10.5ms
[2023-11-17T10:14:06.567+0000][gc,phases     ] GC(173)   Post Evacuate Collection Set: 0.3ms
[2023-11-17T10:14:06.567+0000][gc,phases     ] GC(173)   Other: 0.2ms
[2023-11-17T10:14:06.567+0000][gc,heap       ] GC(173) Eden regions: 23->0(21)
[2023-11-17T10:14:06.567+0000][gc,heap       ] GC(173) Survivor regions: 2->4(4)
[2023-11-17T10:14:06.567+0000][gc,heap       ] GC(173) Old regions: 50->50
[2023-11-17T10:14:06.567+0000][gc,heap       ] GC(173) Humongous regions: 147->147
[2023-11-17T10:14:06.567+0000][gc,metaspace  ] GC(173) Metaspace: 44504K(47256K)->44504K(47256K) NonClass: 39237K(40704K)->39237K(40704K) Class: 5266K(6552K)->5266K(6552K)
[2023-11-17T10:14:06.567+0000][gc            ] GC(173) Pause Young (Prepare Mixed) (G1 Evacuation Pause) 219M->199M(512M) 11.190ms
[2023-11-17T10:14:06.567+0000][gc,cpu        ] GC(173) User=0.02s Sys=0.00s Real=0.01s
[2023-11-17T10:15:28.053+0000][gc,start      ] GC(174) Pause Young (Mixed) (G1 Evacuation Pause)
[2023-11-17T10:15:28.053+0000][gc,task       ] GC(174) Using 2 workers of 2 for evacuation
[2023-11-17T10:15:28.065+0000][gc,phases     ] GC(174)   Pre Evacuate Collection Set: 0.0ms
[2023-11-17T10:15:28.065+0000][gc,phases     ] GC(174)   Evacuate Collection Set: 12.0ms
[2023-11-17T10:15:28.065+0000][gc,phases     ] GC(174)   Post Evacuate Collection Set: 0.4ms
[2023-11-17T10:15:28.065+0000][gc,phases     ] GC(174)   Other: 0.2ms
[2023-11-17T10:15:28.065+0000][gc,heap       ] GC(174) Eden regions: 21->0(26)
[2023-11-17T10:15:28.065+0000][gc,heap       ] GC(174) Survivor regions: 4->2(4)
[2023-11-17T10:15:28.065+0000][gc,heap       ] GC(174) Old regions: 50->49
[2023-11-17T10:15:28.065+0000][gc,heap       ] GC(174) Humongous regions: 147->147
[2023-11-17T10:15:28.065+0000][gc,metaspace  ] GC(174) Metaspace: 44504K(47256K)->44504K(47256K) NonClass: 39237K(40704K)->39237K(40704K) Class: 5266K(6552K)->5266K(6552K)
[2023-11-17T10:15:28.065+0000][gc            ] GC(174) Pause Young (Mixed) (G1 Evacuation Pause) 220M->195M(512M) 12.849ms
[2023-11-17T10:15:28.066+0000][gc,cpu        ] GC(174) User=0.02s Sys=0.00s Real=0.02s
[2023-11-17T10:17:09.736+0000][gc,start      ] GC(175) Pause Young (Concurrent Start) (G1 Evacuation Pause)
[2023-11-17T10:17:09.736+0000][gc,task       ] GC(175) Using 2 workers of 2 for evacuation
[2023-11-17T10:17:09.751+0000][gc,phases     ] GC(175)   Pre Evacuate Collection Set: 0.2ms
[2023-11-17T10:17:09.751+0000][gc,phases     ] GC(175)   Evacuate Collection Set: 14.8ms
[2023-11-17T10:17:09.751+0000][gc,phases     ] GC(175)   Post Evacuate Collection Set: 0.4ms
[2023-11-17T10:17:09.751+0000][gc,phases     ] GC(175)   Other: 0.3ms
[2023-11-17T10:17:09.751+0000][gc,heap       ] GC(175) Eden regions: 26->0(25)
[2023-11-17T10:17:09.751+0000][gc,heap       ] GC(175) Survivor regions: 2->4(4)
[2023-11-17T10:17:09.751+0000][gc,heap       ] GC(175) Old regions: 49->49
[2023-11-17T10:17:09.751+0000][gc,heap       ] GC(175) Humongous regions: 147->147
[2023-11-17T10:17:09.751+0000][gc,metaspace  ] GC(175) Metaspace: 44505K(47256K)->44505K(47256K) NonClass: 39239K(40704K)->39239K(40704K) Class: 5266K(6552K)->5266K(6552K)
[2023-11-17T10:17:09.751+0000][gc            ] GC(175) Pause Young (Concurrent Start) (G1 Evacuation Pause) 221M->198M(512M) 15.802ms
[2023-11-17T10:17:09.751+0000][gc,cpu        ] GC(175) User=0.03s Sys=0.00s Real=0.01s
[2023-11-17T10:17:09.751+0000][gc            ] GC(176) Concurrent Cycle
[2023-11-17T10:17:09.751+0000][gc,marking    ] GC(176) Concurrent Clear Claimed Marks
[2023-11-17T10:17:09.752+0000][gc,marking    ] GC(176) Concurrent Clear Claimed Marks 0.233ms
[2023-11-17T10:17:09.752+0000][gc,marking    ] GC(176) Concurrent Scan Root Regions
[2023-11-17T10:17:09.756+0000][gc,marking    ] GC(176) Concurrent Scan Root Regions 3.976ms
[2023-11-17T10:17:09.756+0000][gc,marking    ] GC(176) Concurrent Mark (11379.788s)
[2023-11-17T10:17:09.756+0000][gc,marking    ] GC(176) Concurrent Mark From Roots
[2023-11-17T10:17:09.756+0000][gc,task       ] GC(176) Using 1 workers of 1 for marking
[2023-11-17T10:17:09.794+0000][gc,marking    ] GC(176) Concurrent Mark From Roots 38.669ms
[2023-11-17T10:17:09.794+0000][gc,marking    ] GC(176) Concurrent Preclean
[2023-11-17T10:17:09.795+0000][gc,marking    ] GC(176) Concurrent Preclean 0.199ms
[2023-11-17T10:17:09.795+0000][gc,marking    ] GC(176) Concurrent Mark (11379.788s, 11379.827s) 38.924ms
[2023-11-17T10:17:09.795+0000][gc,start      ] GC(176) Pause Remark
[2023-11-17T10:17:09.812+0000][gc,stringtable] GC(176) Cleaned string and symbol table, strings: 12851 processed, 0 removed, symbols: 93086 processed, 0 removed
[2023-11-17T10:17:09.812+0000][gc            ] GC(176) Pause Remark 198M->198M(512M) 17.369ms
[2023-11-17T10:17:09.812+0000][gc,cpu        ] GC(176) User=0.03s Sys=0.00s Real=0.01s
[2023-11-17T10:17:09.812+0000][gc,marking    ] GC(176) Concurrent Rebuild Remembered Sets
[2023-11-17T10:17:09.837+0000][gc,marking    ] GC(176) Concurrent Rebuild Remembered Sets 25.013ms
[2023-11-17T10:17:09.838+0000][gc,start      ] GC(176) Pause Cleanup
[2023-11-17T10:17:09.838+0000][gc            ] GC(176) Pause Cleanup 198M->198M(512M) 0.174ms
[2023-11-17T10:17:09.838+0000][gc,cpu        ] GC(176) User=0.00s Sys=0.00s Real=0.00s
[2023-11-17T10:17:09.838+0000][gc,marking    ] GC(176) Concurrent Cleanup for Next Mark
[2023-11-17T10:17:09.840+0000][gc,marking    ] GC(176) Concurrent Cleanup for Next Mark 1.758ms
[2023-11-17T10:17:09.840+0000][gc            ] GC(176) Concurrent Cycle 88.189ms
[2023-11-17T10:18:38.252+0000][gc,start      ] GC(177) Pause Young (Prepare Mixed) (G1 Evacuation Pause)
[2023-11-17T10:18:38.252+0000][gc,task       ] GC(177) Using 2 workers of 2 for evacuation
[2023-11-17T10:18:38.265+0000][gc,phases     ] GC(177)   Pre Evacuate Collection Set: 0.0ms
[2023-11-17T10:18:38.265+0000][gc,phases     ] GC(177)   Evacuate Collection Set: 12.4ms
[2023-11-17T10:18:38.265+0000][gc,phases     ] GC(177)   Post Evacuate Collection Set: 0.4ms
[2023-11-17T10:18:38.265+0000][gc,phases     ] GC(177)   Other: 0.2ms
[2023-11-17T10:18:38.265+0000][gc,heap       ] GC(177) Eden regions: 23->0(23)
[2023-11-17T10:18:38.265+0000][gc,heap       ] GC(177) Survivor regions: 4->2(4)
[2023-11-17T10:18:38.265+0000][gc,heap       ] GC(177) Old regions: 49->51
[2023-11-17T10:18:38.265+0000][gc,heap       ] GC(177) Humongous regions: 147->147
[2023-11-17T10:18:38.265+0000][gc,metaspace  ] GC(177) Metaspace: 44518K(47256K)->44518K(47256K) NonClass: 39252K(40704K)->39252K(40704K) Class: 5266K(6552K)->5266K(6552K)
[2023-11-17T10:18:38.265+0000][gc            ] GC(177) Pause Young (Prepare Mixed) (G1 Evacuation Pause) 221M->198M(512M) 13.061ms
[2023-11-17T10:18:38.266+0000][gc,cpu        ] GC(177) User=0.03s Sys=0.00s Real=0.02s
[2023-11-17T10:20:07.912+0000][gc,start      ] GC(178) Pause Young (Mixed) (G1 Evacuation Pause)
[2023-11-17T10:20:07.912+0000][gc,task       ] GC(178) Using 2 workers of 2 for evacuation
[2023-11-17T10:20:07.928+0000][gc,phases     ] GC(178)   Pre Evacuate Collection Set: 0.0ms
[2023-11-17T10:20:07.928+0000][gc,phases     ] GC(178)   Evacuate Collection Set: 15.2ms
[2023-11-17T10:20:07.928+0000][gc,phases     ] GC(178)   Post Evacuate Collection Set: 0.4ms
[2023-11-17T10:20:07.928+0000][gc,phases     ] GC(178)   Other: 0.2ms
[2023-11-17T10:20:07.928+0000][gc,heap       ] GC(178) Eden regions: 23->0(25)
[2023-11-17T10:20:07.928+0000][gc,heap       ] GC(178) Survivor regions: 2->4(4)
[2023-11-17T10:20:07.928+0000][gc,heap       ] GC(178) Old regions: 51->50
[2023-11-17T10:20:07.928+0000][gc,heap       ] GC(178) Humongous regions: 147->147
[2023-11-17T10:20:07.928+0000][gc,metaspace  ] GC(178) Metaspace: 44523K(47256K)->44523K(47256K) NonClass: 39257K(40704K)->39257K(40704K) Class: 5266K(6552K)->5266K(6552K)
[2023-11-17T10:20:07.928+0000][gc            ] GC(178) Pause Young (Mixed) (G1 Evacuation Pause) 221M->198M(512M) 16.047ms
[2023-11-17T10:20:07.928+0000][gc,cpu        ] GC(178) User=0.03s Sys=0.00s Real=0.02s
[2023-11-17T10:21:45.732+0000][gc,start      ] GC(179) Pause Young (Concurrent Start) (G1 Evacuation Pause)
[2023-11-17T10:21:45.732+0000][gc,task       ] GC(179) Using 2 workers of 2 for evacuation
[2023-11-17T10:21:45.746+0000][gc,phases     ] GC(179)   Pre Evacuate Collection Set: 0.2ms
[2023-11-17T10:21:45.746+0000][gc,phases     ] GC(179)   Evacuate Collection Set: 13.3ms
[2023-11-17T10:21:45.746+0000][gc,phases     ] GC(179)   Post Evacuate Collection Set: 0.4ms
[2023-11-17T10:21:45.746+0000][gc,phases     ] GC(179)   Other: 0.2ms
[2023-11-17T10:21:45.746+0000][gc,heap       ] GC(179) Eden regions: 25->0(25)
[2023-11-17T10:21:45.746+0000][gc,heap       ] GC(179) Survivor regions: 4->3(4)
[2023-11-17T10:21:45.746+0000][gc,heap       ] GC(179) Old regions: 50->51
[2023-11-17T10:21:45.746+0000][gc,heap       ] GC(179) Humongous regions: 147->147
[2023-11-17T10:21:45.746+0000][gc,metaspace  ] GC(179) Metaspace: 44523K(47256K)->44523K(47256K) NonClass: 39257K(40704K)->39257K(40704K) Class: 5266K(6552K)->5266K(6552K)
[2023-11-17T10:21:45.746+0000][gc            ] GC(179) Pause Young (Concurrent Start) (G1 Evacuation Pause) 223M->199M(512M) 14.314ms
[2023-11-17T10:21:45.746+0000][gc,cpu        ] GC(179) User=0.03s Sys=0.00s Real=0.02s
[2023-11-17T10:21:45.746+0000][gc            ] GC(180) Concurrent Cycle
[2023-11-17T10:21:45.746+0000][gc,marking    ] GC(180) Concurrent Clear Claimed Marks
[2023-11-17T10:21:45.747+0000][gc,marking    ] GC(180) Concurrent Clear Claimed Marks 0.329ms
[2023-11-17T10:21:45.747+0000][gc,marking    ] GC(180) Concurrent Scan Root Regions
[2023-11-17T10:21:45.750+0000][gc,marking    ] GC(180) Concurrent Scan Root Regions 3.399ms
[2023-11-17T10:21:45.750+0000][gc,marking    ] GC(180) Concurrent Mark (11655.782s)
[2023-11-17T10:21:45.750+0000][gc,marking    ] GC(180) Concurrent Mark From Roots
[2023-11-17T10:21:45.750+0000][gc,task       ] GC(180) Using 1 workers of 1 for marking
[2023-11-17T10:21:45.798+0000][gc,marking    ] GC(180) Concurrent Mark From Roots 48.285ms
[2023-11-17T10:21:45.799+0000][gc,marking    ] GC(180) Concurrent Preclean
[2023-11-17T10:21:45.799+0000][gc,marking    ] GC(180) Concurrent Preclean 0.271ms
[2023-11-17T10:21:45.799+0000][gc,marking    ] GC(180) Concurrent Mark (11655.782s, 11655.831s) 48.647ms
[2023-11-17T10:21:45.800+0000][gc,start      ] GC(180) Pause Remark
[2023-11-17T10:21:45.817+0000][gc,stringtable] GC(180) Cleaned string and symbol table, strings: 12851 processed, 0 removed, symbols: 93086 processed, 0 removed
[2023-11-17T10:21:45.818+0000][gc            ] GC(180) Pause Remark 199M->199M(512M) 17.891ms
[2023-11-17T10:21:45.818+0000][gc,cpu        ] GC(180) User=0.04s Sys=0.00s Real=0.02s
[2023-11-17T10:21:45.818+0000][gc,marking    ] GC(180) Concurrent Rebuild Remembered Sets
[2023-11-17T10:21:45.850+0000][gc,marking    ] GC(180) Concurrent Rebuild Remembered Sets 32.527ms
[2023-11-17T10:21:45.850+0000][gc,start      ] GC(180) Pause Cleanup
[2023-11-17T10:21:45.851+0000][gc            ] GC(180) Pause Cleanup 199M->199M(512M) 0.172ms
[2023-11-17T10:21:45.851+0000][gc,cpu        ] GC(180) User=0.00s Sys=0.00s Real=0.00s
[2023-11-17T10:21:45.851+0000][gc,marking    ] GC(180) Concurrent Cleanup for Next Mark
[2023-11-17T10:21:45.853+0000][gc,marking    ] GC(180) Concurrent Cleanup for Next Mark 2.100ms
[2023-11-17T10:21:45.853+0000][gc            ] GC(180) Concurrent Cycle 106.519ms
[2023-11-17T10:23:22.443+0000][gc,start      ] GC(181) Pause Young (Prepare Mixed) (G1 Evacuation Pause)
[2023-11-17T10:23:22.443+0000][gc,task       ] GC(181) Using 2 workers of 2 for evacuation
[2023-11-17T10:23:22.457+0000][gc,phases     ] GC(181)   Pre Evacuate Collection Set: 0.0ms
[2023-11-17T10:23:22.457+0000][gc,phases     ] GC(181)   Evacuate Collection Set: 13.5ms
[2023-11-17T10:23:22.457+0000][gc,phases     ] GC(181)   Post Evacuate Collection Set: 0.4ms
[2023-11-17T10:23:22.457+0000][gc,phases     ] GC(181)   Other: 0.3ms
[2023-11-17T10:23:22.457+0000][gc,heap       ] GC(181) Eden regions: 25->0(22)
[2023-11-17T10:23:22.457+0000][gc,heap       ] GC(181) Survivor regions: 3->3(4)
[2023-11-17T10:23:22.457+0000][gc,heap       ] GC(181) Old regions: 51->54
[2023-11-17T10:23:22.457+0000][gc,heap       ] GC(181) Humongous regions: 147->147
[2023-11-17T10:23:22.457+0000][gc,metaspace  ] GC(181) Metaspace: 44523K(47256K)->44523K(47256K) NonClass: 39257K(40704K)->39257K(40704K) Class: 5266K(6552K)->5266K(6552K)
[2023-11-17T10:23:22.457+0000][gc            ] GC(181) Pause Young (Prepare Mixed) (G1 Evacuation Pause) 224M->201M(512M) 14.266ms
[2023-11-17T10:23:22.457+0000][gc,cpu        ] GC(181) User=0.03s Sys=0.00s Real=0.02s
[2023-11-17T10:24:47.876+0000][gc,start      ] GC(182) Pause Young (Mixed) (G1 Evacuation Pause)
[2023-11-17T10:24:47.876+0000][gc,task       ] GC(182) Using 2 workers of 2 for evacuation
[2023-11-17T10:24:47.891+0000][gc,phases     ] GC(182)   Pre Evacuate Collection Set: 0.0ms
[2023-11-17T10:24:47.892+0000][gc,phases     ] GC(182)   Evacuate Collection Set: 15.4ms
[2023-11-17T10:24:47.892+0000][gc,phases     ] GC(182)   Post Evacuate Collection Set: 0.4ms
[2023-11-17T10:24:47.892+0000][gc,phases     ] GC(182)   Other: 0.2ms
[2023-11-17T10:24:47.892+0000][gc,heap       ] GC(182) Eden regions: 22->0(27)
[2023-11-17T10:24:47.892+0000][gc,heap       ] GC(182) Survivor regions: 3->3(4)
[2023-11-17T10:24:47.892+0000][gc,heap       ] GC(182) Old regions: 54->51
[2023-11-17T10:24:47.892+0000][gc,heap       ] GC(182) Humongous regions: 147->147
[2023-11-17T10:24:47.892+0000][gc,metaspace  ] GC(182) Metaspace: 44523K(47256K)->44523K(47256K) NonClass: 39257K(40704K)->39257K(40704K) Class: 5266K(6552K)->5266K(6552K)
[2023-11-17T10:24:47.892+0000][gc            ] GC(182) Pause Young (Mixed) (G1 Evacuation Pause) 223M->198M(512M) 16.069ms
[2023-11-17T10:24:47.892+0000][gc,cpu        ] GC(182) User=0.03s Sys=0.00s Real=0.01s
[2023-11-17T10:26:32.227+0000][gc,start      ] GC(183) Pause Young (Concurrent Start) (G1 Evacuation Pause)
[2023-11-17T10:26:32.227+0000][gc,task       ] GC(183) Using 2 workers of 2 for evacuation
[2023-11-17T10:26:32.239+0000][gc,phases     ] GC(183)   Pre Evacuate Collection Set: 0.2ms
[2023-11-17T10:26:32.239+0000][gc,phases     ] GC(183)   Evacuate Collection Set: 11.4ms
[2023-11-17T10:26:32.239+0000][gc,phases     ] GC(183)   Post Evacuate Collection Set: 0.4ms
[2023-11-17T10:26:32.239+0000][gc,phases     ] GC(183)   Other: 0.2ms
[2023-11-17T10:26:32.239+0000][gc,heap       ] GC(183) Eden regions: 27->0(27)
[2023-11-17T10:26:32.239+0000][gc,heap       ] GC(183) Survivor regions: 3->2(4)
[2023-11-17T10:26:32.239+0000][gc,heap       ] GC(183) Old regions: 51->52
[2023-11-17T10:26:32.239+0000][gc,heap       ] GC(183) Humongous regions: 147->147
[2023-11-17T10:26:32.239+0000][gc,metaspace  ] GC(183) Metaspace: 44523K(47256K)->44523K(47256K) NonClass: 39257K(40704K)->39257K(40704K) Class: 5266K(6552K)->5266K(6552K)
[2023-11-17T10:26:32.239+0000][gc            ] GC(183) Pause Young (Concurrent Start) (G1 Evacuation Pause) 225M->198M(512M) 12.330ms
[2023-11-17T10:26:32.239+0000][gc,cpu        ] GC(183) User=0.03s Sys=0.00s Real=0.01s
[2023-11-17T10:26:32.239+0000][gc            ] GC(184) Concurrent Cycle
[2023-11-17T10:26:32.239+0000][gc,marking    ] GC(184) Concurrent Clear Claimed Marks
[2023-11-17T10:26:32.239+0000][gc,marking    ] GC(184) Concurrent Clear Claimed Marks 0.222ms
[2023-11-17T10:26:32.239+0000][gc,marking    ] GC(184) Concurrent Scan Root Regions
[2023-11-17T10:26:32.242+0000][gc,marking    ] GC(184) Concurrent Scan Root Regions 3.226ms
[2023-11-17T10:26:32.242+0000][gc,marking    ] GC(184) Concurrent Mark (11942.275s)
[2023-11-17T10:26:32.242+0000][gc,marking    ] GC(184) Concurrent Mark From Roots
[2023-11-17T10:26:32.242+0000][gc,task       ] GC(184) Using 1 workers of 1 for marking
[2023-11-17T10:26:32.277+0000][gc,marking    ] GC(184) Concurrent Mark From Roots 34.556ms
[2023-11-17T10:26:32.277+0000][gc,marking    ] GC(184) Concurrent Preclean
[2023-11-17T10:26:32.277+0000][gc,marking    ] GC(184) Concurrent Preclean 0.260ms
[2023-11-17T10:26:32.277+0000][gc,marking    ] GC(184) Concurrent Mark (11942.275s, 11942.310s) 34.914ms
[2023-11-17T10:26:32.278+0000][gc,start      ] GC(184) Pause Remark
[2023-11-17T10:26:32.294+0000][gc,stringtable] GC(184) Cleaned string and symbol table, strings: 12851 processed, 0 removed, symbols: 93086 processed, 0 removed
[2023-11-17T10:26:32.294+0000][gc            ] GC(184) Pause Remark 198M->198M(512M) 16.310ms
[2023-11-17T10:26:32.294+0000][gc,cpu        ] GC(184) User=0.03s Sys=0.00s Real=0.02s
[2023-11-17T10:26:32.294+0000][gc,marking    ] GC(184) Concurrent Rebuild Remembered Sets
[2023-11-17T10:26:32.322+0000][gc,marking    ] GC(184) Concurrent Rebuild Remembered Sets 27.680ms
[2023-11-17T10:26:32.322+0000][gc,start      ] GC(184) Pause Cleanup
[2023-11-17T10:26:32.322+0000][gc            ] GC(184) Pause Cleanup 198M->198M(512M) 0.308ms
[2023-11-17T10:26:32.322+0000][gc,cpu        ] GC(184) User=0.00s Sys=0.00s Real=0.00s
[2023-11-17T10:26:32.323+0000][gc,marking    ] GC(184) Concurrent Cleanup for Next Mark
[2023-11-17T10:26:32.324+0000][gc,marking    ] GC(184) Concurrent Cleanup for Next Mark 1.678ms
[2023-11-17T10:26:32.324+0000][gc            ] GC(184) Concurrent Cycle 85.570ms
[2023-11-17T10:28:09.394+0000][gc,start      ] GC(185) Pause Young (Prepare Mixed) (G1 Evacuation Pause)
[2023-11-17T10:28:09.394+0000][gc,task       ] GC(185) Using 2 workers of 2 for evacuation
[2023-11-17T10:28:09.409+0000][gc,phases     ] GC(185)   Pre Evacuate Collection Set: 0.0ms
[2023-11-17T10:28:09.409+0000][gc,phases     ] GC(185)   Evacuate Collection Set: 14.1ms
[2023-11-17T10:28:09.409+0000][gc,phases     ] GC(185)   Post Evacuate Collection Set: 0.4ms
[2023-11-17T10:28:09.409+0000][gc,phases     ] GC(185)   Other: 0.3ms
[2023-11-17T10:28:09.409+0000][gc,heap       ] GC(185) Eden regions: 25->0(21)
[2023-11-17T10:28:09.409+0000][gc,heap       ] GC(185) Survivor regions: 2->4(4)
[2023-11-17T10:28:09.409+0000][gc,heap       ] GC(185) Old regions: 52->52
[2023-11-17T10:28:09.409+0000][gc,heap       ] GC(185) Humongous regions: 147->147
[2023-11-17T10:28:09.409+0000][gc,metaspace  ] GC(185) Metaspace: 44523K(47256K)->44523K(47256K) NonClass: 39257K(40704K)->39257K(40704K) Class: 5266K(6552K)->5266K(6552K)
[2023-11-17T10:28:09.409+0000][gc            ] GC(185) Pause Young (Prepare Mixed) (G1 Evacuation Pause) 223M->201M(512M) 14.965ms
[2023-11-17T10:28:09.409+0000][gc,cpu        ] GC(185) User=0.03s Sys=0.00s Real=0.01s
[2023-11-17T10:29:30.805+0000][gc,start      ] GC(186) Pause Young (Mixed) (G1 Evacuation Pause)
[2023-11-17T10:29:30.805+0000][gc,task       ] GC(186) Using 2 workers of 2 for evacuation
[2023-11-17T10:29:30.816+0000][gc,phases     ] GC(186)   Pre Evacuate Collection Set: 0.1ms
[2023-11-17T10:29:30.817+0000][gc,phases     ] GC(186)   Evacuate Collection Set: 10.9ms
[2023-11-17T10:29:30.817+0000][gc,phases     ] GC(186)   Post Evacuate Collection Set: 0.4ms
[2023-11-17T10:29:30.817+0000][gc,phases     ] GC(186)   Other: 0.2ms
[2023-11-17T10:29:30.817+0000][gc,heap       ] GC(186) Eden regions: 21->0(29)
[2023-11-17T10:29:30.817+0000][gc,heap       ] GC(186) Survivor regions: 4->2(4)
[2023-11-17T10:29:30.817+0000][gc,heap       ] GC(186) Old regions: 52->49
[2023-11-17T10:29:30.817+0000][gc,heap       ] GC(186) Humongous regions: 147->147
[2023-11-17T10:29:30.817+0000][gc,metaspace  ] GC(186) Metaspace: 44523K(47256K)->44523K(47256K) NonClass: 39257K(40704K)->39257K(40704K) Class: 5266K(6552K)->5266K(6552K)
[2023-11-17T10:29:30.817+0000][gc            ] GC(186) Pause Young (Mixed) (G1 Evacuation Pause) 222M->196M(512M) 11.640ms
[2023-11-17T10:29:30.817+0000][gc,cpu        ] GC(186) User=0.02s Sys=0.00s Real=0.02s
[2023-11-17T10:31:24.288+0000][gc,start      ] GC(187) Pause Young (Concurrent Start) (G1 Evacuation Pause)
[2023-11-17T10:31:24.288+0000][gc,task       ] GC(187) Using 2 workers of 2 for evacuation
[2023-11-17T10:31:24.303+0000][gc,phases     ] GC(187)   Pre Evacuate Collection Set: 1.3ms
[2023-11-17T10:31:24.303+0000][gc,phases     ] GC(187)   Evacuate Collection Set: 12.9ms
[2023-11-17T10:31:24.303+0000][gc,phases     ] GC(187)   Post Evacuate Collection Set: 0.4ms
[2023-11-17T10:31:24.303+0000][gc,phases     ] GC(187)   Other: 0.3ms
[2023-11-17T10:31:24.303+0000][gc,heap       ] GC(187) Eden regions: 29->0(27)
[2023-11-17T10:31:24.303+0000][gc,heap       ] GC(187) Survivor regions: 2->4(4)
[2023-11-17T10:31:24.303+0000][gc,heap       ] GC(187) Old regions: 49->50
[2023-11-17T10:31:24.303+0000][gc,heap       ] GC(187) Humongous regions: 147->147
[2023-11-17T10:31:24.303+0000][gc,metaspace  ] GC(187) Metaspace: 44523K(47256K)->44523K(47256K) NonClass: 39257K(40704K)->39257K(40704K) Class: 5266K(6552K)->5266K(6552K)
[2023-11-17T10:31:24.303+0000][gc            ] GC(187) Pause Young (Concurrent Start) (G1 Evacuation Pause) 225M->199M(512M) 14.880ms
[2023-11-17T10:31:24.303+0000][gc,cpu        ] GC(187) User=0.03s Sys=0.00s Real=0.01s
[2023-11-17T10:31:24.303+0000][gc            ] GC(188) Concurrent Cycle
[2023-11-17T10:31:24.303+0000][gc,marking    ] GC(188) Concurrent Clear Claimed Marks
[2023-11-17T10:31:24.303+0000][gc,marking    ] GC(188) Concurrent Clear Claimed Marks 0.202ms
[2023-11-17T10:31:24.303+0000][gc,marking    ] GC(188) Concurrent Scan Root Regions
[2023-11-17T10:31:24.307+0000][gc,marking    ] GC(188) Concurrent Scan Root Regions 3.559ms
[2023-11-17T10:31:24.307+0000][gc,marking    ] GC(188) Concurrent Mark (12234.339s)
[2023-11-17T10:31:24.307+0000][gc,marking    ] GC(188) Concurrent Mark From Roots
[2023-11-17T10:31:24.307+0000][gc,task       ] GC(188) Using 1 workers of 1 for marking
[2023-11-17T10:31:24.346+0000][gc,marking    ] GC(188) Concurrent Mark From Roots 39.633ms
[2023-11-17T10:31:24.346+0000][gc,marking    ] GC(188) Concurrent Preclean
[2023-11-17T10:31:24.347+0000][gc,marking    ] GC(188) Concurrent Preclean 0.202ms
[2023-11-17T10:31:24.347+0000][gc,marking    ] GC(188) Concurrent Mark (12234.339s, 12234.379s) 39.890ms
[2023-11-17T10:31:24.347+0000][gc,start      ] GC(188) Pause Remark
[2023-11-17T10:31:24.371+0000][gc,stringtable] GC(188) Cleaned string and symbol table, strings: 12851 processed, 0 removed, symbols: 93086 processed, 0 removed
[2023-11-17T10:31:24.371+0000][gc,mmu        ] GC(188) MMU target violated: 21.0ms (20.0ms/21.0ms)
[2023-11-17T10:31:24.371+0000][gc            ] GC(188) Pause Remark 199M->199M(512M) 24.214ms
[2023-11-17T10:31:24.371+0000][gc,cpu        ] GC(188) User=0.05s Sys=0.01s Real=0.02s
[2023-11-17T10:31:24.371+0000][gc,marking    ] GC(188) Concurrent Rebuild Remembered Sets
[2023-11-17T10:31:24.403+0000][gc,marking    ] GC(188) Concurrent Rebuild Remembered Sets 31.490ms
[2023-11-17T10:31:24.404+0000][gc,start      ] GC(188) Pause Cleanup
[2023-11-17T10:31:24.404+0000][gc            ] GC(188) Pause Cleanup 199M->199M(512M) 0.356ms
[2023-11-17T10:31:24.404+0000][gc,cpu        ] GC(188) User=0.00s Sys=0.00s Real=0.00s
[2023-11-17T10:31:24.404+0000][gc,marking    ] GC(188) Concurrent Cleanup for Next Mark
[2023-11-17T10:31:24.406+0000][gc,marking    ] GC(188) Concurrent Cleanup for Next Mark 1.802ms
[2023-11-17T10:31:24.406+0000][gc            ] GC(188) Concurrent Cycle 102.925ms
[2023-11-17T10:33:09.290+0000][gc,start      ] GC(189) Pause Young (Prepare Mixed) (G1 Evacuation Pause)
[2023-11-17T10:33:09.290+0000][gc,task       ] GC(189) Using 2 workers of 2 for evacuation
[2023-11-17T10:33:09.306+0000][gc,phases     ] GC(189)   Pre Evacuate Collection Set: 0.0ms
[2023-11-17T10:33:09.306+0000][gc,phases     ] GC(189)   Evacuate Collection Set: 15.6ms
[2023-11-17T10:33:09.306+0000][gc,phases     ] GC(189)   Post Evacuate Collection Set: 0.4ms
[2023-11-17T10:33:09.306+0000][gc,phases     ] GC(189)   Other: 0.2ms
[2023-11-17T10:33:09.306+0000][gc,heap       ] GC(189) Eden regions: 27->0(22)
[2023-11-17T10:33:09.306+0000][gc,heap       ] GC(189) Survivor regions: 4->3(4)
[2023-11-17T10:33:09.306+0000][gc,heap       ] GC(189) Old regions: 50->52
[2023-11-17T10:33:09.306+0000][gc,heap       ] GC(189) Humongous regions: 147->147
[2023-11-17T10:33:09.306+0000][gc,metaspace  ] GC(189) Metaspace: 44523K(47256K)->44523K(47256K) NonClass: 39257K(40704K)->39257K(40704K) Class: 5266K(6552K)->5266K(6552K)
[2023-11-17T10:33:09.306+0000][gc            ] GC(189) Pause Young (Prepare Mixed) (G1 Evacuation Pause) 226M->199M(512M) 16.364ms
[2023-11-17T10:33:09.306+0000][gc,cpu        ] GC(189) User=0.03s Sys=0.00s Real=0.02s
[2023-11-17T10:34:34.566+0000][gc,start      ] GC(190) Pause Young (Mixed) (G1 Evacuation Pause)
[2023-11-17T10:34:34.566+0000][gc,task       ] GC(190) Using 2 workers of 2 for evacuation
[2023-11-17T10:34:34.575+0000][gc,phases     ] GC(190)   Pre Evacuate Collection Set: 0.0ms
[2023-11-17T10:34:34.575+0000][gc,phases     ] GC(190)   Evacuate Collection Set: 8.7ms
[2023-11-17T10:34:34.575+0000][gc,phases     ] GC(190)   Post Evacuate Collection Set: 0.3ms
[2023-11-17T10:34:34.575+0000][gc,phases     ] GC(190)   Other: 0.3ms
[2023-11-17T10:34:34.575+0000][gc,heap       ] GC(190) Eden regions: 22->0(32)
[2023-11-17T10:34:34.575+0000][gc,heap       ] GC(190) Survivor regions: 3->2(4)
[2023-11-17T10:34:34.575+0000][gc,heap       ] GC(190) Old regions: 52->50
[2023-11-17T10:34:34.575+0000][gc,heap       ] GC(190) Humongous regions: 147->147
[2023-11-17T10:34:34.575+0000][gc,metaspace  ] GC(190) Metaspace: 44536K(47256K)->44536K(47256K) NonClass: 39270K(40704K)->39270K(40704K) Class: 5266K(6552K)->5266K(6552K)
[2023-11-17T10:34:34.575+0000][gc            ] GC(190) Pause Young (Mixed) (G1 Evacuation Pause) 221M->196M(512M) 9.455ms
[2023-11-17T10:34:34.575+0000][gc,cpu        ] GC(190) User=0.02s Sys=0.00s Real=0.01s
[2023-11-17T10:36:39.993+0000][gc,start      ] GC(191) Pause Young (Normal) (G1 Evacuation Pause)
[2023-11-17T10:36:39.993+0000][gc,task       ] GC(191) Using 2 workers of 2 for evacuation
[2023-11-17T10:36:40.007+0000][gc,phases     ] GC(191)   Pre Evacuate Collection Set: 0.2ms
[2023-11-17T10:36:40.007+0000][gc,phases     ] GC(191)   Evacuate Collection Set: 13.8ms
[2023-11-17T10:36:40.007+0000][gc,phases     ] GC(191)   Post Evacuate Collection Set: 0.4ms
[2023-11-17T10:36:40.007+0000][gc,phases     ] GC(191)   Other: 0.3ms
[2023-11-17T10:36:40.007+0000][gc,heap       ] GC(191) Eden regions: 32->0(33)
[2023-11-17T10:36:40.007+0000][gc,heap       ] GC(191) Survivor regions: 2->5(5)
[2023-11-17T10:36:40.007+0000][gc,heap       ] GC(191) Old regions: 50->50
[2023-11-17T10:36:40.007+0000][gc,heap       ] GC(191) Humongous regions: 147->147
[2023-11-17T10:36:40.007+0000][gc,metaspace  ] GC(191) Metaspace: 44536K(47256K)->44536K(47256K) NonClass: 39270K(40704K)->39270K(40704K) Class: 5266K(6552K)->5266K(6552K)
[2023-11-17T10:36:40.007+0000][gc            ] GC(191) Pause Young (Normal) (G1 Evacuation Pause) 228M->199M(512M) 14.776ms
[2023-11-17T10:36:40.007+0000][gc,cpu        ] GC(191) User=0.03s Sys=0.00s Real=0.02s
[2023-11-17T10:38:48.481+0000][gc,start      ] GC(192) Pause Young (Normal) (G1 Evacuation Pause)
[2023-11-17T10:38:48.481+0000][gc,task       ] GC(192) Using 2 workers of 2 for evacuation
[2023-11-17T10:38:48.498+0000][gc,phases     ] GC(192)   Pre Evacuate Collection Set: 0.0ms
[2023-11-17T10:38:48.498+0000][gc,phases     ] GC(192)   Evacuate Collection Set: 16.2ms
[2023-11-17T10:38:48.498+0000][gc,phases     ] GC(192)   Post Evacuate Collection Set: 0.4ms
[2023-11-17T10:38:48.498+0000][gc,phases     ] GC(192)   Other: 0.3ms
[2023-11-17T10:38:48.498+0000][gc,heap       ] GC(192) Eden regions: 33->0(34)
[2023-11-17T10:38:48.498+0000][gc,heap       ] GC(192) Survivor regions: 5->4(5)
[2023-11-17T10:38:48.498+0000][gc,heap       ] GC(192) Old regions: 50->52
[2023-11-17T10:38:48.498+0000][gc,heap       ] GC(192) Humongous regions: 147->147
[2023-11-17T10:38:48.498+0000][gc,metaspace  ] GC(192) Metaspace: 44536K(47256K)->44536K(47256K) NonClass: 39270K(40704K)->39270K(40704K) Class: 5266K(6552K)->5266K(6552K)
[2023-11-17T10:38:48.498+0000][gc            ] GC(192) Pause Young (Normal) (G1 Evacuation Pause) 232M->200M(512M) 16.933ms
[2023-11-17T10:38:48.498+0000][gc,cpu        ] GC(192) User=0.03s Sys=0.00s Real=0.02s
[2023-11-17T10:41:02.214+0000][gc,start      ] GC(193) Pause Young (Concurrent Start) (G1 Evacuation Pause)
[2023-11-17T10:41:02.214+0000][gc,task       ] GC(193) Using 2 workers of 2 for evacuation
[2023-11-17T10:41:02.234+0000][gc,mmu        ] GC(193) MMU target violated: 20.1ms (20.0ms/21.0ms)
[2023-11-17T10:41:02.234+0000][gc,phases     ] GC(193)   Pre Evacuate Collection Set: 0.2ms
[2023-11-17T10:41:02.234+0000][gc,phases     ] GC(193)   Evacuate Collection Set: 19.4ms
[2023-11-17T10:41:02.234+0000][gc,phases     ] GC(193)   Post Evacuate Collection Set: 0.3ms
[2023-11-17T10:41:02.234+0000][gc,phases     ] GC(193)   Other: 0.3ms
[2023-11-17T10:41:02.234+0000][gc,heap       ] GC(193) Eden regions: 34->0(28)
[2023-11-17T10:41:02.234+0000][gc,heap       ] GC(193) Survivor regions: 4->3(5)
[2023-11-17T10:41:02.234+0000][gc,heap       ] GC(193) Old regions: 52->54
[2023-11-17T10:41:02.234+0000][gc,heap       ] GC(193) Humongous regions: 147->147
[2023-11-17T10:41:02.234+0000][gc,metaspace  ] GC(193) Metaspace: 44536K(47256K)->44536K(47256K) NonClass: 39270K(40704K)->39270K(40704K) Class: 5266K(6552K)->5266K(6552K)
[2023-11-17T10:41:02.234+0000][gc            ] GC(193) Pause Young (Concurrent Start) (G1 Evacuation Pause) 234M->201M(512M) 20.362ms
[2023-11-17T10:41:02.234+0000][gc,cpu        ] GC(193) User=0.04s Sys=0.00s Real=0.02s
[2023-11-17T10:41:02.234+0000][gc            ] GC(194) Concurrent Cycle
[2023-11-17T10:41:02.234+0000][gc,marking    ] GC(194) Concurrent Clear Claimed Marks
[2023-11-17T10:41:02.235+0000][gc,marking    ] GC(194) Concurrent Clear Claimed Marks 0.219ms
[2023-11-17T10:41:02.235+0000][gc,marking    ] GC(194) Concurrent Scan Root Regions
[2023-11-17T10:41:02.239+0000][gc,marking    ] GC(194) Concurrent Scan Root Regions 4.355ms
[2023-11-17T10:41:02.239+0000][gc,marking    ] GC(194) Concurrent Mark (12812.271s)
[2023-11-17T10:41:02.239+0000][gc,marking    ] GC(194) Concurrent Mark From Roots
[2023-11-17T10:41:02.239+0000][gc,task       ] GC(194) Using 1 workers of 1 for marking
[2023-11-17T10:41:02.296+0000][gc,marking    ] GC(194) Concurrent Mark From Roots 56.865ms
[2023-11-17T10:41:02.296+0000][gc,marking    ] GC(194) Concurrent Preclean
[2023-11-17T10:41:02.296+0000][gc,marking    ] GC(194) Concurrent Preclean 0.244ms
[2023-11-17T10:41:02.296+0000][gc,marking    ] GC(194) Concurrent Mark (12812.271s, 12812.328s) 57.174ms
[2023-11-17T10:41:02.296+0000][gc,start      ] GC(194) Pause Remark
[2023-11-17T10:41:02.315+0000][gc,stringtable] GC(194) Cleaned string and symbol table, strings: 12856 processed, 0 removed, symbols: 93086 processed, 0 removed
[2023-11-17T10:41:02.315+0000][gc            ] GC(194) Pause Remark 201M->201M(512M) 18.521ms
[2023-11-17T10:41:02.315+0000][gc,cpu        ] GC(194) User=0.03s Sys=0.00s Real=0.02s
[2023-11-17T10:41:02.315+0000][gc,marking    ] GC(194) Concurrent Rebuild Remembered Sets
[2023-11-17T10:41:02.351+0000][gc,marking    ] GC(194) Concurrent Rebuild Remembered Sets 35.854ms
[2023-11-17T10:41:02.351+0000][gc,start      ] GC(194) Pause Cleanup
[2023-11-17T10:41:02.351+0000][gc            ] GC(194) Pause Cleanup 201M->201M(512M) 0.189ms
[2023-11-17T10:41:02.351+0000][gc,cpu        ] GC(194) User=0.00s Sys=0.00s Real=0.00s
[2023-11-17T10:41:02.351+0000][gc,marking    ] GC(194) Concurrent Cleanup for Next Mark
[2023-11-17T10:41:02.353+0000][gc,marking    ] GC(194) Concurrent Cleanup for Next Mark 1.885ms
[2023-11-17T10:41:02.353+0000][gc            ] GC(194) Concurrent Cycle 118.936ms
[2023-11-17T10:42:47.900+0000][gc,start      ] GC(195) Pause Young (Prepare Mixed) (G1 Evacuation Pause)
[2023-11-17T10:42:47.900+0000][gc,task       ] GC(195) Using 2 workers of 2 for evacuation
[2023-11-17T10:42:47.919+0000][gc,phases     ] GC(195)   Pre Evacuate Collection Set: 0.0ms
[2023-11-17T10:42:47.919+0000][gc,phases     ] GC(195)   Evacuate Collection Set: 18.5ms
[2023-11-17T10:42:47.919+0000][gc,phases     ] GC(195)   Post Evacuate Collection Set: 0.4ms
[2023-11-17T10:42:47.919+0000][gc,phases     ] GC(195)   Other: 0.3ms
[2023-11-17T10:42:47.919+0000][gc,heap       ] GC(195) Eden regions: 27->0(21)
[2023-11-17T10:42:47.919+0000][gc,heap       ] GC(195) Survivor regions: 3->4(4)
[2023-11-17T10:42:47.919+0000][gc,heap       ] GC(195) Old regions: 54->56
[2023-11-17T10:42:47.919+0000][gc,heap       ] GC(195) Humongous regions: 147->147
[2023-11-17T10:42:47.919+0000][gc,metaspace  ] GC(195) Metaspace: 44536K(47256K)->44536K(47256K) NonClass: 39270K(40704K)->39270K(40704K) Class: 5266K(6552K)->5266K(6552K)
[2023-11-17T10:42:47.919+0000][gc            ] GC(195) Pause Young (Prepare Mixed) (G1 Evacuation Pause) 228M->204M(512M) 19.345ms
[2023-11-17T10:42:47.919+0000][gc,cpu        ] GC(195) User=0.04s Sys=0.00s Real=0.02s
[2023-11-17T10:44:07.549+0000][gc,start      ] GC(196) Pause Young (Mixed) (G1 Evacuation Pause)
[2023-11-17T10:44:07.549+0000][gc,task       ] GC(196) Using 2 workers of 2 for evacuation
[2023-11-17T10:44:07.563+0000][gc,phases     ] GC(196)   Pre Evacuate Collection Set: 0.0ms
[2023-11-17T10:44:07.563+0000][gc,phases     ] GC(196)   Evacuate Collection Set: 13.6ms
[2023-11-17T10:44:07.563+0000][gc,phases     ] GC(196)   Post Evacuate Collection Set: 0.7ms
[2023-11-17T10:44:07.563+0000][gc,phases     ] GC(196)   Other: 0.4ms
[2023-11-17T10:44:07.563+0000][gc,heap       ] GC(196) Eden regions: 21->0(30)
[2023-11-17T10:44:07.563+0000][gc,heap       ] GC(196) Survivor regions: 4->3(4)
[2023-11-17T10:44:07.563+0000][gc,heap       ] GC(196) Old regions: 56->51
[2023-11-17T10:44:07.563+0000][gc,heap       ] GC(196) Humongous regions: 147->147
[2023-11-17T10:44:07.563+0000][gc,metaspace  ] GC(196) Metaspace: 44537K(47256K)->44537K(47256K) NonClass: 39270K(40704K)->39270K(40704K) Class: 5266K(6552K)->5266K(6552K)
[2023-11-17T10:44:07.563+0000][gc            ] GC(196) Pause Young (Mixed) (G1 Evacuation Pause) 225M->198M(512M) 14.807ms
[2023-11-17T10:44:07.563+0000][gc,cpu        ] GC(196) User=0.03s Sys=0.00s Real=0.01s
[2023-11-17T10:45:53.234+0000][gc,start      ] GC(197) Pause Young (Normal) (G1 Evacuation Pause)
[2023-11-17T10:45:53.234+0000][gc,task       ] GC(197) Using 2 workers of 2 for evacuation
[2023-11-17T10:45:53.244+0000][gc,phases     ] GC(197)   Pre Evacuate Collection Set: 0.0ms
[2023-11-17T10:45:53.244+0000][gc,phases     ] GC(197)   Evacuate Collection Set: 8.9ms
[2023-11-17T10:45:53.244+0000][gc,phases     ] GC(197)   Post Evacuate Collection Set: 0.3ms
[2023-11-17T10:45:53.244+0000][gc,phases     ] GC(197)   Other: 0.2ms
[2023-11-17T10:45:53.244+0000][gc,heap       ] GC(197) Eden regions: 27->0(36)
[2023-11-17T10:45:53.244+0000][gc,heap       ] GC(197) Survivor regions: 3->2(4)
[2023-11-17T10:45:53.244+0000][gc,heap       ] GC(197) Old regions: 51->52
[2023-11-17T10:45:53.244+0000][gc,heap       ] GC(197) Humongous regions: 147->147
[2023-11-17T10:45:53.244+0000][gc,metaspace  ] GC(197) Metaspace: 44537K(47256K)->44537K(47256K) NonClass: 39271K(40704K)->39271K(40704K) Class: 5266K(6552K)->5266K(6552K)
[2023-11-17T10:45:53.244+0000][gc            ] GC(197) Pause Young (Normal) (G1 Evacuation Pause) 225M->198M(512M) 9.533ms
[2023-11-17T10:45:53.244+0000][gc,cpu        ] GC(197) User=0.02s Sys=0.00s Real=0.00s
[2023-11-17T10:48:14.540+0000][gc,start      ] GC(198) Pause Young (Normal) (G1 Evacuation Pause)
[2023-11-17T10:48:14.540+0000][gc,task       ] GC(198) Using 2 workers of 2 for evacuation
[2023-11-17T10:48:14.556+0000][gc,phases     ] GC(198)   Pre Evacuate Collection Set: 0.0ms
[2023-11-17T10:48:14.556+0000][gc,phases     ] GC(198)   Evacuate Collection Set: 15.4ms
[2023-11-17T10:48:14.556+0000][gc,phases     ] GC(198)   Post Evacuate Collection Set: 0.4ms
[2023-11-17T10:48:14.556+0000][gc,phases     ] GC(198)   Other: 0.2ms
[2023-11-17T10:48:14.556+0000][gc,heap       ] GC(198) Eden regions: 36->0(35)
[2023-11-17T10:48:14.556+0000][gc,heap       ] GC(198) Survivor regions: 2->5(5)
[2023-11-17T10:48:14.556+0000][gc,heap       ] GC(198) Old regions: 52->52
[2023-11-17T10:48:14.556+0000][gc,heap       ] GC(198) Humongous regions: 147->147
[2023-11-17T10:48:14.556+0000][gc,metaspace  ] GC(198) Metaspace: 44537K(47256K)->44537K(47256K) NonClass: 39271K(40704K)->39271K(40704K) Class: 5266K(6552K)->5266K(6552K)
[2023-11-17T10:48:14.556+0000][gc            ] GC(198) Pause Young (Normal) (G1 Evacuation Pause) 234M->202M(512M) 16.150ms
[2023-11-17T10:48:14.556+0000][gc,cpu        ] GC(198) User=0.03s Sys=0.00s Real=0.02s
[2023-11-17T10:50:31.213+0000][gc,start      ] GC(199) Pause Young (Concurrent Start) (G1 Evacuation Pause)
[2023-11-17T10:50:31.213+0000][gc,task       ] GC(199) Using 2 workers of 2 for evacuation
[2023-11-17T10:50:31.229+0000][gc,phases     ] GC(199)   Pre Evacuate Collection Set: 0.3ms
[2023-11-17T10:50:31.229+0000][gc,phases     ] GC(199)   Evacuate Collection Set: 15.5ms
[2023-11-17T10:50:31.230+0000][gc,phases     ] GC(199)   Post Evacuate Collection Set: 0.4ms
[2023-11-17T10:50:31.230+0000][gc,phases     ] GC(199)   Other: 0.3ms
[2023-11-17T10:50:31.230+0000][gc,heap       ] GC(199) Eden regions: 35->0(33)
[2023-11-17T10:50:31.230+0000][gc,heap       ] GC(199) Survivor regions: 5->4(5)
[2023-11-17T10:50:31.230+0000][gc,heap       ] GC(199) Old regions: 52->55
[2023-11-17T10:50:31.230+0000][gc,heap       ] GC(199) Humongous regions: 147->147
[2023-11-17T10:50:31.230+0000][gc,metaspace  ] GC(199) Metaspace: 44539K(47256K)->44539K(47256K) NonClass: 39273K(40704K)->39273K(40704K) Class: 5266K(6552K)->5266K(6552K)
[2023-11-17T10:50:31.230+0000][gc            ] GC(199) Pause Young (Concurrent Start) (G1 Evacuation Pause) 237M->203M(512M) 16.453ms
[2023-11-17T10:50:31.230+0000][gc,cpu        ] GC(199) User=0.03s Sys=0.00s Real=0.02s
[2023-11-17T10:50:31.230+0000][gc            ] GC(200) Concurrent Cycle
[2023-11-17T10:50:31.230+0000][gc,marking    ] GC(200) Concurrent Clear Claimed Marks
[2023-11-17T10:50:31.230+0000][gc,marking    ] GC(200) Concurrent Clear Claimed Marks 0.207ms
[2023-11-17T10:50:31.230+0000][gc,marking    ] GC(200) Concurrent Scan Root Regions
[2023-11-17T10:50:31.234+0000][gc,marking    ] GC(200) Concurrent Scan Root Regions 4.640ms
[2023-11-17T10:50:31.235+0000][gc,marking    ] GC(200) Concurrent Mark (13381.267s)
[2023-11-17T10:50:31.235+0000][gc,marking    ] GC(200) Concurrent Mark From Roots
[2023-11-17T10:50:31.235+0000][gc,task       ] GC(200) Using 1 workers of 1 for marking
[2023-11-17T10:50:31.273+0000][gc,marking    ] GC(200) Concurrent Mark From Roots 38.477ms
[2023-11-17T10:50:31.273+0000][gc,marking    ] GC(200) Concurrent Preclean
[2023-11-17T10:50:31.274+0000][gc,marking    ] GC(200) Concurrent Preclean 0.418ms
[2023-11-17T10:50:31.274+0000][gc,marking    ] GC(200) Concurrent Mark (13381.267s, 13381.306s) 39.013ms
[2023-11-17T10:50:31.274+0000][gc,start      ] GC(200) Pause Remark
[2023-11-17T10:50:31.289+0000][gc,stringtable] GC(200) Cleaned string and symbol table, strings: 12865 processed, 0 removed, symbols: 93086 processed, 0 removed
[2023-11-17T10:50:31.290+0000][gc            ] GC(200) Pause Remark 204M->204M(512M) 15.593ms
[2023-11-17T10:50:31.290+0000][gc,cpu        ] GC(200) User=0.03s Sys=0.01s Real=0.01s
[2023-11-17T10:50:31.290+0000][gc,marking    ] GC(200) Concurrent Rebuild Remembered Sets
[2023-11-17T10:50:31.312+0000][gc,marking    ] GC(200) Concurrent Rebuild Remembered Sets 21.952ms
[2023-11-17T10:50:31.312+0000][gc,start      ] GC(200) Pause Cleanup
[2023-11-17T10:50:31.312+0000][gc            ] GC(200) Pause Cleanup 204M->204M(512M) 0.181ms
[2023-11-17T10:50:31.312+0000][gc,cpu        ] GC(200) User=0.00s Sys=0.00s Real=0.00s
[2023-11-17T10:50:31.312+0000][gc,marking    ] GC(200) Concurrent Cleanup for Next Mark
[2023-11-17T10:50:31.314+0000][gc,marking    ] GC(200) Concurrent Cleanup for Next Mark 1.443ms
[2023-11-17T10:50:31.314+0000][gc            ] GC(200) Concurrent Cycle 84.184ms
[2023-11-17T10:52:36.639+0000][gc,start      ] GC(201) Pause Young (Prepare Mixed) (G1 Evacuation Pause)
[2023-11-17T10:52:36.639+0000][gc,task       ] GC(201) Using 2 workers of 2 for evacuation
[2023-11-17T10:52:36.654+0000][gc,phases     ] GC(201)   Pre Evacuate Collection Set: 0.1ms
[2023-11-17T10:52:36.654+0000][gc,phases     ] GC(201)   Evacuate Collection Set: 14.1ms
[2023-11-17T10:52:36.654+0000][gc,phases     ] GC(201)   Post Evacuate Collection Set: 0.4ms
[2023-11-17T10:52:36.654+0000][gc,phases     ] GC(201)   Other: 0.3ms
[2023-11-17T10:52:36.654+0000][gc,heap       ] GC(201) Eden regions: 32->0(22)
[2023-11-17T10:52:36.654+0000][gc,heap       ] GC(201) Survivor regions: 4->3(5)
[2023-11-17T10:52:36.654+0000][gc,heap       ] GC(201) Old regions: 55->56
[2023-11-17T10:52:36.654+0000][gc,heap       ] GC(201) Humongous regions: 147->147
[2023-11-17T10:52:36.654+0000][gc,metaspace  ] GC(201) Metaspace: 44539K(47256K)->44539K(47256K) NonClass: 39273K(40704K)->39273K(40704K) Class: 5266K(6552K)->5266K(6552K)
[2023-11-17T10:52:36.654+0000][gc            ] GC(201) Pause Young (Prepare Mixed) (G1 Evacuation Pause) 235M->204M(512M) 14.884ms
[2023-11-17T10:52:36.654+0000][gc,cpu        ] GC(201) User=0.03s Sys=0.00s Real=0.02s
[2023-11-17T10:54:02.101+0000][gc,start      ] GC(202) Pause Young (Mixed) (G1 Evacuation Pause)
[2023-11-17T10:54:02.101+0000][gc,task       ] GC(202) Using 2 workers of 2 for evacuation
[2023-11-17T10:54:02.122+0000][gc,mmu        ] GC(202) MMU target violated: 20.8ms (20.0ms/21.0ms)
[2023-11-17T10:54:02.122+0000][gc,phases     ] GC(202)   Pre Evacuate Collection Set: 0.0ms
[2023-11-17T10:54:02.122+0000][gc,phases     ] GC(202)   Evacuate Collection Set: 20.1ms
[2023-11-17T10:54:02.122+0000][gc,phases     ] GC(202)   Post Evacuate Collection Set: 0.4ms
[2023-11-17T10:54:02.122+0000][gc,phases     ] GC(202)   Other: 0.4ms
[2023-11-17T10:54:02.122+0000][gc,heap       ] GC(202) Eden regions: 22->0(36)
[2023-11-17T10:54:02.122+0000][gc,heap       ] GC(202) Survivor regions: 3->3(4)
[2023-11-17T10:54:02.122+0000][gc,heap       ] GC(202) Old regions: 56->51
[2023-11-17T10:54:02.122+0000][gc,heap       ] GC(202) Humongous regions: 147->147
[2023-11-17T10:54:02.122+0000][gc,metaspace  ] GC(202) Metaspace: 44539K(47256K)->44539K(47256K) NonClass: 39273K(40704K)->39273K(40704K) Class: 5266K(6552K)->5266K(6552K)
[2023-11-17T10:54:02.122+0000][gc            ] GC(202) Pause Young (Mixed) (G1 Evacuation Pause) 226M->199M(512M) 21.168ms
[2023-11-17T10:54:02.122+0000][gc,cpu        ] GC(202) User=0.04s Sys=0.00s Real=0.02s
[2023-11-17T10:56:22.841+0000][gc,start      ] GC(203) Pause Young (Normal) (G1 Evacuation Pause)
[2023-11-17T10:56:22.841+0000][gc,task       ] GC(203) Using 2 workers of 2 for evacuation
[2023-11-17T10:56:22.873+0000][gc,mmu        ] GC(203) MMU target violated: 21.0ms (20.0ms/21.0ms)
[2023-11-17T10:56:22.873+0000][gc,phases     ] GC(203)   Pre Evacuate Collection Set: 0.0ms
[2023-11-17T10:56:22.873+0000][gc,phases     ] GC(203)   Evacuate Collection Set: 26.7ms
[2023-11-17T10:56:22.873+0000][gc,phases     ] GC(203)   Post Evacuate Collection Set: 5.2ms
[2023-11-17T10:56:22.873+0000][gc,phases     ] GC(203)   Other: 0.4ms
[2023-11-17T10:56:22.874+0000][gc,heap       ] GC(203) Eden regions: 36->0(20)
[2023-11-17T10:56:22.874+0000][gc,heap       ] GC(203) Survivor regions: 3->5(5)
[2023-11-17T10:56:22.874+0000][gc,heap       ] GC(203) Old regions: 51->51
[2023-11-17T10:56:22.874+0000][gc,heap       ] GC(203) Humongous regions: 147->147
[2023-11-17T10:56:22.874+0000][gc,metaspace  ] GC(203) Metaspace: 44540K(47256K)->44540K(47256K) NonClass: 39274K(40704K)->39274K(40704K) Class: 5266K(6552K)->5266K(6552K)
[2023-11-17T10:56:22.874+0000][gc            ] GC(203) Pause Young (Normal) (G1 Evacuation Pause) 235M->201M(512M) 32.588ms
[2023-11-17T10:56:22.874+0000][gc,cpu        ] GC(203) User=0.05s Sys=0.00s Real=0.04s
[2023-11-17T10:57:39.752+0000][gc,start      ] GC(204) Pause Young (Normal) (G1 Evacuation Pause)
[2023-11-17T10:57:39.753+0000][gc,task       ] GC(204) Using 2 workers of 2 for evacuation
[2023-11-17T10:57:39.786+0000][gc,mmu        ] GC(204) MMU target violated: 21.0ms (20.0ms/21.0ms)
[2023-11-17T10:57:39.786+0000][gc,phases     ] GC(204)   Pre Evacuate Collection Set: 0.0ms
[2023-11-17T10:57:39.786+0000][gc,phases     ] GC(204)   Evacuate Collection Set: 28.3ms
[2023-11-17T10:57:39.786+0000][gc,phases     ] GC(204)   Post Evacuate Collection Set: 3.9ms
[2023-11-17T10:57:39.786+0000][gc,phases     ] GC(204)   Other: 1.0ms
[2023-11-17T10:57:39.786+0000][gc,heap       ] GC(204) Eden regions: 20->0(23)
[2023-11-17T10:57:39.786+0000][gc,heap       ] GC(204) Survivor regions: 5->2(4)
[2023-11-17T10:57:39.786+0000][gc,heap       ] GC(204) Old regions: 51->54
[2023-11-17T10:57:39.786+0000][gc,heap       ] GC(204) Humongous regions: 147->147
[2023-11-17T10:57:39.786+0000][gc,metaspace  ] GC(204) Metaspace: 44540K(47256K)->44540K(47256K) NonClass: 39274K(40704K)->39274K(40704K) Class: 5266K(6552K)->5266K(6552K)
[2023-11-17T10:57:39.786+0000][gc            ] GC(204) Pause Young (Normal) (G1 Evacuation Pause) 221M->201M(512M) 33.168ms
[2023-11-17T10:57:39.786+0000][gc,cpu        ] GC(204) User=0.06s Sys=0.01s Real=0.04s
[2023-11-17T10:59:08.488+0000][gc,start      ] GC(205) Pause Young (Normal) (G1 Evacuation Pause)
[2023-11-17T10:59:08.488+0000][gc,task       ] GC(205) Using 2 workers of 2 for evacuation
[2023-11-17T10:59:08.502+0000][gc,phases     ] GC(205)   Pre Evacuate Collection Set: 0.0ms
[2023-11-17T10:59:08.502+0000][gc,phases     ] GC(205)   Evacuate Collection Set: 13.0ms
[2023-11-17T10:59:08.502+0000][gc,phases     ] GC(205)   Post Evacuate Collection Set: 0.9ms
[2023-11-17T10:59:08.502+0000][gc,phases     ] GC(205)   Other: 0.4ms
[2023-11-17T10:59:08.502+0000][gc,heap       ] GC(205) Eden regions: 23->0(21)
[2023-11-17T10:59:08.502+0000][gc,heap       ] GC(205) Survivor regions: 2->4(4)
[2023-11-17T10:59:08.502+0000][gc,heap       ] GC(205) Old regions: 54->54
[2023-11-17T10:59:08.502+0000][gc,heap       ] GC(205) Humongous regions: 147->147
[2023-11-17T10:59:08.502+0000][gc,metaspace  ] GC(205) Metaspace: 44540K(47256K)->44540K(47256K) NonClass: 39274K(40704K)->39274K(40704K) Class: 5266K(6552K)->5266K(6552K)
[2023-11-17T10:59:08.502+0000][gc            ] GC(205) Pause Young (Normal) (G1 Evacuation Pause) 224M->203M(512M) 14.383ms
[2023-11-17T10:59:08.502+0000][gc,cpu        ] GC(205) User=0.02s Sys=0.00s Real=0.01s
[2023-11-17T11:00:29.783+0000][gc,start      ] GC(206) Pause Young (Normal) (G1 Evacuation Pause)
[2023-11-17T11:00:29.783+0000][gc,task       ] GC(206) Using 2 workers of 2 for evacuation
[2023-11-17T11:00:29.794+0000][gc,phases     ] GC(206)   Pre Evacuate Collection Set: 0.0ms
[2023-11-17T11:00:29.794+0000][gc,phases     ] GC(206)   Evacuate Collection Set: 9.2ms
[2023-11-17T11:00:29.794+0000][gc,phases     ] GC(206)   Post Evacuate Collection Set: 1.3ms
[2023-11-17T11:00:29.794+0000][gc,phases     ] GC(206)   Other: 0.2ms
[2023-11-17T11:00:29.794+0000][gc,heap       ] GC(206) Eden regions: 21->0(23)
[2023-11-17T11:00:29.794+0000][gc,heap       ] GC(206) Survivor regions: 4->2(4)
[2023-11-17T11:00:29.794+0000][gc,heap       ] GC(206) Old regions: 54->56
[2023-11-17T11:00:29.794+0000][gc,heap       ] GC(206) Humongous regions: 147->147
[2023-11-17T11:00:29.794+0000][gc,metaspace  ] GC(206) Metaspace: 44541K(47256K)->44541K(47256K) NonClass: 39275K(40704K)->39275K(40704K) Class: 5266K(6552K)->5266K(6552K)
[2023-11-17T11:00:29.794+0000][gc            ] GC(206) Pause Young (Normal) (G1 Evacuation Pause) 224M->203M(512M) 10.905ms
[2023-11-17T11:00:29.794+0000][gc,cpu        ] GC(206) User=0.01s Sys=0.00s Real=0.02s
[2023-11-17T11:01:59.445+0000][gc,start      ] GC(207) Pause Young (Normal) (G1 Evacuation Pause)
[2023-11-17T11:01:59.445+0000][gc,task       ] GC(207) Using 2 workers of 2 for evacuation
[2023-11-17T11:01:59.457+0000][gc,phases     ] GC(207)   Pre Evacuate Collection Set: 0.0ms
[2023-11-17T11:01:59.457+0000][gc,phases     ] GC(207)   Evacuate Collection Set: 11.8ms
[2023-11-17T11:01:59.457+0000][gc,phases     ] GC(207)   Post Evacuate Collection Set: 0.3ms
[2023-11-17T11:01:59.457+0000][gc,phases     ] GC(207)   Other: 0.3ms
[2023-11-17T11:01:59.457+0000][gc,heap       ] GC(207) Eden regions: 23->0(22)
[2023-11-17T11:01:59.457+0000][gc,heap       ] GC(207) Survivor regions: 2->4(4)
[2023-11-17T11:01:59.457+0000][gc,heap       ] GC(207) Old regions: 56->56
[2023-11-17T11:01:59.457+0000][gc,heap       ] GC(207) Humongous regions: 147->147
[2023-11-17T11:01:59.457+0000][gc,metaspace  ] GC(207) Metaspace: 44541K(47256K)->44541K(47256K) NonClass: 39275K(40704K)->39275K(40704K) Class: 5266K(6552K)->5266K(6552K)
[2023-11-17T11:01:59.458+0000][gc            ] GC(207) Pause Young (Normal) (G1 Evacuation Pause) 226M->205M(512M) 12.433ms
[2023-11-17T11:01:59.458+0000][gc,cpu        ] GC(207) User=0.03s Sys=0.00s Real=0.02s
[2023-11-17T11:03:23.592+0000][gc,start      ] GC(208) Pause Young (Normal) (G1 Evacuation Pause)
[2023-11-17T11:03:23.592+0000][gc,task       ] GC(208) Using 2 workers of 2 for evacuation
[2023-11-17T11:03:23.603+0000][gc,phases     ] GC(208)   Pre Evacuate Collection Set: 0.0ms
[2023-11-17T11:03:23.603+0000][gc,phases     ] GC(208)   Evacuate Collection Set: 10.1ms
[2023-11-17T11:03:23.603+0000][gc,phases     ] GC(208)   Post Evacuate Collection Set: 0.4ms
[2023-11-17T11:03:23.603+0000][gc,phases     ] GC(208)   Other: 0.2ms
[2023-11-17T11:03:23.603+0000][gc,heap       ] GC(208) Eden regions: 22->0(26)
[2023-11-17T11:03:23.603+0000][gc,heap       ] GC(208) Survivor regions: 4->3(4)
[2023-11-17T11:03:23.603+0000][gc,heap       ] GC(208) Old regions: 56->58
[2023-11-17T11:03:23.603+0000][gc,heap       ] GC(208) Humongous regions: 147->147
[2023-11-17T11:03:23.603+0000][gc,metaspace  ] GC(208) Metaspace: 44541K(47256K)->44541K(47256K) NonClass: 39275K(40704K)->39275K(40704K) Class: 5266K(6552K)->5266K(6552K)
[2023-11-17T11:03:23.603+0000][gc            ] GC(208) Pause Young (Normal) (G1 Evacuation Pause) 227M->205M(512M) 10.817ms
[2023-11-17T11:03:23.603+0000][gc,cpu        ] GC(208) User=0.02s Sys=0.00s Real=0.01s
[2023-11-17T11:05:05.791+0000][gc,start      ] GC(209) Pause Young (Normal) (G1 Evacuation Pause)
[2023-11-17T11:05:05.791+0000][gc,task       ] GC(209) Using 2 workers of 2 for evacuation
[2023-11-17T11:05:05.821+0000][gc,mmu        ] GC(209) MMU target violated: 21.0ms (20.0ms/21.0ms)
[2023-11-17T11:05:05.821+0000][gc,phases     ] GC(209)   Pre Evacuate Collection Set: 0.0ms
[2023-11-17T11:05:05.821+0000][gc,phases     ] GC(209)   Evacuate Collection Set: 22.5ms
[2023-11-17T11:05:05.821+0000][gc,phases     ] GC(209)   Post Evacuate Collection Set: 5.2ms
[2023-11-17T11:05:05.821+0000][gc,phases     ] GC(209)   Other: 2.0ms
[2023-11-17T11:05:05.821+0000][gc,heap       ] GC(209) Eden regions: 26->0(21)
[2023-11-17T11:05:05.821+0000][gc,heap       ] GC(209) Survivor regions: 3->4(4)
[2023-11-17T11:05:05.821+0000][gc,heap       ] GC(209) Old regions: 58->59
[2023-11-17T11:05:05.821+0000][gc,heap       ] GC(209) Humongous regions: 147->147
[2023-11-17T11:05:05.821+0000][gc,metaspace  ] GC(209) Metaspace: 44542K(47256K)->44542K(47256K) NonClass: 39276K(40704K)->39276K(40704K) Class: 5266K(6552K)->5266K(6552K)
[2023-11-17T11:05:05.821+0000][gc            ] GC(209) Pause Young (Normal) (G1 Evacuation Pause) 231M->208M(512M) 29.770ms
[2023-11-17T11:05:05.821+0000][gc,cpu        ] GC(209) User=0.04s Sys=0.00s Real=0.03s
[2023-11-17T11:06:26.220+0000][gc,start      ] GC(210) Pause Young (Normal) (G1 Evacuation Pause)
[2023-11-17T11:06:26.220+0000][gc,task       ] GC(210) Using 2 workers of 2 for evacuation
[2023-11-17T11:06:26.232+0000][gc,phases     ] GC(210)   Pre Evacuate Collection Set: 0.0ms
[2023-11-17T11:06:26.232+0000][gc,phases     ] GC(210)   Evacuate Collection Set: 11.4ms
[2023-11-17T11:06:26.232+0000][gc,phases     ] GC(210)   Post Evacuate Collection Set: 0.3ms
[2023-11-17T11:06:26.232+0000][gc,phases     ] GC(210)   Other: 0.3ms
[2023-11-17T11:06:26.232+0000][gc,heap       ] GC(210) Eden regions: 21->0(23)
[2023-11-17T11:06:26.232+0000][gc,heap       ] GC(210) Survivor regions: 4->3(4)
[2023-11-17T11:06:26.232+0000][gc,heap       ] GC(210) Old regions: 59->61
[2023-11-17T11:06:26.232+0000][gc,heap       ] GC(210) Humongous regions: 147->147
[2023-11-17T11:06:26.232+0000][gc,metaspace  ] GC(210) Metaspace: 44542K(47256K)->44542K(47256K) NonClass: 39276K(40704K)->39276K(40704K) Class: 5266K(6552K)->5266K(6552K)
[2023-11-17T11:06:26.232+0000][gc            ] GC(210) Pause Young (Normal) (G1 Evacuation Pause) 229M->208M(512M) 12.113ms
[2023-11-17T11:06:26.232+0000][gc,cpu        ] GC(210) User=0.02s Sys=0.00s Real=0.01s
[2023-11-17T11:07:39.824+0000][gc,start      ] GC(211) Pause Young (Normal) (G1 Evacuation Pause)
[2023-11-17T11:07:39.824+0000][gc,task       ] GC(211) Using 2 workers of 2 for evacuation
[2023-11-17T11:07:39.844+0000][gc,phases     ] GC(211)   Pre Evacuate Collection Set: 0.0ms
[2023-11-17T11:07:39.844+0000][gc,phases     ] GC(211)   Evacuate Collection Set: 18.9ms
[2023-11-17T11:07:39.844+0000][gc,phases     ] GC(211)   Post Evacuate Collection Set: 0.4ms
[2023-11-17T11:07:39.844+0000][gc,phases     ] GC(211)   Other: 0.2ms
[2023-11-17T11:07:39.844+0000][gc,heap       ] GC(211) Eden regions: 23->0(21)
[2023-11-17T11:07:39.844+0000][gc,heap       ] GC(211) Survivor regions: 3->4(4)
[2023-11-17T11:07:39.844+0000][gc,heap       ] GC(211) Old regions: 61->64
[2023-11-17T11:07:39.844+0000][gc,heap       ] GC(211) Humongous regions: 147->147
[2023-11-17T11:07:39.844+0000][gc,metaspace  ] GC(211) Metaspace: 44542K(47256K)->44542K(47256K) NonClass: 39276K(40704K)->39276K(40704K) Class: 5266K(6552K)->5266K(6552K)
[2023-11-17T11:07:39.844+0000][gc            ] GC(211) Pause Young (Normal) (G1 Evacuation Pause) 231M->213M(512M) 19.556ms
[2023-11-17T11:07:39.844+0000][gc,cpu        ] GC(211) User=0.04s Sys=0.00s Real=0.02s
[2023-11-17T11:08:56.220+0000][gc,start      ] GC(212) Pause Young (Normal) (G1 Evacuation Pause)
[2023-11-17T11:08:56.220+0000][gc,task       ] GC(212) Using 2 workers of 2 for evacuation
[2023-11-17T11:08:56.235+0000][gc,phases     ] GC(212)   Pre Evacuate Collection Set: 0.0ms
[2023-11-17T11:08:56.235+0000][gc,phases     ] GC(212)   Evacuate Collection Set: 14.4ms
[2023-11-17T11:08:56.235+0000][gc,phases     ] GC(212)   Post Evacuate Collection Set: 0.5ms
[2023-11-17T11:08:56.235+0000][gc,phases     ] GC(212)   Other: 0.3ms
[2023-11-17T11:08:56.235+0000][gc,heap       ] GC(212) Eden regions: 21->0(22)
[2023-11-17T11:08:56.235+0000][gc,heap       ] GC(212) Survivor regions: 4->3(4)
[2023-11-17T11:08:56.235+0000][gc,heap       ] GC(212) Old regions: 64->67
[2023-11-17T11:08:56.235+0000][gc,heap       ] GC(212) Humongous regions: 147->147
[2023-11-17T11:08:56.235+0000][gc,metaspace  ] GC(212) Metaspace: 44544K(47256K)->44544K(47256K) NonClass: 39278K(40704K)->39278K(40704K) Class: 5266K(6552K)->5266K(6552K)
[2023-11-17T11:08:56.235+0000][gc            ] GC(212) Pause Young (Normal) (G1 Evacuation Pause) 234M->215M(512M) 15.387ms
[2023-11-17T11:08:56.235+0000][gc,cpu        ] GC(212) User=0.03s Sys=0.00s Real=0.02s
[2023-11-17T11:10:21.418+0000][gc,start      ] GC(213) Pause Young (Normal) (G1 Evacuation Pause)
[2023-11-17T11:10:21.418+0000][gc,task       ] GC(213) Using 2 workers of 2 for evacuation
[2023-11-17T11:10:21.432+0000][gc,phases     ] GC(213)   Pre Evacuate Collection Set: 0.0ms
[2023-11-17T11:10:21.432+0000][gc,phases     ] GC(213)   Evacuate Collection Set: 13.2ms
[2023-11-17T11:10:21.432+0000][gc,phases     ] GC(213)   Post Evacuate Collection Set: 0.4ms
[2023-11-17T11:10:21.432+0000][gc,phases     ] GC(213)   Other: 0.5ms
[2023-11-17T11:10:21.432+0000][gc,heap       ] GC(213) Eden regions: 22->0(22)
[2023-11-17T11:10:21.432+0000][gc,heap       ] GC(213) Survivor regions: 3->3(4)
[2023-11-17T11:10:21.433+0000][gc,heap       ] GC(213) Old regions: 67->70
[2023-11-17T11:10:21.433+0000][gc,heap       ] GC(213) Humongous regions: 147->147
[2023-11-17T11:10:21.433+0000][gc,metaspace  ] GC(213) Metaspace: 44546K(47256K)->44546K(47256K) NonClass: 39279K(40704K)->39279K(40704K) Class: 5266K(6552K)->5266K(6552K)
[2023-11-17T11:10:21.433+0000][gc            ] GC(213) Pause Young (Normal) (G1 Evacuation Pause) 237M->218M(512M) 14.177ms
[2023-11-17T11:10:21.433+0000][gc,cpu        ] GC(213) User=0.02s Sys=0.00s Real=0.01s
[2023-11-17T11:11:46.825+0000][gc,start      ] GC(214) Pause Young (Normal) (G1 Evacuation Pause)
[2023-11-17T11:11:46.826+0000][gc,task       ] GC(214) Using 2 workers of 2 for evacuation
[2023-11-17T11:11:46.837+0000][gc,phases     ] GC(214)   Pre Evacuate Collection Set: 0.0ms
[2023-11-17T11:11:46.837+0000][gc,phases     ] GC(214)   Evacuate Collection Set: 11.1ms
[2023-11-17T11:11:46.837+0000][gc,phases     ] GC(214)   Post Evacuate Collection Set: 0.3ms
[2023-11-17T11:11:46.837+0000][gc,phases     ] GC(214)   Other: 0.2ms
[2023-11-17T11:11:46.837+0000][gc,heap       ] GC(214) Eden regions: 22->0(25)
[2023-11-17T11:11:46.837+0000][gc,heap       ] GC(214) Survivor regions: 3->3(4)
[2023-11-17T11:11:46.837+0000][gc,heap       ] GC(214) Old regions: 70->71
[2023-11-17T11:11:46.837+0000][gc,heap       ] GC(214) Humongous regions: 147->147
[2023-11-17T11:11:46.837+0000][gc,metaspace  ] GC(214) Metaspace: 44546K(47256K)->44546K(47256K) NonClass: 39279K(40704K)->39279K(40704K) Class: 5266K(6552K)->5266K(6552K)
[2023-11-17T11:11:46.837+0000][gc            ] GC(214) Pause Young (Normal) (G1 Evacuation Pause) 240M->218M(512M) 11.762ms
[2023-11-17T11:11:46.837+0000][gc,cpu        ] GC(214) User=0.02s Sys=0.00s Real=0.01s
[2023-11-17T11:13:23.596+0000][gc,start      ] GC(215) Pause Young (Normal) (G1 Evacuation Pause)
[2023-11-17T11:13:23.596+0000][gc,task       ] GC(215) Using 2 workers of 2 for evacuation
[2023-11-17T11:13:23.609+0000][gc,phases     ] GC(215)   Pre Evacuate Collection Set: 0.0ms
[2023-11-17T11:13:23.609+0000][gc,phases     ] GC(215)   Evacuate Collection Set: 13.0ms
[2023-11-17T11:13:23.609+0000][gc,phases     ] GC(215)   Post Evacuate Collection Set: 0.3ms
[2023-11-17T11:13:23.609+0000][gc,phases     ] GC(215)   Other: 0.2ms
[2023-11-17T11:13:23.609+0000][gc,heap       ] GC(215) Eden regions: 25->0(26)
[2023-11-17T11:13:23.609+0000][gc,heap       ] GC(215) Survivor regions: 3->3(4)
[2023-11-17T11:13:23.609+0000][gc,heap       ] GC(215) Old regions: 71->74
[2023-11-17T11:13:23.609+0000][gc,heap       ] GC(215) Humongous regions: 147->147
[2023-11-17T11:13:23.609+0000][gc,metaspace  ] GC(215) Metaspace: 44547K(47256K)->44547K(47256K) NonClass: 39281K(40704K)->39281K(40704K) Class: 5266K(6552K)->5266K(6552K)
[2023-11-17T11:13:23.609+0000][gc            ] GC(215) Pause Young (Normal) (G1 Evacuation Pause) 243M->221M(512M) 13.629ms
[2023-11-17T11:13:23.609+0000][gc,cpu        ] GC(215) User=0.03s Sys=0.00s Real=0.01s
[2023-11-17T11:14:52.766+0000][gc,start      ] GC(216) Pause Young (Normal) (G1 Evacuation Pause)
[2023-11-17T11:14:52.766+0000][gc,task       ] GC(216) Using 2 workers of 2 for evacuation
[2023-11-17T11:14:52.793+0000][gc,mmu        ] GC(216) MMU target violated: 21.0ms (20.0ms/21.0ms)
[2023-11-17T11:14:52.793+0000][gc,phases     ] GC(216)   Pre Evacuate Collection Set: 0.0ms
[2023-11-17T11:14:52.793+0000][gc,phases     ] GC(216)   Evacuate Collection Set: 25.6ms
[2023-11-17T11:14:52.793+0000][gc,phases     ] GC(216)   Post Evacuate Collection Set: 0.3ms
[2023-11-17T11:14:52.793+0000][gc,phases     ] GC(216)   Other: 0.3ms
[2023-11-17T11:14:52.793+0000][gc,heap       ] GC(216) Eden regions: 23->0(22)
[2023-11-17T11:14:52.793+0000][gc,heap       ] GC(216) Survivor regions: 3->3(4)
[2023-11-17T11:14:52.793+0000][gc,heap       ] GC(216) Old regions: 74->75
[2023-11-17T11:14:52.793+0000][gc,heap       ] GC(216) Humongous regions: 147->147
[2023-11-17T11:14:52.793+0000][gc,metaspace  ] GC(216) Metaspace: 44555K(47256K)->44555K(47256K) NonClass: 39289K(40704K)->39289K(40704K) Class: 5266K(6552K)->5266K(6552K)
[2023-11-17T11:14:52.793+0000][gc            ] GC(216) Pause Young (Normal) (G1 Evacuation Pause) 244M->223M(512M) 26.257ms
[2023-11-17T11:14:52.793+0000][gc,cpu        ] GC(216) User=0.04s Sys=0.00s Real=0.02s
[2023-11-17T11:16:18.435+0000][gc,start      ] GC(217) Pause Young (Normal) (G1 Evacuation Pause)
[2023-11-17T11:16:18.435+0000][gc,task       ] GC(217) Using 2 workers of 2 for evacuation
[2023-11-17T11:16:18.448+0000][gc,phases     ] GC(217)   Pre Evacuate Collection Set: 0.0ms
[2023-11-17T11:16:18.448+0000][gc,phases     ] GC(217)   Evacuate Collection Set: 12.6ms
[2023-11-17T11:16:18.448+0000][gc,phases     ] GC(217)   Post Evacuate Collection Set: 0.4ms
[2023-11-17T11:16:18.448+0000][gc,phases     ] GC(217)   Other: 0.2ms
[2023-11-17T11:16:18.448+0000][gc,heap       ] GC(217) Eden regions: 22->0(22)
[2023-11-17T11:16:18.448+0000][gc,heap       ] GC(217) Survivor regions: 3->3(4)
[2023-11-17T11:16:18.448+0000][gc,heap       ] GC(217) Old regions: 75->77
[2023-11-17T11:16:18.448+0000][gc,heap       ] GC(217) Humongous regions: 147->147
[2023-11-17T11:16:18.448+0000][gc,metaspace  ] GC(217) Metaspace: 44557K(47256K)->44557K(47256K) NonClass: 39291K(40704K)->39291K(40704K) Class: 5266K(6552K)->5266K(6552K)
[2023-11-17T11:16:18.448+0000][gc            ] GC(217) Pause Young (Normal) (G1 Evacuation Pause) 245M->225M(512M) 13.347ms
[2023-11-17T11:16:18.448+0000][gc,cpu        ] GC(217) User=0.03s Sys=0.00s Real=0.01s
[2023-11-17T11:17:42.718+0000][gc,start      ] GC(218) Pause Young (Normal) (G1 Evacuation Pause)
[2023-11-17T11:17:42.718+0000][gc,task       ] GC(218) Using 2 workers of 2 for evacuation
[2023-11-17T11:17:42.729+0000][gc,phases     ] GC(218)   Pre Evacuate Collection Set: 0.0ms
[2023-11-17T11:17:42.729+0000][gc,phases     ] GC(218)   Evacuate Collection Set: 10.6ms
[2023-11-17T11:17:42.729+0000][gc,phases     ] GC(218)   Post Evacuate Collection Set: 0.3ms
[2023-11-17T11:17:42.729+0000][gc,phases     ] GC(218)   Other: 0.2ms
[2023-11-17T11:17:42.729+0000][gc,heap       ] GC(218) Eden regions: 22->0(25)
[2023-11-17T11:17:42.729+0000][gc,heap       ] GC(218) Survivor regions: 3->3(4)
[2023-11-17T11:17:42.729+0000][gc,heap       ] GC(218) Old regions: 77->79
[2023-11-17T11:17:42.729+0000][gc,heap       ] GC(218) Humongous regions: 147->147
[2023-11-17T11:17:42.729+0000][gc,metaspace  ] GC(218) Metaspace: 44568K(47256K)->44568K(47256K) NonClass: 39302K(40704K)->39302K(40704K) Class: 5266K(6552K)->5266K(6552K)
[2023-11-17T11:17:42.729+0000][gc            ] GC(218) Pause Young (Normal) (G1 Evacuation Pause) 247M->226M(512M) 11.170ms
[2023-11-17T11:17:42.729+0000][gc,cpu        ] GC(218) User=0.02s Sys=0.00s Real=0.01s
[2023-11-17T11:19:19.463+0000][gc,start      ] GC(219) Pause Young (Normal) (G1 Evacuation Pause)
[2023-11-17T11:19:19.463+0000][gc,task       ] GC(219) Using 2 workers of 2 for evacuation
[2023-11-17T11:19:19.478+0000][gc,phases     ] GC(219)   Pre Evacuate Collection Set: 0.1ms
[2023-11-17T11:19:19.478+0000][gc,phases     ] GC(219)   Evacuate Collection Set: 13.7ms
[2023-11-17T11:19:19.478+0000][gc,phases     ] GC(219)   Post Evacuate Collection Set: 0.7ms
[2023-11-17T11:19:19.478+0000][gc,phases     ] GC(219)   Other: 0.2ms
[2023-11-17T11:19:19.478+0000][gc,heap       ] GC(219) Eden regions: 25->0(26)
[2023-11-17T11:19:19.478+0000][gc,heap       ] GC(219) Survivor regions: 3->2(4)
[2023-11-17T11:19:19.478+0000][gc,heap       ] GC(219) Old regions: 79->80
[2023-11-17T11:19:19.478+0000][gc,heap       ] GC(219) Humongous regions: 147->147
[2023-11-17T11:19:19.478+0000][gc,metaspace  ] GC(219) Metaspace: 44576K(47256K)->44576K(47256K) NonClass: 39310K(40704K)->39310K(40704K) Class: 5266K(6552K)->5266K(6552K)
[2023-11-17T11:19:19.478+0000][gc            ] GC(219) Pause Young (Normal) (G1 Evacuation Pause) 251M->226M(512M) 14.690ms
[2023-11-17T11:19:19.478+0000][gc,cpu        ] GC(219) User=0.02s Sys=0.01s Real=0.02s
[2023-11-17T11:20:52.880+0000][gc,start      ] GC(220) Pause Young (Normal) (G1 Evacuation Pause)
[2023-11-17T11:20:52.880+0000][gc,task       ] GC(220) Using 2 workers of 2 for evacuation
[2023-11-17T11:20:52.893+0000][gc,phases     ] GC(220)   Pre Evacuate Collection Set: 0.0ms
[2023-11-17T11:20:52.893+0000][gc,phases     ] GC(220)   Evacuate Collection Set: 13.0ms
[2023-11-17T11:20:52.893+0000][gc,phases     ] GC(220)   Post Evacuate Collection Set: 0.4ms
[2023-11-17T11:20:52.893+0000][gc,phases     ] GC(220)   Other: 0.2ms
[2023-11-17T11:20:52.893+0000][gc,heap       ] GC(220) Eden regions: 24->0(26)
[2023-11-17T11:20:52.893+0000][gc,heap       ] GC(220) Survivor regions: 2->4(4)
[2023-11-17T11:20:52.893+0000][gc,heap       ] GC(220) Old regions: 80->80
[2023-11-17T11:20:52.893+0000][gc,heap       ] GC(220) Humongous regions: 147->147
[2023-11-17T11:20:52.893+0000][gc,metaspace  ] GC(220) Metaspace: 44580K(47256K)->44580K(47256K) NonClass: 39314K(40704K)->39314K(40704K) Class: 5266K(6552K)->5266K(6552K)
[2023-11-17T11:20:52.893+0000][gc            ] GC(220) Pause Young (Normal) (G1 Evacuation Pause) 250M->228M(512M) 13.675ms
[2023-11-17T11:20:52.893+0000][gc,cpu        ] GC(220) User=0.03s Sys=0.00s Real=0.01s
[2023-11-17T11:22:33.643+0000][gc,start      ] GC(221) Pause Young (Normal) (G1 Evacuation Pause)
[2023-11-17T11:22:33.643+0000][gc,task       ] GC(221) Using 2 workers of 2 for evacuation
[2023-11-17T11:22:33.662+0000][gc,phases     ] GC(221)   Pre Evacuate Collection Set: 0.0ms
[2023-11-17T11:22:33.662+0000][gc,phases     ] GC(221)   Evacuate Collection Set: 18.1ms
[2023-11-17T11:22:33.662+0000][gc,phases     ] GC(221)   Post Evacuate Collection Set: 0.4ms
[2023-11-17T11:22:33.662+0000][gc,phases     ] GC(221)   Other: 0.3ms
[2023-11-17T11:22:33.662+0000][gc,heap       ] GC(221) Eden regions: 26->0(26)
[2023-11-17T11:22:33.662+0000][gc,heap       ] GC(221) Survivor regions: 4->2(4)
[2023-11-17T11:22:33.662+0000][gc,heap       ] GC(221) Old regions: 80->82
[2023-11-17T11:22:33.662+0000][gc,heap       ] GC(221) Humongous regions: 147->147
[2023-11-17T11:22:33.662+0000][gc,metaspace  ] GC(221) Metaspace: 44583K(47256K)->44583K(47256K) NonClass: 39317K(40704K)->39317K(40704K) Class: 5266K(6552K)->5266K(6552K)
[2023-11-17T11:22:33.662+0000][gc            ] GC(221) Pause Young (Normal) (G1 Evacuation Pause) 254M->228M(512M) 18.849ms
[2023-11-17T11:22:33.662+0000][gc,cpu        ] GC(221) User=0.03s Sys=0.01s Real=0.02s
[2023-11-17T11:24:14.367+0000][gc,start      ] GC(222) Pause Young (Normal) (G1 Evacuation Pause)
[2023-11-17T11:24:14.367+0000][gc,task       ] GC(222) Using 2 workers of 2 for evacuation
[2023-11-17T11:24:14.380+0000][gc,phases     ] GC(222)   Pre Evacuate Collection Set: 0.0ms
[2023-11-17T11:24:14.380+0000][gc,phases     ] GC(222)   Evacuate Collection Set: 13.0ms
[2023-11-17T11:24:14.380+0000][gc,phases     ] GC(222)   Post Evacuate Collection Set: 0.3ms
[2023-11-17T11:24:14.380+0000][gc,phases     ] GC(222)   Other: 0.2ms
[2023-11-17T11:24:14.380+0000][gc,heap       ] GC(222) Eden regions: 26->0(27)
[2023-11-17T11:24:14.380+0000][gc,heap       ] GC(222) Survivor regions: 2->4(4)
[2023-11-17T11:24:14.380+0000][gc,heap       ] GC(222) Old regions: 82->82
[2023-11-17T11:24:14.380+0000][gc,heap       ] GC(222) Humongous regions: 147->147
[2023-11-17T11:24:14.380+0000][gc,metaspace  ] GC(222) Metaspace: 44617K(47256K)->44617K(47256K) NonClass: 39350K(40704K)->39350K(40704K) Class: 5266K(6552K)->5266K(6552K)
[2023-11-17T11:24:14.380+0000][gc            ] GC(222) Pause Young (Normal) (G1 Evacuation Pause) 254M->231M(512M) 13.567ms
[2023-11-17T11:24:14.380+0000][gc,cpu        ] GC(222) User=0.03s Sys=0.00s Real=0.01s
[2023-11-17T11:25:59.406+0000][gc,start      ] GC(223) Pause Young (Normal) (G1 Evacuation Pause)
[2023-11-17T11:25:59.406+0000][gc,task       ] GC(223) Using 2 workers of 2 for evacuation
[2023-11-17T11:25:59.421+0000][gc,phases     ] GC(223)   Pre Evacuate Collection Set: 0.0ms
[2023-11-17T11:25:59.421+0000][gc,phases     ] GC(223)   Evacuate Collection Set: 14.3ms
[2023-11-17T11:25:59.421+0000][gc,phases     ] GC(223)   Post Evacuate Collection Set: 0.4ms
[2023-11-17T11:25:59.421+0000][gc,phases     ] GC(223)   Other: 0.2ms
[2023-11-17T11:25:59.421+0000][gc,heap       ] GC(223) Eden regions: 27->0(28)
[2023-11-17T11:25:59.421+0000][gc,heap       ] GC(223) Survivor regions: 4->3(4)
[2023-11-17T11:25:59.421+0000][gc,heap       ] GC(223) Old regions: 82->84
[2023-11-17T11:25:59.421+0000][gc,heap       ] GC(223) Humongous regions: 147->147
[2023-11-17T11:25:59.421+0000][gc,metaspace  ] GC(223) Metaspace: 44617K(47256K)->44617K(47256K) NonClass: 39350K(40704K)->39350K(40704K) Class: 5266K(6552K)->5266K(6552K)
[2023-11-17T11:25:59.421+0000][gc            ] GC(223) Pause Young (Normal) (G1 Evacuation Pause) 258M->232M(512M) 14.975ms
[2023-11-17T11:25:59.421+0000][gc,cpu        ] GC(223) User=0.03s Sys=0.00s Real=0.01s
[2023-11-17T11:27:40.096+0000][gc,start      ] GC(224) Pause Young (Normal) (G1 Evacuation Pause)
[2023-11-17T11:27:40.096+0000][gc,task       ] GC(224) Using 2 workers of 2 for evacuation
[2023-11-17T11:27:40.106+0000][gc,phases     ] GC(224)   Pre Evacuate Collection Set: 0.0ms
[2023-11-17T11:27:40.106+0000][gc,phases     ] GC(224)   Evacuate Collection Set: 9.3ms
[2023-11-17T11:27:40.106+0000][gc,phases     ] GC(224)   Post Evacuate Collection Set: 0.5ms
[2023-11-17T11:27:40.106+0000][gc,phases     ] GC(224)   Other: 0.2ms
[2023-11-17T11:27:40.106+0000][gc,heap       ] GC(224) Eden regions: 26->0(31)
[2023-11-17T11:27:40.106+0000][gc,heap       ] GC(224) Survivor regions: 3->2(4)
[2023-11-17T11:27:40.106+0000][gc,heap       ] GC(224) Old regions: 84->86
[2023-11-17T11:27:40.106+0000][gc,heap       ] GC(224) Humongous regions: 147->147
[2023-11-17T11:27:40.106+0000][gc,metaspace  ] GC(224) Metaspace: 44617K(47256K)->44617K(47256K) NonClass: 39350K(40704K)->39350K(40704K) Class: 5266K(6552K)->5266K(6552K)
[2023-11-17T11:27:40.106+0000][gc            ] GC(224) Pause Young (Normal) (G1 Evacuation Pause) 258M->232M(512M) 10.071ms
[2023-11-17T11:27:40.106+0000][gc,cpu        ] GC(224) User=0.01s Sys=0.00s Real=0.01s
[2023-11-17T11:29:41.223+0000][gc,start      ] GC(225) Pause Young (Normal) (G1 Evacuation Pause)
[2023-11-17T11:29:41.223+0000][gc,task       ] GC(225) Using 2 workers of 2 for evacuation
[2023-11-17T11:29:41.236+0000][gc,phases     ] GC(225)   Pre Evacuate Collection Set: 0.0ms
[2023-11-17T11:29:41.236+0000][gc,phases     ] GC(225)   Evacuate Collection Set: 12.9ms
[2023-11-17T11:29:41.236+0000][gc,phases     ] GC(225)   Post Evacuate Collection Set: 0.4ms
[2023-11-17T11:29:41.236+0000][gc,phases     ] GC(225)   Other: 0.2ms
[2023-11-17T11:29:41.236+0000][gc,heap       ] GC(225) Eden regions: 31->0(32)
[2023-11-17T11:29:41.236+0000][gc,heap       ] GC(225) Survivor regions: 2->5(5)
[2023-11-17T11:29:41.236+0000][gc,heap       ] GC(225) Old regions: 86->86
[2023-11-17T11:29:41.236+0000][gc,heap       ] GC(225) Humongous regions: 147->147
[2023-11-17T11:29:41.236+0000][gc,metaspace  ] GC(225) Metaspace: 44621K(47256K)->44621K(47256K) NonClass: 39355K(40704K)->39355K(40704K) Class: 5266K(6552K)->5266K(6552K)
[2023-11-17T11:29:41.236+0000][gc            ] GC(225) Pause Young (Normal) (G1 Evacuation Pause) 263M->235M(512M) 13.506ms
[2023-11-17T11:29:41.236+0000][gc,cpu        ] GC(225) User=0.02s Sys=0.00s Real=0.02s
[2023-11-17T11:31:46.608+0000][gc,start      ] GC(226) Pause Young (Normal) (G1 Evacuation Pause)
[2023-11-17T11:31:46.608+0000][gc,task       ] GC(226) Using 2 workers of 2 for evacuation
[2023-11-17T11:31:46.622+0000][gc,phases     ] GC(226)   Pre Evacuate Collection Set: 0.0ms
[2023-11-17T11:31:46.622+0000][gc,phases     ] GC(226)   Evacuate Collection Set: 13.3ms
[2023-11-17T11:31:46.622+0000][gc,phases     ] GC(226)   Post Evacuate Collection Set: 0.3ms
[2023-11-17T11:31:46.622+0000][gc,phases     ] GC(226)   Other: 0.2ms
[2023-11-17T11:31:46.622+0000][gc,heap       ] GC(226) Eden regions: 32->0(34)
[2023-11-17T11:31:46.622+0000][gc,heap       ] GC(226) Survivor regions: 5->4(5)
[2023-11-17T11:31:46.622+0000][gc,heap       ] GC(226) Old regions: 86->88
[2023-11-17T11:31:46.622+0000][gc,heap       ] GC(226) Humongous regions: 147->147
[2023-11-17T11:31:46.622+0000][gc,metaspace  ] GC(226) Metaspace: 44621K(47256K)->44621K(47256K) NonClass: 39355K(40704K)->39355K(40704K) Class: 5266K(6552K)->5266K(6552K)
[2023-11-17T11:31:46.622+0000][gc            ] GC(226) Pause Young (Normal) (G1 Evacuation Pause) 267M->236M(512M) 14.126ms
[2023-11-17T11:31:46.622+0000][gc,cpu        ] GC(226) User=0.03s Sys=0.00s Real=0.01s
[2023-11-17T11:33:59.244+0000][gc,start      ] GC(227) Pause Young (Normal) (G1 Evacuation Pause)
[2023-11-17T11:33:59.244+0000][gc,task       ] GC(227) Using 2 workers of 2 for evacuation
[2023-11-17T11:33:59.265+0000][gc,mmu        ] GC(227) MMU target violated: 20.7ms (20.0ms/21.0ms)
[2023-11-17T11:33:59.265+0000][gc,phases     ] GC(227)   Pre Evacuate Collection Set: 0.0ms
[2023-11-17T11:33:59.265+0000][gc,phases     ] GC(227)   Evacuate Collection Set: 20.1ms
[2023-11-17T11:33:59.265+0000][gc,phases     ] GC(227)   Post Evacuate Collection Set: 0.4ms
[2023-11-17T11:33:59.265+0000][gc,phases     ] GC(227)   Other: 0.3ms
[2023-11-17T11:33:59.265+0000][gc,heap       ] GC(227) Eden regions: 34->0(29)
[2023-11-17T11:33:59.265+0000][gc,heap       ] GC(227) Survivor regions: 4->3(5)
[2023-11-17T11:33:59.265+0000][gc,heap       ] GC(227) Old regions: 88->89
[2023-11-17T11:33:59.265+0000][gc,heap       ] GC(227) Humongous regions: 147->147
[2023-11-17T11:33:59.265+0000][gc,metaspace  ] GC(227) Metaspace: 44623K(47256K)->44623K(47256K) NonClass: 39357K(40704K)->39357K(40704K) Class: 5266K(6552K)->5266K(6552K)
[2023-11-17T11:33:59.265+0000][gc            ] GC(227) Pause Young (Normal) (G1 Evacuation Pause) 270M->237M(512M) 20.933ms
[2023-11-17T11:33:59.265+0000][gc,cpu        ] GC(227) User=0.04s Sys=0.01s Real=0.02s
[2023-11-17T11:35:45.443+0000][gc,start      ] GC(228) Pause Young (Normal) (G1 Evacuation Pause)
[2023-11-17T11:35:45.443+0000][gc,task       ] GC(228) Using 2 workers of 2 for evacuation
[2023-11-17T11:35:45.457+0000][gc,phases     ] GC(228)   Pre Evacuate Collection Set: 0.0ms
[2023-11-17T11:35:45.457+0000][gc,phases     ] GC(228)   Evacuate Collection Set: 13.4ms
[2023-11-17T11:35:45.457+0000][gc,phases     ] GC(228)   Post Evacuate Collection Set: 0.3ms
[2023-11-17T11:35:45.457+0000][gc,phases     ] GC(228)   Other: 0.2ms
[2023-11-17T11:35:45.457+0000][gc,heap       ] GC(228) Eden regions: 27->0(31)
[2023-11-17T11:35:45.457+0000][gc,heap       ] GC(228) Survivor regions: 3->4(4)
[2023-11-17T11:35:45.457+0000][gc,heap       ] GC(228) Old regions: 89->92
[2023-11-17T11:35:45.457+0000][gc,heap       ] GC(228) Humongous regions: 147->147
[2023-11-17T11:35:45.457+0000][gc,metaspace  ] GC(228) Metaspace: 44623K(47256K)->44623K(47256K) NonClass: 39357K(40704K)->39357K(40704K) Class: 5266K(6552K)->5266K(6552K)
[2023-11-17T11:35:45.457+0000][gc            ] GC(228) Pause Young (Normal) (G1 Evacuation Pause) 264M->240M(512M) 14.038ms
[2023-11-17T11:35:45.457+0000][gc,cpu        ] GC(228) User=0.02s Sys=0.00s Real=0.02s
[2023-11-17T11:37:37.882+0000][gc,start      ] GC(229) Pause Young (Normal) (G1 Evacuation Pause)
[2023-11-17T11:37:37.882+0000][gc,task       ] GC(229) Using 2 workers of 2 for evacuation
[2023-11-17T11:37:37.897+0000][gc,phases     ] GC(229)   Pre Evacuate Collection Set: 0.0ms
[2023-11-17T11:37:37.897+0000][gc,phases     ] GC(229)   Evacuate Collection Set: 14.4ms
[2023-11-17T11:37:37.897+0000][gc,phases     ] GC(229)   Post Evacuate Collection Set: 0.4ms
[2023-11-17T11:37:37.897+0000][gc,phases     ] GC(229)   Other: 0.7ms
[2023-11-17T11:37:37.897+0000][gc,heap       ] GC(229) Eden regions: 29->0(33)
[2023-11-17T11:37:37.897+0000][gc,heap       ] GC(229) Survivor regions: 4->4(5)
[2023-11-17T11:37:37.897+0000][gc,heap       ] GC(229) Old regions: 92->93
[2023-11-17T11:37:37.897+0000][gc,heap       ] GC(229) Humongous regions: 147->147
[2023-11-17T11:37:37.897+0000][gc,metaspace  ] GC(229) Metaspace: 44623K(47256K)->44623K(47256K) NonClass: 39357K(40704K)->39357K(40704K) Class: 5266K(6552K)->5266K(6552K)
[2023-11-17T11:37:37.897+0000][gc            ] GC(229) Pause Young (Normal) (G1 Evacuation Pause) 269M->241M(512M) 15.544ms
[2023-11-17T11:37:37.897+0000][gc,cpu        ] GC(229) User=0.03s Sys=0.00s Real=0.02s
[2023-11-17T11:39:38.130+0000][gc,start      ] GC(230) Pause Young (Normal) (G1 Evacuation Pause)
[2023-11-17T11:39:38.130+0000][gc,task       ] GC(230) Using 2 workers of 2 for evacuation
[2023-11-17T11:39:38.140+0000][gc,phases     ] GC(230)   Pre Evacuate Collection Set: 0.0ms
[2023-11-17T11:39:38.140+0000][gc,phases     ] GC(230)   Evacuate Collection Set: 8.8ms
[2023-11-17T11:39:38.140+0000][gc,phases     ] GC(230)   Post Evacuate Collection Set: 0.3ms
[2023-11-17T11:39:38.140+0000][gc,phases     ] GC(230)   Other: 0.2ms
[2023-11-17T11:39:38.140+0000][gc,heap       ] GC(230) Eden regions: 31->0(37)
[2023-11-17T11:39:38.140+0000][gc,heap       ] GC(230) Survivor regions: 4->3(5)
[2023-11-17T11:39:38.140+0000][gc,heap       ] GC(230) Old regions: 93->95
[2023-11-17T11:39:38.140+0000][gc,heap       ] GC(230) Humongous regions: 147->147
[2023-11-17T11:39:38.140+0000][gc,metaspace  ] GC(230) Metaspace: 44624K(47256K)->44624K(47256K) NonClass: 39357K(40704K)->39357K(40704K) Class: 5266K(6552K)->5266K(6552K)
[2023-11-17T11:39:38.140+0000][gc            ] GC(230) Pause Young (Normal) (G1 Evacuation Pause) 272M->242M(512M) 9.379ms
[2023-11-17T11:39:38.140+0000][gc,cpu        ] GC(230) User=0.01s Sys=0.00s Real=0.01s
[2023-11-17T11:42:04.334+0000][gc,start      ] GC(231) Pause Young (Normal) (G1 Evacuation Pause)
[2023-11-17T11:42:04.334+0000][gc,task       ] GC(231) Using 2 workers of 2 for evacuation
[2023-11-17T11:42:04.348+0000][gc,phases     ] GC(231)   Pre Evacuate Collection Set: 0.0ms
[2023-11-17T11:42:04.348+0000][gc,phases     ] GC(231)   Evacuate Collection Set: 13.3ms
[2023-11-17T11:42:04.348+0000][gc,phases     ] GC(231)   Post Evacuate Collection Set: 0.4ms
[2023-11-17T11:42:04.348+0000][gc,phases     ] GC(231)   Other: 0.2ms
[2023-11-17T11:42:04.348+0000][gc,heap       ] GC(231) Eden regions: 37->0(186)
[2023-11-17T11:42:04.348+0000][gc,heap       ] GC(231) Survivor regions: 3->4(5)
[2023-11-17T11:42:04.348+0000][gc,heap       ] GC(231) Old regions: 95->95
[2023-11-17T11:42:04.348+0000][gc,heap       ] GC(231) Humongous regions: 147->147
[2023-11-17T11:42:04.348+0000][gc,metaspace  ] GC(231) Metaspace: 44624K(47256K)->44624K(47256K) NonClass: 39357K(40704K)->39357K(40704K) Class: 5266K(6552K)->5266K(6552K)
[2023-11-17T11:42:04.348+0000][gc            ] GC(231) Pause Young (Normal) (G1 Evacuation Pause) 279M->243M(512M) 13.952ms
[2023-11-17T11:42:04.348+0000][gc,cpu        ] GC(231) User=0.02s Sys=0.00s Real=0.01s
[2023-11-17T11:54:26.870+0000][gc,start      ] GC(232) Pause Young (Normal) (G1 Evacuation Pause)
[2023-11-17T11:54:26.870+0000][gc,task       ] GC(232) Using 2 workers of 2 for evacuation
[2023-11-17T11:54:26.911+0000][gc,mmu        ] GC(232) MMU target violated: 21.0ms (20.0ms/21.0ms)
[2023-11-17T11:54:26.911+0000][gc,phases     ] GC(232)   Pre Evacuate Collection Set: 0.0ms
[2023-11-17T11:54:26.911+0000][gc,phases     ] GC(232)   Evacuate Collection Set: 39.9ms
[2023-11-17T11:54:26.911+0000][gc,phases     ] GC(232)   Post Evacuate Collection Set: 0.4ms
[2023-11-17T11:54:26.911+0000][gc,phases     ] GC(232)   Other: 0.4ms
[2023-11-17T11:54:26.911+0000][gc,heap       ] GC(232) Eden regions: 186->0(35)
[2023-11-17T11:54:26.911+0000][gc,heap       ] GC(232) Survivor regions: 4->13(24)
[2023-11-17T11:54:26.911+0000][gc,heap       ] GC(232) Old regions: 95->95
[2023-11-17T11:54:26.911+0000][gc,heap       ] GC(232) Humongous regions: 147->147
[2023-11-17T11:54:26.911+0000][gc,metaspace  ] GC(232) Metaspace: 44624K(47256K)->44624K(47256K) NonClass: 39357K(40704K)->39357K(40704K) Class: 5266K(6552K)->5266K(6552K)
[2023-11-17T11:54:26.911+0000][gc            ] GC(232) Pause Young (Normal) (G1 Evacuation Pause) 429M->252M(512M) 41.050ms
[2023-11-17T11:54:26.912+0000][gc,cpu        ] GC(232) User=0.08s Sys=0.00s Real=0.04s
[2023-11-17T11:56:28.508+0000][gc,start      ] GC(233) Pause Young (Concurrent Start) (G1 Evacuation Pause)
[2023-11-17T11:56:28.508+0000][gc,task       ] GC(233) Using 2 workers of 2 for evacuation
[2023-11-17T11:56:28.540+0000][gc,mmu        ] GC(233) MMU target violated: 21.0ms (20.0ms/21.0ms)
[2023-11-17T11:56:28.540+0000][gc,phases     ] GC(233)   Pre Evacuate Collection Set: 0.2ms
[2023-11-17T11:56:28.540+0000][gc,phases     ] GC(233)   Evacuate Collection Set: 31.0ms
[2023-11-17T11:56:28.540+0000][gc,phases     ] GC(233)   Post Evacuate Collection Set: 0.5ms
[2023-11-17T11:56:28.540+0000][gc,phases     ] GC(233)   Other: 0.3ms
[2023-11-17T11:56:28.540+0000][gc,heap       ] GC(233) Eden regions: 31->0(30)
[2023-11-17T11:56:28.540+0000][gc,heap       ] GC(233) Survivor regions: 13->3(6)
[2023-11-17T11:56:28.540+0000][gc,heap       ] GC(233) Old regions: 95->105
[2023-11-17T11:56:28.540+0000][gc,heap       ] GC(233) Humongous regions: 147->147
[2023-11-17T11:56:28.540+0000][gc,metaspace  ] GC(233) Metaspace: 44624K(47256K)->44624K(47256K) NonClass: 39357K(40704K)->39357K(40704K) Class: 5266K(6552K)->5266K(6552K)
[2023-11-17T11:56:28.540+0000][gc            ] GC(233) Pause Young (Concurrent Start) (G1 Evacuation Pause) 283M->253M(512M) 32.068ms
[2023-11-17T11:56:28.540+0000][gc,cpu        ] GC(233) User=0.06s Sys=0.00s Real=0.03s
[2023-11-17T11:56:28.540+0000][gc            ] GC(234) Concurrent Cycle
[2023-11-17T11:56:28.540+0000][gc,marking    ] GC(234) Concurrent Clear Claimed Marks
[2023-11-17T11:56:28.541+0000][gc,marking    ] GC(234) Concurrent Clear Claimed Marks 0.210ms
[2023-11-17T11:56:28.541+0000][gc,marking    ] GC(234) Concurrent Scan Root Regions
[2023-11-17T11:56:28.544+0000][gc,marking    ] GC(234) Concurrent Scan Root Regions 2.852ms
[2023-11-17T11:56:28.544+0000][gc,marking    ] GC(234) Concurrent Mark (17338.576s)
[2023-11-17T11:56:28.544+0000][gc,marking    ] GC(234) Concurrent Mark From Roots
[2023-11-17T11:56:28.544+0000][gc,task       ] GC(234) Using 1 workers of 1 for marking
[2023-11-17T11:56:28.580+0000][gc,marking    ] GC(234) Concurrent Mark From Roots 36.113ms
[2023-11-17T11:56:28.580+0000][gc,marking    ] GC(234) Concurrent Preclean
[2023-11-17T11:56:28.580+0000][gc,marking    ] GC(234) Concurrent Preclean 0.176ms
[2023-11-17T11:56:28.580+0000][gc,marking    ] GC(234) Concurrent Mark (17338.576s, 17338.612s) 36.340ms
[2023-11-17T11:56:28.580+0000][gc,start      ] GC(234) Pause Remark
[2023-11-17T11:56:28.595+0000][gc,stringtable] GC(234) Cleaned string and symbol table, strings: 12994 processed, 0 removed, symbols: 93086 processed, 0 removed
[2023-11-17T11:56:28.595+0000][gc            ] GC(234) Pause Remark 253M->237M(512M) 15.403ms
[2023-11-17T11:56:28.596+0000][gc,cpu        ] GC(234) User=0.03s Sys=0.00s Real=0.02s
[2023-11-17T11:56:28.596+0000][gc,marking    ] GC(234) Concurrent Rebuild Remembered Sets
[2023-11-17T11:56:28.620+0000][gc,marking    ] GC(234) Concurrent Rebuild Remembered Sets 24.920ms
[2023-11-17T11:56:28.621+0000][gc,start      ] GC(234) Pause Cleanup
[2023-11-17T11:56:28.621+0000][gc            ] GC(234) Pause Cleanup 237M->237M(512M) 0.424ms
[2023-11-17T11:56:28.621+0000][gc,cpu        ] GC(234) User=0.00s Sys=0.00s Real=0.00s
[2023-11-17T11:56:28.621+0000][gc,marking    ] GC(234) Concurrent Cleanup for Next Mark
[2023-11-17T11:56:28.623+0000][gc,marking    ] GC(234) Concurrent Cleanup for Next Mark 1.534ms
[2023-11-17T11:56:28.623+0000][gc            ] GC(234) Concurrent Cycle 82.506ms
[2023-11-17T11:58:25.221+0000][gc,start      ] GC(235) Pause Young (Prepare Mixed) (G1 Evacuation Pause)
[2023-11-17T11:58:25.221+0000][gc,task       ] GC(235) Using 2 workers of 2 for evacuation
[2023-11-17T11:58:25.231+0000][gc,phases     ] GC(235)   Pre Evacuate Collection Set: 0.0ms
[2023-11-17T11:58:25.231+0000][gc,phases     ] GC(235)   Evacuate Collection Set: 9.9ms
[2023-11-17T11:58:25.231+0000][gc,phases     ] GC(235)   Post Evacuate Collection Set: 0.4ms
[2023-11-17T11:58:25.231+0000][gc,phases     ] GC(235)   Other: 0.3ms
[2023-11-17T11:58:25.231+0000][gc,heap       ] GC(235) Eden regions: 30->0(23)
[2023-11-17T11:58:25.231+0000][gc,heap       ] GC(235) Survivor regions: 3->2(5)
[2023-11-17T11:58:25.231+0000][gc,heap       ] GC(235) Old regions: 89->91
[2023-11-17T11:58:25.231+0000][gc,heap       ] GC(235) Humongous regions: 147->147
[2023-11-17T11:58:25.231+0000][gc,metaspace  ] GC(235) Metaspace: 44624K(47256K)->44624K(47256K) NonClass: 39357K(40704K)->39357K(40704K) Class: 5266K(6552K)->5266K(6552K)
[2023-11-17T11:58:25.231+0000][gc            ] GC(235) Pause Young (Prepare Mixed) (G1 Evacuation Pause) 267M->238M(512M) 10.756ms
[2023-11-17T11:58:25.231+0000][gc,cpu        ] GC(235) User=0.02s Sys=0.00s Real=0.01s
[2023-11-17T11:59:54.435+0000][gc,start      ] GC(236) Pause Young (Mixed) (G1 Evacuation Pause)
[2023-11-17T11:59:54.435+0000][gc,task       ] GC(236) Using 2 workers of 2 for evacuation
[2023-11-17T11:59:54.450+0000][gc,phases     ] GC(236)   Pre Evacuate Collection Set: 0.1ms
[2023-11-17T11:59:54.450+0000][gc,phases     ] GC(236)   Evacuate Collection Set: 14.2ms
[2023-11-17T11:59:54.450+0000][gc,phases     ] GC(236)   Post Evacuate Collection Set: 0.5ms
[2023-11-17T11:59:54.451+0000][gc,phases     ] GC(236)   Other: 0.4ms
[2023-11-17T11:59:54.451+0000][gc,heap       ] GC(236) Eden regions: 23->0(33)
[2023-11-17T11:59:54.451+0000][gc,heap       ] GC(236) Survivor regions: 2->4(4)
[2023-11-17T11:59:54.451+0000][gc,heap       ] GC(236) Old regions: 91->50
[2023-11-17T11:59:54.451+0000][gc,heap       ] GC(236) Humongous regions: 147->147
[2023-11-17T11:59:54.451+0000][gc,metaspace  ] GC(236) Metaspace: 44630K(47256K)->44630K(47256K) NonClass: 39364K(40704K)->39364K(40704K) Class: 5266K(6552K)->5266K(6552K)
[2023-11-17T11:59:54.451+0000][gc            ] GC(236) Pause Young (Mixed) (G1 Evacuation Pause) 261M->198M(512M) 15.220ms
[2023-11-17T11:59:54.451+0000][gc,cpu        ] GC(236) User=0.03s Sys=0.00s Real=0.01s
[2023-11-17T12:02:04.113+0000][gc,start      ] GC(237) Pause Young (Normal) (G1 Evacuation Pause)
[2023-11-17T12:02:04.113+0000][gc,task       ] GC(237) Using 2 workers of 2 for evacuation
[2023-11-17T12:02:04.127+0000][gc,phases     ] GC(237)   Pre Evacuate Collection Set: 0.0ms
[2023-11-17T12:02:04.127+0000][gc,phases     ] GC(237)   Evacuate Collection Set: 13.3ms
[2023-11-17T12:02:04.127+0000][gc,phases     ] GC(237)   Post Evacuate Collection Set: 0.4ms
[2023-11-17T12:02:04.127+0000][gc,phases     ] GC(237)   Other: 0.2ms
[2023-11-17T12:02:04.127+0000][gc,heap       ] GC(237) Eden regions: 33->0(35)
[2023-11-17T12:02:04.127+0000][gc,heap       ] GC(237) Survivor regions: 4->3(5)
[2023-11-17T12:02:04.127+0000][gc,heap       ] GC(237) Old regions: 50->52
[2023-11-17T12:02:04.127+0000][gc,heap       ] GC(237) Humongous regions: 147->147
[2023-11-17T12:02:04.127+0000][gc,metaspace  ] GC(237) Metaspace: 44630K(47256K)->44630K(47256K) NonClass: 39364K(40704K)->39364K(40704K) Class: 5266K(6552K)->5266K(6552K)
[2023-11-17T12:02:04.127+0000][gc            ] GC(237) Pause Young (Normal) (G1 Evacuation Pause) 231M->200M(512M) 14.021ms
[2023-11-17T12:02:04.127+0000][gc,cpu        ] GC(237) User=0.03s Sys=0.00s Real=0.02s
[2023-11-17T12:04:20.351+0000][gc,start      ] GC(238) Pause Young (Normal) (G1 Evacuation Pause)
[2023-11-17T12:04:20.351+0000][gc,task       ] GC(238) Using 2 workers of 2 for evacuation
[2023-11-17T12:04:20.363+0000][gc,phases     ] GC(238)   Pre Evacuate Collection Set: 0.0ms
[2023-11-17T12:04:20.363+0000][gc,phases     ] GC(238)   Evacuate Collection Set: 10.8ms
[2023-11-17T12:04:20.363+0000][gc,phases     ] GC(238)   Post Evacuate Collection Set: 0.3ms
[2023-11-17T12:04:20.363+0000][gc,phases     ] GC(238)   Other: 0.2ms
[2023-11-17T12:04:20.363+0000][gc,heap       ] GC(238) Eden regions: 35->0(40)
[2023-11-17T12:04:20.363+0000][gc,heap       ] GC(238) Survivor regions: 3->3(5)
[2023-11-17T12:04:20.363+0000][gc,heap       ] GC(238) Old regions: 52->53
[2023-11-17T12:04:20.363+0000][gc,heap       ] GC(238) Humongous regions: 147->147
[2023-11-17T12:04:20.363+0000][gc,metaspace  ] GC(238) Metaspace: 44635K(47256K)->44635K(47256K) NonClass: 39369K(40704K)->39369K(40704K) Class: 5266K(6552K)->5266K(6552K)
[2023-11-17T12:04:20.363+0000][gc            ] GC(238) Pause Young (Normal) (G1 Evacuation Pause) 235M->200M(512M) 11.466ms
[2023-11-17T12:04:20.363+0000][gc,cpu        ] GC(238) User=0.02s Sys=0.00s Real=0.01s
[2023-11-17T12:06:57.635+0000][gc,start      ] GC(239) Pause Young (Normal) (G1 Evacuation Pause)
[2023-11-17T12:06:57.635+0000][gc,task       ] GC(239) Using 2 workers of 2 for evacuation
[2023-11-17T12:06:57.647+0000][gc,phases     ] GC(239)   Pre Evacuate Collection Set: 0.0ms
[2023-11-17T12:06:57.647+0000][gc,phases     ] GC(239)   Evacuate Collection Set: 12.1ms
[2023-11-17T12:06:57.647+0000][gc,phases     ] GC(239)   Post Evacuate Collection Set: 0.3ms
[2023-11-17T12:06:57.647+0000][gc,phases     ] GC(239)   Other: 0.2ms
[2023-11-17T12:06:57.647+0000][gc,heap       ] GC(239) Eden regions: 40->0(41)
[2023-11-17T12:06:57.647+0000][gc,heap       ] GC(239) Survivor regions: 3->4(6)
[2023-11-17T12:06:57.647+0000][gc,heap       ] GC(239) Old regions: 53->53
[2023-11-17T12:06:57.647+0000][gc,heap       ] GC(239) Humongous regions: 147->147
[2023-11-17T12:06:57.647+0000][gc,metaspace  ] GC(239) Metaspace: 44635K(47256K)->44635K(47256K) NonClass: 39369K(40704K)->39369K(40704K) Class: 5266K(6552K)->5266K(6552K)
[2023-11-17T12:06:57.647+0000][gc            ] GC(239) Pause Young (Normal) (G1 Evacuation Pause) 240M->202M(512M) 12.762ms
[2023-11-17T12:06:57.647+0000][gc,cpu        ] GC(239) User=0.03s Sys=0.00s Real=0.01s
[2023-11-17T12:08:54.751+0000][gc,start      ] GC(240) Pause Young (Normal) (G1 Evacuation Pause)
[2023-11-17T12:08:54.751+0000][gc,task       ] GC(240) Using 2 workers of 2 for evacuation
[2023-11-17T12:08:54.774+0000][gc,mmu        ] GC(240) MMU target violated: 21.0ms (20.0ms/21.0ms)
[2023-11-17T12:08:54.774+0000][gc,phases     ] GC(240)   Pre Evacuate Collection Set: 0.0ms
[2023-11-17T12:08:54.774+0000][gc,phases     ] GC(240)   Evacuate Collection Set: 22.4ms
[2023-11-17T12:08:54.774+0000][gc,phases     ] GC(240)   Post Evacuate Collection Set: 0.4ms
[2023-11-17T12:08:54.775+0000][gc,phases     ] GC(240)   Other: 0.3ms
[2023-11-17T12:08:54.775+0000][gc,heap       ] GC(240) Eden regions: 35->0(34)
[2023-11-17T12:08:54.775+0000][gc,heap       ] GC(240) Survivor regions: 4->5(5)
[2023-11-17T12:08:54.775+0000][gc,heap       ] GC(240) Old regions: 53->58
[2023-11-17T12:08:54.775+0000][gc,heap       ] GC(240) Humongous regions: 147->147
[2023-11-17T12:08:54.775+0000][gc,metaspace  ] GC(240) Metaspace: 44637K(47256K)->44637K(47256K) NonClass: 39370K(40704K)->39370K(40704K) Class: 5266K(6552K)->5266K(6552K)
[2023-11-17T12:08:54.775+0000][gc            ] GC(240) Pause Young (Normal) (G1 Evacuation Pause) 237M->208M(512M) 23.143ms
[2023-11-17T12:08:54.775+0000][gc,cpu        ] GC(240) User=0.05s Sys=0.00s Real=0.03s
[2023-11-17T12:11:06.808+0000][gc,start      ] GC(241) Pause Young (Normal) (G1 Evacuation Pause)
[2023-11-17T12:11:06.808+0000][gc,task       ] GC(241) Using 2 workers of 2 for evacuation
[2023-11-17T12:11:06.823+0000][gc,phases     ] GC(241)   Pre Evacuate Collection Set: 0.0ms
[2023-11-17T12:11:06.823+0000][gc,phases     ] GC(241)   Evacuate Collection Set: 14.6ms
[2023-11-17T12:11:06.823+0000][gc,phases     ] GC(241)   Post Evacuate Collection Set: 0.3ms
[2023-11-17T12:11:06.823+0000][gc,phases     ] GC(241)   Other: 0.2ms
[2023-11-17T12:11:06.823+0000][gc,heap       ] GC(241) Eden regions: 34->0(35)
[2023-11-17T12:11:06.823+0000][gc,heap       ] GC(241) Survivor regions: 5->4(5)
[2023-11-17T12:11:06.823+0000][gc,heap       ] GC(241) Old regions: 58->61
[2023-11-17T12:11:06.823+0000][gc,heap       ] GC(241) Humongous regions: 147->147
[2023-11-17T12:11:06.823+0000][gc,metaspace  ] GC(241) Metaspace: 44637K(47256K)->44637K(47256K) NonClass: 39371K(40704K)->39371K(40704K) Class: 5266K(6552K)->5266K(6552K)
[2023-11-17T12:11:06.823+0000][gc            ] GC(241) Pause Young (Normal) (G1 Evacuation Pause) 242M->209M(512M) 15.262ms
[2023-11-17T12:11:06.823+0000][gc,cpu        ] GC(241) User=0.03s Sys=0.00s Real=0.01s
[2023-11-17T12:13:23.794+0000][gc,start      ] GC(242) Pause Young (Normal) (G1 Evacuation Pause)
[2023-11-17T12:13:23.794+0000][gc,task       ] GC(242) Using 2 workers of 2 for evacuation
[2023-11-17T12:13:23.815+0000][gc,mmu        ] GC(242) MMU target violated: 21.0ms (20.0ms/21.0ms)
[2023-11-17T12:13:23.815+0000][gc,phases     ] GC(242)   Pre Evacuate Collection Set: 0.0ms
[2023-11-17T12:13:23.815+0000][gc,phases     ] GC(242)   Evacuate Collection Set: 20.4ms
[2023-11-17T12:13:23.815+0000][gc,phases     ] GC(242)   Post Evacuate Collection Set: 0.6ms
[2023-11-17T12:13:23.815+0000][gc,phases     ] GC(242)   Other: 0.2ms
[2023-11-17T12:13:23.815+0000][gc,heap       ] GC(242) Eden regions: 35->0(33)
[2023-11-17T12:13:23.815+0000][gc,heap       ] GC(242) Survivor regions: 4->4(5)
[2023-11-17T12:13:23.815+0000][gc,heap       ] GC(242) Old regions: 61->63
[2023-11-17T12:13:23.815+0000][gc,heap       ] GC(242) Humongous regions: 147->147
[2023-11-17T12:13:23.815+0000][gc,metaspace  ] GC(242) Metaspace: 44638K(47256K)->44638K(47256K) NonClass: 39372K(40704K)->39372K(40704K) Class: 5266K(6552K)->5266K(6552K)
[2023-11-17T12:13:23.815+0000][gc            ] GC(242) Pause Young (Normal) (G1 Evacuation Pause) 244M->211M(512M) 21.344ms
[2023-11-17T12:13:23.815+0000][gc,cpu        ] GC(242) User=0.04s Sys=0.01s Real=0.02s
[2023-11-17T12:15:33.193+0000][gc,start      ] GC(243) Pause Young (Normal) (G1 Evacuation Pause)
[2023-11-17T12:15:33.193+0000][gc,task       ] GC(243) Using 2 workers of 2 for evacuation
[2023-11-17T12:15:33.206+0000][gc,phases     ] GC(243)   Pre Evacuate Collection Set: 0.0ms
[2023-11-17T12:15:33.206+0000][gc,phases     ] GC(243)   Evacuate Collection Set: 12.6ms
[2023-11-17T12:15:33.206+0000][gc,phases     ] GC(243)   Post Evacuate Collection Set: 0.4ms
[2023-11-17T12:15:33.207+0000][gc,phases     ] GC(243)   Other: 0.2ms
[2023-11-17T12:15:33.207+0000][gc,heap       ] GC(243) Eden regions: 33->0(35)
[2023-11-17T12:15:33.207+0000][gc,heap       ] GC(243) Survivor regions: 4->3(5)
[2023-11-17T12:15:33.207+0000][gc,heap       ] GC(243) Old regions: 63->64
[2023-11-17T12:15:33.207+0000][gc,heap       ] GC(243) Humongous regions: 147->147
[2023-11-17T12:15:33.207+0000][gc,metaspace  ] GC(243) Metaspace: 44639K(47256K)->44639K(47256K) NonClass: 39372K(40704K)->39372K(40704K) Class: 5266K(6552K)->5266K(6552K)
[2023-11-17T12:15:33.207+0000][gc            ] GC(243) Pause Young (Normal) (G1 Evacuation Pause) 244M->212M(512M) 13.366ms
[2023-11-17T12:15:33.207+0000][gc,cpu        ] GC(243) User=0.02s Sys=0.00s Real=0.02s
[2023-11-17T12:17:37.466+0000][gc,start      ] GC(244) Pause Young (Normal) (G1 Evacuation Pause)
[2023-11-17T12:17:37.466+0000][gc,task       ] GC(244) Using 2 workers of 2 for evacuation
[2023-11-17T12:17:37.477+0000][gc,phases     ] GC(244)   Pre Evacuate Collection Set: 0.0ms
[2023-11-17T12:17:37.477+0000][gc,phases     ] GC(244)   Evacuate Collection Set: 10.5ms
[2023-11-17T12:17:37.477+0000][gc,phases     ] GC(244)   Post Evacuate Collection Set: 0.3ms
[2023-11-17T12:17:37.477+0000][gc,phases     ] GC(244)   Other: 0.4ms
[2023-11-17T12:17:37.477+0000][gc,heap       ] GC(244) Eden regions: 32->0(36)
[2023-11-17T12:17:37.477+0000][gc,heap       ] GC(244) Survivor regions: 3->3(5)
[2023-11-17T12:17:37.477+0000][gc,heap       ] GC(244) Old regions: 64->64
[2023-11-17T12:17:37.477+0000][gc,heap       ] GC(244) Humongous regions: 147->147
[2023-11-17T12:17:37.477+0000][gc,metaspace  ] GC(244) Metaspace: 44639K(47256K)->44639K(47256K) NonClass: 39372K(40704K)->39372K(40704K) Class: 5266K(6552K)->5266K(6552K)
[2023-11-17T12:17:37.477+0000][gc            ] GC(244) Pause Young (Normal) (G1 Evacuation Pause) 244M->212M(512M) 11.323ms
[2023-11-17T12:17:37.477+0000][gc,cpu        ] GC(244) User=0.02s Sys=0.00s Real=0.01s
[2023-11-17T12:19:59.243+0000][gc,start      ] GC(245) Pause Young (Normal) (G1 Evacuation Pause)
[2023-11-17T12:19:59.243+0000][gc,task       ] GC(245) Using 2 workers of 2 for evacuation
[2023-11-17T12:19:59.261+0000][gc,phases     ] GC(245)   Pre Evacuate Collection Set: 0.0ms
[2023-11-17T12:19:59.261+0000][gc,phases     ] GC(245)   Evacuate Collection Set: 16.8ms
[2023-11-17T12:19:59.261+0000][gc,phases     ] GC(245)   Post Evacuate Collection Set: 0.4ms
[2023-11-17T12:19:59.261+0000][gc,phases     ] GC(245)   Other: 0.2ms
[2023-11-17T12:19:59.261+0000][gc,heap       ] GC(245) Eden regions: 36->0(36)
[2023-11-17T12:19:59.261+0000][gc,heap       ] GC(245) Survivor regions: 3->5(5)
[2023-11-17T12:19:59.261+0000][gc,heap       ] GC(245) Old regions: 64->66
[2023-11-17T12:19:59.261+0000][gc,heap       ] GC(245) Humongous regions: 147->147
[2023-11-17T12:19:59.261+0000][gc,metaspace  ] GC(245) Metaspace: 44639K(47256K)->44639K(47256K) NonClass: 39372K(40704K)->39372K(40704K) Class: 5266K(6552K)->5266K(6552K)
[2023-11-17T12:19:59.261+0000][gc            ] GC(245) Pause Young (Normal) (G1 Evacuation Pause) 248M->216M(512M) 17.545ms
[2023-11-17T12:19:59.261+0000][gc,cpu        ] GC(245) User=0.03s Sys=0.00s Real=0.02s
[2023-11-17T12:22:21.208+0000][gc,start      ] GC(246) Pause Young (Normal) (G1 Evacuation Pause)
[2023-11-17T12:22:21.208+0000][gc,task       ] GC(246) Using 2 workers of 2 for evacuation
[2023-11-17T12:22:21.220+0000][gc,phases     ] GC(246)   Pre Evacuate Collection Set: 0.0ms
[2023-11-17T12:22:21.220+0000][gc,phases     ] GC(246)   Evacuate Collection Set: 11.2ms
[2023-11-17T12:22:21.220+0000][gc,phases     ] GC(246)   Post Evacuate Collection Set: 0.3ms
[2023-11-17T12:22:21.220+0000][gc,phases     ] GC(246)   Other: 0.2ms
[2023-11-17T12:22:21.220+0000][gc,heap       ] GC(246) Eden regions: 36->0(37)
[2023-11-17T12:22:21.220+0000][gc,heap       ] GC(246) Survivor regions: 5->4(6)
[2023-11-17T12:22:21.220+0000][gc,heap       ] GC(246) Old regions: 66->69
[2023-11-17T12:22:21.220+0000][gc,heap       ] GC(246) Humongous regions: 147->147
[2023-11-17T12:22:21.220+0000][gc,metaspace  ] GC(246) Metaspace: 44639K(47256K)->44639K(47256K) NonClass: 39372K(40704K)->39372K(40704K) Class: 5266K(6552K)->5266K(6552K)
[2023-11-17T12:22:21.220+0000][gc            ] GC(246) Pause Young (Normal) (G1 Evacuation Pause) 252M->217M(512M) 11.853ms
[2023-11-17T12:22:21.220+0000][gc,cpu        ] GC(246) User=0.03s Sys=0.00s Real=0.01s
[2023-11-17T12:24:45.968+0000][gc,start      ] GC(247) Pause Young (Normal) (G1 Evacuation Pause)
[2023-11-17T12:24:45.968+0000][gc,task       ] GC(247) Using 2 workers of 2 for evacuation
[2023-11-17T12:24:45.985+0000][gc,phases     ] GC(247)   Pre Evacuate Collection Set: 0.0ms
[2023-11-17T12:24:45.985+0000][gc,phases     ] GC(247)   Evacuate Collection Set: 16.0ms
[2023-11-17T12:24:45.985+0000][gc,phases     ] GC(247)   Post Evacuate Collection Set: 0.3ms
[2023-11-17T12:24:45.985+0000][gc,phases     ] GC(247)   Other: 0.3ms
[2023-11-17T12:24:45.985+0000][gc,heap       ] GC(247) Eden regions: 37->0(37)
[2023-11-17T12:24:45.985+0000][gc,heap       ] GC(247) Survivor regions: 4->4(6)
[2023-11-17T12:24:45.985+0000][gc,heap       ] GC(247) Old regions: 69->70
[2023-11-17T12:24:45.985+0000][gc,heap       ] GC(247) Humongous regions: 147->147
[2023-11-17T12:24:45.985+0000][gc,metaspace  ] GC(247) Metaspace: 44643K(47256K)->44643K(47256K) NonClass: 39376K(40704K)->39376K(40704K) Class: 5266K(6552K)->5266K(6552K)
[2023-11-17T12:24:45.985+0000][gc            ] GC(247) Pause Young (Normal) (G1 Evacuation Pause) 254M->219M(512M) 16.712ms
[2023-11-17T12:24:45.985+0000][gc,cpu        ] GC(247) User=0.03s Sys=0.00s Real=0.01s
[2023-11-17T12:27:11.219+0000][gc,start      ] GC(248) Pause Young (Normal) (G1 Evacuation Pause)
[2023-11-17T12:27:11.220+0000][gc,task       ] GC(248) Using 2 workers of 2 for evacuation
[2023-11-17T12:27:11.237+0000][gc,phases     ] GC(248)   Pre Evacuate Collection Set: 0.0ms
[2023-11-17T12:27:11.237+0000][gc,phases     ] GC(248)   Evacuate Collection Set: 16.8ms
[2023-11-17T12:27:11.237+0000][gc,phases     ] GC(248)   Post Evacuate Collection Set: 0.4ms
[2023-11-17T12:27:11.237+0000][gc,phases     ] GC(248)   Other: 0.2ms
[2023-11-17T12:27:11.237+0000][gc,heap       ] GC(248) Eden regions: 37->0(37)
[2023-11-17T12:27:11.237+0000][gc,heap       ] GC(248) Survivor regions: 4->3(6)
[2023-11-17T12:27:11.237+0000][gc,heap       ] GC(248) Old regions: 70->72
[2023-11-17T12:27:11.237+0000][gc,heap       ] GC(248) Humongous regions: 147->147
[2023-11-17T12:27:11.237+0000][gc,metaspace  ] GC(248) Metaspace: 44643K(47256K)->44643K(47256K) NonClass: 39376K(40704K)->39376K(40704K) Class: 5266K(6552K)->5266K(6552K)
[2023-11-17T12:27:11.237+0000][gc            ] GC(248) Pause Young (Normal) (G1 Evacuation Pause) 256M->220M(512M) 17.457ms
[2023-11-17T12:27:11.237+0000][gc,cpu        ] GC(248) User=0.04s Sys=0.00s Real=0.02s
[2023-11-17T12:29:27.470+0000][gc,start      ] GC(249) Pause Young (Normal) (G1 Evacuation Pause)
[2023-11-17T12:29:27.470+0000][gc,task       ] GC(249) Using 2 workers of 2 for evacuation
[2023-11-17T12:29:27.487+0000][gc,phases     ] GC(249)   Pre Evacuate Collection Set: 0.0ms
[2023-11-17T12:29:27.487+0000][gc,phases     ] GC(249)   Evacuate Collection Set: 16.7ms
[2023-11-17T12:29:27.487+0000][gc,phases     ] GC(249)   Post Evacuate Collection Set: 0.5ms
[2023-11-17T12:29:27.487+0000][gc,phases     ] GC(249)   Other: 0.2ms
[2023-11-17T12:29:27.487+0000][gc,heap       ] GC(249) Eden regions: 35->0(37)
[2023-11-17T12:29:27.487+0000][gc,heap       ] GC(249) Survivor regions: 3->3(5)
[2023-11-17T12:29:27.487+0000][gc,heap       ] GC(249) Old regions: 72->74
[2023-11-17T12:29:27.487+0000][gc,heap       ] GC(249) Humongous regions: 147->147
[2023-11-17T12:29:27.487+0000][gc,metaspace  ] GC(249) Metaspace: 44659K(47512K)->44659K(47512K) NonClass: 39393K(40960K)->39393K(40960K) Class: 5266K(6552K)->5266K(6552K)
[2023-11-17T12:29:27.487+0000][gc            ] GC(249) Pause Young (Normal) (G1 Evacuation Pause) 255M->221M(512M) 17.484ms
[2023-11-17T12:29:27.487+0000][gc,cpu        ] GC(249) User=0.03s Sys=0.00s Real=0.02s
[2023-11-17T12:31:45.704+0000][gc,start      ] GC(250) Pause Young (Normal) (G1 Evacuation Pause)
[2023-11-17T12:31:45.704+0000][gc,task       ] GC(250) Using 2 workers of 2 for evacuation
[2023-11-17T12:31:45.715+0000][gc,phases     ] GC(250)   Pre Evacuate Collection Set: 0.0ms
[2023-11-17T12:31:45.715+0000][gc,phases     ] GC(250)   Evacuate Collection Set: 10.2ms
[2023-11-17T12:31:45.715+0000][gc,phases     ] GC(250)   Post Evacuate Collection Set: 0.7ms
[2023-11-17T12:31:45.715+0000][gc,phases     ] GC(250)   Other: 0.2ms
[2023-11-17T12:31:45.715+0000][gc,heap       ] GC(250) Eden regions: 35->0(39)
[2023-11-17T12:31:45.715+0000][gc,heap       ] GC(250) Survivor regions: 3->4(5)
[2023-11-17T12:31:45.715+0000][gc,heap       ] GC(250) Old regions: 74->74
[2023-11-17T12:31:45.715+0000][gc,heap       ] GC(250) Humongous regions: 147->147
[2023-11-17T12:31:45.716+0000][gc,metaspace  ] GC(250) Metaspace: 44659K(47512K)->44659K(47512K) NonClass: 39393K(40960K)->39393K(40960K) Class: 5266K(6552K)->5266K(6552K)
[2023-11-17T12:31:45.716+0000][gc            ] GC(250) Pause Young (Normal) (G1 Evacuation Pause) 256M->222M(512M) 11.152ms
[2023-11-17T12:31:45.716+0000][gc,cpu        ] GC(250) User=0.02s Sys=0.00s Real=0.02s
[2023-11-17T12:34:18.964+0000][gc,start      ] GC(251) Pause Young (Normal) (G1 Evacuation Pause)
[2023-11-17T12:34:18.964+0000][gc,task       ] GC(251) Using 2 workers of 2 for evacuation
[2023-11-17T12:34:18.981+0000][gc,phases     ] GC(251)   Pre Evacuate Collection Set: 0.0ms
[2023-11-17T12:34:18.981+0000][gc,phases     ] GC(251)   Evacuate Collection Set: 16.9ms
[2023-11-17T12:34:18.981+0000][gc,phases     ] GC(251)   Post Evacuate Collection Set: 0.4ms
[2023-11-17T12:34:18.981+0000][gc,phases     ] GC(251)   Other: 0.2ms
[2023-11-17T12:34:18.981+0000][gc,heap       ] GC(251) Eden regions: 39->0(39)
[2023-11-17T12:34:18.981+0000][gc,heap       ] GC(251) Survivor regions: 4->6(6)
[2023-11-17T12:34:18.981+0000][gc,heap       ] GC(251) Old regions: 74->75
[2023-11-17T12:34:18.981+0000][gc,heap       ] GC(251) Humongous regions: 147->147
[2023-11-17T12:34:18.981+0000][gc,metaspace  ] GC(251) Metaspace: 44660K(47512K)->44660K(47512K) NonClass: 39393K(40960K)->39393K(40960K) Class: 5266K(6552K)->5266K(6552K)
[2023-11-17T12:34:18.981+0000][gc            ] GC(251) Pause Young (Normal) (G1 Evacuation Pause) 261M->226M(512M) 17.612ms
[2023-11-17T12:34:18.981+0000][gc,cpu        ] GC(251) User=0.03s Sys=0.00s Real=0.02s
[2023-11-17T12:36:52.618+0000][gc,start      ] GC(252) Pause Young (Normal) (G1 Evacuation Pause)
[2023-11-17T12:36:52.618+0000][gc,task       ] GC(252) Using 2 workers of 2 for evacuation
[2023-11-17T12:36:52.637+0000][gc,phases     ] GC(252)   Pre Evacuate Collection Set: 0.0ms
[2023-11-17T12:36:52.637+0000][gc,phases     ] GC(252)   Evacuate Collection Set: 19.1ms
[2023-11-17T12:36:52.637+0000][gc,phases     ] GC(252)   Post Evacuate Collection Set: 0.3ms
[2023-11-17T12:36:52.637+0000][gc,phases     ] GC(252)   Other: 0.2ms
[2023-11-17T12:36:52.637+0000][gc,heap       ] GC(252) Eden regions: 39->0(39)
[2023-11-17T12:36:52.637+0000][gc,heap       ] GC(252) Survivor regions: 6->5(6)
[2023-11-17T12:36:52.637+0000][gc,heap       ] GC(252) Old regions: 75->78
[2023-11-17T12:36:52.637+0000][gc,heap       ] GC(252) Humongous regions: 147->147
[2023-11-17T12:36:52.637+0000][gc,metaspace  ] GC(252) Metaspace: 44660K(47512K)->44660K(47512K) NonClass: 39393K(40960K)->39393K(40960K) Class: 5266K(6552K)->5266K(6552K)
[2023-11-17T12:36:52.637+0000][gc            ] GC(252) Pause Young (Normal) (G1 Evacuation Pause) 265M->228M(512M) 19.816ms
[2023-11-17T12:36:52.637+0000][gc,cpu        ] GC(252) User=0.03s Sys=0.00s Real=0.02s
[2023-11-17T12:39:25.136+0000][gc,start      ] GC(253) Pause Young (Normal) (G1 Evacuation Pause)
[2023-11-17T12:39:25.136+0000][gc,task       ] GC(253) Using 2 workers of 2 for evacuation
[2023-11-17T12:39:25.152+0000][gc,phases     ] GC(253)   Pre Evacuate Collection Set: 0.0ms
[2023-11-17T12:39:25.152+0000][gc,phases     ] GC(253)   Evacuate Collection Set: 15.2ms
[2023-11-17T12:39:25.152+0000][gc,phases     ] GC(253)   Post Evacuate Collection Set: 0.4ms
[2023-11-17T12:39:25.152+0000][gc,phases     ] GC(253)   Other: 0.2ms
[2023-11-17T12:39:25.152+0000][gc,heap       ] GC(253) Eden regions: 39->0(41)
[2023-11-17T12:39:25.152+0000][gc,heap       ] GC(253) Survivor regions: 5->5(6)
[2023-11-17T12:39:25.152+0000][gc,heap       ] GC(253) Old regions: 78->80
[2023-11-17T12:39:25.152+0000][gc,heap       ] GC(253) Humongous regions: 147->147
[2023-11-17T12:39:25.152+0000][gc,metaspace  ] GC(253) Metaspace: 44662K(47512K)->44662K(47512K) NonClass: 39395K(40960K)->39395K(40960K) Class: 5266K(6552K)->5266K(6552K)
[2023-11-17T12:39:25.152+0000][gc            ] GC(253) Pause Young (Normal) (G1 Evacuation Pause) 267M->229M(512M) 15.961ms
[2023-11-17T12:39:25.152+0000][gc,cpu        ] GC(253) User=0.03s Sys=0.00s Real=0.01s
[2023-11-17T12:42:06.882+0000][gc,start      ] GC(254) Pause Young (Normal) (G1 Evacuation Pause)
[2023-11-17T12:42:06.882+0000][gc,task       ] GC(254) Using 2 workers of 2 for evacuation
[2023-11-17T12:42:06.902+0000][gc,phases     ] GC(254)   Pre Evacuate Collection Set: 0.0ms
[2023-11-17T12:42:06.902+0000][gc,phases     ] GC(254)   Evacuate Collection Set: 18.7ms
[2023-11-17T12:42:06.902+0000][gc,phases     ] GC(254)   Post Evacuate Collection Set: 0.6ms
[2023-11-17T12:42:06.902+0000][gc,phases     ] GC(254)   Other: 0.2ms
[2023-11-17T12:42:06.902+0000][gc,heap       ] GC(254) Eden regions: 41->0(40)
[2023-11-17T12:42:06.902+0000][gc,heap       ] GC(254) Survivor regions: 5->5(6)
[2023-11-17T12:42:06.902+0000][gc,heap       ] GC(254) Old regions: 80->82
[2023-11-17T12:42:06.902+0000][gc,heap       ] GC(254) Humongous regions: 147->147
[2023-11-17T12:42:06.904+0000][gc,metaspace  ] GC(254) Metaspace: 44662K(47512K)->44662K(47512K) NonClass: 39395K(40960K)->39395K(40960K) Class: 5266K(6552K)->5266K(6552K)
[2023-11-17T12:42:06.904+0000][gc            ] GC(254) Pause Young (Normal) (G1 Evacuation Pause) 270M->231M(512M) 22.210ms
[2023-11-17T12:42:06.904+0000][gc,cpu        ] GC(254) User=0.04s Sys=0.00s Real=0.02s
[2023-11-17T12:44:32.453+0000][gc,start      ] GC(255) Pause Young (Normal) (G1 Evacuation Pause)
[2023-11-17T12:44:32.453+0000][gc,task       ] GC(255) Using 2 workers of 2 for evacuation
[2023-11-17T12:44:32.469+0000][gc,phases     ] GC(255)   Pre Evacuate Collection Set: 0.0ms
[2023-11-17T12:44:32.469+0000][gc,phases     ] GC(255)   Evacuate Collection Set: 15.3ms
[2023-11-17T12:44:32.469+0000][gc,phases     ] GC(255)   Post Evacuate Collection Set: 0.4ms
[2023-11-17T12:44:32.469+0000][gc,phases     ] GC(255)   Other: 0.2ms
[2023-11-17T12:44:32.469+0000][gc,heap       ] GC(255) Eden regions: 37->0(41)
[2023-11-17T12:44:32.469+0000][gc,heap       ] GC(255) Survivor regions: 5->4(6)
[2023-11-17T12:44:32.469+0000][gc,heap       ] GC(255) Old regions: 82->84
[2023-11-17T12:44:32.469+0000][gc,heap       ] GC(255) Humongous regions: 147->147
[2023-11-17T12:44:32.469+0000][gc,metaspace  ] GC(255) Metaspace: 44662K(47512K)->44662K(47512K) NonClass: 39395K(40960K)->39395K(40960K) Class: 5266K(6552K)->5266K(6552K)
[2023-11-17T12:44:32.469+0000][gc            ] GC(255) Pause Young (Normal) (G1 Evacuation Pause) 268M->233M(512M) 16.034ms
[2023-11-17T12:44:32.469+0000][gc,cpu        ] GC(255) User=0.03s Sys=0.00s Real=0.02s
[2023-11-17T12:47:13.362+0000][gc,start      ] GC(256) Pause Young (Normal) (G1 Evacuation Pause)
[2023-11-17T12:47:13.362+0000][gc,task       ] GC(256) Using 2 workers of 2 for evacuation
[2023-11-17T12:47:13.378+0000][gc,phases     ] GC(256)   Pre Evacuate Collection Set: 0.0ms
[2023-11-17T12:47:13.378+0000][gc,phases     ] GC(256)   Evacuate Collection Set: 16.0ms
[2023-11-17T12:47:13.378+0000][gc,phases     ] GC(256)   Post Evacuate Collection Set: 0.5ms
[2023-11-17T12:47:13.378+0000][gc,phases     ] GC(256)   Other: 0.2ms
[2023-11-17T12:47:13.378+0000][gc,heap       ] GC(256) Eden regions: 41->0(42)
[2023-11-17T12:47:13.378+0000][gc,heap       ] GC(256) Survivor regions: 4->4(6)
[2023-11-17T12:47:13.378+0000][gc,heap       ] GC(256) Old regions: 84->85
[2023-11-17T12:47:13.378+0000][gc,heap       ] GC(256) Humongous regions: 147->147
[2023-11-17T12:47:13.378+0000][gc,metaspace  ] GC(256) Metaspace: 44662K(47512K)->44662K(47512K) NonClass: 39395K(40960K)->39395K(40960K) Class: 5266K(6552K)->5266K(6552K)
[2023-11-17T12:47:13.378+0000][gc            ] GC(256) Pause Young (Normal) (G1 Evacuation Pause) 274M->234M(512M) 16.874ms
[2023-11-17T12:47:13.378+0000][gc,cpu        ] GC(256) User=0.03s Sys=0.00s Real=0.02s
[2023-11-17T12:49:45.981+0000][gc,start      ] GC(257) Pause Young (Normal) (G1 Evacuation Pause)
[2023-11-17T12:49:45.981+0000][gc,task       ] GC(257) Using 2 workers of 2 for evacuation
[2023-11-17T12:49:45.998+0000][gc,phases     ] GC(257)   Pre Evacuate Collection Set: 0.0ms
[2023-11-17T12:49:45.998+0000][gc,phases     ] GC(257)   Evacuate Collection Set: 15.9ms
[2023-11-17T12:49:45.998+0000][gc,phases     ] GC(257)   Post Evacuate Collection Set: 0.8ms
[2023-11-17T12:49:45.998+0000][gc,phases     ] GC(257)   Other: 0.7ms
[2023-11-17T12:49:45.998+0000][gc,heap       ] GC(257) Eden regions: 39->0(44)
[2023-11-17T12:49:45.998+0000][gc,heap       ] GC(257) Survivor regions: 4->4(6)
[2023-11-17T12:49:45.998+0000][gc,heap       ] GC(257) Old regions: 85->87
[2023-11-17T12:49:45.998+0000][gc,heap       ] GC(257) Humongous regions: 147->147
[2023-11-17T12:49:45.998+0000][gc,metaspace  ] GC(257) Metaspace: 44662K(47512K)->44662K(47512K) NonClass: 39395K(40960K)->39395K(40960K) Class: 5266K(6552K)->5266K(6552K)
[2023-11-17T12:49:45.998+0000][gc            ] GC(257) Pause Young (Normal) (G1 Evacuation Pause) 273M->235M(512M) 17.508ms
[2023-11-17T12:49:45.998+0000][gc,cpu        ] GC(257) User=0.03s Sys=0.00s Real=0.02s
[2023-11-17T12:52:11.240+0000][gc,start      ] GC(258) Pause Young (Normal) (G1 Evacuation Pause)
[2023-11-17T12:52:11.240+0000][gc,task       ] GC(258) Using 2 workers of 2 for evacuation
[2023-11-17T12:52:11.254+0000][gc,phases     ] GC(258)   Pre Evacuate Collection Set: 0.0ms
[2023-11-17T12:52:11.254+0000][gc,phases     ] GC(258)   Evacuate Collection Set: 13.7ms
[2023-11-17T12:52:11.254+0000][gc,phases     ] GC(258)   Post Evacuate Collection Set: 0.3ms
[2023-11-17T12:52:11.254+0000][gc,phases     ] GC(258)   Other: 0.2ms
[2023-11-17T12:52:11.254+0000][gc,heap       ] GC(258) Eden regions: 37->0(47)
[2023-11-17T12:52:11.254+0000][gc,heap       ] GC(258) Survivor regions: 4->3(6)
[2023-11-17T12:52:11.254+0000][gc,heap       ] GC(258) Old regions: 87->89
[2023-11-17T12:52:11.254+0000][gc,heap       ] GC(258) Humongous regions: 147->147
[2023-11-17T12:52:11.254+0000][gc,metaspace  ] GC(258) Metaspace: 44662K(47512K)->44662K(47512K) NonClass: 39395K(40960K)->39395K(40960K) Class: 5266K(6552K)->5266K(6552K)
[2023-11-17T12:52:11.254+0000][gc            ] GC(258) Pause Young (Normal) (G1 Evacuation Pause) 272M->237M(512M) 14.353ms
[2023-11-17T12:52:11.254+0000][gc,cpu        ] GC(258) User=0.03s Sys=0.00s Real=0.02s
[2023-11-17T12:54:45.708+0000][gc,start      ] GC(259) Pause Young (Normal) (G1 Evacuation Pause)
[2023-11-17T12:54:45.708+0000][gc,task       ] GC(259) Using 2 workers of 2 for evacuation
[2023-11-17T12:54:45.725+0000][gc,phases     ] GC(259)   Pre Evacuate Collection Set: 0.0ms
[2023-11-17T12:54:45.725+0000][gc,phases     ] GC(259)   Evacuate Collection Set: 16.5ms
[2023-11-17T12:54:45.725+0000][gc,phases     ] GC(259)   Post Evacuate Collection Set: 0.3ms
[2023-11-17T12:54:45.725+0000][gc,phases     ] GC(259)   Other: 0.4ms
[2023-11-17T12:54:45.725+0000][gc,heap       ] GC(259) Eden regions: 39->0(41)
[2023-11-17T12:54:45.725+0000][gc,heap       ] GC(259) Survivor regions: 3->5(6)
[2023-11-17T12:54:45.725+0000][gc,heap       ] GC(259) Old regions: 89->89
[2023-11-17T12:54:45.725+0000][gc,heap       ] GC(259) Humongous regions: 147->147
[2023-11-17T12:54:45.725+0000][gc,metaspace  ] GC(259) Metaspace: 44662K(47512K)->44662K(47512K) NonClass: 39395K(40960K)->39395K(40960K) Class: 5266K(6552K)->5266K(6552K)
[2023-11-17T12:54:45.725+0000][gc            ] GC(259) Pause Young (Normal) (G1 Evacuation Pause) 276M->238M(512M) 17.319ms
[2023-11-17T12:54:45.725+0000][gc,cpu        ] GC(259) User=0.03s Sys=0.01s Real=0.01s
[2023-11-17T12:57:10.371+0000][gc,start      ] GC(260) Pause Young (Normal) (G1 Evacuation Pause)
[2023-11-17T12:57:10.371+0000][gc,task       ] GC(260) Using 2 workers of 2 for evacuation
[2023-11-17T12:57:10.402+0000][gc,mmu        ] GC(260) MMU target violated: 21.0ms (20.0ms/21.0ms)
[2023-11-17T12:57:10.402+0000][gc,phases     ] GC(260)   Pre Evacuate Collection Set: 0.0ms
[2023-11-17T12:57:10.402+0000][gc,phases     ] GC(260)   Evacuate Collection Set: 29.6ms
[2023-11-17T12:57:10.402+0000][gc,phases     ] GC(260)   Post Evacuate Collection Set: 0.4ms
[2023-11-17T12:57:10.402+0000][gc,phases     ] GC(260)   Other: 0.7ms
[2023-11-17T12:57:10.402+0000][gc,heap       ] GC(260) Eden regions: 37->0(21)
[2023-11-17T12:57:10.402+0000][gc,heap       ] GC(260) Survivor regions: 5->4(6)
[2023-11-17T12:57:10.402+0000][gc,heap       ] GC(260) Old regions: 89->91
[2023-11-17T12:57:10.402+0000][gc,heap       ] GC(260) Humongous regions: 147->147
[2023-11-17T12:57:10.402+0000][gc,metaspace  ] GC(260) Metaspace: 44662K(47512K)->44662K(47512K) NonClass: 39395K(40960K)->39395K(40960K) Class: 5266K(6552K)->5266K(6552K)
[2023-11-17T12:57:10.402+0000][gc            ] GC(260) Pause Young (Normal) (G1 Evacuation Pause) 275M->239M(512M) 30.718ms
[2023-11-17T12:57:10.402+0000][gc,cpu        ] GC(260) User=0.05s Sys=0.01s Real=0.03s
[2023-11-17T12:58:31.372+0000][gc,start      ] GC(261) Pause Young (Normal) (G1 Evacuation Pause)
[2023-11-17T12:58:31.372+0000][gc,task       ] GC(261) Using 2 workers of 2 for evacuation
[2023-11-17T12:58:31.389+0000][gc,phases     ] GC(261)   Pre Evacuate Collection Set: 0.0ms
[2023-11-17T12:58:31.389+0000][gc,phases     ] GC(261)   Evacuate Collection Set: 16.1ms
[2023-11-17T12:58:31.389+0000][gc,phases     ] GC(261)   Post Evacuate Collection Set: 0.3ms
[2023-11-17T12:58:31.389+0000][gc,phases     ] GC(261)   Other: 0.3ms
[2023-11-17T12:58:31.389+0000][gc,heap       ] GC(261) Eden regions: 21->0(22)
[2023-11-17T12:58:31.390+0000][gc,heap       ] GC(261) Survivor regions: 4->3(4)
[2023-11-17T12:58:31.390+0000][gc,heap       ] GC(261) Old regions: 91->94
[2023-11-17T12:58:31.390+0000][gc,heap       ] GC(261) Humongous regions: 147->147
[2023-11-17T12:58:31.390+0000][gc,metaspace  ] GC(261) Metaspace: 44662K(47512K)->44662K(47512K) NonClass: 39395K(40960K)->39395K(40960K) Class: 5266K(6552K)->5266K(6552K)
[2023-11-17T12:58:31.390+0000][gc            ] GC(261) Pause Young (Normal) (G1 Evacuation Pause) 260M->242M(512M) 17.974ms
[2023-11-17T12:58:31.390+0000][gc,cpu        ] GC(261) User=0.03s Sys=0.00s Real=0.02s
[2023-11-17T12:59:56.220+0000][gc,start      ] GC(262) Pause Young (Normal) (G1 Evacuation Pause)
[2023-11-17T12:59:56.220+0000][gc,task       ] GC(262) Using 2 workers of 2 for evacuation
[2023-11-17T12:59:56.229+0000][gc,phases     ] GC(262)   Pre Evacuate Collection Set: 0.0ms
[2023-11-17T12:59:56.229+0000][gc,phases     ] GC(262)   Evacuate Collection Set: 8.9ms
[2023-11-17T12:59:56.229+0000][gc,phases     ] GC(262)   Post Evacuate Collection Set: 0.4ms
[2023-11-17T12:59:56.229+0000][gc,phases     ] GC(262)   Other: 0.2ms
[2023-11-17T12:59:56.229+0000][gc,heap       ] GC(262) Eden regions: 22->0(27)
[2023-11-17T12:59:56.229+0000][gc,heap       ] GC(262) Survivor regions: 3->2(4)
[2023-11-17T12:59:56.229+0000][gc,heap       ] GC(262) Old regions: 94->96
[2023-11-17T12:59:56.229+0000][gc,heap       ] GC(262) Humongous regions: 147->147
[2023-11-17T12:59:56.229+0000][gc,metaspace  ] GC(262) Metaspace: 44662K(47512K)->44662K(47512K) NonClass: 39395K(40960K)->39395K(40960K) Class: 5266K(6552K)->5266K(6552K)
[2023-11-17T12:59:56.229+0000][gc            ] GC(262) Pause Young (Normal) (G1 Evacuation Pause) 264M->242M(512M) 9.701ms
[2023-11-17T12:59:56.229+0000][gc,cpu        ] GC(262) User=0.01s Sys=0.00s Real=0.01s
[2023-11-17T13:01:34.460+0000][gc,start      ] GC(263) Pause Young (Normal) (G1 Evacuation Pause)
[2023-11-17T13:01:34.460+0000][gc,task       ] GC(263) Using 2 workers of 2 for evacuation
[2023-11-17T13:01:34.473+0000][gc,phases     ] GC(263)   Pre Evacuate Collection Set: 0.0ms
[2023-11-17T13:01:34.473+0000][gc,phases     ] GC(263)   Evacuate Collection Set: 12.6ms
[2023-11-17T13:01:34.473+0000][gc,phases     ] GC(263)   Post Evacuate Collection Set: 0.4ms
[2023-11-17T13:01:34.473+0000][gc,phases     ] GC(263)   Other: 0.3ms
[2023-11-17T13:01:34.473+0000][gc,heap       ] GC(263) Eden regions: 25->0(25)
[2023-11-17T13:01:34.473+0000][gc,heap       ] GC(263) Survivor regions: 2->4(4)
[2023-11-17T13:01:34.473+0000][gc,heap       ] GC(263) Old regions: 96->96
[2023-11-17T13:01:34.473+0000][gc,heap       ] GC(263) Humongous regions: 147->147
[2023-11-17T13:01:34.473+0000][gc,metaspace  ] GC(263) Metaspace: 44662K(47512K)->44662K(47512K) NonClass: 39395K(40960K)->39395K(40960K) Class: 5266K(6552K)->5266K(6552K)
[2023-11-17T13:01:34.473+0000][gc            ] GC(263) Pause Young (Normal) (G1 Evacuation Pause) 267M->245M(512M) 13.283ms
[2023-11-17T13:01:34.473+0000][gc,cpu        ] GC(263) User=0.02s Sys=0.00s Real=0.01s
[2023-11-17T13:03:10.504+0000][gc,start      ] GC(264) Pause Young (Normal) (G1 Evacuation Pause)
[2023-11-17T13:03:10.504+0000][gc,task       ] GC(264) Using 2 workers of 2 for evacuation
[2023-11-17T13:03:10.516+0000][gc,phases     ] GC(264)   Pre Evacuate Collection Set: 0.0ms
[2023-11-17T13:03:10.516+0000][gc,phases     ] GC(264)   Evacuate Collection Set: 11.5ms
[2023-11-17T13:03:10.516+0000][gc,phases     ] GC(264)   Post Evacuate Collection Set: 0.5ms
[2023-11-17T13:03:10.516+0000][gc,phases     ] GC(264)   Other: 0.2ms
[2023-11-17T13:03:10.516+0000][gc,heap       ] GC(264) Eden regions: 25->0(28)
[2023-11-17T13:03:10.516+0000][gc,heap       ] GC(264) Survivor regions: 4->3(4)
[2023-11-17T13:03:10.516+0000][gc,heap       ] GC(264) Old regions: 96->98
[2023-11-17T13:03:10.516+0000][gc,heap       ] GC(264) Humongous regions: 147->147
[2023-11-17T13:03:10.516+0000][gc,metaspace  ] GC(264) Metaspace: 44662K(47512K)->44662K(47512K) NonClass: 39395K(40960K)->39395K(40960K) Class: 5266K(6552K)->5266K(6552K)
[2023-11-17T13:03:10.516+0000][gc            ] GC(264) Pause Young (Normal) (G1 Evacuation Pause) 270M->245M(512M) 12.308ms
[2023-11-17T13:03:10.516+0000][gc,cpu        ] GC(264) User=0.02s Sys=0.00s Real=0.02s
[2023-11-17T13:05:00.016+0000][gc,start      ] GC(265) Pause Young (Normal) (G1 Evacuation Pause)
[2023-11-17T13:05:00.016+0000][gc,task       ] GC(265) Using 2 workers of 2 for evacuation
[2023-11-17T13:05:00.045+0000][gc,mmu        ] GC(265) MMU target violated: 21.0ms (20.0ms/21.0ms)
[2023-11-17T13:05:00.045+0000][gc,phases     ] GC(265)   Pre Evacuate Collection Set: 0.0ms
[2023-11-17T13:05:00.045+0000][gc,phases     ] GC(265)   Evacuate Collection Set: 26.7ms
[2023-11-17T13:05:00.045+0000][gc,phases     ] GC(265)   Post Evacuate Collection Set: 2.1ms
[2023-11-17T13:05:00.045+0000][gc,phases     ] GC(265)   Other: 0.3ms
[2023-11-17T13:05:00.045+0000][gc,heap       ] GC(265) Eden regions: 28->0(23)
[2023-11-17T13:05:00.045+0000][gc,heap       ] GC(265) Survivor regions: 3->2(4)
[2023-11-17T13:05:00.045+0000][gc,heap       ] GC(265) Old regions: 98->99
[2023-11-17T13:05:00.045+0000][gc,heap       ] GC(265) Humongous regions: 147->147
[2023-11-17T13:05:00.045+0000][gc,metaspace  ] GC(265) Metaspace: 44669K(47512K)->44669K(47512K) NonClass: 39402K(40960K)->39402K(40960K) Class: 5266K(6552K)->5266K(6552K)
[2023-11-17T13:05:00.045+0000][gc            ] GC(265) Pause Young (Normal) (G1 Evacuation Pause) 273M->245M(512M) 29.222ms
[2023-11-17T13:05:00.045+0000][gc,cpu        ] GC(265) User=0.05s Sys=0.01s Real=0.02s
[2023-11-17T13:06:29.690+0000][gc,start      ] GC(266) Pause Young (Normal) (G1 Evacuation Pause)
[2023-11-17T13:06:29.690+0000][gc,task       ] GC(266) Using 2 workers of 2 for evacuation
[2023-11-17T13:06:29.707+0000][gc,phases     ] GC(266)   Pre Evacuate Collection Set: 0.0ms
[2023-11-17T13:06:29.707+0000][gc,phases     ] GC(266)   Evacuate Collection Set: 15.8ms
[2023-11-17T13:06:29.707+0000][gc,phases     ] GC(266)   Post Evacuate Collection Set: 1.0ms
[2023-11-17T13:06:29.707+0000][gc,phases     ] GC(266)   Other: 0.2ms
[2023-11-17T13:06:29.707+0000][gc,heap       ] GC(266) Eden regions: 23->0(21)
[2023-11-17T13:06:29.707+0000][gc,heap       ] GC(266) Survivor regions: 2->4(4)
[2023-11-17T13:06:29.707+0000][gc,heap       ] GC(266) Old regions: 99->99
[2023-11-17T13:06:29.707+0000][gc,heap       ] GC(266) Humongous regions: 147->147
[2023-11-17T13:06:29.707+0000][gc,metaspace  ] GC(266) Metaspace: 44669K(47512K)->44669K(47512K) NonClass: 39402K(40960K)->39402K(40960K) Class: 5266K(6552K)->5266K(6552K)
[2023-11-17T13:06:29.707+0000][gc            ] GC(266) Pause Young (Normal) (G1 Evacuation Pause) 268M->248M(512M) 17.059ms
[2023-11-17T13:06:29.707+0000][gc,cpu        ] GC(266) User=0.03s Sys=0.00s Real=0.02s
[2023-11-17T13:07:39.481+0000][gc,start      ] GC(267) Pause Young (Normal) (G1 Evacuation Pause)
[2023-11-17T13:07:39.481+0000][gc,task       ] GC(267) Using 2 workers of 2 for evacuation
[2023-11-17T13:07:39.502+0000][gc,mmu        ] GC(267) MMU target violated: 21.0ms (20.0ms/21.0ms)
[2023-11-17T13:07:39.502+0000][gc,phases     ] GC(267)   Pre Evacuate Collection Set: 0.0ms
[2023-11-17T13:07:39.502+0000][gc,phases     ] GC(267)   Evacuate Collection Set: 20.6ms
[2023-11-17T13:07:39.502+0000][gc,phases     ] GC(267)   Post Evacuate Collection Set: 0.3ms
[2023-11-17T13:07:39.502+0000][gc,phases     ] GC(267)   Other: 0.3ms
[2023-11-17T13:07:39.502+0000][gc,heap       ] GC(267) Eden regions: 21->0(21)
[2023-11-17T13:07:39.502+0000][gc,heap       ] GC(267) Survivor regions: 4->4(4)
[2023-11-17T13:07:39.502+0000][gc,heap       ] GC(267) Old regions: 99->103
[2023-11-17T13:07:39.502+0000][gc,heap       ] GC(267) Humongous regions: 147->147
[2023-11-17T13:07:39.502+0000][gc,metaspace  ] GC(267) Metaspace: 44669K(47512K)->44669K(47512K) NonClass: 39402K(40960K)->39402K(40960K) Class: 5266K(6552K)->5266K(6552K)
[2023-11-17T13:07:39.502+0000][gc            ] GC(267) Pause Young (Normal) (G1 Evacuation Pause) 269M->252M(512M) 21.232ms
[2023-11-17T13:07:39.502+0000][gc,cpu        ] GC(267) User=0.05s Sys=0.00s Real=0.02s
[2023-11-17T13:08:51.220+0000][gc,start      ] GC(268) Pause Young (Normal) (G1 Evacuation Pause)
[2023-11-17T13:08:51.220+0000][gc,task       ] GC(268) Using 2 workers of 2 for evacuation
[2023-11-17T13:08:51.237+0000][gc,phases     ] GC(268)   Pre Evacuate Collection Set: 0.0ms
[2023-11-17T13:08:51.237+0000][gc,phases     ] GC(268)   Evacuate Collection Set: 16.7ms
[2023-11-17T13:08:51.237+0000][gc,phases     ] GC(268)   Post Evacuate Collection Set: 0.4ms
[2023-11-17T13:08:51.237+0000][gc,phases     ] GC(268)   Other: 0.2ms
[2023-11-17T13:08:51.237+0000][gc,heap       ] GC(268) Eden regions: 21->0(21)
[2023-11-17T13:08:51.237+0000][gc,heap       ] GC(268) Survivor regions: 4->4(4)
[2023-11-17T13:08:51.237+0000][gc,heap       ] GC(268) Old regions: 103->105
[2023-11-17T13:08:51.237+0000][gc,heap       ] GC(268) Humongous regions: 147->147
[2023-11-17T13:08:51.237+0000][gc,metaspace  ] GC(268) Metaspace: 44669K(47512K)->44669K(47512K) NonClass: 39402K(40960K)->39402K(40960K) Class: 5266K(6552K)->5266K(6552K)
[2023-11-17T13:08:51.237+0000][gc            ] GC(268) Pause Young (Normal) (G1 Evacuation Pause) 273M->254M(512M) 17.489ms
[2023-11-17T13:08:51.237+0000][gc,cpu        ] GC(268) User=0.03s Sys=0.00s Real=0.02s
[2023-11-17T13:10:11.583+0000][gc,start      ] GC(269) Pause Young (Normal) (G1 Evacuation Pause)
[2023-11-17T13:10:11.583+0000][gc,task       ] GC(269) Using 2 workers of 2 for evacuation
[2023-11-17T13:10:11.600+0000][gc,phases     ] GC(269)   Pre Evacuate Collection Set: 0.0ms
[2023-11-17T13:10:11.600+0000][gc,phases     ] GC(269)   Evacuate Collection Set: 16.6ms
[2023-11-17T13:10:11.600+0000][gc,phases     ] GC(269)   Post Evacuate Collection Set: 0.4ms
[2023-11-17T13:10:11.600+0000][gc,phases     ] GC(269)   Other: 0.2ms
[2023-11-17T13:10:11.600+0000][gc,heap       ] GC(269) Eden regions: 21->0(22)
[2023-11-17T13:10:11.600+0000][gc,heap       ] GC(269) Survivor regions: 4->3(4)
[2023-11-17T13:10:11.600+0000][gc,heap       ] GC(269) Old regions: 105->109
[2023-11-17T13:10:11.600+0000][gc,heap       ] GC(269) Humongous regions: 147->147
[2023-11-17T13:10:11.600+0000][gc,metaspace  ] GC(269) Metaspace: 44669K(47512K)->44669K(47512K) NonClass: 39402K(40960K)->39402K(40960K) Class: 5266K(6552K)->5266K(6552K)
[2023-11-17T13:10:11.600+0000][gc            ] GC(269) Pause Young (Normal) (G1 Evacuation Pause) 275M->256M(512M) 17.299ms
[2023-11-17T13:10:11.600+0000][gc,cpu        ] GC(269) User=0.03s Sys=0.00s Real=0.02s
[2023-11-17T13:11:37.245+0000][gc,start      ] GC(270) Pause Young (Normal) (G1 Evacuation Pause)
[2023-11-17T13:11:37.245+0000][gc,task       ] GC(270) Using 2 workers of 2 for evacuation
[2023-11-17T13:11:37.256+0000][gc,phases     ] GC(270)   Pre Evacuate Collection Set: 0.0ms
[2023-11-17T13:11:37.256+0000][gc,phases     ] GC(270)   Evacuate Collection Set: 10.2ms
[2023-11-17T13:11:37.256+0000][gc,phases     ] GC(270)   Post Evacuate Collection Set: 0.3ms
[2023-11-17T13:11:37.256+0000][gc,phases     ] GC(270)   Other: 0.2ms
[2023-11-17T13:11:37.256+0000][gc,heap       ] GC(270) Eden regions: 22->0(23)
[2023-11-17T13:11:37.256+0000][gc,heap       ] GC(270) Survivor regions: 3->3(4)
[2023-11-17T13:11:37.256+0000][gc,heap       ] GC(270) Old regions: 109->110
[2023-11-17T13:11:37.256+0000][gc,heap       ] GC(270) Humongous regions: 147->147
[2023-11-17T13:11:37.256+0000][gc,metaspace  ] GC(270) Metaspace: 44669K(47512K)->44669K(47512K) NonClass: 39402K(40960K)->39402K(40960K) Class: 5266K(6552K)->5266K(6552K)
[2023-11-17T13:11:37.256+0000][gc            ] GC(270) Pause Young (Normal) (G1 Evacuation Pause) 278M->257M(512M) 10.783ms
[2023-11-17T13:11:37.256+0000][gc,cpu        ] GC(270) User=0.02s Sys=0.00s Real=0.02s
[2023-11-17T13:13:06.964+0000][gc,start      ] GC(271) Pause Young (Normal) (G1 Evacuation Pause)
[2023-11-17T13:13:06.964+0000][gc,task       ] GC(271) Using 2 workers of 2 for evacuation
[2023-11-17T13:13:06.978+0000][gc,phases     ] GC(271)   Pre Evacuate Collection Set: 0.0ms
[2023-11-17T13:13:06.978+0000][gc,phases     ] GC(271)   Evacuate Collection Set: 13.8ms
[2023-11-17T13:13:06.978+0000][gc,phases     ] GC(271)   Post Evacuate Collection Set: 0.4ms
[2023-11-17T13:13:06.978+0000][gc,phases     ] GC(271)   Other: 0.2ms
[2023-11-17T13:13:06.978+0000][gc,heap       ] GC(271) Eden regions: 23->0(24)
[2023-11-17T13:13:06.978+0000][gc,heap       ] GC(271) Survivor regions: 3->3(4)
[2023-11-17T13:13:06.978+0000][gc,heap       ] GC(271) Old regions: 110->112
[2023-11-17T13:13:06.978+0000][gc,heap       ] GC(271) Humongous regions: 147->147
[2023-11-17T13:13:06.978+0000][gc,metaspace  ] GC(271) Metaspace: 44669K(47512K)->44669K(47512K) NonClass: 39402K(40960K)->39402K(40960K) Class: 5266K(6552K)->5266K(6552K)
[2023-11-17T13:13:06.978+0000][gc            ] GC(271) Pause Young (Normal) (G1 Evacuation Pause) 280M->260M(512M) 14.501ms
[2023-11-17T13:13:06.978+0000][gc,cpu        ] GC(271) User=0.03s Sys=0.00s Real=0.02s
[2023-11-17T13:14:32.533+0000][gc,start      ] GC(272) Pause Young (Normal) (G1 Evacuation Pause)
[2023-11-17T13:14:32.533+0000][gc,task       ] GC(272) Using 2 workers of 2 for evacuation
[2023-11-17T13:14:32.545+0000][gc,phases     ] GC(272)   Pre Evacuate Collection Set: 0.0ms
[2023-11-17T13:14:32.545+0000][gc,phases     ] GC(272)   Evacuate Collection Set: 11.9ms
[2023-11-17T13:14:32.545+0000][gc,phases     ] GC(272)   Post Evacuate Collection Set: 0.5ms
[2023-11-17T13:14:32.545+0000][gc,phases     ] GC(272)   Other: 0.2ms
[2023-11-17T13:14:32.546+0000][gc,heap       ] GC(272) Eden regions: 22->0(27)
[2023-11-17T13:14:32.546+0000][gc,heap       ] GC(272) Survivor regions: 3->3(4)
[2023-11-17T13:14:32.546+0000][gc,heap       ] GC(272) Old regions: 112->114
[2023-11-17T13:14:32.546+0000][gc,heap       ] GC(272) Humongous regions: 147->147
[2023-11-17T13:14:32.546+0000][gc,metaspace  ] GC(272) Metaspace: 44669K(47512K)->44669K(47512K) NonClass: 39402K(40960K)->39402K(40960K) Class: 5266K(6552K)->5266K(6552K)
[2023-11-17T13:14:32.546+0000][gc            ] GC(272) Pause Young (Normal) (G1 Evacuation Pause) 282M->261M(512M) 12.890ms
[2023-11-17T13:14:32.546+0000][gc,cpu        ] GC(272) User=0.03s Sys=0.00s Real=0.02s
[2023-11-17T13:16:05.791+0000][gc,start      ] GC(273) Pause Young (Normal) (G1 Evacuation Pause)
[2023-11-17T13:16:05.791+0000][gc,task       ] GC(273) Using 2 workers of 2 for evacuation
[2023-11-17T13:16:05.801+0000][gc,phases     ] GC(273)   Pre Evacuate Collection Set: 0.0ms
[2023-11-17T13:16:05.801+0000][gc,phases     ] GC(273)   Evacuate Collection Set: 8.7ms
[2023-11-17T13:16:05.801+0000][gc,phases     ] GC(273)   Post Evacuate Collection Set: 0.4ms
[2023-11-17T13:16:05.801+0000][gc,phases     ] GC(273)   Other: 0.2ms
[2023-11-17T13:16:05.801+0000][gc,heap       ] GC(273) Eden regions: 24->0(33)
[2023-11-17T13:16:05.801+0000][gc,heap       ] GC(273) Survivor regions: 3->2(4)
[2023-11-17T13:16:05.801+0000][gc,heap       ] GC(273) Old regions: 114->115
[2023-11-17T13:16:05.801+0000][gc,heap       ] GC(273) Humongous regions: 147->147
[2023-11-17T13:16:05.801+0000][gc,metaspace  ] GC(273) Metaspace: 44669K(47512K)->44669K(47512K) NonClass: 39402K(40960K)->39402K(40960K) Class: 5266K(6552K)->5266K(6552K)
[2023-11-17T13:16:05.801+0000][gc            ] GC(273) Pause Young (Normal) (G1 Evacuation Pause) 285M->261M(512M) 9.382ms
[2023-11-17T13:16:05.801+0000][gc,cpu        ] GC(273) User=0.02s Sys=0.00s Real=0.01s
[2023-11-17T13:18:15.426+0000][gc,start      ] GC(274) Pause Young (Normal) (G1 Evacuation Pause)
[2023-11-17T13:18:15.426+0000][gc,task       ] GC(274) Using 2 workers of 2 for evacuation
[2023-11-17T13:18:15.441+0000][gc,phases     ] GC(274)   Pre Evacuate Collection Set: 0.0ms
[2023-11-17T13:18:15.441+0000][gc,phases     ] GC(274)   Evacuate Collection Set: 14.4ms
[2023-11-17T13:18:15.441+0000][gc,phases     ] GC(274)   Post Evacuate Collection Set: 0.4ms
[2023-11-17T13:18:15.441+0000][gc,phases     ] GC(274)   Other: 0.2ms
[2023-11-17T13:18:15.441+0000][gc,heap       ] GC(274) Eden regions: 33->0(32)
[2023-11-17T13:18:15.441+0000][gc,heap       ] GC(274) Survivor regions: 2->5(5)
[2023-11-17T13:18:15.441+0000][gc,heap       ] GC(274) Old regions: 115->115
[2023-11-17T13:18:15.441+0000][gc,heap       ] GC(274) Humongous regions: 147->147
[2023-11-17T13:18:15.441+0000][gc,metaspace  ] GC(274) Metaspace: 44669K(47512K)->44669K(47512K) NonClass: 39402K(40960K)->39402K(40960K) Class: 5266K(6552K)->5266K(6552K)
[2023-11-17T13:18:15.441+0000][gc            ] GC(274) Pause Young (Normal) (G1 Evacuation Pause) 294M->264M(512M) 15.144ms
[2023-11-17T13:18:15.441+0000][gc,cpu        ] GC(274) User=0.03s Sys=0.00s Real=0.01s
[2023-11-17T13:20:21.141+0000][gc,start      ] GC(275) Pause Young (Normal) (G1 Evacuation Pause)
[2023-11-17T13:20:21.141+0000][gc,task       ] GC(275) Using 2 workers of 2 for evacuation
[2023-11-17T13:20:21.156+0000][gc,phases     ] GC(275)   Pre Evacuate Collection Set: 0.0ms
[2023-11-17T13:20:21.156+0000][gc,phases     ] GC(275)   Evacuate Collection Set: 14.3ms
[2023-11-17T13:20:21.156+0000][gc,phases     ] GC(275)   Post Evacuate Collection Set: 0.3ms
[2023-11-17T13:20:21.156+0000][gc,phases     ] GC(275)   Other: 0.2ms
[2023-11-17T13:20:21.156+0000][gc,heap       ] GC(275) Eden regions: 32->0(33)
[2023-11-17T13:20:21.156+0000][gc,heap       ] GC(275) Survivor regions: 5->3(5)
[2023-11-17T13:20:21.156+0000][gc,heap       ] GC(275) Old regions: 115->117
[2023-11-17T13:20:21.156+0000][gc,heap       ] GC(275) Humongous regions: 147->147
[2023-11-17T13:20:21.156+0000][gc,metaspace  ] GC(275) Metaspace: 44669K(47512K)->44669K(47512K) NonClass: 39402K(40960K)->39402K(40960K) Class: 5266K(6552K)->5266K(6552K)
[2023-11-17T13:20:21.156+0000][gc            ] GC(275) Pause Young (Normal) (G1 Evacuation Pause) 296M->265M(512M) 14.976ms
[2023-11-17T13:20:21.156+0000][gc,cpu        ] GC(275) User=0.03s Sys=0.00s Real=0.02s
[2023-11-17T13:22:30.878+0000][gc,start      ] GC(276) Pause Young (Normal) (G1 Evacuation Pause)
[2023-11-17T13:22:30.878+0000][gc,task       ] GC(276) Using 2 workers of 2 for evacuation
[2023-11-17T13:22:30.890+0000][gc,phases     ] GC(276)   Pre Evacuate Collection Set: 0.0ms
[2023-11-17T13:22:30.890+0000][gc,phases     ] GC(276)   Evacuate Collection Set: 11.7ms
[2023-11-17T13:22:30.890+0000][gc,phases     ] GC(276)   Post Evacuate Collection Set: 0.3ms
[2023-11-17T13:22:30.890+0000][gc,phases     ] GC(276)   Other: 0.2ms
[2023-11-17T13:22:30.890+0000][gc,heap       ] GC(276) Eden regions: 33->0(35)
[2023-11-17T13:22:30.890+0000][gc,heap       ] GC(276) Survivor regions: 3->3(5)
[2023-11-17T13:22:30.890+0000][gc,heap       ] GC(276) Old regions: 117->118
[2023-11-17T13:22:30.890+0000][gc,heap       ] GC(276) Humongous regions: 147->147
[2023-11-17T13:22:30.890+0000][gc,metaspace  ] GC(276) Metaspace: 44669K(47512K)->44669K(47512K) NonClass: 39402K(40960K)->39402K(40960K) Class: 5266K(6552K)->5266K(6552K)
[2023-11-17T13:22:30.891+0000][gc            ] GC(276) Pause Young (Normal) (G1 Evacuation Pause) 298M->266M(512M) 12.314ms
[2023-11-17T13:22:30.891+0000][gc,cpu        ] GC(276) User=0.02s Sys=0.00s Real=0.01s
[2023-11-17T13:24:48.128+0000][gc,start      ] GC(277) Pause Young (Normal) (G1 Evacuation Pause)
[2023-11-17T13:24:48.128+0000][gc,task       ] GC(277) Using 2 workers of 2 for evacuation
[2023-11-17T13:24:48.139+0000][gc,phases     ] GC(277)   Pre Evacuate Collection Set: 0.0ms
[2023-11-17T13:24:48.139+0000][gc,phases     ] GC(277)   Evacuate Collection Set: 10.7ms
[2023-11-17T13:24:48.139+0000][gc,phases     ] GC(277)   Post Evacuate Collection Set: 0.4ms
[2023-11-17T13:24:48.139+0000][gc,phases     ] GC(277)   Other: 0.2ms
[2023-11-17T13:24:48.139+0000][gc,heap       ] GC(277) Eden regions: 35->0(38)
[2023-11-17T13:24:48.139+0000][gc,heap       ] GC(277) Survivor regions: 3->4(5)
[2023-11-17T13:24:48.139+0000][gc,heap       ] GC(277) Old regions: 118->118
[2023-11-17T13:24:48.139+0000][gc,heap       ] GC(277) Humongous regions: 147->147
[2023-11-17T13:24:48.139+0000][gc,metaspace  ] GC(277) Metaspace: 44669K(47512K)->44669K(47512K) NonClass: 39402K(40960K)->39402K(40960K) Class: 5266K(6552K)->5266K(6552K)
[2023-11-17T13:24:48.139+0000][gc            ] GC(277) Pause Young (Normal) (G1 Evacuation Pause) 301M->267M(512M) 11.368ms
[2023-11-17T13:24:48.139+0000][gc,cpu        ] GC(277) User=0.02s Sys=0.00s Real=0.01s
[2023-11-17T13:27:18.295+0000][gc,start      ] GC(278) Pause Young (Normal) (G1 Evacuation Pause)
[2023-11-17T13:27:18.295+0000][gc,task       ] GC(278) Using 2 workers of 2 for evacuation
[2023-11-17T13:27:18.309+0000][gc,phases     ] GC(278)   Pre Evacuate Collection Set: 0.0ms
[2023-11-17T13:27:18.309+0000][gc,phases     ] GC(278)   Evacuate Collection Set: 13.1ms
[2023-11-17T13:27:18.309+0000][gc,phases     ] GC(278)   Post Evacuate Collection Set: 0.4ms
[2023-11-17T13:27:18.309+0000][gc,phases     ] GC(278)   Other: 0.2ms
[2023-11-17T13:27:18.309+0000][gc,heap       ] GC(278) Eden regions: 38->0(40)
[2023-11-17T13:27:18.309+0000][gc,heap       ] GC(278) Survivor regions: 4->4(6)
[2023-11-17T13:27:18.309+0000][gc,heap       ] GC(278) Old regions: 118->120
[2023-11-17T13:27:18.309+0000][gc,heap       ] GC(278) Humongous regions: 147->147
[2023-11-17T13:27:18.309+0000][gc,metaspace  ] GC(278) Metaspace: 44669K(47512K)->44669K(47512K) NonClass: 39403K(40960K)->39403K(40960K) Class: 5266K(6552K)->5266K(6552K)
[2023-11-17T13:27:18.309+0000][gc            ] GC(278) Pause Young (Normal) (G1 Evacuation Pause) 305M->268M(512M) 13.726ms
[2023-11-17T13:27:18.309+0000][gc,cpu        ] GC(278) User=0.03s Sys=0.00s Real=0.01s
[2023-11-17T13:29:55.687+0000][gc,start      ] GC(279) Pause Young (Normal) (G1 Evacuation Pause)
[2023-11-17T13:29:55.687+0000][gc,task       ] GC(279) Using 2 workers of 2 for evacuation
[2023-11-17T13:29:55.707+0000][gc,phases     ] GC(279)   Pre Evacuate Collection Set: 0.0ms
[2023-11-17T13:29:55.707+0000][gc,phases     ] GC(279)   Evacuate Collection Set: 19.1ms
[2023-11-17T13:29:55.707+0000][gc,phases     ] GC(279)   Post Evacuate Collection Set: 0.7ms
[2023-11-17T13:29:55.707+0000][gc,phases     ] GC(279)   Other: 0.2ms
[2023-11-17T13:29:55.707+0000][gc,heap       ] GC(279) Eden regions: 40->0(38)
[2023-11-17T13:29:55.707+0000][gc,heap       ] GC(279) Survivor regions: 4->6(6)
[2023-11-17T13:29:55.707+0000][gc,heap       ] GC(279) Old regions: 120->121
[2023-11-17T13:29:55.707+0000][gc,heap       ] GC(279) Humongous regions: 147->147
[2023-11-17T13:29:55.707+0000][gc,metaspace  ] GC(279) Metaspace: 44671K(47512K)->44671K(47512K) NonClass: 39405K(40960K)->39405K(40960K) Class: 5266K(6552K)->5266K(6552K)
[2023-11-17T13:29:55.707+0000][gc            ] GC(279) Pause Young (Normal) (G1 Evacuation Pause) 308M->272M(512M) 20.111ms
[2023-11-17T13:29:55.707+0000][gc,cpu        ] GC(279) User=0.04s Sys=0.00s Real=0.02s
[2023-11-17T13:32:25.462+0000][gc,start      ] GC(280) Pause Young (Normal) (G1 Evacuation Pause)
[2023-11-17T13:32:25.462+0000][gc,task       ] GC(280) Using 2 workers of 2 for evacuation
[2023-11-17T13:32:25.482+0000][gc,phases     ] GC(280)   Pre Evacuate Collection Set: 0.0ms
[2023-11-17T13:32:25.482+0000][gc,phases     ] GC(280)   Evacuate Collection Set: 19.4ms
[2023-11-17T13:32:25.482+0000][gc,phases     ] GC(280)   Post Evacuate Collection Set: 0.3ms
[2023-11-17T13:32:25.482+0000][gc,phases     ] GC(280)   Other: 0.2ms
[2023-11-17T13:32:25.482+0000][gc,heap       ] GC(280) Eden regions: 38->0(38)
[2023-11-17T13:32:25.482+0000][gc,heap       ] GC(280) Survivor regions: 6->5(6)
[2023-11-17T13:32:25.482+0000][gc,heap       ] GC(280) Old regions: 121->125
[2023-11-17T13:32:25.482+0000][gc,heap       ] GC(280) Humongous regions: 147->147
[2023-11-17T13:32:25.482+0000][gc,metaspace  ] GC(280) Metaspace: 44683K(47512K)->44683K(47512K) NonClass: 39417K(40960K)->39417K(40960K) Class: 5266K(6552K)->5266K(6552K)
[2023-11-17T13:32:25.482+0000][gc            ] GC(280) Pause Young (Normal) (G1 Evacuation Pause) 310M->274M(512M) 20.098ms
[2023-11-17T13:32:25.482+0000][gc,cpu        ] GC(280) User=0.03s Sys=0.01s Real=0.02s
[2023-11-17T13:34:54.048+0000][gc,start      ] GC(281) Pause Young (Normal) (G1 Evacuation Pause)
[2023-11-17T13:34:54.048+0000][gc,task       ] GC(281) Using 2 workers of 2 for evacuation
[2023-11-17T13:34:54.064+0000][gc,phases     ] GC(281)   Pre Evacuate Collection Set: 0.0ms
[2023-11-17T13:34:54.064+0000][gc,phases     ] GC(281)   Evacuate Collection Set: 14.8ms
[2023-11-17T13:34:54.064+0000][gc,phases     ] GC(281)   Post Evacuate Collection Set: 0.4ms
[2023-11-17T13:34:54.064+0000][gc,phases     ] GC(281)   Other: 0.2ms
[2023-11-17T13:34:54.064+0000][gc,heap       ] GC(281) Eden regions: 38->0(39)
[2023-11-17T13:34:54.064+0000][gc,heap       ] GC(281) Survivor regions: 5->4(6)
[2023-11-17T13:34:54.064+0000][gc,heap       ] GC(281) Old regions: 125->126
[2023-11-17T13:34:54.064+0000][gc,heap       ] GC(281) Humongous regions: 147->147
[2023-11-17T13:34:54.064+0000][gc,metaspace  ] GC(281) Metaspace: 44685K(47512K)->44685K(47512K) NonClass: 39418K(40960K)->39418K(40960K) Class: 5266K(6552K)->5266K(6552K)
[2023-11-17T13:34:54.064+0000][gc            ] GC(281) Pause Young (Normal) (G1 Evacuation Pause) 312M->275M(512M) 15.480ms
[2023-11-17T13:34:54.064+0000][gc,cpu        ] GC(281) User=0.03s Sys=0.00s Real=0.01s
[2023-11-17T13:37:19.650+0000][gc,start      ] GC(282) Pause Young (Normal) (G1 Evacuation Pause)
[2023-11-17T13:37:19.650+0000][gc,task       ] GC(282) Using 2 workers of 2 for evacuation
[2023-11-17T13:37:19.668+0000][gc,phases     ] GC(282)   Pre Evacuate Collection Set: 0.0ms
[2023-11-17T13:37:19.668+0000][gc,phases     ] GC(282)   Evacuate Collection Set: 17.1ms
[2023-11-17T13:37:19.668+0000][gc,phases     ] GC(282)   Post Evacuate Collection Set: 0.3ms
[2023-11-17T13:37:19.668+0000][gc,phases     ] GC(282)   Other: 0.4ms
[2023-11-17T13:37:19.668+0000][gc,heap       ] GC(282) Eden regions: 37->0(39)
[2023-11-17T13:37:19.668+0000][gc,heap       ] GC(282) Survivor regions: 4->4(6)
[2023-11-17T13:37:19.668+0000][gc,heap       ] GC(282) Old regions: 126->128
[2023-11-17T13:37:19.668+0000][gc,heap       ] GC(282) Humongous regions: 147->147
[2023-11-17T13:37:19.668+0000][gc,metaspace  ] GC(282) Metaspace: 44685K(47512K)->44685K(47512K) NonClass: 39418K(40960K)->39418K(40960K) Class: 5266K(6552K)->5266K(6552K)
[2023-11-17T13:37:19.668+0000][gc            ] GC(282) Pause Young (Normal) (G1 Evacuation Pause) 312M->277M(512M) 17.999ms
[2023-11-17T13:37:19.668+0000][gc,cpu        ] GC(282) User=0.03s Sys=0.00s Real=0.02s
[2023-11-17T13:39:44.075+0000][gc,start      ] GC(283) Pause Young (Normal) (G1 Evacuation Pause)
[2023-11-17T13:39:44.075+0000][gc,task       ] GC(283) Using 2 workers of 2 for evacuation
[2023-11-17T13:39:44.089+0000][gc,phases     ] GC(283)   Pre Evacuate Collection Set: 0.0ms
[2023-11-17T13:39:44.089+0000][gc,phases     ] GC(283)   Evacuate Collection Set: 13.5ms
[2023-11-17T13:39:44.089+0000][gc,phases     ] GC(283)   Post Evacuate Collection Set: 0.3ms
[2023-11-17T13:39:44.089+0000][gc,phases     ] GC(283)   Other: 0.2ms
[2023-11-17T13:39:44.089+0000][gc,heap       ] GC(283) Eden regions: 37->0(41)
[2023-11-17T13:39:44.089+0000][gc,heap       ] GC(283) Survivor regions: 4->4(6)
[2023-11-17T13:39:44.089+0000][gc,heap       ] GC(283) Old regions: 128->130
[2023-11-17T13:39:44.089+0000][gc,heap       ] GC(283) Humongous regions: 147->147
[2023-11-17T13:39:44.089+0000][gc,metaspace  ] GC(283) Metaspace: 44685K(47512K)->44685K(47512K) NonClass: 39418K(40960K)->39418K(40960K) Class: 5266K(6552K)->5266K(6552K)
[2023-11-17T13:39:44.089+0000][gc            ] GC(283) Pause Young (Normal) (G1 Evacuation Pause) 314M->278M(512M) 14.119ms
[2023-11-17T13:39:44.089+0000][gc,cpu        ] GC(283) User=0.03s Sys=0.00s Real=0.01s
[2023-11-17T13:42:21.446+0000][gc,start      ] GC(284) Pause Young (Normal) (G1 Evacuation Pause)
[2023-11-17T13:42:21.446+0000][gc,task       ] GC(284) Using 2 workers of 2 for evacuation
[2023-11-17T13:42:21.459+0000][gc,phases     ] GC(284)   Pre Evacuate Collection Set: 0.0ms
[2023-11-17T13:42:21.459+0000][gc,phases     ] GC(284)   Evacuate Collection Set: 12.9ms
[2023-11-17T13:42:21.459+0000][gc,phases     ] GC(284)   Post Evacuate Collection Set: 0.3ms
[2023-11-17T13:42:21.460+0000][gc,phases     ] GC(284)   Other: 0.2ms
[2023-11-17T13:42:21.460+0000][gc,heap       ] GC(284) Eden regions: 40->0(42)
[2023-11-17T13:42:21.460+0000][gc,heap       ] GC(284) Survivor regions: 4->5(6)
[2023-11-17T13:42:21.460+0000][gc,heap       ] GC(284) Old regions: 130->130
[2023-11-17T13:42:21.460+0000][gc,heap       ] GC(284) Humongous regions: 147->147
[2023-11-17T13:42:21.460+0000][gc,metaspace  ] GC(284) Metaspace: 44685K(47512K)->44685K(47512K) NonClass: 39418K(40960K)->39418K(40960K) Class: 5266K(6552K)->5266K(6552K)
[2023-11-17T13:42:21.460+0000][gc            ] GC(284) Pause Young (Normal) (G1 Evacuation Pause) 318M->279M(512M) 13.600ms
[2023-11-17T13:42:21.460+0000][gc,cpu        ] GC(284) User=0.02s Sys=0.00s Real=0.01s
[2023-11-17T13:45:06.725+0000][gc,start      ] GC(285) Pause Young (Normal) (G1 Evacuation Pause)
[2023-11-17T13:45:06.725+0000][gc,task       ] GC(285) Using 2 workers of 2 for evacuation
[2023-11-17T13:45:06.755+0000][gc,mmu        ] GC(285) MMU target violated: 21.0ms (20.0ms/21.0ms)
[2023-11-17T13:45:06.755+0000][gc,phases     ] GC(285)   Pre Evacuate Collection Set: 0.0ms
[2023-11-17T13:45:06.755+0000][gc,phases     ] GC(285)   Evacuate Collection Set: 29.5ms
[2023-11-17T13:45:06.755+0000][gc,phases     ] GC(285)   Post Evacuate Collection Set: 0.4ms
[2023-11-17T13:45:06.755+0000][gc,phases     ] GC(285)   Other: 0.6ms
[2023-11-17T13:45:06.755+0000][gc,heap       ] GC(285) Eden regions: 42->0(29)
[2023-11-17T13:45:06.755+0000][gc,heap       ] GC(285) Survivor regions: 5->5(6)
[2023-11-17T13:45:06.755+0000][gc,heap       ] GC(285) Old regions: 130->132
[2023-11-17T13:45:06.755+0000][gc,heap       ] GC(285) Humongous regions: 147->147
[2023-11-17T13:45:06.755+0000][gc,metaspace  ] GC(285) Metaspace: 44685K(47512K)->44685K(47512K) NonClass: 39418K(40960K)->39418K(40960K) Class: 5266K(6552K)->5266K(6552K)
[2023-11-17T13:45:06.755+0000][gc            ] GC(285) Pause Young (Normal) (G1 Evacuation Pause) 321M->281M(512M) 30.568ms
[2023-11-17T13:45:06.755+0000][gc,cpu        ] GC(285) User=0.06s Sys=0.01s Real=0.04s
[2023-11-17T13:46:59.936+0000][gc,start      ] GC(286) Pause Young (Normal) (G1 Evacuation Pause)
[2023-11-17T13:46:59.936+0000][gc,task       ] GC(286) Using 2 workers of 2 for evacuation
[2023-11-17T13:46:59.952+0000][gc,phases     ] GC(286)   Pre Evacuate Collection Set: 0.0ms
[2023-11-17T13:46:59.952+0000][gc,phases     ] GC(286)   Evacuate Collection Set: 15.4ms
[2023-11-17T13:46:59.952+0000][gc,phases     ] GC(286)   Post Evacuate Collection Set: 0.3ms
[2023-11-17T13:46:59.952+0000][gc,phases     ] GC(286)   Other: 0.2ms
[2023-11-17T13:46:59.952+0000][gc,heap       ] GC(286) Eden regions: 29->0(33)
[2023-11-17T13:46:59.952+0000][gc,heap       ] GC(286) Survivor regions: 5->2(5)
[2023-11-17T13:46:59.952+0000][gc,heap       ] GC(286) Old regions: 132->135
[2023-11-17T13:46:59.952+0000][gc,heap       ] GC(286) Humongous regions: 147->147
[2023-11-17T13:46:59.952+0000][gc,metaspace  ] GC(286) Metaspace: 44685K(47512K)->44685K(47512K) NonClass: 39418K(40960K)->39418K(40960K) Class: 5266K(6552K)->5266K(6552K)
[2023-11-17T13:46:59.952+0000][gc            ] GC(286) Pause Young (Normal) (G1 Evacuation Pause) 310M->282M(512M) 16.019ms
[2023-11-17T13:46:59.952+0000][gc,cpu        ] GC(286) User=0.03s Sys=0.00s Real=0.01s
[2023-11-17T13:49:08.679+0000][gc,start      ] GC(287) Pause Young (Normal) (G1 Evacuation Pause)
[2023-11-17T13:49:08.679+0000][gc,task       ] GC(287) Using 2 workers of 2 for evacuation
[2023-11-17T13:49:08.693+0000][gc,phases     ] GC(287)   Pre Evacuate Collection Set: 0.0ms
[2023-11-17T13:49:08.693+0000][gc,phases     ] GC(287)   Evacuate Collection Set: 14.0ms
[2023-11-17T13:49:08.693+0000][gc,phases     ] GC(287)   Post Evacuate Collection Set: 0.4ms
[2023-11-17T13:49:08.693+0000][gc,phases     ] GC(287)   Other: 0.2ms
[2023-11-17T13:49:08.693+0000][gc,heap       ] GC(287) Eden regions: 33->0(32)
[2023-11-17T13:49:08.693+0000][gc,heap       ] GC(287) Survivor regions: 2->5(5)
[2023-11-17T13:49:08.693+0000][gc,heap       ] GC(287) Old regions: 135->135
[2023-11-17T13:49:08.693+0000][gc,heap       ] GC(287) Humongous regions: 147->147
[2023-11-17T13:49:08.693+0000][gc,metaspace  ] GC(287) Metaspace: 44685K(47512K)->44685K(47512K) NonClass: 39418K(40960K)->39418K(40960K) Class: 5266K(6552K)->5266K(6552K)
[2023-11-17T13:49:08.693+0000][gc            ] GC(287) Pause Young (Normal) (G1 Evacuation Pause) 315M->285M(512M) 14.735ms
[2023-11-17T13:49:08.694+0000][gc,cpu        ] GC(287) User=0.02s Sys=0.00s Real=0.02s
[2023-11-17T13:51:14.398+0000][gc,start      ] GC(288) Pause Young (Normal) (G1 Evacuation Pause)
[2023-11-17T13:51:14.398+0000][gc,task       ] GC(288) Using 2 workers of 2 for evacuation
[2023-11-17T13:51:14.414+0000][gc,phases     ] GC(288)   Pre Evacuate Collection Set: 0.0ms
[2023-11-17T13:51:14.414+0000][gc,phases     ] GC(288)   Evacuate Collection Set: 14.4ms
[2023-11-17T13:51:14.414+0000][gc,phases     ] GC(288)   Post Evacuate Collection Set: 1.2ms
[2023-11-17T13:51:14.414+0000][gc,phases     ] GC(288)   Other: 0.3ms
[2023-11-17T13:51:14.414+0000][gc,heap       ] GC(288) Eden regions: 32->0(33)
[2023-11-17T13:51:14.414+0000][gc,heap       ] GC(288) Survivor regions: 5->4(5)
[2023-11-17T13:51:14.414+0000][gc,heap       ] GC(288) Old regions: 135->138
[2023-11-17T13:51:14.414+0000][gc,heap       ] GC(288) Humongous regions: 147->147
[2023-11-17T13:51:14.414+0000][gc,metaspace  ] GC(288) Metaspace: 44685K(47512K)->44685K(47512K) NonClass: 39418K(40960K)->39418K(40960K) Class: 5266K(6552K)->5266K(6552K)
[2023-11-17T13:51:14.414+0000][gc            ] GC(288) Pause Young (Normal) (G1 Evacuation Pause) 317M->287M(512M) 16.072ms
[2023-11-17T13:51:14.414+0000][gc,cpu        ] GC(288) User=0.03s Sys=0.00s Real=0.02s
[2023-11-17T13:53:23.619+0000][gc,start      ] GC(289) Pause Young (Normal) (G1 Evacuation Pause)
[2023-11-17T13:53:23.619+0000][gc,task       ] GC(289) Using 2 workers of 2 for evacuation
[2023-11-17T13:53:23.633+0000][gc,phases     ] GC(289)   Pre Evacuate Collection Set: 0.0ms
[2023-11-17T13:53:23.633+0000][gc,phases     ] GC(289)   Evacuate Collection Set: 13.8ms
[2023-11-17T13:53:23.633+0000][gc,phases     ] GC(289)   Post Evacuate Collection Set: 0.4ms
[2023-11-17T13:53:23.634+0000][gc,phases     ] GC(289)   Other: 0.2ms
[2023-11-17T13:53:23.634+0000][gc,heap       ] GC(289) Eden regions: 33->0(37)
[2023-11-17T13:53:23.634+0000][gc,heap       ] GC(289) Survivor regions: 4->3(5)
[2023-11-17T13:53:23.634+0000][gc,heap       ] GC(289) Old regions: 138->140
[2023-11-17T13:53:23.634+0000][gc,heap       ] GC(289) Humongous regions: 147->147
[2023-11-17T13:53:23.634+0000][gc,metaspace  ] GC(289) Metaspace: 44685K(47512K)->44685K(47512K) NonClass: 39418K(40960K)->39418K(40960K) Class: 5266K(6552K)->5266K(6552K)
[2023-11-17T13:53:23.634+0000][gc            ] GC(289) Pause Young (Normal) (G1 Evacuation Pause) 320M->287M(512M) 14.596ms
[2023-11-17T13:53:23.634+0000][gc,cpu        ] GC(289) User=0.03s Sys=0.00s Real=0.02s
[2023-11-17T13:55:49.016+0000][gc,start      ] GC(290) Pause Young (Normal) (G1 Evacuation Pause)
[2023-11-17T13:55:49.016+0000][gc,task       ] GC(290) Using 2 workers of 2 for evacuation
[2023-11-17T13:55:49.028+0000][gc,phases     ] GC(290)   Pre Evacuate Collection Set: 0.0ms
[2023-11-17T13:55:49.028+0000][gc,phases     ] GC(290)   Evacuate Collection Set: 11.6ms
[2023-11-17T13:55:49.028+0000][gc,phases     ] GC(290)   Post Evacuate Collection Set: 0.4ms
[2023-11-17T13:55:49.028+0000][gc,phases     ] GC(290)   Other: 0.2ms
[2023-11-17T13:55:49.028+0000][gc,heap       ] GC(290) Eden regions: 37->0(40)
[2023-11-17T13:55:49.028+0000][gc,heap       ] GC(290) Survivor regions: 3->3(5)
[2023-11-17T13:55:49.028+0000][gc,heap       ] GC(290) Old regions: 140->141
[2023-11-17T13:55:49.028+0000][gc,heap       ] GC(290) Humongous regions: 147->147
[2023-11-17T13:55:49.028+0000][gc,metaspace  ] GC(290) Metaspace: 44685K(47512K)->44685K(47512K) NonClass: 39418K(40960K)->39418K(40960K) Class: 5266K(6552K)->5266K(6552K)
[2023-11-17T13:55:49.028+0000][gc            ] GC(290) Pause Young (Normal) (G1 Evacuation Pause) 324M->289M(512M) 12.319ms
[2023-11-17T13:55:49.028+0000][gc,cpu        ] GC(290) User=0.03s Sys=0.00s Real=0.01s
[2023-11-17T13:58:25.636+0000][gc,start      ] GC(291) Pause Young (Normal) (G1 Evacuation Pause)
[2023-11-17T13:58:25.636+0000][gc,task       ] GC(291) Using 2 workers of 2 for evacuation
[2023-11-17T13:58:25.656+0000][gc,mmu        ] GC(291) MMU target violated: 20.5ms (20.0ms/21.0ms)
[2023-11-17T13:58:25.656+0000][gc,phases     ] GC(291)   Pre Evacuate Collection Set: 0.0ms
[2023-11-17T13:58:25.656+0000][gc,phases     ] GC(291)   Evacuate Collection Set: 12.3ms
[2023-11-17T13:58:25.656+0000][gc,phases     ] GC(291)   Post Evacuate Collection Set: 8.1ms
[2023-11-17T13:58:25.656+0000][gc,phases     ] GC(291)   Other: 0.3ms
[2023-11-17T13:58:25.656+0000][gc,heap       ] GC(291) Eden regions: 40->0(35)
[2023-11-17T13:58:25.656+0000][gc,heap       ] GC(291) Survivor regions: 3->4(6)
[2023-11-17T13:58:25.656+0000][gc,heap       ] GC(291) Old regions: 141->141
[2023-11-17T13:58:25.656+0000][gc,heap       ] GC(291) Humongous regions: 147->147
[2023-11-17T13:58:25.656+0000][gc,metaspace  ] GC(291) Metaspace: 44685K(47512K)->44685K(47512K) NonClass: 39418K(40960K)->39418K(40960K) Class: 5266K(6552K)->5266K(6552K)
[2023-11-17T13:58:25.657+0000][gc            ] GC(291) Pause Young (Normal) (G1 Evacuation Pause) 329M->290M(512M) 20.730ms
[2023-11-17T13:58:25.657+0000][gc,cpu        ] GC(291) User=0.03s Sys=0.00s Real=0.02s
[2023-11-17T14:00:43.373+0000][gc,start      ] GC(292) Pause Young (Normal) (G1 Evacuation Pause)
[2023-11-17T14:00:43.373+0000][gc,task       ] GC(292) Using 2 workers of 2 for evacuation
[2023-11-17T14:00:43.395+0000][gc,mmu        ] GC(292) MMU target violated: 21.0ms (20.0ms/21.0ms)
[2023-11-17T14:00:43.396+0000][gc,phases     ] GC(292)   Pre Evacuate Collection Set: 0.0ms
[2023-11-17T14:00:43.396+0000][gc,phases     ] GC(292)   Evacuate Collection Set: 22.3ms
[2023-11-17T14:00:43.396+0000][gc,phases     ] GC(292)   Post Evacuate Collection Set: 0.3ms
[2023-11-17T14:00:43.396+0000][gc,phases     ] GC(292)   Other: 0.3ms
[2023-11-17T14:00:43.396+0000][gc,heap       ] GC(292) Eden regions: 35->0(31)
[2023-11-17T14:00:43.396+0000][gc,heap       ] GC(292) Survivor regions: 4->4(5)
[2023-11-17T14:00:43.396+0000][gc,heap       ] GC(292) Old regions: 141->143
[2023-11-17T14:00:43.396+0000][gc,heap       ] GC(292) Humongous regions: 147->147
[2023-11-17T14:00:43.396+0000][gc,metaspace  ] GC(292) Metaspace: 44685K(47512K)->44685K(47512K) NonClass: 39418K(40960K)->39418K(40960K) Class: 5266K(6552K)->5266K(6552K)
[2023-11-17T14:00:43.396+0000][gc            ] GC(292) Pause Young (Normal) (G1 Evacuation Pause) 325M->291M(512M) 22.971ms
[2023-11-17T14:00:43.396+0000][gc,cpu        ] GC(292) User=0.05s Sys=0.00s Real=0.03s
[2023-11-17T14:02:45.595+0000][gc,start      ] GC(293) Pause Young (Normal) (G1 Evacuation Pause)
[2023-11-17T14:02:45.595+0000][gc,task       ] GC(293) Using 2 workers of 2 for evacuation
[2023-11-17T14:02:45.614+0000][gc,phases     ] GC(293)   Pre Evacuate Collection Set: 0.0ms
[2023-11-17T14:02:45.614+0000][gc,phases     ] GC(293)   Evacuate Collection Set: 17.8ms
[2023-11-17T14:02:45.614+0000][gc,phases     ] GC(293)   Post Evacuate Collection Set: 0.9ms
[2023-11-17T14:02:45.614+0000][gc,phases     ] GC(293)   Other: 0.2ms
[2023-11-17T14:02:45.614+0000][gc,heap       ] GC(293) Eden regions: 31->0(28)
[2023-11-17T14:02:45.614+0000][gc,heap       ] GC(293) Survivor regions: 4->5(5)
[2023-11-17T14:02:45.614+0000][gc,heap       ] GC(293) Old regions: 143->144
[2023-11-17T14:02:45.614+0000][gc,heap       ] GC(293) Humongous regions: 147->147
[2023-11-17T14:02:45.614+0000][gc,metaspace  ] GC(293) Metaspace: 44685K(47512K)->44685K(47512K) NonClass: 39418K(40960K)->39418K(40960K) Class: 5266K(6552K)->5266K(6552K)
[2023-11-17T14:02:45.614+0000][gc            ] GC(293) Pause Young (Normal) (G1 Evacuation Pause) 322M->294M(512M) 19.069ms
[2023-11-17T14:02:45.614+0000][gc,cpu        ] GC(293) User=0.03s Sys=0.00s Real=0.02s
[2023-11-17T14:04:34.540+0000][gc,start      ] GC(294) Pause Young (Normal) (G1 Evacuation Pause)
[2023-11-17T14:04:34.540+0000][gc,task       ] GC(294) Using 2 workers of 2 for evacuation
[2023-11-17T14:04:34.555+0000][gc,phases     ] GC(294)   Pre Evacuate Collection Set: 0.0ms
[2023-11-17T14:04:34.555+0000][gc,phases     ] GC(294)   Evacuate Collection Set: 14.4ms
[2023-11-17T14:04:34.555+0000][gc,phases     ] GC(294)   Post Evacuate Collection Set: 0.3ms
[2023-11-17T14:04:34.555+0000][gc,phases     ] GC(294)   Other: 0.2ms
[2023-11-17T14:04:34.555+0000][gc,heap       ] GC(294) Eden regions: 28->0(29)
[2023-11-17T14:04:34.555+0000][gc,heap       ] GC(294) Survivor regions: 5->3(5)
[2023-11-17T14:04:34.555+0000][gc,heap       ] GC(294) Old regions: 144->147
[2023-11-17T14:04:34.555+0000][gc,heap       ] GC(294) Humongous regions: 147->147
[2023-11-17T14:04:34.555+0000][gc,metaspace  ] GC(294) Metaspace: 44685K(47512K)->44685K(47512K) NonClass: 39418K(40960K)->39418K(40960K) Class: 5266K(6552K)->5266K(6552K)
[2023-11-17T14:04:34.555+0000][gc            ] GC(294) Pause Young (Normal) (G1 Evacuation Pause) 322M->295M(512M) 14.992ms
[2023-11-17T14:04:34.555+0000][gc,cpu        ] GC(294) User=0.02s Sys=0.00s Real=0.02s
[2023-11-17T14:06:27.967+0000][gc,start      ] GC(295) Pause Young (Normal) (G1 Evacuation Pause)
[2023-11-17T14:06:27.967+0000][gc,task       ] GC(295) Using 2 workers of 2 for evacuation
[2023-11-17T14:06:27.977+0000][gc,phases     ] GC(295)   Pre Evacuate Collection Set: 0.0ms
[2023-11-17T14:06:27.977+0000][gc,phases     ] GC(295)   Evacuate Collection Set: 9.9ms
[2023-11-17T14:06:27.977+0000][gc,phases     ] GC(295)   Post Evacuate Collection Set: 0.4ms
[2023-11-17T14:06:27.977+0000][gc,phases     ] GC(295)   Other: 0.2ms
[2023-11-17T14:06:27.977+0000][gc,heap       ] GC(295) Eden regions: 29->0(33)
[2023-11-17T14:06:27.977+0000][gc,heap       ] GC(295) Survivor regions: 3->2(4)
[2023-11-17T14:06:27.977+0000][gc,heap       ] GC(295) Old regions: 147->148
[2023-11-17T14:06:27.977+0000][gc,heap       ] GC(295) Humongous regions: 147->147
[2023-11-17T14:06:27.977+0000][gc,metaspace  ] GC(295) Metaspace: 44685K(47512K)->44685K(47512K) NonClass: 39418K(40960K)->39418K(40960K) Class: 5266K(6552K)->5266K(6552K)
[2023-11-17T14:06:27.977+0000][gc            ] GC(295) Pause Young (Normal) (G1 Evacuation Pause) 324M->295M(512M) 10.616ms
[2023-11-17T14:06:27.977+0000][gc,cpu        ] GC(295) User=0.03s Sys=0.00s Real=0.01s
[2023-11-17T14:07:59.992+0000][gc,start      ] GC(296) Pause Young (Normal) (G1 Evacuation Pause)
[2023-11-17T14:07:59.992+0000][gc,task       ] GC(296) Using 2 workers of 2 for evacuation
[2023-11-17T14:08:00.067+0000][gc,mmu        ] GC(296) MMU target violated: 21.0ms (20.0ms/21.0ms)
[2023-11-17T14:08:00.067+0000][gc,phases     ] GC(296)   Pre Evacuate Collection Set: 0.0ms
[2023-11-17T14:08:00.067+0000][gc,phases     ] GC(296)   Evacuate Collection Set: 74.9ms
[2023-11-17T14:08:00.067+0000][gc,phases     ] GC(296)   Post Evacuate Collection Set: 0.5ms
[2023-11-17T14:08:00.067+0000][gc,phases     ] GC(296)   Other: 0.3ms
[2023-11-17T14:08:00.067+0000][gc,heap       ] GC(296) Eden regions: 28->0(21)
[2023-11-17T14:08:00.067+0000][gc,heap       ] GC(296) Survivor regions: 2->4(4)
[2023-11-17T14:08:00.067+0000][gc,heap       ] GC(296) Old regions: 148->152
[2023-11-17T14:08:00.067+0000][gc,heap       ] GC(296) Humongous regions: 147->147
[2023-11-17T14:08:00.067+0000][gc,metaspace  ] GC(296) Metaspace: 44685K(47512K)->44685K(47512K) NonClass: 39419K(40960K)->39419K(40960K) Class: 5266K(6552K)->5266K(6552K)
[2023-11-17T14:08:00.067+0000][gc            ] GC(296) Pause Young (Normal) (G1 Evacuation Pause) 323M->300M(512M) 75.814ms
[2023-11-17T14:08:00.067+0000][gc,cpu        ] GC(296) User=0.12s Sys=0.02s Real=0.08s
[2023-11-17T14:09:17.660+0000][gc,start      ] GC(297) Pause Young (Normal) (G1 Evacuation Pause)
[2023-11-17T14:09:17.660+0000][gc,task       ] GC(297) Using 2 workers of 2 for evacuation
[2023-11-17T14:09:17.676+0000][gc,phases     ] GC(297)   Pre Evacuate Collection Set: 0.0ms
[2023-11-17T14:09:17.676+0000][gc,phases     ] GC(297)   Evacuate Collection Set: 15.1ms
[2023-11-17T14:09:17.676+0000][gc,phases     ] GC(297)   Post Evacuate Collection Set: 0.7ms
[2023-11-17T14:09:17.676+0000][gc,phases     ] GC(297)   Other: 0.2ms
[2023-11-17T14:09:17.676+0000][gc,heap       ] GC(297) Eden regions: 21->0(23)
[2023-11-17T14:09:17.676+0000][gc,heap       ] GC(297) Survivor regions: 4->2(4)
[2023-11-17T14:09:17.676+0000][gc,heap       ] GC(297) Old regions: 152->154
[2023-11-17T14:09:17.676+0000][gc,heap       ] GC(297) Humongous regions: 147->147
[2023-11-17T14:09:17.676+0000][gc,metaspace  ] GC(297) Metaspace: 44685K(47512K)->44685K(47512K) NonClass: 39419K(40960K)->39419K(40960K) Class: 5266K(6552K)->5266K(6552K)
[2023-11-17T14:09:17.676+0000][gc            ] GC(297) Pause Young (Normal) (G1 Evacuation Pause) 321M->301M(512M) 16.029ms
[2023-11-17T14:09:17.676+0000][gc,cpu        ] GC(297) User=0.03s Sys=0.00s Real=0.02s
[2023-11-17T14:10:46.826+0000][gc,start      ] GC(298) Pause Young (Normal) (G1 Evacuation Pause)
[2023-11-17T14:10:46.826+0000][gc,task       ] GC(298) Using 2 workers of 2 for evacuation
[2023-11-17T14:10:46.838+0000][gc,phases     ] GC(298)   Pre Evacuate Collection Set: 0.0ms
[2023-11-17T14:10:46.838+0000][gc,phases     ] GC(298)   Evacuate Collection Set: 11.1ms
[2023-11-17T14:10:46.838+0000][gc,phases     ] GC(298)   Post Evacuate Collection Set: 0.4ms
[2023-11-17T14:10:46.838+0000][gc,phases     ] GC(298)   Other: 0.2ms
[2023-11-17T14:10:46.838+0000][gc,heap       ] GC(298) Eden regions: 23->0(21)
[2023-11-17T14:10:46.838+0000][gc,heap       ] GC(298) Survivor regions: 2->4(4)
[2023-11-17T14:10:46.838+0000][gc,heap       ] GC(298) Old regions: 154->154
[2023-11-17T14:10:46.838+0000][gc,heap       ] GC(298) Humongous regions: 147->147
[2023-11-17T14:10:46.838+0000][gc,metaspace  ] GC(298) Metaspace: 44685K(47512K)->44685K(47512K) NonClass: 39419K(40960K)->39419K(40960K) Class: 5266K(6552K)->5266K(6552K)
[2023-11-17T14:10:46.838+0000][gc            ] GC(298) Pause Young (Normal) (G1 Evacuation Pause) 324M->303M(512M) 11.824ms
[2023-11-17T14:10:46.838+0000][gc,cpu        ] GC(298) User=0.03s Sys=0.00s Real=0.01s
[2023-11-17T14:12:08.009+0000][gc,start      ] GC(299) Pause Young (Normal) (G1 Evacuation Pause)
[2023-11-17T14:12:08.009+0000][gc,task       ] GC(299) Using 2 workers of 2 for evacuation
[2023-11-17T14:12:08.021+0000][gc,phases     ] GC(299)   Pre Evacuate Collection Set: 0.0ms
[2023-11-17T14:12:08.021+0000][gc,phases     ] GC(299)   Evacuate Collection Set: 11.3ms
[2023-11-17T14:12:08.021+0000][gc,phases     ] GC(299)   Post Evacuate Collection Set: 0.3ms
[2023-11-17T14:12:08.021+0000][gc,phases     ] GC(299)   Other: 0.3ms
[2023-11-17T14:12:08.021+0000][gc,heap       ] GC(299) Eden regions: 21->0(23)
[2023-11-17T14:12:08.021+0000][gc,heap       ] GC(299) Survivor regions: 4->2(4)
[2023-11-17T14:12:08.021+0000][gc,heap       ] GC(299) Old regions: 154->157
[2023-11-17T14:12:08.021+0000][gc,heap       ] GC(299) Humongous regions: 147->147
[2023-11-17T14:12:08.021+0000][gc,metaspace  ] GC(299) Metaspace: 44685K(47512K)->44685K(47512K) NonClass: 39419K(40960K)->39419K(40960K) Class: 5266K(6552K)->5266K(6552K)
[2023-11-17T14:12:08.021+0000][gc            ] GC(299) Pause Young (Normal) (G1 Evacuation Pause) 324M->303M(512M) 11.970ms
[2023-11-17T14:12:08.021+0000][gc,cpu        ] GC(299) User=0.03s Sys=0.00s Real=0.01s
[2023-11-17T14:13:37.179+0000][gc,start      ] GC(300) Pause Young (Normal) (G1 Evacuation Pause)
[2023-11-17T14:13:37.179+0000][gc,task       ] GC(300) Using 2 workers of 2 for evacuation
[2023-11-17T14:13:37.206+0000][gc,mmu        ] GC(300) MMU target violated: 21.0ms (20.0ms/21.0ms)
[2023-11-17T14:13:37.206+0000][gc,phases     ] GC(300)   Pre Evacuate Collection Set: 0.0ms
[2023-11-17T14:13:37.206+0000][gc,phases     ] GC(300)   Evacuate Collection Set: 23.6ms
[2023-11-17T14:13:37.206+0000][gc,phases     ] GC(300)   Post Evacuate Collection Set: 3.3ms
[2023-11-17T14:13:37.206+0000][gc,phases     ] GC(300)   Other: 0.3ms
[2023-11-17T14:13:37.206+0000][gc,heap       ] GC(300) Eden regions: 23->0(21)
[2023-11-17T14:13:37.206+0000][gc,heap       ] GC(300) Survivor regions: 2->4(4)
[2023-11-17T14:13:37.206+0000][gc,heap       ] GC(300) Old regions: 157->157
[2023-11-17T14:13:37.206+0000][gc,heap       ] GC(300) Humongous regions: 147->147
[2023-11-17T14:13:37.206+0000][gc,metaspace  ] GC(300) Metaspace: 44685K(47512K)->44685K(47512K) NonClass: 39419K(40960K)->39419K(40960K) Class: 5266K(6552K)->5266K(6552K)
[2023-11-17T14:13:37.206+0000][gc            ] GC(300) Pause Young (Normal) (G1 Evacuation Pause) 326M->305M(512M) 27.264ms
[2023-11-17T14:13:37.206+0000][gc,cpu        ] GC(300) User=0.05s Sys=0.00s Real=0.03s
[2023-11-17T14:14:59.339+0000][gc,start      ] GC(301) Pause Young (Normal) (G1 Evacuation Pause)
[2023-11-17T14:14:59.339+0000][gc,task       ] GC(301) Using 2 workers of 2 for evacuation
[2023-11-17T14:14:59.348+0000][gc,phases     ] GC(301)   Pre Evacuate Collection Set: 0.0ms
[2023-11-17T14:14:59.348+0000][gc,phases     ] GC(301)   Evacuate Collection Set: 8.8ms
[2023-11-17T14:14:59.348+0000][gc,phases     ] GC(301)   Post Evacuate Collection Set: 0.3ms
[2023-11-17T14:14:59.348+0000][gc,phases     ] GC(301)   Other: 0.2ms
[2023-11-17T14:14:59.348+0000][gc,heap       ] GC(301) Eden regions: 21->0(23)
[2023-11-17T14:14:59.348+0000][gc,heap       ] GC(301) Survivor regions: 4->2(4)
[2023-11-17T14:14:59.348+0000][gc,heap       ] GC(301) Old regions: 157->159
[2023-11-17T14:14:59.348+0000][gc,heap       ] GC(301) Humongous regions: 147->147
[2023-11-17T14:14:59.348+0000][gc,metaspace  ] GC(301) Metaspace: 44685K(47512K)->44685K(47512K) NonClass: 39419K(40960K)->39419K(40960K) Class: 5266K(6552K)->5266K(6552K)
[2023-11-17T14:14:59.348+0000][gc            ] GC(301) Pause Young (Normal) (G1 Evacuation Pause) 326M->305M(512M) 9.377ms
[2023-11-17T14:14:59.348+0000][gc,cpu        ] GC(301) User=0.01s Sys=0.00s Real=0.01s
[2023-11-17T14:16:28.981+0000][gc,start      ] GC(302) Pause Young (Normal) (G1 Evacuation Pause)
[2023-11-17T14:16:28.981+0000][gc,task       ] GC(302) Using 2 workers of 2 for evacuation
[2023-11-17T14:16:28.995+0000][gc,phases     ] GC(302)   Pre Evacuate Collection Set: 0.0ms
[2023-11-17T14:16:28.995+0000][gc,phases     ] GC(302)   Evacuate Collection Set: 13.3ms
[2023-11-17T14:16:28.995+0000][gc,phases     ] GC(302)   Post Evacuate Collection Set: 0.3ms
[2023-11-17T14:16:28.995+0000][gc,phases     ] GC(302)   Other: 0.2ms
[2023-11-17T14:16:28.995+0000][gc,heap       ] GC(302) Eden regions: 23->0(21)
[2023-11-17T14:16:28.995+0000][gc,heap       ] GC(302) Survivor regions: 2->4(4)
[2023-11-17T14:16:28.995+0000][gc,heap       ] GC(302) Old regions: 159->159
[2023-11-17T14:16:28.995+0000][gc,heap       ] GC(302) Humongous regions: 147->147
[2023-11-17T14:16:28.995+0000][gc,metaspace  ] GC(302) Metaspace: 44685K(47512K)->44685K(47512K) NonClass: 39419K(40960K)->39419K(40960K) Class: 5266K(6552K)->5266K(6552K)
[2023-11-17T14:16:28.995+0000][gc            ] GC(302) Pause Young (Normal) (G1 Evacuation Pause) 328M->307M(512M) 13.927ms
[2023-11-17T14:16:28.995+0000][gc,cpu        ] GC(302) User=0.02s Sys=0.00s Real=0.02s
[2023-11-17T14:17:50.134+0000][gc,start      ] GC(303) Pause Young (Normal) (G1 Evacuation Pause)
[2023-11-17T14:17:50.134+0000][gc,task       ] GC(303) Using 2 workers of 2 for evacuation
[2023-11-17T14:17:50.145+0000][gc,phases     ] GC(303)   Pre Evacuate Collection Set: 0.0ms
[2023-11-17T14:17:50.145+0000][gc,phases     ] GC(303)   Evacuate Collection Set: 9.7ms
[2023-11-17T14:17:50.145+0000][gc,phases     ] GC(303)   Post Evacuate Collection Set: 0.3ms
[2023-11-17T14:17:50.145+0000][gc,phases     ] GC(303)   Other: 0.2ms
[2023-11-17T14:17:50.145+0000][gc,heap       ] GC(303) Eden regions: 21->0(24)
[2023-11-17T14:17:50.145+0000][gc,heap       ] GC(303) Survivor regions: 4->2(4)
[2023-11-17T14:17:50.145+0000][gc,heap       ] GC(303) Old regions: 159->160
[2023-11-17T14:17:50.145+0000][gc,heap       ] GC(303) Humongous regions: 147->147
[2023-11-17T14:17:50.145+0000][gc,metaspace  ] GC(303) Metaspace: 44685K(47512K)->44685K(47512K) NonClass: 39419K(40960K)->39419K(40960K) Class: 5266K(6552K)->5266K(6552K)
[2023-11-17T14:17:50.145+0000][gc            ] GC(303) Pause Young (Normal) (G1 Evacuation Pause) 328M->307M(512M) 10.331ms
[2023-11-17T14:17:50.145+0000][gc,cpu        ] GC(303) User=0.02s Sys=0.01s Real=0.00s
[2023-11-17T14:19:22.815+0000][gc,start      ] GC(304) Pause Young (Normal) (G1 Evacuation Pause)
[2023-11-17T14:19:22.815+0000][gc,task       ] GC(304) Using 2 workers of 2 for evacuation
[2023-11-17T14:19:22.829+0000][gc,phases     ] GC(304)   Pre Evacuate Collection Set: 0.0ms
[2023-11-17T14:19:22.829+0000][gc,phases     ] GC(304)   Evacuate Collection Set: 13.3ms
[2023-11-17T14:19:22.829+0000][gc,phases     ] GC(304)   Post Evacuate Collection Set: 0.5ms
[2023-11-17T14:19:22.829+0000][gc,phases     ] GC(304)   Other: 0.3ms
[2023-11-17T14:19:22.829+0000][gc,heap       ] GC(304) Eden regions: 24->0(24)
[2023-11-17T14:19:22.829+0000][gc,heap       ] GC(304) Survivor regions: 2->4(4)
[2023-11-17T14:19:22.829+0000][gc,heap       ] GC(304) Old regions: 160->160
[2023-11-17T14:19:22.829+0000][gc,heap       ] GC(304) Humongous regions: 147->147
[2023-11-17T14:19:22.829+0000][gc,metaspace  ] GC(304) Metaspace: 44685K(47512K)->44685K(47512K) NonClass: 39419K(40960K)->39419K(40960K) Class: 5266K(6552K)->5266K(6552K)
[2023-11-17T14:19:22.829+0000][gc            ] GC(304) Pause Young (Normal) (G1 Evacuation Pause) 331M->309M(512M) 14.101ms
[2023-11-17T14:19:22.829+0000][gc,cpu        ] GC(304) User=0.02s Sys=0.00s Real=0.01s
[2023-11-17T14:20:56.856+0000][gc,start      ] GC(305) Pause Young (Normal) (G1 Evacuation Pause)
[2023-11-17T14:20:56.856+0000][gc,task       ] GC(305) Using 2 workers of 2 for evacuation
[2023-11-17T14:20:56.868+0000][gc,phases     ] GC(305)   Pre Evacuate Collection Set: 0.0ms
[2023-11-17T14:20:56.868+0000][gc,phases     ] GC(305)   Evacuate Collection Set: 12.0ms
[2023-11-17T14:20:56.868+0000][gc,phases     ] GC(305)   Post Evacuate Collection Set: 0.3ms
[2023-11-17T14:20:56.868+0000][gc,phases     ] GC(305)   Other: 0.2ms
[2023-11-17T14:20:56.868+0000][gc,heap       ] GC(305) Eden regions: 24->0(27)
[2023-11-17T14:20:56.868+0000][gc,heap       ] GC(305) Survivor regions: 4->2(4)
[2023-11-17T14:20:56.868+0000][gc,heap       ] GC(305) Old regions: 160->162
[2023-11-17T14:20:56.868+0000][gc,heap       ] GC(305) Humongous regions: 147->147
[2023-11-17T14:20:56.868+0000][gc,metaspace  ] GC(305) Metaspace: 44685K(47512K)->44685K(47512K) NonClass: 39419K(40960K)->39419K(40960K) Class: 5266K(6552K)->5266K(6552K)
[2023-11-17T14:20:56.868+0000][gc            ] GC(305) Pause Young (Normal) (G1 Evacuation Pause) 333M->309M(512M) 12.637ms
[2023-11-17T14:20:56.868+0000][gc,cpu        ] GC(305) User=0.02s Sys=0.00s Real=0.01s
[2023-11-17T14:22:42.653+0000][gc,start      ] GC(306) Pause Young (Normal) (G1 Evacuation Pause)
[2023-11-17T14:22:42.653+0000][gc,task       ] GC(306) Using 2 workers of 2 for evacuation
[2023-11-17T14:22:42.667+0000][gc,phases     ] GC(306)   Pre Evacuate Collection Set: 0.0ms
[2023-11-17T14:22:42.667+0000][gc,phases     ] GC(306)   Evacuate Collection Set: 13.6ms
[2023-11-17T14:22:42.667+0000][gc,phases     ] GC(306)   Post Evacuate Collection Set: 0.3ms
[2023-11-17T14:22:42.667+0000][gc,phases     ] GC(306)   Other: 0.2ms
[2023-11-17T14:22:42.667+0000][gc,heap       ] GC(306) Eden regions: 27->0(27)
[2023-11-17T14:22:42.667+0000][gc,heap       ] GC(306) Survivor regions: 2->4(4)
[2023-11-17T14:22:42.667+0000][gc,heap       ] GC(306) Old regions: 162->163
[2023-11-17T14:22:42.667+0000][gc,heap       ] GC(306) Humongous regions: 147->147
[2023-11-17T14:22:42.667+0000][gc,metaspace  ] GC(306) Metaspace: 44685K(47512K)->44685K(47512K) NonClass: 39419K(40960K)->39419K(40960K) Class: 5266K(6552K)->5266K(6552K)
[2023-11-17T14:22:42.667+0000][gc            ] GC(306) Pause Young (Normal) (G1 Evacuation Pause) 336M->312M(512M) 14.218ms
[2023-11-17T14:22:42.667+0000][gc,cpu        ] GC(306) User=0.03s Sys=0.00s Real=0.02s
[2023-11-17T14:24:27.343+0000][gc,start      ] GC(307) Pause Young (Normal) (G1 Evacuation Pause)
[2023-11-17T14:24:27.343+0000][gc,task       ] GC(307) Using 2 workers of 2 for evacuation
[2023-11-17T14:24:27.361+0000][gc,phases     ] GC(307)   Pre Evacuate Collection Set: 0.0ms
[2023-11-17T14:24:27.361+0000][gc,phases     ] GC(307)   Evacuate Collection Set: 15.7ms
[2023-11-17T14:24:27.361+0000][gc,phases     ] GC(307)   Post Evacuate Collection Set: 1.5ms
[2023-11-17T14:24:27.361+0000][gc,phases     ] GC(307)   Other: 0.7ms
[2023-11-17T14:24:27.361+0000][gc,heap       ] GC(307) Eden regions: 27->0(27)
[2023-11-17T14:24:27.361+0000][gc,heap       ] GC(307) Survivor regions: 4->3(4)
[2023-11-17T14:24:27.361+0000][gc,heap       ] GC(307) Old regions: 163->165
[2023-11-17T14:24:27.361+0000][gc,heap       ] GC(307) Humongous regions: 147->147
[2023-11-17T14:24:27.361+0000][gc,metaspace  ] GC(307) Metaspace: 44685K(47512K)->44685K(47512K) NonClass: 39419K(40960K)->39419K(40960K) Class: 5266K(6552K)->5266K(6552K)
[2023-11-17T14:24:27.361+0000][gc            ] GC(307) Pause Young (Normal) (G1 Evacuation Pause) 339M->312M(512M) 17.883ms
[2023-11-17T14:24:27.361+0000][gc,cpu        ] GC(307) User=0.03s Sys=0.01s Real=0.02s
[2023-11-17T14:25:52.964+0000][gc,start      ] GC(308) Pause Young (Normal) (G1 Evacuation Pause)
[2023-11-17T14:25:52.964+0000][gc,task       ] GC(308) Using 2 workers of 2 for evacuation
[2023-11-17T14:25:52.975+0000][gc,phases     ] GC(308)   Pre Evacuate Collection Set: 0.0ms
[2023-11-17T14:25:52.975+0000][gc,phases     ] GC(308)   Evacuate Collection Set: 10.5ms
[2023-11-17T14:25:52.975+0000][gc,phases     ] GC(308)   Post Evacuate Collection Set: 0.4ms
[2023-11-17T14:25:52.975+0000][gc,phases     ] GC(308)   Other: 0.2ms
[2023-11-17T14:25:52.975+0000][gc,heap       ] GC(308) Eden regions: 22->0(28)
[2023-11-17T14:25:52.975+0000][gc,heap       ] GC(308) Survivor regions: 3->2(4)
[2023-11-17T14:25:52.975+0000][gc,heap       ] GC(308) Old regions: 165->166
[2023-11-17T14:25:52.975+0000][gc,heap       ] GC(308) Humongous regions: 147->147
[2023-11-17T14:25:52.975+0000][gc,metaspace  ] GC(308) Metaspace: 44685K(47512K)->44685K(47512K) NonClass: 39419K(40960K)->39419K(40960K) Class: 5266K(6552K)->5266K(6552K)
[2023-11-17T14:25:52.975+0000][gc            ] GC(308) Pause Young (Normal) (G1 Evacuation Pause) 334M->312M(512M) 11.322ms
[2023-11-17T14:25:52.975+0000][gc,cpu        ] GC(308) User=0.02s Sys=0.00s Real=0.02s
[2023-11-17T14:27:35.131+0000][gc,start      ] GC(309) Pause Young (Normal) (G1 Evacuation Pause)
[2023-11-17T14:27:35.131+0000][gc,task       ] GC(309) Using 2 workers of 2 for evacuation
[2023-11-17T14:27:35.143+0000][gc,phases     ] GC(309)   Pre Evacuate Collection Set: 0.0ms
[2023-11-17T14:27:35.143+0000][gc,phases     ] GC(309)   Evacuate Collection Set: 11.5ms
[2023-11-17T14:27:35.143+0000][gc,phases     ] GC(309)   Post Evacuate Collection Set: 0.3ms
[2023-11-17T14:27:35.143+0000][gc,phases     ] GC(309)   Other: 0.2ms
[2023-11-17T14:27:35.143+0000][gc,heap       ] GC(309) Eden regions: 26->0(28)
[2023-11-17T14:27:35.143+0000][gc,heap       ] GC(309) Survivor regions: 2->4(4)
[2023-11-17T14:27:35.143+0000][gc,heap       ] GC(309) Old regions: 166->166
[2023-11-17T14:27:35.143+0000][gc,heap       ] GC(309) Humongous regions: 147->147
[2023-11-17T14:27:35.143+0000][gc,metaspace  ] GC(309) Metaspace: 44685K(47512K)->44685K(47512K) NonClass: 39419K(40960K)->39419K(40960K) Class: 5266K(6552K)->5266K(6552K)
[2023-11-17T14:27:35.143+0000][gc            ] GC(309) Pause Young (Normal) (G1 Evacuation Pause) 338M->315M(512M) 12.124ms
[2023-11-17T14:27:35.143+0000][gc,cpu        ] GC(309) User=0.02s Sys=0.00s Real=0.01s
[2023-11-17T14:29:22.842+0000][gc,start      ] GC(310) Pause Young (Normal) (G1 Evacuation Pause)
[2023-11-17T14:29:22.842+0000][gc,task       ] GC(310) Using 2 workers of 2 for evacuation
[2023-11-17T14:29:22.862+0000][gc,phases     ] GC(310)   Pre Evacuate Collection Set: 0.0ms
[2023-11-17T14:29:22.862+0000][gc,phases     ] GC(310)   Evacuate Collection Set: 15.9ms
[2023-11-17T14:29:22.862+0000][gc,phases     ] GC(310)   Post Evacuate Collection Set: 3.8ms
[2023-11-17T14:29:22.862+0000][gc,phases     ] GC(310)   Other: 0.3ms
[2023-11-17T14:29:22.862+0000][gc,heap       ] GC(310) Eden regions: 28->0(29)
[2023-11-17T14:29:22.862+0000][gc,heap       ] GC(310) Survivor regions: 4->3(4)
[2023-11-17T14:29:22.862+0000][gc,heap       ] GC(310) Old regions: 166->168
[2023-11-17T14:29:22.862+0000][gc,heap       ] GC(310) Humongous regions: 147->147
[2023-11-17T14:29:22.862+0000][gc,metaspace  ] GC(310) Metaspace: 44685K(47512K)->44685K(47512K) NonClass: 39419K(40960K)->39419K(40960K) Class: 5266K(6552K)->5266K(6552K)
[2023-11-17T14:29:22.862+0000][gc            ] GC(310) Pause Young (Normal) (G1 Evacuation Pause) 343M->315M(512M) 20.085ms
[2023-11-17T14:29:22.862+0000][gc,cpu        ] GC(310) User=0.03s Sys=0.00s Real=0.02s
[2023-11-17T14:31:16.447+0000][gc,start      ] GC(311) Pause Young (Normal) (G1 Evacuation Pause)
[2023-11-17T14:31:16.447+0000][gc,task       ] GC(311) Using 2 workers of 2 for evacuation
[2023-11-17T14:31:16.463+0000][gc,phases     ] GC(311)   Pre Evacuate Collection Set: 0.1ms
[2023-11-17T14:31:16.463+0000][gc,phases     ] GC(311)   Evacuate Collection Set: 15.4ms
[2023-11-17T14:31:16.463+0000][gc,phases     ] GC(311)   Post Evacuate Collection Set: 0.4ms
[2023-11-17T14:31:16.463+0000][gc,phases     ] GC(311)   Other: 0.2ms
[2023-11-17T14:31:16.463+0000][gc,heap       ] GC(311) Eden regions: 29->0(29)
[2023-11-17T14:31:16.463+0000][gc,heap       ] GC(311) Survivor regions: 3->4(4)
[2023-11-17T14:31:16.463+0000][gc,heap       ] GC(311) Old regions: 168->170
[2023-11-17T14:31:16.463+0000][gc,heap       ] GC(311) Humongous regions: 147->147
[2023-11-17T14:31:16.463+0000][gc,metaspace  ] GC(311) Metaspace: 44685K(47512K)->44685K(47512K) NonClass: 39419K(40960K)->39419K(40960K) Class: 5266K(6552K)->5266K(6552K)
[2023-11-17T14:31:16.463+0000][gc            ] GC(311) Pause Young (Normal) (G1 Evacuation Pause) 344M->318M(512M) 16.299ms
[2023-11-17T14:31:16.463+0000][gc,cpu        ] GC(311) User=0.03s Sys=0.00s Real=0.01s
[2023-11-17T14:33:05.791+0000][gc,start      ] GC(312) Pause Young (Normal) (G1 Evacuation Pause)
[2023-11-17T14:33:05.791+0000][gc,task       ] GC(312) Using 2 workers of 2 for evacuation
[2023-11-17T14:33:05.805+0000][gc,phases     ] GC(312)   Pre Evacuate Collection Set: 0.0ms
[2023-11-17T14:33:05.805+0000][gc,phases     ] GC(312)   Evacuate Collection Set: 12.8ms
[2023-11-17T14:33:05.805+0000][gc,phases     ] GC(312)   Post Evacuate Collection Set: 0.4ms
[2023-11-17T14:33:05.805+0000][gc,phases     ] GC(312)   Other: 0.2ms
[2023-11-17T14:33:05.805+0000][gc,heap       ] GC(312) Eden regions: 28->0(32)
[2023-11-17T14:33:05.805+0000][gc,heap       ] GC(312) Survivor regions: 4->4(4)
[2023-11-17T14:33:05.805+0000][gc,heap       ] GC(312) Old regions: 170->172
[2023-11-17T14:33:05.805+0000][gc,heap       ] GC(312) Humongous regions: 147->147
[2023-11-17T14:33:05.805+0000][gc,metaspace  ] GC(312) Metaspace: 44685K(47512K)->44685K(47512K) NonClass: 39419K(40960K)->39419K(40960K) Class: 5266K(6552K)->5266K(6552K)
[2023-11-17T14:33:05.805+0000][gc            ] GC(312) Pause Young (Normal) (G1 Evacuation Pause) 346M->320M(512M) 13.495ms
[2023-11-17T14:33:05.805+0000][gc,cpu        ] GC(312) User=0.03s Sys=0.00s Real=0.01s
[2023-11-17T14:34:57.922+0000][gc,start      ] GC(313) Pause Young (Normal) (G1 Evacuation Pause)
[2023-11-17T14:34:57.922+0000][gc,task       ] GC(313) Using 2 workers of 2 for evacuation
[2023-11-17T14:34:57.936+0000][gc,phases     ] GC(313)   Pre Evacuate Collection Set: 0.0ms
[2023-11-17T14:34:57.936+0000][gc,phases     ] GC(313)   Evacuate Collection Set: 13.7ms
[2023-11-17T14:34:57.936+0000][gc,phases     ] GC(313)   Post Evacuate Collection Set: 0.3ms
[2023-11-17T14:34:57.936+0000][gc,phases     ] GC(313)   Other: 0.2ms
[2023-11-17T14:34:57.936+0000][gc,heap       ] GC(313) Eden regions: 29->0(35)
[2023-11-17T14:34:57.936+0000][gc,heap       ] GC(313) Survivor regions: 4->3(5)
[2023-11-17T14:34:57.936+0000][gc,heap       ] GC(313) Old regions: 172->173
[2023-11-17T14:34:57.936+0000][gc,heap       ] GC(313) Humongous regions: 147->147
[2023-11-17T14:34:57.936+0000][gc,metaspace  ] GC(313) Metaspace: 44686K(47512K)->44686K(47512K) NonClass: 39420K(40960K)->39420K(40960K) Class: 5266K(6552K)->5266K(6552K)
[2023-11-17T14:34:57.936+0000][gc            ] GC(313) Pause Young (Normal) (G1 Evacuation Pause) 349M->320M(512M) 14.346ms
[2023-11-17T14:34:57.936+0000][gc,cpu        ] GC(313) User=0.02s Sys=0.00s Real=0.02s
[2023-11-17T14:36:59.138+0000][gc,start      ] GC(314) Pause Young (Normal) (G1 Evacuation Pause)
[2023-11-17T14:36:59.138+0000][gc,task       ] GC(314) Using 2 workers of 2 for evacuation
[2023-11-17T14:36:59.150+0000][gc,phases     ] GC(314)   Pre Evacuate Collection Set: 0.0ms
[2023-11-17T14:36:59.150+0000][gc,phases     ] GC(314)   Evacuate Collection Set: 10.1ms
[2023-11-17T14:36:59.150+0000][gc,phases     ] GC(314)   Post Evacuate Collection Set: 1.5ms
[2023-11-17T14:36:59.150+0000][gc,phases     ] GC(314)   Other: 0.2ms
[2023-11-17T14:36:59.150+0000][gc,heap       ] GC(314) Eden regions: 31->0(40)
[2023-11-17T14:36:59.150+0000][gc,heap       ] GC(314) Survivor regions: 3->3(5)
[2023-11-17T14:36:59.150+0000][gc,heap       ] GC(314) Old regions: 173->173
[2023-11-17T14:36:59.150+0000][gc,heap       ] GC(314) Humongous regions: 147->147
[2023-11-17T14:36:59.150+0000][gc,metaspace  ] GC(314) Metaspace: 44686K(47512K)->44686K(47512K) NonClass: 39420K(40960K)->39420K(40960K) Class: 5266K(6552K)->5266K(6552K)
[2023-11-17T14:36:59.150+0000][gc            ] GC(314) Pause Young (Normal) (G1 Evacuation Pause) 351M->321M(512M) 11.884ms
[2023-11-17T14:36:59.150+0000][gc,cpu        ] GC(314) User=0.01s Sys=0.00s Real=0.01s
[2023-11-17T14:39:36.913+0000][gc,start      ] GC(315) Pause Young (Normal) (G1 Evacuation Pause)
[2023-11-17T14:39:36.913+0000][gc,task       ] GC(315) Using 2 workers of 2 for evacuation
[2023-11-17T14:39:36.933+0000][gc,phases     ] GC(315)   Pre Evacuate Collection Set: 0.0ms
[2023-11-17T14:39:36.933+0000][gc,phases     ] GC(315)   Evacuate Collection Set: 18.9ms
[2023-11-17T14:39:36.933+0000][gc,phases     ] GC(315)   Post Evacuate Collection Set: 0.4ms
[2023-11-17T14:39:36.933+0000][gc,phases     ] GC(315)   Other: 0.2ms
[2023-11-17T14:39:36.933+0000][gc,heap       ] GC(315) Eden regions: 40->0(38)
[2023-11-17T14:39:36.933+0000][gc,heap       ] GC(315) Survivor regions: 3->6(6)
[2023-11-17T14:39:36.933+0000][gc,heap       ] GC(315) Old regions: 173->174
[2023-11-17T14:39:36.933+0000][gc,heap       ] GC(315) Humongous regions: 147->147
[2023-11-17T14:39:36.933+0000][gc,metaspace  ] GC(315) Metaspace: 44686K(47512K)->44686K(47512K) NonClass: 39420K(40960K)->39420K(40960K) Class: 5266K(6552K)->5266K(6552K)
[2023-11-17T14:39:36.933+0000][gc            ] GC(315) Pause Young (Normal) (G1 Evacuation Pause) 361M->325M(512M) 19.550ms
[2023-11-17T14:39:36.933+0000][gc,cpu        ] GC(315) User=0.04s Sys=0.00s Real=0.02s
[2023-11-17T14:42:07.045+0000][gc,start      ] GC(316) Pause Young (Normal) (G1 Evacuation Pause)
[2023-11-17T14:42:07.045+0000][gc,task       ] GC(316) Using 2 workers of 2 for evacuation
[2023-11-17T14:42:07.067+0000][gc,mmu        ] GC(316) MMU target violated: 21.0ms (20.0ms/21.0ms)
[2023-11-17T14:42:07.067+0000][gc,phases     ] GC(316)   Pre Evacuate Collection Set: 0.0ms
[2023-11-17T14:42:07.067+0000][gc,phases     ] GC(316)   Evacuate Collection Set: 21.0ms
[2023-11-17T14:42:07.067+0000][gc,phases     ] GC(316)   Post Evacuate Collection Set: 0.4ms
[2023-11-17T14:42:07.067+0000][gc,phases     ] GC(316)   Other: 0.3ms
[2023-11-17T14:42:07.067+0000][gc,heap       ] GC(316) Eden regions: 38->0(36)
[2023-11-17T14:42:07.067+0000][gc,heap       ] GC(316) Survivor regions: 6->5(6)
[2023-11-17T14:42:07.067+0000][gc,heap       ] GC(316) Old regions: 174->177
[2023-11-17T14:42:07.067+0000][gc,heap       ] GC(316) Humongous regions: 147->147
[2023-11-17T14:42:07.067+0000][gc,metaspace  ] GC(316) Metaspace: 44686K(47512K)->44686K(47512K) NonClass: 39420K(40960K)->39420K(40960K) Class: 5266K(6552K)->5266K(6552K)
[2023-11-17T14:42:07.067+0000][gc            ] GC(316) Pause Young (Normal) (G1 Evacuation Pause) 363M->327M(512M) 21.746ms
[2023-11-17T14:42:07.067+0000][gc,cpu        ] GC(316) User=0.05s Sys=0.00s Real=0.02s
[2023-11-17T14:44:27.597+0000][gc,start      ] GC(317) Pause Young (Normal) (G1 Evacuation Pause)
[2023-11-17T14:44:27.597+0000][gc,task       ] GC(317) Using 2 workers of 2 for evacuation
[2023-11-17T14:44:27.612+0000][gc,phases     ] GC(317)   Pre Evacuate Collection Set: 0.0ms
[2023-11-17T14:44:27.612+0000][gc,phases     ] GC(317)   Evacuate Collection Set: 14.1ms
[2023-11-17T14:44:27.612+0000][gc,phases     ] GC(317)   Post Evacuate Collection Set: 0.4ms
[2023-11-17T14:44:27.612+0000][gc,phases     ] GC(317)   Other: 0.2ms
[2023-11-17T14:44:27.612+0000][gc,heap       ] GC(317) Eden regions: 36->0(39)
[2023-11-17T14:44:27.612+0000][gc,heap       ] GC(317) Survivor regions: 5->4(6)
[2023-11-17T14:44:27.612+0000][gc,heap       ] GC(317) Old regions: 177->179
[2023-11-17T14:44:27.612+0000][gc,heap       ] GC(317) Humongous regions: 147->147
[2023-11-17T14:44:27.612+0000][gc,metaspace  ] GC(317) Metaspace: 44686K(47512K)->44686K(47512K) NonClass: 39420K(40960K)->39420K(40960K) Class: 5266K(6552K)->5266K(6552K)
[2023-11-17T14:44:27.612+0000][gc            ] GC(317) Pause Young (Normal) (G1 Evacuation Pause) 363M->328M(512M) 14.749ms
[2023-11-17T14:44:27.612+0000][gc,cpu        ] GC(317) User=0.03s Sys=0.00s Real=0.01s
[2023-11-17T14:47:01.687+0000][gc,start      ] GC(318) Pause Young (Normal) (G1 Evacuation Pause)
[2023-11-17T14:47:01.687+0000][gc,task       ] GC(318) Using 2 workers of 2 for evacuation
[2023-11-17T14:47:01.706+0000][gc,phases     ] GC(318)   Pre Evacuate Collection Set: 0.0ms
[2023-11-17T14:47:01.706+0000][gc,phases     ] GC(318)   Evacuate Collection Set: 18.0ms
[2023-11-17T14:47:01.706+0000][gc,phases     ] GC(318)   Post Evacuate Collection Set: 1.0ms
[2023-11-17T14:47:01.706+0000][gc,phases     ] GC(318)   Other: 0.3ms
[2023-11-17T14:47:01.706+0000][gc,heap       ] GC(318) Eden regions: 39->0(38)
[2023-11-17T14:47:01.706+0000][gc,heap       ] GC(318) Survivor regions: 4->4(6)
[2023-11-17T14:47:01.706+0000][gc,heap       ] GC(318) Old regions: 179->181
[2023-11-17T14:47:01.706+0000][gc,heap       ] GC(318) Humongous regions: 147->147
[2023-11-17T14:47:01.706+0000][gc,metaspace  ] GC(318) Metaspace: 44686K(47512K)->44686K(47512K) NonClass: 39420K(40960K)->39420K(40960K) Class: 5266K(6552K)->5266K(6552K)
[2023-11-17T14:47:01.706+0000][gc            ] GC(318) Pause Young (Normal) (G1 Evacuation Pause) 367M->330M(512M) 19.345ms
[2023-11-17T14:47:01.706+0000][gc,cpu        ] GC(318) User=0.04s Sys=0.00s Real=0.02s
[2023-11-17T14:49:10.023+0000][gc,start      ] GC(319) Pause Young (Normal) (G1 Evacuation Pause)
[2023-11-17T14:49:10.023+0000][gc,task       ] GC(319) Using 2 workers of 2 for evacuation
[2023-11-17T14:49:10.037+0000][gc,phases     ] GC(319)   Pre Evacuate Collection Set: 0.0ms
[2023-11-17T14:49:10.037+0000][gc,phases     ] GC(319)   Evacuate Collection Set: 12.9ms
[2023-11-17T14:49:10.037+0000][gc,phases     ] GC(319)   Post Evacuate Collection Set: 0.4ms
[2023-11-17T14:49:10.037+0000][gc,phases     ] GC(319)   Other: 0.2ms
[2023-11-17T14:49:10.037+0000][gc,heap       ] GC(319) Eden regions: 33->0(41)
[2023-11-17T14:49:10.037+0000][gc,heap       ] GC(319) Survivor regions: 4->3(5)
[2023-11-17T14:49:10.037+0000][gc,heap       ] GC(319) Old regions: 181->183
[2023-11-17T14:49:10.037+0000][gc,heap       ] GC(319) Humongous regions: 147->147
[2023-11-17T14:49:10.037+0000][gc,metaspace  ] GC(319) Metaspace: 44686K(47512K)->44686K(47512K) NonClass: 39420K(40960K)->39420K(40960K) Class: 5266K(6552K)->5266K(6552K)
[2023-11-17T14:49:10.037+0000][gc            ] GC(319) Pause Young (Normal) (G1 Evacuation Pause) 363M->331M(512M) 13.634ms
[2023-11-17T14:49:10.037+0000][gc,cpu        ] GC(319) User=0.03s Sys=0.00s Real=0.02s
[2023-11-17T14:51:40.175+0000][gc,start      ] GC(320) Pause Young (Normal) (G1 Evacuation Pause)
[2023-11-17T14:51:40.175+0000][gc,task       ] GC(320) Using 2 workers of 2 for evacuation
[2023-11-17T14:51:40.187+0000][gc,phases     ] GC(320)   Pre Evacuate Collection Set: 0.0ms
[2023-11-17T14:51:40.187+0000][gc,phases     ] GC(320)   Evacuate Collection Set: 11.4ms
[2023-11-17T14:51:40.187+0000][gc,phases     ] GC(320)   Post Evacuate Collection Set: 0.4ms
[2023-11-17T14:51:40.187+0000][gc,phases     ] GC(320)   Other: 0.2ms
[2023-11-17T14:51:40.187+0000][gc,heap       ] GC(320) Eden regions: 38->0(42)
[2023-11-17T14:51:40.187+0000][gc,heap       ] GC(320) Survivor regions: 3->4(6)
[2023-11-17T14:51:40.187+0000][gc,heap       ] GC(320) Old regions: 183->183
[2023-11-17T14:51:40.187+0000][gc,heap       ] GC(320) Humongous regions: 147->147
[2023-11-17T14:51:40.187+0000][gc,metaspace  ] GC(320) Metaspace: 44686K(47512K)->44686K(47512K) NonClass: 39420K(40960K)->39420K(40960K) Class: 5266K(6552K)->5266K(6552K)
[2023-11-17T14:51:40.187+0000][gc            ] GC(320) Pause Young (Normal) (G1 Evacuation Pause) 369M->332M(512M) 12.139ms
[2023-11-17T14:51:40.187+0000][gc,cpu        ] GC(320) User=0.02s Sys=0.00s Real=0.01s
[2023-11-17T14:54:25.456+0000][gc,start      ] GC(321) Pause Young (Normal) (G1 Evacuation Pause)
[2023-11-17T14:54:25.456+0000][gc,task       ] GC(321) Using 2 workers of 2 for evacuation
[2023-11-17T14:54:25.490+0000][gc,mmu        ] GC(321) MMU target violated: 21.0ms (20.0ms/21.0ms)
[2023-11-17T14:54:25.490+0000][gc,phases     ] GC(321)   Pre Evacuate Collection Set: 0.0ms
[2023-11-17T14:54:25.490+0000][gc,phases     ] GC(321)   Evacuate Collection Set: 30.0ms
[2023-11-17T14:54:25.490+0000][gc,phases     ] GC(321)   Post Evacuate Collection Set: 1.5ms
[2023-11-17T14:54:25.490+0000][gc,phases     ] GC(321)   Other: 2.0ms
[2023-11-17T14:54:25.490+0000][gc,heap       ] GC(321) Eden regions: 42->0(20)
[2023-11-17T14:54:25.490+0000][gc,heap       ] GC(321) Survivor regions: 4->5(6)
[2023-11-17T14:54:25.490+0000][gc,heap       ] GC(321) Old regions: 183->184
[2023-11-17T14:54:25.490+0000][gc,heap       ] GC(321) Humongous regions: 147->147
[2023-11-17T14:54:25.490+0000][gc,metaspace  ] GC(321) Metaspace: 44686K(47512K)->44686K(47512K) NonClass: 39420K(40960K)->39420K(40960K) Class: 5266K(6552K)->5266K(6552K)
[2023-11-17T14:54:25.490+0000][gc            ] GC(321) Pause Young (Normal) (G1 Evacuation Pause) 374M->334M(512M) 33.532ms
[2023-11-17T14:54:25.490+0000][gc,cpu        ] GC(321) User=0.06s Sys=0.00s Real=0.03s
[2023-11-17T14:55:42.756+0000][gc,start      ] GC(322) Pause Young (Normal) (G1 Evacuation Pause)
[2023-11-17T14:55:42.756+0000][gc,task       ] GC(322) Using 2 workers of 2 for evacuation
[2023-11-17T14:55:42.775+0000][gc,phases     ] GC(322)   Pre Evacuate Collection Set: 0.0ms
[2023-11-17T14:55:42.775+0000][gc,phases     ] GC(322)   Evacuate Collection Set: 18.0ms
[2023-11-17T14:55:42.775+0000][gc,phases     ] GC(322)   Post Evacuate Collection Set: 0.4ms
[2023-11-17T14:55:42.775+0000][gc,phases     ] GC(322)   Other: 0.2ms
[2023-11-17T14:55:42.775+0000][gc,heap       ] GC(322) Eden regions: 20->0(22)
[2023-11-17T14:55:42.775+0000][gc,heap       ] GC(322) Survivor regions: 5->3(4)
[2023-11-17T14:55:42.775+0000][gc,heap       ] GC(322) Old regions: 184->189
[2023-11-17T14:55:42.775+0000][gc,heap       ] GC(322) Humongous regions: 147->147
[2023-11-17T14:55:42.775+0000][gc,metaspace  ] GC(322) Metaspace: 44686K(47512K)->44686K(47512K) NonClass: 39420K(40960K)->39420K(40960K) Class: 5266K(6552K)->5266K(6552K)
[2023-11-17T14:55:42.775+0000][gc            ] GC(322) Pause Young (Normal) (G1 Evacuation Pause) 354M->336M(512M) 18.737ms
[2023-11-17T14:55:42.775+0000][gc,cpu        ] GC(322) User=0.03s Sys=0.00s Real=0.02s
[2023-11-17T14:57:07.537+0000][gc,start      ] GC(323) Pause Young (Normal) (G1 Evacuation Pause)
[2023-11-17T14:57:07.537+0000][gc,task       ] GC(323) Using 2 workers of 2 for evacuation
[2023-11-17T14:57:07.549+0000][gc,phases     ] GC(323)   Pre Evacuate Collection Set: 0.0ms
[2023-11-17T14:57:07.549+0000][gc,phases     ] GC(323)   Evacuate Collection Set: 11.3ms
[2023-11-17T14:57:07.549+0000][gc,phases     ] GC(323)   Post Evacuate Collection Set: 0.5ms
[2023-11-17T14:57:07.549+0000][gc,phases     ] GC(323)   Other: 0.2ms
[2023-11-17T14:57:07.549+0000][gc,heap       ] GC(323) Eden regions: 22->0(34)
[2023-11-17T14:57:07.549+0000][gc,heap       ] GC(323) Survivor regions: 3->2(4)
[2023-11-17T14:57:07.549+0000][gc,heap       ] GC(323) Old regions: 189->190
[2023-11-17T14:57:07.549+0000][gc,heap       ] GC(323) Humongous regions: 147->147
[2023-11-17T14:57:07.549+0000][gc,metaspace  ] GC(323) Metaspace: 44686K(47512K)->44686K(47512K) NonClass: 39420K(40960K)->39420K(40960K) Class: 5266K(6552K)->5266K(6552K)
[2023-11-17T14:57:07.549+0000][gc            ] GC(323) Pause Young (Normal) (G1 Evacuation Pause) 358M->337M(512M) 12.140ms
[2023-11-17T14:57:07.549+0000][gc,cpu        ] GC(323) User=0.02s Sys=0.00s Real=0.01s
[2023-11-17T14:58:37.178+0000][gc,start      ] GC(324) Pause Young (Normal) (G1 Evacuation Pause)
[2023-11-17T14:58:37.178+0000][gc,task       ] GC(324) Using 2 workers of 2 for evacuation
[2023-11-17T14:58:37.192+0000][gc,phases     ] GC(324)   Pre Evacuate Collection Set: 0.0ms
[2023-11-17T14:58:37.192+0000][gc,phases     ] GC(324)   Evacuate Collection Set: 13.8ms
[2023-11-17T14:58:37.192+0000][gc,phases     ] GC(324)   Post Evacuate Collection Set: 0.4ms
[2023-11-17T14:58:37.192+0000][gc,phases     ] GC(324)   Other: 0.2ms
[2023-11-17T14:58:37.192+0000][gc,heap       ] GC(324) Eden regions: 23->0(24)
[2023-11-17T14:58:37.192+0000][gc,heap       ] GC(324) Survivor regions: 2->4(4)
[2023-11-17T14:58:37.192+0000][gc,heap       ] GC(324) Old regions: 190->190
[2023-11-17T14:58:37.192+0000][gc,heap       ] GC(324) Humongous regions: 147->147
[2023-11-17T14:58:37.192+0000][gc,metaspace  ] GC(324) Metaspace: 44686K(47512K)->44686K(47512K) NonClass: 39420K(40960K)->39420K(40960K) Class: 5266K(6552K)->5266K(6552K)
[2023-11-17T14:58:37.192+0000][gc            ] GC(324) Pause Young (Normal) (G1 Evacuation Pause) 360M->339M(512M) 14.621ms
[2023-11-17T14:58:37.192+0000][gc,cpu        ] GC(324) User=0.03s Sys=0.01s Real=0.01s
[2023-11-17T15:00:09.592+0000][gc,start      ] GC(325) Pause Young (Normal) (G1 Evacuation Pause)
[2023-11-17T15:00:09.592+0000][gc,task       ] GC(325) Using 2 workers of 2 for evacuation
[2023-11-17T15:00:09.604+0000][gc,phases     ] GC(325)   Pre Evacuate Collection Set: 0.0ms
[2023-11-17T15:00:09.604+0000][gc,phases     ] GC(325)   Evacuate Collection Set: 11.6ms
[2023-11-17T15:00:09.604+0000][gc,phases     ] GC(325)   Post Evacuate Collection Set: 0.3ms
[2023-11-17T15:00:09.604+0000][gc,phases     ] GC(325)   Other: 0.2ms
[2023-11-17T15:00:09.604+0000][gc,heap       ] GC(325) Eden regions: 24->0(26)
[2023-11-17T15:00:09.604+0000][gc,heap       ] GC(325) Survivor regions: 4->3(4)
[2023-11-17T15:00:09.604+0000][gc,heap       ] GC(325) Old regions: 190->192
[2023-11-17T15:00:09.604+0000][gc,heap       ] GC(325) Humongous regions: 147->147
[2023-11-17T15:00:09.604+0000][gc,metaspace  ] GC(325) Metaspace: 44686K(47512K)->44686K(47512K) NonClass: 39420K(40960K)->39420K(40960K) Class: 5266K(6552K)->5266K(6552K)
[2023-11-17T15:00:09.604+0000][gc            ] GC(325) Pause Young (Normal) (G1 Evacuation Pause) 363M->339M(512M) 12.253ms
[2023-11-17T15:00:09.604+0000][gc,cpu        ] GC(325) User=0.03s Sys=0.00s Real=0.01s
[2023-11-17T15:01:43.631+0000][gc,start      ] GC(326) Pause Young (Normal) (G1 Evacuation Pause)
[2023-11-17T15:01:43.631+0000][gc,task       ] GC(326) Using 2 workers of 2 for evacuation
[2023-11-17T15:01:43.644+0000][gc,phases     ] GC(326)   Pre Evacuate Collection Set: 0.0ms
[2023-11-17T15:01:43.644+0000][gc,phases     ] GC(326)   Evacuate Collection Set: 12.2ms
[2023-11-17T15:01:43.644+0000][gc,phases     ] GC(326)   Post Evacuate Collection Set: 0.5ms
[2023-11-17T15:01:43.644+0000][gc,phases     ] GC(326)   Other: 0.2ms
[2023-11-17T15:01:43.644+0000][gc,heap       ] GC(326) Eden regions: 24->0(27)
[2023-11-17T15:01:43.644+0000][gc,heap       ] GC(326) Survivor regions: 3->3(4)
[2023-11-17T15:01:43.644+0000][gc,heap       ] GC(326) Old regions: 192->194
[2023-11-17T15:01:43.644+0000][gc,heap       ] GC(326) Humongous regions: 147->147
[2023-11-17T15:01:43.644+0000][gc,metaspace  ] GC(326) Metaspace: 44686K(47512K)->44686K(47512K) NonClass: 39420K(40960K)->39420K(40960K) Class: 5266K(6552K)->5266K(6552K)
[2023-11-17T15:01:43.644+0000][gc            ] GC(326) Pause Young (Normal) (G1 Evacuation Pause) 363M->342M(512M) 13.004ms
[2023-11-17T15:01:43.644+0000][gc,cpu        ] GC(326) User=0.02s Sys=0.00s Real=0.01s
[2023-11-17T15:03:16.220+0000][gc,start      ] GC(327) Pause Young (Normal) (G1 Evacuation Pause)
[2023-11-17T15:03:16.220+0000][gc,task       ] GC(327) Using 2 workers of 2 for evacuation
[2023-11-17T15:03:16.235+0000][gc,phases     ] GC(327)   Pre Evacuate Collection Set: 0.0ms
[2023-11-17T15:03:16.235+0000][gc,phases     ] GC(327)   Evacuate Collection Set: 14.5ms
[2023-11-17T15:03:16.235+0000][gc,phases     ] GC(327)   Post Evacuate Collection Set: 0.4ms
[2023-11-17T15:03:16.235+0000][gc,phases     ] GC(327)   Other: 0.2ms
[2023-11-17T15:03:16.235+0000][gc,heap       ] GC(327) Eden regions: 24->0(27)
[2023-11-17T15:03:16.235+0000][gc,heap       ] GC(327) Survivor regions: 3->3(4)
[2023-11-17T15:03:16.235+0000][gc,heap       ] GC(327) Old regions: 194->195
[2023-11-17T15:03:16.235+0000][gc,heap       ] GC(327) Humongous regions: 147->147
[2023-11-17T15:03:16.235+0000][gc,metaspace  ] GC(327) Metaspace: 44689K(47512K)->44689K(47512K) NonClass: 39423K(40960K)->39423K(40960K) Class: 5266K(6552K)->5266K(6552K)
[2023-11-17T15:03:16.235+0000][gc            ] GC(327) Pause Young (Normal) (G1 Evacuation Pause) 366M->343M(512M) 15.208ms
[2023-11-17T15:03:16.235+0000][gc,cpu        ] GC(327) User=0.02s Sys=0.00s Real=0.02s
[2023-11-17T15:04:53.001+0000][gc,start      ] GC(328) Pause Young (Normal) (G1 Evacuation Pause)
[2023-11-17T15:04:53.001+0000][gc,task       ] GC(328) Using 2 workers of 2 for evacuation
[2023-11-17T15:04:53.016+0000][gc,phases     ] GC(328)   Pre Evacuate Collection Set: 0.0ms
[2023-11-17T15:04:53.016+0000][gc,phases     ] GC(328)   Evacuate Collection Set: 10.6ms
[2023-11-17T15:04:53.016+0000][gc,phases     ] GC(328)   Post Evacuate Collection Set: 4.5ms
[2023-11-17T15:04:53.016+0000][gc,phases     ] GC(328)   Other: 0.3ms
[2023-11-17T15:04:53.016+0000][gc,heap       ] GC(328) Eden regions: 25->0(27)
[2023-11-17T15:04:53.016+0000][gc,heap       ] GC(328) Survivor regions: 3->2(4)
[2023-11-17T15:04:53.016+0000][gc,heap       ] GC(328) Old regions: 195->197
[2023-11-17T15:04:53.016+0000][gc,heap       ] GC(328) Humongous regions: 147->147
[2023-11-17T15:04:53.016+0000][gc,metaspace  ] GC(328) Metaspace: 44689K(47512K)->44689K(47512K) NonClass: 39423K(40960K)->39423K(40960K) Class: 5266K(6552K)->5266K(6552K)
[2023-11-17T15:04:53.016+0000][gc            ] GC(328) Pause Young (Normal) (G1 Evacuation Pause) 368M->343M(512M) 15.517ms
[2023-11-17T15:04:53.016+0000][gc,cpu        ] GC(328) User=0.02s Sys=0.00s Real=0.02s
[2023-11-17T15:06:31.220+0000][gc,start      ] GC(329) Pause Young (Normal) (G1 Evacuation Pause)
[2023-11-17T15:06:31.220+0000][gc,task       ] GC(329) Using 2 workers of 2 for evacuation
[2023-11-17T15:06:31.236+0000][gc,phases     ] GC(329)   Pre Evacuate Collection Set: 0.0ms
[2023-11-17T15:06:31.236+0000][gc,phases     ] GC(329)   Evacuate Collection Set: 15.4ms
[2023-11-17T15:06:31.236+0000][gc,phases     ] GC(329)   Post Evacuate Collection Set: 0.3ms
[2023-11-17T15:06:31.236+0000][gc,phases     ] GC(329)   Other: 0.2ms
[2023-11-17T15:06:31.236+0000][gc,heap       ] GC(329) Eden regions: 25->0(26)
[2023-11-17T15:06:31.236+0000][gc,heap       ] GC(329) Survivor regions: 2->4(4)
[2023-11-17T15:06:31.236+0000][gc,heap       ] GC(329) Old regions: 197->197
[2023-11-17T15:06:31.236+0000][gc,heap       ] GC(329) Humongous regions: 147->147
[2023-11-17T15:06:31.236+0000][gc,metaspace  ] GC(329) Metaspace: 44689K(47512K)->44689K(47512K) NonClass: 39423K(40960K)->39423K(40960K) Class: 5266K(6552K)->5266K(6552K)
[2023-11-17T15:06:31.236+0000][gc            ] GC(329) Pause Young (Normal) (G1 Evacuation Pause) 368M->345M(512M) 16.141ms
[2023-11-17T15:06:31.236+0000][gc,cpu        ] GC(329) User=0.03s Sys=0.00s Real=0.02s
[2023-11-17T15:07:41.749+0000][gc,start      ] GC(330) Pause Young (Normal) (G1 Evacuation Pause)
[2023-11-17T15:07:41.750+0000][gc,task       ] GC(330) Using 2 workers of 2 for evacuation
[2023-11-17T15:07:41.767+0000][gc,phases     ] GC(330)   Pre Evacuate Collection Set: 0.0ms
[2023-11-17T15:07:41.767+0000][gc,phases     ] GC(330)   Evacuate Collection Set: 16.7ms
[2023-11-17T15:07:41.767+0000][gc,phases     ] GC(330)   Post Evacuate Collection Set: 0.5ms
[2023-11-17T15:07:41.767+0000][gc,phases     ] GC(330)   Other: 0.2ms
[2023-11-17T15:07:41.767+0000][gc,heap       ] GC(330) Eden regions: 22->0(24)
[2023-11-17T15:07:41.767+0000][gc,heap       ] GC(330) Survivor regions: 4->4(4)
[2023-11-17T15:07:41.767+0000][gc,heap       ] GC(330) Old regions: 197->199
[2023-11-17T15:07:41.767+0000][gc,heap       ] GC(330) Humongous regions: 147->147
[2023-11-17T15:07:41.767+0000][gc,metaspace  ] GC(330) Metaspace: 44690K(47512K)->44690K(47512K) NonClass: 39424K(40960K)->39424K(40960K) Class: 5266K(6552K)->5266K(6552K)
[2023-11-17T15:07:41.767+0000][gc            ] GC(330) Pause Young (Normal) (G1 Evacuation Pause) 367M->347M(512M) 17.468ms
[2023-11-17T15:07:41.767+0000][gc,cpu        ] GC(330) User=0.03s Sys=0.00s Real=0.02s
[2023-11-17T15:08:56.079+0000][gc,start      ] GC(331) Pause Young (Normal) (G1 Evacuation Pause)
[2023-11-17T15:08:56.079+0000][gc,task       ] GC(331) Using 2 workers of 2 for evacuation
[2023-11-17T15:08:56.100+0000][gc,mmu        ] GC(331) MMU target violated: 20.1ms (20.0ms/21.0ms)
[2023-11-17T15:08:56.100+0000][gc,phases     ] GC(331)   Pre Evacuate Collection Set: 0.0ms
[2023-11-17T15:08:56.100+0000][gc,phases     ] GC(331)   Evacuate Collection Set: 19.6ms
[2023-11-17T15:08:56.100+0000][gc,phases     ] GC(331)   Post Evacuate Collection Set: 0.4ms
[2023-11-17T15:08:56.100+0000][gc,phases     ] GC(331)   Other: 0.3ms
[2023-11-17T15:08:56.100+0000][gc,heap       ] GC(331) Eden regions: 21->0(23)
[2023-11-17T15:08:56.100+0000][gc,heap       ] GC(331) Survivor regions: 4->4(4)
[2023-11-17T15:08:56.100+0000][gc,heap       ] GC(331) Old regions: 199->202
[2023-11-17T15:08:56.100+0000][gc,heap       ] GC(331) Humongous regions: 147->147
[2023-11-17T15:08:56.100+0000][gc,metaspace  ] GC(331) Metaspace: 44690K(47512K)->44690K(47512K) NonClass: 39424K(40960K)->39424K(40960K) Class: 5266K(6552K)->5266K(6552K)
[2023-11-17T15:08:56.100+0000][gc            ] GC(331) Pause Young (Normal) (G1 Evacuation Pause) 368M->350M(512M) 20.598ms
[2023-11-17T15:08:56.100+0000][gc,cpu        ] GC(331) User=0.04s Sys=0.00s Real=0.02s
[2023-11-17T15:10:24.584+0000][gc,start      ] GC(332) Pause Young (Normal) (G1 Evacuation Pause)
[2023-11-17T15:10:24.584+0000][gc,task       ] GC(332) Using 2 workers of 2 for evacuation
[2023-11-17T15:10:24.595+0000][gc,phases     ] GC(332)   Pre Evacuate Collection Set: 0.0ms
[2023-11-17T15:10:24.596+0000][gc,phases     ] GC(332)   Evacuate Collection Set: 10.6ms
[2023-11-17T15:10:24.596+0000][gc,phases     ] GC(332)   Post Evacuate Collection Set: 0.3ms
[2023-11-17T15:10:24.596+0000][gc,phases     ] GC(332)   Other: 0.2ms
[2023-11-17T15:10:24.596+0000][gc,heap       ] GC(332) Eden regions: 23->0(28)
[2023-11-17T15:10:24.596+0000][gc,heap       ] GC(332) Survivor regions: 4->2(4)
[2023-11-17T15:10:24.596+0000][gc,heap       ] GC(332) Old regions: 202->204
[2023-11-17T15:10:24.596+0000][gc,heap       ] GC(332) Humongous regions: 147->147
[2023-11-17T15:10:24.596+0000][gc,metaspace  ] GC(332) Metaspace: 44690K(47512K)->44690K(47512K) NonClass: 39424K(40960K)->39424K(40960K) Class: 5266K(6552K)->5266K(6552K)
[2023-11-17T15:10:24.596+0000][gc            ] GC(332) Pause Young (Normal) (G1 Evacuation Pause) 373M->350M(512M) 11.202ms
[2023-11-17T15:10:24.596+0000][gc,cpu        ] GC(332) User=0.02s Sys=0.00s Real=0.02s
[2023-11-17T15:12:14.770+0000][gc,start      ] GC(333) Pause Young (Normal) (G1 Evacuation Pause)
[2023-11-17T15:12:14.770+0000][gc,task       ] GC(333) Using 2 workers of 2 for evacuation
[2023-11-17T15:12:14.783+0000][gc,phases     ] GC(333)   Pre Evacuate Collection Set: 0.0ms
[2023-11-17T15:12:14.783+0000][gc,phases     ] GC(333)   Evacuate Collection Set: 12.8ms
[2023-11-17T15:12:14.783+0000][gc,phases     ] GC(333)   Post Evacuate Collection Set: 0.4ms
[2023-11-17T15:12:14.783+0000][gc,phases     ] GC(333)   Other: 0.2ms
[2023-11-17T15:12:14.783+0000][gc,heap       ] GC(333) Eden regions: 28->0(27)
[2023-11-17T15:12:14.783+0000][gc,heap       ] GC(333) Survivor regions: 2->4(4)
[2023-11-17T15:12:14.783+0000][gc,heap       ] GC(333) Old regions: 204->204
[2023-11-17T15:12:14.783+0000][gc,heap       ] GC(333) Humongous regions: 147->147
[2023-11-17T15:12:14.783+0000][gc,metaspace  ] GC(333) Metaspace: 44690K(47512K)->44690K(47512K) NonClass: 39424K(40960K)->39424K(40960K) Class: 5266K(6552K)->5266K(6552K)
[2023-11-17T15:12:14.783+0000][gc            ] GC(333) Pause Young (Normal) (G1 Evacuation Pause) 378M->353M(512M) 13.535ms
[2023-11-17T15:12:14.783+0000][gc,cpu        ] GC(333) User=0.03s Sys=0.00s Real=0.01s
[2023-11-17T15:13:59.726+0000][gc,start      ] GC(334) Pause Young (Normal) (G1 Evacuation Pause)
[2023-11-17T15:13:59.726+0000][gc,task       ] GC(334) Using 2 workers of 2 for evacuation
[2023-11-17T15:13:59.743+0000][gc,phases     ] GC(334)   Pre Evacuate Collection Set: 0.0ms
[2023-11-17T15:13:59.743+0000][gc,phases     ] GC(334)   Evacuate Collection Set: 15.7ms
[2023-11-17T15:13:59.743+0000][gc,phases     ] GC(334)   Post Evacuate Collection Set: 0.8ms
[2023-11-17T15:13:59.743+0000][gc,phases     ] GC(334)   Other: 0.2ms
[2023-11-17T15:13:59.743+0000][gc,heap       ] GC(334) Eden regions: 27->0(29)
[2023-11-17T15:13:59.743+0000][gc,heap       ] GC(334) Survivor regions: 4->3(4)
[2023-11-17T15:13:59.743+0000][gc,heap       ] GC(334) Old regions: 204->206
[2023-11-17T15:13:59.743+0000][gc,heap       ] GC(334) Humongous regions: 147->147
[2023-11-17T15:13:59.743+0000][gc,metaspace  ] GC(334) Metaspace: 44690K(47512K)->44690K(47512K) NonClass: 39424K(40960K)->39424K(40960K) Class: 5266K(6552K)->5266K(6552K)
[2023-11-17T15:13:59.743+0000][gc            ] GC(334) Pause Young (Normal) (G1 Evacuation Pause) 380M->354M(512M) 16.795ms
[2023-11-17T15:13:59.743+0000][gc,cpu        ] GC(334) User=0.03s Sys=0.00s Real=0.01s
[2023-11-17T15:15:53.016+0000][gc,start      ] GC(335) Pause Young (Normal) (G1 Evacuation Pause)
[2023-11-17T15:15:53.016+0000][gc,task       ] GC(335) Using 2 workers of 2 for evacuation
[2023-11-17T15:15:53.031+0000][gc,phases     ] GC(335)   Pre Evacuate Collection Set: 0.0ms
[2023-11-17T15:15:53.031+0000][gc,phases     ] GC(335)   Evacuate Collection Set: 13.6ms
[2023-11-17T15:15:53.031+0000][gc,phases     ] GC(335)   Post Evacuate Collection Set: 0.5ms
[2023-11-17T15:15:53.031+0000][gc,phases     ] GC(335)   Other: 0.2ms
[2023-11-17T15:15:53.031+0000][gc,heap       ] GC(335) Eden regions: 29->0(31)
[2023-11-17T15:15:53.031+0000][gc,heap       ] GC(335) Survivor regions: 3->4(4)
[2023-11-17T15:15:53.031+0000][gc,heap       ] GC(335) Old regions: 206->209
[2023-11-17T15:15:53.031+0000][gc,heap       ] GC(335) Humongous regions: 147->147
[2023-11-17T15:15:53.031+0000][gc,metaspace  ] GC(335) Metaspace: 44690K(47512K)->44690K(47512K) NonClass: 39424K(40960K)->39424K(40960K) Class: 5266K(6552K)->5266K(6552K)
[2023-11-17T15:15:53.031+0000][gc            ] GC(335) Pause Young (Normal) (G1 Evacuation Pause) 383M->357M(512M) 14.378ms
[2023-11-17T15:15:53.031+0000][gc,cpu        ] GC(335) User=0.03s Sys=0.00s Real=0.01s
[2023-11-17T15:17:54.084+0000][gc,start      ] GC(336) Pause Young (Normal) (G1 Evacuation Pause)
[2023-11-17T15:17:54.084+0000][gc,task       ] GC(336) Using 2 workers of 2 for evacuation
[2023-11-17T15:17:54.102+0000][gc,phases     ] GC(336)   Pre Evacuate Collection Set: 0.0ms
[2023-11-17T15:17:54.102+0000][gc,phases     ] GC(336)   Evacuate Collection Set: 17.0ms
[2023-11-17T15:17:54.102+0000][gc,phases     ] GC(336)   Post Evacuate Collection Set: 0.3ms
[2023-11-17T15:17:54.102+0000][gc,phases     ] GC(336)   Other: 0.3ms
[2023-11-17T15:17:54.102+0000][gc,heap       ] GC(336) Eden regions: 31->0(31)
[2023-11-17T15:17:54.102+0000][gc,heap       ] GC(336) Survivor regions: 4->4(5)
[2023-11-17T15:17:54.102+0000][gc,heap       ] GC(336) Old regions: 209->210
[2023-11-17T15:17:54.102+0000][gc,heap       ] GC(336) Humongous regions: 147->147
[2023-11-17T15:17:54.102+0000][gc,metaspace  ] GC(336) Metaspace: 44690K(47512K)->44690K(47512K) NonClass: 39424K(40960K)->39424K(40960K) Class: 5266K(6552K)->5266K(6552K)
[2023-11-17T15:17:54.102+0000][gc            ] GC(336) Pause Young (Normal) (G1 Evacuation Pause) 388M->359M(512M) 17.761ms
[2023-11-17T15:17:54.102+0000][gc,cpu        ] GC(336) User=0.03s Sys=0.00s Real=0.02s
[2023-11-17T15:19:46.739+0000][gc,start      ] GC(337) Pause Young (Normal) (G1 Evacuation Pause)
[2023-11-17T15:19:46.739+0000][gc,task       ] GC(337) Using 2 workers of 2 for evacuation
[2023-11-17T15:19:46.752+0000][gc,phases     ] GC(337)   Pre Evacuate Collection Set: 0.0ms
[2023-11-17T15:19:46.752+0000][gc,phases     ] GC(337)   Evacuate Collection Set: 11.9ms
[2023-11-17T15:19:46.752+0000][gc,phases     ] GC(337)   Post Evacuate Collection Set: 0.3ms
[2023-11-17T15:19:46.752+0000][gc,phases     ] GC(337)   Other: 0.2ms
[2023-11-17T15:19:46.752+0000][gc,heap       ] GC(337) Eden regions: 29->0(35)
[2023-11-17T15:19:46.752+0000][gc,heap       ] GC(337) Survivor regions: 4->3(5)
[2023-11-17T15:19:46.752+0000][gc,heap       ] GC(337) Old regions: 210->212
[2023-11-17T15:19:46.752+0000][gc,heap       ] GC(337) Humongous regions: 147->147
[2023-11-17T15:19:46.752+0000][gc,metaspace  ] GC(337) Metaspace: 44690K(47512K)->44690K(47512K) NonClass: 39424K(40960K)->39424K(40960K) Class: 5266K(6552K)->5266K(6552K)
[2023-11-17T15:19:46.752+0000][gc            ] GC(337) Pause Young (Normal) (G1 Evacuation Pause) 388M->359M(512M) 12.470ms
[2023-11-17T15:19:46.752+0000][gc,cpu        ] GC(337) User=0.03s Sys=0.00s Real=0.01s
[2023-11-17T15:22:04.301+0000][gc,start      ] GC(338) Pause Young (Normal) (G1 Evacuation Pause)
[2023-11-17T15:22:04.301+0000][gc,task       ] GC(338) Using 2 workers of 2 for evacuation
[2023-11-17T15:22:04.316+0000][gc,phases     ] GC(338)   Pre Evacuate Collection Set: 0.0ms
[2023-11-17T15:22:04.317+0000][gc,phases     ] GC(338)   Evacuate Collection Set: 14.8ms
[2023-11-17T15:22:04.317+0000][gc,phases     ] GC(338)   Post Evacuate Collection Set: 0.3ms
[2023-11-17T15:22:04.317+0000][gc,phases     ] GC(338)   Other: 0.2ms
[2023-11-17T15:22:04.317+0000][gc,heap       ] GC(338) Eden regions: 35->0(36)
[2023-11-17T15:22:04.317+0000][gc,heap       ] GC(338) Survivor regions: 3->4(5)
[2023-11-17T15:22:04.317+0000][gc,heap       ] GC(338) Old regions: 212->212
[2023-11-17T15:22:04.317+0000][gc,heap       ] GC(338) Humongous regions: 147->147
[2023-11-17T15:22:04.317+0000][gc,metaspace  ] GC(338) Metaspace: 44690K(47512K)->44690K(47512K) NonClass: 39424K(40960K)->39424K(40960K) Class: 5266K(6552K)->5266K(6552K)
[2023-11-17T15:22:04.317+0000][gc            ] GC(338) Pause Young (Normal) (G1 Evacuation Pause) 394M->360M(512M) 15.405ms
[2023-11-17T15:22:04.317+0000][gc,cpu        ] GC(338) User=0.02s Sys=0.00s Real=0.02s
[2023-11-17T15:24:24.578+0000][gc,start      ] GC(339) Pause Young (Normal) (G1 Evacuation Pause)
[2023-11-17T15:24:24.578+0000][gc,task       ] GC(339) Using 2 workers of 2 for evacuation
[2023-11-17T15:24:24.597+0000][gc,phases     ] GC(339)   Pre Evacuate Collection Set: 0.0ms
[2023-11-17T15:24:24.597+0000][gc,phases     ] GC(339)   Evacuate Collection Set: 18.1ms
[2023-11-17T15:24:24.597+0000][gc,phases     ] GC(339)   Post Evacuate Collection Set: 0.4ms
[2023-11-17T15:24:24.597+0000][gc,phases     ] GC(339)   Other: 0.2ms
[2023-11-17T15:24:24.597+0000][gc,heap       ] GC(339) Eden regions: 36->0(36)
[2023-11-17T15:24:24.597+0000][gc,heap       ] GC(339) Survivor regions: 4->4(5)
[2023-11-17T15:24:24.597+0000][gc,heap       ] GC(339) Old regions: 212->213
[2023-11-17T15:24:24.597+0000][gc,heap       ] GC(339) Humongous regions: 147->147
[2023-11-17T15:24:24.597+0000][gc,metaspace  ] GC(339) Metaspace: 44690K(47512K)->44690K(47512K) NonClass: 39424K(40960K)->39424K(40960K) Class: 5266K(6552K)->5266K(6552K)
[2023-11-17T15:24:24.597+0000][gc            ] GC(339) Pause Young (Normal) (G1 Evacuation Pause) 396M->361M(512M) 18.858ms
[2023-11-17T15:24:24.597+0000][gc,cpu        ] GC(339) User=0.04s Sys=0.01s Real=0.02s
[2023-11-17T15:26:46.214+0000][gc,start      ] GC(340) Pause Young (Normal) (G1 Evacuation Pause)
[2023-11-17T15:26:46.214+0000][gc,task       ] GC(340) Using 2 workers of 2 for evacuation
[2023-11-17T15:26:46.230+0000][gc,phases     ] GC(340)   Pre Evacuate Collection Set: 0.0ms
[2023-11-17T15:26:46.230+0000][gc,phases     ] GC(340)   Evacuate Collection Set: 16.2ms
[2023-11-17T15:26:46.230+0000][gc,phases     ] GC(340)   Post Evacuate Collection Set: 0.3ms
[2023-11-17T15:26:46.230+0000][gc,phases     ] GC(340)   Other: 0.2ms
[2023-11-17T15:26:46.230+0000][gc,heap       ] GC(340) Eden regions: 36->0(35)
[2023-11-17T15:26:46.230+0000][gc,heap       ] GC(340) Survivor regions: 4->5(5)
[2023-11-17T15:26:46.230+0000][gc,heap       ] GC(340) Old regions: 213->215
[2023-11-17T15:26:46.230+0000][gc,heap       ] GC(340) Humongous regions: 147->147
[2023-11-17T15:26:46.230+0000][gc,metaspace  ] GC(340) Metaspace: 44690K(47512K)->44690K(47512K) NonClass: 39424K(40960K)->39424K(40960K) Class: 5266K(6552K)->5266K(6552K)
[2023-11-17T15:26:46.230+0000][gc            ] GC(340) Pause Young (Normal) (G1 Evacuation Pause) 397M->365M(512M) 16.817ms
[2023-11-17T15:26:46.230+0000][gc,cpu        ] GC(340) User=0.03s Sys=0.00s Real=0.01s
[2023-11-17T15:29:03.045+0000][gc,start      ] GC(341) Pause Young (Normal) (G1 Evacuation Pause)
[2023-11-17T15:29:03.045+0000][gc,task       ] GC(341) Using 2 workers of 2 for evacuation
[2023-11-17T15:29:03.063+0000][gc,phases     ] GC(341)   Pre Evacuate Collection Set: 0.1ms
[2023-11-17T15:29:03.063+0000][gc,phases     ] GC(341)   Evacuate Collection Set: 16.9ms
[2023-11-17T15:29:03.063+0000][gc,phases     ] GC(341)   Post Evacuate Collection Set: 0.5ms
[2023-11-17T15:29:03.063+0000][gc,phases     ] GC(341)   Other: 0.5ms
[2023-11-17T15:29:03.063+0000][gc,heap       ] GC(341) Eden regions: 35->0(34)
[2023-11-17T15:29:03.063+0000][gc,heap       ] GC(341) Survivor regions: 5->4(5)
[2023-11-17T15:29:03.063+0000][gc,heap       ] GC(341) Old regions: 215->217
[2023-11-17T15:29:03.063+0000][gc,heap       ] GC(341) Humongous regions: 147->147
[2023-11-17T15:29:03.063+0000][gc,metaspace  ] GC(341) Metaspace: 44690K(47512K)->44690K(47512K) NonClass: 39424K(40960K)->39424K(40960K) Class: 5266K(6552K)->5266K(6552K)
[2023-11-17T15:29:03.063+0000][gc            ] GC(341) Pause Young (Normal) (G1 Evacuation Pause) 400M->366M(512M) 18.076ms
[2023-11-17T15:29:03.063+0000][gc,cpu        ] GC(341) User=0.03s Sys=0.00s Real=0.02s
[2023-11-17T15:31:16.177+0000][gc,start      ] GC(342) Pause Young (Normal) (G1 Evacuation Pause)
[2023-11-17T15:31:16.177+0000][gc,task       ] GC(342) Using 2 workers of 2 for evacuation
[2023-11-17T15:31:16.190+0000][gc,phases     ] GC(342)   Pre Evacuate Collection Set: 0.0ms
[2023-11-17T15:31:16.190+0000][gc,phases     ] GC(342)   Evacuate Collection Set: 12.5ms
[2023-11-17T15:31:16.190+0000][gc,phases     ] GC(342)   Post Evacuate Collection Set: 0.4ms
[2023-11-17T15:31:16.190+0000][gc,phases     ] GC(342)   Other: 0.2ms
[2023-11-17T15:31:16.190+0000][gc,heap       ] GC(342) Eden regions: 34->0(37)
[2023-11-17T15:31:16.190+0000][gc,heap       ] GC(342) Survivor regions: 4->4(5)
[2023-11-17T15:31:16.190+0000][gc,heap       ] GC(342) Old regions: 217->219
[2023-11-17T15:31:16.190+0000][gc,heap       ] GC(342) Humongous regions: 147->147
[2023-11-17T15:31:16.190+0000][gc,metaspace  ] GC(342) Metaspace: 44690K(47512K)->44690K(47512K) NonClass: 39424K(40960K)->39424K(40960K) Class: 5266K(6552K)->5266K(6552K)
[2023-11-17T15:31:16.190+0000][gc            ] GC(342) Pause Young (Normal) (G1 Evacuation Pause) 400M->367M(512M) 13.188ms
[2023-11-17T15:31:16.190+0000][gc,cpu        ] GC(342) User=0.03s Sys=0.00s Real=0.01s
[2023-11-17T15:33:39.924+0000][gc,start      ] GC(343) Pause Young (Normal) (G1 Evacuation Pause)
[2023-11-17T15:33:39.924+0000][gc,task       ] GC(343) Using 2 workers of 2 for evacuation
[2023-11-17T15:33:39.937+0000][gc,phases     ] GC(343)   Pre Evacuate Collection Set: 0.0ms
[2023-11-17T15:33:39.937+0000][gc,phases     ] GC(343)   Evacuate Collection Set: 12.5ms
[2023-11-17T15:33:39.937+0000][gc,phases     ] GC(343)   Post Evacuate Collection Set: 0.3ms
[2023-11-17T15:33:39.937+0000][gc,phases     ] GC(343)   Other: 0.2ms
[2023-11-17T15:33:39.937+0000][gc,heap       ] GC(343) Eden regions: 37->0(40)
[2023-11-17T15:33:39.937+0000][gc,heap       ] GC(343) Survivor regions: 4->5(6)
[2023-11-17T15:33:39.937+0000][gc,heap       ] GC(343) Old regions: 219->219
[2023-11-17T15:33:39.937+0000][gc,heap       ] GC(343) Humongous regions: 147->147
[2023-11-17T15:33:39.937+0000][gc,metaspace  ] GC(343) Metaspace: 44692K(47512K)->44692K(47512K) NonClass: 39426K(40960K)->39426K(40960K) Class: 5266K(6552K)->5266K(6552K)
[2023-11-17T15:33:39.937+0000][gc            ] GC(343) Pause Young (Normal) (G1 Evacuation Pause) 404M->368M(512M) 13.100ms
[2023-11-17T15:33:39.937+0000][gc,cpu        ] GC(343) User=0.03s Sys=0.00s Real=0.02s
[2023-11-17T15:36:17.695+0000][gc,start      ] GC(344) Pause Young (Normal) (G1 Evacuation Pause)
[2023-11-17T15:36:17.695+0000][gc,task       ] GC(344) Using 2 workers of 2 for evacuation
[2023-11-17T15:36:17.713+0000][gc,phases     ] GC(344)   Pre Evacuate Collection Set: 0.0ms
[2023-11-17T15:36:17.713+0000][gc,phases     ] GC(344)   Evacuate Collection Set: 17.2ms
[2023-11-17T15:36:17.713+0000][gc,phases     ] GC(344)   Post Evacuate Collection Set: 0.4ms
[2023-11-17T15:36:17.713+0000][gc,phases     ] GC(344)   Other: 0.4ms
[2023-11-17T15:36:17.713+0000][gc,heap       ] GC(344) Eden regions: 40->0(40)
[2023-11-17T15:36:17.713+0000][gc,heap       ] GC(344) Survivor regions: 5->5(6)
[2023-11-17T15:36:17.713+0000][gc,heap       ] GC(344) Old regions: 219->221
[2023-11-17T15:36:17.713+0000][gc,heap       ] GC(344) Humongous regions: 147->147
[2023-11-17T15:36:17.713+0000][gc,metaspace  ] GC(344) Metaspace: 44692K(47512K)->44692K(47512K) NonClass: 39426K(40960K)->39426K(40960K) Class: 5266K(6552K)->5266K(6552K)
[2023-11-17T15:36:17.713+0000][gc            ] GC(344) Pause Young (Normal) (G1 Evacuation Pause) 408M->370M(512M) 18.146ms
[2023-11-17T15:36:17.713+0000][gc,cpu        ] GC(344) User=0.03s Sys=0.00s Real=0.01s
[2023-11-17T15:38:54.459+0000][gc,start      ] GC(345) Pause Young (Normal) (G1 Evacuation Pause)
[2023-11-17T15:38:54.459+0000][gc,task       ] GC(345) Using 2 workers of 2 for evacuation
[2023-11-17T15:38:54.477+0000][gc,phases     ] GC(345)   Pre Evacuate Collection Set: 0.0ms
[2023-11-17T15:38:54.477+0000][gc,phases     ] GC(345)   Evacuate Collection Set: 18.0ms
[2023-11-17T15:38:54.477+0000][gc,phases     ] GC(345)   Post Evacuate Collection Set: 0.3ms
[2023-11-17T15:38:54.477+0000][gc,phases     ] GC(345)   Other: 0.2ms
[2023-11-17T15:38:54.477+0000][gc,heap       ] GC(345) Eden regions: 40->0(40)
[2023-11-17T15:38:54.477+0000][gc,heap       ] GC(345) Survivor regions: 5->5(6)
[2023-11-17T15:38:54.477+0000][gc,heap       ] GC(345) Old regions: 221->222
[2023-11-17T15:38:54.477+0000][gc,heap       ] GC(345) Humongous regions: 147->147
[2023-11-17T15:38:54.477+0000][gc,metaspace  ] GC(345) Metaspace: 44692K(47512K)->44692K(47512K) NonClass: 39426K(40960K)->39426K(40960K) Class: 5266K(6552K)->5266K(6552K)
[2023-11-17T15:38:54.477+0000][gc            ] GC(345) Pause Young (Normal) (G1 Evacuation Pause) 410M->371M(512M) 18.650ms
[2023-11-17T15:38:54.478+0000][gc,cpu        ] GC(345) User=0.03s Sys=0.00s Real=0.02s
[2023-11-17T15:41:32.224+0000][gc,start      ] GC(346) Pause Young (Normal) (G1 Evacuation Pause)
[2023-11-17T15:41:32.224+0000][gc,task       ] GC(346) Using 2 workers of 2 for evacuation
[2023-11-17T15:41:32.239+0000][gc,phases     ] GC(346)   Pre Evacuate Collection Set: 0.0ms
[2023-11-17T15:41:32.239+0000][gc,phases     ] GC(346)   Evacuate Collection Set: 14.8ms
[2023-11-17T15:41:32.239+0000][gc,phases     ] GC(346)   Post Evacuate Collection Set: 0.4ms
[2023-11-17T15:41:32.239+0000][gc,phases     ] GC(346)   Other: 0.2ms
[2023-11-17T15:41:32.239+0000][gc,heap       ] GC(346) Eden regions: 40->0(43)
[2023-11-17T15:41:32.239+0000][gc,heap       ] GC(346) Survivor regions: 5->5(6)
[2023-11-17T15:41:32.239+0000][gc,heap       ] GC(346) Old regions: 222->224
[2023-11-17T15:41:32.239+0000][gc,heap       ] GC(346) Humongous regions: 147->147
[2023-11-17T15:41:32.239+0000][gc,metaspace  ] GC(346) Metaspace: 44718K(47512K)->44718K(47512K) NonClass: 39452K(40960K)->39452K(40960K) Class: 5266K(6552K)->5266K(6552K)
[2023-11-17T15:41:32.239+0000][gc            ] GC(346) Pause Young (Normal) (G1 Evacuation Pause) 411M->373M(512M) 15.461ms
[2023-11-17T15:41:32.239+0000][gc,cpu        ] GC(346) User=0.03s Sys=0.00s Real=0.02s
[2023-11-17T15:44:21.508+0000][gc,start      ] GC(347) Pause Young (Normal) (G1 Evacuation Pause)
[2023-11-17T15:44:21.508+0000][gc,task       ] GC(347) Using 2 workers of 2 for evacuation
[2023-11-17T15:44:21.524+0000][gc,phases     ] GC(347)   Pre Evacuate Collection Set: 0.0ms
[2023-11-17T15:44:21.524+0000][gc,phases     ] GC(347)   Evacuate Collection Set: 14.9ms
[2023-11-17T15:44:21.524+0000][gc,phases     ] GC(347)   Post Evacuate Collection Set: 0.4ms
[2023-11-17T15:44:21.524+0000][gc,phases     ] GC(347)   Other: 0.2ms
[2023-11-17T15:44:21.524+0000][gc,heap       ] GC(347) Eden regions: 43->0(46)
[2023-11-17T15:44:21.524+0000][gc,heap       ] GC(347) Survivor regions: 5->5(6)
[2023-11-17T15:44:21.524+0000][gc,heap       ] GC(347) Old regions: 224->226
[2023-11-17T15:44:21.524+0000][gc,heap       ] GC(347) Humongous regions: 147->147
[2023-11-17T15:44:21.524+0000][gc,metaspace  ] GC(347) Metaspace: 44718K(47512K)->44718K(47512K) NonClass: 39452K(40960K)->39452K(40960K) Class: 5266K(6552K)->5266K(6552K)
[2023-11-17T15:44:21.524+0000][gc            ] GC(347) Pause Young (Normal) (G1 Evacuation Pause) 416M->375M(512M) 15.623ms
[2023-11-17T15:44:21.524+0000][gc,cpu        ] GC(347) User=0.03s Sys=0.00s Real=0.01s
[2023-11-17T15:47:23.332+0000][gc,start      ] GC(348) Pause Young (Normal) (G1 Evacuation Pause)
[2023-11-17T15:47:23.332+0000][gc,task       ] GC(348) Using 2 workers of 2 for evacuation
[2023-11-17T15:47:23.351+0000][gc,phases     ] GC(348)   Pre Evacuate Collection Set: 0.0ms
[2023-11-17T15:47:23.351+0000][gc,phases     ] GC(348)   Evacuate Collection Set: 18.8ms
[2023-11-17T15:47:23.351+0000][gc,phases     ] GC(348)   Post Evacuate Collection Set: 0.3ms
[2023-11-17T15:47:23.351+0000][gc,phases     ] GC(348)   Other: 0.2ms
[2023-11-17T15:47:23.351+0000][gc,heap       ] GC(348) Eden regions: 46->0(45)
[2023-11-17T15:47:23.351+0000][gc,heap       ] GC(348) Survivor regions: 5->5(7)
[2023-11-17T15:47:23.351+0000][gc,heap       ] GC(348) Old regions: 226->228
[2023-11-17T15:47:23.351+0000][gc,heap       ] GC(348) Humongous regions: 147->147
[2023-11-17T15:47:23.351+0000][gc,metaspace  ] GC(348) Metaspace: 44718K(47512K)->44718K(47512K) NonClass: 39452K(40960K)->39452K(40960K) Class: 5266K(6552K)->5266K(6552K)
[2023-11-17T15:47:23.351+0000][gc            ] GC(348) Pause Young (Normal) (G1 Evacuation Pause) 421M->377M(512M) 19.539ms
[2023-11-17T15:47:23.351+0000][gc,cpu        ] GC(348) User=0.03s Sys=0.00s Real=0.02s
[2023-11-17T15:50:00.502+0000][gc,start      ] GC(349) Pause Young (Normal) (G1 Evacuation Pause)
[2023-11-17T15:50:00.502+0000][gc,task       ] GC(349) Using 2 workers of 2 for evacuation
[2023-11-17T15:50:00.518+0000][gc,phases     ] GC(349)   Pre Evacuate Collection Set: 0.0ms
[2023-11-17T15:50:00.519+0000][gc,phases     ] GC(349)   Evacuate Collection Set: 15.8ms
[2023-11-17T15:50:00.519+0000][gc,phases     ] GC(349)   Post Evacuate Collection Set: 0.4ms
[2023-11-17T15:50:00.519+0000][gc,phases     ] GC(349)   Other: 0.2ms
[2023-11-17T15:50:00.519+0000][gc,heap       ] GC(349) Eden regions: 40->0(44)
[2023-11-17T15:50:00.519+0000][gc,heap       ] GC(349) Survivor regions: 5->5(6)
[2023-11-17T15:50:00.519+0000][gc,heap       ] GC(349) Old regions: 228->229
[2023-11-17T15:50:00.519+0000][gc,heap       ] GC(349) Humongous regions: 147->147
[2023-11-17T15:50:00.519+0000][gc,metaspace  ] GC(349) Metaspace: 44718K(47512K)->44718K(47512K) NonClass: 39452K(40960K)->39452K(40960K) Class: 5266K(6552K)->5266K(6552K)
[2023-11-17T15:50:00.519+0000][gc            ] GC(349) Pause Young (Normal) (G1 Evacuation Pause) 417M->379M(512M) 16.449ms
[2023-11-17T15:50:00.519+0000][gc,cpu        ] GC(349) User=0.03s Sys=0.00s Real=0.02s
[2023-11-17T15:52:53.371+0000][gc,start      ] GC(350) Pause Young (Normal) (G1 Evacuation Pause)
[2023-11-17T15:52:53.371+0000][gc,task       ] GC(350) Using 2 workers of 2 for evacuation
[2023-11-17T15:52:53.391+0000][gc,mmu        ] GC(350) MMU target violated: 20.3ms (20.0ms/21.0ms)
[2023-11-17T15:52:53.391+0000][gc,phases     ] GC(350)   Pre Evacuate Collection Set: 0.0ms
[2023-11-17T15:52:53.391+0000][gc,phases     ] GC(350)   Evacuate Collection Set: 19.8ms
[2023-11-17T15:52:53.391+0000][gc,phases     ] GC(350)   Post Evacuate Collection Set: 0.4ms
[2023-11-17T15:52:53.391+0000][gc,phases     ] GC(350)   Other: 0.3ms
[2023-11-17T15:52:53.391+0000][gc,heap       ] GC(350) Eden regions: 44->0(43)
[2023-11-17T15:52:53.391+0000][gc,heap       ] GC(350) Survivor regions: 5->5(7)
[2023-11-17T15:52:53.391+0000][gc,heap       ] GC(350) Old regions: 229->231
[2023-11-17T15:52:53.391+0000][gc,heap       ] GC(350) Humongous regions: 147->147
[2023-11-17T15:52:53.391+0000][gc,metaspace  ] GC(350) Metaspace: 44718K(47512K)->44718K(47512K) NonClass: 39452K(40960K)->39452K(40960K) Class: 5266K(6552K)->5266K(6552K)
[2023-11-17T15:52:53.391+0000][gc            ] GC(350) Pause Young (Normal) (G1 Evacuation Pause) 423M->381M(512M) 20.457ms
[2023-11-17T15:52:53.391+0000][gc,cpu        ] GC(350) User=0.04s Sys=0.00s Real=0.02s
[2023-11-17T15:55:42.443+0000][gc,start      ] GC(351) Pause Young (Normal) (G1 Evacuation Pause)
[2023-11-17T15:55:42.443+0000][gc,task       ] GC(351) Using 2 workers of 2 for evacuation
[2023-11-17T15:55:42.461+0000][gc,phases     ] GC(351)   Pre Evacuate Collection Set: 0.0ms
[2023-11-17T15:55:42.461+0000][gc,phases     ] GC(351)   Evacuate Collection Set: 17.2ms
[2023-11-17T15:55:42.461+0000][gc,phases     ] GC(351)   Post Evacuate Collection Set: 0.4ms
[2023-11-17T15:55:42.461+0000][gc,phases     ] GC(351)   Other: 0.3ms
[2023-11-17T15:55:42.461+0000][gc,heap       ] GC(351) Eden regions: 43->0(44)
[2023-11-17T15:55:42.461+0000][gc,heap       ] GC(351) Survivor regions: 5->5(6)
[2023-11-17T15:55:42.461+0000][gc,heap       ] GC(351) Old regions: 231->233
[2023-11-17T15:55:42.461+0000][gc,heap       ] GC(351) Humongous regions: 147->147
[2023-11-17T15:55:42.461+0000][gc,metaspace  ] GC(351) Metaspace: 44718K(47512K)->44718K(47512K) NonClass: 39452K(40960K)->39452K(40960K) Class: 5266K(6552K)->5266K(6552K)
[2023-11-17T15:55:42.461+0000][gc            ] GC(351) Pause Young (Normal) (G1 Evacuation Pause) 424M->383M(512M) 18.060ms
[2023-11-17T15:55:42.461+0000][gc,cpu        ] GC(351) User=0.03s Sys=0.00s Real=0.02s
[2023-11-17T15:58:27.592+0000][gc,start      ] GC(352) Pause Young (Normal) (G1 Evacuation Pause)
[2023-11-17T15:58:27.592+0000][gc,task       ] GC(352) Using 2 workers of 2 for evacuation
[2023-11-17T15:58:27.613+0000][gc,mmu        ] GC(352) MMU target violated: 21.0ms (20.0ms/21.0ms)
[2023-11-17T15:58:27.613+0000][gc,phases     ] GC(352)   Pre Evacuate Collection Set: 0.0ms
[2023-11-17T15:58:27.614+0000][gc,phases     ] GC(352)   Evacuate Collection Set: 21.0ms
[2023-11-17T15:58:27.614+0000][gc,phases     ] GC(352)   Post Evacuate Collection Set: 0.4ms
[2023-11-17T15:58:27.614+0000][gc,phases     ] GC(352)   Other: 0.3ms
[2023-11-17T15:58:27.614+0000][gc,heap       ] GC(352) Eden regions: 42->0(42)
[2023-11-17T15:58:27.614+0000][gc,heap       ] GC(352) Survivor regions: 5->5(6)
[2023-11-17T15:58:27.614+0000][gc,heap       ] GC(352) Old regions: 233->235
[2023-11-17T15:58:27.614+0000][gc,heap       ] GC(352) Humongous regions: 147->147
[2023-11-17T15:58:27.614+0000][gc,metaspace  ] GC(352) Metaspace: 44718K(47512K)->44718K(47512K) NonClass: 39452K(40960K)->39452K(40960K) Class: 5266K(6552K)->5266K(6552K)
[2023-11-17T15:58:27.614+0000][gc            ] GC(352) Pause Young (Normal) (G1 Evacuation Pause) 425M->385M(512M) 21.695ms
[2023-11-17T15:58:27.614+0000][gc,cpu        ] GC(352) User=0.04s Sys=0.00s Real=0.03s
[2023-11-17T16:00:49.656+0000][gc,start      ] GC(353) Pause Young (Concurrent Start) (G1 Evacuation Pause)
[2023-11-17T16:00:49.656+0000][gc,task       ] GC(353) Using 2 workers of 2 for evacuation
[2023-11-17T16:00:49.674+0000][gc,phases     ] GC(353)   Pre Evacuate Collection Set: 0.6ms
[2023-11-17T16:00:49.674+0000][gc,phases     ] GC(353)   Evacuate Collection Set: 17.1ms
[2023-11-17T16:00:49.674+0000][gc,phases     ] GC(353)   Post Evacuate Collection Set: 0.3ms
[2023-11-17T16:00:49.674+0000][gc,phases     ] GC(353)   Other: 0.4ms
[2023-11-17T16:00:49.674+0000][gc,heap       ] GC(353) Eden regions: 36->0(37)
[2023-11-17T16:00:49.674+0000][gc,heap       ] GC(353) Survivor regions: 5->4(6)
[2023-11-17T16:00:49.674+0000][gc,heap       ] GC(353) Old regions: 235->237
[2023-11-17T16:00:49.674+0000][gc,heap       ] GC(353) Humongous regions: 147->147
[2023-11-17T16:00:49.674+0000][gc,metaspace  ] GC(353) Metaspace: 44718K(47512K)->44718K(47512K) NonClass: 39452K(40960K)->39452K(40960K) Class: 5266K(6552K)->5266K(6552K)
[2023-11-17T16:00:49.675+0000][gc            ] GC(353) Pause Young (Concurrent Start) (G1 Evacuation Pause) 421M->386M(512M) 18.403ms
[2023-11-17T16:00:49.675+0000][gc,cpu        ] GC(353) User=0.03s Sys=0.00s Real=0.02s
[2023-11-17T16:00:49.675+0000][gc            ] GC(354) Concurrent Cycle
[2023-11-17T16:00:49.675+0000][gc,marking    ] GC(354) Concurrent Clear Claimed Marks
[2023-11-17T16:00:49.675+0000][gc,marking    ] GC(354) Concurrent Clear Claimed Marks 0.203ms
[2023-11-17T16:00:49.675+0000][gc,marking    ] GC(354) Concurrent Scan Root Regions
[2023-11-17T16:00:49.680+0000][gc,marking    ] GC(354) Concurrent Scan Root Regions 4.863ms
[2023-11-17T16:00:49.680+0000][gc,marking    ] GC(354) Concurrent Mark (31999.712s)
[2023-11-17T16:00:49.680+0000][gc,marking    ] GC(354) Concurrent Mark From Roots
[2023-11-17T16:00:49.680+0000][gc,task       ] GC(354) Using 1 workers of 1 for marking
[2023-11-17T16:00:49.719+0000][gc,marking    ] GC(354) Concurrent Mark From Roots 39.278ms
[2023-11-17T16:00:49.719+0000][gc,marking    ] GC(354) Concurrent Preclean
[2023-11-17T16:00:49.719+0000][gc,marking    ] GC(354) Concurrent Preclean 0.196ms
[2023-11-17T16:00:49.719+0000][gc,marking    ] GC(354) Concurrent Mark (31999.712s, 31999.752s) 39.627ms
[2023-11-17T16:00:49.720+0000][gc,start      ] GC(354) Pause Remark
[2023-11-17T16:00:49.732+0000][gc,stringtable] GC(354) Cleaned string and symbol table, strings: 13024 processed, 6 removed, symbols: 93087 processed, 1 removed
[2023-11-17T16:00:49.732+0000][gc            ] GC(354) Pause Remark 386M->271M(512M) 12.709ms
[2023-11-17T16:00:49.732+0000][gc,cpu        ] GC(354) User=0.02s Sys=0.00s Real=0.01s
[2023-11-17T16:00:49.732+0000][gc,marking    ] GC(354) Concurrent Rebuild Remembered Sets
[2023-11-17T16:00:49.756+0000][gc,marking    ] GC(354) Concurrent Rebuild Remembered Sets 23.183ms
[2023-11-17T16:00:49.756+0000][gc,start      ] GC(354) Pause Cleanup
[2023-11-17T16:00:49.756+0000][gc            ] GC(354) Pause Cleanup 271M->271M(512M) 0.185ms
[2023-11-17T16:00:49.756+0000][gc,cpu        ] GC(354) User=0.00s Sys=0.00s Real=0.00s
[2023-11-17T16:00:49.756+0000][gc,marking    ] GC(354) Concurrent Cleanup for Next Mark
[2023-11-17T16:00:49.757+0000][gc,marking    ] GC(354) Concurrent Cleanup for Next Mark 1.438ms
[2023-11-17T16:00:49.757+0000][gc            ] GC(354) Concurrent Cycle 82.908ms
[2023-11-17T16:02:22.963+0000][gc,start      ] GC(355) Pause Young (Prepare Mixed) (G1 Evacuation Pause)
[2023-11-17T16:02:22.963+0000][gc,task       ] GC(355) Using 2 workers of 2 for evacuation
[2023-11-17T16:02:22.981+0000][gc,phases     ] GC(355)   Pre Evacuate Collection Set: 0.0ms
[2023-11-17T16:02:22.981+0000][gc,phases     ] GC(355)   Evacuate Collection Set: 16.5ms
[2023-11-17T16:02:22.981+0000][gc,phases     ] GC(355)   Post Evacuate Collection Set: 0.4ms
[2023-11-17T16:02:22.981+0000][gc,phases     ] GC(355)   Other: 0.2ms
[2023-11-17T16:02:22.981+0000][gc,heap       ] GC(355) Eden regions: 24->0(21)
[2023-11-17T16:02:22.981+0000][gc,heap       ] GC(355) Survivor regions: 4->4(4)
[2023-11-17T16:02:22.981+0000][gc,heap       ] GC(355) Old regions: 122->124
[2023-11-17T16:02:22.981+0000][gc,heap       ] GC(355) Humongous regions: 147->147
[2023-11-17T16:02:22.981+0000][gc,metaspace  ] GC(355) Metaspace: 44718K(47512K)->44718K(47512K) NonClass: 39452K(40960K)->39452K(40960K) Class: 5266K(6552K)->5266K(6552K)
[2023-11-17T16:02:22.981+0000][gc            ] GC(355) Pause Young (Prepare Mixed) (G1 Evacuation Pause) 295M->273M(512M) 17.234ms
[2023-11-17T16:02:22.981+0000][gc,cpu        ] GC(355) User=0.03s Sys=0.00s Real=0.02s
[2023-11-17T16:03:44.348+0000][gc,start      ] GC(356) Pause Young (Mixed) (G1 Evacuation Pause)
[2023-11-17T16:03:44.348+0000][gc,task       ] GC(356) Using 2 workers of 2 for evacuation
[2023-11-17T16:03:44.374+0000][gc,mmu        ] GC(356) MMU target violated: 21.0ms (20.0ms/21.0ms)
[2023-11-17T16:03:44.374+0000][gc,phases     ] GC(356)   Pre Evacuate Collection Set: 0.0ms
[2023-11-17T16:03:44.374+0000][gc,phases     ] GC(356)   Evacuate Collection Set: 14.0ms
[2023-11-17T16:03:44.374+0000][gc,phases     ] GC(356)   Post Evacuate Collection Set: 9.2ms
[2023-11-17T16:03:44.374+0000][gc,phases     ] GC(356)   Other: 3.5ms
[2023-11-17T16:03:44.374+0000][gc,heap       ] GC(356) Eden regions: 21->0(23)
[2023-11-17T16:03:44.374+0000][gc,heap       ] GC(356) Survivor regions: 4->2(4)
[2023-11-17T16:03:44.374+0000][gc,heap       ] GC(356) Old regions: 124->74
[2023-11-17T16:03:44.374+0000][gc,heap       ] GC(356) Humongous regions: 147->147
[2023-11-17T16:03:44.374+0000][gc,metaspace  ] GC(356) Metaspace: 44718K(47512K)->44718K(47512K) NonClass: 39452K(40960K)->39452K(40960K) Class: 5266K(6552K)->5266K(6552K)
[2023-11-17T16:03:44.374+0000][gc            ] GC(356) Pause Young (Mixed) (G1 Evacuation Pause) 294M->221M(512M) 26.855ms
[2023-11-17T16:03:44.374+0000][gc,cpu        ] GC(356) User=0.04s Sys=0.00s Real=0.03s
[2023-11-17T16:05:14.116+0000][gc,start      ] GC(357) Pause Young (Mixed) (G1 Evacuation Pause)
[2023-11-17T16:05:14.116+0000][gc,task       ] GC(357) Using 2 workers of 2 for evacuation
[2023-11-17T16:05:14.128+0000][gc,phases     ] GC(357)   Pre Evacuate Collection Set: 0.0ms
[2023-11-17T16:05:14.128+0000][gc,phases     ] GC(357)   Evacuate Collection Set: 11.7ms
[2023-11-17T16:05:14.128+0000][gc,phases     ] GC(357)   Post Evacuate Collection Set: 0.4ms
[2023-11-17T16:05:14.128+0000][gc,phases     ] GC(357)   Other: 0.2ms
[2023-11-17T16:05:14.128+0000][gc,heap       ] GC(357) Eden regions: 23->0(21)
[2023-11-17T16:05:14.128+0000][gc,heap       ] GC(357) Survivor regions: 2->4(4)
[2023-11-17T16:05:14.128+0000][gc,heap       ] GC(357) Old regions: 74->61
[2023-11-17T16:05:14.128+0000][gc,heap       ] GC(357) Humongous regions: 147->147
[2023-11-17T16:05:14.128+0000][gc,metaspace  ] GC(357) Metaspace: 44718K(47512K)->44718K(47512K) NonClass: 39452K(40960K)->39452K(40960K) Class: 5266K(6552K)->5266K(6552K)
[2023-11-17T16:05:14.128+0000][gc            ] GC(357) Pause Young (Mixed) (G1 Evacuation Pause) 244M->210M(512M) 12.458ms
[2023-11-17T16:05:14.128+0000][gc,cpu        ] GC(357) User=0.03s Sys=0.00s Real=0.01s
[2023-11-17T16:06:35.937+0000][gc,start      ] GC(358) Pause Young (Mixed) (G1 Evacuation Pause)
[2023-11-17T16:06:35.937+0000][gc,task       ] GC(358) Using 2 workers of 2 for evacuation
[2023-11-17T16:06:35.951+0000][gc,phases     ] GC(358)   Pre Evacuate Collection Set: 0.0ms
[2023-11-17T16:06:35.951+0000][gc,phases     ] GC(358)   Evacuate Collection Set: 12.7ms
[2023-11-17T16:06:35.951+0000][gc,phases     ] GC(358)   Post Evacuate Collection Set: 0.4ms
[2023-11-17T16:06:35.951+0000][gc,phases     ] GC(358)   Other: 0.3ms
[2023-11-17T16:06:35.951+0000][gc,heap       ] GC(358) Eden regions: 21->0(26)
[2023-11-17T16:06:35.951+0000][gc,heap       ] GC(358) Survivor regions: 4->2(4)
[2023-11-17T16:06:35.951+0000][gc,heap       ] GC(358) Old regions: 61->54
[2023-11-17T16:06:35.951+0000][gc,heap       ] GC(358) Humongous regions: 147->147
[2023-11-17T16:06:35.951+0000][gc,metaspace  ] GC(358) Metaspace: 44718K(47512K)->44718K(47512K) NonClass: 39452K(40960K)->39452K(40960K) Class: 5266K(6552K)->5266K(6552K)
[2023-11-17T16:06:35.951+0000][gc            ] GC(358) Pause Young (Mixed) (G1 Evacuation Pause) 231M->201M(512M) 13.423ms
[2023-11-17T16:06:35.951+0000][gc,cpu        ] GC(358) User=0.02s Sys=0.00s Real=0.01s
[2023-11-17T16:07:47.046+0000][gc,start      ] GC(359) Pause Young (Normal) (G1 Evacuation Pause)
[2023-11-17T16:07:47.046+0000][gc,task       ] GC(359) Using 2 workers of 2 for evacuation
[2023-11-17T16:07:47.074+0000][gc,mmu        ] GC(359) MMU target violated: 21.0ms (20.0ms/21.0ms)
[2023-11-17T16:07:47.074+0000][gc,phases     ] GC(359)   Pre Evacuate Collection Set: 0.0ms
[2023-11-17T16:07:47.074+0000][gc,phases     ] GC(359)   Evacuate Collection Set: 27.5ms
[2023-11-17T16:07:47.074+0000][gc,phases     ] GC(359)   Post Evacuate Collection Set: 0.5ms
[2023-11-17T16:07:47.074+0000][gc,phases     ] GC(359)   Other: 0.3ms
[2023-11-17T16:07:47.074+0000][gc,heap       ] GC(359) Eden regions: 23->0(21)
[2023-11-17T16:07:47.074+0000][gc,heap       ] GC(359) Survivor regions: 2->4(4)
[2023-11-17T16:07:47.074+0000][gc,heap       ] GC(359) Old regions: 54->57
[2023-11-17T16:07:47.074+0000][gc,heap       ] GC(359) Humongous regions: 147->147
[2023-11-17T16:07:47.074+0000][gc,metaspace  ] GC(359) Metaspace: 44718K(47512K)->44718K(47512K) NonClass: 39452K(40960K)->39452K(40960K) Class: 5266K(6552K)->5266K(6552K)
[2023-11-17T16:07:47.074+0000][gc            ] GC(359) Pause Young (Normal) (G1 Evacuation Pause) 224M->206M(512M) 28.309ms
[2023-11-17T16:07:47.074+0000][gc,cpu        ] GC(359) User=0.05s Sys=0.00s Real=0.03s
[2023-11-17T16:09:04.766+0000][gc,start      ] GC(360) Pause Young (Normal) (G1 Evacuation Pause)
[2023-11-17T16:09:04.766+0000][gc,task       ] GC(360) Using 2 workers of 2 for evacuation
[2023-11-17T16:09:04.778+0000][gc,phases     ] GC(360)   Pre Evacuate Collection Set: 0.0ms
[2023-11-17T16:09:04.779+0000][gc,phases     ] GC(360)   Evacuate Collection Set: 12.3ms
[2023-11-17T16:09:04.779+0000][gc,phases     ] GC(360)   Post Evacuate Collection Set: 0.3ms
[2023-11-17T16:09:04.779+0000][gc,phases     ] GC(360)   Other: 0.2ms
[2023-11-17T16:09:04.779+0000][gc,heap       ] GC(360) Eden regions: 21->0(23)
[2023-11-17T16:09:04.779+0000][gc,heap       ] GC(360) Survivor regions: 4->2(4)
[2023-11-17T16:09:04.779+0000][gc,heap       ] GC(360) Old regions: 57->59
[2023-11-17T16:09:04.779+0000][gc,heap       ] GC(360) Humongous regions: 147->147
[2023-11-17T16:09:04.779+0000][gc,metaspace  ] GC(360) Metaspace: 44718K(47512K)->44718K(47512K) NonClass: 39452K(40960K)->39452K(40960K) Class: 5266K(6552K)->5266K(6552K)
[2023-11-17T16:09:04.779+0000][gc            ] GC(360) Pause Young (Normal) (G1 Evacuation Pause) 227M->206M(512M) 12.920ms
[2023-11-17T16:09:04.779+0000][gc,cpu        ] GC(360) User=0.02s Sys=0.00s Real=0.01s
[2023-11-17T16:10:33.857+0000][gc,start      ] GC(361) Pause Young (Normal) (G1 Evacuation Pause)
[2023-11-17T16:10:33.857+0000][gc,task       ] GC(361) Using 2 workers of 2 for evacuation
[2023-11-17T16:10:33.869+0000][gc,phases     ] GC(361)   Pre Evacuate Collection Set: 0.0ms
[2023-11-17T16:10:33.869+0000][gc,phases     ] GC(361)   Evacuate Collection Set: 11.7ms
[2023-11-17T16:10:33.869+0000][gc,phases     ] GC(361)   Post Evacuate Collection Set: 0.4ms
[2023-11-17T16:10:33.869+0000][gc,phases     ] GC(361)   Other: 0.2ms
[2023-11-17T16:10:33.869+0000][gc,heap       ] GC(361) Eden regions: 23->0(22)
[2023-11-17T16:10:33.869+0000][gc,heap       ] GC(361) Survivor regions: 2->4(4)
[2023-11-17T16:10:33.869+0000][gc,heap       ] GC(361) Old regions: 59->60
[2023-11-17T16:10:33.869+0000][gc,heap       ] GC(361) Humongous regions: 147->147
[2023-11-17T16:10:33.869+0000][gc,metaspace  ] GC(361) Metaspace: 44718K(47512K)->44718K(47512K) NonClass: 39452K(40960K)->39452K(40960K) Class: 5266K(6552K)->5266K(6552K)
[2023-11-17T16:10:33.869+0000][gc            ] GC(361) Pause Young (Normal) (G1 Evacuation Pause) 229M->209M(512M) 12.361ms
[2023-11-17T16:10:33.869+0000][gc,cpu        ] GC(361) User=0.02s Sys=0.00s Real=0.01s
[2023-11-17T16:11:59.320+0000][gc,start      ] GC(362) Pause Young (Normal) (G1 Evacuation Pause)
[2023-11-17T16:11:59.320+0000][gc,task       ] GC(362) Using 2 workers of 2 for evacuation
[2023-11-17T16:11:59.335+0000][gc,phases     ] GC(362)   Pre Evacuate Collection Set: 0.0ms
[2023-11-17T16:11:59.335+0000][gc,phases     ] GC(362)   Evacuate Collection Set: 14.4ms
[2023-11-17T16:11:59.335+0000][gc,phases     ] GC(362)   Post Evacuate Collection Set: 0.5ms
[2023-11-17T16:11:59.335+0000][gc,phases     ] GC(362)   Other: 0.2ms
[2023-11-17T16:11:59.335+0000][gc,heap       ] GC(362) Eden regions: 22->0(23)
[2023-11-17T16:11:59.335+0000][gc,heap       ] GC(362) Survivor regions: 4->2(4)
[2023-11-17T16:11:59.335+0000][gc,heap       ] GC(362) Old regions: 60->62
[2023-11-17T16:11:59.335+0000][gc,heap       ] GC(362) Humongous regions: 147->147
[2023-11-17T16:11:59.335+0000][gc,metaspace  ] GC(362) Metaspace: 44718K(47512K)->44718K(47512K) NonClass: 39452K(40960K)->39452K(40960K) Class: 5266K(6552K)->5266K(6552K)
[2023-11-17T16:11:59.335+0000][gc            ] GC(362) Pause Young (Normal) (G1 Evacuation Pause) 231M->209M(512M) 15.271ms
[2023-11-17T16:11:59.335+0000][gc,cpu        ] GC(362) User=0.03s Sys=0.00s Real=0.02s
[2023-11-17T16:13:28.290+0000][gc,start      ] GC(363) Pause Young (Normal) (G1 Evacuation Pause)
[2023-11-17T16:13:28.290+0000][gc,task       ] GC(363) Using 2 workers of 2 for evacuation
[2023-11-17T16:13:28.326+0000][gc,mmu        ] GC(363) MMU target violated: 21.0ms (20.0ms/21.0ms)
[2023-11-17T16:13:28.326+0000][gc,phases     ] GC(363)   Pre Evacuate Collection Set: 0.0ms
[2023-11-17T16:13:28.326+0000][gc,phases     ] GC(363)   Evacuate Collection Set: 33.5ms
[2023-11-17T16:13:28.326+0000][gc,phases     ] GC(363)   Post Evacuate Collection Set: 1.7ms
[2023-11-17T16:13:28.326+0000][gc,phases     ] GC(363)   Other: 0.2ms
[2023-11-17T16:13:28.326+0000][gc,heap       ] GC(363) Eden regions: 23->0(21)
[2023-11-17T16:13:28.326+0000][gc,heap       ] GC(363) Survivor regions: 2->4(4)
[2023-11-17T16:13:28.326+0000][gc,heap       ] GC(363) Old regions: 62->62
[2023-11-17T16:13:28.326+0000][gc,heap       ] GC(363) Humongous regions: 147->147
[2023-11-17T16:13:28.326+0000][gc,metaspace  ] GC(363) Metaspace: 44718K(47512K)->44718K(47512K) NonClass: 39452K(40960K)->39452K(40960K) Class: 5266K(6552K)->5266K(6552K)
[2023-11-17T16:13:28.326+0000][gc            ] GC(363) Pause Young (Normal) (G1 Evacuation Pause) 232M->211M(512M) 35.573ms
[2023-11-17T16:13:28.326+0000][gc,cpu        ] GC(363) User=0.05s Sys=0.01s Real=0.04s
[2023-11-17T16:14:49.494+0000][gc,start      ] GC(364) Pause Young (Normal) (G1 Evacuation Pause)
[2023-11-17T16:14:49.495+0000][gc,task       ] GC(364) Using 2 workers of 2 for evacuation
[2023-11-17T16:14:49.508+0000][gc,phases     ] GC(364)   Pre Evacuate Collection Set: 0.0ms
[2023-11-17T16:14:49.509+0000][gc,phases     ] GC(364)   Evacuate Collection Set: 12.8ms
[2023-11-17T16:14:49.509+0000][gc,phases     ] GC(364)   Post Evacuate Collection Set: 1.0ms
[2023-11-17T16:14:49.509+0000][gc,phases     ] GC(364)   Other: 0.2ms
[2023-11-17T16:14:49.509+0000][gc,heap       ] GC(364) Eden regions: 21->0(23)
[2023-11-17T16:14:49.509+0000][gc,heap       ] GC(364) Survivor regions: 4->2(4)
[2023-11-17T16:14:49.509+0000][gc,heap       ] GC(364) Old regions: 62->64
[2023-11-17T16:14:49.509+0000][gc,heap       ] GC(364) Humongous regions: 147->147
[2023-11-17T16:14:49.509+0000][gc,metaspace  ] GC(364) Metaspace: 44718K(47512K)->44718K(47512K) NonClass: 39452K(40960K)->39452K(40960K) Class: 5266K(6552K)->5266K(6552K)
[2023-11-17T16:14:49.509+0000][gc            ] GC(364) Pause Young (Normal) (G1 Evacuation Pause) 232M->211M(512M) 14.111ms
[2023-11-17T16:14:49.509+0000][gc,cpu        ] GC(364) User=0.02s Sys=0.00s Real=0.01s
[2023-11-17T16:16:18.864+0000][gc,start      ] GC(365) Pause Young (Normal) (G1 Evacuation Pause)
[2023-11-17T16:16:18.864+0000][gc,task       ] GC(365) Using 2 workers of 2 for evacuation
[2023-11-17T16:16:18.877+0000][gc,phases     ] GC(365)   Pre Evacuate Collection Set: 0.0ms
[2023-11-17T16:16:18.877+0000][gc,phases     ] GC(365)   Evacuate Collection Set: 12.3ms
[2023-11-17T16:16:18.877+0000][gc,phases     ] GC(365)   Post Evacuate Collection Set: 0.5ms
[2023-11-17T16:16:18.877+0000][gc,phases     ] GC(365)   Other: 0.2ms
[2023-11-17T16:16:18.877+0000][gc,heap       ] GC(365) Eden regions: 23->0(22)
[2023-11-17T16:16:18.877+0000][gc,heap       ] GC(365) Survivor regions: 2->4(4)
[2023-11-17T16:16:18.877+0000][gc,heap       ] GC(365) Old regions: 64->64
[2023-11-17T16:16:18.877+0000][gc,heap       ] GC(365) Humongous regions: 147->147
[2023-11-17T16:16:18.877+0000][gc,metaspace  ] GC(365) Metaspace: 44718K(47512K)->44718K(47512K) NonClass: 39452K(40960K)->39452K(40960K) Class: 5266K(6552K)->5266K(6552K)
[2023-11-17T16:16:18.877+0000][gc            ] GC(365) Pause Young (Normal) (G1 Evacuation Pause) 234M->213M(512M) 13.057ms
[2023-11-17T16:16:18.877+0000][gc,cpu        ] GC(365) User=0.02s Sys=0.00s Real=0.02s
[2023-11-17T16:17:42.998+0000][gc,start      ] GC(366) Pause Young (Normal) (G1 Evacuation Pause)
[2023-11-17T16:17:42.998+0000][gc,task       ] GC(366) Using 2 workers of 2 for evacuation
[2023-11-17T16:17:43.010+0000][gc,phases     ] GC(366)   Pre Evacuate Collection Set: 0.0ms
[2023-11-17T16:17:43.010+0000][gc,phases     ] GC(366)   Evacuate Collection Set: 11.7ms
[2023-11-17T16:17:43.010+0000][gc,phases     ] GC(366)   Post Evacuate Collection Set: 0.3ms
[2023-11-17T16:17:43.010+0000][gc,phases     ] GC(366)   Other: 0.2ms
[2023-11-17T16:17:43.010+0000][gc,heap       ] GC(366) Eden regions: 22->0(24)
[2023-11-17T16:17:43.010+0000][gc,heap       ] GC(366) Survivor regions: 4->2(4)
[2023-11-17T16:17:43.010+0000][gc,heap       ] GC(366) Old regions: 64->66
[2023-11-17T16:17:43.010+0000][gc,heap       ] GC(366) Humongous regions: 147->147
[2023-11-17T16:17:43.010+0000][gc,metaspace  ] GC(366) Metaspace: 44718K(47512K)->44718K(47512K) NonClass: 39452K(40960K)->39452K(40960K) Class: 5266K(6552K)->5266K(6552K)
[2023-11-17T16:17:43.010+0000][gc            ] GC(366) Pause Young (Normal) (G1 Evacuation Pause) 235M->213M(512M) 12.337ms
[2023-11-17T16:17:43.010+0000][gc,cpu        ] GC(366) User=0.03s Sys=0.00s Real=0.01s
[2023-11-17T16:19:16.220+0000][gc,start      ] GC(367) Pause Young (Normal) (G1 Evacuation Pause)
[2023-11-17T16:19:16.220+0000][gc,task       ] GC(367) Using 2 workers of 2 for evacuation
[2023-11-17T16:19:16.234+0000][gc,phases     ] GC(367)   Pre Evacuate Collection Set: 0.0ms
[2023-11-17T16:19:16.234+0000][gc,phases     ] GC(367)   Evacuate Collection Set: 13.3ms
[2023-11-17T16:19:16.234+0000][gc,phases     ] GC(367)   Post Evacuate Collection Set: 0.6ms
[2023-11-17T16:19:16.234+0000][gc,phases     ] GC(367)   Other: 0.2ms
[2023-11-17T16:19:16.234+0000][gc,heap       ] GC(367) Eden regions: 24->0(24)
[2023-11-17T16:19:16.234+0000][gc,heap       ] GC(367) Survivor regions: 2->4(4)
[2023-11-17T16:19:16.234+0000][gc,heap       ] GC(367) Old regions: 66->66
[2023-11-17T16:19:16.234+0000][gc,heap       ] GC(367) Humongous regions: 147->147
[2023-11-17T16:19:16.234+0000][gc,metaspace  ] GC(367) Metaspace: 44718K(47512K)->44718K(47512K) NonClass: 39452K(40960K)->39452K(40960K) Class: 5266K(6552K)->5266K(6552K)
[2023-11-17T16:19:16.234+0000][gc            ] GC(367) Pause Young (Normal) (G1 Evacuation Pause) 237M->215M(512M) 14.113ms
[2023-11-17T16:19:16.234+0000][gc,cpu        ] GC(367) User=0.03s Sys=0.00s Real=0.02s
[2023-11-17T16:20:49.721+0000][gc,start      ] GC(368) Pause Young (Normal) (G1 Evacuation Pause)
[2023-11-17T16:20:49.721+0000][gc,task       ] GC(368) Using 2 workers of 2 for evacuation
[2023-11-17T16:20:49.735+0000][gc,phases     ] GC(368)   Pre Evacuate Collection Set: 0.0ms
[2023-11-17T16:20:49.735+0000][gc,phases     ] GC(368)   Evacuate Collection Set: 13.7ms
[2023-11-17T16:20:49.735+0000][gc,phases     ] GC(368)   Post Evacuate Collection Set: 0.4ms
[2023-11-17T16:20:49.735+0000][gc,phases     ] GC(368)   Other: 0.2ms
[2023-11-17T16:20:49.735+0000][gc,heap       ] GC(368) Eden regions: 24->0(26)
[2023-11-17T16:20:49.735+0000][gc,heap       ] GC(368) Survivor regions: 4->3(4)
[2023-11-17T16:20:49.735+0000][gc,heap       ] GC(368) Old regions: 66->68
[2023-11-17T16:20:49.735+0000][gc,heap       ] GC(368) Humongous regions: 147->147
[2023-11-17T16:20:49.735+0000][gc,metaspace  ] GC(368) Metaspace: 44718K(47512K)->44718K(47512K) NonClass: 39452K(40960K)->39452K(40960K) Class: 5266K(6552K)->5266K(6552K)
[2023-11-17T16:20:49.735+0000][gc            ] GC(368) Pause Young (Normal) (G1 Evacuation Pause) 239M->215M(512M) 14.400ms
[2023-11-17T16:20:49.735+0000][gc,cpu        ] GC(368) User=0.03s Sys=0.00s Real=0.02s
[2023-11-17T16:22:31.381+0000][gc,start      ] GC(369) Pause Young (Normal) (G1 Evacuation Pause)
[2023-11-17T16:22:31.381+0000][gc,task       ] GC(369) Using 2 workers of 2 for evacuation
[2023-11-17T16:22:31.395+0000][gc,phases     ] GC(369)   Pre Evacuate Collection Set: 0.0ms
[2023-11-17T16:22:31.395+0000][gc,phases     ] GC(369)   Evacuate Collection Set: 13.1ms
[2023-11-17T16:22:31.395+0000][gc,phases     ] GC(369)   Post Evacuate Collection Set: 0.4ms
[2023-11-17T16:22:31.395+0000][gc,phases     ] GC(369)   Other: 0.3ms
[2023-11-17T16:22:31.395+0000][gc,heap       ] GC(369) Eden regions: 26->0(26)
[2023-11-17T16:22:31.395+0000][gc,heap       ] GC(369) Survivor regions: 3->4(4)
[2023-11-17T16:22:31.395+0000][gc,heap       ] GC(369) Old regions: 68->69
[2023-11-17T16:22:31.395+0000][gc,heap       ] GC(369) Humongous regions: 147->147
[2023-11-17T16:22:31.395+0000][gc,metaspace  ] GC(369) Metaspace: 44718K(47512K)->44718K(47512K) NonClass: 39452K(40960K)->39452K(40960K) Class: 5266K(6552K)->5266K(6552K)
[2023-11-17T16:22:31.395+0000][gc            ] GC(369) Pause Young (Normal) (G1 Evacuation Pause) 241M->218M(512M) 13.868ms
[2023-11-17T16:22:31.395+0000][gc,cpu        ] GC(369) User=0.03s Sys=0.00s Real=0.02s
[2023-11-17T16:24:11.615+0000][gc,start      ] GC(370) Pause Young (Normal) (G1 Evacuation Pause)
[2023-11-17T16:24:11.615+0000][gc,task       ] GC(370) Using 2 workers of 2 for evacuation
[2023-11-17T16:24:11.628+0000][gc,phases     ] GC(370)   Pre Evacuate Collection Set: 0.0ms
[2023-11-17T16:24:11.628+0000][gc,phases     ] GC(370)   Evacuate Collection Set: 12.7ms
[2023-11-17T16:24:11.628+0000][gc,phases     ] GC(370)   Post Evacuate Collection Set: 0.3ms
[2023-11-17T16:24:11.628+0000][gc,phases     ] GC(370)   Other: 0.2ms
[2023-11-17T16:24:11.628+0000][gc,heap       ] GC(370) Eden regions: 26->0(28)
[2023-11-17T16:24:11.628+0000][gc,heap       ] GC(370) Survivor regions: 4->3(4)
[2023-11-17T16:24:11.628+0000][gc,heap       ] GC(370) Old regions: 69->71
[2023-11-17T16:24:11.628+0000][gc,heap       ] GC(370) Humongous regions: 147->147
[2023-11-17T16:24:11.628+0000][gc,metaspace  ] GC(370) Metaspace: 44718K(47512K)->44718K(47512K) NonClass: 39452K(40960K)->39452K(40960K) Class: 5266K(6552K)->5266K(6552K)
[2023-11-17T16:24:11.628+0000][gc            ] GC(370) Pause Young (Normal) (G1 Evacuation Pause) 244M->218M(512M) 13.303ms
[2023-11-17T16:24:11.628+0000][gc,cpu        ] GC(370) User=0.02s Sys=0.00s Real=0.01s
[2023-11-17T16:25:52.717+0000][gc,start      ] GC(371) Pause Young (Normal) (G1 Evacuation Pause)
[2023-11-17T16:25:52.718+0000][gc,task       ] GC(371) Using 2 workers of 2 for evacuation
[2023-11-17T16:25:52.728+0000][gc,phases     ] GC(371)   Pre Evacuate Collection Set: 0.0ms
[2023-11-17T16:25:52.728+0000][gc,phases     ] GC(371)   Evacuate Collection Set: 9.7ms
[2023-11-17T16:25:52.728+0000][gc,phases     ] GC(371)   Post Evacuate Collection Set: 0.3ms
[2023-11-17T16:25:52.728+0000][gc,phases     ] GC(371)   Other: 0.2ms
[2023-11-17T16:25:52.728+0000][gc,heap       ] GC(371) Eden regions: 26->0(31)
[2023-11-17T16:25:52.728+0000][gc,heap       ] GC(371) Survivor regions: 3->2(4)
[2023-11-17T16:25:52.728+0000][gc,heap       ] GC(371) Old regions: 71->72
[2023-11-17T16:25:52.728+0000][gc,heap       ] GC(371) Humongous regions: 147->147
[2023-11-17T16:25:52.728+0000][gc,metaspace  ] GC(371) Metaspace: 44718K(47512K)->44718K(47512K) NonClass: 39452K(40960K)->39452K(40960K) Class: 5266K(6552K)->5266K(6552K)
[2023-11-17T16:25:52.728+0000][gc            ] GC(371) Pause Young (Normal) (G1 Evacuation Pause) 244M->218M(512M) 10.312ms
[2023-11-17T16:25:52.728+0000][gc,cpu        ] GC(371) User=0.02s Sys=0.00s Real=0.01s
[2023-11-17T16:27:50.550+0000][gc,start      ] GC(372) Pause Young (Normal) (G1 Evacuation Pause)
[2023-11-17T16:27:50.550+0000][gc,task       ] GC(372) Using 2 workers of 2 for evacuation
[2023-11-17T16:27:50.563+0000][gc,phases     ] GC(372)   Pre Evacuate Collection Set: 0.0ms
[2023-11-17T16:27:50.563+0000][gc,phases     ] GC(372)   Evacuate Collection Set: 12.8ms
[2023-11-17T16:27:50.563+0000][gc,phases     ] GC(372)   Post Evacuate Collection Set: 0.4ms
[2023-11-17T16:27:50.563+0000][gc,phases     ] GC(372)   Other: 0.4ms
[2023-11-17T16:27:50.563+0000][gc,heap       ] GC(372) Eden regions: 30->0(31)
[2023-11-17T16:27:50.563+0000][gc,heap       ] GC(372) Survivor regions: 2->4(4)
[2023-11-17T16:27:50.563+0000][gc,heap       ] GC(372) Old regions: 72->73
[2023-11-17T16:27:50.563+0000][gc,heap       ] GC(372) Humongous regions: 147->147
[2023-11-17T16:27:50.563+0000][gc,metaspace  ] GC(372) Metaspace: 44718K(47512K)->44718K(47512K) NonClass: 39452K(40960K)->39452K(40960K) Class: 5266K(6552K)->5266K(6552K)
[2023-11-17T16:27:50.563+0000][gc            ] GC(372) Pause Young (Normal) (G1 Evacuation Pause) 248M->222M(512M) 13.502ms
[2023-11-17T16:27:50.563+0000][gc,cpu        ] GC(372) User=0.03s Sys=0.00s Real=0.01s
[2023-11-17T16:29:51.133+0000][gc,start      ] GC(373) Pause Young (Normal) (G1 Evacuation Pause)
[2023-11-17T16:29:51.133+0000][gc,task       ] GC(373) Using 2 workers of 2 for evacuation
[2023-11-17T16:29:51.146+0000][gc,phases     ] GC(373)   Pre Evacuate Collection Set: 0.0ms
[2023-11-17T16:29:51.146+0000][gc,phases     ] GC(373)   Evacuate Collection Set: 12.2ms
[2023-11-17T16:29:51.146+0000][gc,phases     ] GC(373)   Post Evacuate Collection Set: 0.4ms
[2023-11-17T16:29:51.146+0000][gc,phases     ] GC(373)   Other: 0.2ms
[2023-11-17T16:29:51.146+0000][gc,heap       ] GC(373) Eden regions: 31->0(32)
[2023-11-17T16:29:51.146+0000][gc,heap       ] GC(373) Survivor regions: 4->3(5)
[2023-11-17T16:29:51.146+0000][gc,heap       ] GC(373) Old regions: 73->75
[2023-11-17T16:29:51.146+0000][gc,heap       ] GC(373) Humongous regions: 147->147
[2023-11-17T16:29:51.146+0000][gc,metaspace  ] GC(373) Metaspace: 44718K(47512K)->44718K(47512K) NonClass: 39452K(40960K)->39452K(40960K) Class: 5266K(6552K)->5266K(6552K)
[2023-11-17T16:29:51.146+0000][gc            ] GC(373) Pause Young (Normal) (G1 Evacuation Pause) 253M->222M(512M) 12.905ms
[2023-11-17T16:29:51.146+0000][gc,cpu        ] GC(373) User=0.03s Sys=0.00s Real=0.02s
[2023-11-17T16:31:52.371+0000][gc,start      ] GC(374) Pause Young (Normal) (G1 Evacuation Pause)
[2023-11-17T16:31:52.371+0000][gc,task       ] GC(374) Using 2 workers of 2 for evacuation
[2023-11-17T16:31:52.382+0000][gc,phases     ] GC(374)   Pre Evacuate Collection Set: 0.0ms
[2023-11-17T16:31:52.382+0000][gc,phases     ] GC(374)   Evacuate Collection Set: 10.5ms
[2023-11-17T16:31:52.382+0000][gc,phases     ] GC(374)   Post Evacuate Collection Set: 0.4ms
[2023-11-17T16:31:52.382+0000][gc,phases     ] GC(374)   Other: 0.2ms
[2023-11-17T16:31:52.382+0000][gc,heap       ] GC(374) Eden regions: 31->0(34)
[2023-11-17T16:31:52.382+0000][gc,heap       ] GC(374) Survivor regions: 3->3(5)
[2023-11-17T16:31:52.382+0000][gc,heap       ] GC(374) Old regions: 75->76
[2023-11-17T16:31:52.382+0000][gc,heap       ] GC(374) Humongous regions: 147->147
[2023-11-17T16:31:52.382+0000][gc,metaspace  ] GC(374) Metaspace: 44718K(47512K)->44718K(47512K) NonClass: 39452K(40960K)->39452K(40960K) Class: 5266K(6552K)->5266K(6552K)
[2023-11-17T16:31:52.382+0000][gc            ] GC(374) Pause Young (Normal) (G1 Evacuation Pause) 253M->223M(512M) 11.139ms
[2023-11-17T16:31:52.382+0000][gc,cpu        ] GC(374) User=0.02s Sys=0.00s Real=0.01s
[2023-11-17T16:34:01.220+0000][gc,start      ] GC(375) Pause Young (Normal) (G1 Evacuation Pause)
[2023-11-17T16:34:01.220+0000][gc,task       ] GC(375) Using 2 workers of 2 for evacuation
[2023-11-17T16:34:01.232+0000][gc,phases     ] GC(375)   Pre Evacuate Collection Set: 0.0ms
[2023-11-17T16:34:01.232+0000][gc,phases     ] GC(375)   Evacuate Collection Set: 12.0ms
[2023-11-17T16:34:01.232+0000][gc,phases     ] GC(375)   Post Evacuate Collection Set: 0.3ms
[2023-11-17T16:34:01.232+0000][gc,phases     ] GC(375)   Other: 0.2ms
[2023-11-17T16:34:01.232+0000][gc,heap       ] GC(375) Eden regions: 33->0(34)
[2023-11-17T16:34:01.232+0000][gc,heap       ] GC(375) Survivor regions: 3->3(5)
[2023-11-17T16:34:01.232+0000][gc,heap       ] GC(375) Old regions: 76->76
[2023-11-17T16:34:01.232+0000][gc,heap       ] GC(375) Humongous regions: 147->147
[2023-11-17T16:34:01.232+0000][gc,metaspace  ] GC(375) Metaspace: 44718K(47512K)->44718K(47512K) NonClass: 39452K(40960K)->39452K(40960K) Class: 5266K(6552K)->5266K(6552K)
[2023-11-17T16:34:01.232+0000][gc            ] GC(375) Pause Young (Normal) (G1 Evacuation Pause) 256M->224M(512M) 12.680ms
[2023-11-17T16:34:01.232+0000][gc,cpu        ] GC(375) User=0.02s Sys=0.00s Real=0.01s
[2023-11-17T16:36:14.597+0000][gc,start      ] GC(376) Pause Young (Normal) (G1 Evacuation Pause)
[2023-11-17T16:36:14.597+0000][gc,task       ] GC(376) Using 2 workers of 2 for evacuation
[2023-11-17T16:36:14.620+0000][gc,mmu        ] GC(376) MMU target violated: 21.0ms (20.0ms/21.0ms)
[2023-11-17T16:36:14.620+0000][gc,phases     ] GC(376)   Pre Evacuate Collection Set: 0.0ms
[2023-11-17T16:36:14.620+0000][gc,phases     ] GC(376)   Evacuate Collection Set: 22.2ms
[2023-11-17T16:36:14.620+0000][gc,phases     ] GC(376)   Post Evacuate Collection Set: 0.7ms
[2023-11-17T16:36:14.620+0000][gc,phases     ] GC(376)   Other: 0.4ms
[2023-11-17T16:36:14.620+0000][gc,heap       ] GC(376) Eden regions: 34->0(32)
[2023-11-17T16:36:14.620+0000][gc,heap       ] GC(376) Survivor regions: 3->5(5)
[2023-11-17T16:36:14.620+0000][gc,heap       ] GC(376) Old regions: 76->78
[2023-11-17T16:36:14.620+0000][gc,heap       ] GC(376) Humongous regions: 147->147
[2023-11-17T16:36:14.620+0000][gc,metaspace  ] GC(376) Metaspace: 44718K(47512K)->44718K(47512K) NonClass: 39452K(40960K)->39452K(40960K) Class: 5266K(6552K)->5266K(6552K)
[2023-11-17T16:36:14.620+0000][gc            ] GC(376) Pause Young (Normal) (G1 Evacuation Pause) 258M->227M(512M) 23.263ms
[2023-11-17T16:36:14.620+0000][gc,cpu        ] GC(376) User=0.04s Sys=0.00s Real=0.02s
[2023-11-17T16:38:04.434+0000][gc,start      ] GC(377) Pause Young (Normal) (G1 Evacuation Pause)
[2023-11-17T16:38:04.434+0000][gc,task       ] GC(377) Using 2 workers of 2 for evacuation
[2023-11-17T16:38:04.457+0000][gc,mmu        ] GC(377) MMU target violated: 21.0ms (20.0ms/21.0ms)
[2023-11-17T16:38:04.457+0000][gc,phases     ] GC(377)   Pre Evacuate Collection Set: 0.0ms
[2023-11-17T16:38:04.457+0000][gc,phases     ] GC(377)   Evacuate Collection Set: 22.0ms
[2023-11-17T16:38:04.457+0000][gc,phases     ] GC(377)   Post Evacuate Collection Set: 0.5ms
[2023-11-17T16:38:04.457+0000][gc,phases     ] GC(377)   Other: 0.5ms
[2023-11-17T16:38:04.457+0000][gc,heap       ] GC(377) Eden regions: 28->0(29)
[2023-11-17T16:38:04.457+0000][gc,heap       ] GC(377) Survivor regions: 5->4(5)
[2023-11-17T16:38:04.457+0000][gc,heap       ] GC(377) Old regions: 78->80
[2023-11-17T16:38:04.457+0000][gc,heap       ] GC(377) Humongous regions: 147->147
[2023-11-17T16:38:04.457+0000][gc,metaspace  ] GC(377) Metaspace: 44718K(47512K)->44718K(47512K) NonClass: 39452K(40960K)->39452K(40960K) Class: 5266K(6552K)->5266K(6552K)
[2023-11-17T16:38:04.457+0000][gc            ] GC(377) Pause Young (Normal) (G1 Evacuation Pause) 255M->229M(512M) 23.026ms
[2023-11-17T16:38:04.457+0000][gc,cpu        ] GC(377) User=0.04s Sys=0.01s Real=0.02s
[2023-11-17T16:39:56.638+0000][gc,start      ] GC(378) Pause Young (Normal) (G1 Evacuation Pause)
[2023-11-17T16:39:56.638+0000][gc,task       ] GC(378) Using 2 workers of 2 for evacuation
[2023-11-17T16:39:56.649+0000][gc,phases     ] GC(378)   Pre Evacuate Collection Set: 0.0ms
[2023-11-17T16:39:56.649+0000][gc,phases     ] GC(378)   Evacuate Collection Set: 10.2ms
[2023-11-17T16:39:56.649+0000][gc,phases     ] GC(378)   Post Evacuate Collection Set: 0.3ms
[2023-11-17T16:39:56.649+0000][gc,phases     ] GC(378)   Other: 0.2ms
[2023-11-17T16:39:56.649+0000][gc,heap       ] GC(378) Eden regions: 29->0(32)
[2023-11-17T16:39:56.649+0000][gc,heap       ] GC(378) Survivor regions: 4->2(5)
[2023-11-17T16:39:56.649+0000][gc,heap       ] GC(378) Old regions: 80->82
[2023-11-17T16:39:56.649+0000][gc,heap       ] GC(378) Humongous regions: 147->147
[2023-11-17T16:39:56.649+0000][gc,metaspace  ] GC(378) Metaspace: 44718K(47512K)->44718K(47512K) NonClass: 39452K(40960K)->39452K(40960K) Class: 5266K(6552K)->5266K(6552K)
[2023-11-17T16:39:56.649+0000][gc            ] GC(378) Pause Young (Normal) (G1 Evacuation Pause) 258M->229M(512M) 10.865ms
[2023-11-17T16:39:56.649+0000][gc,cpu        ] GC(378) User=0.02s Sys=0.00s Real=0.01s
[2023-11-17T16:42:02.855+0000][gc,start      ] GC(379) Pause Young (Normal) (G1 Evacuation Pause)
[2023-11-17T16:42:02.855+0000][gc,task       ] GC(379) Using 2 workers of 2 for evacuation
[2023-11-17T16:42:02.881+0000][gc,mmu        ] GC(379) MMU target violated: 21.0ms (20.0ms/21.0ms)
[2023-11-17T16:42:02.881+0000][gc,phases     ] GC(379)   Pre Evacuate Collection Set: 0.1ms
[2023-11-17T16:42:02.881+0000][gc,phases     ] GC(379)   Evacuate Collection Set: 25.8ms
[2023-11-17T16:42:02.881+0000][gc,phases     ] GC(379)   Post Evacuate Collection Set: 0.4ms
[2023-11-17T16:42:02.881+0000][gc,phases     ] GC(379)   Other: 0.3ms
[2023-11-17T16:42:02.881+0000][gc,heap       ] GC(379) Eden regions: 32->0(27)
[2023-11-17T16:42:02.881+0000][gc,heap       ] GC(379) Survivor regions: 2->5(5)
[2023-11-17T16:42:02.881+0000][gc,heap       ] GC(379) Old regions: 82->82
[2023-11-17T16:42:02.881+0000][gc,heap       ] GC(379) Humongous regions: 147->147
[2023-11-17T16:42:02.881+0000][gc,metaspace  ] GC(379) Metaspace: 44718K(47512K)->44718K(47512K) NonClass: 39452K(40960K)->39452K(40960K) Class: 5266K(6552K)->5266K(6552K)
[2023-11-17T16:42:02.881+0000][gc            ] GC(379) Pause Young (Normal) (G1 Evacuation Pause) 261M->232M(512M) 26.679ms
[2023-11-17T16:42:02.881+0000][gc,cpu        ] GC(379) User=0.04s Sys=0.01s Real=0.02s
[2023-11-17T16:43:47.553+0000][gc,start      ] GC(380) Pause Young (Normal) (G1 Evacuation Pause)
[2023-11-17T16:43:47.553+0000][gc,task       ] GC(380) Using 2 workers of 2 for evacuation
[2023-11-17T16:43:47.568+0000][gc,phases     ] GC(380)   Pre Evacuate Collection Set: 0.0ms
[2023-11-17T16:43:47.568+0000][gc,phases     ] GC(380)   Evacuate Collection Set: 14.6ms
[2023-11-17T16:43:47.568+0000][gc,phases     ] GC(380)   Post Evacuate Collection Set: 0.3ms
[2023-11-17T16:43:47.568+0000][gc,phases     ] GC(380)   Other: 0.3ms
[2023-11-17T16:43:47.568+0000][gc,heap       ] GC(380) Eden regions: 27->0(29)
[2023-11-17T16:43:47.568+0000][gc,heap       ] GC(380) Survivor regions: 5->4(4)
[2023-11-17T16:43:47.568+0000][gc,heap       ] GC(380) Old regions: 82->85
[2023-11-17T16:43:47.568+0000][gc,heap       ] GC(380) Humongous regions: 147->147
[2023-11-17T16:43:47.568+0000][gc,metaspace  ] GC(380) Metaspace: 44718K(47512K)->44718K(47512K) NonClass: 39452K(40960K)->39452K(40960K) Class: 5266K(6552K)->5266K(6552K)
[2023-11-17T16:43:47.568+0000][gc            ] GC(380) Pause Young (Normal) (G1 Evacuation Pause) 259M->233M(512M) 15.218ms
[2023-11-17T16:43:47.568+0000][gc,cpu        ] GC(380) User=0.03s Sys=0.00s Real=0.02s
[2023-11-17T16:45:40.755+0000][gc,start      ] GC(381) Pause Young (Normal) (G1 Evacuation Pause)
[2023-11-17T16:45:40.755+0000][gc,task       ] GC(381) Using 2 workers of 2 for evacuation
[2023-11-17T16:45:40.766+0000][gc,phases     ] GC(381)   Pre Evacuate Collection Set: 0.0ms
[2023-11-17T16:45:40.766+0000][gc,phases     ] GC(381)   Evacuate Collection Set: 10.5ms
[2023-11-17T16:45:40.766+0000][gc,phases     ] GC(381)   Post Evacuate Collection Set: 0.3ms
[2023-11-17T16:45:40.766+0000][gc,phases     ] GC(381)   Other: 0.2ms
[2023-11-17T16:45:40.766+0000][gc,heap       ] GC(381) Eden regions: 29->0(32)
[2023-11-17T16:45:40.766+0000][gc,heap       ] GC(381) Survivor regions: 4->2(5)
[2023-11-17T16:45:40.766+0000][gc,heap       ] GC(381) Old regions: 85->86
[2023-11-17T16:45:40.766+0000][gc,heap       ] GC(381) Humongous regions: 147->147
[2023-11-17T16:45:40.766+0000][gc,metaspace  ] GC(381) Metaspace: 44722K(47512K)->44722K(47512K) NonClass: 39456K(40960K)->39456K(40960K) Class: 5266K(6552K)->5266K(6552K)
[2023-11-17T16:45:40.766+0000][gc            ] GC(381) Pause Young (Normal) (G1 Evacuation Pause) 262M->233M(512M) 11.133ms
[2023-11-17T16:45:40.766+0000][gc,cpu        ] GC(381) User=0.02s Sys=0.00s Real=0.01s
[2023-11-17T16:47:46.220+0000][gc,start      ] GC(382) Pause Young (Normal) (G1 Evacuation Pause)
[2023-11-17T16:47:46.220+0000][gc,task       ] GC(382) Using 2 workers of 2 for evacuation
[2023-11-17T16:47:46.236+0000][gc,phases     ] GC(382)   Pre Evacuate Collection Set: 0.0ms
[2023-11-17T16:47:46.236+0000][gc,phases     ] GC(382)   Evacuate Collection Set: 15.0ms
[2023-11-17T16:47:46.236+0000][gc,phases     ] GC(382)   Post Evacuate Collection Set: 0.4ms
[2023-11-17T16:47:46.236+0000][gc,phases     ] GC(382)   Other: 0.2ms
[2023-11-17T16:47:46.236+0000][gc,heap       ] GC(382) Eden regions: 32->0(31)
[2023-11-17T16:47:46.236+0000][gc,heap       ] GC(382) Survivor regions: 2->5(5)
[2023-11-17T16:47:46.236+0000][gc,heap       ] GC(382) Old regions: 86->86
[2023-11-17T16:47:46.236+0000][gc,heap       ] GC(382) Humongous regions: 147->147
[2023-11-17T16:47:46.236+0000][gc,metaspace  ] GC(382) Metaspace: 44722K(47512K)->44722K(47512K) NonClass: 39456K(40960K)->39456K(40960K) Class: 5266K(6552K)->5266K(6552K)
[2023-11-17T16:47:46.236+0000][gc            ] GC(382) Pause Young (Normal) (G1 Evacuation Pause) 265M->236M(512M) 15.740ms
[2023-11-17T16:47:46.236+0000][gc,cpu        ] GC(382) User=0.03s Sys=0.00s Real=0.02s
[2023-11-17T16:49:46.678+0000][gc,start      ] GC(383) Pause Young (Normal) (G1 Evacuation Pause)
[2023-11-17T16:49:46.678+0000][gc,task       ] GC(383) Using 2 workers of 2 for evacuation
[2023-11-17T16:49:46.692+0000][gc,phases     ] GC(383)   Pre Evacuate Collection Set: 0.0ms
[2023-11-17T16:49:46.692+0000][gc,phases     ] GC(383)   Evacuate Collection Set: 13.3ms
[2023-11-17T16:49:46.692+0000][gc,phases     ] GC(383)   Post Evacuate Collection Set: 0.4ms
[2023-11-17T16:49:46.692+0000][gc,phases     ] GC(383)   Other: 0.2ms
[2023-11-17T16:49:46.692+0000][gc,heap       ] GC(383) Eden regions: 31->0(33)
[2023-11-17T16:49:46.692+0000][gc,heap       ] GC(383) Survivor regions: 5->4(5)
[2023-11-17T16:49:46.692+0000][gc,heap       ] GC(383) Old regions: 86->89
[2023-11-17T16:49:46.692+0000][gc,heap       ] GC(383) Humongous regions: 147->147
[2023-11-17T16:49:46.692+0000][gc,metaspace  ] GC(383) Metaspace: 44722K(47512K)->44722K(47512K) NonClass: 39456K(40960K)->39456K(40960K) Class: 5266K(6552K)->5266K(6552K)
[2023-11-17T16:49:46.692+0000][gc            ] GC(383) Pause Young (Normal) (G1 Evacuation Pause) 267M->237M(512M) 14.019ms
[2023-11-17T16:49:46.692+0000][gc,cpu        ] GC(383) User=0.03s Sys=0.00s Real=0.01s
[2023-11-17T16:51:48.887+0000][gc,start      ] GC(384) Pause Young (Normal) (G1 Evacuation Pause)
[2023-11-17T16:51:48.887+0000][gc,task       ] GC(384) Using 2 workers of 2 for evacuation
[2023-11-17T16:51:48.902+0000][gc,phases     ] GC(384)   Pre Evacuate Collection Set: 0.0ms
[2023-11-17T16:51:48.902+0000][gc,phases     ] GC(384)   Evacuate Collection Set: 14.4ms
[2023-11-17T16:51:48.902+0000][gc,phases     ] GC(384)   Post Evacuate Collection Set: 0.4ms
[2023-11-17T16:51:48.902+0000][gc,phases     ] GC(384)   Other: 0.4ms
[2023-11-17T16:51:48.902+0000][gc,heap       ] GC(384) Eden regions: 31->0(34)
[2023-11-17T16:51:48.902+0000][gc,heap       ] GC(384) Survivor regions: 4->3(5)
[2023-11-17T16:51:48.902+0000][gc,heap       ] GC(384) Old regions: 89->90
[2023-11-17T16:51:48.902+0000][gc,heap       ] GC(384) Humongous regions: 147->147
[2023-11-17T16:51:48.902+0000][gc,metaspace  ] GC(384) Metaspace: 44722K(47512K)->44722K(47512K) NonClass: 39456K(40960K)->39456K(40960K) Class: 5266K(6552K)->5266K(6552K)
[2023-11-17T16:51:48.902+0000][gc            ] GC(384) Pause Young (Normal) (G1 Evacuation Pause) 268M->238M(512M) 15.310ms
[2023-11-17T16:51:48.902+0000][gc,cpu        ] GC(384) User=0.03s Sys=0.00s Real=0.01s
[2023-11-17T16:53:53.268+0000][gc,start      ] GC(385) Pause Young (Normal) (G1 Evacuation Pause)
[2023-11-17T16:53:53.268+0000][gc,task       ] GC(385) Using 2 workers of 2 for evacuation
[2023-11-17T16:53:53.280+0000][gc,phases     ] GC(385)   Pre Evacuate Collection Set: 0.0ms
[2023-11-17T16:53:53.280+0000][gc,phases     ] GC(385)   Evacuate Collection Set: 10.9ms
[2023-11-17T16:53:53.280+0000][gc,phases     ] GC(385)   Post Evacuate Collection Set: 0.3ms
[2023-11-17T16:53:53.280+0000][gc,phases     ] GC(385)   Other: 0.2ms
[2023-11-17T16:53:53.280+0000][gc,heap       ] GC(385) Eden regions: 32->0(36)
[2023-11-17T16:53:53.280+0000][gc,heap       ] GC(385) Survivor regions: 3->3(5)
[2023-11-17T16:53:53.280+0000][gc,heap       ] GC(385) Old regions: 90->91
[2023-11-17T16:53:53.280+0000][gc,heap       ] GC(385) Humongous regions: 147->147
[2023-11-17T16:53:53.280+0000][gc,metaspace  ] GC(385) Metaspace: 44724K(47512K)->44724K(47512K) NonClass: 39458K(40960K)->39458K(40960K) Class: 5266K(6552K)->5266K(6552K)
[2023-11-17T16:53:53.280+0000][gc            ] GC(385) Pause Young (Normal) (G1 Evacuation Pause) 270M->238M(512M) 11.488ms
[2023-11-17T16:53:53.280+0000][gc,cpu        ] GC(385) User=0.03s Sys=0.00s Real=0.01s
[2023-11-17T16:56:09.844+0000][gc,start      ] GC(386) Pause Young (Normal) (G1 Evacuation Pause)
[2023-11-17T16:56:09.844+0000][gc,task       ] GC(386) Using 2 workers of 2 for evacuation
[2023-11-17T16:56:09.854+0000][gc,phases     ] GC(386)   Pre Evacuate Collection Set: 0.0ms
[2023-11-17T16:56:09.854+0000][gc,phases     ] GC(386)   Evacuate Collection Set: 9.5ms
[2023-11-17T16:56:09.854+0000][gc,phases     ] GC(386)   Post Evacuate Collection Set: 0.3ms
[2023-11-17T16:56:09.854+0000][gc,phases     ] GC(386)   Other: 0.2ms
[2023-11-17T16:56:09.854+0000][gc,heap       ] GC(386) Eden regions: 35->0(38)
[2023-11-17T16:56:09.854+0000][gc,heap       ] GC(386) Survivor regions: 3->3(5)
[2023-11-17T16:56:09.854+0000][gc,heap       ] GC(386) Old regions: 91->91
[2023-11-17T16:56:09.854+0000][gc,heap       ] GC(386) Humongous regions: 147->147
[2023-11-17T16:56:09.854+0000][gc,metaspace  ] GC(386) Metaspace: 44724K(47512K)->44724K(47512K) NonClass: 39458K(40960K)->39458K(40960K) Class: 5266K(6552K)->5266K(6552K)
[2023-11-17T16:56:09.854+0000][gc            ] GC(386) Pause Young (Normal) (G1 Evacuation Pause) 273M->239M(512M) 10.250ms
[2023-11-17T16:56:09.854+0000][gc,cpu        ] GC(386) User=0.02s Sys=0.00s Real=0.02s
[2023-11-17T16:58:39.714+0000][gc,start      ] GC(387) Pause Young (Normal) (G1 Evacuation Pause)
[2023-11-17T16:58:39.714+0000][gc,task       ] GC(387) Using 2 workers of 2 for evacuation
[2023-11-17T16:58:39.734+0000][gc,phases     ] GC(387)   Pre Evacuate Collection Set: 0.0ms
[2023-11-17T16:58:39.734+0000][gc,phases     ] GC(387)   Evacuate Collection Set: 19.3ms
[2023-11-17T16:58:39.734+0000][gc,phases     ] GC(387)   Post Evacuate Collection Set: 0.4ms
[2023-11-17T16:58:39.734+0000][gc,phases     ] GC(387)   Other: 0.3ms
[2023-11-17T16:58:39.734+0000][gc,heap       ] GC(387) Eden regions: 38->0(37)
[2023-11-17T16:58:39.734+0000][gc,heap       ] GC(387) Survivor regions: 3->6(6)
[2023-11-17T16:58:39.734+0000][gc,heap       ] GC(387) Old regions: 91->92
[2023-11-17T16:58:39.734+0000][gc,heap       ] GC(387) Humongous regions: 147->147
[2023-11-17T16:58:39.734+0000][gc,metaspace  ] GC(387) Metaspace: 44724K(47512K)->44724K(47512K) NonClass: 39458K(40960K)->39458K(40960K) Class: 5266K(6552K)->5266K(6552K)
[2023-11-17T16:58:39.734+0000][gc            ] GC(387) Pause Young (Normal) (G1 Evacuation Pause) 277M->243M(512M) 20.036ms
[2023-11-17T16:58:39.734+0000][gc,cpu        ] GC(387) User=0.04s Sys=0.00s Real=0.02s
[2023-11-17T17:01:05.847+0000][gc,start      ] GC(388) Pause Young (Normal) (G1 Evacuation Pause)
[2023-11-17T17:01:05.848+0000][gc,task       ] GC(388) Using 2 workers of 2 for evacuation
[2023-11-17T17:01:05.866+0000][gc,phases     ] GC(388)   Pre Evacuate Collection Set: 0.0ms
[2023-11-17T17:01:05.866+0000][gc,phases     ] GC(388)   Evacuate Collection Set: 18.1ms
[2023-11-17T17:01:05.866+0000][gc,phases     ] GC(388)   Post Evacuate Collection Set: 0.3ms
[2023-11-17T17:01:05.866+0000][gc,phases     ] GC(388)   Other: 0.2ms
[2023-11-17T17:01:05.866+0000][gc,heap       ] GC(388) Eden regions: 37->0(37)
[2023-11-17T17:01:05.866+0000][gc,heap       ] GC(388) Survivor regions: 6->4(6)
[2023-11-17T17:01:05.866+0000][gc,heap       ] GC(388) Old regions: 92->96
[2023-11-17T17:01:05.866+0000][gc,heap       ] GC(388) Humongous regions: 147->147
[2023-11-17T17:01:05.866+0000][gc,metaspace  ] GC(388) Metaspace: 44724K(47512K)->44724K(47512K) NonClass: 39458K(40960K)->39458K(40960K) Class: 5266K(6552K)->5266K(6552K)
[2023-11-17T17:01:05.866+0000][gc            ] GC(388) Pause Young (Normal) (G1 Evacuation Pause) 280M->245M(512M) 18.809ms
[2023-11-17T17:01:05.866+0000][gc,cpu        ] GC(388) User=0.04s Sys=0.00s Real=0.02s
[2023-11-17T17:03:31.599+0000][gc,start      ] GC(389) Pause Young (Normal) (G1 Evacuation Pause)
[2023-11-17T17:03:31.599+0000][gc,task       ] GC(389) Using 2 workers of 2 for evacuation
[2023-11-17T17:03:31.623+0000][gc,mmu        ] GC(389) MMU target violated: 21.0ms (20.0ms/21.0ms)
[2023-11-17T17:03:31.623+0000][gc,phases     ] GC(389)   Pre Evacuate Collection Set: 0.0ms
[2023-11-17T17:03:31.623+0000][gc,phases     ] GC(389)   Evacuate Collection Set: 22.6ms
[2023-11-17T17:03:31.623+0000][gc,phases     ] GC(389)   Post Evacuate Collection Set: 1.1ms
[2023-11-17T17:03:31.623+0000][gc,phases     ] GC(389)   Other: 0.3ms
[2023-11-17T17:03:31.623+0000][gc,heap       ] GC(389) Eden regions: 37->0(34)
[2023-11-17T17:03:31.623+0000][gc,heap       ] GC(389) Survivor regions: 4->4(6)
[2023-11-17T17:03:31.623+0000][gc,heap       ] GC(389) Old regions: 96->98
[2023-11-17T17:03:31.623+0000][gc,heap       ] GC(389) Humongous regions: 147->147
[2023-11-17T17:03:31.623+0000][gc,metaspace  ] GC(389) Metaspace: 44724K(47512K)->44724K(47512K) NonClass: 39458K(40960K)->39458K(40960K) Class: 5266K(6552K)->5266K(6552K)
[2023-11-17T17:03:31.623+0000][gc            ] GC(389) Pause Young (Normal) (G1 Evacuation Pause) 282M->246M(512M) 24.015ms
[2023-11-17T17:03:31.623+0000][gc,cpu        ] GC(389) User=0.04s Sys=0.01s Real=0.02s
[2023-11-17T17:05:44.836+0000][gc,start      ] GC(390) Pause Young (Normal) (G1 Evacuation Pause)
[2023-11-17T17:05:44.836+0000][gc,task       ] GC(390) Using 2 workers of 2 for evacuation
[2023-11-17T17:05:44.848+0000][gc,phases     ] GC(390)   Pre Evacuate Collection Set: 0.0ms
[2023-11-17T17:05:44.848+0000][gc,phases     ] GC(390)   Evacuate Collection Set: 11.5ms
[2023-11-17T17:05:44.848+0000][gc,phases     ] GC(390)   Post Evacuate Collection Set: 0.3ms
[2023-11-17T17:05:44.848+0000][gc,phases     ] GC(390)   Other: 0.2ms
[2023-11-17T17:05:44.848+0000][gc,heap       ] GC(390) Eden regions: 34->0(38)
[2023-11-17T17:05:44.848+0000][gc,heap       ] GC(390) Survivor regions: 4->3(5)
[2023-11-17T17:05:44.848+0000][gc,heap       ] GC(390) Old regions: 98->99
[2023-11-17T17:05:44.848+0000][gc,heap       ] GC(390) Humongous regions: 147->147
[2023-11-17T17:05:44.848+0000][gc,metaspace  ] GC(390) Metaspace: 44724K(47512K)->44724K(47512K) NonClass: 39458K(40960K)->39458K(40960K) Class: 5266K(6552K)->5266K(6552K)
[2023-11-17T17:05:44.848+0000][gc            ] GC(390) Pause Young (Normal) (G1 Evacuation Pause) 280M->247M(512M) 12.155ms
[2023-11-17T17:05:44.849+0000][gc,cpu        ] GC(390) User=0.02s Sys=0.00s Real=0.01s
[2023-11-17T17:07:43.119+0000][gc,start      ] GC(391) Pause Young (Normal) (G1 Evacuation Pause)
[2023-11-17T17:07:43.119+0000][gc,task       ] GC(391) Using 2 workers of 2 for evacuation
[2023-11-17T17:07:43.145+0000][gc,mmu        ] GC(391) MMU target violated: 21.0ms (20.0ms/21.0ms)
[2023-11-17T17:07:43.145+0000][gc,phases     ] GC(391)   Pre Evacuate Collection Set: 0.0ms
[2023-11-17T17:07:43.145+0000][gc,phases     ] GC(391)   Evacuate Collection Set: 25.9ms
[2023-11-17T17:07:43.145+0000][gc,phases     ] GC(391)   Post Evacuate Collection Set: 0.3ms
[2023-11-17T17:07:43.145+0000][gc,phases     ] GC(391)   Other: 0.3ms
[2023-11-17T17:07:43.145+0000][gc,heap       ] GC(391) Eden regions: 34->0(31)
[2023-11-17T17:07:43.145+0000][gc,heap       ] GC(391) Survivor regions: 3->5(5)
[2023-11-17T17:07:43.145+0000][gc,heap       ] GC(391) Old regions: 99->101
[2023-11-17T17:07:43.145+0000][gc,heap       ] GC(391) Humongous regions: 147->147
[2023-11-17T17:07:43.145+0000][gc,metaspace  ] GC(391) Metaspace: 44724K(47512K)->44724K(47512K) NonClass: 39458K(40960K)->39458K(40960K) Class: 5266K(6552K)->5266K(6552K)
[2023-11-17T17:07:43.145+0000][gc            ] GC(391) Pause Young (Normal) (G1 Evacuation Pause) 281M->250M(512M) 26.607ms
[2023-11-17T17:07:43.145+0000][gc,cpu        ] GC(391) User=0.04s Sys=0.00s Real=0.03s
[2023-11-17T17:08:53.600+0000][gc,start      ] GC(392) Pause Young (Normal) (G1 Evacuation Pause)
[2023-11-17T17:08:53.600+0000][gc,task       ] GC(392) Using 2 workers of 2 for evacuation
[2023-11-17T17:08:53.619+0000][gc,phases     ] GC(392)   Pre Evacuate Collection Set: 0.0ms
[2023-11-17T17:08:53.619+0000][gc,phases     ] GC(392)   Evacuate Collection Set: 17.7ms
[2023-11-17T17:08:53.619+0000][gc,phases     ] GC(392)   Post Evacuate Collection Set: 0.3ms
[2023-11-17T17:08:53.619+0000][gc,phases     ] GC(392)   Other: 0.2ms
[2023-11-17T17:08:53.619+0000][gc,heap       ] GC(392) Eden regions: 20->0(24)
[2023-11-17T17:08:53.619+0000][gc,heap       ] GC(392) Survivor regions: 5->4(4)
[2023-11-17T17:08:53.619+0000][gc,heap       ] GC(392) Old regions: 101->105
[2023-11-17T17:08:53.619+0000][gc,heap       ] GC(392) Humongous regions: 147->147
[2023-11-17T17:08:53.619+0000][gc,metaspace  ] GC(392) Metaspace: 44724K(47512K)->44724K(47512K) NonClass: 39458K(40960K)->39458K(40960K) Class: 5266K(6552K)->5266K(6552K)
[2023-11-17T17:08:53.619+0000][gc            ] GC(392) Pause Young (Normal) (G1 Evacuation Pause) 270M->253M(512M) 18.408ms
[2023-11-17T17:08:53.619+0000][gc,cpu        ] GC(392) User=0.04s Sys=0.00s Real=0.02s
[2023-11-17T17:10:25.870+0000][gc,start      ] GC(393) Pause Young (Normal) (G1 Evacuation Pause)
[2023-11-17T17:10:25.870+0000][gc,task       ] GC(393) Using 2 workers of 2 for evacuation
[2023-11-17T17:10:25.887+0000][gc,phases     ] GC(393)   Pre Evacuate Collection Set: 0.0ms
[2023-11-17T17:10:25.887+0000][gc,phases     ] GC(393)   Evacuate Collection Set: 16.4ms
[2023-11-17T17:10:25.887+0000][gc,phases     ] GC(393)   Post Evacuate Collection Set: 0.4ms
[2023-11-17T17:10:25.887+0000][gc,phases     ] GC(393)   Other: 0.2ms
[2023-11-17T17:10:25.887+0000][gc,heap       ] GC(393) Eden regions: 24->0(30)
[2023-11-17T17:10:25.887+0000][gc,heap       ] GC(393) Survivor regions: 4->2(4)
[2023-11-17T17:10:25.887+0000][gc,heap       ] GC(393) Old regions: 105->107
[2023-11-17T17:10:25.887+0000][gc,heap       ] GC(393) Humongous regions: 147->147
[2023-11-17T17:10:25.887+0000][gc,metaspace  ] GC(393) Metaspace: 44724K(47512K)->44724K(47512K) NonClass: 39458K(40960K)->39458K(40960K) Class: 5266K(6552K)->5266K(6552K)
[2023-11-17T17:10:25.887+0000][gc            ] GC(393) Pause Young (Normal) (G1 Evacuation Pause) 277M->254M(512M) 17.064ms
[2023-11-17T17:10:25.887+0000][gc,cpu        ] GC(393) User=0.03s Sys=0.00s Real=0.02s
[2023-11-17T17:12:24.019+0000][gc,start      ] GC(394) Pause Young (Normal) (G1 Evacuation Pause)
[2023-11-17T17:12:24.019+0000][gc,task       ] GC(394) Using 2 workers of 2 for evacuation
[2023-11-17T17:12:24.044+0000][gc,mmu        ] GC(394) MMU target violated: 21.0ms (20.0ms/21.0ms)
[2023-11-17T17:12:24.044+0000][gc,phases     ] GC(394)   Pre Evacuate Collection Set: 0.0ms
[2023-11-17T17:12:24.044+0000][gc,phases     ] GC(394)   Evacuate Collection Set: 24.7ms
[2023-11-17T17:12:24.044+0000][gc,phases     ] GC(394)   Post Evacuate Collection Set: 0.3ms
[2023-11-17T17:12:24.044+0000][gc,phases     ] GC(394)   Other: 0.3ms
[2023-11-17T17:12:24.044+0000][gc,heap       ] GC(394) Eden regions: 30->0(21)
[2023-11-17T17:12:24.044+0000][gc,heap       ] GC(394) Survivor regions: 2->4(4)
[2023-11-17T17:12:24.044+0000][gc,heap       ] GC(394) Old regions: 107->108
[2023-11-17T17:12:24.044+0000][gc,heap       ] GC(394) Humongous regions: 147->147
[2023-11-17T17:12:24.044+0000][gc,metaspace  ] GC(394) Metaspace: 44724K(47512K)->44724K(47512K) NonClass: 39458K(40960K)->39458K(40960K) Class: 5266K(6552K)->5266K(6552K)
[2023-11-17T17:12:24.044+0000][gc            ] GC(394) Pause Young (Normal) (G1 Evacuation Pause) 284M->257M(512M) 25.418ms
[2023-11-17T17:12:24.044+0000][gc,cpu        ] GC(394) User=0.04s Sys=0.00s Real=0.02s
[2023-11-17T17:13:45.194+0000][gc,start      ] GC(395) Pause Young (Normal) (G1 Evacuation Pause)
[2023-11-17T17:13:45.194+0000][gc,task       ] GC(395) Using 2 workers of 2 for evacuation
[2023-11-17T17:13:45.206+0000][gc,phases     ] GC(395)   Pre Evacuate Collection Set: 0.0ms
[2023-11-17T17:13:45.207+0000][gc,phases     ] GC(395)   Evacuate Collection Set: 11.5ms
[2023-11-17T17:13:45.207+0000][gc,phases     ] GC(395)   Post Evacuate Collection Set: 0.6ms
[2023-11-17T17:13:45.207+0000][gc,phases     ] GC(395)   Other: 0.2ms
[2023-11-17T17:13:45.207+0000][gc,heap       ] GC(395) Eden regions: 21->0(23)
[2023-11-17T17:13:45.207+0000][gc,heap       ] GC(395) Survivor regions: 4->3(4)
[2023-11-17T17:13:45.207+0000][gc,heap       ] GC(395) Old regions: 108->110
[2023-11-17T17:13:45.207+0000][gc,heap       ] GC(395) Humongous regions: 147->147
[2023-11-17T17:13:45.207+0000][gc,metaspace  ] GC(395) Metaspace: 44724K(47512K)->44724K(47512K) NonClass: 39458K(40960K)->39458K(40960K) Class: 5266K(6552K)->5266K(6552K)
[2023-11-17T17:13:45.207+0000][gc            ] GC(395) Pause Young (Normal) (G1 Evacuation Pause) 278M->257M(512M) 12.515ms
[2023-11-17T17:13:45.207+0000][gc,cpu        ] GC(395) User=0.02s Sys=0.00s Real=0.01s
[2023-11-17T17:15:10.840+0000][gc,start      ] GC(396) Pause Young (Normal) (G1 Evacuation Pause)
[2023-11-17T17:15:10.840+0000][gc,task       ] GC(396) Using 2 workers of 2 for evacuation
[2023-11-17T17:15:10.859+0000][gc,phases     ] GC(396)   Pre Evacuate Collection Set: 0.0ms
[2023-11-17T17:15:10.859+0000][gc,phases     ] GC(396)   Evacuate Collection Set: 17.7ms
[2023-11-17T17:15:10.859+0000][gc,phases     ] GC(396)   Post Evacuate Collection Set: 0.5ms
[2023-11-17T17:15:10.859+0000][gc,phases     ] GC(396)   Other: 0.3ms
[2023-11-17T17:15:10.859+0000][gc,heap       ] GC(396) Eden regions: 22->0(21)
[2023-11-17T17:15:10.859+0000][gc,heap       ] GC(396) Survivor regions: 3->4(4)
[2023-11-17T17:15:10.859+0000][gc,heap       ] GC(396) Old regions: 110->110
[2023-11-17T17:15:10.859+0000][gc,heap       ] GC(396) Humongous regions: 147->147
[2023-11-17T17:15:10.859+0000][gc,metaspace  ] GC(396) Metaspace: 44724K(47512K)->44724K(47512K) NonClass: 39458K(40960K)->39458K(40960K) Class: 5266K(6552K)->5266K(6552K)
[2023-11-17T17:15:10.859+0000][gc            ] GC(396) Pause Young (Normal) (G1 Evacuation Pause) 279M->259M(512M) 18.560ms
[2023-11-17T17:15:10.859+0000][gc,cpu        ] GC(396) User=0.04s Sys=0.00s Real=0.02s
[2023-11-17T17:16:32.284+0000][gc,start      ] GC(397) Pause Young (Normal) (G1 Evacuation Pause)
[2023-11-17T17:16:32.284+0000][gc,task       ] GC(397) Using 2 workers of 2 for evacuation
[2023-11-17T17:16:32.295+0000][gc,phases     ] GC(397)   Pre Evacuate Collection Set: 0.0ms
[2023-11-17T17:16:32.295+0000][gc,phases     ] GC(397)   Evacuate Collection Set: 10.1ms
[2023-11-17T17:16:32.295+0000][gc,phases     ] GC(397)   Post Evacuate Collection Set: 0.9ms
[2023-11-17T17:16:32.295+0000][gc,phases     ] GC(397)   Other: 0.2ms
[2023-11-17T17:16:32.295+0000][gc,heap       ] GC(397) Eden regions: 21->0(23)
[2023-11-17T17:16:32.295+0000][gc,heap       ] GC(397) Survivor regions: 4->2(4)
[2023-11-17T17:16:32.295+0000][gc,heap       ] GC(397) Old regions: 110->112
[2023-11-17T17:16:32.295+0000][gc,heap       ] GC(397) Humongous regions: 147->147
[2023-11-17T17:16:32.295+0000][gc,metaspace  ] GC(397) Metaspace: 44724K(47512K)->44724K(47512K) NonClass: 39458K(40960K)->39458K(40960K) Class: 5266K(6552K)->5266K(6552K)
[2023-11-17T17:16:32.296+0000][gc            ] GC(397) Pause Young (Normal) (G1 Evacuation Pause) 280M->259M(512M) 11.752ms
[2023-11-17T17:16:32.296+0000][gc,cpu        ] GC(397) User=0.02s Sys=0.00s Real=0.02s
[2023-11-17T17:18:01.635+0000][gc,start      ] GC(398) Pause Young (Normal) (G1 Evacuation Pause)
[2023-11-17T17:18:01.635+0000][gc,task       ] GC(398) Using 2 workers of 2 for evacuation
[2023-11-17T17:18:01.665+0000][gc,mmu        ] GC(398) MMU target violated: 21.0ms (20.0ms/21.0ms)
[2023-11-17T17:18:01.666+0000][gc,phases     ] GC(398)   Pre Evacuate Collection Set: 0.0ms
[2023-11-17T17:18:01.666+0000][gc,phases     ] GC(398)   Evacuate Collection Set: 29.4ms
[2023-11-17T17:18:01.666+0000][gc,phases     ] GC(398)   Post Evacuate Collection Set: 0.3ms
[2023-11-17T17:18:01.666+0000][gc,phases     ] GC(398)   Other: 1.2ms
[2023-11-17T17:18:01.666+0000][gc,heap       ] GC(398) Eden regions: 23->0(21)
[2023-11-17T17:18:01.666+0000][gc,heap       ] GC(398) Survivor regions: 2->4(4)
[2023-11-17T17:18:01.666+0000][gc,heap       ] GC(398) Old regions: 112->112
[2023-11-17T17:18:01.666+0000][gc,heap       ] GC(398) Humongous regions: 147->147
[2023-11-17T17:18:01.666+0000][gc,metaspace  ] GC(398) Metaspace: 44724K(47512K)->44724K(47512K) NonClass: 39458K(40960K)->39458K(40960K) Class: 5266K(6552K)->5266K(6552K)
[2023-11-17T17:18:01.666+0000][gc            ] GC(398) Pause Young (Normal) (G1 Evacuation Pause) 282M->261M(512M) 31.094ms
[2023-11-17T17:18:01.666+0000][gc,cpu        ] GC(398) User=0.05s Sys=0.01s Real=0.03s
[2023-11-17T17:19:22.304+0000][gc,start      ] GC(399) Pause Young (Normal) (G1 Evacuation Pause)
[2023-11-17T17:19:22.304+0000][gc,task       ] GC(399) Using 2 workers of 2 for evacuation
[2023-11-17T17:19:22.317+0000][gc,phases     ] GC(399)   Pre Evacuate Collection Set: 0.0ms
[2023-11-17T17:19:22.317+0000][gc,phases     ] GC(399)   Evacuate Collection Set: 12.0ms
[2023-11-17T17:19:22.317+0000][gc,phases     ] GC(399)   Post Evacuate Collection Set: 0.3ms
[2023-11-17T17:19:22.317+0000][gc,phases     ] GC(399)   Other: 0.4ms
[2023-11-17T17:19:22.317+0000][gc,heap       ] GC(399) Eden regions: 21->0(23)
[2023-11-17T17:19:22.317+0000][gc,heap       ] GC(399) Survivor regions: 4->2(4)
[2023-11-17T17:19:22.317+0000][gc,heap       ] GC(399) Old regions: 112->114
[2023-11-17T17:19:22.317+0000][gc,heap       ] GC(399) Humongous regions: 147->147
[2023-11-17T17:19:22.317+0000][gc,metaspace  ] GC(399) Metaspace: 44724K(47512K)->44724K(47512K) NonClass: 39458K(40960K)->39458K(40960K) Class: 5266K(6552K)->5266K(6552K)
[2023-11-17T17:19:22.317+0000][gc            ] GC(399) Pause Young (Normal) (G1 Evacuation Pause) 282M->261M(512M) 12.755ms
[2023-11-17T17:19:22.317+0000][gc,cpu        ] GC(399) User=0.02s Sys=0.00s Real=0.02s
[2023-11-17T17:20:52.122+0000][gc,start      ] GC(400) Pause Young (Normal) (G1 Evacuation Pause)
[2023-11-17T17:20:52.122+0000][gc,task       ] GC(400) Using 2 workers of 2 for evacuation
[2023-11-17T17:20:52.135+0000][gc,phases     ] GC(400)   Pre Evacuate Collection Set: 0.0ms
[2023-11-17T17:20:52.135+0000][gc,phases     ] GC(400)   Evacuate Collection Set: 11.8ms
[2023-11-17T17:20:52.135+0000][gc,phases     ] GC(400)   Post Evacuate Collection Set: 0.3ms
[2023-11-17T17:20:52.135+0000][gc,phases     ] GC(400)   Other: 0.3ms
[2023-11-17T17:20:52.135+0000][gc,heap       ] GC(400) Eden regions: 23->0(22)
[2023-11-17T17:20:52.135+0000][gc,heap       ] GC(400) Survivor regions: 2->4(4)
[2023-11-17T17:20:52.135+0000][gc,heap       ] GC(400) Old regions: 114->114
[2023-11-17T17:20:52.135+0000][gc,heap       ] GC(400) Humongous regions: 147->147
[2023-11-17T17:20:52.135+0000][gc,metaspace  ] GC(400) Metaspace: 44724K(47512K)->44724K(47512K) NonClass: 39458K(40960K)->39458K(40960K) Class: 5266K(6552K)->5266K(6552K)
[2023-11-17T17:20:52.135+0000][gc            ] GC(400) Pause Young (Normal) (G1 Evacuation Pause) 284M->263M(512M) 12.492ms
[2023-11-17T17:20:52.135+0000][gc,cpu        ] GC(400) User=0.02s Sys=0.00s Real=0.02s
[2023-11-17T17:22:17.059+0000][gc,start      ] GC(401) Pause Young (Normal) (G1 Evacuation Pause)
[2023-11-17T17:22:17.059+0000][gc,task       ] GC(401) Using 2 workers of 2 for evacuation
[2023-11-17T17:22:17.073+0000][gc,phases     ] GC(401)   Pre Evacuate Collection Set: 0.0ms
[2023-11-17T17:22:17.073+0000][gc,phases     ] GC(401)   Evacuate Collection Set: 13.1ms
[2023-11-17T17:22:17.073+0000][gc,phases     ] GC(401)   Post Evacuate Collection Set: 0.4ms
[2023-11-17T17:22:17.073+0000][gc,phases     ] GC(401)   Other: 0.2ms
[2023-11-17T17:22:17.073+0000][gc,heap       ] GC(401) Eden regions: 22->0(24)
[2023-11-17T17:22:17.073+0000][gc,heap       ] GC(401) Survivor regions: 4->3(4)
[2023-11-17T17:22:17.073+0000][gc,heap       ] GC(401) Old regions: 114->116
[2023-11-17T17:22:17.073+0000][gc,heap       ] GC(401) Humongous regions: 147->147
[2023-11-17T17:22:17.073+0000][gc,metaspace  ] GC(401) Metaspace: 44724K(47512K)->44724K(47512K) NonClass: 39458K(40960K)->39458K(40960K) Class: 5266K(6552K)->5266K(6552K)
[2023-11-17T17:22:17.073+0000][gc            ] GC(401) Pause Young (Normal) (G1 Evacuation Pause) 285M->263M(512M) 13.782ms
[2023-11-17T17:22:17.073+0000][gc,cpu        ] GC(401) User=0.03s Sys=0.00s Real=0.01s
[2023-11-17T17:23:50.276+0000][gc,start      ] GC(402) Pause Young (Normal) (G1 Evacuation Pause)
[2023-11-17T17:23:50.276+0000][gc,task       ] GC(402) Using 2 workers of 2 for evacuation
[2023-11-17T17:23:50.290+0000][gc,phases     ] GC(402)   Pre Evacuate Collection Set: 0.0ms
[2023-11-17T17:23:50.290+0000][gc,phases     ] GC(402)   Evacuate Collection Set: 13.6ms
[2023-11-17T17:23:50.290+0000][gc,phases     ] GC(402)   Post Evacuate Collection Set: 0.3ms
[2023-11-17T17:23:50.290+0000][gc,phases     ] GC(402)   Other: 0.2ms
[2023-11-17T17:23:50.290+0000][gc,heap       ] GC(402) Eden regions: 24->0(24)
[2023-11-17T17:23:50.290+0000][gc,heap       ] GC(402) Survivor regions: 3->3(4)
[2023-11-17T17:23:50.290+0000][gc,heap       ] GC(402) Old regions: 116->118
[2023-11-17T17:23:50.290+0000][gc,heap       ] GC(402) Humongous regions: 147->147
[2023-11-17T17:23:50.290+0000][gc,metaspace  ] GC(402) Metaspace: 44725K(47512K)->44725K(47512K) NonClass: 39459K(40960K)->39459K(40960K) Class: 5266K(6552K)->5266K(6552K)
[2023-11-17T17:23:50.290+0000][gc            ] GC(402) Pause Young (Normal) (G1 Evacuation Pause) 287M->266M(512M) 14.245ms
[2023-11-17T17:23:50.290+0000][gc,cpu        ] GC(402) User=0.02s Sys=0.00s Real=0.01s
[2023-11-17T17:25:22.628+0000][gc,start      ] GC(403) Pause Young (Normal) (G1 Evacuation Pause)
[2023-11-17T17:25:22.628+0000][gc,task       ] GC(403) Using 2 workers of 2 for evacuation
[2023-11-17T17:25:22.639+0000][gc,phases     ] GC(403)   Pre Evacuate Collection Set: 0.0ms
[2023-11-17T17:25:22.639+0000][gc,phases     ] GC(403)   Evacuate Collection Set: 11.1ms
[2023-11-17T17:25:22.639+0000][gc,phases     ] GC(403)   Post Evacuate Collection Set: 0.3ms
[2023-11-17T17:25:22.639+0000][gc,phases     ] GC(403)   Other: 0.2ms
[2023-11-17T17:25:22.639+0000][gc,heap       ] GC(403) Eden regions: 24->0(27)
[2023-11-17T17:25:22.639+0000][gc,heap       ] GC(403) Survivor regions: 3->3(4)
[2023-11-17T17:25:22.639+0000][gc,heap       ] GC(403) Old regions: 118->119
[2023-11-17T17:25:22.639+0000][gc,heap       ] GC(403) Humongous regions: 147->147
[2023-11-17T17:25:22.639+0000][gc,metaspace  ] GC(403) Metaspace: 44725K(47512K)->44725K(47512K) NonClass: 39459K(40960K)->39459K(40960K) Class: 5266K(6552K)->5266K(6552K)
[2023-11-17T17:25:22.639+0000][gc            ] GC(403) Pause Young (Normal) (G1 Evacuation Pause) 290M->267M(512M) 11.726ms
[2023-11-17T17:25:22.639+0000][gc,cpu        ] GC(403) User=0.02s Sys=0.00s Real=0.01s
[2023-11-17T17:27:00.240+0000][gc,start      ] GC(404) Pause Young (Normal) (G1 Evacuation Pause)
[2023-11-17T17:27:00.240+0000][gc,task       ] GC(404) Using 2 workers of 2 for evacuation
[2023-11-17T17:27:00.254+0000][gc,phases     ] GC(404)   Pre Evacuate Collection Set: 0.0ms
[2023-11-17T17:27:00.254+0000][gc,phases     ] GC(404)   Evacuate Collection Set: 12.9ms
[2023-11-17T17:27:00.254+0000][gc,phases     ] GC(404)   Post Evacuate Collection Set: 0.3ms
[2023-11-17T17:27:00.254+0000][gc,phases     ] GC(404)   Other: 0.5ms
[2023-11-17T17:27:00.254+0000][gc,heap       ] GC(404) Eden regions: 25->0(28)
[2023-11-17T17:27:00.254+0000][gc,heap       ] GC(404) Survivor regions: 3->2(4)
[2023-11-17T17:27:00.254+0000][gc,heap       ] GC(404) Old regions: 119->120
[2023-11-17T17:27:00.254+0000][gc,heap       ] GC(404) Humongous regions: 147->147
[2023-11-17T17:27:00.254+0000][gc,metaspace  ] GC(404) Metaspace: 44725K(47512K)->44725K(47512K) NonClass: 39459K(40960K)->39459K(40960K) Class: 5266K(6552K)->5266K(6552K)
[2023-11-17T17:27:00.254+0000][gc            ] GC(404) Pause Young (Normal) (G1 Evacuation Pause) 292M->267M(512M) 13.574ms
[2023-11-17T17:27:00.254+0000][gc,cpu        ] GC(404) User=0.02s Sys=0.00s Real=0.02s
[2023-11-17T17:28:40.283+0000][gc,start      ] GC(405) Pause Young (Normal) (G1 Evacuation Pause)
[2023-11-17T17:28:40.283+0000][gc,task       ] GC(405) Using 2 workers of 2 for evacuation
[2023-11-17T17:28:40.301+0000][gc,phases     ] GC(405)   Pre Evacuate Collection Set: 0.0ms
[2023-11-17T17:28:40.301+0000][gc,phases     ] GC(405)   Evacuate Collection Set: 16.3ms
[2023-11-17T17:28:40.301+0000][gc,phases     ] GC(405)   Post Evacuate Collection Set: 0.6ms
[2023-11-17T17:28:40.301+0000][gc,phases     ] GC(405)   Other: 0.2ms
[2023-11-17T17:28:40.301+0000][gc,heap       ] GC(405) Eden regions: 26->0(26)
[2023-11-17T17:28:40.301+0000][gc,heap       ] GC(405) Survivor regions: 2->4(4)
[2023-11-17T17:28:40.301+0000][gc,heap       ] GC(405) Old regions: 120->121
[2023-11-17T17:28:40.301+0000][gc,heap       ] GC(405) Humongous regions: 147->147
[2023-11-17T17:28:40.301+0000][gc,metaspace  ] GC(405) Metaspace: 44725K(47512K)->44725K(47512K) NonClass: 39459K(40960K)->39459K(40960K) Class: 5266K(6552K)->5266K(6552K)
[2023-11-17T17:28:40.301+0000][gc            ] GC(405) Pause Young (Normal) (G1 Evacuation Pause) 293M->269M(512M) 17.264ms
[2023-11-17T17:28:40.301+0000][gc,cpu        ] GC(405) User=0.03s Sys=0.00s Real=0.02s
[2023-11-17T17:30:21.714+0000][gc,start      ] GC(406) Pause Young (Normal) (G1 Evacuation Pause)
[2023-11-17T17:30:21.714+0000][gc,task       ] GC(406) Using 2 workers of 2 for evacuation
[2023-11-17T17:30:21.725+0000][gc,phases     ] GC(406)   Pre Evacuate Collection Set: 0.0ms
[2023-11-17T17:30:21.726+0000][gc,phases     ] GC(406)   Evacuate Collection Set: 10.9ms
[2023-11-17T17:30:21.726+0000][gc,phases     ] GC(406)   Post Evacuate Collection Set: 0.7ms
[2023-11-17T17:30:21.726+0000][gc,phases     ] GC(406)   Other: 0.3ms
[2023-11-17T17:30:21.726+0000][gc,heap       ] GC(406) Eden regions: 26->0(30)
[2023-11-17T17:30:21.726+0000][gc,heap       ] GC(406) Survivor regions: 4->3(4)
[2023-11-17T17:30:21.726+0000][gc,heap       ] GC(406) Old regions: 121->123
[2023-11-17T17:30:21.726+0000][gc,heap       ] GC(406) Humongous regions: 147->147
[2023-11-17T17:30:21.726+0000][gc,metaspace  ] GC(406) Metaspace: 44725K(47512K)->44725K(47512K) NonClass: 39459K(40960K)->39459K(40960K) Class: 5266K(6552K)->5266K(6552K)
[2023-11-17T17:30:21.726+0000][gc            ] GC(406) Pause Young (Normal) (G1 Evacuation Pause) 295M->270M(512M) 12.023ms
[2023-11-17T17:30:21.726+0000][gc,cpu        ] GC(406) User=0.02s Sys=0.00s Real=0.01s
[2023-11-17T17:32:19.639+0000][gc,start      ] GC(407) Pause Young (Normal) (G1 Evacuation Pause)
[2023-11-17T17:32:19.639+0000][gc,task       ] GC(407) Using 2 workers of 2 for evacuation
[2023-11-17T17:32:19.656+0000][gc,phases     ] GC(407)   Pre Evacuate Collection Set: 0.0ms
[2023-11-17T17:32:19.656+0000][gc,phases     ] GC(407)   Evacuate Collection Set: 17.2ms
[2023-11-17T17:32:19.656+0000][gc,phases     ] GC(407)   Post Evacuate Collection Set: 0.4ms
[2023-11-17T17:32:19.656+0000][gc,phases     ] GC(407)   Other: 0.2ms
[2023-11-17T17:32:19.656+0000][gc,heap       ] GC(407) Eden regions: 30->0(29)
[2023-11-17T17:32:19.656+0000][gc,heap       ] GC(407) Survivor regions: 3->5(5)
[2023-11-17T17:32:19.656+0000][gc,heap       ] GC(407) Old regions: 123->123
[2023-11-17T17:32:19.656+0000][gc,heap       ] GC(407) Humongous regions: 147->147
[2023-11-17T17:32:19.656+0000][gc,metaspace  ] GC(407) Metaspace: 44725K(47512K)->44725K(47512K) NonClass: 39459K(40960K)->39459K(40960K) Class: 5266K(6552K)->5266K(6552K)
[2023-11-17T17:32:19.657+0000][gc            ] GC(407) Pause Young (Normal) (G1 Evacuation Pause) 300M->273M(512M) 17.911ms
[2023-11-17T17:32:19.657+0000][gc,cpu        ] GC(407) User=0.04s Sys=0.00s Real=0.02s
[2023-11-17T17:34:11.563+0000][gc,start      ] GC(408) Pause Young (Normal) (G1 Evacuation Pause)
[2023-11-17T17:34:11.563+0000][gc,task       ] GC(408) Using 2 workers of 2 for evacuation
[2023-11-17T17:34:11.582+0000][gc,phases     ] GC(408)   Pre Evacuate Collection Set: 0.0ms
[2023-11-17T17:34:11.582+0000][gc,phases     ] GC(408)   Evacuate Collection Set: 18.0ms
[2023-11-17T17:34:11.582+0000][gc,phases     ] GC(408)   Post Evacuate Collection Set: 0.4ms
[2023-11-17T17:34:11.582+0000][gc,phases     ] GC(408)   Other: 0.7ms
[2023-11-17T17:34:11.582+0000][gc,heap       ] GC(408) Eden regions: 29->0(30)
[2023-11-17T17:34:11.582+0000][gc,heap       ] GC(408) Survivor regions: 5->4(5)
[2023-11-17T17:34:11.582+0000][gc,heap       ] GC(408) Old regions: 123->125
[2023-11-17T17:34:11.582+0000][gc,heap       ] GC(408) Humongous regions: 147->147
[2023-11-17T17:34:11.582+0000][gc,metaspace  ] GC(408) Metaspace: 44725K(47512K)->44725K(47512K) NonClass: 39459K(40960K)->39459K(40960K) Class: 5266K(6552K)->5266K(6552K)
[2023-11-17T17:34:11.582+0000][gc            ] GC(408) Pause Young (Normal) (G1 Evacuation Pause) 302M->273M(512M) 19.135ms
[2023-11-17T17:34:11.582+0000][gc,cpu        ] GC(408) User=0.03s Sys=0.00s Real=0.02s
[2023-11-17T17:36:09.050+0000][gc,start      ] GC(409) Pause Young (Normal) (G1 Evacuation Pause)
[2023-11-17T17:36:09.050+0000][gc,task       ] GC(409) Using 2 workers of 2 for evacuation
[2023-11-17T17:36:09.061+0000][gc,phases     ] GC(409)   Pre Evacuate Collection Set: 0.0ms
[2023-11-17T17:36:09.061+0000][gc,phases     ] GC(409)   Evacuate Collection Set: 10.4ms
[2023-11-17T17:36:09.061+0000][gc,phases     ] GC(409)   Post Evacuate Collection Set: 0.3ms
[2023-11-17T17:36:09.061+0000][gc,phases     ] GC(409)   Other: 0.3ms
[2023-11-17T17:36:09.061+0000][gc,heap       ] GC(409) Eden regions: 30->0(32)
[2023-11-17T17:36:09.061+0000][gc,heap       ] GC(409) Survivor regions: 4->3(5)
[2023-11-17T17:36:09.061+0000][gc,heap       ] GC(409) Old regions: 125->126
[2023-11-17T17:36:09.061+0000][gc,heap       ] GC(409) Humongous regions: 147->147
[2023-11-17T17:36:09.061+0000][gc,metaspace  ] GC(409) Metaspace: 44725K(47512K)->44725K(47512K) NonClass: 39459K(40960K)->39459K(40960K) Class: 5266K(6552K)->5266K(6552K)
[2023-11-17T17:36:09.061+0000][gc            ] GC(409) Pause Young (Normal) (G1 Evacuation Pause) 303M->274M(512M) 11.089ms
[2023-11-17T17:36:09.061+0000][gc,cpu        ] GC(409) User=0.02s Sys=0.00s Real=0.01s
[2023-11-17T17:38:14.274+0000][gc,start      ] GC(410) Pause Young (Normal) (G1 Evacuation Pause)
[2023-11-17T17:38:14.274+0000][gc,task       ] GC(410) Using 2 workers of 2 for evacuation
[2023-11-17T17:38:14.285+0000][gc,phases     ] GC(410)   Pre Evacuate Collection Set: 0.0ms
[2023-11-17T17:38:14.285+0000][gc,phases     ] GC(410)   Evacuate Collection Set: 11.1ms
[2023-11-17T17:38:14.285+0000][gc,phases     ] GC(410)   Post Evacuate Collection Set: 0.3ms
[2023-11-17T17:38:14.285+0000][gc,phases     ] GC(410)   Other: 0.2ms
[2023-11-17T17:38:14.285+0000][gc,heap       ] GC(410) Eden regions: 32->0(36)
[2023-11-17T17:38:14.285+0000][gc,heap       ] GC(410) Survivor regions: 3->4(5)
[2023-11-17T17:38:14.285+0000][gc,heap       ] GC(410) Old regions: 126->126
[2023-11-17T17:38:14.285+0000][gc,heap       ] GC(410) Humongous regions: 147->147
[2023-11-17T17:38:14.285+0000][gc,metaspace  ] GC(410) Metaspace: 44725K(47512K)->44725K(47512K) NonClass: 39459K(40960K)->39459K(40960K) Class: 5266K(6552K)->5266K(6552K)
[2023-11-17T17:38:14.285+0000][gc            ] GC(410) Pause Young (Normal) (G1 Evacuation Pause) 306M->274M(512M) 11.755ms
[2023-11-17T17:38:14.285+0000][gc,cpu        ] GC(410) User=0.02s Sys=0.00s Real=0.01s
[2023-11-17T17:40:36.219+0000][gc,start      ] GC(411) Pause Young (Normal) (G1 Evacuation Pause)
[2023-11-17T17:40:36.220+0000][gc,task       ] GC(411) Using 2 workers of 2 for evacuation
[2023-11-17T17:40:36.236+0000][gc,phases     ] GC(411)   Pre Evacuate Collection Set: 0.0ms
[2023-11-17T17:40:36.236+0000][gc,phases     ] GC(411)   Evacuate Collection Set: 16.1ms
[2023-11-17T17:40:36.236+0000][gc,phases     ] GC(411)   Post Evacuate Collection Set: 0.4ms
[2023-11-17T17:40:36.236+0000][gc,phases     ] GC(411)   Other: 0.2ms
[2023-11-17T17:40:36.236+0000][gc,heap       ] GC(411) Eden regions: 36->0(34)
[2023-11-17T17:40:36.236+0000][gc,heap       ] GC(411) Survivor regions: 4->5(5)
[2023-11-17T17:40:36.236+0000][gc,heap       ] GC(411) Old regions: 126->128
[2023-11-17T17:40:36.236+0000][gc,heap       ] GC(411) Humongous regions: 147->147
[2023-11-17T17:40:36.236+0000][gc,metaspace  ] GC(411) Metaspace: 44725K(47512K)->44725K(47512K) NonClass: 39459K(40960K)->39459K(40960K) Class: 5266K(6552K)->5266K(6552K)
[2023-11-17T17:40:36.236+0000][gc            ] GC(411) Pause Young (Normal) (G1 Evacuation Pause) 310M->278M(512M) 16.780ms
[2023-11-17T17:40:36.236+0000][gc,cpu        ] GC(411) User=0.04s Sys=0.00s Real=0.02s
[2023-11-17T17:42:50.416+0000][gc,start      ] GC(412) Pause Young (Normal) (G1 Evacuation Pause)
[2023-11-17T17:42:50.416+0000][gc,task       ] GC(412) Using 2 workers of 2 for evacuation
[2023-11-17T17:42:50.432+0000][gc,phases     ] GC(412)   Pre Evacuate Collection Set: 0.0ms
[2023-11-17T17:42:50.432+0000][gc,phases     ] GC(412)   Evacuate Collection Set: 15.4ms
[2023-11-17T17:42:50.432+0000][gc,phases     ] GC(412)   Post Evacuate Collection Set: 0.4ms
[2023-11-17T17:42:50.432+0000][gc,phases     ] GC(412)   Other: 0.4ms
[2023-11-17T17:42:50.432+0000][gc,heap       ] GC(412) Eden regions: 34->0(35)
[2023-11-17T17:42:50.432+0000][gc,heap       ] GC(412) Survivor regions: 5->4(5)
[2023-11-17T17:42:50.432+0000][gc,heap       ] GC(412) Old regions: 128->131
[2023-11-17T17:42:50.433+0000][gc,heap       ] GC(412) Humongous regions: 147->147
[2023-11-17T17:42:50.433+0000][gc,metaspace  ] GC(412) Metaspace: 44725K(47512K)->44725K(47512K) NonClass: 39459K(40960K)->39459K(40960K) Class: 5266K(6552K)->5266K(6552K)
[2023-11-17T17:42:50.433+0000][gc            ] GC(412) Pause Young (Normal) (G1 Evacuation Pause) 312M->280M(512M) 16.215ms
[2023-11-17T17:42:50.433+0000][gc,cpu        ] GC(412) User=0.03s Sys=0.00s Real=0.01s
[2023-11-17T17:45:06.951+0000][gc,start      ] GC(413) Pause Young (Normal) (G1 Evacuation Pause)
[2023-11-17T17:45:06.951+0000][gc,task       ] GC(413) Using 2 workers of 2 for evacuation
[2023-11-17T17:45:06.975+0000][gc,mmu        ] GC(413) MMU target violated: 21.0ms (20.0ms/21.0ms)
[2023-11-17T17:45:06.975+0000][gc,phases     ] GC(413)   Pre Evacuate Collection Set: 0.0ms
[2023-11-17T17:45:06.975+0000][gc,phases     ] GC(413)   Evacuate Collection Set: 23.0ms
[2023-11-17T17:45:06.975+0000][gc,phases     ] GC(413)   Post Evacuate Collection Set: 0.6ms
[2023-11-17T17:45:06.975+0000][gc,phases     ] GC(413)   Other: 0.3ms
[2023-11-17T17:45:06.975+0000][gc,heap       ] GC(413) Eden regions: 35->0(32)
[2023-11-17T17:45:06.975+0000][gc,heap       ] GC(413) Survivor regions: 4->4(5)
[2023-11-17T17:45:06.975+0000][gc,heap       ] GC(413) Old regions: 131->133
[2023-11-17T17:45:06.975+0000][gc,heap       ] GC(413) Humongous regions: 147->147
[2023-11-17T17:45:06.975+0000][gc,metaspace  ] GC(413) Metaspace: 44733K(47512K)->44733K(47512K) NonClass: 39467K(40960K)->39467K(40960K) Class: 5266K(6552K)->5266K(6552K)
[2023-11-17T17:45:06.975+0000][gc            ] GC(413) Pause Young (Normal) (G1 Evacuation Pause) 315M->281M(512M) 23.982ms
[2023-11-17T17:45:06.975+0000][gc,cpu        ] GC(413) User=0.04s Sys=0.00s Real=0.03s
[2023-11-17T17:47:12.285+0000][gc,start      ] GC(414) Pause Young (Normal) (G1 Evacuation Pause)
[2023-11-17T17:47:12.285+0000][gc,task       ] GC(414) Using 2 workers of 2 for evacuation
[2023-11-17T17:47:12.298+0000][gc,phases     ] GC(414)   Pre Evacuate Collection Set: 0.0ms
[2023-11-17T17:47:12.298+0000][gc,phases     ] GC(414)   Evacuate Collection Set: 12.2ms
[2023-11-17T17:47:12.298+0000][gc,phases     ] GC(414)   Post Evacuate Collection Set: 0.4ms
[2023-11-17T17:47:12.298+0000][gc,phases     ] GC(414)   Other: 0.2ms
[2023-11-17T17:47:12.298+0000][gc,heap       ] GC(414) Eden regions: 32->0(35)
[2023-11-17T17:47:12.298+0000][gc,heap       ] GC(414) Survivor regions: 4->3(5)
[2023-11-17T17:47:12.298+0000][gc,heap       ] GC(414) Old regions: 133->134
[2023-11-17T17:47:12.298+0000][gc,heap       ] GC(414) Humongous regions: 147->147
[2023-11-17T17:47:12.298+0000][gc,metaspace  ] GC(414) Metaspace: 44733K(47512K)->44733K(47512K) NonClass: 39467K(40960K)->39467K(40960K) Class: 5266K(6552K)->5266K(6552K)
[2023-11-17T17:47:12.298+0000][gc            ] GC(414) Pause Young (Normal) (G1 Evacuation Pause) 313M->282M(512M) 12.862ms
[2023-11-17T17:47:12.298+0000][gc,cpu        ] GC(414) User=0.03s Sys=0.00s Real=0.02s
[2023-11-17T17:49:21.581+0000][gc,start      ] GC(415) Pause Young (Normal) (G1 Evacuation Pause)
[2023-11-17T17:49:21.581+0000][gc,task       ] GC(415) Using 2 workers of 2 for evacuation
[2023-11-17T17:49:21.593+0000][gc,phases     ] GC(415)   Pre Evacuate Collection Set: 0.0ms
[2023-11-17T17:49:21.593+0000][gc,phases     ] GC(415)   Evacuate Collection Set: 11.2ms
[2023-11-17T17:49:21.593+0000][gc,phases     ] GC(415)   Post Evacuate Collection Set: 0.4ms
[2023-11-17T17:49:21.593+0000][gc,phases     ] GC(415)   Other: 0.2ms
[2023-11-17T17:49:21.593+0000][gc,heap       ] GC(415) Eden regions: 33->0(37)
[2023-11-17T17:49:21.593+0000][gc,heap       ] GC(415) Survivor regions: 3->4(5)
[2023-11-17T17:49:21.593+0000][gc,heap       ] GC(415) Old regions: 134->134
[2023-11-17T17:49:21.593+0000][gc,heap       ] GC(415) Humongous regions: 147->147
[2023-11-17T17:49:21.593+0000][gc,metaspace  ] GC(415) Metaspace: 44733K(47512K)->44733K(47512K) NonClass: 39467K(40960K)->39467K(40960K) Class: 5266K(6552K)->5266K(6552K)
[2023-11-17T17:49:21.593+0000][gc            ] GC(415) Pause Young (Normal) (G1 Evacuation Pause) 315M->282M(512M) 12.053ms
[2023-11-17T17:49:21.593+0000][gc,cpu        ] GC(415) User=0.03s Sys=0.00s Real=0.01s
[2023-11-17T17:51:39.625+0000][gc,start      ] GC(416) Pause Young (Normal) (G1 Evacuation Pause)
[2023-11-17T17:51:39.626+0000][gc,task       ] GC(416) Using 2 workers of 2 for evacuation
[2023-11-17T17:51:39.644+0000][gc,phases     ] GC(416)   Pre Evacuate Collection Set: 0.0ms
[2023-11-17T17:51:39.644+0000][gc,phases     ] GC(416)   Evacuate Collection Set: 17.9ms
[2023-11-17T17:51:39.644+0000][gc,phases     ] GC(416)   Post Evacuate Collection Set: 0.4ms
[2023-11-17T17:51:39.644+0000][gc,phases     ] GC(416)   Other: 0.2ms
[2023-11-17T17:51:39.644+0000][gc,heap       ] GC(416) Eden regions: 35->0(35)
[2023-11-17T17:51:39.644+0000][gc,heap       ] GC(416) Survivor regions: 4->5(5)
[2023-11-17T17:51:39.644+0000][gc,heap       ] GC(416) Old regions: 134->136
[2023-11-17T17:51:39.644+0000][gc,heap       ] GC(416) Humongous regions: 147->147
[2023-11-17T17:51:39.644+0000][gc,metaspace  ] GC(416) Metaspace: 44733K(47512K)->44733K(47512K) NonClass: 39467K(40960K)->39467K(40960K) Class: 5266K(6552K)->5266K(6552K)
[2023-11-17T17:51:39.644+0000][gc            ] GC(416) Pause Young (Normal) (G1 Evacuation Pause) 317M->286M(512M) 18.687ms
[2023-11-17T17:51:39.644+0000][gc,cpu        ] GC(416) User=0.03s Sys=0.00s Real=0.01s
[2023-11-17T17:53:56.365+0000][gc,start      ] GC(417) Pause Young (Normal) (G1 Evacuation Pause)
[2023-11-17T17:53:56.365+0000][gc,task       ] GC(417) Using 2 workers of 2 for evacuation
[2023-11-17T17:53:56.387+0000][gc,mmu        ] GC(417) MMU target violated: 21.0ms (20.0ms/21.0ms)
[2023-11-17T17:53:56.387+0000][gc,phases     ] GC(417)   Pre Evacuate Collection Set: 0.0ms
[2023-11-17T17:53:56.387+0000][gc,phases     ] GC(417)   Evacuate Collection Set: 21.2ms
[2023-11-17T17:53:56.387+0000][gc,phases     ] GC(417)   Post Evacuate Collection Set: 0.3ms
[2023-11-17T17:53:56.387+0000][gc,phases     ] GC(417)   Other: 0.4ms
[2023-11-17T17:53:56.387+0000][gc,heap       ] GC(417) Eden regions: 35->0(35)
[2023-11-17T17:53:56.387+0000][gc,heap       ] GC(417) Survivor regions: 5->5(5)
[2023-11-17T17:53:56.387+0000][gc,heap       ] GC(417) Old regions: 136->139
[2023-11-17T17:53:56.387+0000][gc,heap       ] GC(417) Humongous regions: 147->147
[2023-11-17T17:53:56.387+0000][gc,metaspace  ] GC(417) Metaspace: 44733K(47512K)->44733K(47512K) NonClass: 39467K(40960K)->39467K(40960K) Class: 5266K(6552K)->5266K(6552K)
[2023-11-17T17:53:56.387+0000][gc            ] GC(417) Pause Young (Normal) (G1 Evacuation Pause) 321M->288M(512M) 22.035ms
[2023-11-17T17:53:56.387+0000][gc,cpu        ] GC(417) User=0.04s Sys=0.00s Real=0.03s
[2023-11-17T17:56:05.921+0000][gc,start      ] GC(418) Pause Young (Normal) (G1 Evacuation Pause)
[2023-11-17T17:56:05.921+0000][gc,task       ] GC(418) Using 2 workers of 2 for evacuation
[2023-11-17T17:56:05.935+0000][gc,phases     ] GC(418)   Pre Evacuate Collection Set: 0.0ms
[2023-11-17T17:56:05.935+0000][gc,phases     ] GC(418)   Evacuate Collection Set: 13.2ms
[2023-11-17T17:56:05.935+0000][gc,phases     ] GC(418)   Post Evacuate Collection Set: 0.6ms
[2023-11-17T17:56:05.935+0000][gc,phases     ] GC(418)   Other: 0.2ms
[2023-11-17T17:56:05.935+0000][gc,heap       ] GC(418) Eden regions: 33->0(37)
[2023-11-17T17:56:05.935+0000][gc,heap       ] GC(418) Survivor regions: 5->3(5)
[2023-11-17T17:56:05.935+0000][gc,heap       ] GC(418) Old regions: 139->141
[2023-11-17T17:56:05.935+0000][gc,heap       ] GC(418) Humongous regions: 147->147
[2023-11-17T17:56:05.935+0000][gc,metaspace  ] GC(418) Metaspace: 44733K(47512K)->44733K(47512K) NonClass: 39467K(40960K)->39467K(40960K) Class: 5266K(6552K)->5266K(6552K)
[2023-11-17T17:56:05.935+0000][gc            ] GC(418) Pause Young (Normal) (G1 Evacuation Pause) 321M->288M(512M) 14.106ms
[2023-11-17T17:56:05.935+0000][gc,cpu        ] GC(418) User=0.03s Sys=0.00s Real=0.02s
[2023-11-17T17:58:18.809+0000][gc,start      ] GC(419) Pause Young (Normal) (G1 Evacuation Pause)
[2023-11-17T17:58:18.809+0000][gc,task       ] GC(419) Using 2 workers of 2 for evacuation
[2023-11-17T17:58:18.832+0000][gc,mmu        ] GC(419) MMU target violated: 21.0ms (20.0ms/21.0ms)
[2023-11-17T17:58:18.832+0000][gc,phases     ] GC(419)   Pre Evacuate Collection Set: 0.0ms
[2023-11-17T17:58:18.832+0000][gc,phases     ] GC(419)   Evacuate Collection Set: 22.5ms
[2023-11-17T17:58:18.832+0000][gc,phases     ] GC(419)   Post Evacuate Collection Set: 0.3ms
[2023-11-17T17:58:18.832+0000][gc,phases     ] GC(419)   Other: 0.6ms
[2023-11-17T17:58:18.832+0000][gc,heap       ] GC(419) Eden regions: 34->0(31)
[2023-11-17T17:58:18.832+0000][gc,heap       ] GC(419) Survivor regions: 3->3(5)
[2023-11-17T17:58:18.832+0000][gc,heap       ] GC(419) Old regions: 141->142
[2023-11-17T17:58:18.832+0000][gc,heap       ] GC(419) Humongous regions: 147->147
[2023-11-17T17:58:18.832+0000][gc,metaspace  ] GC(419) Metaspace: 44733K(47512K)->44733K(47512K) NonClass: 39467K(40960K)->39467K(40960K) Class: 5266K(6552K)->5266K(6552K)
[2023-11-17T17:58:18.832+0000][gc            ] GC(419) Pause Young (Normal) (G1 Evacuation Pause) 322M->290M(512M) 23.444ms
[2023-11-17T17:58:18.832+0000][gc,cpu        ] GC(419) User=0.04s Sys=0.00s Real=0.02s
[2023-11-17T17:59:52.549+0000][gc,start      ] GC(420) Pause Young (Normal) (G1 Evacuation Pause)
[2023-11-17T17:59:52.549+0000][gc,task       ] GC(420) Using 2 workers of 2 for evacuation
[2023-11-17T17:59:52.563+0000][gc,phases     ] GC(420)   Pre Evacuate Collection Set: 0.0ms
[2023-11-17T17:59:52.563+0000][gc,phases     ] GC(420)   Evacuate Collection Set: 13.3ms
[2023-11-17T17:59:52.563+0000][gc,phases     ] GC(420)   Post Evacuate Collection Set: 0.4ms
[2023-11-17T17:59:52.563+0000][gc,phases     ] GC(420)   Other: 0.3ms
[2023-11-17T17:59:52.563+0000][gc,heap       ] GC(420) Eden regions: 24->0(27)
[2023-11-17T17:59:52.563+0000][gc,heap       ] GC(420) Survivor regions: 3->3(4)
[2023-11-17T17:59:52.563+0000][gc,heap       ] GC(420) Old regions: 142->145
[2023-11-17T17:59:52.563+0000][gc,heap       ] GC(420) Humongous regions: 147->147
[2023-11-17T17:59:52.563+0000][gc,metaspace  ] GC(420) Metaspace: 44733K(47512K)->44733K(47512K) NonClass: 39467K(40960K)->39467K(40960K) Class: 5266K(6552K)->5266K(6552K)
[2023-11-17T17:59:52.563+0000][gc            ] GC(420) Pause Young (Normal) (G1 Evacuation Pause) 314M->292M(512M) 14.063ms
[2023-11-17T17:59:52.563+0000][gc,cpu        ] GC(420) User=0.02s Sys=0.00s Real=0.01s
[2023-11-17T18:01:26.152+0000][gc,start      ] GC(421) Pause Young (Normal) (G1 Evacuation Pause)
[2023-11-17T18:01:26.152+0000][gc,task       ] GC(421) Using 2 workers of 2 for evacuation
[2023-11-17T18:01:26.164+0000][gc,phases     ] GC(421)   Pre Evacuate Collection Set: 0.0ms
[2023-11-17T18:01:26.164+0000][gc,phases     ] GC(421)   Evacuate Collection Set: 10.9ms
[2023-11-17T18:01:26.164+0000][gc,phases     ] GC(421)   Post Evacuate Collection Set: 0.3ms
[2023-11-17T18:01:26.164+0000][gc,phases     ] GC(421)   Other: 0.2ms
[2023-11-17T18:01:26.164+0000][gc,heap       ] GC(421) Eden regions: 24->0(33)
[2023-11-17T18:01:26.164+0000][gc,heap       ] GC(421) Survivor regions: 3->3(4)
[2023-11-17T18:01:26.164+0000][gc,heap       ] GC(421) Old regions: 145->146
[2023-11-17T18:01:26.164+0000][gc,heap       ] GC(421) Humongous regions: 147->147
[2023-11-17T18:01:26.164+0000][gc,metaspace  ] GC(421) Metaspace: 44733K(47512K)->44733K(47512K) NonClass: 39467K(40960K)->39467K(40960K) Class: 5266K(6552K)->5266K(6552K)
[2023-11-17T18:01:26.164+0000][gc            ] GC(421) Pause Young (Normal) (G1 Evacuation Pause) 316M->293M(512M) 11.537ms
[2023-11-17T18:01:26.164+0000][gc,cpu        ] GC(421) User=0.03s Sys=0.00s Real=0.01s
[2023-11-17T18:03:35.882+0000][gc,start      ] GC(422) Pause Young (Normal) (G1 Evacuation Pause)
[2023-11-17T18:03:35.882+0000][gc,task       ] GC(422) Using 2 workers of 2 for evacuation
[2023-11-17T18:03:35.898+0000][gc,phases     ] GC(422)   Pre Evacuate Collection Set: 0.0ms
[2023-11-17T18:03:35.898+0000][gc,phases     ] GC(422)   Evacuate Collection Set: 15.3ms
[2023-11-17T18:03:35.898+0000][gc,phases     ] GC(422)   Post Evacuate Collection Set: 0.6ms
[2023-11-17T18:03:35.898+0000][gc,phases     ] GC(422)   Other: 0.2ms
[2023-11-17T18:03:35.898+0000][gc,heap       ] GC(422) Eden regions: 33->0(34)
[2023-11-17T18:03:35.898+0000][gc,heap       ] GC(422) Survivor regions: 3->4(5)
[2023-11-17T18:03:35.898+0000][gc,heap       ] GC(422) Old regions: 146->146
[2023-11-17T18:03:35.898+0000][gc,heap       ] GC(422) Humongous regions: 147->147
[2023-11-17T18:03:35.898+0000][gc,metaspace  ] GC(422) Metaspace: 44733K(47512K)->44733K(47512K) NonClass: 39467K(40960K)->39467K(40960K) Class: 5266K(6552K)->5266K(6552K)
[2023-11-17T18:03:35.898+0000][gc            ] GC(422) Pause Young (Normal) (G1 Evacuation Pause) 326M->294M(512M) 16.300ms
[2023-11-17T18:03:35.898+0000][gc,cpu        ] GC(422) User=0.03s Sys=0.00s Real=0.02s
[2023-11-17T18:05:49.112+0000][gc,start      ] GC(423) Pause Young (Normal) (G1 Evacuation Pause)
[2023-11-17T18:05:49.112+0000][gc,task       ] GC(423) Using 2 workers of 2 for evacuation
[2023-11-17T18:05:49.125+0000][gc,phases     ] GC(423)   Pre Evacuate Collection Set: 0.0ms
[2023-11-17T18:05:49.125+0000][gc,phases     ] GC(423)   Evacuate Collection Set: 12.2ms
[2023-11-17T18:05:49.125+0000][gc,phases     ] GC(423)   Post Evacuate Collection Set: 0.4ms
[2023-11-17T18:05:49.125+0000][gc,phases     ] GC(423)   Other: 0.2ms
[2023-11-17T18:05:49.125+0000][gc,heap       ] GC(423) Eden regions: 34->0(37)
[2023-11-17T18:05:49.125+0000][gc,heap       ] GC(423) Survivor regions: 4->3(5)
[2023-11-17T18:05:49.125+0000][gc,heap       ] GC(423) Old regions: 146->147
[2023-11-17T18:05:49.125+0000][gc,heap       ] GC(423) Humongous regions: 147->147
[2023-11-17T18:05:49.125+0000][gc,metaspace  ] GC(423) Metaspace: 44733K(47512K)->44733K(47512K) NonClass: 39467K(40960K)->39467K(40960K) Class: 5266K(6552K)->5266K(6552K)
[2023-11-17T18:05:49.125+0000][gc            ] GC(423) Pause Young (Normal) (G1 Evacuation Pause) 328M->295M(512M) 12.863ms
[2023-11-17T18:05:49.125+0000][gc,cpu        ] GC(423) User=0.03s Sys=0.00s Real=0.01s
[2023-11-17T18:07:44.871+0000][gc,start      ] GC(424) Pause Young (Normal) (G1 Evacuation Pause)
[2023-11-17T18:07:44.871+0000][gc,task       ] GC(424) Using 2 workers of 2 for evacuation
[2023-11-17T18:07:44.896+0000][gc,mmu        ] GC(424) MMU target violated: 21.0ms (20.0ms/21.0ms)
[2023-11-17T18:07:44.896+0000][gc,phases     ] GC(424)   Pre Evacuate Collection Set: 0.0ms
[2023-11-17T18:07:44.896+0000][gc,phases     ] GC(424)   Evacuate Collection Set: 23.7ms
[2023-11-17T18:07:44.896+0000][gc,phases     ] GC(424)   Post Evacuate Collection Set: 0.5ms
[2023-11-17T18:07:44.896+0000][gc,phases     ] GC(424)   Other: 0.2ms
[2023-11-17T18:07:44.896+0000][gc,heap       ] GC(424) Eden regions: 33->0(30)
[2023-11-17T18:07:44.896+0000][gc,heap       ] GC(424) Survivor regions: 3->5(5)
[2023-11-17T18:07:44.896+0000][gc,heap       ] GC(424) Old regions: 147->151
[2023-11-17T18:07:44.896+0000][gc,heap       ] GC(424) Humongous regions: 147->147
[2023-11-17T18:07:44.896+0000][gc,metaspace  ] GC(424) Metaspace: 44749K(47512K)->44749K(47512K) NonClass: 39483K(40960K)->39483K(40960K) Class: 5266K(6552K)->5266K(6552K)
[2023-11-17T18:07:44.896+0000][gc            ] GC(424) Pause Young (Normal) (G1 Evacuation Pause) 328M->300M(512M) 24.569ms
[2023-11-17T18:07:44.896+0000][gc,cpu        ] GC(424) User=0.04s Sys=0.00s Real=0.03s
[2023-11-17T18:09:34.018+0000][gc,start      ] GC(425) Pause Young (Normal) (G1 Evacuation Pause)
[2023-11-17T18:09:34.018+0000][gc,task       ] GC(425) Using 2 workers of 2 for evacuation
[2023-11-17T18:09:34.034+0000][gc,phases     ] GC(425)   Pre Evacuate Collection Set: 0.0ms
[2023-11-17T18:09:34.034+0000][gc,phases     ] GC(425)   Evacuate Collection Set: 16.1ms
[2023-11-17T18:09:34.034+0000][gc,phases     ] GC(425)   Post Evacuate Collection Set: 0.4ms
[2023-11-17T18:09:34.034+0000][gc,phases     ] GC(425)   Other: 0.2ms
[2023-11-17T18:09:34.034+0000][gc,heap       ] GC(425) Eden regions: 30->0(30)
[2023-11-17T18:09:34.034+0000][gc,heap       ] GC(425) Survivor regions: 5->4(5)
[2023-11-17T18:09:34.034+0000][gc,heap       ] GC(425) Old regions: 151->153
[2023-11-17T18:09:34.034+0000][gc,heap       ] GC(425) Humongous regions: 147->147
[2023-11-17T18:09:34.034+0000][gc,metaspace  ] GC(425) Metaspace: 44749K(47512K)->44749K(47512K) NonClass: 39483K(40960K)->39483K(40960K) Class: 5266K(6552K)->5266K(6552K)
[2023-11-17T18:09:34.034+0000][gc            ] GC(425) Pause Young (Normal) (G1 Evacuation Pause) 330M->302M(512M) 16.792ms
[2023-11-17T18:09:34.034+0000][gc,cpu        ] GC(425) User=0.03s Sys=0.00s Real=0.02s
[2023-11-17T18:11:16.220+0000][gc,start      ] GC(426) Pause Young (Normal) (G1 Evacuation Pause)
[2023-11-17T18:11:16.220+0000][gc,task       ] GC(426) Using 2 workers of 2 for evacuation
[2023-11-17T18:11:16.232+0000][gc,phases     ] GC(426)   Pre Evacuate Collection Set: 0.0ms
[2023-11-17T18:11:16.232+0000][gc,phases     ] GC(426)   Evacuate Collection Set: 11.7ms
[2023-11-17T18:11:16.232+0000][gc,phases     ] GC(426)   Post Evacuate Collection Set: 0.6ms
[2023-11-17T18:11:16.232+0000][gc,phases     ] GC(426)   Other: 0.2ms
[2023-11-17T18:11:16.232+0000][gc,heap       ] GC(426) Eden regions: 26->0(30)
[2023-11-17T18:11:16.232+0000][gc,heap       ] GC(426) Survivor regions: 4->3(4)
[2023-11-17T18:11:16.232+0000][gc,heap       ] GC(426) Old regions: 153->157
[2023-11-17T18:11:16.232+0000][gc,heap       ] GC(426) Humongous regions: 147->147
[2023-11-17T18:11:16.232+0000][gc,metaspace  ] GC(426) Metaspace: 44749K(47512K)->44749K(47512K) NonClass: 39483K(40960K)->39483K(40960K) Class: 5266K(6552K)->5266K(6552K)
[2023-11-17T18:11:16.232+0000][gc            ] GC(426) Pause Young (Normal) (G1 Evacuation Pause) 328M->305M(512M) 12.548ms
[2023-11-17T18:11:16.232+0000][gc,cpu        ] GC(426) User=0.02s Sys=0.00s Real=0.01s
[2023-11-17T18:13:13.302+0000][gc,start      ] GC(427) Pause Young (Normal) (G1 Evacuation Pause)
[2023-11-17T18:13:13.302+0000][gc,task       ] GC(427) Using 2 workers of 2 for evacuation
[2023-11-17T18:13:13.316+0000][gc,phases     ] GC(427)   Pre Evacuate Collection Set: 0.0ms
[2023-11-17T18:13:13.316+0000][gc,phases     ] GC(427)   Evacuate Collection Set: 12.7ms
[2023-11-17T18:13:13.316+0000][gc,phases     ] GC(427)   Post Evacuate Collection Set: 0.4ms
[2023-11-17T18:13:13.316+0000][gc,phases     ] GC(427)   Other: 0.2ms
[2023-11-17T18:13:13.316+0000][gc,heap       ] GC(427) Eden regions: 30->0(32)
[2023-11-17T18:13:13.316+0000][gc,heap       ] GC(427) Survivor regions: 3->4(5)
[2023-11-17T18:13:13.316+0000][gc,heap       ] GC(427) Old regions: 157->158
[2023-11-17T18:13:13.316+0000][gc,heap       ] GC(427) Humongous regions: 147->147
[2023-11-17T18:13:13.316+0000][gc,metaspace  ] GC(427) Metaspace: 44749K(47512K)->44749K(47512K) NonClass: 39483K(40960K)->39483K(40960K) Class: 5266K(6552K)->5266K(6552K)
[2023-11-17T18:13:13.316+0000][gc            ] GC(427) Pause Young (Normal) (G1 Evacuation Pause) 335M->307M(512M) 13.906ms
[2023-11-17T18:13:13.316+0000][gc,cpu        ] GC(427) User=0.03s Sys=0.00s Real=0.02s
[2023-11-17T18:15:19.432+0000][gc,start      ] GC(428) Pause Young (Normal) (G1 Evacuation Pause)
[2023-11-17T18:15:19.432+0000][gc,task       ] GC(428) Using 2 workers of 2 for evacuation
[2023-11-17T18:15:19.445+0000][gc,phases     ] GC(428)   Pre Evacuate Collection Set: 0.0ms
[2023-11-17T18:15:19.445+0000][gc,phases     ] GC(428)   Evacuate Collection Set: 12.3ms
[2023-11-17T18:15:19.445+0000][gc,phases     ] GC(428)   Post Evacuate Collection Set: 0.4ms
[2023-11-17T18:15:19.445+0000][gc,phases     ] GC(428)   Other: 0.2ms
[2023-11-17T18:15:19.445+0000][gc,heap       ] GC(428) Eden regions: 32->0(33)
[2023-11-17T18:15:19.445+0000][gc,heap       ] GC(428) Survivor regions: 4->3(5)
[2023-11-17T18:15:19.445+0000][gc,heap       ] GC(428) Old regions: 158->160
[2023-11-17T18:15:19.445+0000][gc,heap       ] GC(428) Humongous regions: 147->147
[2023-11-17T18:15:19.445+0000][gc,metaspace  ] GC(428) Metaspace: 44749K(47512K)->44749K(47512K) NonClass: 39483K(40960K)->39483K(40960K) Class: 5266K(6552K)->5266K(6552K)
[2023-11-17T18:15:19.445+0000][gc            ] GC(428) Pause Young (Normal) (G1 Evacuation Pause) 339M->307M(512M) 13.040ms
[2023-11-17T18:15:19.445+0000][gc,cpu        ] GC(428) User=0.03s Sys=0.00s Real=0.01s
[2023-11-17T18:17:29.592+0000][gc,start      ] GC(429) Pause Young (Normal) (G1 Evacuation Pause)
[2023-11-17T18:17:29.592+0000][gc,task       ] GC(429) Using 2 workers of 2 for evacuation
[2023-11-17T18:17:29.605+0000][gc,phases     ] GC(429)   Pre Evacuate Collection Set: 0.0ms
[2023-11-17T18:17:29.605+0000][gc,phases     ] GC(429)   Evacuate Collection Set: 12.4ms
[2023-11-17T18:17:29.605+0000][gc,phases     ] GC(429)   Post Evacuate Collection Set: 0.4ms
[2023-11-17T18:17:29.605+0000][gc,phases     ] GC(429)   Other: 0.3ms
[2023-11-17T18:17:29.605+0000][gc,heap       ] GC(429) Eden regions: 33->0(35)
[2023-11-17T18:17:29.605+0000][gc,heap       ] GC(429) Survivor regions: 3->3(5)
[2023-11-17T18:17:29.605+0000][gc,heap       ] GC(429) Old regions: 160->161
[2023-11-17T18:17:29.605+0000][gc,heap       ] GC(429) Humongous regions: 147->147
[2023-11-17T18:17:29.605+0000][gc,metaspace  ] GC(429) Metaspace: 44749K(47512K)->44749K(47512K) NonClass: 39483K(40960K)->39483K(40960K) Class: 5266K(6552K)->5266K(6552K)
[2023-11-17T18:17:29.605+0000][gc            ] GC(429) Pause Young (Normal) (G1 Evacuation Pause) 340M->308M(512M) 13.275ms
[2023-11-17T18:17:29.605+0000][gc,cpu        ] GC(429) User=0.03s Sys=0.01s Real=0.01s
[2023-11-17T18:19:46.220+0000][gc,start      ] GC(430) Pause Young (Normal) (G1 Evacuation Pause)
[2023-11-17T18:19:46.220+0000][gc,task       ] GC(430) Using 2 workers of 2 for evacuation
[2023-11-17T18:19:46.230+0000][gc,phases     ] GC(430)   Pre Evacuate Collection Set: 0.0ms
[2023-11-17T18:19:46.230+0000][gc,phases     ] GC(430)   Evacuate Collection Set: 10.0ms
[2023-11-17T18:19:46.230+0000][gc,phases     ] GC(430)   Post Evacuate Collection Set: 0.4ms
[2023-11-17T18:19:46.230+0000][gc,phases     ] GC(430)   Other: 0.2ms
[2023-11-17T18:19:46.230+0000][gc,heap       ] GC(430) Eden regions: 35->0(37)
[2023-11-17T18:19:46.230+0000][gc,heap       ] GC(430) Survivor regions: 3->3(5)
[2023-11-17T18:19:46.230+0000][gc,heap       ] GC(430) Old regions: 161->161
[2023-11-17T18:19:46.230+0000][gc,heap       ] GC(430) Humongous regions: 147->147
[2023-11-17T18:19:46.230+0000][gc,metaspace  ] GC(430) Metaspace: 44749K(47512K)->44749K(47512K) NonClass: 39483K(40960K)->39483K(40960K) Class: 5266K(6552K)->5266K(6552K)
[2023-11-17T18:19:46.230+0000][gc            ] GC(430) Pause Young (Normal) (G1 Evacuation Pause) 343M->309M(512M) 10.733ms
[2023-11-17T18:19:46.230+0000][gc,cpu        ] GC(430) User=0.02s Sys=0.00s Real=0.01s
[2023-11-17T18:22:12.952+0000][gc,start      ] GC(431) Pause Young (Normal) (G1 Evacuation Pause)
[2023-11-17T18:22:12.952+0000][gc,task       ] GC(431) Using 2 workers of 2 for evacuation
[2023-11-17T18:22:12.983+0000][gc,mmu        ] GC(431) MMU target violated: 21.0ms (20.0ms/21.0ms)
[2023-11-17T18:22:12.983+0000][gc,phases     ] GC(431)   Pre Evacuate Collection Set: 0.0ms
[2023-11-17T18:22:12.983+0000][gc,phases     ] GC(431)   Evacuate Collection Set: 30.4ms
[2023-11-17T18:22:12.983+0000][gc,phases     ] GC(431)   Post Evacuate Collection Set: 0.6ms
[2023-11-17T18:22:12.983+0000][gc,phases     ] GC(431)   Other: 0.3ms
[2023-11-17T18:22:12.983+0000][gc,heap       ] GC(431) Eden regions: 37->0(30)
[2023-11-17T18:22:12.983+0000][gc,heap       ] GC(431) Survivor regions: 3->5(5)
[2023-11-17T18:22:12.983+0000][gc,heap       ] GC(431) Old regions: 161->163
[2023-11-17T18:22:12.983+0000][gc,heap       ] GC(431) Humongous regions: 147->147
[2023-11-17T18:22:12.983+0000][gc,metaspace  ] GC(431) Metaspace: 44749K(47512K)->44749K(47512K) NonClass: 39483K(40960K)->39483K(40960K) Class: 5266K(6552K)->5266K(6552K)
[2023-11-17T18:22:12.983+0000][gc            ] GC(431) Pause Young (Normal) (G1 Evacuation Pause) 346M->313M(512M) 31.306ms
[2023-11-17T18:22:12.983+0000][gc,cpu        ] GC(431) User=0.06s Sys=0.01s Real=0.03s
[2023-11-17T18:24:10.047+0000][gc,start      ] GC(432) Pause Young (Normal) (G1 Evacuation Pause)
[2023-11-17T18:24:10.047+0000][gc,task       ] GC(432) Using 2 workers of 2 for evacuation
[2023-11-17T18:24:10.063+0000][gc,phases     ] GC(432)   Pre Evacuate Collection Set: 0.0ms
[2023-11-17T18:24:10.063+0000][gc,phases     ] GC(432)   Evacuate Collection Set: 15.3ms
[2023-11-17T18:24:10.063+0000][gc,phases     ] GC(432)   Post Evacuate Collection Set: 0.4ms
[2023-11-17T18:24:10.063+0000][gc,phases     ] GC(432)   Other: 0.2ms
[2023-11-17T18:24:10.063+0000][gc,heap       ] GC(432) Eden regions: 30->0(31)
[2023-11-17T18:24:10.063+0000][gc,heap       ] GC(432) Survivor regions: 5->4(5)
[2023-11-17T18:24:10.063+0000][gc,heap       ] GC(432) Old regions: 163->166
[2023-11-17T18:24:10.063+0000][gc,heap       ] GC(432) Humongous regions: 147->147
[2023-11-17T18:24:10.063+0000][gc,metaspace  ] GC(432) Metaspace: 44749K(47512K)->44749K(47512K) NonClass: 39483K(40960K)->39483K(40960K) Class: 5266K(6552K)->5266K(6552K)
[2023-11-17T18:24:10.063+0000][gc            ] GC(432) Pause Young (Normal) (G1 Evacuation Pause) 343M->314M(512M) 15.943ms
[2023-11-17T18:24:10.063+0000][gc,cpu        ] GC(432) User=0.03s Sys=0.00s Real=0.01s
[2023-11-17T18:26:11.288+0000][gc,start      ] GC(433) Pause Young (Normal) (G1 Evacuation Pause)
[2023-11-17T18:26:11.288+0000][gc,task       ] GC(433) Using 2 workers of 2 for evacuation
[2023-11-17T18:26:11.302+0000][gc,phases     ] GC(433)   Pre Evacuate Collection Set: 0.0ms
[2023-11-17T18:26:11.302+0000][gc,phases     ] GC(433)   Evacuate Collection Set: 13.4ms
[2023-11-17T18:26:11.302+0000][gc,phases     ] GC(433)   Post Evacuate Collection Set: 1.0ms
[2023-11-17T18:26:11.302+0000][gc,phases     ] GC(433)   Other: 0.3ms
[2023-11-17T18:26:11.302+0000][gc,heap       ] GC(433) Eden regions: 31->0(32)
[2023-11-17T18:26:11.302+0000][gc,heap       ] GC(433) Survivor regions: 4->3(5)
[2023-11-17T18:26:11.302+0000][gc,heap       ] GC(433) Old regions: 166->168
[2023-11-17T18:26:11.302+0000][gc,heap       ] GC(433) Humongous regions: 147->147
[2023-11-17T18:26:11.302+0000][gc,metaspace  ] GC(433) Metaspace: 44749K(47512K)->44749K(47512K) NonClass: 39483K(40960K)->39483K(40960K) Class: 5266K(6552K)->5266K(6552K)
[2023-11-17T18:26:11.302+0000][gc            ] GC(433) Pause Young (Normal) (G1 Evacuation Pause) 345M->315M(512M) 14.644ms
[2023-11-17T18:26:11.302+0000][gc,cpu        ] GC(433) User=0.03s Sys=0.00s Real=0.01s
[2023-11-17T18:28:08.974+0000][gc,start      ] GC(434) Pause Young (Normal) (G1 Evacuation Pause)
[2023-11-17T18:28:08.974+0000][gc,task       ] GC(434) Using 2 workers of 2 for evacuation
[2023-11-17T18:28:08.985+0000][gc,phases     ] GC(434)   Pre Evacuate Collection Set: 0.0ms
[2023-11-17T18:28:08.985+0000][gc,phases     ] GC(434)   Evacuate Collection Set: 10.9ms
[2023-11-17T18:28:08.985+0000][gc,phases     ] GC(434)   Post Evacuate Collection Set: 0.3ms
[2023-11-17T18:28:08.985+0000][gc,phases     ] GC(434)   Other: 0.2ms
[2023-11-17T18:28:08.985+0000][gc,heap       ] GC(434) Eden regions: 30->0(34)
[2023-11-17T18:28:08.985+0000][gc,heap       ] GC(434) Survivor regions: 3->3(5)
[2023-11-17T18:28:08.985+0000][gc,heap       ] GC(434) Old regions: 168->168
[2023-11-17T18:28:08.985+0000][gc,heap       ] GC(434) Humongous regions: 147->147
[2023-11-17T18:28:08.985+0000][gc,metaspace  ] GC(434) Metaspace: 44749K(47512K)->44749K(47512K) NonClass: 39483K(40960K)->39483K(40960K) Class: 5266K(6552K)->5266K(6552K)
[2023-11-17T18:28:08.985+0000][gc            ] GC(434) Pause Young (Normal) (G1 Evacuation Pause) 345M->315M(512M) 11.575ms
[2023-11-17T18:28:08.985+0000][gc,cpu        ] GC(434) User=0.02s Sys=0.00s Real=0.01s
[2023-11-17T18:30:22.620+0000][gc,start      ] GC(435) Pause Young (Normal) (G1 Evacuation Pause)
[2023-11-17T18:30:22.620+0000][gc,task       ] GC(435) Using 2 workers of 2 for evacuation
[2023-11-17T18:30:22.638+0000][gc,phases     ] GC(435)   Pre Evacuate Collection Set: 0.0ms
[2023-11-17T18:30:22.638+0000][gc,phases     ] GC(435)   Evacuate Collection Set: 18.1ms
[2023-11-17T18:30:22.638+0000][gc,phases     ] GC(435)   Post Evacuate Collection Set: 0.3ms
[2023-11-17T18:30:22.638+0000][gc,phases     ] GC(435)   Other: 0.2ms
[2023-11-17T18:30:22.639+0000][gc,heap       ] GC(435) Eden regions: 34->0(33)
[2023-11-17T18:30:22.639+0000][gc,heap       ] GC(435) Survivor regions: 3->5(5)
[2023-11-17T18:30:22.639+0000][gc,heap       ] GC(435) Old regions: 168->169
[2023-11-17T18:30:22.639+0000][gc,heap       ] GC(435) Humongous regions: 147->147
[2023-11-17T18:30:22.639+0000][gc,metaspace  ] GC(435) Metaspace: 44749K(47512K)->44749K(47512K) NonClass: 39483K(40960K)->39483K(40960K) Class: 5266K(6552K)->5266K(6552K)
[2023-11-17T18:30:22.639+0000][gc            ] GC(435) Pause Young (Normal) (G1 Evacuation Pause) 349M->319M(512M) 18.723ms
[2023-11-17T18:30:22.639+0000][gc,cpu        ] GC(435) User=0.04s Sys=0.00s Real=0.02s
[2023-11-17T18:32:32.231+0000][gc,start      ] GC(436) Pause Young (Normal) (G1 Evacuation Pause)
[2023-11-17T18:32:32.231+0000][gc,task       ] GC(436) Using 2 workers of 2 for evacuation
[2023-11-17T18:32:32.246+0000][gc,phases     ] GC(436)   Pre Evacuate Collection Set: 0.0ms
[2023-11-17T18:32:32.246+0000][gc,phases     ] GC(436)   Evacuate Collection Set: 15.3ms
[2023-11-17T18:32:32.246+0000][gc,phases     ] GC(436)   Post Evacuate Collection Set: 0.3ms
[2023-11-17T18:32:32.246+0000][gc,phases     ] GC(436)   Other: 0.2ms
[2023-11-17T18:32:32.246+0000][gc,heap       ] GC(436) Eden regions: 33->0(34)
[2023-11-17T18:32:32.246+0000][gc,heap       ] GC(436) Survivor regions: 5->4(5)
[2023-11-17T18:32:32.246+0000][gc,heap       ] GC(436) Old regions: 169->172
[2023-11-17T18:32:32.246+0000][gc,heap       ] GC(436) Humongous regions: 147->147
[2023-11-17T18:32:32.246+0000][gc,metaspace  ] GC(436) Metaspace: 44749K(47512K)->44749K(47512K) NonClass: 39483K(40960K)->39483K(40960K) Class: 5266K(6552K)->5266K(6552K)
[2023-11-17T18:32:32.246+0000][gc            ] GC(436) Pause Young (Normal) (G1 Evacuation Pause) 352M->320M(512M) 15.913ms
[2023-11-17T18:32:32.247+0000][gc,cpu        ] GC(436) User=0.03s Sys=0.00s Real=0.02s
[2023-11-17T18:34:45.167+0000][gc,start      ] GC(437) Pause Young (Normal) (G1 Evacuation Pause)
[2023-11-17T18:34:45.167+0000][gc,task       ] GC(437) Using 2 workers of 2 for evacuation
[2023-11-17T18:34:45.183+0000][gc,phases     ] GC(437)   Pre Evacuate Collection Set: 0.0ms
[2023-11-17T18:34:45.183+0000][gc,phases     ] GC(437)   Evacuate Collection Set: 15.6ms
[2023-11-17T18:34:45.183+0000][gc,phases     ] GC(437)   Post Evacuate Collection Set: 0.3ms
[2023-11-17T18:34:45.184+0000][gc,phases     ] GC(437)   Other: 0.2ms
[2023-11-17T18:34:45.184+0000][gc,heap       ] GC(437) Eden regions: 34->0(34)
[2023-11-17T18:34:45.184+0000][gc,heap       ] GC(437) Survivor regions: 4->3(5)
[2023-11-17T18:34:45.184+0000][gc,heap       ] GC(437) Old regions: 172->173
[2023-11-17T18:34:45.184+0000][gc,heap       ] GC(437) Humongous regions: 147->147
[2023-11-17T18:34:45.184+0000][gc,metaspace  ] GC(437) Metaspace: 44750K(47512K)->44750K(47512K) NonClass: 39484K(40960K)->39484K(40960K) Class: 5266K(6552K)->5266K(6552K)
[2023-11-17T18:34:45.184+0000][gc            ] GC(437) Pause Young (Normal) (G1 Evacuation Pause) 354M->321M(512M) 16.239ms
[2023-11-17T18:34:45.184+0000][gc,cpu        ] GC(437) User=0.03s Sys=0.00s Real=0.01s
[2023-11-17T18:36:54.563+0000][gc,start      ] GC(438) Pause Young (Normal) (G1 Evacuation Pause)
[2023-11-17T18:36:54.563+0000][gc,task       ] GC(438) Using 2 workers of 2 for evacuation
[2023-11-17T18:36:54.574+0000][gc,phases     ] GC(438)   Pre Evacuate Collection Set: 0.0ms
[2023-11-17T18:36:54.574+0000][gc,phases     ] GC(438)   Evacuate Collection Set: 10.5ms
[2023-11-17T18:36:54.574+0000][gc,phases     ] GC(438)   Post Evacuate Collection Set: 0.3ms
[2023-11-17T18:36:54.574+0000][gc,phases     ] GC(438)   Other: 0.2ms
[2023-11-17T18:36:54.574+0000][gc,heap       ] GC(438) Eden regions: 33->0(36)
[2023-11-17T18:36:54.574+0000][gc,heap       ] GC(438) Survivor regions: 3->2(5)
[2023-11-17T18:36:54.574+0000][gc,heap       ] GC(438) Old regions: 173->175
[2023-11-17T18:36:54.574+0000][gc,heap       ] GC(438) Humongous regions: 147->147
[2023-11-17T18:36:54.574+0000][gc,metaspace  ] GC(438) Metaspace: 44750K(47512K)->44750K(47512K) NonClass: 39484K(40960K)->39484K(40960K) Class: 5266K(6552K)->5266K(6552K)
[2023-11-17T18:36:54.574+0000][gc            ] GC(438) Pause Young (Normal) (G1 Evacuation Pause) 354M->322M(512M) 11.133ms
[2023-11-17T18:36:54.574+0000][gc,cpu        ] GC(438) User=0.02s Sys=0.00s Real=0.02s
[2023-11-17T18:39:15.146+0000][gc,start      ] GC(439) Pause Young (Normal) (G1 Evacuation Pause)
[2023-11-17T18:39:15.146+0000][gc,task       ] GC(439) Using 2 workers of 2 for evacuation
[2023-11-17T18:39:15.160+0000][gc,phases     ] GC(439)   Pre Evacuate Collection Set: 0.0ms
[2023-11-17T18:39:15.160+0000][gc,phases     ] GC(439)   Evacuate Collection Set: 13.1ms
[2023-11-17T18:39:15.160+0000][gc,phases     ] GC(439)   Post Evacuate Collection Set: 0.7ms
[2023-11-17T18:39:15.160+0000][gc,phases     ] GC(439)   Other: 0.3ms
[2023-11-17T18:39:15.160+0000][gc,heap       ] GC(439) Eden regions: 36->0(37)
[2023-11-17T18:39:15.160+0000][gc,heap       ] GC(439) Survivor regions: 2->4(5)
[2023-11-17T18:39:15.160+0000][gc,heap       ] GC(439) Old regions: 175->175
[2023-11-17T18:39:15.160+0000][gc,heap       ] GC(439) Humongous regions: 147->147
[2023-11-17T18:39:15.160+0000][gc,metaspace  ] GC(439) Metaspace: 44750K(47512K)->44750K(47512K) NonClass: 39484K(40960K)->39484K(40960K) Class: 5266K(6552K)->5266K(6552K)
[2023-11-17T18:39:15.160+0000][gc            ] GC(439) Pause Young (Normal) (G1 Evacuation Pause) 358M->323M(512M) 14.276ms
[2023-11-17T18:39:15.160+0000][gc,cpu        ] GC(439) User=0.02s Sys=0.00s Real=0.01s
[2023-11-17T18:41:41.220+0000][gc,start      ] GC(440) Pause Young (Normal) (G1 Evacuation Pause)
[2023-11-17T18:41:41.220+0000][gc,task       ] GC(440) Using 2 workers of 2 for evacuation
[2023-11-17T18:41:41.236+0000][gc,phases     ] GC(440)   Pre Evacuate Collection Set: 0.0ms
[2023-11-17T18:41:41.236+0000][gc,phases     ] GC(440)   Evacuate Collection Set: 16.2ms
[2023-11-17T18:41:41.236+0000][gc,phases     ] GC(440)   Post Evacuate Collection Set: 0.3ms
[2023-11-17T18:41:41.236+0000][gc,phases     ] GC(440)   Other: 0.2ms
[2023-11-17T18:41:41.236+0000][gc,heap       ] GC(440) Eden regions: 37->0(36)
[2023-11-17T18:41:41.236+0000][gc,heap       ] GC(440) Survivor regions: 4->6(6)
[2023-11-17T18:41:41.236+0000][gc,heap       ] GC(440) Old regions: 175->176
[2023-11-17T18:41:41.236+0000][gc,heap       ] GC(440) Humongous regions: 147->147
[2023-11-17T18:41:41.236+0000][gc,metaspace  ] GC(440) Metaspace: 44750K(47512K)->44750K(47512K) NonClass: 39484K(40960K)->39484K(40960K) Class: 5266K(6552K)->5266K(6552K)
[2023-11-17T18:41:41.236+0000][gc            ] GC(440) Pause Young (Normal) (G1 Evacuation Pause) 360M->327M(512M) 16.860ms
[2023-11-17T18:41:41.236+0000][gc,cpu        ] GC(440) User=0.03s Sys=0.00s Real=0.02s
[2023-11-17T18:44:02.927+0000][gc,start      ] GC(441) Pause Young (Normal) (G1 Evacuation Pause)
[2023-11-17T18:44:02.927+0000][gc,task       ] GC(441) Using 2 workers of 2 for evacuation
[2023-11-17T18:44:02.951+0000][gc,mmu        ] GC(441) MMU target violated: 21.0ms (20.0ms/21.0ms)
[2023-11-17T18:44:02.951+0000][gc,phases     ] GC(441)   Pre Evacuate Collection Set: 0.0ms
[2023-11-17T18:44:02.951+0000][gc,phases     ] GC(441)   Evacuate Collection Set: 23.6ms
[2023-11-17T18:44:02.951+0000][gc,phases     ] GC(441)   Post Evacuate Collection Set: 0.4ms
[2023-11-17T18:44:02.951+0000][gc,phases     ] GC(441)   Other: 0.3ms
[2023-11-17T18:44:02.951+0000][gc,heap       ] GC(441) Eden regions: 36->0(35)
[2023-11-17T18:44:02.951+0000][gc,heap       ] GC(441) Survivor regions: 6->4(6)
[2023-11-17T18:44:02.951+0000][gc,heap       ] GC(441) Old regions: 176->180
[2023-11-17T18:44:02.951+0000][gc,heap       ] GC(441) Humongous regions: 147->147
[2023-11-17T18:44:02.951+0000][gc,metaspace  ] GC(441) Metaspace: 44750K(47512K)->44750K(47512K) NonClass: 39484K(40960K)->39484K(40960K) Class: 5266K(6552K)->5266K(6552K)
[2023-11-17T18:44:02.951+0000][gc            ] GC(441) Pause Young (Normal) (G1 Evacuation Pause) 363M->328M(512M) 24.262ms
[2023-11-17T18:44:02.951+0000][gc,cpu        ] GC(441) User=0.05s Sys=0.00s Real=0.02s
[2023-11-17T18:46:20.345+0000][gc,start      ] GC(442) Pause Young (Normal) (G1 Evacuation Pause)
[2023-11-17T18:46:20.345+0000][gc,task       ] GC(442) Using 2 workers of 2 for evacuation
[2023-11-17T18:46:20.357+0000][gc,phases     ] GC(442)   Pre Evacuate Collection Set: 0.0ms
[2023-11-17T18:46:20.357+0000][gc,phases     ] GC(442)   Evacuate Collection Set: 12.2ms
[2023-11-17T18:46:20.357+0000][gc,phases     ] GC(442)   Post Evacuate Collection Set: 0.3ms
[2023-11-17T18:46:20.357+0000][gc,phases     ] GC(442)   Other: 0.2ms
[2023-11-17T18:46:20.357+0000][gc,heap       ] GC(442) Eden regions: 35->0(37)
[2023-11-17T18:46:20.357+0000][gc,heap       ] GC(442) Survivor regions: 4->4(5)
[2023-11-17T18:46:20.357+0000][gc,heap       ] GC(442) Old regions: 180->181
[2023-11-17T18:46:20.357+0000][gc,heap       ] GC(442) Humongous regions: 147->147
[2023-11-17T18:46:20.357+0000][gc,metaspace  ] GC(442) Metaspace: 44750K(47512K)->44750K(47512K) NonClass: 39484K(40960K)->39484K(40960K) Class: 5266K(6552K)->5266K(6552K)
[2023-11-17T18:46:20.357+0000][gc            ] GC(442) Pause Young (Normal) (G1 Evacuation Pause) 363M->329M(512M) 12.791ms
[2023-11-17T18:46:20.357+0000][gc,cpu        ] GC(442) User=0.02s Sys=0.00s Real=0.02s
[2023-11-17T18:48:45.116+0000][gc,start      ] GC(443) Pause Young (Normal) (G1 Evacuation Pause)
[2023-11-17T18:48:45.116+0000][gc,task       ] GC(443) Using 2 workers of 2 for evacuation
[2023-11-17T18:48:45.129+0000][gc,phases     ] GC(443)   Pre Evacuate Collection Set: 0.0ms
[2023-11-17T18:48:45.129+0000][gc,phases     ] GC(443)   Evacuate Collection Set: 12.9ms
[2023-11-17T18:48:45.129+0000][gc,phases     ] GC(443)   Post Evacuate Collection Set: 0.3ms
[2023-11-17T18:48:45.129+0000][gc,phases     ] GC(443)   Other: 0.2ms
[2023-11-17T18:48:45.129+0000][gc,heap       ] GC(443) Eden regions: 37->0(38)
[2023-11-17T18:48:45.129+0000][gc,heap       ] GC(443) Survivor regions: 4->3(6)
[2023-11-17T18:48:45.129+0000][gc,heap       ] GC(443) Old regions: 181->183
[2023-11-17T18:48:45.129+0000][gc,heap       ] GC(443) Humongous regions: 147->147
[2023-11-17T18:48:45.129+0000][gc,metaspace  ] GC(443) Metaspace: 44750K(47512K)->44750K(47512K) NonClass: 39484K(40960K)->39484K(40960K) Class: 5266K(6552K)->5266K(6552K)
[2023-11-17T18:48:45.129+0000][gc            ] GC(443) Pause Young (Normal) (G1 Evacuation Pause) 366M->331M(512M) 13.471ms
[2023-11-17T18:48:45.129+0000][gc,cpu        ] GC(443) User=0.02s Sys=0.00s Real=0.01s
[2023-11-17T18:51:06.821+0000][gc,start      ] GC(444) Pause Young (Normal) (G1 Evacuation Pause)
[2023-11-17T18:51:06.821+0000][gc,task       ] GC(444) Using 2 workers of 2 for evacuation
[2023-11-17T18:51:06.838+0000][gc,phases     ] GC(444)   Pre Evacuate Collection Set: 0.0ms
[2023-11-17T18:51:06.838+0000][gc,phases     ] GC(444)   Evacuate Collection Set: 16.0ms
[2023-11-17T18:51:06.838+0000][gc,phases     ] GC(444)   Post Evacuate Collection Set: 0.4ms
[2023-11-17T18:51:06.838+0000][gc,phases     ] GC(444)   Other: 0.2ms
[2023-11-17T18:51:06.838+0000][gc,heap       ] GC(444) Eden regions: 36->0(38)
[2023-11-17T18:51:06.838+0000][gc,heap       ] GC(444) Survivor regions: 3->3(5)
[2023-11-17T18:51:06.838+0000][gc,heap       ] GC(444) Old regions: 183->184
[2023-11-17T18:51:06.838+0000][gc,heap       ] GC(444) Humongous regions: 147->147
[2023-11-17T18:51:06.838+0000][gc,metaspace  ] GC(444) Metaspace: 44750K(47512K)->44750K(47512K) NonClass: 39484K(40960K)->39484K(40960K) Class: 5266K(6552K)->5266K(6552K)
[2023-11-17T18:51:06.838+0000][gc            ] GC(444) Pause Young (Normal) (G1 Evacuation Pause) 367M->332M(512M) 16.772ms
[2023-11-17T18:51:06.838+0000][gc,cpu        ] GC(444) User=0.03s Sys=0.01s Real=0.02s
[2023-11-17T18:53:27.694+0000][gc,start      ] GC(445) Pause Young (Normal) (G1 Evacuation Pause)
[2023-11-17T18:53:27.694+0000][gc,task       ] GC(445) Using 2 workers of 2 for evacuation
[2023-11-17T18:53:27.706+0000][gc,phases     ] GC(445)   Pre Evacuate Collection Set: 0.0ms
[2023-11-17T18:53:27.706+0000][gc,phases     ] GC(445)   Evacuate Collection Set: 11.6ms
[2023-11-17T18:53:27.706+0000][gc,phases     ] GC(445)   Post Evacuate Collection Set: 0.3ms
[2023-11-17T18:53:27.706+0000][gc,phases     ] GC(445)   Other: 0.2ms
[2023-11-17T18:53:27.706+0000][gc,heap       ] GC(445) Eden regions: 36->0(40)
[2023-11-17T18:53:27.706+0000][gc,heap       ] GC(445) Survivor regions: 3->4(5)
[2023-11-17T18:53:27.706+0000][gc,heap       ] GC(445) Old regions: 184->184
[2023-11-17T18:53:27.706+0000][gc,heap       ] GC(445) Humongous regions: 147->147
[2023-11-17T18:53:27.706+0000][gc,metaspace  ] GC(445) Metaspace: 44750K(47512K)->44750K(47512K) NonClass: 39484K(40960K)->39484K(40960K) Class: 5266K(6552K)->5266K(6552K)
[2023-11-17T18:53:27.706+0000][gc            ] GC(445) Pause Young (Normal) (G1 Evacuation Pause) 368M->333M(512M) 12.255ms
[2023-11-17T18:53:27.706+0000][gc,cpu        ] GC(445) User=0.02s Sys=0.00s Real=0.01s
[2023-11-17T18:56:05.861+0000][gc,start      ] GC(446) Pause Young (Normal) (G1 Evacuation Pause)
[2023-11-17T18:56:05.861+0000][gc,task       ] GC(446) Using 2 workers of 2 for evacuation
[2023-11-17T18:56:05.901+0000][gc,mmu        ] GC(446) MMU target violated: 21.0ms (20.0ms/21.0ms)
[2023-11-17T18:56:05.902+0000][gc,phases     ] GC(446)   Pre Evacuate Collection Set: 0.0ms
[2023-11-17T18:56:05.902+0000][gc,phases     ] GC(446)   Evacuate Collection Set: 38.1ms
[2023-11-17T18:56:05.902+0000][gc,phases     ] GC(446)   Post Evacuate Collection Set: 1.8ms
[2023-11-17T18:56:05.902+0000][gc,phases     ] GC(446)   Other: 1.1ms
[2023-11-17T18:56:05.902+0000][gc,heap       ] GC(446) Eden regions: 40->0(21)
[2023-11-17T18:56:05.902+0000][gc,heap       ] GC(446) Survivor regions: 4->4(6)
[2023-11-17T18:56:05.902+0000][gc,heap       ] GC(446) Old regions: 184->186
[2023-11-17T18:56:05.902+0000][gc,heap       ] GC(446) Humongous regions: 147->147
[2023-11-17T18:56:05.902+0000][gc,metaspace  ] GC(446) Metaspace: 44750K(47512K)->44750K(47512K) NonClass: 39484K(40960K)->39484K(40960K) Class: 5266K(6552K)->5266K(6552K)
[2023-11-17T18:56:05.902+0000][gc            ] GC(446) Pause Young (Normal) (G1 Evacuation Pause) 373M->334M(512M) 41.319ms
[2023-11-17T18:56:05.902+0000][gc,cpu        ] GC(446) User=0.06s Sys=0.01s Real=0.04s
[2023-11-17T18:57:27.553+0000][gc,start      ] GC(447) Pause Young (Normal) (G1 Evacuation Pause)
[2023-11-17T18:57:27.553+0000][gc,task       ] GC(447) Using 2 workers of 2 for evacuation
[2023-11-17T18:57:27.567+0000][gc,phases     ] GC(447)   Pre Evacuate Collection Set: 0.1ms
[2023-11-17T18:57:27.567+0000][gc,phases     ] GC(447)   Evacuate Collection Set: 14.0ms
[2023-11-17T18:57:27.567+0000][gc,phases     ] GC(447)   Post Evacuate Collection Set: 0.3ms
[2023-11-17T18:57:27.567+0000][gc,phases     ] GC(447)   Other: 0.2ms
[2023-11-17T18:57:27.567+0000][gc,heap       ] GC(447) Eden regions: 21->0(21)
[2023-11-17T18:57:27.567+0000][gc,heap       ] GC(447) Survivor regions: 4->4(4)
[2023-11-17T18:57:27.567+0000][gc,heap       ] GC(447) Old regions: 186->188
[2023-11-17T18:57:27.567+0000][gc,heap       ] GC(447) Humongous regions: 147->147
[2023-11-17T18:57:27.567+0000][gc,metaspace  ] GC(447) Metaspace: 44750K(47512K)->44750K(47512K) NonClass: 39484K(40960K)->39484K(40960K) Class: 5266K(6552K)->5266K(6552K)
[2023-11-17T18:57:27.567+0000][gc            ] GC(447) Pause Young (Normal) (G1 Evacuation Pause) 355M->336M(512M) 14.730ms
[2023-11-17T18:57:27.567+0000][gc,cpu        ] GC(447) User=0.02s Sys=0.00s Real=0.02s
[2023-11-17T18:58:48.412+0000][gc,start      ] GC(448) Pause Young (Normal) (G1 Evacuation Pause)
[2023-11-17T18:58:48.412+0000][gc,task       ] GC(448) Using 2 workers of 2 for evacuation
[2023-11-17T18:58:48.434+0000][gc,mmu        ] GC(448) MMU target violated: 21.0ms (20.0ms/21.0ms)
[2023-11-17T18:58:48.434+0000][gc,phases     ] GC(448)   Pre Evacuate Collection Set: 0.0ms
[2023-11-17T18:58:48.434+0000][gc,phases     ] GC(448)   Evacuate Collection Set: 21.0ms
[2023-11-17T18:58:48.434+0000][gc,phases     ] GC(448)   Post Evacuate Collection Set: 0.4ms
[2023-11-17T18:58:48.434+0000][gc,phases     ] GC(448)   Other: 0.3ms
[2023-11-17T18:58:48.434+0000][gc,heap       ] GC(448) Eden regions: 21->0(24)
[2023-11-17T18:58:48.434+0000][gc,heap       ] GC(448) Survivor regions: 4->1(4)
[2023-11-17T18:58:48.434+0000][gc,heap       ] GC(448) Old regions: 188->190
[2023-11-17T18:58:48.434+0000][gc,heap       ] GC(448) Humongous regions: 147->147
[2023-11-17T18:58:48.434+0000][gc,metaspace  ] GC(448) Metaspace: 44750K(47512K)->44750K(47512K) NonClass: 39484K(40960K)->39484K(40960K) Class: 5266K(6552K)->5266K(6552K)
[2023-11-17T18:58:48.434+0000][gc            ] GC(448) Pause Young (Normal) (G1 Evacuation Pause) 357M->336M(512M) 21.721ms
[2023-11-17T18:58:48.434+0000][gc,cpu        ] GC(448) User=0.04s Sys=0.00s Real=0.03s
[2023-11-17T19:00:21.853+0000][gc,start      ] GC(449) Pause Young (Normal) (G1 Evacuation Pause)
[2023-11-17T19:00:21.853+0000][gc,task       ] GC(449) Using 2 workers of 2 for evacuation
[2023-11-17T19:00:21.873+0000][gc,mmu        ] GC(449) MMU target violated: 20.6ms (20.0ms/21.0ms)
[2023-11-17T19:00:21.874+0000][gc,phases     ] GC(449)   Pre Evacuate Collection Set: 0.0ms
[2023-11-17T19:00:21.874+0000][gc,phases     ] GC(449)   Evacuate Collection Set: 19.7ms
[2023-11-17T19:00:21.874+0000][gc,phases     ] GC(449)   Post Evacuate Collection Set: 0.8ms
[2023-11-17T19:00:21.874+0000][gc,phases     ] GC(449)   Other: 0.3ms
[2023-11-17T19:00:21.874+0000][gc,heap       ] GC(449) Eden regions: 24->0(21)
[2023-11-17T19:00:21.874+0000][gc,heap       ] GC(449) Survivor regions: 1->4(4)
[2023-11-17T19:00:21.874+0000][gc,heap       ] GC(449) Old regions: 190->190
[2023-11-17T19:00:21.874+0000][gc,heap       ] GC(449) Humongous regions: 147->147
[2023-11-17T19:00:21.874+0000][gc,metaspace  ] GC(449) Metaspace: 44750K(47512K)->44750K(47512K) NonClass: 39484K(40960K)->39484K(40960K) Class: 5266K(6552K)->5266K(6552K)
[2023-11-17T19:00:21.874+0000][gc            ] GC(449) Pause Young (Normal) (G1 Evacuation Pause) 360M->339M(512M) 20.822ms
[2023-11-17T19:00:21.874+0000][gc,cpu        ] GC(449) User=0.03s Sys=0.00s Real=0.03s
[2023-11-17T19:01:42.999+0000][gc,start      ] GC(450) Pause Young (Normal) (G1 Evacuation Pause)
[2023-11-17T19:01:42.999+0000][gc,task       ] GC(450) Using 2 workers of 2 for evacuation
[2023-11-17T19:01:43.010+0000][gc,phases     ] GC(450)   Pre Evacuate Collection Set: 0.0ms
[2023-11-17T19:01:43.010+0000][gc,phases     ] GC(450)   Evacuate Collection Set: 10.5ms
[2023-11-17T19:01:43.010+0000][gc,phases     ] GC(450)   Post Evacuate Collection Set: 0.3ms
[2023-11-17T19:01:43.010+0000][gc,phases     ] GC(450)   Other: 0.2ms
[2023-11-17T19:01:43.010+0000][gc,heap       ] GC(450) Eden regions: 21->0(23)
[2023-11-17T19:01:43.010+0000][gc,heap       ] GC(450) Survivor regions: 4->2(4)
[2023-11-17T19:01:43.010+0000][gc,heap       ] GC(450) Old regions: 190->192
[2023-11-17T19:01:43.010+0000][gc,heap       ] GC(450) Humongous regions: 147->147
[2023-11-17T19:01:43.010+0000][gc,metaspace  ] GC(450) Metaspace: 44750K(47512K)->44750K(47512K) NonClass: 39484K(40960K)->39484K(40960K) Class: 5266K(6552K)->5266K(6552K)
[2023-11-17T19:01:43.010+0000][gc            ] GC(450) Pause Young (Normal) (G1 Evacuation Pause) 360M->339M(512M) 11.169ms
[2023-11-17T19:01:43.010+0000][gc,cpu        ] GC(450) User=0.02s Sys=0.00s Real=0.01s
[2023-11-17T19:03:12.659+0000][gc,start      ] GC(451) Pause Young (Normal) (G1 Evacuation Pause)
[2023-11-17T19:03:12.659+0000][gc,task       ] GC(451) Using 2 workers of 2 for evacuation
[2023-11-17T19:03:12.671+0000][gc,phases     ] GC(451)   Pre Evacuate Collection Set: 0.0ms
[2023-11-17T19:03:12.671+0000][gc,phases     ] GC(451)   Evacuate Collection Set: 11.3ms
[2023-11-17T19:03:12.671+0000][gc,phases     ] GC(451)   Post Evacuate Collection Set: 0.3ms
[2023-11-17T19:03:12.671+0000][gc,phases     ] GC(451)   Other: 0.2ms
[2023-11-17T19:03:12.671+0000][gc,heap       ] GC(451) Eden regions: 23->0(23)
[2023-11-17T19:03:12.671+0000][gc,heap       ] GC(451) Survivor regions: 2->4(4)
[2023-11-17T19:03:12.671+0000][gc,heap       ] GC(451) Old regions: 192->192
[2023-11-17T19:03:12.671+0000][gc,heap       ] GC(451) Humongous regions: 147->147
[2023-11-17T19:03:12.671+0000][gc,metaspace  ] GC(451) Metaspace: 44750K(47512K)->44750K(47512K) NonClass: 39484K(40960K)->39484K(40960K) Class: 5266K(6552K)->5266K(6552K)
[2023-11-17T19:03:12.671+0000][gc            ] GC(451) Pause Young (Normal) (G1 Evacuation Pause) 362M->341M(512M) 11.894ms
[2023-11-17T19:03:12.671+0000][gc,cpu        ] GC(451) User=0.02s Sys=0.00s Real=0.01s
[2023-11-17T19:04:41.828+0000][gc,start      ] GC(452) Pause Young (Normal) (G1 Evacuation Pause)
[2023-11-17T19:04:41.828+0000][gc,task       ] GC(452) Using 2 workers of 2 for evacuation
[2023-11-17T19:04:41.839+0000][gc,phases     ] GC(452)   Pre Evacuate Collection Set: 0.0ms
[2023-11-17T19:04:41.840+0000][gc,phases     ] GC(452)   Evacuate Collection Set: 10.7ms
[2023-11-17T19:04:41.840+0000][gc,phases     ] GC(452)   Post Evacuate Collection Set: 0.3ms
[2023-11-17T19:04:41.840+0000][gc,phases     ] GC(452)   Other: 0.2ms
[2023-11-17T19:04:41.840+0000][gc,heap       ] GC(452) Eden regions: 23->0(25)
[2023-11-17T19:04:41.840+0000][gc,heap       ] GC(452) Survivor regions: 4->2(4)
[2023-11-17T19:04:41.840+0000][gc,heap       ] GC(452) Old regions: 192->194
[2023-11-17T19:04:41.840+0000][gc,heap       ] GC(452) Humongous regions: 147->147
[2023-11-17T19:04:41.840+0000][gc,metaspace  ] GC(452) Metaspace: 44750K(47512K)->44750K(47512K) NonClass: 39484K(40960K)->39484K(40960K) Class: 5266K(6552K)->5266K(6552K)
[2023-11-17T19:04:41.840+0000][gc            ] GC(452) Pause Young (Normal) (G1 Evacuation Pause) 364M->340M(512M) 11.238ms
[2023-11-17T19:04:41.840+0000][gc,cpu        ] GC(452) User=0.02s Sys=0.00s Real=0.01s
[2023-11-17T19:06:20.896+0000][gc,start      ] GC(453) Pause Young (Normal) (G1 Evacuation Pause)
[2023-11-17T19:06:20.896+0000][gc,task       ] GC(453) Using 2 workers of 2 for evacuation
[2023-11-17T19:06:20.908+0000][gc,phases     ] GC(453)   Pre Evacuate Collection Set: 0.0ms
[2023-11-17T19:06:20.908+0000][gc,phases     ] GC(453)   Evacuate Collection Set: 11.2ms
[2023-11-17T19:06:20.908+0000][gc,phases     ] GC(453)   Post Evacuate Collection Set: 0.3ms
[2023-11-17T19:06:20.908+0000][gc,phases     ] GC(453)   Other: 0.2ms
[2023-11-17T19:06:20.908+0000][gc,heap       ] GC(453) Eden regions: 25->0(26)
[2023-11-17T19:06:20.908+0000][gc,heap       ] GC(453) Survivor regions: 2->4(4)
[2023-11-17T19:06:20.908+0000][gc,heap       ] GC(453) Old regions: 194->194
[2023-11-17T19:06:20.908+0000][gc,heap       ] GC(453) Humongous regions: 147->147
[2023-11-17T19:06:20.908+0000][gc,metaspace  ] GC(453) Metaspace: 44750K(47512K)->44750K(47512K) NonClass: 39484K(40960K)->39484K(40960K) Class: 5266K(6552K)->5266K(6552K)
[2023-11-17T19:06:20.908+0000][gc            ] GC(453) Pause Young (Normal) (G1 Evacuation Pause) 365M->343M(512M) 11.755ms
[2023-11-17T19:06:20.908+0000][gc,cpu        ] GC(453) User=0.02s Sys=0.00s Real=0.01s
[2023-11-17T19:07:43.142+0000][gc,start      ] GC(454) Pause Young (Normal) (G1 Evacuation Pause)
[2023-11-17T19:07:43.143+0000][gc,task       ] GC(454) Using 2 workers of 2 for evacuation
[2023-11-17T19:07:43.164+0000][gc,mmu        ] GC(454) MMU target violated: 21.0ms (20.0ms/21.0ms)
[2023-11-17T19:07:43.164+0000][gc,phases     ] GC(454)   Pre Evacuate Collection Set: 0.0ms
[2023-11-17T19:07:43.164+0000][gc,phases     ] GC(454)   Evacuate Collection Set: 21.1ms
[2023-11-17T19:07:43.164+0000][gc,phases     ] GC(454)   Post Evacuate Collection Set: 0.3ms
[2023-11-17T19:07:43.164+0000][gc,phases     ] GC(454)   Other: 0.6ms
[2023-11-17T19:07:43.164+0000][gc,heap       ] GC(454) Eden regions: 25->0(24)
[2023-11-17T19:07:43.164+0000][gc,heap       ] GC(454) Survivor regions: 4->4(4)
[2023-11-17T19:07:43.164+0000][gc,heap       ] GC(454) Old regions: 194->196
[2023-11-17T19:07:43.164+0000][gc,heap       ] GC(454) Humongous regions: 147->147
[2023-11-17T19:07:43.165+0000][gc,metaspace  ] GC(454) Metaspace: 44750K(47512K)->44750K(47512K) NonClass: 39484K(40960K)->39484K(40960K) Class: 5266K(6552K)->5266K(6552K)
[2023-11-17T19:07:43.165+0000][gc            ] GC(454) Pause Young (Normal) (G1 Evacuation Pause) 368M->345M(512M) 22.033ms
[2023-11-17T19:07:43.165+0000][gc,cpu        ] GC(454) User=0.04s Sys=0.00s Real=0.02s
[2023-11-17T19:08:58.063+0000][gc,start      ] GC(455) Pause Young (Normal) (G1 Evacuation Pause)
[2023-11-17T19:08:58.063+0000][gc,task       ] GC(455) Using 2 workers of 2 for evacuation
[2023-11-17T19:08:58.083+0000][gc,phases     ] GC(455)   Pre Evacuate Collection Set: 0.0ms
[2023-11-17T19:08:58.083+0000][gc,phases     ] GC(455)   Evacuate Collection Set: 19.3ms
[2023-11-17T19:08:58.083+0000][gc,phases     ] GC(455)   Post Evacuate Collection Set: 0.4ms
[2023-11-17T19:08:58.083+0000][gc,phases     ] GC(455)   Other: 0.2ms
[2023-11-17T19:08:58.083+0000][gc,heap       ] GC(455) Eden regions: 21->0(22)
[2023-11-17T19:08:58.083+0000][gc,heap       ] GC(455) Survivor regions: 4->4(4)
[2023-11-17T19:08:58.083+0000][gc,heap       ] GC(455) Old regions: 196->200
[2023-11-17T19:08:58.083+0000][gc,heap       ] GC(455) Humongous regions: 147->147
[2023-11-17T19:08:58.083+0000][gc,metaspace  ] GC(455) Metaspace: 44750K(47512K)->44750K(47512K) NonClass: 39484K(40960K)->39484K(40960K) Class: 5266K(6552K)->5266K(6552K)
[2023-11-17T19:08:58.083+0000][gc            ] GC(455) Pause Young (Normal) (G1 Evacuation Pause) 366M->348M(512M) 19.962ms
[2023-11-17T19:08:58.083+0000][gc,cpu        ] GC(455) User=0.03s Sys=0.00s Real=0.02s
[2023-11-17T19:10:22.419+0000][gc,start      ] GC(456) Pause Young (Normal) (G1 Evacuation Pause)
[2023-11-17T19:10:22.419+0000][gc,task       ] GC(456) Using 2 workers of 2 for evacuation
[2023-11-17T19:10:22.432+0000][gc,phases     ] GC(456)   Pre Evacuate Collection Set: 0.0ms
[2023-11-17T19:10:22.432+0000][gc,phases     ] GC(456)   Evacuate Collection Set: 12.3ms
[2023-11-17T19:10:22.432+0000][gc,phases     ] GC(456)   Post Evacuate Collection Set: 0.3ms
[2023-11-17T19:10:22.432+0000][gc,phases     ] GC(456)   Other: 0.2ms
[2023-11-17T19:10:22.432+0000][gc,heap       ] GC(456) Eden regions: 22->0(24)
[2023-11-17T19:10:22.432+0000][gc,heap       ] GC(456) Survivor regions: 4->2(4)
[2023-11-17T19:10:22.432+0000][gc,heap       ] GC(456) Old regions: 200->202
[2023-11-17T19:10:22.432+0000][gc,heap       ] GC(456) Humongous regions: 147->147
[2023-11-17T19:10:22.432+0000][gc,metaspace  ] GC(456) Metaspace: 44750K(47512K)->44750K(47512K) NonClass: 39484K(40960K)->39484K(40960K) Class: 5266K(6552K)->5266K(6552K)
[2023-11-17T19:10:22.432+0000][gc            ] GC(456) Pause Young (Normal) (G1 Evacuation Pause) 370M->349M(512M) 12.923ms
[2023-11-17T19:10:22.432+0000][gc,cpu        ] GC(456) User=0.02s Sys=0.00s Real=0.01s
[2023-11-17T19:11:56.220+0000][gc,start      ] GC(457) Pause Young (Normal) (G1 Evacuation Pause)
[2023-11-17T19:11:56.220+0000][gc,task       ] GC(457) Using 2 workers of 2 for evacuation
[2023-11-17T19:11:56.234+0000][gc,phases     ] GC(457)   Pre Evacuate Collection Set: 0.0ms
[2023-11-17T19:11:56.234+0000][gc,phases     ] GC(457)   Evacuate Collection Set: 13.5ms
[2023-11-17T19:11:56.234+0000][gc,phases     ] GC(457)   Post Evacuate Collection Set: 0.3ms
[2023-11-17T19:11:56.234+0000][gc,phases     ] GC(457)   Other: 0.2ms
[2023-11-17T19:11:56.234+0000][gc,heap       ] GC(457) Eden regions: 24->0(24)
[2023-11-17T19:11:56.234+0000][gc,heap       ] GC(457) Survivor regions: 2->4(4)
[2023-11-17T19:11:56.234+0000][gc,heap       ] GC(457) Old regions: 202->203
[2023-11-17T19:11:56.234+0000][gc,heap       ] GC(457) Humongous regions: 147->147
[2023-11-17T19:11:56.234+0000][gc,metaspace  ] GC(457) Metaspace: 44750K(47512K)->44750K(47512K) NonClass: 39484K(40960K)->39484K(40960K) Class: 5266K(6552K)->5266K(6552K)
[2023-11-17T19:11:56.234+0000][gc            ] GC(457) Pause Young (Normal) (G1 Evacuation Pause) 373M->352M(512M) 14.115ms
[2023-11-17T19:11:56.234+0000][gc,cpu        ] GC(457) User=0.03s Sys=0.00s Real=0.02s
[2023-11-17T19:13:29.761+0000][gc,start      ] GC(458) Pause Young (Normal) (G1 Evacuation Pause)
[2023-11-17T19:13:29.761+0000][gc,task       ] GC(458) Using 2 workers of 2 for evacuation
[2023-11-17T19:13:29.775+0000][gc,phases     ] GC(458)   Pre Evacuate Collection Set: 0.0ms
[2023-11-17T19:13:29.775+0000][gc,phases     ] GC(458)   Evacuate Collection Set: 13.6ms
[2023-11-17T19:13:29.775+0000][gc,phases     ] GC(458)   Post Evacuate Collection Set: 0.3ms
[2023-11-17T19:13:29.775+0000][gc,phases     ] GC(458)   Other: 0.2ms
[2023-11-17T19:13:29.775+0000][gc,heap       ] GC(458) Eden regions: 24->0(26)
[2023-11-17T19:13:29.775+0000][gc,heap       ] GC(458) Survivor regions: 4->3(4)
[2023-11-17T19:13:29.775+0000][gc,heap       ] GC(458) Old regions: 203->205
[2023-11-17T19:13:29.775+0000][gc,heap       ] GC(458) Humongous regions: 147->147
[2023-11-17T19:13:29.775+0000][gc,metaspace  ] GC(458) Metaspace: 44750K(47512K)->44750K(47512K) NonClass: 39484K(40960K)->39484K(40960K) Class: 5266K(6552K)->5266K(6552K)
[2023-11-17T19:13:29.775+0000][gc            ] GC(458) Pause Young (Normal) (G1 Evacuation Pause) 376M->352M(512M) 14.219ms
[2023-11-17T19:13:29.775+0000][gc,cpu        ] GC(458) User=0.02s Sys=0.00s Real=0.02s
[2023-11-17T19:15:03.427+0000][gc,start      ] GC(459) Pause Young (Normal) (G1 Evacuation Pause)
[2023-11-17T19:15:03.427+0000][gc,task       ] GC(459) Using 2 workers of 2 for evacuation
[2023-11-17T19:15:03.440+0000][gc,phases     ] GC(459)   Pre Evacuate Collection Set: 0.0ms
[2023-11-17T19:15:03.440+0000][gc,phases     ] GC(459)   Evacuate Collection Set: 12.6ms
[2023-11-17T19:15:03.440+0000][gc,phases     ] GC(459)   Post Evacuate Collection Set: 0.3ms
[2023-11-17T19:15:03.440+0000][gc,phases     ] GC(459)   Other: 0.2ms
[2023-11-17T19:15:03.440+0000][gc,heap       ] GC(459) Eden regions: 24->0(26)
[2023-11-17T19:15:03.440+0000][gc,heap       ] GC(459) Survivor regions: 3->4(4)
[2023-11-17T19:15:03.440+0000][gc,heap       ] GC(459) Old regions: 205->205
[2023-11-17T19:15:03.440+0000][gc,heap       ] GC(459) Humongous regions: 147->147
[2023-11-17T19:15:03.440+0000][gc,metaspace  ] GC(459) Metaspace: 44751K(47512K)->44751K(47512K) NonClass: 39485K(40960K)->39485K(40960K) Class: 5266K(6552K)->5266K(6552K)
[2023-11-17T19:15:03.441+0000][gc            ] GC(459) Pause Young (Normal) (G1 Evacuation Pause) 376M->354M(512M) 14.369ms
[2023-11-17T19:15:03.441+0000][gc,cpu        ] GC(459) User=0.03s Sys=0.00s Real=0.01s
[2023-11-17T19:16:44.754+0000][gc,start      ] GC(460) Pause Young (Normal) (G1 Evacuation Pause)
[2023-11-17T19:16:44.754+0000][gc,task       ] GC(460) Using 2 workers of 2 for evacuation
[2023-11-17T19:16:44.768+0000][gc,phases     ] GC(460)   Pre Evacuate Collection Set: 0.0ms
[2023-11-17T19:16:44.768+0000][gc,phases     ] GC(460)   Evacuate Collection Set: 13.6ms
[2023-11-17T19:16:44.769+0000][gc,phases     ] GC(460)   Post Evacuate Collection Set: 0.4ms
[2023-11-17T19:16:44.769+0000][gc,phases     ] GC(460)   Other: 0.3ms
[2023-11-17T19:16:44.769+0000][gc,heap       ] GC(460) Eden regions: 26->0(28)
[2023-11-17T19:16:44.769+0000][gc,heap       ] GC(460) Survivor regions: 4->3(4)
[2023-11-17T19:16:44.769+0000][gc,heap       ] GC(460) Old regions: 205->207
[2023-11-17T19:16:44.769+0000][gc,heap       ] GC(460) Humongous regions: 147->147
[2023-11-17T19:16:44.769+0000][gc,metaspace  ] GC(460) Metaspace: 44751K(47512K)->44751K(47512K) NonClass: 39485K(40960K)->39485K(40960K) Class: 5266K(6552K)->5266K(6552K)
[2023-11-17T19:16:44.769+0000][gc            ] GC(460) Pause Young (Normal) (G1 Evacuation Pause) 380M->355M(512M) 14.471ms
[2023-11-17T19:16:44.769+0000][gc,cpu        ] GC(460) User=0.03s Sys=0.00s Real=0.01s
[2023-11-17T19:18:25.775+0000][gc,start      ] GC(461) Pause Young (Normal) (G1 Evacuation Pause)
[2023-11-17T19:18:25.775+0000][gc,task       ] GC(461) Using 2 workers of 2 for evacuation
[2023-11-17T19:18:25.789+0000][gc,phases     ] GC(461)   Pre Evacuate Collection Set: 0.0ms
[2023-11-17T19:18:25.789+0000][gc,phases     ] GC(461)   Evacuate Collection Set: 13.1ms
[2023-11-17T19:18:25.789+0000][gc,phases     ] GC(461)   Post Evacuate Collection Set: 0.3ms
[2023-11-17T19:18:25.789+0000][gc,phases     ] GC(461)   Other: 0.2ms
[2023-11-17T19:18:25.789+0000][gc,heap       ] GC(461) Eden regions: 26->0(27)
[2023-11-17T19:18:25.789+0000][gc,heap       ] GC(461) Survivor regions: 3->2(4)
[2023-11-17T19:18:25.789+0000][gc,heap       ] GC(461) Old regions: 207->208
[2023-11-17T19:18:25.789+0000][gc,heap       ] GC(461) Humongous regions: 147->147
[2023-11-17T19:18:25.789+0000][gc,metaspace  ] GC(461) Metaspace: 44751K(47512K)->44751K(47512K) NonClass: 39485K(40960K)->39485K(40960K) Class: 5266K(6552K)->5266K(6552K)
[2023-11-17T19:18:25.789+0000][gc            ] GC(461) Pause Young (Normal) (G1 Evacuation Pause) 381M->355M(512M) 13.722ms
[2023-11-17T19:18:25.789+0000][gc,cpu        ] GC(461) User=0.02s Sys=0.00s Real=0.01s
[2023-11-17T19:20:11.813+0000][gc,start      ] GC(462) Pause Young (Normal) (G1 Evacuation Pause)
[2023-11-17T19:20:11.813+0000][gc,task       ] GC(462) Using 2 workers of 2 for evacuation
[2023-11-17T19:20:11.828+0000][gc,phases     ] GC(462)   Pre Evacuate Collection Set: 0.0ms
[2023-11-17T19:20:11.828+0000][gc,phases     ] GC(462)   Evacuate Collection Set: 14.1ms
[2023-11-17T19:20:11.828+0000][gc,phases     ] GC(462)   Post Evacuate Collection Set: 0.3ms
[2023-11-17T19:20:11.828+0000][gc,phases     ] GC(462)   Other: 0.2ms
[2023-11-17T19:20:11.828+0000][gc,heap       ] GC(462) Eden regions: 27->0(27)
[2023-11-17T19:20:11.828+0000][gc,heap       ] GC(462) Survivor regions: 2->4(4)
[2023-11-17T19:20:11.828+0000][gc,heap       ] GC(462) Old regions: 208->209
[2023-11-17T19:20:11.828+0000][gc,heap       ] GC(462) Humongous regions: 147->147
[2023-11-17T19:20:11.828+0000][gc,metaspace  ] GC(462) Metaspace: 44751K(47512K)->44751K(47512K) NonClass: 39485K(40960K)->39485K(40960K) Class: 5266K(6552K)->5266K(6552K)
[2023-11-17T19:20:11.828+0000][gc            ] GC(462) Pause Young (Normal) (G1 Evacuation Pause) 382M->358M(512M) 14.716ms
[2023-11-17T19:20:11.828+0000][gc,cpu        ] GC(462) User=0.03s Sys=0.00s Real=0.02s
[2023-11-17T19:21:57.549+0000][gc,start      ] GC(463) Pause Young (Normal) (G1 Evacuation Pause)
[2023-11-17T19:21:57.549+0000][gc,task       ] GC(463) Using 2 workers of 2 for evacuation
[2023-11-17T19:21:57.561+0000][gc,phases     ] GC(463)   Pre Evacuate Collection Set: 0.0ms
[2023-11-17T19:21:57.561+0000][gc,phases     ] GC(463)   Evacuate Collection Set: 11.1ms
[2023-11-17T19:21:57.561+0000][gc,phases     ] GC(463)   Post Evacuate Collection Set: 0.3ms
[2023-11-17T19:21:57.561+0000][gc,phases     ] GC(463)   Other: 0.2ms
[2023-11-17T19:21:57.561+0000][gc,heap       ] GC(463) Eden regions: 27->0(31)
[2023-11-17T19:21:57.561+0000][gc,heap       ] GC(463) Survivor regions: 4->3(4)
[2023-11-17T19:21:57.561+0000][gc,heap       ] GC(463) Old regions: 209->211
[2023-11-17T19:21:57.561+0000][gc,heap       ] GC(463) Humongous regions: 147->147
[2023-11-17T19:21:57.561+0000][gc,metaspace  ] GC(463) Metaspace: 44751K(47512K)->44751K(47512K) NonClass: 39485K(40960K)->39485K(40960K) Class: 5266K(6552K)->5266K(6552K)
[2023-11-17T19:21:57.561+0000][gc            ] GC(463) Pause Young (Normal) (G1 Evacuation Pause) 385M->358M(512M) 11.729ms
[2023-11-17T19:21:57.561+0000][gc,cpu        ] GC(463) User=0.03s Sys=0.00s Real=0.01s
[2023-11-17T19:23:58.346+0000][gc,start      ] GC(464) Pause Young (Normal) (G1 Evacuation Pause)
[2023-11-17T19:23:58.347+0000][gc,task       ] GC(464) Using 2 workers of 2 for evacuation
[2023-11-17T19:23:58.356+0000][gc,phases     ] GC(464)   Pre Evacuate Collection Set: 0.0ms
[2023-11-17T19:23:58.356+0000][gc,phases     ] GC(464)   Evacuate Collection Set: 8.9ms
[2023-11-17T19:23:58.356+0000][gc,phases     ] GC(464)   Post Evacuate Collection Set: 0.3ms
[2023-11-17T19:23:58.356+0000][gc,phases     ] GC(464)   Other: 0.2ms
[2023-11-17T19:23:58.356+0000][gc,heap       ] GC(464) Eden regions: 31->0(34)
[2023-11-17T19:23:58.356+0000][gc,heap       ] GC(464) Survivor regions: 3->3(5)
[2023-11-17T19:23:58.356+0000][gc,heap       ] GC(464) Old regions: 211->211
[2023-11-17T19:23:58.356+0000][gc,heap       ] GC(464) Humongous regions: 147->147
[2023-11-17T19:23:58.356+0000][gc,metaspace  ] GC(464) Metaspace: 44751K(47512K)->44751K(47512K) NonClass: 39485K(40960K)->39485K(40960K) Class: 5266K(6552K)->5266K(6552K)
[2023-11-17T19:23:58.356+0000][gc            ] GC(464) Pause Young (Normal) (G1 Evacuation Pause) 389M->358M(512M) 9.516ms
[2023-11-17T19:23:58.356+0000][gc,cpu        ] GC(464) User=0.02s Sys=0.00s Real=0.01s
[2023-11-17T19:26:11.474+0000][gc,start      ] GC(465) Pause Young (Normal) (G1 Evacuation Pause)
[2023-11-17T19:26:11.475+0000][gc,task       ] GC(465) Using 2 workers of 2 for evacuation
[2023-11-17T19:26:11.504+0000][gc,mmu        ] GC(465) MMU target violated: 21.0ms (20.0ms/21.0ms)
[2023-11-17T19:26:11.504+0000][gc,phases     ] GC(465)   Pre Evacuate Collection Set: 0.0ms
[2023-11-17T19:26:11.504+0000][gc,phases     ] GC(465)   Evacuate Collection Set: 26.7ms
[2023-11-17T19:26:11.504+0000][gc,phases     ] GC(465)   Post Evacuate Collection Set: 3.0ms
[2023-11-17T19:26:11.504+0000][gc,phases     ] GC(465)   Other: 0.3ms
[2023-11-17T19:26:11.504+0000][gc,heap       ] GC(465) Eden regions: 34->0(26)
[2023-11-17T19:26:11.504+0000][gc,heap       ] GC(465) Survivor regions: 3->5(5)
[2023-11-17T19:26:11.504+0000][gc,heap       ] GC(465) Old regions: 211->212
[2023-11-17T19:26:11.504+0000][gc,heap       ] GC(465) Humongous regions: 147->147
[2023-11-17T19:26:11.504+0000][gc,metaspace  ] GC(465) Metaspace: 44751K(47512K)->44751K(47512K) NonClass: 39485K(40960K)->39485K(40960K) Class: 5266K(6552K)->5266K(6552K)
[2023-11-17T19:26:11.504+0000][gc            ] GC(465) Pause Young (Normal) (G1 Evacuation Pause) 392M->362M(512M) 30.029ms
[2023-11-17T19:26:11.505+0000][gc,cpu        ] GC(465) User=0.04s Sys=0.01s Real=0.02s
[2023-11-17T19:27:52.746+0000][gc,start      ] GC(466) Pause Young (Normal) (G1 Evacuation Pause)
[2023-11-17T19:27:52.746+0000][gc,task       ] GC(466) Using 2 workers of 2 for evacuation
[2023-11-17T19:27:52.761+0000][gc,phases     ] GC(466)   Pre Evacuate Collection Set: 0.0ms
[2023-11-17T19:27:52.761+0000][gc,phases     ] GC(466)   Evacuate Collection Set: 14.1ms
[2023-11-17T19:27:52.761+0000][gc,phases     ] GC(466)   Post Evacuate Collection Set: 0.3ms
[2023-11-17T19:27:52.761+0000][gc,phases     ] GC(466)   Other: 0.2ms
[2023-11-17T19:27:52.761+0000][gc,heap       ] GC(466) Eden regions: 26->0(28)
[2023-11-17T19:27:52.761+0000][gc,heap       ] GC(466) Survivor regions: 5->3(4)
[2023-11-17T19:27:52.761+0000][gc,heap       ] GC(466) Old regions: 212->215
[2023-11-17T19:27:52.761+0000][gc,heap       ] GC(466) Humongous regions: 147->147
[2023-11-17T19:27:52.761+0000][gc,metaspace  ] GC(466) Metaspace: 44751K(47512K)->44751K(47512K) NonClass: 39485K(40960K)->39485K(40960K) Class: 5266K(6552K)->5266K(6552K)
[2023-11-17T19:27:52.761+0000][gc            ] GC(466) Pause Young (Normal) (G1 Evacuation Pause) 388M->362M(512M) 14.708ms
[2023-11-17T19:27:52.761+0000][gc,cpu        ] GC(466) User=0.03s Sys=0.00s Real=0.01s
[2023-11-17T19:29:41.418+0000][gc,start      ] GC(467) Pause Young (Normal) (G1 Evacuation Pause)
[2023-11-17T19:29:41.418+0000][gc,task       ] GC(467) Using 2 workers of 2 for evacuation
[2023-11-17T19:29:41.431+0000][gc,phases     ] GC(467)   Pre Evacuate Collection Set: 0.0ms
[2023-11-17T19:29:41.431+0000][gc,phases     ] GC(467)   Evacuate Collection Set: 12.7ms
[2023-11-17T19:29:41.431+0000][gc,phases     ] GC(467)   Post Evacuate Collection Set: 0.3ms
[2023-11-17T19:29:41.431+0000][gc,phases     ] GC(467)   Other: 0.2ms
[2023-11-17T19:29:41.431+0000][gc,heap       ] GC(467) Eden regions: 28->0(30)
[2023-11-17T19:29:41.431+0000][gc,heap       ] GC(467) Survivor regions: 3->2(4)
[2023-11-17T19:29:41.431+0000][gc,heap       ] GC(467) Old regions: 215->216
[2023-11-17T19:29:41.431+0000][gc,heap       ] GC(467) Humongous regions: 147->147
[2023-11-17T19:29:41.432+0000][gc,metaspace  ] GC(467) Metaspace: 44751K(47512K)->44751K(47512K) NonClass: 39485K(40960K)->39485K(40960K) Class: 5266K(6552K)->5266K(6552K)
[2023-11-17T19:29:41.432+0000][gc            ] GC(467) Pause Young (Normal) (G1 Evacuation Pause) 390M->363M(512M) 13.634ms
[2023-11-17T19:29:41.432+0000][gc,cpu        ] GC(467) User=0.02s Sys=0.00s Real=0.01s
[2023-11-17T19:31:31.620+0000][gc,start      ] GC(468) Pause Young (Normal) (G1 Evacuation Pause)
[2023-11-17T19:31:31.620+0000][gc,task       ] GC(468) Using 2 workers of 2 for evacuation
[2023-11-17T19:31:31.633+0000][gc,phases     ] GC(468)   Pre Evacuate Collection Set: 0.0ms
[2023-11-17T19:31:31.633+0000][gc,phases     ] GC(468)   Evacuate Collection Set: 12.4ms
[2023-11-17T19:31:31.633+0000][gc,phases     ] GC(468)   Post Evacuate Collection Set: 0.3ms
[2023-11-17T19:31:31.633+0000][gc,phases     ] GC(468)   Other: 0.2ms
[2023-11-17T19:31:31.633+0000][gc,heap       ] GC(468) Eden regions: 28->0(30)
[2023-11-17T19:31:31.633+0000][gc,heap       ] GC(468) Survivor regions: 2->4(4)
[2023-11-17T19:31:31.633+0000][gc,heap       ] GC(468) Old regions: 216->217
[2023-11-17T19:31:31.633+0000][gc,heap       ] GC(468) Humongous regions: 147->147
[2023-11-17T19:31:31.633+0000][gc,metaspace  ] GC(468) Metaspace: 44751K(47512K)->44751K(47512K) NonClass: 39485K(40960K)->39485K(40960K) Class: 5266K(6552K)->5266K(6552K)
[2023-11-17T19:31:31.633+0000][gc            ] GC(468) Pause Young (Normal) (G1 Evacuation Pause) 391M->366M(512M) 12.969ms
[2023-11-17T19:31:31.633+0000][gc,cpu        ] GC(468) User=0.03s Sys=0.00s Real=0.01s
[2023-11-17T19:33:28.044+0000][gc,start      ] GC(469) Pause Young (Normal) (G1 Evacuation Pause)
[2023-11-17T19:33:28.044+0000][gc,task       ] GC(469) Using 2 workers of 2 for evacuation
[2023-11-17T19:33:28.056+0000][gc,phases     ] GC(469)   Pre Evacuate Collection Set: 0.0ms
[2023-11-17T19:33:28.056+0000][gc,phases     ] GC(469)   Evacuate Collection Set: 12.0ms
[2023-11-17T19:33:28.056+0000][gc,phases     ] GC(469)   Post Evacuate Collection Set: 0.3ms
[2023-11-17T19:33:28.056+0000][gc,phases     ] GC(469)   Other: 0.3ms
[2023-11-17T19:33:28.056+0000][gc,heap       ] GC(469) Eden regions: 30->0(33)
[2023-11-17T19:33:28.056+0000][gc,heap       ] GC(469) Survivor regions: 4->3(5)
[2023-11-17T19:33:28.056+0000][gc,heap       ] GC(469) Old regions: 217->219
[2023-11-17T19:33:28.056+0000][gc,heap       ] GC(469) Humongous regions: 147->147
[2023-11-17T19:33:28.056+0000][gc,metaspace  ] GC(469) Metaspace: 44753K(47512K)->44753K(47512K) NonClass: 39486K(40960K)->39486K(40960K) Class: 5266K(6552K)->5266K(6552K)
[2023-11-17T19:33:28.056+0000][gc            ] GC(469) Pause Young (Normal) (G1 Evacuation Pause) 396M->367M(512M) 12.644ms
[2023-11-17T19:33:28.056+0000][gc,cpu        ] GC(469) User=0.03s Sys=0.00s Real=0.02s
[2023-11-17T19:35:29.260+0000][gc,start      ] GC(470) Pause Young (Normal) (G1 Evacuation Pause)
[2023-11-17T19:35:29.260+0000][gc,task       ] GC(470) Using 2 workers of 2 for evacuation
[2023-11-17T19:35:29.272+0000][gc,phases     ] GC(470)   Pre Evacuate Collection Set: 0.0ms
[2023-11-17T19:35:29.272+0000][gc,phases     ] GC(470)   Evacuate Collection Set: 11.5ms
[2023-11-17T19:35:29.272+0000][gc,phases     ] GC(470)   Post Evacuate Collection Set: 0.3ms
[2023-11-17T19:35:29.272+0000][gc,phases     ] GC(470)   Other: 0.2ms
[2023-11-17T19:35:29.272+0000][gc,heap       ] GC(470) Eden regions: 31->0(35)
[2023-11-17T19:35:29.272+0000][gc,heap       ] GC(470) Survivor regions: 3->4(5)
[2023-11-17T19:35:29.272+0000][gc,heap       ] GC(470) Old regions: 219->219
[2023-11-17T19:35:29.272+0000][gc,heap       ] GC(470) Humongous regions: 147->147
[2023-11-17T19:35:29.272+0000][gc,metaspace  ] GC(470) Metaspace: 44753K(47512K)->44753K(47512K) NonClass: 39486K(40960K)->39486K(40960K) Class: 5266K(6552K)->5266K(6552K)
[2023-11-17T19:35:29.272+0000][gc            ] GC(470) Pause Young (Normal) (G1 Evacuation Pause) 398M->367M(512M) 12.122ms
[2023-11-17T19:35:29.272+0000][gc,cpu        ] GC(470) User=0.02s Sys=0.00s Real=0.01s
[2023-11-17T19:37:46.220+0000][gc,start      ] GC(471) Pause Young (Normal) (G1 Evacuation Pause)
[2023-11-17T19:37:46.220+0000][gc,task       ] GC(471) Using 2 workers of 2 for evacuation
[2023-11-17T19:37:46.236+0000][gc,phases     ] GC(471)   Pre Evacuate Collection Set: 0.0ms
[2023-11-17T19:37:46.237+0000][gc,phases     ] GC(471)   Evacuate Collection Set: 16.0ms
[2023-11-17T19:37:46.237+0000][gc,phases     ] GC(471)   Post Evacuate Collection Set: 0.7ms
[2023-11-17T19:37:46.237+0000][gc,phases     ] GC(471)   Other: 0.2ms
[2023-11-17T19:37:46.237+0000][gc,heap       ] GC(471) Eden regions: 35->0(34)
[2023-11-17T19:37:46.237+0000][gc,heap       ] GC(471) Survivor regions: 4->5(5)
[2023-11-17T19:37:46.237+0000][gc,heap       ] GC(471) Old regions: 219->221
[2023-11-17T19:37:46.237+0000][gc,heap       ] GC(471) Humongous regions: 147->147
[2023-11-17T19:37:46.237+0000][gc,metaspace  ] GC(471) Metaspace: 44753K(47512K)->44753K(47512K) NonClass: 39486K(40960K)->39486K(40960K) Class: 5266K(6552K)->5266K(6552K)
[2023-11-17T19:37:46.237+0000][gc            ] GC(471) Pause Young (Normal) (G1 Evacuation Pause) 402M->371M(512M) 16.980ms
[2023-11-17T19:37:46.237+0000][gc,cpu        ] GC(471) User=0.04s Sys=0.00s Real=0.02s
[2023-11-17T19:39:58.459+0000][gc,start      ] GC(472) Pause Young (Normal) (G1 Evacuation Pause)
[2023-11-17T19:39:58.459+0000][gc,task       ] GC(472) Using 2 workers of 2 for evacuation
[2023-11-17T19:39:58.476+0000][gc,phases     ] GC(472)   Pre Evacuate Collection Set: 0.0ms
[2023-11-17T19:39:58.476+0000][gc,phases     ] GC(472)   Evacuate Collection Set: 16.8ms
[2023-11-17T19:39:58.476+0000][gc,phases     ] GC(472)   Post Evacuate Collection Set: 0.5ms
[2023-11-17T19:39:58.476+0000][gc,phases     ] GC(472)   Other: 0.2ms
[2023-11-17T19:39:58.476+0000][gc,heap       ] GC(472) Eden regions: 34->0(34)
[2023-11-17T19:39:58.476+0000][gc,heap       ] GC(472) Survivor regions: 5->4(5)
[2023-11-17T19:39:58.476+0000][gc,heap       ] GC(472) Old regions: 221->224
[2023-11-17T19:39:58.476+0000][gc,heap       ] GC(472) Humongous regions: 147->147
[2023-11-17T19:39:58.476+0000][gc,metaspace  ] GC(472) Metaspace: 44753K(47512K)->44753K(47512K) NonClass: 39486K(40960K)->39486K(40960K) Class: 5266K(6552K)->5266K(6552K)
[2023-11-17T19:39:58.476+0000][gc            ] GC(472) Pause Young (Normal) (G1 Evacuation Pause) 405M->372M(512M) 17.541ms
[2023-11-17T19:39:58.476+0000][gc,cpu        ] GC(472) User=0.03s Sys=0.00s Real=0.02s
[2023-11-17T19:42:04.170+0000][gc,start      ] GC(473) Pause Young (Normal) (G1 Evacuation Pause)
[2023-11-17T19:42:04.170+0000][gc,task       ] GC(473) Using 2 workers of 2 for evacuation
[2023-11-17T19:42:04.195+0000][gc,mmu        ] GC(473) MMU target violated: 21.0ms (20.0ms/21.0ms)
[2023-11-17T19:42:04.195+0000][gc,phases     ] GC(473)   Pre Evacuate Collection Set: 0.0ms
[2023-11-17T19:42:04.195+0000][gc,phases     ] GC(473)   Evacuate Collection Set: 24.1ms
[2023-11-17T19:42:04.195+0000][gc,phases     ] GC(473)   Post Evacuate Collection Set: 0.4ms
[2023-11-17T19:42:04.195+0000][gc,phases     ] GC(473)   Other: 0.3ms
[2023-11-17T19:42:04.195+0000][gc,heap       ] GC(473) Eden regions: 32->0(30)
[2023-11-17T19:42:04.195+0000][gc,heap       ] GC(473) Survivor regions: 4->4(5)
[2023-11-17T19:42:04.195+0000][gc,heap       ] GC(473) Old regions: 224->225
[2023-11-17T19:42:04.195+0000][gc,heap       ] GC(473) Humongous regions: 147->147
[2023-11-17T19:42:04.195+0000][gc,metaspace  ] GC(473) Metaspace: 44753K(47512K)->44753K(47512K) NonClass: 39486K(40960K)->39486K(40960K) Class: 5266K(6552K)->5266K(6552K)
[2023-11-17T19:42:04.195+0000][gc            ] GC(473) Pause Young (Normal) (G1 Evacuation Pause) 404M->373M(512M) 24.781ms
[2023-11-17T19:42:04.195+0000][gc,cpu        ] GC(473) User=0.04s Sys=0.00s Real=0.03s
[2023-11-17T19:43:44.849+0000][gc,start      ] GC(474) Pause Young (Normal) (G1 Evacuation Pause)
[2023-11-17T19:43:44.849+0000][gc,task       ] GC(474) Using 2 workers of 2 for evacuation
[2023-11-17T19:43:44.885+0000][gc,mmu        ] GC(474) MMU target violated: 21.0ms (20.0ms/21.0ms)
[2023-11-17T19:43:44.885+0000][gc,phases     ] GC(474)   Pre Evacuate Collection Set: 0.0ms
[2023-11-17T19:43:44.885+0000][gc,phases     ] GC(474)   Evacuate Collection Set: 25.8ms
[2023-11-17T19:43:44.885+0000][gc,phases     ] GC(474)   Post Evacuate Collection Set: 10.1ms
[2023-11-17T19:43:44.885+0000][gc,phases     ] GC(474)   Other: 0.2ms
[2023-11-17T19:43:44.885+0000][gc,heap       ] GC(474) Eden regions: 26->0(23)
[2023-11-17T19:43:44.885+0000][gc,heap       ] GC(474) Survivor regions: 4->2(4)
[2023-11-17T19:43:44.885+0000][gc,heap       ] GC(474) Old regions: 225->227
[2023-11-17T19:43:44.885+0000][gc,heap       ] GC(474) Humongous regions: 147->147
[2023-11-17T19:43:44.885+0000][gc,metaspace  ] GC(474) Metaspace: 44753K(47512K)->44753K(47512K) NonClass: 39486K(40960K)->39486K(40960K) Class: 5266K(6552K)->5266K(6552K)
[2023-11-17T19:43:44.885+0000][gc            ] GC(474) Pause Young (Normal) (G1 Evacuation Pause) 399M->373M(512M) 36.162ms
[2023-11-17T19:43:44.885+0000][gc,cpu        ] GC(474) User=0.06s Sys=0.01s Real=0.03s
[2023-11-17T19:45:14.040+0000][gc,start      ] GC(475) Pause Young (Normal) (G1 Evacuation Pause)
[2023-11-17T19:45:14.040+0000][gc,task       ] GC(475) Using 2 workers of 2 for evacuation
[2023-11-17T19:45:14.053+0000][gc,phases     ] GC(475)   Pre Evacuate Collection Set: 0.0ms
[2023-11-17T19:45:14.053+0000][gc,phases     ] GC(475)   Evacuate Collection Set: 12.8ms
[2023-11-17T19:45:14.053+0000][gc,phases     ] GC(475)   Post Evacuate Collection Set: 0.3ms
[2023-11-17T19:45:14.053+0000][gc,phases     ] GC(475)   Other: 0.2ms
[2023-11-17T19:45:14.053+0000][gc,heap       ] GC(475) Eden regions: 23->0(21)
[2023-11-17T19:45:14.053+0000][gc,heap       ] GC(475) Survivor regions: 2->4(4)
[2023-11-17T19:45:14.053+0000][gc,heap       ] GC(475) Old regions: 227->227
[2023-11-17T19:45:14.053+0000][gc,heap       ] GC(475) Humongous regions: 147->147
[2023-11-17T19:45:14.053+0000][gc,metaspace  ] GC(475) Metaspace: 44753K(47512K)->44753K(47512K) NonClass: 39486K(40960K)->39486K(40960K) Class: 5266K(6552K)->5266K(6552K)
[2023-11-17T19:45:14.053+0000][gc            ] GC(475) Pause Young (Normal) (G1 Evacuation Pause) 396M->376M(512M) 13.417ms
[2023-11-17T19:45:14.053+0000][gc,cpu        ] GC(475) User=0.03s Sys=0.00s Real=0.01s
[2023-11-17T19:46:35.693+0000][gc,start      ] GC(476) Pause Young (Normal) (G1 Evacuation Pause)
[2023-11-17T19:46:35.693+0000][gc,task       ] GC(476) Using 2 workers of 2 for evacuation
[2023-11-17T19:46:35.703+0000][gc,phases     ] GC(476)   Pre Evacuate Collection Set: 0.0ms
[2023-11-17T19:46:35.703+0000][gc,phases     ] GC(476)   Evacuate Collection Set: 10.0ms
[2023-11-17T19:46:35.703+0000][gc,phases     ] GC(476)   Post Evacuate Collection Set: 0.3ms
[2023-11-17T19:46:35.703+0000][gc,phases     ] GC(476)   Other: 0.2ms
[2023-11-17T19:46:35.703+0000][gc,heap       ] GC(476) Eden regions: 21->0(23)
[2023-11-17T19:46:35.703+0000][gc,heap       ] GC(476) Survivor regions: 4->2(4)
[2023-11-17T19:46:35.703+0000][gc,heap       ] GC(476) Old regions: 227->229
[2023-11-17T19:46:35.703+0000][gc,heap       ] GC(476) Humongous regions: 147->147
[2023-11-17T19:46:35.703+0000][gc,metaspace  ] GC(476) Metaspace: 44753K(47512K)->44753K(47512K) NonClass: 39486K(40960K)->39486K(40960K) Class: 5266K(6552K)->5266K(6552K)
[2023-11-17T19:46:35.703+0000][gc            ] GC(476) Pause Young (Normal) (G1 Evacuation Pause) 397M->376M(512M) 10.581ms
[2023-11-17T19:46:35.703+0000][gc,cpu        ] GC(476) User=0.02s Sys=0.00s Real=0.01s
[2023-11-17T19:48:05.330+0000][gc,start      ] GC(477) Pause Young (Normal) (G1 Evacuation Pause)
[2023-11-17T19:48:05.330+0000][gc,task       ] GC(477) Using 2 workers of 2 for evacuation
[2023-11-17T19:48:05.342+0000][gc,phases     ] GC(477)   Pre Evacuate Collection Set: 0.0ms
[2023-11-17T19:48:05.342+0000][gc,phases     ] GC(477)   Evacuate Collection Set: 11.3ms
[2023-11-17T19:48:05.342+0000][gc,phases     ] GC(477)   Post Evacuate Collection Set: 0.3ms
[2023-11-17T19:48:05.342+0000][gc,phases     ] GC(477)   Other: 0.2ms
[2023-11-17T19:48:05.342+0000][gc,heap       ] GC(477) Eden regions: 23->0(21)
[2023-11-17T19:48:05.342+0000][gc,heap       ] GC(477) Survivor regions: 2->4(4)
[2023-11-17T19:48:05.342+0000][gc,heap       ] GC(477) Old regions: 229->229
[2023-11-17T19:48:05.342+0000][gc,heap       ] GC(477) Humongous regions: 147->147
[2023-11-17T19:48:05.342+0000][gc,metaspace  ] GC(477) Metaspace: 44753K(47512K)->44753K(47512K) NonClass: 39486K(40960K)->39486K(40960K) Class: 5266K(6552K)->5266K(6552K)
[2023-11-17T19:48:05.342+0000][gc            ] GC(477) Pause Young (Normal) (G1 Evacuation Pause) 399M->378M(512M) 11.949ms
[2023-11-17T19:48:05.342+0000][gc,cpu        ] GC(477) User=0.03s Sys=0.00s Real=0.01s
[2023-11-17T19:49:25.456+0000][gc,start      ] GC(478) Pause Young (Normal) (G1 Evacuation Pause)
[2023-11-17T19:49:25.456+0000][gc,task       ] GC(478) Using 2 workers of 2 for evacuation
[2023-11-17T19:49:25.472+0000][gc,phases     ] GC(478)   Pre Evacuate Collection Set: 0.0ms
[2023-11-17T19:49:25.472+0000][gc,phases     ] GC(478)   Evacuate Collection Set: 14.9ms
[2023-11-17T19:49:25.472+0000][gc,phases     ] GC(478)   Post Evacuate Collection Set: 0.6ms
[2023-11-17T19:49:25.472+0000][gc,phases     ] GC(478)   Other: 0.3ms
[2023-11-17T19:49:25.472+0000][gc,heap       ] GC(478) Eden regions: 21->0(23)
[2023-11-17T19:49:25.472+0000][gc,heap       ] GC(478) Survivor regions: 4->2(4)
[2023-11-17T19:49:25.472+0000][gc,heap       ] GC(478) Old regions: 229->231
[2023-11-17T19:49:25.472+0000][gc,heap       ] GC(478) Humongous regions: 147->147
[2023-11-17T19:49:25.472+0000][gc,metaspace  ] GC(478) Metaspace: 44753K(47512K)->44753K(47512K) NonClass: 39486K(40960K)->39486K(40960K) Class: 5266K(6552K)->5266K(6552K)
[2023-11-17T19:49:25.472+0000][gc            ] GC(478) Pause Young (Normal) (G1 Evacuation Pause) 399M->377M(512M) 15.869ms
[2023-11-17T19:49:25.472+0000][gc,cpu        ] GC(478) User=0.03s Sys=0.00s Real=0.01s
[2023-11-17T19:50:55.067+0000][gc,start      ] GC(479) Pause Young (Normal) (G1 Evacuation Pause)
[2023-11-17T19:50:55.067+0000][gc,task       ] GC(479) Using 2 workers of 2 for evacuation
[2023-11-17T19:50:55.079+0000][gc,phases     ] GC(479)   Pre Evacuate Collection Set: 0.0ms
[2023-11-17T19:50:55.080+0000][gc,phases     ] GC(479)   Evacuate Collection Set: 11.3ms
[2023-11-17T19:50:55.080+0000][gc,phases     ] GC(479)   Post Evacuate Collection Set: 0.6ms
[2023-11-17T19:50:55.080+0000][gc,phases     ] GC(479)   Other: 0.2ms
[2023-11-17T19:50:55.080+0000][gc,heap       ] GC(479) Eden regions: 23->0(23)
[2023-11-17T19:50:55.080+0000][gc,heap       ] GC(479) Survivor regions: 2->4(4)
[2023-11-17T19:50:55.080+0000][gc,heap       ] GC(479) Old regions: 231->231
[2023-11-17T19:50:55.080+0000][gc,heap       ] GC(479) Humongous regions: 147->147
[2023-11-17T19:50:55.080+0000][gc,metaspace  ] GC(479) Metaspace: 44753K(47512K)->44753K(47512K) NonClass: 39486K(40960K)->39486K(40960K) Class: 5266K(6552K)->5266K(6552K)
[2023-11-17T19:50:55.080+0000][gc            ] GC(479) Pause Young (Normal) (G1 Evacuation Pause) 400M->380M(512M) 12.159ms
[2023-11-17T19:50:55.080+0000][gc,cpu        ] GC(479) User=0.02s Sys=0.00s Real=0.01s
[2023-11-17T19:52:23.562+0000][gc,start      ] GC(480) Pause Young (Normal) (G1 Evacuation Pause)
[2023-11-17T19:52:23.562+0000][gc,task       ] GC(480) Using 2 workers of 2 for evacuation
[2023-11-17T19:52:23.573+0000][gc,phases     ] GC(480)   Pre Evacuate Collection Set: 0.0ms
[2023-11-17T19:52:23.573+0000][gc,phases     ] GC(480)   Evacuate Collection Set: 10.3ms
[2023-11-17T19:52:23.573+0000][gc,phases     ] GC(480)   Post Evacuate Collection Set: 0.3ms
[2023-11-17T19:52:23.573+0000][gc,phases     ] GC(480)   Other: 0.3ms
[2023-11-17T19:52:23.573+0000][gc,heap       ] GC(480) Eden regions: 23->0(25)
[2023-11-17T19:52:23.573+0000][gc,heap       ] GC(480) Survivor regions: 4->2(4)
[2023-11-17T19:52:23.573+0000][gc,heap       ] GC(480) Old regions: 231->233
[2023-11-17T19:52:23.573+0000][gc,heap       ] GC(480) Humongous regions: 147->147
[2023-11-17T19:52:23.573+0000][gc,metaspace  ] GC(480) Metaspace: 44753K(47512K)->44753K(47512K) NonClass: 39486K(40960K)->39486K(40960K) Class: 5266K(6552K)->5266K(6552K)
[2023-11-17T19:52:23.573+0000][gc            ] GC(480) Pause Young (Normal) (G1 Evacuation Pause) 403M->380M(512M) 11.114ms
[2023-11-17T19:52:23.573+0000][gc,cpu        ] GC(480) User=0.02s Sys=0.00s Real=0.02s
[2023-11-17T19:54:01.220+0000][gc,start      ] GC(481) Pause Young (Normal) (G1 Evacuation Pause)
[2023-11-17T19:54:01.220+0000][gc,task       ] GC(481) Using 2 workers of 2 for evacuation
[2023-11-17T19:54:01.233+0000][gc,phases     ] GC(481)   Pre Evacuate Collection Set: 0.0ms
[2023-11-17T19:54:01.233+0000][gc,phases     ] GC(481)   Evacuate Collection Set: 12.9ms
[2023-11-17T19:54:01.233+0000][gc,phases     ] GC(481)   Post Evacuate Collection Set: 0.4ms
[2023-11-17T19:54:01.233+0000][gc,phases     ] GC(481)   Other: 0.2ms
[2023-11-17T19:54:01.233+0000][gc,heap       ] GC(481) Eden regions: 25->0(25)
[2023-11-17T19:54:01.233+0000][gc,heap       ] GC(481) Survivor regions: 2->4(4)
[2023-11-17T19:54:01.233+0000][gc,heap       ] GC(481) Old regions: 233->233
[2023-11-17T19:54:01.233+0000][gc,heap       ] GC(481) Humongous regions: 147->147
[2023-11-17T19:54:01.233+0000][gc,metaspace  ] GC(481) Metaspace: 44753K(47512K)->44753K(47512K) NonClass: 39486K(40960K)->39486K(40960K) Class: 5266K(6552K)->5266K(6552K)
[2023-11-17T19:54:01.233+0000][gc            ] GC(481) Pause Young (Normal) (G1 Evacuation Pause) 405M->382M(512M) 13.644ms
[2023-11-17T19:54:01.233+0000][gc,cpu        ] GC(481) User=0.02s Sys=0.00s Real=0.01s
[2023-11-17T19:55:37.812+0000][gc,start      ] GC(482) Pause Young (Normal) (G1 Evacuation Pause)
[2023-11-17T19:55:37.812+0000][gc,task       ] GC(482) Using 2 workers of 2 for evacuation
[2023-11-17T19:55:37.824+0000][gc,phases     ] GC(482)   Pre Evacuate Collection Set: 0.0ms
[2023-11-17T19:55:37.824+0000][gc,phases     ] GC(482)   Evacuate Collection Set: 10.9ms
[2023-11-17T19:55:37.824+0000][gc,phases     ] GC(482)   Post Evacuate Collection Set: 0.3ms
[2023-11-17T19:55:37.824+0000][gc,phases     ] GC(482)   Other: 0.4ms
[2023-11-17T19:55:37.824+0000][gc,heap       ] GC(482) Eden regions: 25->0(27)
[2023-11-17T19:55:37.824+0000][gc,heap       ] GC(482) Survivor regions: 4->3(4)
[2023-11-17T19:55:37.824+0000][gc,heap       ] GC(482) Old regions: 233->235
[2023-11-17T19:55:37.824+0000][gc,heap       ] GC(482) Humongous regions: 147->147
[2023-11-17T19:55:37.824+0000][gc,metaspace  ] GC(482) Metaspace: 44753K(47512K)->44753K(47512K) NonClass: 39486K(40960K)->39486K(40960K) Class: 5266K(6552K)->5266K(6552K)
[2023-11-17T19:55:37.824+0000][gc            ] GC(482) Pause Young (Normal) (G1 Evacuation Pause) 407M->383M(512M) 11.713ms
[2023-11-17T19:55:37.824+0000][gc,cpu        ] GC(482) User=0.03s Sys=0.00s Real=0.01s
[2023-11-17T19:57:22.827+0000][gc,start      ] GC(483) Pause Young (Normal) (G1 Evacuation Pause)
[2023-11-17T19:57:22.827+0000][gc,task       ] GC(483) Using 2 workers of 2 for evacuation
[2023-11-17T19:57:22.836+0000][gc,phases     ] GC(483)   Pre Evacuate Collection Set: 0.0ms
[2023-11-17T19:57:22.836+0000][gc,phases     ] GC(483)   Evacuate Collection Set: 8.1ms
[2023-11-17T19:57:22.836+0000][gc,phases     ] GC(483)   Post Evacuate Collection Set: 0.2ms
[2023-11-17T19:57:22.836+0000][gc,phases     ] GC(483)   Other: 0.2ms
[2023-11-17T19:57:22.836+0000][gc,heap       ] GC(483) Eden regions: 27->0(31)
[2023-11-17T19:57:22.836+0000][gc,heap       ] GC(483) Survivor regions: 3->2(4)
[2023-11-17T19:57:22.836+0000][gc,heap       ] GC(483) Old regions: 235->236
[2023-11-17T19:57:22.836+0000][gc,heap       ] GC(483) Humongous regions: 147->147
[2023-11-17T19:57:22.836+0000][gc,metaspace  ] GC(483) Metaspace: 44753K(47512K)->44753K(47512K) NonClass: 39486K(40960K)->39486K(40960K) Class: 5266K(6552K)->5266K(6552K)
[2023-11-17T19:57:22.836+0000][gc            ] GC(483) Pause Young (Normal) (G1 Evacuation Pause) 410M->383M(512M) 8.704ms
[2023-11-17T19:57:22.836+0000][gc,cpu        ] GC(483) User=0.02s Sys=0.00s Real=0.01s
[2023-11-17T19:59:19.658+0000][gc,start      ] GC(484) Pause Young (Normal) (G1 Evacuation Pause)
[2023-11-17T19:59:19.658+0000][gc,task       ] GC(484) Using 2 workers of 2 for evacuation
[2023-11-17T19:59:19.672+0000][gc,phases     ] GC(484)   Pre Evacuate Collection Set: 0.0ms
[2023-11-17T19:59:19.672+0000][gc,phases     ] GC(484)   Evacuate Collection Set: 12.9ms
[2023-11-17T19:59:19.672+0000][gc,phases     ] GC(484)   Post Evacuate Collection Set: 0.3ms
[2023-11-17T19:59:19.672+0000][gc,phases     ] GC(484)   Other: 0.2ms
[2023-11-17T19:59:19.672+0000][gc,heap       ] GC(484) Eden regions: 30->0(31)
[2023-11-17T19:59:19.672+0000][gc,heap       ] GC(484) Survivor regions: 2->4(4)
[2023-11-17T19:59:19.672+0000][gc,heap       ] GC(484) Old regions: 236->237
[2023-11-17T19:59:19.672+0000][gc,heap       ] GC(484) Humongous regions: 147->147
[2023-11-17T19:59:19.672+0000][gc,metaspace  ] GC(484) Metaspace: 44753K(47512K)->44753K(47512K) NonClass: 39486K(40960K)->39486K(40960K) Class: 5266K(6552K)->5266K(6552K)
[2023-11-17T19:59:19.672+0000][gc            ] GC(484) Pause Young (Normal) (G1 Evacuation Pause) 413M->386M(512M) 13.586ms
[2023-11-17T19:59:19.672+0000][gc,cpu        ] GC(484) User=0.03s Sys=0.00s Real=0.01s
[2023-11-17T20:01:21.181+0000][gc,start      ] GC(485) Pause Young (Normal) (G1 Evacuation Pause)
[2023-11-17T20:01:21.181+0000][gc,task       ] GC(485) Using 2 workers of 2 for evacuation
[2023-11-17T20:01:21.197+0000][gc,phases     ] GC(485)   Pre Evacuate Collection Set: 0.0ms
[2023-11-17T20:01:21.197+0000][gc,phases     ] GC(485)   Evacuate Collection Set: 15.9ms
[2023-11-17T20:01:21.197+0000][gc,phases     ] GC(485)   Post Evacuate Collection Set: 0.4ms
[2023-11-17T20:01:21.197+0000][gc,phases     ] GC(485)   Other: 0.4ms
[2023-11-17T20:01:21.197+0000][gc,heap       ] GC(485) Eden regions: 31->0(31)
[2023-11-17T20:01:21.197+0000][gc,heap       ] GC(485) Survivor regions: 4->3(5)
[2023-11-17T20:01:21.197+0000][gc,heap       ] GC(485) Old regions: 237->239
[2023-11-17T20:01:21.197+0000][gc,heap       ] GC(485) Humongous regions: 147->147
[2023-11-17T20:01:21.197+0000][gc,metaspace  ] GC(485) Metaspace: 44753K(47512K)->44753K(47512K) NonClass: 39486K(40960K)->39486K(40960K) Class: 5266K(6552K)->5266K(6552K)
[2023-11-17T20:01:21.197+0000][gc            ] GC(485) Pause Young (Normal) (G1 Evacuation Pause) 417M->387M(512M) 16.820ms
[2023-11-17T20:01:21.197+0000][gc,cpu        ] GC(485) User=0.03s Sys=0.00s Real=0.02s
[2023-11-17T20:03:13.881+0000][gc,start      ] GC(486) Pause Young (Normal) (G1 Evacuation Pause)
[2023-11-17T20:03:13.881+0000][gc,task       ] GC(486) Using 2 workers of 2 for evacuation
[2023-11-17T20:03:13.892+0000][gc,phases     ] GC(486)   Pre Evacuate Collection Set: 0.0ms
[2023-11-17T20:03:13.892+0000][gc,phases     ] GC(486)   Evacuate Collection Set: 11.0ms
[2023-11-17T20:03:13.892+0000][gc,phases     ] GC(486)   Post Evacuate Collection Set: 0.4ms
[2023-11-17T20:03:13.892+0000][gc,phases     ] GC(486)   Other: 0.3ms
[2023-11-17T20:03:13.892+0000][gc,heap       ] GC(486) Eden regions: 29->0(32)
[2023-11-17T20:03:13.892+0000][gc,heap       ] GC(486) Survivor regions: 3->2(4)
[2023-11-17T20:03:13.892+0000][gc,heap       ] GC(486) Old regions: 239->240
[2023-11-17T20:03:13.892+0000][gc,heap       ] GC(486) Humongous regions: 147->147
[2023-11-17T20:03:13.892+0000][gc,metaspace  ] GC(486) Metaspace: 44753K(47512K)->44753K(47512K) NonClass: 39486K(40960K)->39486K(40960K) Class: 5266K(6552K)->5266K(6552K)
[2023-11-17T20:03:13.893+0000][gc            ] GC(486) Pause Young (Normal) (G1 Evacuation Pause) 416M->387M(512M) 11.778ms
[2023-11-17T20:03:13.893+0000][gc,cpu        ] GC(486) User=0.02s Sys=0.00s Real=0.01s
[2023-11-17T20:05:15.584+0000][gc,start      ] GC(487) Pause Young (Normal) (G1 Evacuation Pause)
[2023-11-17T20:05:15.584+0000][gc,task       ] GC(487) Using 2 workers of 2 for evacuation
[2023-11-17T20:05:15.598+0000][gc,phases     ] GC(487)   Pre Evacuate Collection Set: 0.0ms
[2023-11-17T20:05:15.598+0000][gc,phases     ] GC(487)   Evacuate Collection Set: 13.4ms
[2023-11-17T20:05:15.598+0000][gc,phases     ] GC(487)   Post Evacuate Collection Set: 0.3ms
[2023-11-17T20:05:15.598+0000][gc,phases     ] GC(487)   Other: 0.2ms
[2023-11-17T20:05:15.598+0000][gc,heap       ] GC(487) Eden regions: 31->0(33)
[2023-11-17T20:05:15.598+0000][gc,heap       ] GC(487) Survivor regions: 2->5(5)
[2023-11-17T20:05:15.598+0000][gc,heap       ] GC(487) Old regions: 240->241
[2023-11-17T20:05:15.598+0000][gc,heap       ] GC(487) Humongous regions: 147->147
[2023-11-17T20:05:15.598+0000][gc,metaspace  ] GC(487) Metaspace: 44753K(47512K)->44753K(47512K) NonClass: 39486K(40960K)->39486K(40960K) Class: 5266K(6552K)->5266K(6552K)
[2023-11-17T20:05:15.598+0000][gc            ] GC(487) Pause Young (Normal) (G1 Evacuation Pause) 418M->390M(512M) 14.013ms
[2023-11-17T20:05:15.598+0000][gc,cpu        ] GC(487) User=0.03s Sys=0.00s Real=0.02s
[2023-11-17T20:07:24.808+0000][gc,start      ] GC(488) Pause Young (Normal) (G1 Evacuation Pause)
[2023-11-17T20:07:24.808+0000][gc,task       ] GC(488) Using 2 workers of 2 for evacuation
[2023-11-17T20:07:24.823+0000][gc,phases     ] GC(488)   Pre Evacuate Collection Set: 0.0ms
[2023-11-17T20:07:24.823+0000][gc,phases     ] GC(488)   Evacuate Collection Set: 14.4ms
[2023-11-17T20:07:24.823+0000][gc,phases     ] GC(488)   Post Evacuate Collection Set: 0.3ms
[2023-11-17T20:07:24.823+0000][gc,phases     ] GC(488)   Other: 0.2ms
[2023-11-17T20:07:24.823+0000][gc,heap       ] GC(488) Eden regions: 33->0(34)
[2023-11-17T20:07:24.823+0000][gc,heap       ] GC(488) Survivor regions: 5->4(5)
[2023-11-17T20:07:24.823+0000][gc,heap       ] GC(488) Old regions: 241->243
[2023-11-17T20:07:24.823+0000][gc,heap       ] GC(488) Humongous regions: 147->147
[2023-11-17T20:07:24.823+0000][gc,metaspace  ] GC(488) Metaspace: 44753K(47512K)->44753K(47512K) NonClass: 39486K(40960K)->39486K(40960K) Class: 5266K(6552K)->5266K(6552K)
[2023-11-17T20:07:24.823+0000][gc            ] GC(488) Pause Young (Normal) (G1 Evacuation Pause) 423M->391M(512M) 14.974ms
[2023-11-17T20:07:24.823+0000][gc,cpu        ] GC(488) User=0.02s Sys=0.00s Real=0.01s
[2023-11-17T20:09:05.116+0000][gc,start      ] GC(489) Pause Young (Normal) (G1 Evacuation Pause)
[2023-11-17T20:09:05.116+0000][gc,task       ] GC(489) Using 2 workers of 2 for evacuation
[2023-11-17T20:09:05.133+0000][gc,phases     ] GC(489)   Pre Evacuate Collection Set: 0.0ms
[2023-11-17T20:09:05.133+0000][gc,phases     ] GC(489)   Evacuate Collection Set: 16.7ms
[2023-11-17T20:09:05.133+0000][gc,phases     ] GC(489)   Post Evacuate Collection Set: 0.4ms
[2023-11-17T20:09:05.133+0000][gc,phases     ] GC(489)   Other: 0.2ms
[2023-11-17T20:09:05.133+0000][gc,heap       ] GC(489) Eden regions: 31->0(33)
[2023-11-17T20:09:05.133+0000][gc,heap       ] GC(489) Survivor regions: 4->5(5)
[2023-11-17T20:09:05.133+0000][gc,heap       ] GC(489) Old regions: 243->245
[2023-11-17T20:09:05.133+0000][gc,heap       ] GC(489) Humongous regions: 147->147
[2023-11-17T20:09:05.133+0000][gc,metaspace  ] GC(489) Metaspace: 44753K(47512K)->44753K(47512K) NonClass: 39486K(40960K)->39486K(40960K) Class: 5266K(6552K)->5266K(6552K)
[2023-11-17T20:09:05.133+0000][gc            ] GC(489) Pause Young (Normal) (G1 Evacuation Pause) 422M->394M(512M) 17.386ms
[2023-11-17T20:09:05.133+0000][gc,cpu        ] GC(489) User=0.04s Sys=0.00s Real=0.01s
[2023-11-17T20:10:50.152+0000][gc,start      ] GC(490) Pause Young (Normal) (G1 Evacuation Pause)
[2023-11-17T20:10:50.152+0000][gc,task       ] GC(490) Using 2 workers of 2 for evacuation
[2023-11-17T20:10:50.171+0000][gc,phases     ] GC(490)   Pre Evacuate Collection Set: 0.0ms
[2023-11-17T20:10:50.171+0000][gc,phases     ] GC(490)   Evacuate Collection Set: 18.7ms
[2023-11-17T20:10:50.171+0000][gc,phases     ] GC(490)   Post Evacuate Collection Set: 0.3ms
[2023-11-17T20:10:50.171+0000][gc,phases     ] GC(490)   Other: 0.4ms
[2023-11-17T20:10:50.171+0000][gc,heap       ] GC(490) Eden regions: 27->0(30)
[2023-11-17T20:10:50.171+0000][gc,heap       ] GC(490) Survivor regions: 5->3(4)
[2023-11-17T20:10:50.171+0000][gc,heap       ] GC(490) Old regions: 245->249
[2023-11-17T20:10:50.171+0000][gc,heap       ] GC(490) Humongous regions: 147->147
[2023-11-17T20:10:50.171+0000][gc,metaspace  ] GC(490) Metaspace: 44753K(47512K)->44753K(47512K) NonClass: 39486K(40960K)->39486K(40960K) Class: 5266K(6552K)->5266K(6552K)
[2023-11-17T20:10:50.171+0000][gc            ] GC(490) Pause Young (Normal) (G1 Evacuation Pause) 421M->397M(512M) 19.442ms
[2023-11-17T20:10:50.171+0000][gc,cpu        ] GC(490) User=0.04s Sys=0.00s Real=0.02s
[2023-11-17T20:12:47.363+0000][gc,start      ] GC(491) Pause Young (Concurrent Start) (G1 Evacuation Pause)
[2023-11-17T20:12:47.363+0000][gc,task       ] GC(491) Using 2 workers of 2 for evacuation
[2023-11-17T20:12:47.378+0000][gc,phases     ] GC(491)   Pre Evacuate Collection Set: 0.2ms
[2023-11-17T20:12:47.378+0000][gc,phases     ] GC(491)   Evacuate Collection Set: 14.5ms
[2023-11-17T20:12:47.378+0000][gc,phases     ] GC(491)   Post Evacuate Collection Set: 0.4ms
[2023-11-17T20:12:47.378+0000][gc,phases     ] GC(491)   Other: 0.3ms
[2023-11-17T20:12:47.378+0000][gc,heap       ] GC(491) Eden regions: 30->0(27)
[2023-11-17T20:12:47.378+0000][gc,heap       ] GC(491) Survivor regions: 3->3(5)
[2023-11-17T20:12:47.378+0000][gc,heap       ] GC(491) Old regions: 249->250
[2023-11-17T20:12:47.378+0000][gc,heap       ] GC(491) Humongous regions: 147->147
[2023-11-17T20:12:47.378+0000][gc,metaspace  ] GC(491) Metaspace: 44753K(47512K)->44753K(47512K) NonClass: 39486K(40960K)->39486K(40960K) Class: 5266K(6552K)->5266K(6552K)
[2023-11-17T20:12:47.378+0000][gc            ] GC(491) Pause Young (Concurrent Start) (G1 Evacuation Pause) 427M->398M(512M) 15.350ms
[2023-11-17T20:12:47.379+0000][gc,cpu        ] GC(491) User=0.03s Sys=0.00s Real=0.02s
[2023-11-17T20:12:47.379+0000][gc            ] GC(492) Concurrent Cycle
[2023-11-17T20:12:47.379+0000][gc,marking    ] GC(492) Concurrent Clear Claimed Marks
[2023-11-17T20:12:47.379+0000][gc,marking    ] GC(492) Concurrent Clear Claimed Marks 0.219ms
[2023-11-17T20:12:47.379+0000][gc,marking    ] GC(492) Concurrent Scan Root Regions
[2023-11-17T20:12:47.382+0000][gc,marking    ] GC(492) Concurrent Scan Root Regions 3.703ms
[2023-11-17T20:12:47.383+0000][gc,marking    ] GC(492) Concurrent Mark (47117.415s)
[2023-11-17T20:12:47.383+0000][gc,marking    ] GC(492) Concurrent Mark From Roots
[2023-11-17T20:12:47.383+0000][gc,task       ] GC(492) Using 1 workers of 1 for marking
[2023-11-17T20:12:47.439+0000][gc,marking    ] GC(492) Concurrent Mark From Roots 56.520ms
[2023-11-17T20:12:47.439+0000][gc,marking    ] GC(492) Concurrent Preclean
[2023-11-17T20:12:47.439+0000][gc,marking    ] GC(492) Concurrent Preclean 0.206ms
[2023-11-17T20:12:47.439+0000][gc,marking    ] GC(492) Concurrent Mark (47117.415s, 47117.472s) 56.780ms
[2023-11-17T20:12:47.441+0000][gc,start      ] GC(492) Pause Remark
[2023-11-17T20:12:47.465+0000][gc,stringtable] GC(492) Cleaned string and symbol table, strings: 13053 processed, 0 removed, symbols: 93086 processed, 0 removed
[2023-11-17T20:12:47.466+0000][gc,mmu        ] GC(492) MMU target violated: 21.0ms (20.0ms/21.0ms)
[2023-11-17T20:12:47.466+0000][gc            ] GC(492) Pause Remark 398M->260M(512M) 25.146ms
[2023-11-17T20:12:47.466+0000][gc,cpu        ] GC(492) User=0.03s Sys=0.01s Real=0.03s
[2023-11-17T20:12:47.466+0000][gc,marking    ] GC(492) Concurrent Rebuild Remembered Sets
[2023-11-17T20:12:47.489+0000][gc,marking    ] GC(492) Concurrent Rebuild Remembered Sets 23.313ms
[2023-11-17T20:12:47.490+0000][gc,start      ] GC(492) Pause Cleanup
[2023-11-17T20:12:47.490+0000][gc            ] GC(492) Pause Cleanup 260M->260M(512M) 0.160ms
[2023-11-17T20:12:47.490+0000][gc,cpu        ] GC(492) User=0.00s Sys=0.00s Real=0.00s
[2023-11-17T20:12:47.490+0000][gc,marking    ] GC(492) Concurrent Cleanup for Next Mark
[2023-11-17T20:12:47.491+0000][gc,marking    ] GC(492) Concurrent Cleanup for Next Mark 1.544ms
[2023-11-17T20:12:47.491+0000][gc            ] GC(492) Concurrent Cycle 112.758ms
[2023-11-17T20:14:32.046+0000][gc,start      ] GC(493) Pause Young (Prepare Mixed) (G1 Evacuation Pause)
[2023-11-17T20:14:32.046+0000][gc,task       ] GC(493) Using 2 workers of 2 for evacuation
[2023-11-17T20:14:32.061+0000][gc,phases     ] GC(493)   Pre Evacuate Collection Set: 0.0ms
[2023-11-17T20:14:32.061+0000][gc,phases     ] GC(493)   Evacuate Collection Set: 14.5ms
[2023-11-17T20:14:32.061+0000][gc,phases     ] GC(493)   Post Evacuate Collection Set: 0.5ms
[2023-11-17T20:14:32.061+0000][gc,phases     ] GC(493)   Other: 0.2ms
[2023-11-17T20:14:32.061+0000][gc,heap       ] GC(493) Eden regions: 27->0(23)
[2023-11-17T20:14:32.061+0000][gc,heap       ] GC(493) Survivor regions: 3->2(4)
[2023-11-17T20:14:32.061+0000][gc,heap       ] GC(493) Old regions: 112->113
[2023-11-17T20:14:32.061+0000][gc,heap       ] GC(493) Humongous regions: 147->147
[2023-11-17T20:14:32.061+0000][gc,metaspace  ] GC(493) Metaspace: 44753K(47512K)->44753K(47512K) NonClass: 39486K(40960K)->39486K(40960K) Class: 5266K(6552K)->5266K(6552K)
[2023-11-17T20:14:32.061+0000][gc            ] GC(493) Pause Young (Prepare Mixed) (G1 Evacuation Pause) 287M->260M(512M) 15.365ms
[2023-11-17T20:14:32.061+0000][gc,cpu        ] GC(493) User=0.03s Sys=0.00s Real=0.01s
[2023-11-17T20:16:02.205+0000][gc,start      ] GC(494) Pause Young (Mixed) (G1 Evacuation Pause)
[2023-11-17T20:16:02.205+0000][gc,task       ] GC(494) Using 2 workers of 2 for evacuation
[2023-11-17T20:16:02.238+0000][gc,mmu        ] GC(494) MMU target violated: 21.0ms (20.0ms/21.0ms)
[2023-11-17T20:16:02.238+0000][gc,phases     ] GC(494)   Pre Evacuate Collection Set: 0.0ms
[2023-11-17T20:16:02.238+0000][gc,phases     ] GC(494)   Evacuate Collection Set: 23.3ms
[2023-11-17T20:16:02.238+0000][gc,phases     ] GC(494)   Post Evacuate Collection Set: 5.5ms
[2023-11-17T20:16:02.238+0000][gc,phases     ] GC(494)   Other: 4.1ms
[2023-11-17T20:16:02.238+0000][gc,heap       ] GC(494) Eden regions: 23->0(21)
[2023-11-17T20:16:02.238+0000][gc,heap       ] GC(494) Survivor regions: 2->4(4)
[2023-11-17T20:16:02.238+0000][gc,heap       ] GC(494) Old regions: 113->62
[2023-11-17T20:16:02.238+0000][gc,heap       ] GC(494) Humongous regions: 147->147
[2023-11-17T20:16:02.238+0000][gc,metaspace  ] GC(494) Metaspace: 44753K(47512K)->44753K(47512K) NonClass: 39486K(40960K)->39486K(40960K) Class: 5266K(6552K)->5266K(6552K)
[2023-11-17T20:16:02.238+0000][gc            ] GC(494) Pause Young (Mixed) (G1 Evacuation Pause) 283M->211M(512M) 33.079ms
[2023-11-17T20:16:02.238+0000][gc,cpu        ] GC(494) User=0.04s Sys=0.01s Real=0.04s
[2023-11-17T20:17:23.262+0000][gc,start      ] GC(495) Pause Young (Mixed) (G1 Evacuation Pause)
[2023-11-17T20:17:23.262+0000][gc,task       ] GC(495) Using 2 workers of 2 for evacuation
[2023-11-17T20:17:23.275+0000][gc,phases     ] GC(495)   Pre Evacuate Collection Set: 0.0ms
[2023-11-17T20:17:23.275+0000][gc,phases     ] GC(495)   Evacuate Collection Set: 12.2ms
[2023-11-17T20:17:23.275+0000][gc,phases     ] GC(495)   Post Evacuate Collection Set: 0.5ms
[2023-11-17T20:17:23.275+0000][gc,phases     ] GC(495)   Other: 0.2ms
[2023-11-17T20:17:23.275+0000][gc,heap       ] GC(495) Eden regions: 21->0(23)
[2023-11-17T20:17:23.275+0000][gc,heap       ] GC(495) Survivor regions: 4->2(4)
[2023-11-17T20:17:23.275+0000][gc,heap       ] GC(495) Old regions: 62->52
[2023-11-17T20:17:23.275+0000][gc,heap       ] GC(495) Humongous regions: 147->147
[2023-11-17T20:17:23.275+0000][gc,metaspace  ] GC(495) Metaspace: 44753K(47512K)->44753K(47512K) NonClass: 39486K(40960K)->39486K(40960K) Class: 5266K(6552K)->5266K(6552K)
[2023-11-17T20:17:23.275+0000][gc            ] GC(495) Pause Young (Mixed) (G1 Evacuation Pause) 232M->199M(512M) 13.012ms
[2023-11-17T20:17:23.275+0000][gc,cpu        ] GC(495) User=0.02s Sys=0.01s Real=0.02s
[2023-11-17T20:18:52.878+0000][gc,start      ] GC(496) Pause Young (Mixed) (G1 Evacuation Pause)
[2023-11-17T20:18:52.878+0000][gc,task       ] GC(496) Using 2 workers of 2 for evacuation
[2023-11-17T20:18:52.890+0000][gc,phases     ] GC(496)   Pre Evacuate Collection Set: 0.0ms
[2023-11-17T20:18:52.890+0000][gc,phases     ] GC(496)   Evacuate Collection Set: 11.9ms
[2023-11-17T20:18:52.890+0000][gc,phases     ] GC(496)   Post Evacuate Collection Set: 0.4ms
[2023-11-17T20:18:52.890+0000][gc,phases     ] GC(496)   Other: 0.2ms
[2023-11-17T20:18:52.890+0000][gc,heap       ] GC(496) Eden regions: 23->0(22)
[2023-11-17T20:18:52.890+0000][gc,heap       ] GC(496) Survivor regions: 2->4(4)
[2023-11-17T20:18:52.890+0000][gc,heap       ] GC(496) Old regions: 52->51
[2023-11-17T20:18:52.890+0000][gc,heap       ] GC(496) Humongous regions: 147->147
[2023-11-17T20:18:52.890+0000][gc,metaspace  ] GC(496) Metaspace: 44754K(47512K)->44754K(47512K) NonClass: 39488K(40960K)->39488K(40960K) Class: 5266K(6552K)->5266K(6552K)
[2023-11-17T20:18:52.890+0000][gc            ] GC(496) Pause Young (Mixed) (G1 Evacuation Pause) 222M->200M(512M) 12.617ms
[2023-11-17T20:18:52.890+0000][gc,cpu        ] GC(496) User=0.02s Sys=0.00s Real=0.01s
[2023-11-17T20:20:18.000+0000][gc,start      ] GC(497) Pause Young (Normal) (G1 Evacuation Pause)
[2023-11-17T20:20:18.000+0000][gc,task       ] GC(497) Using 2 workers of 2 for evacuation
[2023-11-17T20:20:18.013+0000][gc,phases     ] GC(497)   Pre Evacuate Collection Set: 0.0ms
[2023-11-17T20:20:18.013+0000][gc,phases     ] GC(497)   Evacuate Collection Set: 12.8ms
[2023-11-17T20:20:18.013+0000][gc,phases     ] GC(497)   Post Evacuate Collection Set: 0.4ms
[2023-11-17T20:20:18.013+0000][gc,phases     ] GC(497)   Other: 0.2ms
[2023-11-17T20:20:18.013+0000][gc,heap       ] GC(497) Eden regions: 22->0(25)
[2023-11-17T20:20:18.013+0000][gc,heap       ] GC(497) Survivor regions: 4->2(4)
[2023-11-17T20:20:18.013+0000][gc,heap       ] GC(497) Old regions: 51->53
[2023-11-17T20:20:18.013+0000][gc,heap       ] GC(497) Humongous regions: 147->147
[2023-11-17T20:20:18.013+0000][gc,metaspace  ] GC(497) Metaspace: 44754K(47512K)->44754K(47512K) NonClass: 39488K(40960K)->39488K(40960K) Class: 5266K(6552K)->5266K(6552K)
[2023-11-17T20:20:18.014+0000][gc            ] GC(497) Pause Young (Normal) (G1 Evacuation Pause) 222M->200M(512M) 13.536ms
[2023-11-17T20:20:18.014+0000][gc,cpu        ] GC(497) User=0.02s Sys=0.00s Real=0.02s
[2023-11-17T20:21:55.815+0000][gc,start      ] GC(498) Pause Young (Normal) (G1 Evacuation Pause)
[2023-11-17T20:21:55.815+0000][gc,task       ] GC(498) Using 2 workers of 2 for evacuation
[2023-11-17T20:21:55.827+0000][gc,phases     ] GC(498)   Pre Evacuate Collection Set: 0.0ms
[2023-11-17T20:21:55.827+0000][gc,phases     ] GC(498)   Evacuate Collection Set: 11.4ms
[2023-11-17T20:21:55.827+0000][gc,phases     ] GC(498)   Post Evacuate Collection Set: 0.4ms
[2023-11-17T20:21:55.827+0000][gc,phases     ] GC(498)   Other: 0.2ms
[2023-11-17T20:21:55.827+0000][gc,heap       ] GC(498) Eden regions: 25->0(25)
[2023-11-17T20:21:55.827+0000][gc,heap       ] GC(498) Survivor regions: 2->4(4)
[2023-11-17T20:21:55.827+0000][gc,heap       ] GC(498) Old regions: 53->54
[2023-11-17T20:21:55.827+0000][gc,heap       ] GC(498) Humongous regions: 147->147
[2023-11-17T20:21:55.827+0000][gc,metaspace  ] GC(498) Metaspace: 44754K(47512K)->44754K(47512K) NonClass: 39488K(40960K)->39488K(40960K) Class: 5266K(6552K)->5266K(6552K)
[2023-11-17T20:21:55.827+0000][gc            ] GC(498) Pause Young (Normal) (G1 Evacuation Pause) 225M->202M(512M) 12.144ms
[2023-11-17T20:21:55.827+0000][gc,cpu        ] GC(498) User=0.02s Sys=0.00s Real=0.01s
[2023-11-17T20:23:32.983+0000][gc,start      ] GC(499) Pause Young (Normal) (G1 Evacuation Pause)
[2023-11-17T20:23:32.983+0000][gc,task       ] GC(499) Using 2 workers of 2 for evacuation
[2023-11-17T20:23:32.996+0000][gc,phases     ] GC(499)   Pre Evacuate Collection Set: 0.0ms
[2023-11-17T20:23:32.996+0000][gc,phases     ] GC(499)   Evacuate Collection Set: 12.5ms
[2023-11-17T20:23:32.996+0000][gc,phases     ] GC(499)   Post Evacuate Collection Set: 0.3ms
[2023-11-17T20:23:32.996+0000][gc,phases     ] GC(499)   Other: 0.2ms
[2023-11-17T20:23:32.996+0000][gc,heap       ] GC(499) Eden regions: 25->0(28)
[2023-11-17T20:23:32.996+0000][gc,heap       ] GC(499) Survivor regions: 4->3(4)
[2023-11-17T20:23:32.996+0000][gc,heap       ] GC(499) Old regions: 54->56
[2023-11-17T20:23:32.996+0000][gc,heap       ] GC(499) Humongous regions: 147->147
[2023-11-17T20:23:32.996+0000][gc,metaspace  ] GC(499) Metaspace: 44754K(47512K)->44754K(47512K) NonClass: 39488K(40960K)->39488K(40960K) Class: 5266K(6552K)->5266K(6552K)
[2023-11-17T20:23:32.996+0000][gc            ] GC(499) Pause Young (Normal) (G1 Evacuation Pause) 227M->203M(512M) 13.068ms
[2023-11-17T20:23:32.996+0000][gc,cpu        ] GC(499) User=0.02s Sys=0.00s Real=0.02s
[2023-11-17T20:25:13.665+0000][gc,start      ] GC(500) Pause Young (Normal) (G1 Evacuation Pause)
[2023-11-17T20:25:13.665+0000][gc,task       ] GC(500) Using 2 workers of 2 for evacuation
[2023-11-17T20:25:13.674+0000][gc,phases     ] GC(500)   Pre Evacuate Collection Set: 0.0ms
[2023-11-17T20:25:13.674+0000][gc,phases     ] GC(500)   Evacuate Collection Set: 8.4ms
[2023-11-17T20:25:13.674+0000][gc,phases     ] GC(500)   Post Evacuate Collection Set: 0.3ms
[2023-11-17T20:25:13.674+0000][gc,phases     ] GC(500)   Other: 0.2ms
[2023-11-17T20:25:13.674+0000][gc,heap       ] GC(500) Eden regions: 26->0(32)
[2023-11-17T20:25:13.674+0000][gc,heap       ] GC(500) Survivor regions: 3->2(4)
[2023-11-17T20:25:13.674+0000][gc,heap       ] GC(500) Old regions: 56->57
[2023-11-17T20:25:13.674+0000][gc,heap       ] GC(500) Humongous regions: 147->147
[2023-11-17T20:25:13.674+0000][gc,metaspace  ] GC(500) Metaspace: 44754K(47512K)->44754K(47512K) NonClass: 39488K(40960K)->39488K(40960K) Class: 5266K(6552K)->5266K(6552K)
[2023-11-17T20:25:13.674+0000][gc            ] GC(500) Pause Young (Normal) (G1 Evacuation Pause) 229M->203M(512M) 9.042ms
[2023-11-17T20:25:13.674+0000][gc,cpu        ] GC(500) User=0.02s Sys=0.00s Real=0.02s
[2023-11-17T20:27:19.387+0000][gc,start      ] GC(501) Pause Young (Normal) (G1 Evacuation Pause)
[2023-11-17T20:27:19.387+0000][gc,task       ] GC(501) Using 2 workers of 2 for evacuation
[2023-11-17T20:27:19.409+0000][gc,mmu        ] GC(501) MMU target violated: 21.0ms (20.0ms/21.0ms)
[2023-11-17T20:27:19.409+0000][gc,phases     ] GC(501)   Pre Evacuate Collection Set: 0.0ms
[2023-11-17T20:27:19.409+0000][gc,phases     ] GC(501)   Evacuate Collection Set: 16.6ms
[2023-11-17T20:27:19.409+0000][gc,phases     ] GC(501)   Post Evacuate Collection Set: 5.3ms
[2023-11-17T20:27:19.409+0000][gc,phases     ] GC(501)   Other: 0.4ms
[2023-11-17T20:27:19.409+0000][gc,heap       ] GC(501) Eden regions: 32->0(28)
[2023-11-17T20:27:19.409+0000][gc,heap       ] GC(501) Survivor regions: 2->5(5)
[2023-11-17T20:27:19.409+0000][gc,heap       ] GC(501) Old regions: 57->57
[2023-11-17T20:27:19.409+0000][gc,heap       ] GC(501) Humongous regions: 147->147
[2023-11-17T20:27:19.409+0000][gc,metaspace  ] GC(501) Metaspace: 44754K(47512K)->44754K(47512K) NonClass: 39488K(40960K)->39488K(40960K) Class: 5266K(6552K)->5266K(6552K)
[2023-11-17T20:27:19.409+0000][gc            ] GC(501) Pause Young (Normal) (G1 Evacuation Pause) 235M->206M(512M) 22.276ms
[2023-11-17T20:27:19.409+0000][gc,cpu        ] GC(501) User=0.04s Sys=0.00s Real=0.02s
[2023-11-17T20:29:07.908+0000][gc,start      ] GC(502) Pause Young (Normal) (G1 Evacuation Pause)
[2023-11-17T20:29:07.908+0000][gc,task       ] GC(502) Using 2 workers of 2 for evacuation
[2023-11-17T20:29:07.927+0000][gc,phases     ] GC(502)   Pre Evacuate Collection Set: 0.0ms
[2023-11-17T20:29:07.927+0000][gc,phases     ] GC(502)   Evacuate Collection Set: 17.6ms
[2023-11-17T20:29:07.927+0000][gc,phases     ] GC(502)   Post Evacuate Collection Set: 0.6ms
[2023-11-17T20:29:07.927+0000][gc,phases     ] GC(502)   Other: 0.2ms
[2023-11-17T20:29:07.927+0000][gc,heap       ] GC(502) Eden regions: 28->0(29)
[2023-11-17T20:29:07.927+0000][gc,heap       ] GC(502) Survivor regions: 5->3(5)
[2023-11-17T20:29:07.927+0000][gc,heap       ] GC(502) Old regions: 57->59
[2023-11-17T20:29:07.927+0000][gc,heap       ] GC(502) Humongous regions: 147->147
[2023-11-17T20:29:07.927+0000][gc,metaspace  ] GC(502) Metaspace: 44754K(47512K)->44754K(47512K) NonClass: 39488K(40960K)->39488K(40960K) Class: 5266K(6552K)->5266K(6552K)
[2023-11-17T20:29:07.927+0000][gc            ] GC(502) Pause Young (Normal) (G1 Evacuation Pause) 234M->207M(512M) 18.573ms
[2023-11-17T20:29:07.927+0000][gc,cpu        ] GC(502) User=0.03s Sys=0.00s Real=0.02s
[2023-11-17T20:31:01.281+0000][gc,start      ] GC(503) Pause Young (Normal) (G1 Evacuation Pause)
[2023-11-17T20:31:01.282+0000][gc,task       ] GC(503) Using 2 workers of 2 for evacuation
[2023-11-17T20:31:01.294+0000][gc,phases     ] GC(503)   Pre Evacuate Collection Set: 0.0ms
[2023-11-17T20:31:01.294+0000][gc,phases     ] GC(503)   Evacuate Collection Set: 11.5ms
[2023-11-17T20:31:01.294+0000][gc,phases     ] GC(503)   Post Evacuate Collection Set: 1.0ms
[2023-11-17T20:31:01.294+0000][gc,phases     ] GC(503)   Other: 0.2ms
[2023-11-17T20:31:01.294+0000][gc,heap       ] GC(503) Eden regions: 29->0(31)
[2023-11-17T20:31:01.294+0000][gc,heap       ] GC(503) Survivor regions: 3->2(4)
[2023-11-17T20:31:01.294+0000][gc,heap       ] GC(503) Old regions: 59->60
[2023-11-17T20:31:01.294+0000][gc,heap       ] GC(503) Humongous regions: 147->147
[2023-11-17T20:31:01.294+0000][gc,metaspace  ] GC(503) Metaspace: 44754K(47512K)->44754K(47512K) NonClass: 39488K(40960K)->39488K(40960K) Class: 5266K(6552K)->5266K(6552K)
[2023-11-17T20:31:01.294+0000][gc            ] GC(503) Pause Young (Normal) (G1 Evacuation Pause) 236M->207M(512M) 12.880ms
[2023-11-17T20:31:01.294+0000][gc,cpu        ] GC(503) User=0.02s Sys=0.01s Real=0.02s
[2023-11-17T20:33:03.488+0000][gc,start      ] GC(504) Pause Young (Normal) (G1 Evacuation Pause)
[2023-11-17T20:33:03.488+0000][gc,task       ] GC(504) Using 2 workers of 2 for evacuation
[2023-11-17T20:33:03.508+0000][gc,phases     ] GC(504)   Pre Evacuate Collection Set: 0.0ms
[2023-11-17T20:33:03.508+0000][gc,phases     ] GC(504)   Evacuate Collection Set: 18.6ms
[2023-11-17T20:33:03.508+0000][gc,phases     ] GC(504)   Post Evacuate Collection Set: 1.1ms
[2023-11-17T20:33:03.508+0000][gc,phases     ] GC(504)   Other: 0.3ms
[2023-11-17T20:33:03.508+0000][gc,heap       ] GC(504) Eden regions: 31->0(29)
[2023-11-17T20:33:03.508+0000][gc,heap       ] GC(504) Survivor regions: 2->5(5)
[2023-11-17T20:33:03.508+0000][gc,heap       ] GC(504) Old regions: 60->60
[2023-11-17T20:33:03.508+0000][gc,heap       ] GC(504) Humongous regions: 147->147
[2023-11-17T20:33:03.508+0000][gc,metaspace  ] GC(504) Metaspace: 44754K(47512K)->44754K(47512K) NonClass: 39488K(40960K)->39488K(40960K) Class: 5266K(6552K)->5266K(6552K)
[2023-11-17T20:33:03.508+0000][gc            ] GC(504) Pause Young (Normal) (G1 Evacuation Pause) 238M->210M(512M) 20.142ms
[2023-11-17T20:33:03.508+0000][gc,cpu        ] GC(504) User=0.04s Sys=0.00s Real=0.02s
[2023-11-17T20:34:55.680+0000][gc,start      ] GC(505) Pause Young (Normal) (G1 Evacuation Pause)
[2023-11-17T20:34:55.680+0000][gc,task       ] GC(505) Using 2 workers of 2 for evacuation
[2023-11-17T20:34:55.702+0000][gc,mmu        ] GC(505) MMU target violated: 21.0ms (20.0ms/21.0ms)
[2023-11-17T20:34:55.702+0000][gc,phases     ] GC(505)   Pre Evacuate Collection Set: 0.0ms
[2023-11-17T20:34:55.702+0000][gc,phases     ] GC(505)   Evacuate Collection Set: 20.1ms
[2023-11-17T20:34:55.702+0000][gc,phases     ] GC(505)   Post Evacuate Collection Set: 0.7ms
[2023-11-17T20:34:55.702+0000][gc,phases     ] GC(505)   Other: 0.5ms
[2023-11-17T20:34:55.702+0000][gc,heap       ] GC(505) Eden regions: 29->0(29)
[2023-11-17T20:34:55.702+0000][gc,heap       ] GC(505) Survivor regions: 5->3(5)
[2023-11-17T20:34:55.702+0000][gc,heap       ] GC(505) Old regions: 60->63
[2023-11-17T20:34:55.702+0000][gc,heap       ] GC(505) Humongous regions: 147->147
[2023-11-17T20:34:55.702+0000][gc,metaspace  ] GC(505) Metaspace: 44754K(47512K)->44754K(47512K) NonClass: 39488K(40960K)->39488K(40960K) Class: 5266K(6552K)->5266K(6552K)
[2023-11-17T20:34:55.702+0000][gc            ] GC(505) Pause Young (Normal) (G1 Evacuation Pause) 239M->211M(512M) 21.456ms
[2023-11-17T20:34:55.702+0000][gc,cpu        ] GC(505) User=0.04s Sys=0.00s Real=0.02s
[2023-11-17T20:36:20.844+0000][gc,start      ] GC(506) Pause Young (Normal) (G1 Evacuation Pause)
[2023-11-17T20:36:20.844+0000][gc,task       ] GC(506) Using 2 workers of 2 for evacuation
[2023-11-17T20:36:20.853+0000][gc,phases     ] GC(506)   Pre Evacuate Collection Set: 0.0ms
[2023-11-17T20:36:20.853+0000][gc,phases     ] GC(506)   Evacuate Collection Set: 8.8ms
[2023-11-17T20:36:20.853+0000][gc,phases     ] GC(506)   Post Evacuate Collection Set: 0.3ms
[2023-11-17T20:36:20.853+0000][gc,phases     ] GC(506)   Other: 0.2ms
[2023-11-17T20:36:20.853+0000][gc,heap       ] GC(506) Eden regions: 22->0(32)
[2023-11-17T20:36:20.853+0000][gc,heap       ] GC(506) Survivor regions: 3->2(4)
[2023-11-17T20:36:20.853+0000][gc,heap       ] GC(506) Old regions: 63->64
[2023-11-17T20:36:20.853+0000][gc,heap       ] GC(506) Humongous regions: 147->147
[2023-11-17T20:36:20.853+0000][gc,metaspace  ] GC(506) Metaspace: 44754K(47512K)->44754K(47512K) NonClass: 39488K(40960K)->39488K(40960K) Class: 5266K(6552K)->5266K(6552K)
[2023-11-17T20:36:20.854+0000][gc            ] GC(506) Pause Young (Normal) (G1 Evacuation Pause) 233M->210M(512M) 9.461ms
[2023-11-17T20:36:20.854+0000][gc,cpu        ] GC(506) User=0.02s Sys=0.00s Real=0.02s
[2023-11-17T20:38:25.801+0000][gc,start      ] GC(507) Pause Young (Normal) (G1 Evacuation Pause)
[2023-11-17T20:38:25.801+0000][gc,task       ] GC(507) Using 2 workers of 2 for evacuation
[2023-11-17T20:38:25.814+0000][gc,phases     ] GC(507)   Pre Evacuate Collection Set: 0.0ms
[2023-11-17T20:38:25.814+0000][gc,phases     ] GC(507)   Evacuate Collection Set: 12.8ms
[2023-11-17T20:38:25.814+0000][gc,phases     ] GC(507)   Post Evacuate Collection Set: 0.4ms
[2023-11-17T20:38:25.814+0000][gc,phases     ] GC(507)   Other: 0.4ms
[2023-11-17T20:38:25.814+0000][gc,heap       ] GC(507) Eden regions: 32->0(32)
[2023-11-17T20:38:25.814+0000][gc,heap       ] GC(507) Survivor regions: 2->5(5)
[2023-11-17T20:38:25.814+0000][gc,heap       ] GC(507) Old regions: 64->64
[2023-11-17T20:38:25.814+0000][gc,heap       ] GC(507) Humongous regions: 147->147
[2023-11-17T20:38:25.814+0000][gc,metaspace  ] GC(507) Metaspace: 44754K(47512K)->44754K(47512K) NonClass: 39488K(40960K)->39488K(40960K) Class: 5266K(6552K)->5266K(6552K)
[2023-11-17T20:38:25.814+0000][gc            ] GC(507) Pause Young (Normal) (G1 Evacuation Pause) 242M->214M(512M) 13.567ms
[2023-11-17T20:38:25.814+0000][gc,cpu        ] GC(507) User=0.03s Sys=0.00s Real=0.02s
[2023-11-17T20:40:22.953+0000][gc,start      ] GC(508) Pause Young (Normal) (G1 Evacuation Pause)
[2023-11-17T20:40:22.953+0000][gc,task       ] GC(508) Using 2 workers of 2 for evacuation
[2023-11-17T20:40:22.986+0000][gc,mmu        ] GC(508) MMU target violated: 21.0ms (20.0ms/21.0ms)
[2023-11-17T20:40:22.986+0000][gc,phases     ] GC(508)   Pre Evacuate Collection Set: 0.0ms
[2023-11-17T20:40:22.986+0000][gc,phases     ] GC(508)   Evacuate Collection Set: 31.8ms
[2023-11-17T20:40:22.986+0000][gc,phases     ] GC(508)   Post Evacuate Collection Set: 0.6ms
[2023-11-17T20:40:22.986+0000][gc,phases     ] GC(508)   Other: 0.4ms
[2023-11-17T20:40:22.986+0000][gc,heap       ] GC(508) Eden regions: 30->0(22)
[2023-11-17T20:40:22.986+0000][gc,heap       ] GC(508) Survivor regions: 5->3(5)
[2023-11-17T20:40:22.986+0000][gc,heap       ] GC(508) Old regions: 64->67
[2023-11-17T20:40:22.986+0000][gc,heap       ] GC(508) Humongous regions: 147->147
[2023-11-17T20:40:22.986+0000][gc,metaspace  ] GC(508) Metaspace: 44755K(47512K)->44755K(47512K) NonClass: 39489K(40960K)->39489K(40960K) Class: 5266K(6552K)->5266K(6552K)
[2023-11-17T20:40:22.986+0000][gc            ] GC(508) Pause Young (Normal) (G1 Evacuation Pause) 244M->214M(512M) 32.911ms
[2023-11-17T20:40:22.986+0000][gc,cpu        ] GC(508) User=0.04s Sys=0.02s Real=0.04s
[2023-11-17T20:41:48.894+0000][gc,start      ] GC(509) Pause Young (Normal) (G1 Evacuation Pause)
[2023-11-17T20:41:48.894+0000][gc,task       ] GC(509) Using 2 workers of 2 for evacuation
[2023-11-17T20:41:48.911+0000][gc,phases     ] GC(509)   Pre Evacuate Collection Set: 0.0ms
[2023-11-17T20:41:48.911+0000][gc,phases     ] GC(509)   Evacuate Collection Set: 15.7ms
[2023-11-17T20:41:48.911+0000][gc,phases     ] GC(509)   Post Evacuate Collection Set: 0.4ms
[2023-11-17T20:41:48.911+0000][gc,phases     ] GC(509)   Other: 0.2ms
[2023-11-17T20:41:48.911+0000][gc,heap       ] GC(509) Eden regions: 22->0(22)
[2023-11-17T20:41:48.911+0000][gc,heap       ] GC(509) Survivor regions: 3->3(4)
[2023-11-17T20:41:48.911+0000][gc,heap       ] GC(509) Old regions: 67->69
[2023-11-17T20:41:48.911+0000][gc,heap       ] GC(509) Humongous regions: 147->147
[2023-11-17T20:41:48.911+0000][gc,metaspace  ] GC(509) Metaspace: 44755K(47512K)->44755K(47512K) NonClass: 39489K(40960K)->39489K(40960K) Class: 5266K(6552K)->5266K(6552K)
[2023-11-17T20:41:48.911+0000][gc            ] GC(509) Pause Young (Normal) (G1 Evacuation Pause) 236M->217M(512M) 16.431ms
[2023-11-17T20:41:48.911+0000][gc,cpu        ] GC(509) User=0.03s Sys=0.00s Real=0.01s
[2023-11-17T20:43:13.376+0000][gc,start      ] GC(510) Pause Young (Normal) (G1 Evacuation Pause)
[2023-11-17T20:43:13.376+0000][gc,task       ] GC(510) Using 2 workers of 2 for evacuation
[2023-11-17T20:43:13.393+0000][gc,phases     ] GC(510)   Pre Evacuate Collection Set: 0.0ms
[2023-11-17T20:43:13.393+0000][gc,phases     ] GC(510)   Evacuate Collection Set: 11.7ms
[2023-11-17T20:43:13.393+0000][gc,phases     ] GC(510)   Post Evacuate Collection Set: 5.4ms
[2023-11-17T20:43:13.393+0000][gc,phases     ] GC(510)   Other: 0.2ms
[2023-11-17T20:43:13.393+0000][gc,heap       ] GC(510) Eden regions: 22->0(22)
[2023-11-17T20:43:13.393+0000][gc,heap       ] GC(510) Survivor regions: 3->3(4)
[2023-11-17T20:43:13.393+0000][gc,heap       ] GC(510) Old regions: 69->71
[2023-11-17T20:43:13.393+0000][gc,heap       ] GC(510) Humongous regions: 147->147
[2023-11-17T20:43:13.393+0000][gc,metaspace  ] GC(510) Metaspace: 44755K(47512K)->44755K(47512K) NonClass: 39489K(40960K)->39489K(40960K) Class: 5266K(6552K)->5266K(6552K)
[2023-11-17T20:43:13.393+0000][gc            ] GC(510) Pause Young (Normal) (G1 Evacuation Pause) 239M->218M(512M) 17.418ms
[2023-11-17T20:43:13.393+0000][gc,cpu        ] GC(510) User=0.03s Sys=0.00s Real=0.01s
[2023-11-17T20:44:37.997+0000][gc,start      ] GC(511) Pause Young (Normal) (G1 Evacuation Pause)
[2023-11-17T20:44:37.997+0000][gc,task       ] GC(511) Using 2 workers of 2 for evacuation
[2023-11-17T20:44:38.010+0000][gc,phases     ] GC(511)   Pre Evacuate Collection Set: 0.0ms
[2023-11-17T20:44:38.010+0000][gc,phases     ] GC(511)   Evacuate Collection Set: 12.4ms
[2023-11-17T20:44:38.010+0000][gc,phases     ] GC(511)   Post Evacuate Collection Set: 0.6ms
[2023-11-17T20:44:38.010+0000][gc,phases     ] GC(511)   Other: 0.4ms
[2023-11-17T20:44:38.010+0000][gc,heap       ] GC(511) Eden regions: 22->0(24)
[2023-11-17T20:44:38.010+0000][gc,heap       ] GC(511) Survivor regions: 3->1(4)
[2023-11-17T20:44:38.010+0000][gc,heap       ] GC(511) Old regions: 71->72
[2023-11-17T20:44:38.010+0000][gc,heap       ] GC(511) Humongous regions: 147->147
[2023-11-17T20:44:38.010+0000][gc,metaspace  ] GC(511) Metaspace: 44755K(47512K)->44755K(47512K) NonClass: 39489K(40960K)->39489K(40960K) Class: 5266K(6552K)->5266K(6552K)
[2023-11-17T20:44:38.010+0000][gc            ] GC(511) Pause Young (Normal) (G1 Evacuation Pause) 240M->217M(512M) 13.492ms
[2023-11-17T20:44:38.010+0000][gc,cpu        ] GC(511) User=0.02s Sys=0.00s Real=0.01s
[2023-11-17T20:46:11.340+0000][gc,start      ] GC(512) Pause Young (Normal) (G1 Evacuation Pause)
[2023-11-17T20:46:11.341+0000][gc,task       ] GC(512) Using 2 workers of 2 for evacuation
[2023-11-17T20:46:11.353+0000][gc,phases     ] GC(512)   Pre Evacuate Collection Set: 0.0ms
[2023-11-17T20:46:11.353+0000][gc,phases     ] GC(512)   Evacuate Collection Set: 11.8ms
[2023-11-17T20:46:11.353+0000][gc,phases     ] GC(512)   Post Evacuate Collection Set: 0.4ms
[2023-11-17T20:46:11.353+0000][gc,phases     ] GC(512)   Other: 0.3ms
[2023-11-17T20:46:11.353+0000][gc,heap       ] GC(512) Eden regions: 24->0(23)
[2023-11-17T20:46:11.353+0000][gc,heap       ] GC(512) Survivor regions: 1->4(4)
[2023-11-17T20:46:11.353+0000][gc,heap       ] GC(512) Old regions: 72->72
[2023-11-17T20:46:11.353+0000][gc,heap       ] GC(512) Humongous regions: 147->147
[2023-11-17T20:46:11.353+0000][gc,metaspace  ] GC(512) Metaspace: 44755K(47512K)->44755K(47512K) NonClass: 39489K(40960K)->39489K(40960K) Class: 5266K(6552K)->5266K(6552K)
[2023-11-17T20:46:11.353+0000][gc            ] GC(512) Pause Young (Normal) (G1 Evacuation Pause) 241M->220M(512M) 12.533ms
[2023-11-17T20:46:11.353+0000][gc,cpu        ] GC(512) User=0.03s Sys=0.00s Real=0.01s
[2023-11-17T20:47:40.511+0000][gc,start      ] GC(513) Pause Young (Normal) (G1 Evacuation Pause)
[2023-11-17T20:47:40.511+0000][gc,task       ] GC(513) Using 2 workers of 2 for evacuation
[2023-11-17T20:47:40.525+0000][gc,phases     ] GC(513)   Pre Evacuate Collection Set: 0.0ms
[2023-11-17T20:47:40.525+0000][gc,phases     ] GC(513)   Evacuate Collection Set: 13.4ms
[2023-11-17T20:47:40.525+0000][gc,phases     ] GC(513)   Post Evacuate Collection Set: 0.3ms
[2023-11-17T20:47:40.525+0000][gc,phases     ] GC(513)   Other: 0.2ms
[2023-11-17T20:47:40.525+0000][gc,heap       ] GC(513) Eden regions: 23->0(25)
[2023-11-17T20:47:40.525+0000][gc,heap       ] GC(513) Survivor regions: 4->2(4)
[2023-11-17T20:47:40.525+0000][gc,heap       ] GC(513) Old regions: 72->74
[2023-11-17T20:47:40.525+0000][gc,heap       ] GC(513) Humongous regions: 147->147
[2023-11-17T20:47:40.525+0000][gc,metaspace  ] GC(513) Metaspace: 44755K(47512K)->44755K(47512K) NonClass: 39489K(40960K)->39489K(40960K) Class: 5266K(6552K)->5266K(6552K)
[2023-11-17T20:47:40.525+0000][gc            ] GC(513) Pause Young (Normal) (G1 Evacuation Pause) 243M->220M(512M) 14.026ms
[2023-11-17T20:47:40.525+0000][gc,cpu        ] GC(513) User=0.02s Sys=0.00s Real=0.01s
[2023-11-17T20:49:13.685+0000][gc,start      ] GC(514) Pause Young (Normal) (G1 Evacuation Pause)
[2023-11-17T20:49:13.685+0000][gc,task       ] GC(514) Using 2 workers of 2 for evacuation
[2023-11-17T20:49:13.696+0000][gc,phases     ] GC(514)   Pre Evacuate Collection Set: 0.0ms
[2023-11-17T20:49:13.696+0000][gc,phases     ] GC(514)   Evacuate Collection Set: 10.9ms
[2023-11-17T20:49:13.696+0000][gc,phases     ] GC(514)   Post Evacuate Collection Set: 0.4ms
[2023-11-17T20:49:13.696+0000][gc,phases     ] GC(514)   Other: 0.2ms
[2023-11-17T20:49:13.696+0000][gc,heap       ] GC(514) Eden regions: 24->0(26)
[2023-11-17T20:49:13.696+0000][gc,heap       ] GC(514) Survivor regions: 2->4(4)
[2023-11-17T20:49:13.696+0000][gc,heap       ] GC(514) Old regions: 74->74
[2023-11-17T20:49:13.696+0000][gc,heap       ] GC(514) Humongous regions: 147->147
[2023-11-17T20:49:13.696+0000][gc,metaspace  ] GC(514) Metaspace: 44755K(47512K)->44755K(47512K) NonClass: 39489K(40960K)->39489K(40960K) Class: 5266K(6552K)->5266K(6552K)
[2023-11-17T20:49:13.696+0000][gc            ] GC(514) Pause Young (Normal) (G1 Evacuation Pause) 244M->222M(512M) 11.666ms
[2023-11-17T20:49:13.696+0000][gc,cpu        ] GC(514) User=0.02s Sys=0.00s Real=0.02s
[2023-11-17T20:50:54.869+0000][gc,start      ] GC(515) Pause Young (Normal) (G1 Evacuation Pause)
[2023-11-17T20:50:54.870+0000][gc,task       ] GC(515) Using 2 workers of 2 for evacuation
[2023-11-17T20:50:54.884+0000][gc,phases     ] GC(515)   Pre Evacuate Collection Set: 0.0ms
[2023-11-17T20:50:54.884+0000][gc,phases     ] GC(515)   Evacuate Collection Set: 13.8ms
[2023-11-17T20:50:54.884+0000][gc,phases     ] GC(515)   Post Evacuate Collection Set: 0.7ms
[2023-11-17T20:50:54.884+0000][gc,phases     ] GC(515)   Other: 0.6ms
[2023-11-17T20:50:54.884+0000][gc,heap       ] GC(515) Eden regions: 26->0(29)
[2023-11-17T20:50:54.884+0000][gc,heap       ] GC(515) Survivor regions: 4->3(4)
[2023-11-17T20:50:54.884+0000][gc,heap       ] GC(515) Old regions: 74->76
[2023-11-17T20:50:54.884+0000][gc,heap       ] GC(515) Humongous regions: 147->147
[2023-11-17T20:50:54.884+0000][gc,metaspace  ] GC(515) Metaspace: 44755K(47512K)->44755K(47512K) NonClass: 39489K(40960K)->39489K(40960K) Class: 5266K(6552K)->5266K(6552K)
[2023-11-17T20:50:54.884+0000][gc            ] GC(515) Pause Young (Normal) (G1 Evacuation Pause) 248M->223M(512M) 15.203ms
[2023-11-17T20:50:54.884+0000][gc,cpu        ] GC(515) User=0.02s Sys=0.00s Real=0.01s
[2023-11-17T20:52:36.545+0000][gc,start      ] GC(516) Pause Young (Normal) (G1 Evacuation Pause)
[2023-11-17T20:52:36.545+0000][gc,task       ] GC(516) Using 2 workers of 2 for evacuation
[2023-11-17T20:52:36.561+0000][gc,phases     ] GC(516)   Pre Evacuate Collection Set: 0.0ms
[2023-11-17T20:52:36.561+0000][gc,phases     ] GC(516)   Evacuate Collection Set: 15.3ms
[2023-11-17T20:52:36.561+0000][gc,phases     ] GC(516)   Post Evacuate Collection Set: 0.4ms
[2023-11-17T20:52:36.561+0000][gc,phases     ] GC(516)   Other: 0.2ms
[2023-11-17T20:52:36.561+0000][gc,heap       ] GC(516) Eden regions: 26->0(28)
[2023-11-17T20:52:36.561+0000][gc,heap       ] GC(516) Survivor regions: 3->4(4)
[2023-11-17T20:52:36.561+0000][gc,heap       ] GC(516) Old regions: 76->76
[2023-11-17T20:52:36.561+0000][gc,heap       ] GC(516) Humongous regions: 147->147
[2023-11-17T20:52:36.561+0000][gc,metaspace  ] GC(516) Metaspace: 44755K(47512K)->44755K(47512K) NonClass: 39489K(40960K)->39489K(40960K) Class: 5266K(6552K)->5266K(6552K)
[2023-11-17T20:52:36.561+0000][gc            ] GC(516) Pause Young (Normal) (G1 Evacuation Pause) 249M->225M(512M) 16.002ms
[2023-11-17T20:52:36.561+0000][gc,cpu        ] GC(516) User=0.03s Sys=0.01s Real=0.02s
[2023-11-17T20:54:25.056+0000][gc,start      ] GC(517) Pause Young (Normal) (G1 Evacuation Pause)
[2023-11-17T20:54:25.056+0000][gc,task       ] GC(517) Using 2 workers of 2 for evacuation
[2023-11-17T20:54:25.070+0000][gc,phases     ] GC(517)   Pre Evacuate Collection Set: 0.0ms
[2023-11-17T20:54:25.070+0000][gc,phases     ] GC(517)   Evacuate Collection Set: 12.8ms
[2023-11-17T20:54:25.070+0000][gc,phases     ] GC(517)   Post Evacuate Collection Set: 0.6ms
[2023-11-17T20:54:25.070+0000][gc,phases     ] GC(517)   Other: 0.4ms
[2023-11-17T20:54:25.070+0000][gc,heap       ] GC(517) Eden regions: 28->0(29)
[2023-11-17T20:54:25.070+0000][gc,heap       ] GC(517) Survivor regions: 4->3(4)
[2023-11-17T20:54:25.070+0000][gc,heap       ] GC(517) Old regions: 76->78
[2023-11-17T20:54:25.070+0000][gc,heap       ] GC(517) Humongous regions: 147->147
[2023-11-17T20:54:25.070+0000][gc,metaspace  ] GC(517) Metaspace: 44755K(47512K)->44755K(47512K) NonClass: 39489K(40960K)->39489K(40960K) Class: 5266K(6552K)->5266K(6552K)
[2023-11-17T20:54:25.070+0000][gc            ] GC(517) Pause Young (Normal) (G1 Evacuation Pause) 253M->226M(512M) 13.830ms
[2023-11-17T20:54:25.070+0000][gc,cpu        ] GC(517) User=0.02s Sys=0.00s Real=0.01s
[2023-11-17T20:56:13.955+0000][gc,start      ] GC(518) Pause Young (Normal) (G1 Evacuation Pause)
[2023-11-17T20:56:13.955+0000][gc,task       ] GC(518) Using 2 workers of 2 for evacuation
[2023-11-17T20:56:13.966+0000][gc,phases     ] GC(518)   Pre Evacuate Collection Set: 0.1ms
[2023-11-17T20:56:13.966+0000][gc,phases     ] GC(518)   Evacuate Collection Set: 10.0ms
[2023-11-17T20:56:13.966+0000][gc,phases     ] GC(518)   Post Evacuate Collection Set: 0.5ms
[2023-11-17T20:56:13.966+0000][gc,phases     ] GC(518)   Other: 0.6ms
[2023-11-17T20:56:13.966+0000][gc,heap       ] GC(518) Eden regions: 28->0(32)
[2023-11-17T20:56:13.966+0000][gc,heap       ] GC(518) Survivor regions: 3->2(4)
[2023-11-17T20:56:13.966+0000][gc,heap       ] GC(518) Old regions: 78->79
[2023-11-17T20:56:13.966+0000][gc,heap       ] GC(518) Humongous regions: 147->147
[2023-11-17T20:56:13.966+0000][gc,metaspace  ] GC(518) Metaspace: 44755K(47512K)->44755K(47512K) NonClass: 39489K(40960K)->39489K(40960K) Class: 5266K(6552K)->5266K(6552K)
[2023-11-17T20:56:13.966+0000][gc            ] GC(518) Pause Young (Normal) (G1 Evacuation Pause) 254M->226M(512M) 11.004ms
[2023-11-17T20:56:13.966+0000][gc,cpu        ] GC(518) User=0.01s Sys=0.00s Real=0.01s
[2023-11-17T20:58:10.941+0000][gc,start      ] GC(519) Pause Young (Normal) (G1 Evacuation Pause)
[2023-11-17T20:58:10.941+0000][gc,task       ] GC(519) Using 2 workers of 2 for evacuation
[2023-11-17T20:58:10.956+0000][gc,phases     ] GC(519)   Pre Evacuate Collection Set: 0.0ms
[2023-11-17T20:58:10.956+0000][gc,phases     ] GC(519)   Evacuate Collection Set: 15.0ms
[2023-11-17T20:58:10.956+0000][gc,phases     ] GC(519)   Post Evacuate Collection Set: 0.4ms
[2023-11-17T20:58:10.956+0000][gc,phases     ] GC(519)   Other: 0.2ms
[2023-11-17T20:58:10.956+0000][gc,heap       ] GC(519) Eden regions: 30->0(31)
[2023-11-17T20:58:10.956+0000][gc,heap       ] GC(519) Survivor regions: 2->4(4)
[2023-11-17T20:58:10.956+0000][gc,heap       ] GC(519) Old regions: 79->81
[2023-11-17T20:58:10.956+0000][gc,heap       ] GC(519) Humongous regions: 147->147
[2023-11-17T20:58:10.956+0000][gc,metaspace  ] GC(519) Metaspace: 44755K(47512K)->44755K(47512K) NonClass: 39489K(40960K)->39489K(40960K) Class: 5266K(6552K)->5266K(6552K)
[2023-11-17T20:58:10.956+0000][gc            ] GC(519) Pause Young (Normal) (G1 Evacuation Pause) 256M->229M(512M) 15.708ms
[2023-11-17T20:58:10.956+0000][gc,cpu        ] GC(519) User=0.03s Sys=0.00s Real=0.02s
[2023-11-17T21:00:11.220+0000][gc,start      ] GC(520) Pause Young (Normal) (G1 Evacuation Pause)
[2023-11-17T21:00:11.220+0000][gc,task       ] GC(520) Using 2 workers of 2 for evacuation
[2023-11-17T21:00:11.243+0000][gc,mmu        ] GC(520) MMU target violated: 21.0ms (20.0ms/21.0ms)
[2023-11-17T21:00:11.243+0000][gc,phases     ] GC(520)   Pre Evacuate Collection Set: 0.0ms
[2023-11-17T21:00:11.243+0000][gc,phases     ] GC(520)   Evacuate Collection Set: 22.3ms
[2023-11-17T21:00:11.243+0000][gc,phases     ] GC(520)   Post Evacuate Collection Set: 0.4ms
[2023-11-17T21:00:11.243+0000][gc,phases     ] GC(520)   Other: 0.3ms
[2023-11-17T21:00:11.243+0000][gc,heap       ] GC(520) Eden regions: 31->0(30)
[2023-11-17T21:00:11.243+0000][gc,heap       ] GC(520) Survivor regions: 4->4(5)
[2023-11-17T21:00:11.243+0000][gc,heap       ] GC(520) Old regions: 81->83
[2023-11-17T21:00:11.243+0000][gc,heap       ] GC(520) Humongous regions: 147->147
[2023-11-17T21:00:11.243+0000][gc,metaspace  ] GC(520) Metaspace: 44756K(47512K)->44756K(47512K) NonClass: 39490K(40960K)->39490K(40960K) Class: 5266K(6552K)->5266K(6552K)
[2023-11-17T21:00:11.243+0000][gc            ] GC(520) Pause Young (Normal) (G1 Evacuation Pause) 260M->231M(512M) 23.041ms
[2023-11-17T21:00:11.243+0000][gc,cpu        ] GC(520) User=0.04s Sys=0.00s Real=0.02s
[2023-11-17T21:02:08.792+0000][gc,start      ] GC(521) Pause Young (Normal) (G1 Evacuation Pause)
[2023-11-17T21:02:08.792+0000][gc,task       ] GC(521) Using 2 workers of 2 for evacuation
[2023-11-17T21:02:08.809+0000][gc,phases     ] GC(521)   Pre Evacuate Collection Set: 0.0ms
[2023-11-17T21:02:08.809+0000][gc,phases     ] GC(521)   Evacuate Collection Set: 16.3ms
[2023-11-17T21:02:08.809+0000][gc,phases     ] GC(521)   Post Evacuate Collection Set: 0.8ms
[2023-11-17T21:02:08.809+0000][gc,phases     ] GC(521)   Other: 0.4ms
[2023-11-17T21:02:08.809+0000][gc,heap       ] GC(521) Eden regions: 30->0(29)
[2023-11-17T21:02:08.809+0000][gc,heap       ] GC(521) Survivor regions: 4->3(5)
[2023-11-17T21:02:08.809+0000][gc,heap       ] GC(521) Old regions: 83->84
[2023-11-17T21:02:08.809+0000][gc,heap       ] GC(521) Humongous regions: 147->147
[2023-11-17T21:02:08.809+0000][gc,metaspace  ] GC(521) Metaspace: 44756K(47512K)->44756K(47512K) NonClass: 39490K(40960K)->39490K(40960K) Class: 5266K(6552K)->5266K(6552K)
[2023-11-17T21:02:08.809+0000][gc            ] GC(521) Pause Young (Normal) (G1 Evacuation Pause) 261M->232M(512M) 17.529ms
[2023-11-17T21:02:08.809+0000][gc,cpu        ] GC(521) User=0.03s Sys=0.00s Real=0.02s
[2023-11-17T21:03:50.640+0000][gc,start      ] GC(522) Pause Young (Normal) (G1 Evacuation Pause)
[2023-11-17T21:03:50.640+0000][gc,task       ] GC(522) Using 2 workers of 2 for evacuation
[2023-11-17T21:03:50.656+0000][gc,phases     ] GC(522)   Pre Evacuate Collection Set: 0.0ms
[2023-11-17T21:03:50.656+0000][gc,phases     ] GC(522)   Evacuate Collection Set: 15.9ms
[2023-11-17T21:03:50.656+0000][gc,phases     ] GC(522)   Post Evacuate Collection Set: 0.3ms
[2023-11-17T21:03:50.656+0000][gc,phases     ] GC(522)   Other: 0.2ms
[2023-11-17T21:03:50.656+0000][gc,heap       ] GC(522) Eden regions: 26->0(29)
[2023-11-17T21:03:50.656+0000][gc,heap       ] GC(522) Survivor regions: 3->3(4)
[2023-11-17T21:03:50.656+0000][gc,heap       ] GC(522) Old regions: 84->86
[2023-11-17T21:03:50.656+0000][gc,heap       ] GC(522) Humongous regions: 147->147
[2023-11-17T21:03:50.656+0000][gc,metaspace  ] GC(522) Metaspace: 44756K(47512K)->44756K(47512K) NonClass: 39490K(40960K)->39490K(40960K) Class: 5266K(6552K)->5266K(6552K)
[2023-11-17T21:03:50.656+0000][gc            ] GC(522) Pause Young (Normal) (G1 Evacuation Pause) 258M->234M(512M) 16.563ms
[2023-11-17T21:03:50.656+0000][gc,cpu        ] GC(522) User=0.03s Sys=0.00s Real=0.02s
[2023-11-17T21:05:27.264+0000][gc,start      ] GC(523) Pause Young (Normal) (G1 Evacuation Pause)
[2023-11-17T21:05:27.264+0000][gc,task       ] GC(523) Using 2 workers of 2 for evacuation
[2023-11-17T21:05:27.277+0000][gc,phases     ] GC(523)   Pre Evacuate Collection Set: 0.0ms
[2023-11-17T21:05:27.277+0000][gc,phases     ] GC(523)   Evacuate Collection Set: 12.1ms
[2023-11-17T21:05:27.277+0000][gc,phases     ] GC(523)   Post Evacuate Collection Set: 0.3ms
[2023-11-17T21:05:27.277+0000][gc,phases     ] GC(523)   Other: 0.2ms
[2023-11-17T21:05:27.277+0000][gc,heap       ] GC(523) Eden regions: 25->0(33)
[2023-11-17T21:05:27.277+0000][gc,heap       ] GC(523) Survivor regions: 3->3(4)
[2023-11-17T21:05:27.277+0000][gc,heap       ] GC(523) Old regions: 86->88
[2023-11-17T21:05:27.277+0000][gc,heap       ] GC(523) Humongous regions: 147->147
[2023-11-17T21:05:27.277+0000][gc,metaspace  ] GC(523) Metaspace: 44756K(47512K)->44756K(47512K) NonClass: 39490K(40960K)->39490K(40960K) Class: 5266K(6552K)->5266K(6552K)
[2023-11-17T21:05:27.277+0000][gc            ] GC(523) Pause Young (Normal) (G1 Evacuation Pause) 259M->235M(512M) 12.774ms
[2023-11-17T21:05:27.277+0000][gc,cpu        ] GC(523) User=0.02s Sys=0.00s Real=0.02s
[2023-11-17T21:07:20.921+0000][gc,start      ] GC(524) Pause Young (Normal) (G1 Evacuation Pause)
[2023-11-17T21:07:20.921+0000][gc,task       ] GC(524) Using 2 workers of 2 for evacuation
[2023-11-17T21:07:20.932+0000][gc,phases     ] GC(524)   Pre Evacuate Collection Set: 0.0ms
[2023-11-17T21:07:20.932+0000][gc,phases     ] GC(524)   Evacuate Collection Set: 10.2ms
[2023-11-17T21:07:20.932+0000][gc,phases     ] GC(524)   Post Evacuate Collection Set: 0.4ms
[2023-11-17T21:07:20.932+0000][gc,phases     ] GC(524)   Other: 0.2ms
[2023-11-17T21:07:20.932+0000][gc,heap       ] GC(524) Eden regions: 29->0(38)
[2023-11-17T21:07:20.932+0000][gc,heap       ] GC(524) Survivor regions: 3->2(4)
[2023-11-17T21:07:20.932+0000][gc,heap       ] GC(524) Old regions: 88->89
[2023-11-17T21:07:20.932+0000][gc,heap       ] GC(524) Humongous regions: 147->147
[2023-11-17T21:07:20.932+0000][gc,metaspace  ] GC(524) Metaspace: 44756K(47512K)->44756K(47512K) NonClass: 39490K(40960K)->39490K(40960K) Class: 5266K(6552K)->5266K(6552K)
[2023-11-17T21:07:20.932+0000][gc            ] GC(524) Pause Young (Normal) (G1 Evacuation Pause) 264M->236M(512M) 10.851ms
[2023-11-17T21:07:20.932+0000][gc,cpu        ] GC(524) User=0.02s Sys=0.00s Real=0.01s
[2023-11-17T21:08:45.068+0000][gc,start      ] GC(525) Pause Young (Normal) (G1 Evacuation Pause)
[2023-11-17T21:08:45.068+0000][gc,task       ] GC(525) Using 2 workers of 2 for evacuation
[2023-11-17T21:08:45.089+0000][gc,mmu        ] GC(525) MMU target violated: 21.0ms (20.0ms/21.0ms)
[2023-11-17T21:08:45.089+0000][gc,phases     ] GC(525)   Pre Evacuate Collection Set: 0.0ms
[2023-11-17T21:08:45.089+0000][gc,phases     ] GC(525)   Evacuate Collection Set: 20.5ms
[2023-11-17T21:08:45.089+0000][gc,phases     ] GC(525)   Post Evacuate Collection Set: 0.4ms
[2023-11-17T21:08:45.089+0000][gc,phases     ] GC(525)   Other: 0.3ms
[2023-11-17T21:08:45.089+0000][gc,heap       ] GC(525) Eden regions: 27->0(28)
[2023-11-17T21:08:45.089+0000][gc,heap       ] GC(525) Survivor regions: 2->4(4)
[2023-11-17T21:08:45.089+0000][gc,heap       ] GC(525) Old regions: 89->92
[2023-11-17T21:08:45.089+0000][gc,heap       ] GC(525) Humongous regions: 147->147
[2023-11-17T21:08:45.089+0000][gc,metaspace  ] GC(525) Metaspace: 44758K(47512K)->44758K(47512K) NonClass: 39491K(40960K)->39491K(40960K) Class: 5266K(6552K)->5266K(6552K)
[2023-11-17T21:08:45.089+0000][gc            ] GC(525) Pause Young (Normal) (G1 Evacuation Pause) 263M->241M(512M) 21.222ms
[2023-11-17T21:08:45.089+0000][gc,cpu        ] GC(525) User=0.04s Sys=0.00s Real=0.02s
[2023-11-17T21:10:33.321+0000][gc,start      ] GC(526) Pause Young (Normal) (G1 Evacuation Pause)
[2023-11-17T21:10:33.321+0000][gc,task       ] GC(526) Using 2 workers of 2 for evacuation
[2023-11-17T21:10:33.334+0000][gc,phases     ] GC(526)   Pre Evacuate Collection Set: 0.0ms
[2023-11-17T21:10:33.334+0000][gc,phases     ] GC(526)   Evacuate Collection Set: 12.5ms
[2023-11-17T21:10:33.335+0000][gc,phases     ] GC(526)   Post Evacuate Collection Set: 0.4ms
[2023-11-17T21:10:33.335+0000][gc,phases     ] GC(526)   Other: 0.2ms
[2023-11-17T21:10:33.335+0000][gc,heap       ] GC(526) Eden regions: 28->0(30)
[2023-11-17T21:10:33.335+0000][gc,heap       ] GC(526) Survivor regions: 4->3(4)
[2023-11-17T21:10:33.335+0000][gc,heap       ] GC(526) Old regions: 92->95
[2023-11-17T21:10:33.335+0000][gc,heap       ] GC(526) Humongous regions: 147->147
[2023-11-17T21:10:33.335+0000][gc,metaspace  ] GC(526) Metaspace: 44759K(47512K)->44759K(47512K) NonClass: 39492K(40960K)->39492K(40960K) Class: 5266K(6552K)->5266K(6552K)
[2023-11-17T21:10:33.335+0000][gc            ] GC(526) Pause Young (Normal) (G1 Evacuation Pause) 269M->243M(512M) 13.166ms
[2023-11-17T21:10:33.335+0000][gc,cpu        ] GC(526) User=0.02s Sys=0.00s Real=0.02s
[2023-11-17T21:12:30.352+0000][gc,start      ] GC(527) Pause Young (Normal) (G1 Evacuation Pause)
[2023-11-17T21:12:30.352+0000][gc,task       ] GC(527) Using 2 workers of 2 for evacuation
[2023-11-17T21:12:30.373+0000][gc,mmu        ] GC(527) MMU target violated: 20.8ms (20.0ms/21.0ms)
[2023-11-17T21:12:30.373+0000][gc,phases     ] GC(527)   Pre Evacuate Collection Set: 0.0ms
[2023-11-17T21:12:30.373+0000][gc,phases     ] GC(527)   Evacuate Collection Set: 20.2ms
[2023-11-17T21:12:30.373+0000][gc,phases     ] GC(527)   Post Evacuate Collection Set: 0.5ms
[2023-11-17T21:12:30.373+0000][gc,phases     ] GC(527)   Other: 0.2ms
[2023-11-17T21:12:30.373+0000][gc,heap       ] GC(527) Eden regions: 30->0(22)
[2023-11-17T21:12:30.373+0000][gc,heap       ] GC(527) Survivor regions: 3->3(5)
[2023-11-17T21:12:30.373+0000][gc,heap       ] GC(527) Old regions: 95->95
[2023-11-17T21:12:30.373+0000][gc,heap       ] GC(527) Humongous regions: 147->147
[2023-11-17T21:12:30.373+0000][gc,metaspace  ] GC(527) Metaspace: 44759K(47512K)->44759K(47512K) NonClass: 39492K(40960K)->39492K(40960K) Class: 5266K(6552K)->5266K(6552K)
[2023-11-17T21:12:30.373+0000][gc            ] GC(527) Pause Young (Normal) (G1 Evacuation Pause) 273M->243M(512M) 21.022ms
[2023-11-17T21:12:30.373+0000][gc,cpu        ] GC(527) User=0.03s Sys=0.01s Real=0.02s
[2023-11-17T21:13:55.657+0000][gc,start      ] GC(528) Pause Young (Normal) (G1 Evacuation Pause)
[2023-11-17T21:13:55.657+0000][gc,task       ] GC(528) Using 2 workers of 2 for evacuation
[2023-11-17T21:13:55.669+0000][gc,phases     ] GC(528)   Pre Evacuate Collection Set: 0.0ms
[2023-11-17T21:13:55.669+0000][gc,phases     ] GC(528)   Evacuate Collection Set: 11.7ms
[2023-11-17T21:13:55.669+0000][gc,phases     ] GC(528)   Post Evacuate Collection Set: 0.3ms
[2023-11-17T21:13:55.669+0000][gc,phases     ] GC(528)   Other: 0.5ms
[2023-11-17T21:13:55.669+0000][gc,heap       ] GC(528) Eden regions: 22->0(22)
[2023-11-17T21:13:55.669+0000][gc,heap       ] GC(528) Survivor regions: 3->4(4)
[2023-11-17T21:13:55.669+0000][gc,heap       ] GC(528) Old regions: 95->97
[2023-11-17T21:13:55.669+0000][gc,heap       ] GC(528) Humongous regions: 147->147
[2023-11-17T21:13:55.669+0000][gc,metaspace  ] GC(528) Metaspace: 44760K(47512K)->44760K(47512K) NonClass: 39494K(40960K)->39494K(40960K) Class: 5266K(6552K)->5266K(6552K)
[2023-11-17T21:13:55.669+0000][gc            ] GC(528) Pause Young (Normal) (G1 Evacuation Pause) 265M->245M(512M) 12.534ms
[2023-11-17T21:13:55.669+0000][gc,cpu        ] GC(528) User=0.03s Sys=0.00s Real=0.01s
[2023-11-17T21:15:20.467+0000][gc,start      ] GC(529) Pause Young (Normal) (G1 Evacuation Pause)
[2023-11-17T21:15:20.467+0000][gc,task       ] GC(529) Using 2 workers of 2 for evacuation
[2023-11-17T21:15:20.478+0000][gc,phases     ] GC(529)   Pre Evacuate Collection Set: 0.0ms
[2023-11-17T21:15:20.478+0000][gc,phases     ] GC(529)   Evacuate Collection Set: 10.4ms
[2023-11-17T21:15:20.478+0000][gc,phases     ] GC(529)   Post Evacuate Collection Set: 0.6ms
[2023-11-17T21:15:20.478+0000][gc,phases     ] GC(529)   Other: 0.3ms
[2023-11-17T21:15:20.478+0000][gc,heap       ] GC(529) Eden regions: 22->0(25)
[2023-11-17T21:15:20.478+0000][gc,heap       ] GC(529) Survivor regions: 4->2(4)
[2023-11-17T21:15:20.478+0000][gc,heap       ] GC(529) Old regions: 97->99
[2023-11-17T21:15:20.478+0000][gc,heap       ] GC(529) Humongous regions: 147->147
[2023-11-17T21:15:20.478+0000][gc,metaspace  ] GC(529) Metaspace: 44774K(47512K)->44774K(47512K) NonClass: 39508K(40960K)->39508K(40960K) Class: 5266K(6552K)->5266K(6552K)
[2023-11-17T21:15:20.478+0000][gc            ] GC(529) Pause Young (Normal) (G1 Evacuation Pause) 267M->245M(512M) 11.323ms
[2023-11-17T21:15:20.478+0000][gc,cpu        ] GC(529) User=0.02s Sys=0.00s Real=0.01s
[2023-11-17T21:16:57.902+0000][gc,start      ] GC(530) Pause Young (Normal) (G1 Evacuation Pause)
[2023-11-17T21:16:57.902+0000][gc,task       ] GC(530) Using 2 workers of 2 for evacuation
[2023-11-17T21:16:57.916+0000][gc,phases     ] GC(530)   Pre Evacuate Collection Set: 0.0ms
[2023-11-17T21:16:57.916+0000][gc,phases     ] GC(530)   Evacuate Collection Set: 13.2ms
[2023-11-17T21:16:57.916+0000][gc,phases     ] GC(530)   Post Evacuate Collection Set: 0.8ms
[2023-11-17T21:16:57.916+0000][gc,phases     ] GC(530)   Other: 0.6ms
[2023-11-17T21:16:57.916+0000][gc,heap       ] GC(530) Eden regions: 25->0(24)
[2023-11-17T21:16:57.916+0000][gc,heap       ] GC(530) Survivor regions: 2->4(4)
[2023-11-17T21:16:57.916+0000][gc,heap       ] GC(530) Old regions: 99->99
[2023-11-17T21:16:57.916+0000][gc,heap       ] GC(530) Humongous regions: 147->147
[2023-11-17T21:16:57.916+0000][gc,metaspace  ] GC(530) Metaspace: 44774K(47512K)->44774K(47512K) NonClass: 39508K(40960K)->39508K(40960K) Class: 5266K(6552K)->5266K(6552K)
[2023-11-17T21:16:57.916+0000][gc            ] GC(530) Pause Young (Normal) (G1 Evacuation Pause) 270M->248M(512M) 14.694ms
[2023-11-17T21:16:57.916+0000][gc,cpu        ] GC(530) User=0.02s Sys=0.00s Real=0.02s
[2023-11-17T21:18:30.120+0000][gc,start      ] GC(531) Pause Young (Normal) (G1 Evacuation Pause)
[2023-11-17T21:18:30.120+0000][gc,task       ] GC(531) Using 2 workers of 2 for evacuation
[2023-11-17T21:18:30.131+0000][gc,phases     ] GC(531)   Pre Evacuate Collection Set: 0.0ms
[2023-11-17T21:18:30.131+0000][gc,phases     ] GC(531)   Evacuate Collection Set: 10.2ms
[2023-11-17T21:18:30.131+0000][gc,phases     ] GC(531)   Post Evacuate Collection Set: 0.3ms
[2023-11-17T21:18:30.131+0000][gc,phases     ] GC(531)   Other: 0.2ms
[2023-11-17T21:18:30.131+0000][gc,heap       ] GC(531) Eden regions: 24->0(27)
[2023-11-17T21:18:30.131+0000][gc,heap       ] GC(531) Survivor regions: 4->2(4)
[2023-11-17T21:18:30.131+0000][gc,heap       ] GC(531) Old regions: 99->101
[2023-11-17T21:18:30.131+0000][gc,heap       ] GC(531) Humongous regions: 147->147
[2023-11-17T21:18:30.131+0000][gc,metaspace  ] GC(531) Metaspace: 44774K(47512K)->44774K(47512K) NonClass: 39508K(40960K)->39508K(40960K) Class: 5266K(6552K)->5266K(6552K)
[2023-11-17T21:18:30.131+0000][gc            ] GC(531) Pause Young (Normal) (G1 Evacuation Pause) 272M->248M(512M) 10.837ms
[2023-11-17T21:18:30.131+0000][gc,cpu        ] GC(531) User=0.02s Sys=0.00s Real=0.01s
[2023-11-17T21:20:15.785+0000][gc,start      ] GC(532) Pause Young (Normal) (G1 Evacuation Pause)
[2023-11-17T21:20:15.785+0000][gc,task       ] GC(532) Using 2 workers of 2 for evacuation
[2023-11-17T21:20:15.797+0000][gc,phases     ] GC(532)   Pre Evacuate Collection Set: 0.0ms
[2023-11-17T21:20:15.797+0000][gc,phases     ] GC(532)   Evacuate Collection Set: 12.1ms
[2023-11-17T21:20:15.797+0000][gc,phases     ] GC(532)   Post Evacuate Collection Set: 0.3ms
[2023-11-17T21:20:15.797+0000][gc,phases     ] GC(532)   Other: 0.2ms
[2023-11-17T21:20:15.797+0000][gc,heap       ] GC(532) Eden regions: 27->0(28)
[2023-11-17T21:20:15.797+0000][gc,heap       ] GC(532) Survivor regions: 2->4(4)
[2023-11-17T21:20:15.797+0000][gc,heap       ] GC(532) Old regions: 101->101
[2023-11-17T21:20:15.797+0000][gc,heap       ] GC(532) Humongous regions: 147->147
[2023-11-17T21:20:15.797+0000][gc,metaspace  ] GC(532) Metaspace: 44774K(47512K)->44774K(47512K) NonClass: 39508K(40960K)->39508K(40960K) Class: 5266K(6552K)->5266K(6552K)
[2023-11-17T21:20:15.797+0000][gc            ] GC(532) Pause Young (Normal) (G1 Evacuation Pause) 275M->250M(512M) 12.790ms
[2023-11-17T21:20:15.797+0000][gc,cpu        ] GC(532) User=0.03s Sys=0.00s Real=0.02s
[2023-11-17T21:22:05.176+0000][gc,start      ] GC(533) Pause Young (Normal) (G1 Evacuation Pause)
[2023-11-17T21:22:05.176+0000][gc,task       ] GC(533) Using 2 workers of 2 for evacuation
[2023-11-17T21:22:05.189+0000][gc,phases     ] GC(533)   Pre Evacuate Collection Set: 0.0ms
[2023-11-17T21:22:05.189+0000][gc,phases     ] GC(533)   Evacuate Collection Set: 12.9ms
[2023-11-17T21:22:05.189+0000][gc,phases     ] GC(533)   Post Evacuate Collection Set: 0.3ms
[2023-11-17T21:22:05.189+0000][gc,phases     ] GC(533)   Other: 0.2ms
[2023-11-17T21:22:05.189+0000][gc,heap       ] GC(533) Eden regions: 28->0(29)
[2023-11-17T21:22:05.189+0000][gc,heap       ] GC(533) Survivor regions: 4->3(4)
[2023-11-17T21:22:05.189+0000][gc,heap       ] GC(533) Old regions: 101->103
[2023-11-17T21:22:05.189+0000][gc,heap       ] GC(533) Humongous regions: 147->147
[2023-11-17T21:22:05.189+0000][gc,metaspace  ] GC(533) Metaspace: 44774K(47512K)->44774K(47512K) NonClass: 39508K(40960K)->39508K(40960K) Class: 5266K(6552K)->5266K(6552K)
[2023-11-17T21:22:05.189+0000][gc            ] GC(533) Pause Young (Normal) (G1 Evacuation Pause) 278M->251M(512M) 13.549ms
[2023-11-17T21:22:05.189+0000][gc,cpu        ] GC(533) User=0.02s Sys=0.00s Real=0.01s
[2023-11-17T21:23:57.224+0000][gc,start      ] GC(534) Pause Young (Normal) (G1 Evacuation Pause)
[2023-11-17T21:23:57.224+0000][gc,task       ] GC(534) Using 2 workers of 2 for evacuation
[2023-11-17T21:23:57.242+0000][gc,phases     ] GC(534)   Pre Evacuate Collection Set: 0.0ms
[2023-11-17T21:23:57.242+0000][gc,phases     ] GC(534)   Evacuate Collection Set: 17.1ms
[2023-11-17T21:23:57.242+0000][gc,phases     ] GC(534)   Post Evacuate Collection Set: 1.2ms
[2023-11-17T21:23:57.242+0000][gc,phases     ] GC(534)   Other: 0.2ms
[2023-11-17T21:23:57.242+0000][gc,heap       ] GC(534) Eden regions: 29->0(28)
[2023-11-17T21:23:57.242+0000][gc,heap       ] GC(534) Survivor regions: 3->2(4)
[2023-11-17T21:23:57.242+0000][gc,heap       ] GC(534) Old regions: 103->105
[2023-11-17T21:23:57.242+0000][gc,heap       ] GC(534) Humongous regions: 147->147
[2023-11-17T21:23:57.242+0000][gc,metaspace  ] GC(534) Metaspace: 44774K(47512K)->44774K(47512K) NonClass: 39508K(40960K)->39508K(40960K) Class: 5266K(6552K)->5266K(6552K)
[2023-11-17T21:23:57.242+0000][gc            ] GC(534) Pause Young (Normal) (G1 Evacuation Pause) 280M->252M(512M) 18.536ms
[2023-11-17T21:23:57.242+0000][gc,cpu        ] GC(534) User=0.03s Sys=0.00s Real=0.02s
[2023-11-17T21:25:35.015+0000][gc,start      ] GC(535) Pause Young (Normal) (G1 Evacuation Pause)
[2023-11-17T21:25:35.016+0000][gc,task       ] GC(535) Using 2 workers of 2 for evacuation
[2023-11-17T21:25:35.031+0000][gc,phases     ] GC(535)   Pre Evacuate Collection Set: 0.0ms
[2023-11-17T21:25:35.031+0000][gc,phases     ] GC(535)   Evacuate Collection Set: 14.9ms
[2023-11-17T21:25:35.031+0000][gc,phases     ] GC(535)   Post Evacuate Collection Set: 0.3ms
[2023-11-17T21:25:35.031+0000][gc,phases     ] GC(535)   Other: 0.3ms
[2023-11-17T21:25:35.031+0000][gc,heap       ] GC(535) Eden regions: 25->0(27)
[2023-11-17T21:25:35.031+0000][gc,heap       ] GC(535) Survivor regions: 2->4(4)
[2023-11-17T21:25:35.031+0000][gc,heap       ] GC(535) Old regions: 105->105
[2023-11-17T21:25:35.031+0000][gc,heap       ] GC(535) Humongous regions: 147->147
[2023-11-17T21:25:35.031+0000][gc,metaspace  ] GC(535) Metaspace: 44774K(47512K)->44774K(47512K) NonClass: 39508K(40960K)->39508K(40960K) Class: 5266K(6552K)->5266K(6552K)
[2023-11-17T21:25:35.031+0000][gc            ] GC(535) Pause Young (Normal) (G1 Evacuation Pause) 277M->254M(512M) 15.604ms
[2023-11-17T21:25:35.031+0000][gc,cpu        ] GC(535) User=0.03s Sys=0.00s Real=0.01s
[2023-11-17T21:27:20.104+0000][gc,start      ] GC(536) Pause Young (Normal) (G1 Evacuation Pause)
[2023-11-17T21:27:20.104+0000][gc,task       ] GC(536) Using 2 workers of 2 for evacuation
[2023-11-17T21:27:20.117+0000][gc,phases     ] GC(536)   Pre Evacuate Collection Set: 0.0ms
[2023-11-17T21:27:20.117+0000][gc,phases     ] GC(536)   Evacuate Collection Set: 12.4ms
[2023-11-17T21:27:20.117+0000][gc,phases     ] GC(536)   Post Evacuate Collection Set: 0.3ms
[2023-11-17T21:27:20.117+0000][gc,phases     ] GC(536)   Other: 0.3ms
[2023-11-17T21:27:20.117+0000][gc,heap       ] GC(536) Eden regions: 27->0(28)
[2023-11-17T21:27:20.117+0000][gc,heap       ] GC(536) Survivor regions: 4->3(4)
[2023-11-17T21:27:20.117+0000][gc,heap       ] GC(536) Old regions: 105->107
[2023-11-17T21:27:20.117+0000][gc,heap       ] GC(536) Humongous regions: 147->147
[2023-11-17T21:27:20.117+0000][gc,metaspace  ] GC(536) Metaspace: 44774K(47512K)->44774K(47512K) NonClass: 39508K(40960K)->39508K(40960K) Class: 5266K(6552K)->5266K(6552K)
[2023-11-17T21:27:20.117+0000][gc            ] GC(536) Pause Young (Normal) (G1 Evacuation Pause) 281M->255M(512M) 13.056ms
[2023-11-17T21:27:20.117+0000][gc,cpu        ] GC(536) User=0.02s Sys=0.00s Real=0.02s
[2023-11-17T21:29:08.688+0000][gc,start      ] GC(537) Pause Young (Normal) (G1 Evacuation Pause)
[2023-11-17T21:29:08.688+0000][gc,task       ] GC(537) Using 2 workers of 2 for evacuation
[2023-11-17T21:29:08.703+0000][gc,phases     ] GC(537)   Pre Evacuate Collection Set: 0.0ms
[2023-11-17T21:29:08.703+0000][gc,phases     ] GC(537)   Evacuate Collection Set: 14.4ms
[2023-11-17T21:29:08.703+0000][gc,phases     ] GC(537)   Post Evacuate Collection Set: 0.3ms
[2023-11-17T21:29:08.703+0000][gc,phases     ] GC(537)   Other: 0.2ms
[2023-11-17T21:29:08.703+0000][gc,heap       ] GC(537) Eden regions: 28->0(30)
[2023-11-17T21:29:08.703+0000][gc,heap       ] GC(537) Survivor regions: 3->4(4)
[2023-11-17T21:29:08.703+0000][gc,heap       ] GC(537) Old regions: 107->109
[2023-11-17T21:29:08.703+0000][gc,heap       ] GC(537) Humongous regions: 147->147
[2023-11-17T21:29:08.703+0000][gc,metaspace  ] GC(537) Metaspace: 44774K(47512K)->44774K(47512K) NonClass: 39508K(40960K)->39508K(40960K) Class: 5266K(6552K)->5266K(6552K)
[2023-11-17T21:29:08.703+0000][gc            ] GC(537) Pause Young (Normal) (G1 Evacuation Pause) 283M->257M(512M) 14.967ms
[2023-11-17T21:29:08.703+0000][gc,cpu        ] GC(537) User=0.03s Sys=0.00s Real=0.01s
[2023-11-17T21:30:58.392+0000][gc,start      ] GC(538) Pause Young (Normal) (G1 Evacuation Pause)
[2023-11-17T21:30:58.392+0000][gc,task       ] GC(538) Using 2 workers of 2 for evacuation
[2023-11-17T21:30:58.406+0000][gc,phases     ] GC(538)   Pre Evacuate Collection Set: 0.0ms
[2023-11-17T21:30:58.406+0000][gc,phases     ] GC(538)   Evacuate Collection Set: 12.5ms
[2023-11-17T21:30:58.406+0000][gc,phases     ] GC(538)   Post Evacuate Collection Set: 0.4ms
[2023-11-17T21:30:58.406+0000][gc,phases     ] GC(538)   Other: 0.3ms
[2023-11-17T21:30:58.406+0000][gc,heap       ] GC(538) Eden regions: 28->0(31)
[2023-11-17T21:30:58.406+0000][gc,heap       ] GC(538) Survivor regions: 4->4(4)
[2023-11-17T21:30:58.406+0000][gc,heap       ] GC(538) Old regions: 109->111
[2023-11-17T21:30:58.406+0000][gc,heap       ] GC(538) Humongous regions: 147->147
[2023-11-17T21:30:58.406+0000][gc,metaspace  ] GC(538) Metaspace: 44775K(47512K)->44775K(47512K) NonClass: 39508K(40960K)->39508K(40960K) Class: 5266K(6552K)->5266K(6552K)
[2023-11-17T21:30:58.406+0000][gc            ] GC(538) Pause Young (Normal) (G1 Evacuation Pause) 285M->259M(512M) 13.276ms
[2023-11-17T21:30:58.406+0000][gc,cpu        ] GC(538) User=0.03s Sys=0.00s Real=0.02s
[2023-11-17T21:32:52.111+0000][gc,start      ] GC(539) Pause Young (Normal) (G1 Evacuation Pause)
[2023-11-17T21:32:52.111+0000][gc,task       ] GC(539) Using 2 workers of 2 for evacuation
[2023-11-17T21:32:52.122+0000][gc,phases     ] GC(539)   Pre Evacuate Collection Set: 0.0ms
[2023-11-17T21:32:52.122+0000][gc,phases     ] GC(539)   Evacuate Collection Set: 11.3ms
[2023-11-17T21:32:52.122+0000][gc,phases     ] GC(539)   Post Evacuate Collection Set: 0.3ms
[2023-11-17T21:32:52.122+0000][gc,phases     ] GC(539)   Other: 0.2ms
[2023-11-17T21:32:52.122+0000][gc,heap       ] GC(539) Eden regions: 29->0(33)
[2023-11-17T21:32:52.122+0000][gc,heap       ] GC(539) Survivor regions: 4->3(5)
[2023-11-17T21:32:52.122+0000][gc,heap       ] GC(539) Old regions: 111->112
[2023-11-17T21:32:52.122+0000][gc,heap       ] GC(539) Humongous regions: 147->147
[2023-11-17T21:32:52.122+0000][gc,metaspace  ] GC(539) Metaspace: 44775K(47512K)->44775K(47512K) NonClass: 39508K(40960K)->39508K(40960K) Class: 5266K(6552K)->5266K(6552K)
[2023-11-17T21:32:52.122+0000][gc            ] GC(539) Pause Young (Normal) (G1 Evacuation Pause) 288M->259M(512M) 11.893ms
[2023-11-17T21:32:52.123+0000][gc,cpu        ] GC(539) User=0.02s Sys=0.00s Real=0.01s
[2023-11-17T21:34:47.809+0000][gc,start      ] GC(540) Pause Young (Normal) (G1 Evacuation Pause)
[2023-11-17T21:34:47.809+0000][gc,task       ] GC(540) Using 2 workers of 2 for evacuation
[2023-11-17T21:34:47.819+0000][gc,phases     ] GC(540)   Pre Evacuate Collection Set: 0.0ms
[2023-11-17T21:34:47.819+0000][gc,phases     ] GC(540)   Evacuate Collection Set: 9.5ms
[2023-11-17T21:34:47.819+0000][gc,phases     ] GC(540)   Post Evacuate Collection Set: 0.4ms
[2023-11-17T21:34:47.819+0000][gc,phases     ] GC(540)   Other: 0.3ms
[2023-11-17T21:34:47.819+0000][gc,heap       ] GC(540) Eden regions: 30->0(36)
[2023-11-17T21:34:47.819+0000][gc,heap       ] GC(540) Survivor regions: 3->3(5)
[2023-11-17T21:34:47.819+0000][gc,heap       ] GC(540) Old regions: 112->112
[2023-11-17T21:34:47.819+0000][gc,heap       ] GC(540) Humongous regions: 147->147
[2023-11-17T21:34:47.819+0000][gc,metaspace  ] GC(540) Metaspace: 44775K(47512K)->44775K(47512K) NonClass: 39508K(40960K)->39508K(40960K) Class: 5266K(6552K)->5266K(6552K)
[2023-11-17T21:34:47.820+0000][gc            ] GC(540) Pause Young (Normal) (G1 Evacuation Pause) 289M->260M(512M) 10.207ms
[2023-11-17T21:34:47.820+0000][gc,cpu        ] GC(540) User=0.01s Sys=0.00s Real=0.01s
[2023-11-17T21:37:09.569+0000][gc,start      ] GC(541) Pause Young (Normal) (G1 Evacuation Pause)
[2023-11-17T21:37:09.569+0000][gc,task       ] GC(541) Using 2 workers of 2 for evacuation
[2023-11-17T21:37:09.588+0000][gc,phases     ] GC(541)   Pre Evacuate Collection Set: 0.0ms
[2023-11-17T21:37:09.588+0000][gc,phases     ] GC(541)   Evacuate Collection Set: 18.1ms
[2023-11-17T21:37:09.588+0000][gc,phases     ] GC(541)   Post Evacuate Collection Set: 0.6ms
[2023-11-17T21:37:09.588+0000][gc,phases     ] GC(541)   Other: 0.2ms
[2023-11-17T21:37:09.588+0000][gc,heap       ] GC(541) Eden regions: 36->0(35)
[2023-11-17T21:37:09.588+0000][gc,heap       ] GC(541) Survivor regions: 3->5(5)
[2023-11-17T21:37:09.588+0000][gc,heap       ] GC(541) Old regions: 112->114
[2023-11-17T21:37:09.588+0000][gc,heap       ] GC(541) Humongous regions: 147->147
[2023-11-17T21:37:09.588+0000][gc,metaspace  ] GC(541) Metaspace: 44775K(47512K)->44775K(47512K) NonClass: 39508K(40960K)->39508K(40960K) Class: 5266K(6552K)->5266K(6552K)
[2023-11-17T21:37:09.588+0000][gc            ] GC(541) Pause Young (Normal) (G1 Evacuation Pause) 296M->263M(512M) 19.048ms
[2023-11-17T21:37:09.588+0000][gc,cpu        ] GC(541) User=0.04s Sys=0.00s Real=0.02s
[2023-11-17T21:39:25.815+0000][gc,start      ] GC(542) Pause Young (Normal) (G1 Evacuation Pause)
[2023-11-17T21:39:25.815+0000][gc,task       ] GC(542) Using 2 workers of 2 for evacuation
[2023-11-17T21:39:25.832+0000][gc,phases     ] GC(542)   Pre Evacuate Collection Set: 0.0ms
[2023-11-17T21:39:25.832+0000][gc,phases     ] GC(542)   Evacuate Collection Set: 16.6ms
[2023-11-17T21:39:25.832+0000][gc,phases     ] GC(542)   Post Evacuate Collection Set: 0.3ms
[2023-11-17T21:39:25.832+0000][gc,phases     ] GC(542)   Other: 0.2ms
[2023-11-17T21:39:25.832+0000][gc,heap       ] GC(542) Eden regions: 35->0(36)
[2023-11-17T21:39:25.832+0000][gc,heap       ] GC(542) Survivor regions: 5->4(5)
[2023-11-17T21:39:25.832+0000][gc,heap       ] GC(542) Old regions: 114->116
[2023-11-17T21:39:25.832+0000][gc,heap       ] GC(542) Humongous regions: 147->147
[2023-11-17T21:39:25.832+0000][gc,metaspace  ] GC(542) Metaspace: 44775K(47512K)->44775K(47512K) NonClass: 39508K(40960K)->39508K(40960K) Class: 5266K(6552K)->5266K(6552K)
[2023-11-17T21:39:25.832+0000][gc            ] GC(542) Pause Young (Normal) (G1 Evacuation Pause) 298M->265M(512M) 17.229ms
[2023-11-17T21:39:25.832+0000][gc,cpu        ] GC(542) User=0.04s Sys=0.00s Real=0.01s
[2023-11-17T21:41:47.719+0000][gc,start      ] GC(543) Pause Young (Normal) (G1 Evacuation Pause)
[2023-11-17T21:41:47.719+0000][gc,task       ] GC(543) Using 2 workers of 2 for evacuation
[2023-11-17T21:41:47.733+0000][gc,phases     ] GC(543)   Pre Evacuate Collection Set: 0.0ms
[2023-11-17T21:41:47.733+0000][gc,phases     ] GC(543)   Evacuate Collection Set: 13.9ms
[2023-11-17T21:41:47.733+0000][gc,phases     ] GC(543)   Post Evacuate Collection Set: 0.3ms
[2023-11-17T21:41:47.733+0000][gc,phases     ] GC(543)   Other: 0.2ms
[2023-11-17T21:41:47.733+0000][gc,heap       ] GC(543) Eden regions: 36->0(38)
[2023-11-17T21:41:47.733+0000][gc,heap       ] GC(543) Survivor regions: 4->4(5)
[2023-11-17T21:41:47.733+0000][gc,heap       ] GC(543) Old regions: 116->118
[2023-11-17T21:41:47.733+0000][gc,heap       ] GC(543) Humongous regions: 147->147
[2023-11-17T21:41:47.733+0000][gc,metaspace  ] GC(543) Metaspace: 44776K(47512K)->44776K(47512K) NonClass: 39510K(40960K)->39510K(40960K) Class: 5266K(6552K)->5266K(6552K)
[2023-11-17T21:41:47.733+0000][gc            ] GC(543) Pause Young (Normal) (G1 Evacuation Pause) 301M->266M(512M) 14.466ms
[2023-11-17T21:41:47.733+0000][gc,cpu        ] GC(543) User=0.02s Sys=0.00s Real=0.01s
[2023-11-17T21:44:08.120+0000][gc,start      ] GC(544) Pause Young (Normal) (G1 Evacuation Pause)
[2023-11-17T21:44:08.120+0000][gc,task       ] GC(544) Using 2 workers of 2 for evacuation
[2023-11-17T21:44:08.139+0000][gc,phases     ] GC(544)   Pre Evacuate Collection Set: 0.0ms
[2023-11-17T21:44:08.139+0000][gc,phases     ] GC(544)   Evacuate Collection Set: 14.2ms
[2023-11-17T21:44:08.139+0000][gc,phases     ] GC(544)   Post Evacuate Collection Set: 3.4ms
[2023-11-17T21:44:08.139+0000][gc,phases     ] GC(544)   Other: 0.9ms
[2023-11-17T21:44:08.139+0000][gc,heap       ] GC(544) Eden regions: 36->0(37)
[2023-11-17T21:44:08.139+0000][gc,heap       ] GC(544) Survivor regions: 4->3(5)
[2023-11-17T21:44:08.139+0000][gc,heap       ] GC(544) Old regions: 118->119
[2023-11-17T21:44:08.139+0000][gc,heap       ] GC(544) Humongous regions: 147->147
[2023-11-17T21:44:08.139+0000][gc,metaspace  ] GC(544) Metaspace: 44776K(47512K)->44776K(47512K) NonClass: 39510K(40960K)->39510K(40960K) Class: 5266K(6552K)->5266K(6552K)
[2023-11-17T21:44:08.139+0000][gc            ] GC(544) Pause Young (Normal) (G1 Evacuation Pause) 302M->267M(512M) 18.572ms
[2023-11-17T21:44:08.139+0000][gc,cpu        ] GC(544) User=0.03s Sys=0.00s Real=0.02s
[2023-11-17T21:46:33.546+0000][gc,start      ] GC(545) Pause Young (Normal) (G1 Evacuation Pause)
[2023-11-17T21:46:33.546+0000][gc,task       ] GC(545) Using 2 workers of 2 for evacuation
[2023-11-17T21:46:33.558+0000][gc,phases     ] GC(545)   Pre Evacuate Collection Set: 0.0ms
[2023-11-17T21:46:33.558+0000][gc,phases     ] GC(545)   Evacuate Collection Set: 11.5ms
[2023-11-17T21:46:33.558+0000][gc,phases     ] GC(545)   Post Evacuate Collection Set: 0.3ms
[2023-11-17T21:46:33.558+0000][gc,phases     ] GC(545)   Other: 0.2ms
[2023-11-17T21:46:33.558+0000][gc,heap       ] GC(545) Eden regions: 37->0(40)
[2023-11-17T21:46:33.558+0000][gc,heap       ] GC(545) Survivor regions: 3->3(5)
[2023-11-17T21:46:33.558+0000][gc,heap       ] GC(545) Old regions: 119->121
[2023-11-17T21:46:33.558+0000][gc,heap       ] GC(545) Humongous regions: 147->147
[2023-11-17T21:46:33.559+0000][gc,metaspace  ] GC(545) Metaspace: 44776K(47512K)->44776K(47512K) NonClass: 39510K(40960K)->39510K(40960K) Class: 5266K(6552K)->5266K(6552K)
[2023-11-17T21:46:33.559+0000][gc            ] GC(545) Pause Young (Normal) (G1 Evacuation Pause) 304M->268M(512M) 12.115ms
[2023-11-17T21:46:33.559+0000][gc,cpu        ] GC(545) User=0.02s Sys=0.00s Real=0.01s
[2023-11-17T21:49:02.303+0000][gc,start      ] GC(546) Pause Young (Normal) (G1 Evacuation Pause)
[2023-11-17T21:49:02.303+0000][gc,task       ] GC(546) Using 2 workers of 2 for evacuation
[2023-11-17T21:49:02.316+0000][gc,phases     ] GC(546)   Pre Evacuate Collection Set: 0.0ms
[2023-11-17T21:49:02.316+0000][gc,phases     ] GC(546)   Evacuate Collection Set: 11.4ms
[2023-11-17T21:49:02.316+0000][gc,phases     ] GC(546)   Post Evacuate Collection Set: 0.7ms
[2023-11-17T21:49:02.316+0000][gc,phases     ] GC(546)   Other: 0.3ms
[2023-11-17T21:49:02.316+0000][gc,heap       ] GC(546) Eden regions: 38->0(42)
[2023-11-17T21:49:02.316+0000][gc,heap       ] GC(546) Survivor regions: 3->4(6)
[2023-11-17T21:49:02.316+0000][gc,heap       ] GC(546) Old regions: 121->121
[2023-11-17T21:49:02.316+0000][gc,heap       ] GC(546) Humongous regions: 147->147
[2023-11-17T21:49:02.316+0000][gc,metaspace  ] GC(546) Metaspace: 44776K(47512K)->44776K(47512K) NonClass: 39510K(40960K)->39510K(40960K) Class: 5266K(6552K)->5266K(6552K)
[2023-11-17T21:49:02.316+0000][gc            ] GC(546) Pause Young (Normal) (G1 Evacuation Pause) 306M->270M(512M) 12.631ms
[2023-11-17T21:49:02.316+0000][gc,cpu        ] GC(546) User=0.02s Sys=0.00s Real=0.02s
[2023-11-17T21:51:35.068+0000][gc,start      ] GC(547) Pause Young (Normal) (G1 Evacuation Pause)
[2023-11-17T21:51:35.068+0000][gc,task       ] GC(547) Using 2 workers of 2 for evacuation
[2023-11-17T21:51:35.085+0000][gc,phases     ] GC(547)   Pre Evacuate Collection Set: 0.0ms
[2023-11-17T21:51:35.085+0000][gc,phases     ] GC(547)   Evacuate Collection Set: 16.7ms
[2023-11-17T21:51:35.085+0000][gc,phases     ] GC(547)   Post Evacuate Collection Set: 0.3ms
[2023-11-17T21:51:35.085+0000][gc,phases     ] GC(547)   Other: 0.2ms
[2023-11-17T21:51:35.085+0000][gc,heap       ] GC(547) Eden regions: 39->0(41)
[2023-11-17T21:51:35.085+0000][gc,heap       ] GC(547) Survivor regions: 4->4(6)
[2023-11-17T21:51:35.085+0000][gc,heap       ] GC(547) Old regions: 121->123
[2023-11-17T21:51:35.085+0000][gc,heap       ] GC(547) Humongous regions: 147->147
[2023-11-17T21:51:35.085+0000][gc,metaspace  ] GC(547) Metaspace: 44776K(47512K)->44776K(47512K) NonClass: 39510K(40960K)->39510K(40960K) Class: 5266K(6552K)->5266K(6552K)
[2023-11-17T21:51:35.085+0000][gc            ] GC(547) Pause Young (Normal) (G1 Evacuation Pause) 309M->271M(512M) 17.292ms
[2023-11-17T21:51:35.085+0000][gc,cpu        ] GC(547) User=0.03s Sys=0.00s Real=0.01s
[2023-11-17T21:54:15.862+0000][gc,start      ] GC(548) Pause Young (Normal) (G1 Evacuation Pause)
[2023-11-17T21:54:15.862+0000][gc,task       ] GC(548) Using 2 workers of 2 for evacuation
[2023-11-17T21:54:15.880+0000][gc,phases     ] GC(548)   Pre Evacuate Collection Set: 0.0ms
[2023-11-17T21:54:15.880+0000][gc,phases     ] GC(548)   Evacuate Collection Set: 16.5ms
[2023-11-17T21:54:15.880+0000][gc,phases     ] GC(548)   Post Evacuate Collection Set: 1.1ms
[2023-11-17T21:54:15.880+0000][gc,phases     ] GC(548)   Other: 0.4ms
[2023-11-17T21:54:15.880+0000][gc,heap       ] GC(548) Eden regions: 41->0(41)
[2023-11-17T21:54:15.880+0000][gc,heap       ] GC(548) Survivor regions: 4->4(6)
[2023-11-17T21:54:15.880+0000][gc,heap       ] GC(548) Old regions: 123->124
[2023-11-17T21:54:15.880+0000][gc,heap       ] GC(548) Humongous regions: 147->147
[2023-11-17T21:54:15.880+0000][gc,metaspace  ] GC(548) Metaspace: 44776K(47512K)->44776K(47512K) NonClass: 39510K(40960K)->39510K(40960K) Class: 5266K(6552K)->5266K(6552K)
[2023-11-17T21:54:15.880+0000][gc            ] GC(548) Pause Young (Normal) (G1 Evacuation Pause) 312M->273M(512M) 18.000ms
[2023-11-17T21:54:15.880+0000][gc,cpu        ] GC(548) User=0.03s Sys=0.00s Real=0.02s
[2023-11-17T21:56:57.588+0000][gc,start      ] GC(549) Pause Young (Normal) (G1 Evacuation Pause)
[2023-11-17T21:56:57.588+0000][gc,task       ] GC(549) Using 2 workers of 2 for evacuation
[2023-11-17T21:56:57.611+0000][gc,mmu        ] GC(549) MMU target violated: 21.0ms (20.0ms/21.0ms)
[2023-11-17T21:56:57.611+0000][gc,phases     ] GC(549)   Pre Evacuate Collection Set: 0.0ms
[2023-11-17T21:56:57.611+0000][gc,phases     ] GC(549)   Evacuate Collection Set: 22.3ms
[2023-11-17T21:56:57.611+0000][gc,phases     ] GC(549)   Post Evacuate Collection Set: 0.4ms
[2023-11-17T21:56:57.611+0000][gc,phases     ] GC(549)   Other: 0.3ms
[2023-11-17T21:56:57.611+0000][gc,heap       ] GC(549) Eden regions: 41->0(38)
[2023-11-17T21:56:57.611+0000][gc,heap       ] GC(549) Survivor regions: 4->6(6)
[2023-11-17T21:56:57.611+0000][gc,heap       ] GC(549) Old regions: 124->126
[2023-11-17T21:56:57.611+0000][gc,heap       ] GC(549) Humongous regions: 147->147
[2023-11-17T21:56:57.611+0000][gc,metaspace  ] GC(549) Metaspace: 44776K(47512K)->44776K(47512K) NonClass: 39510K(40960K)->39510K(40960K) Class: 5266K(6552K)->5266K(6552K)
[2023-11-17T21:56:57.611+0000][gc            ] GC(549) Pause Young (Normal) (G1 Evacuation Pause) 314M->277M(512M) 22.957ms
[2023-11-17T21:56:57.611+0000][gc,cpu        ] GC(549) User=0.04s Sys=0.00s Real=0.02s
[2023-11-17T21:59:25.948+0000][gc,start      ] GC(550) Pause Young (Normal) (G1 Evacuation Pause)
[2023-11-17T21:59:25.948+0000][gc,task       ] GC(550) Using 2 workers of 2 for evacuation
[2023-11-17T21:59:25.967+0000][gc,phases     ] GC(550)   Pre Evacuate Collection Set: 0.0ms
[2023-11-17T21:59:25.967+0000][gc,phases     ] GC(550)   Evacuate Collection Set: 18.7ms
[2023-11-17T21:59:25.967+0000][gc,phases     ] GC(550)   Post Evacuate Collection Set: 0.3ms
[2023-11-17T21:59:25.967+0000][gc,phases     ] GC(550)   Other: 0.2ms
[2023-11-17T21:59:25.967+0000][gc,heap       ] GC(550) Eden regions: 38->0(37)
[2023-11-17T21:59:25.967+0000][gc,heap       ] GC(550) Survivor regions: 6->5(6)
[2023-11-17T21:59:25.967+0000][gc,heap       ] GC(550) Old regions: 126->129
[2023-11-17T21:59:25.967+0000][gc,heap       ] GC(550) Humongous regions: 147->147
[2023-11-17T21:59:25.967+0000][gc,metaspace  ] GC(550) Metaspace: 44779K(47512K)->44779K(47512K) NonClass: 39512K(40960K)->39512K(40960K) Class: 5266K(6552K)->5266K(6552K)
[2023-11-17T21:59:25.967+0000][gc            ] GC(550) Pause Young (Normal) (G1 Evacuation Pause) 315M->279M(512M) 19.306ms
[2023-11-17T21:59:25.967+0000][gc,cpu        ] GC(550) User=0.04s Sys=0.00s Real=0.02s
[2023-11-17T22:01:51.220+0000][gc,start      ] GC(551) Pause Young (Normal) (G1 Evacuation Pause)
[2023-11-17T22:01:51.220+0000][gc,task       ] GC(551) Using 2 workers of 2 for evacuation
[2023-11-17T22:01:51.234+0000][gc,phases     ] GC(551)   Pre Evacuate Collection Set: 0.0ms
[2023-11-17T22:01:51.234+0000][gc,phases     ] GC(551)   Evacuate Collection Set: 14.2ms
[2023-11-17T22:01:51.234+0000][gc,phases     ] GC(551)   Post Evacuate Collection Set: 0.4ms
[2023-11-17T22:01:51.234+0000][gc,phases     ] GC(551)   Other: 0.2ms
[2023-11-17T22:01:51.235+0000][gc,heap       ] GC(551) Eden regions: 37->0(39)
[2023-11-17T22:01:51.235+0000][gc,heap       ] GC(551) Survivor regions: 5->4(6)
[2023-11-17T22:01:51.235+0000][gc,heap       ] GC(551) Old regions: 129->131
[2023-11-17T22:01:51.235+0000][gc,heap       ] GC(551) Humongous regions: 147->147
[2023-11-17T22:01:51.235+0000][gc,metaspace  ] GC(551) Metaspace: 44779K(47512K)->44779K(47512K) NonClass: 39512K(40960K)->39512K(40960K) Class: 5266K(6552K)->5266K(6552K)
[2023-11-17T22:01:51.235+0000][gc            ] GC(551) Pause Young (Normal) (G1 Evacuation Pause) 316M->280M(512M) 14.816ms
[2023-11-17T22:01:51.235+0000][gc,cpu        ] GC(551) User=0.03s Sys=0.00s Real=0.02s
[2023-11-17T22:04:11.707+0000][gc,start      ] GC(552) Pause Young (Normal) (G1 Evacuation Pause)
[2023-11-17T22:04:11.707+0000][gc,task       ] GC(552) Using 2 workers of 2 for evacuation
[2023-11-17T22:04:11.721+0000][gc,phases     ] GC(552)   Pre Evacuate Collection Set: 0.0ms
[2023-11-17T22:04:11.721+0000][gc,phases     ] GC(552)   Evacuate Collection Set: 13.5ms
[2023-11-17T22:04:11.721+0000][gc,phases     ] GC(552)   Post Evacuate Collection Set: 0.3ms
[2023-11-17T22:04:11.721+0000][gc,phases     ] GC(552)   Other: 0.2ms
[2023-11-17T22:04:11.721+0000][gc,heap       ] GC(552) Eden regions: 36->0(41)
[2023-11-17T22:04:11.721+0000][gc,heap       ] GC(552) Survivor regions: 4->4(5)
[2023-11-17T22:04:11.721+0000][gc,heap       ] GC(552) Old regions: 131->133
[2023-11-17T22:04:11.721+0000][gc,heap       ] GC(552) Humongous regions: 147->147
[2023-11-17T22:04:11.721+0000][gc,metaspace  ] GC(552) Metaspace: 44780K(47512K)->44780K(47512K) NonClass: 39514K(40960K)->39514K(40960K) Class: 5266K(6552K)->5266K(6552K)
[2023-11-17T22:04:11.721+0000][gc            ] GC(552) Pause Young (Normal) (G1 Evacuation Pause) 316M->282M(512M) 14.118ms
[2023-11-17T22:04:11.721+0000][gc,cpu        ] GC(552) User=0.03s Sys=0.00s Real=0.01s
[2023-11-17T22:06:53.596+0000][gc,start      ] GC(553) Pause Young (Normal) (G1 Evacuation Pause)
[2023-11-17T22:06:53.596+0000][gc,task       ] GC(553) Using 2 workers of 2 for evacuation
[2023-11-17T22:06:53.611+0000][gc,phases     ] GC(553)   Pre Evacuate Collection Set: 0.0ms
[2023-11-17T22:06:53.611+0000][gc,phases     ] GC(553)   Evacuate Collection Set: 14.8ms
[2023-11-17T22:06:53.611+0000][gc,phases     ] GC(553)   Post Evacuate Collection Set: 0.3ms
[2023-11-17T22:06:53.612+0000][gc,phases     ] GC(553)   Other: 0.2ms
[2023-11-17T22:06:53.612+0000][gc,heap       ] GC(553) Eden regions: 41->0(44)
[2023-11-17T22:06:53.612+0000][gc,heap       ] GC(553) Survivor regions: 4->4(6)
[2023-11-17T22:06:53.612+0000][gc,heap       ] GC(553) Old regions: 133->135
[2023-11-17T22:06:53.612+0000][gc,heap       ] GC(553) Humongous regions: 147->147
[2023-11-17T22:06:53.612+0000][gc,metaspace  ] GC(553) Metaspace: 44782K(47512K)->44782K(47512K) NonClass: 39515K(40960K)->39515K(40960K) Class: 5266K(6552K)->5266K(6552K)
[2023-11-17T22:06:53.612+0000][gc            ] GC(553) Pause Young (Normal) (G1 Evacuation Pause) 323M->283M(512M) 15.487ms
[2023-11-17T22:06:53.612+0000][gc,cpu        ] GC(553) User=0.03s Sys=0.00s Real=0.01s
[2023-11-17T22:08:49.298+0000][gc,start      ] GC(554) Pause Young (Normal) (G1 Evacuation Pause)
[2023-11-17T22:08:49.298+0000][gc,task       ] GC(554) Using 2 workers of 2 for evacuation
[2023-11-17T22:08:49.325+0000][gc,mmu        ] GC(554) MMU target violated: 21.0ms (20.0ms/21.0ms)
[2023-11-17T22:08:49.325+0000][gc,phases     ] GC(554)   Pre Evacuate Collection Set: 0.0ms
[2023-11-17T22:08:49.325+0000][gc,phases     ] GC(554)   Evacuate Collection Set: 25.4ms
[2023-11-17T22:08:49.325+0000][gc,phases     ] GC(554)   Post Evacuate Collection Set: 1.4ms
[2023-11-17T22:08:49.325+0000][gc,phases     ] GC(554)   Other: 0.5ms
[2023-11-17T22:08:49.325+0000][gc,heap       ] GC(554) Eden regions: 35->0(28)
[2023-11-17T22:08:49.325+0000][gc,heap       ] GC(554) Survivor regions: 4->5(5)
[2023-11-17T22:08:49.325+0000][gc,heap       ] GC(554) Old regions: 135->136
[2023-11-17T22:08:49.325+0000][gc,heap       ] GC(554) Humongous regions: 147->147
[2023-11-17T22:08:49.325+0000][gc,metaspace  ] GC(554) Metaspace: 44784K(47512K)->44784K(47512K) NonClass: 39517K(40960K)->39517K(40960K) Class: 5266K(6552K)->5266K(6552K)
[2023-11-17T22:08:49.325+0000][gc            ] GC(554) Pause Young (Normal) (G1 Evacuation Pause) 318M->286M(512M) 27.107ms
[2023-11-17T22:08:49.325+0000][gc,cpu        ] GC(554) User=0.05s Sys=0.00s Real=0.02s
[2023-11-17T22:10:06.220+0000][gc,start      ] GC(555) Pause Young (Normal) (G1 Evacuation Pause)
[2023-11-17T22:10:06.220+0000][gc,task       ] GC(555) Using 2 workers of 2 for evacuation
[2023-11-17T22:10:06.258+0000][gc,mmu        ] GC(555) MMU target violated: 21.0ms (20.0ms/21.0ms)
[2023-11-17T22:10:06.258+0000][gc,phases     ] GC(555)   Pre Evacuate Collection Set: 0.0ms
[2023-11-17T22:10:06.258+0000][gc,phases     ] GC(555)   Evacuate Collection Set: 35.7ms
[2023-11-17T22:10:06.258+0000][gc,phases     ] GC(555)   Post Evacuate Collection Set: 0.3ms
[2023-11-17T22:10:06.258+0000][gc,phases     ] GC(555)   Other: 2.4ms
[2023-11-17T22:10:06.258+0000][gc,heap       ] GC(555) Eden regions: 20->0(22)
[2023-11-17T22:10:06.258+0000][gc,heap       ] GC(555) Survivor regions: 5->3(4)
[2023-11-17T22:10:06.258+0000][gc,heap       ] GC(555) Old regions: 136->141
[2023-11-17T22:10:06.258+0000][gc,heap       ] GC(555) Humongous regions: 147->147
[2023-11-17T22:10:06.258+0000][gc,metaspace  ] GC(555) Metaspace: 44784K(47512K)->44784K(47512K) NonClass: 39518K(40960K)->39518K(40960K) Class: 5266K(6552K)->5266K(6552K)
[2023-11-17T22:10:06.258+0000][gc            ] GC(555) Pause Young (Normal) (G1 Evacuation Pause) 306M->288M(512M) 38.516ms
[2023-11-17T22:10:06.258+0000][gc,cpu        ] GC(555) User=0.07s Sys=0.00s Real=0.04s
[2023-11-17T22:11:31.453+0000][gc,start      ] GC(556) Pause Young (Normal) (G1 Evacuation Pause)
[2023-11-17T22:11:31.453+0000][gc,task       ] GC(556) Using 2 workers of 2 for evacuation
[2023-11-17T22:11:31.464+0000][gc,phases     ] GC(556)   Pre Evacuate Collection Set: 0.0ms
[2023-11-17T22:11:31.464+0000][gc,phases     ] GC(556)   Evacuate Collection Set: 9.7ms
[2023-11-17T22:11:31.464+0000][gc,phases     ] GC(556)   Post Evacuate Collection Set: 0.3ms
[2023-11-17T22:11:31.464+0000][gc,phases     ] GC(556)   Other: 0.2ms
[2023-11-17T22:11:31.464+0000][gc,heap       ] GC(556) Eden regions: 22->0(23)
[2023-11-17T22:11:31.464+0000][gc,heap       ] GC(556) Survivor regions: 3->2(4)
[2023-11-17T22:11:31.464+0000][gc,heap       ] GC(556) Old regions: 141->142
[2023-11-17T22:11:31.464+0000][gc,heap       ] GC(556) Humongous regions: 147->147
[2023-11-17T22:11:31.464+0000][gc,metaspace  ] GC(556) Metaspace: 44784K(47512K)->44784K(47512K) NonClass: 39518K(40960K)->39518K(40960K) Class: 5266K(6552K)->5266K(6552K)
[2023-11-17T22:11:31.464+0000][gc            ] GC(556) Pause Young (Normal) (G1 Evacuation Pause) 310M->289M(512M) 10.366ms
[2023-11-17T22:11:31.464+0000][gc,cpu        ] GC(556) User=0.02s Sys=0.00s Real=0.00s
[2023-11-17T22:13:01.297+0000][gc,start      ] GC(557) Pause Young (Normal) (G1 Evacuation Pause)
[2023-11-17T22:13:01.298+0000][gc,task       ] GC(557) Using 2 workers of 2 for evacuation
[2023-11-17T22:13:01.310+0000][gc,phases     ] GC(557)   Pre Evacuate Collection Set: 0.0ms
[2023-11-17T22:13:01.310+0000][gc,phases     ] GC(557)   Evacuate Collection Set: 12.0ms
[2023-11-17T22:13:01.310+0000][gc,phases     ] GC(557)   Post Evacuate Collection Set: 0.3ms
[2023-11-17T22:13:01.310+0000][gc,phases     ] GC(557)   Other: 0.6ms
[2023-11-17T22:13:01.310+0000][gc,heap       ] GC(557) Eden regions: 23->0(21)
[2023-11-17T22:13:01.310+0000][gc,heap       ] GC(557) Survivor regions: 2->4(4)
[2023-11-17T22:13:01.310+0000][gc,heap       ] GC(557) Old regions: 142->143
[2023-11-17T22:13:01.310+0000][gc,heap       ] GC(557) Humongous regions: 147->147
[2023-11-17T22:13:01.310+0000][gc,metaspace  ] GC(557) Metaspace: 44784K(47512K)->44784K(47512K) NonClass: 39518K(40960K)->39518K(40960K) Class: 5266K(6552K)->5266K(6552K)
[2023-11-17T22:13:01.310+0000][gc            ] GC(557) Pause Young (Normal) (G1 Evacuation Pause) 312M->292M(512M) 13.003ms
[2023-11-17T22:13:01.310+0000][gc,cpu        ] GC(557) User=0.02s Sys=0.00s Real=0.01s
[2023-11-17T22:14:21.705+0000][gc,start      ] GC(558) Pause Young (Normal) (G1 Evacuation Pause)
[2023-11-17T22:14:21.705+0000][gc,task       ] GC(558) Using 2 workers of 2 for evacuation
[2023-11-17T22:14:21.720+0000][gc,phases     ] GC(558)   Pre Evacuate Collection Set: 0.0ms
[2023-11-17T22:14:21.720+0000][gc,phases     ] GC(558)   Evacuate Collection Set: 14.0ms
[2023-11-17T22:14:21.720+0000][gc,phases     ] GC(558)   Post Evacuate Collection Set: 0.3ms
[2023-11-17T22:14:21.720+0000][gc,phases     ] GC(558)   Other: 0.2ms
[2023-11-17T22:14:21.720+0000][gc,heap       ] GC(558) Eden regions: 21->0(23)
[2023-11-17T22:14:21.720+0000][gc,heap       ] GC(558) Survivor regions: 4->2(4)
[2023-11-17T22:14:21.720+0000][gc,heap       ] GC(558) Old regions: 143->145
[2023-11-17T22:14:21.720+0000][gc,heap       ] GC(558) Humongous regions: 147->147
[2023-11-17T22:14:21.720+0000][gc,metaspace  ] GC(558) Metaspace: 44784K(47512K)->44784K(47512K) NonClass: 39518K(40960K)->39518K(40960K) Class: 5266K(6552K)->5266K(6552K)
[2023-11-17T22:14:21.720+0000][gc            ] GC(558) Pause Young (Normal) (G1 Evacuation Pause) 313M->291M(512M) 14.555ms
[2023-11-17T22:14:21.720+0000][gc,cpu        ] GC(558) User=0.03s Sys=0.00s Real=0.02s
[2023-11-17T22:15:51.220+0000][gc,start      ] GC(559) Pause Young (Normal) (G1 Evacuation Pause)
[2023-11-17T22:15:51.220+0000][gc,task       ] GC(559) Using 2 workers of 2 for evacuation
[2023-11-17T22:15:51.235+0000][gc,phases     ] GC(559)   Pre Evacuate Collection Set: 0.0ms
[2023-11-17T22:15:51.235+0000][gc,phases     ] GC(559)   Evacuate Collection Set: 13.9ms
[2023-11-17T22:15:51.235+0000][gc,phases     ] GC(559)   Post Evacuate Collection Set: 1.1ms
[2023-11-17T22:15:51.235+0000][gc,phases     ] GC(559)   Other: 0.2ms
[2023-11-17T22:15:51.235+0000][gc,heap       ] GC(559) Eden regions: 23->0(22)
[2023-11-17T22:15:51.235+0000][gc,heap       ] GC(559) Survivor regions: 2->4(4)
[2023-11-17T22:15:51.235+0000][gc,heap       ] GC(559) Old regions: 145->145
[2023-11-17T22:15:51.235+0000][gc,heap       ] GC(559) Humongous regions: 147->147
[2023-11-17T22:15:51.235+0000][gc,metaspace  ] GC(559) Metaspace: 44786K(47512K)->44786K(47512K) NonClass: 39520K(40960K)->39520K(40960K) Class: 5266K(6552K)->5266K(6552K)
[2023-11-17T22:15:51.235+0000][gc            ] GC(559) Pause Young (Normal) (G1 Evacuation Pause) 314M->294M(512M) 15.401ms
[2023-11-17T22:15:51.235+0000][gc,cpu        ] GC(559) User=0.03s Sys=0.00s Real=0.02s
[2023-11-17T22:17:15.662+0000][gc,start      ] GC(560) Pause Young (Normal) (G1 Evacuation Pause)
[2023-11-17T22:17:15.662+0000][gc,task       ] GC(560) Using 2 workers of 2 for evacuation
[2023-11-17T22:17:15.674+0000][gc,phases     ] GC(560)   Pre Evacuate Collection Set: 0.0ms
[2023-11-17T22:17:15.674+0000][gc,phases     ] GC(560)   Evacuate Collection Set: 11.3ms
[2023-11-17T22:17:15.674+0000][gc,phases     ] GC(560)   Post Evacuate Collection Set: 0.3ms
[2023-11-17T22:17:15.674+0000][gc,phases     ] GC(560)   Other: 0.2ms
[2023-11-17T22:17:15.674+0000][gc,heap       ] GC(560) Eden regions: 22->0(24)
[2023-11-17T22:17:15.674+0000][gc,heap       ] GC(560) Survivor regions: 4->2(4)
[2023-11-17T22:17:15.674+0000][gc,heap       ] GC(560) Old regions: 145->147
[2023-11-17T22:17:15.674+0000][gc,heap       ] GC(560) Humongous regions: 147->147
[2023-11-17T22:17:15.674+0000][gc,metaspace  ] GC(560) Metaspace: 44786K(47512K)->44786K(47512K) NonClass: 39520K(40960K)->39520K(40960K) Class: 5266K(6552K)->5266K(6552K)
[2023-11-17T22:17:15.674+0000][gc            ] GC(560) Pause Young (Normal) (G1 Evacuation Pause) 316M->293M(512M) 11.916ms
[2023-11-17T22:17:15.674+0000][gc,cpu        ] GC(560) User=0.02s Sys=0.00s Real=0.02s
[2023-11-17T22:18:48.819+0000][gc,start      ] GC(561) Pause Young (Normal) (G1 Evacuation Pause)
[2023-11-17T22:18:48.819+0000][gc,task       ] GC(561) Using 2 workers of 2 for evacuation
[2023-11-17T22:18:48.832+0000][gc,phases     ] GC(561)   Pre Evacuate Collection Set: 0.0ms
[2023-11-17T22:18:48.832+0000][gc,phases     ] GC(561)   Evacuate Collection Set: 12.5ms
[2023-11-17T22:18:48.832+0000][gc,phases     ] GC(561)   Post Evacuate Collection Set: 0.3ms
[2023-11-17T22:18:48.832+0000][gc,phases     ] GC(561)   Other: 0.4ms
[2023-11-17T22:18:48.832+0000][gc,heap       ] GC(561) Eden regions: 24->0(25)
[2023-11-17T22:18:48.832+0000][gc,heap       ] GC(561) Survivor regions: 2->4(4)
[2023-11-17T22:18:48.832+0000][gc,heap       ] GC(561) Old regions: 147->147
[2023-11-17T22:18:48.832+0000][gc,heap       ] GC(561) Humongous regions: 147->147
[2023-11-17T22:18:48.832+0000][gc,metaspace  ] GC(561) Metaspace: 44786K(47512K)->44786K(47512K) NonClass: 39520K(40960K)->39520K(40960K) Class: 5266K(6552K)->5266K(6552K)
[2023-11-17T22:18:48.832+0000][gc            ] GC(561) Pause Young (Normal) (G1 Evacuation Pause) 317M->296M(512M) 13.468ms
[2023-11-17T22:18:48.832+0000][gc,cpu        ] GC(561) User=0.02s Sys=0.00s Real=0.01s
[2023-11-17T22:20:25.962+0000][gc,start      ] GC(562) Pause Young (Normal) (G1 Evacuation Pause)
[2023-11-17T22:20:25.962+0000][gc,task       ] GC(562) Using 2 workers of 2 for evacuation
[2023-11-17T22:20:25.976+0000][gc,phases     ] GC(562)   Pre Evacuate Collection Set: 0.0ms
[2023-11-17T22:20:25.976+0000][gc,phases     ] GC(562)   Evacuate Collection Set: 13.5ms
[2023-11-17T22:20:25.976+0000][gc,phases     ] GC(562)   Post Evacuate Collection Set: 0.3ms
[2023-11-17T22:20:25.976+0000][gc,phases     ] GC(562)   Other: 0.2ms
[2023-11-17T22:20:25.976+0000][gc,heap       ] GC(562) Eden regions: 25->0(26)
[2023-11-17T22:20:25.976+0000][gc,heap       ] GC(562) Survivor regions: 4->3(4)
[2023-11-17T22:20:25.976+0000][gc,heap       ] GC(562) Old regions: 147->149
[2023-11-17T22:20:25.976+0000][gc,heap       ] GC(562) Humongous regions: 147->147
[2023-11-17T22:20:25.976+0000][gc,metaspace  ] GC(562) Metaspace: 44787K(47512K)->44787K(47512K) NonClass: 39520K(40960K)->39520K(40960K) Class: 5266K(6552K)->5266K(6552K)
[2023-11-17T22:20:25.976+0000][gc            ] GC(562) Pause Young (Normal) (G1 Evacuation Pause) 321M->296M(512M) 14.200ms
[2023-11-17T22:20:25.976+0000][gc,cpu        ] GC(562) User=0.03s Sys=0.00s Real=0.02s
[2023-11-17T22:22:03.460+0000][gc,start      ] GC(563) Pause Young (Normal) (G1 Evacuation Pause)
[2023-11-17T22:22:03.460+0000][gc,task       ] GC(563) Using 2 workers of 2 for evacuation
[2023-11-17T22:22:03.475+0000][gc,phases     ] GC(563)   Pre Evacuate Collection Set: 0.0ms
[2023-11-17T22:22:03.475+0000][gc,phases     ] GC(563)   Evacuate Collection Set: 14.8ms
[2023-11-17T22:22:03.475+0000][gc,phases     ] GC(563)   Post Evacuate Collection Set: 0.3ms
[2023-11-17T22:22:03.475+0000][gc,phases     ] GC(563)   Other: 0.2ms
[2023-11-17T22:22:03.475+0000][gc,heap       ] GC(563) Eden regions: 25->0(26)
[2023-11-17T22:22:03.475+0000][gc,heap       ] GC(563) Survivor regions: 3->3(4)
[2023-11-17T22:22:03.475+0000][gc,heap       ] GC(563) Old regions: 149->151
[2023-11-17T22:22:03.475+0000][gc,heap       ] GC(563) Humongous regions: 147->147
[2023-11-17T22:22:03.475+0000][gc,metaspace  ] GC(563) Metaspace: 44787K(47512K)->44787K(47512K) NonClass: 39520K(40960K)->39520K(40960K) Class: 5266K(6552K)->5266K(6552K)
[2023-11-17T22:22:03.475+0000][gc            ] GC(563) Pause Young (Normal) (G1 Evacuation Pause) 321M->299M(512M) 15.453ms
[2023-11-17T22:22:03.475+0000][gc,cpu        ] GC(563) User=0.03s Sys=0.00s Real=0.02s
[2023-11-17T22:23:43.818+0000][gc,start      ] GC(564) Pause Young (Normal) (G1 Evacuation Pause)
[2023-11-17T22:23:43.818+0000][gc,task       ] GC(564) Using 2 workers of 2 for evacuation
[2023-11-17T22:23:43.835+0000][gc,phases     ] GC(564)   Pre Evacuate Collection Set: 0.0ms
[2023-11-17T22:23:43.835+0000][gc,phases     ] GC(564)   Evacuate Collection Set: 16.2ms
[2023-11-17T22:23:43.835+0000][gc,phases     ] GC(564)   Post Evacuate Collection Set: 0.3ms
[2023-11-17T22:23:43.835+0000][gc,phases     ] GC(564)   Other: 0.2ms
[2023-11-17T22:23:43.835+0000][gc,heap       ] GC(564) Eden regions: 26->0(26)
[2023-11-17T22:23:43.835+0000][gc,heap       ] GC(564) Survivor regions: 3->3(4)
[2023-11-17T22:23:43.835+0000][gc,heap       ] GC(564) Old regions: 151->152
[2023-11-17T22:23:43.835+0000][gc,heap       ] GC(564) Humongous regions: 147->147
[2023-11-17T22:23:43.835+0000][gc,metaspace  ] GC(564) Metaspace: 44787K(47512K)->44787K(47512K) NonClass: 39520K(40960K)->39520K(40960K) Class: 5266K(6552K)->5266K(6552K)
[2023-11-17T22:23:43.835+0000][gc            ] GC(564) Pause Young (Normal) (G1 Evacuation Pause) 325M->300M(512M) 16.754ms
[2023-11-17T22:23:43.835+0000][gc,cpu        ] GC(564) User=0.03s Sys=0.00s Real=0.02s
[2023-11-17T22:25:16.974+0000][gc,start      ] GC(565) Pause Young (Normal) (G1 Evacuation Pause)
[2023-11-17T22:25:16.975+0000][gc,task       ] GC(565) Using 2 workers of 2 for evacuation
[2023-11-17T22:25:16.988+0000][gc,phases     ] GC(565)   Pre Evacuate Collection Set: 0.0ms
[2023-11-17T22:25:16.988+0000][gc,phases     ] GC(565)   Evacuate Collection Set: 12.9ms
[2023-11-17T22:25:16.988+0000][gc,phases     ] GC(565)   Post Evacuate Collection Set: 0.3ms
[2023-11-17T22:25:16.988+0000][gc,phases     ] GC(565)   Other: 0.2ms
[2023-11-17T22:25:16.988+0000][gc,heap       ] GC(565) Eden regions: 24->0(28)
[2023-11-17T22:25:16.988+0000][gc,heap       ] GC(565) Survivor regions: 3->2(4)
[2023-11-17T22:25:16.988+0000][gc,heap       ] GC(565) Old regions: 152->153
[2023-11-17T22:25:16.988+0000][gc,heap       ] GC(565) Humongous regions: 147->147
[2023-11-17T22:25:16.988+0000][gc,metaspace  ] GC(565) Metaspace: 44789K(47512K)->44789K(47512K) NonClass: 39522K(40960K)->39522K(40960K) Class: 5266K(6552K)->5266K(6552K)
[2023-11-17T22:25:16.988+0000][gc            ] GC(565) Pause Young (Normal) (G1 Evacuation Pause) 324M->300M(512M) 13.503ms
[2023-11-17T22:25:16.988+0000][gc,cpu        ] GC(565) User=0.02s Sys=0.00s Real=0.01s
[2023-11-17T22:26:59.062+0000][gc,start      ] GC(566) Pause Young (Normal) (G1 Evacuation Pause)
[2023-11-17T22:26:59.062+0000][gc,task       ] GC(566) Using 2 workers of 2 for evacuation
[2023-11-17T22:26:59.080+0000][gc,phases     ] GC(566)   Pre Evacuate Collection Set: 0.0ms
[2023-11-17T22:26:59.080+0000][gc,phases     ] GC(566)   Evacuate Collection Set: 17.7ms
[2023-11-17T22:26:59.080+0000][gc,phases     ] GC(566)   Post Evacuate Collection Set: 0.3ms
[2023-11-17T22:26:59.080+0000][gc,phases     ] GC(566)   Other: 0.2ms
[2023-11-17T22:26:59.080+0000][gc,heap       ] GC(566) Eden regions: 26->0(26)
[2023-11-17T22:26:59.080+0000][gc,heap       ] GC(566) Survivor regions: 2->4(4)
[2023-11-17T22:26:59.080+0000][gc,heap       ] GC(566) Old regions: 153->154
[2023-11-17T22:26:59.080+0000][gc,heap       ] GC(566) Humongous regions: 147->147
[2023-11-17T22:26:59.080+0000][gc,metaspace  ] GC(566) Metaspace: 44789K(47512K)->44789K(47512K) NonClass: 39522K(40960K)->39522K(40960K) Class: 5266K(6552K)->5266K(6552K)
[2023-11-17T22:26:59.080+0000][gc            ] GC(566) Pause Young (Normal) (G1 Evacuation Pause) 326M->303M(512M) 18.305ms
[2023-11-17T22:26:59.080+0000][gc,cpu        ] GC(566) User=0.03s Sys=0.00s Real=0.02s
[2023-11-17T22:28:38.812+0000][gc,start      ] GC(567) Pause Young (Normal) (G1 Evacuation Pause)
[2023-11-17T22:28:38.812+0000][gc,task       ] GC(567) Using 2 workers of 2 for evacuation
[2023-11-17T22:28:38.824+0000][gc,phases     ] GC(567)   Pre Evacuate Collection Set: 0.0ms
[2023-11-17T22:28:38.824+0000][gc,phases     ] GC(567)   Evacuate Collection Set: 12.0ms
[2023-11-17T22:28:38.824+0000][gc,phases     ] GC(567)   Post Evacuate Collection Set: 0.3ms
[2023-11-17T22:28:38.824+0000][gc,phases     ] GC(567)   Other: 0.2ms
[2023-11-17T22:28:38.824+0000][gc,heap       ] GC(567) Eden regions: 26->0(29)
[2023-11-17T22:28:38.824+0000][gc,heap       ] GC(567) Survivor regions: 4->3(4)
[2023-11-17T22:28:38.824+0000][gc,heap       ] GC(567) Old regions: 154->156
[2023-11-17T22:28:38.824+0000][gc,heap       ] GC(567) Humongous regions: 147->147
[2023-11-17T22:28:38.824+0000][gc,metaspace  ] GC(567) Metaspace: 44789K(47512K)->44789K(47512K) NonClass: 39522K(40960K)->39522K(40960K) Class: 5266K(6552K)->5266K(6552K)
[2023-11-17T22:28:38.824+0000][gc            ] GC(567) Pause Young (Normal) (G1 Evacuation Pause) 329M->303M(512M) 12.585ms
[2023-11-17T22:28:38.824+0000][gc,cpu        ] GC(567) User=0.03s Sys=0.00s Real=0.01s
[2023-11-17T22:30:32.011+0000][gc,start      ] GC(568) Pause Young (Normal) (G1 Evacuation Pause)
[2023-11-17T22:30:32.011+0000][gc,task       ] GC(568) Using 2 workers of 2 for evacuation
[2023-11-17T22:30:32.027+0000][gc,phases     ] GC(568)   Pre Evacuate Collection Set: 0.0ms
[2023-11-17T22:30:32.027+0000][gc,phases     ] GC(568)   Evacuate Collection Set: 14.8ms
[2023-11-17T22:30:32.027+0000][gc,phases     ] GC(568)   Post Evacuate Collection Set: 0.7ms
[2023-11-17T22:30:32.027+0000][gc,phases     ] GC(568)   Other: 0.6ms
[2023-11-17T22:30:32.028+0000][gc,heap       ] GC(568) Eden regions: 29->0(30)
[2023-11-17T22:30:32.028+0000][gc,heap       ] GC(568) Survivor regions: 3->2(4)
[2023-11-17T22:30:32.028+0000][gc,heap       ] GC(568) Old regions: 156->157
[2023-11-17T22:30:32.028+0000][gc,heap       ] GC(568) Humongous regions: 147->147
[2023-11-17T22:30:32.028+0000][gc,metaspace  ] GC(568) Metaspace: 44793K(47512K)->44793K(47512K) NonClass: 39527K(40960K)->39527K(40960K) Class: 5266K(6552K)->5266K(6552K)
[2023-11-17T22:30:32.028+0000][gc            ] GC(568) Pause Young (Normal) (G1 Evacuation Pause) 332M->304M(512M) 16.429ms
[2023-11-17T22:30:32.028+0000][gc,cpu        ] GC(568) User=0.03s Sys=0.00s Real=0.02s
[2023-11-17T22:32:29.733+0000][gc,start      ] GC(569) Pause Young (Normal) (G1 Evacuation Pause)
[2023-11-17T22:32:29.733+0000][gc,task       ] GC(569) Using 2 workers of 2 for evacuation
[2023-11-17T22:32:29.748+0000][gc,phases     ] GC(569)   Pre Evacuate Collection Set: 0.0ms
[2023-11-17T22:32:29.748+0000][gc,phases     ] GC(569)   Evacuate Collection Set: 14.2ms
[2023-11-17T22:32:29.748+0000][gc,phases     ] GC(569)   Post Evacuate Collection Set: 0.4ms
[2023-11-17T22:32:29.748+0000][gc,phases     ] GC(569)   Other: 0.3ms
[2023-11-17T22:32:29.748+0000][gc,heap       ] GC(569) Eden regions: 30->0(30)
[2023-11-17T22:32:29.748+0000][gc,heap       ] GC(569) Survivor regions: 2->4(4)
[2023-11-17T22:32:29.748+0000][gc,heap       ] GC(569) Old regions: 157->158
[2023-11-17T22:32:29.748+0000][gc,heap       ] GC(569) Humongous regions: 147->147
[2023-11-17T22:32:29.748+0000][gc,metaspace  ] GC(569) Metaspace: 44793K(47512K)->44793K(47512K) NonClass: 39527K(40960K)->39527K(40960K) Class: 5266K(6552K)->5266K(6552K)
[2023-11-17T22:32:29.748+0000][gc            ] GC(569) Pause Young (Normal) (G1 Evacuation Pause) 334M->307M(512M) 14.950ms
[2023-11-17T22:32:29.748+0000][gc,cpu        ] GC(569) User=0.02s Sys=0.00s Real=0.02s
[2023-11-17T22:34:25.714+0000][gc,start      ] GC(570) Pause Young (Normal) (G1 Evacuation Pause)
[2023-11-17T22:34:25.715+0000][gc,task       ] GC(570) Using 2 workers of 2 for evacuation
[2023-11-17T22:34:25.728+0000][gc,phases     ] GC(570)   Pre Evacuate Collection Set: 0.0ms
[2023-11-17T22:34:25.728+0000][gc,phases     ] GC(570)   Evacuate Collection Set: 12.6ms
[2023-11-17T22:34:25.728+0000][gc,phases     ] GC(570)   Post Evacuate Collection Set: 0.4ms
[2023-11-17T22:34:25.728+0000][gc,phases     ] GC(570)   Other: 0.2ms
[2023-11-17T22:34:25.728+0000][gc,heap       ] GC(570) Eden regions: 30->0(32)
[2023-11-17T22:34:25.728+0000][gc,heap       ] GC(570) Survivor regions: 4->3(5)
[2023-11-17T22:34:25.728+0000][gc,heap       ] GC(570) Old regions: 158->160
[2023-11-17T22:34:25.728+0000][gc,heap       ] GC(570) Humongous regions: 147->147
[2023-11-17T22:34:25.728+0000][gc,metaspace  ] GC(570) Metaspace: 44793K(47512K)->44793K(47512K) NonClass: 39527K(40960K)->39527K(40960K) Class: 5266K(6552K)->5266K(6552K)
[2023-11-17T22:34:25.728+0000][gc            ] GC(570) Pause Young (Normal) (G1 Evacuation Pause) 337M->308M(512M) 13.251ms
[2023-11-17T22:34:25.728+0000][gc,cpu        ] GC(570) User=0.02s Sys=0.00s Real=0.01s
[2023-11-17T22:36:31.133+0000][gc,start      ] GC(571) Pause Young (Normal) (G1 Evacuation Pause)
[2023-11-17T22:36:31.134+0000][gc,task       ] GC(571) Using 2 workers of 2 for evacuation
[2023-11-17T22:36:31.144+0000][gc,phases     ] GC(571)   Pre Evacuate Collection Set: 0.0ms
[2023-11-17T22:36:31.144+0000][gc,phases     ] GC(571)   Evacuate Collection Set: 10.4ms
[2023-11-17T22:36:31.144+0000][gc,phases     ] GC(571)   Post Evacuate Collection Set: 0.4ms
[2023-11-17T22:36:31.145+0000][gc,phases     ] GC(571)   Other: 0.2ms
[2023-11-17T22:36:31.145+0000][gc,heap       ] GC(571) Eden regions: 32->0(34)
[2023-11-17T22:36:31.145+0000][gc,heap       ] GC(571) Survivor regions: 3->2(5)
[2023-11-17T22:36:31.145+0000][gc,heap       ] GC(571) Old regions: 160->161
[2023-11-17T22:36:31.145+0000][gc,heap       ] GC(571) Humongous regions: 147->147
[2023-11-17T22:36:31.145+0000][gc,metaspace  ] GC(571) Metaspace: 44793K(47512K)->44793K(47512K) NonClass: 39527K(40960K)->39527K(40960K) Class: 5266K(6552K)->5266K(6552K)
[2023-11-17T22:36:31.145+0000][gc            ] GC(571) Pause Young (Normal) (G1 Evacuation Pause) 340M->308M(512M) 11.064ms
[2023-11-17T22:36:31.145+0000][gc,cpu        ] GC(571) User=0.02s Sys=0.00s Real=0.00s
[2023-11-17T22:38:43.380+0000][gc,start      ] GC(572) Pause Young (Normal) (G1 Evacuation Pause)
[2023-11-17T22:38:43.380+0000][gc,task       ] GC(572) Using 2 workers of 2 for evacuation
[2023-11-17T22:38:43.397+0000][gc,phases     ] GC(572)   Pre Evacuate Collection Set: 0.1ms
[2023-11-17T22:38:43.398+0000][gc,phases     ] GC(572)   Evacuate Collection Set: 17.0ms
[2023-11-17T22:38:43.398+0000][gc,phases     ] GC(572)   Post Evacuate Collection Set: 0.4ms
[2023-11-17T22:38:43.398+0000][gc,phases     ] GC(572)   Other: 0.2ms
[2023-11-17T22:38:43.398+0000][gc,heap       ] GC(572) Eden regions: 34->0(34)
[2023-11-17T22:38:43.398+0000][gc,heap       ] GC(572) Survivor regions: 2->5(5)
[2023-11-17T22:38:43.398+0000][gc,heap       ] GC(572) Old regions: 161->162
[2023-11-17T22:38:43.398+0000][gc,heap       ] GC(572) Humongous regions: 147->147
[2023-11-17T22:38:43.398+0000][gc,metaspace  ] GC(572) Metaspace: 44793K(47512K)->44793K(47512K) NonClass: 39527K(40960K)->39527K(40960K) Class: 5266K(6552K)->5266K(6552K)
[2023-11-17T22:38:43.398+0000][gc            ] GC(572) Pause Young (Normal) (G1 Evacuation Pause) 342M->312M(512M) 17.827ms
[2023-11-17T22:38:43.398+0000][gc,cpu        ] GC(572) User=0.03s Sys=0.00s Real=0.02s
[2023-11-17T22:40:56.220+0000][gc,start      ] GC(573) Pause Young (Normal) (G1 Evacuation Pause)
[2023-11-17T22:40:56.220+0000][gc,task       ] GC(573) Using 2 workers of 2 for evacuation
[2023-11-17T22:40:56.235+0000][gc,phases     ] GC(573)   Pre Evacuate Collection Set: 0.0ms
[2023-11-17T22:40:56.235+0000][gc,phases     ] GC(573)   Evacuate Collection Set: 14.6ms
[2023-11-17T22:40:56.235+0000][gc,phases     ] GC(573)   Post Evacuate Collection Set: 0.3ms
[2023-11-17T22:40:56.235+0000][gc,phases     ] GC(573)   Other: 0.2ms
[2023-11-17T22:40:56.235+0000][gc,heap       ] GC(573) Eden regions: 34->0(35)
[2023-11-17T22:40:56.235+0000][gc,heap       ] GC(573) Survivor regions: 5->5(5)
[2023-11-17T22:40:56.235+0000][gc,heap       ] GC(573) Old regions: 162->164
[2023-11-17T22:40:56.235+0000][gc,heap       ] GC(573) Humongous regions: 147->147
[2023-11-17T22:40:56.235+0000][gc,metaspace  ] GC(573) Metaspace: 44794K(47512K)->44794K(47512K) NonClass: 39528K(40960K)->39528K(40960K) Class: 5266K(6552K)->5266K(6552K)
[2023-11-17T22:40:56.235+0000][gc            ] GC(573) Pause Young (Normal) (G1 Evacuation Pause) 346M->314M(512M) 15.198ms
[2023-11-17T22:40:56.235+0000][gc,cpu        ] GC(573) User=0.03s Sys=0.00s Real=0.02s
[2023-11-17T22:43:12.854+0000][gc,start      ] GC(574) Pause Young (Normal) (G1 Evacuation Pause)
[2023-11-17T22:43:12.854+0000][gc,task       ] GC(574) Using 2 workers of 2 for evacuation
[2023-11-17T22:43:12.874+0000][gc,mmu        ] GC(574) MMU target violated: 20.8ms (20.0ms/21.0ms)
[2023-11-17T22:43:12.874+0000][gc,phases     ] GC(574)   Pre Evacuate Collection Set: 0.0ms
[2023-11-17T22:43:12.874+0000][gc,phases     ] GC(574)   Evacuate Collection Set: 20.4ms
[2023-11-17T22:43:12.874+0000][gc,phases     ] GC(574)   Post Evacuate Collection Set: 0.3ms
[2023-11-17T22:43:12.875+0000][gc,phases     ] GC(574)   Other: 0.3ms
[2023-11-17T22:43:12.875+0000][gc,heap       ] GC(574) Eden regions: 35->0(34)
[2023-11-17T22:43:12.875+0000][gc,heap       ] GC(574) Survivor regions: 5->4(5)
[2023-11-17T22:43:12.875+0000][gc,heap       ] GC(574) Old regions: 164->166
[2023-11-17T22:43:12.875+0000][gc,heap       ] GC(574) Humongous regions: 147->147
[2023-11-17T22:43:12.875+0000][gc,metaspace  ] GC(574) Metaspace: 44794K(47512K)->44794K(47512K) NonClass: 39528K(40960K)->39528K(40960K) Class: 5266K(6552K)->5266K(6552K)
[2023-11-17T22:43:12.875+0000][gc            ] GC(574) Pause Young (Normal) (G1 Evacuation Pause) 349M->314M(512M) 21.032ms
[2023-11-17T22:43:12.875+0000][gc,cpu        ] GC(574) User=0.03s Sys=0.00s Real=0.02s
[2023-11-17T22:45:22.587+0000][gc,start      ] GC(575) Pause Young (Normal) (G1 Evacuation Pause)
[2023-11-17T22:45:22.587+0000][gc,task       ] GC(575) Using 2 workers of 2 for evacuation
[2023-11-17T22:45:22.600+0000][gc,phases     ] GC(575)   Pre Evacuate Collection Set: 0.1ms
[2023-11-17T22:45:22.600+0000][gc,phases     ] GC(575)   Evacuate Collection Set: 12.6ms
[2023-11-17T22:45:22.600+0000][gc,phases     ] GC(575)   Post Evacuate Collection Set: 0.3ms
[2023-11-17T22:45:22.600+0000][gc,phases     ] GC(575)   Other: 0.5ms
[2023-11-17T22:45:22.600+0000][gc,heap       ] GC(575) Eden regions: 33->0(36)
[2023-11-17T22:45:22.600+0000][gc,heap       ] GC(575) Survivor regions: 4->3(5)
[2023-11-17T22:45:22.600+0000][gc,heap       ] GC(575) Old regions: 166->168
[2023-11-17T22:45:22.600+0000][gc,heap       ] GC(575) Humongous regions: 147->147
[2023-11-17T22:45:22.600+0000][gc,metaspace  ] GC(575) Metaspace: 44794K(47512K)->44794K(47512K) NonClass: 39528K(40960K)->39528K(40960K) Class: 5266K(6552K)->5266K(6552K)
[2023-11-17T22:45:22.601+0000][gc            ] GC(575) Pause Young (Normal) (G1 Evacuation Pause) 347M->315M(512M) 13.578ms
[2023-11-17T22:45:22.601+0000][gc,cpu        ] GC(575) User=0.03s Sys=0.00s Real=0.01s
[2023-11-17T22:47:35.316+0000][gc,start      ] GC(576) Pause Young (Normal) (G1 Evacuation Pause)
[2023-11-17T22:47:35.316+0000][gc,task       ] GC(576) Using 2 workers of 2 for evacuation
[2023-11-17T22:47:35.329+0000][gc,phases     ] GC(576)   Pre Evacuate Collection Set: 0.0ms
[2023-11-17T22:47:35.329+0000][gc,phases     ] GC(576)   Evacuate Collection Set: 12.6ms
[2023-11-17T22:47:35.329+0000][gc,phases     ] GC(576)   Post Evacuate Collection Set: 0.4ms
[2023-11-17T22:47:35.329+0000][gc,phases     ] GC(576)   Other: 0.2ms
[2023-11-17T22:47:35.329+0000][gc,heap       ] GC(576) Eden regions: 34->0(37)
[2023-11-17T22:47:35.329+0000][gc,heap       ] GC(576) Survivor regions: 3->4(5)
[2023-11-17T22:47:35.329+0000][gc,heap       ] GC(576) Old regions: 168->168
[2023-11-17T22:47:35.329+0000][gc,heap       ] GC(576) Humongous regions: 147->147
[2023-11-17T22:47:35.329+0000][gc,metaspace  ] GC(576) Metaspace: 44794K(47512K)->44794K(47512K) NonClass: 39528K(40960K)->39528K(40960K) Class: 5266K(6552K)->5266K(6552K)
[2023-11-17T22:47:35.329+0000][gc            ] GC(576) Pause Young (Normal) (G1 Evacuation Pause) 349M->316M(512M) 13.248ms
[2023-11-17T22:47:35.329+0000][gc,cpu        ] GC(576) User=0.02s Sys=0.00s Real=0.01s
[2023-11-17T22:50:00.070+0000][gc,start      ] GC(577) Pause Young (Normal) (G1 Evacuation Pause)
[2023-11-17T22:50:00.070+0000][gc,task       ] GC(577) Using 2 workers of 2 for evacuation
[2023-11-17T22:50:00.122+0000][gc,mmu        ] GC(577) MMU target violated: 21.0ms (20.0ms/21.0ms)
[2023-11-17T22:50:00.123+0000][gc,phases     ] GC(577)   Pre Evacuate Collection Set: 0.0ms
[2023-11-17T22:50:00.123+0000][gc,phases     ] GC(577)   Evacuate Collection Set: 50.9ms
[2023-11-17T22:50:00.123+0000][gc,phases     ] GC(577)   Post Evacuate Collection Set: 0.6ms
[2023-11-17T22:50:00.123+0000][gc,phases     ] GC(577)   Other: 0.6ms
[2023-11-17T22:50:00.123+0000][gc,heap       ] GC(577) Eden regions: 37->0(21)
[2023-11-17T22:50:00.123+0000][gc,heap       ] GC(577) Survivor regions: 4->4(6)
[2023-11-17T22:50:00.123+0000][gc,heap       ] GC(577) Old regions: 168->169
[2023-11-17T22:50:00.123+0000][gc,heap       ] GC(577) Humongous regions: 147->147
[2023-11-17T22:50:00.123+0000][gc,metaspace  ] GC(577) Metaspace: 44795K(47512K)->44795K(47512K) NonClass: 39529K(40960K)->39529K(40960K) Class: 5266K(6552K)->5266K(6552K)
[2023-11-17T22:50:00.123+0000][gc            ] GC(577) Pause Young (Normal) (G1 Evacuation Pause) 353M->317M(512M) 52.211ms
[2023-11-17T22:50:00.123+0000][gc,cpu        ] GC(577) User=0.08s Sys=0.02s Real=0.05s
[2023-11-17T22:51:21.763+0000][gc,start      ] GC(578) Pause Young (Normal) (G1 Evacuation Pause)
[2023-11-17T22:51:21.763+0000][gc,task       ] GC(578) Using 2 workers of 2 for evacuation
[2023-11-17T22:51:21.778+0000][gc,phases     ] GC(578)   Pre Evacuate Collection Set: 0.0ms
[2023-11-17T22:51:21.778+0000][gc,phases     ] GC(578)   Evacuate Collection Set: 14.7ms
[2023-11-17T22:51:21.778+0000][gc,phases     ] GC(578)   Post Evacuate Collection Set: 0.3ms
[2023-11-17T22:51:21.778+0000][gc,phases     ] GC(578)   Other: 0.2ms
[2023-11-17T22:51:21.778+0000][gc,heap       ] GC(578) Eden regions: 21->0(21)
[2023-11-17T22:51:21.778+0000][gc,heap       ] GC(578) Survivor regions: 4->4(4)
[2023-11-17T22:51:21.778+0000][gc,heap       ] GC(578) Old regions: 169->170
[2023-11-17T22:51:21.778+0000][gc,heap       ] GC(578) Humongous regions: 147->147
[2023-11-17T22:51:21.778+0000][gc,metaspace  ] GC(578) Metaspace: 44795K(47512K)->44795K(47512K) NonClass: 39529K(40960K)->39529K(40960K) Class: 5266K(6552K)->5266K(6552K)
[2023-11-17T22:51:21.778+0000][gc            ] GC(578) Pause Young (Normal) (G1 Evacuation Pause) 338M->319M(512M) 15.261ms
[2023-11-17T22:51:21.778+0000][gc,cpu        ] GC(578) User=0.02s Sys=0.00s Real=0.02s
[2023-11-17T22:52:42.916+0000][gc,start      ] GC(579) Pause Young (Normal) (G1 Evacuation Pause)
[2023-11-17T22:52:42.916+0000][gc,task       ] GC(579) Using 2 workers of 2 for evacuation
[2023-11-17T22:52:42.927+0000][gc,phases     ] GC(579)   Pre Evacuate Collection Set: 0.0ms
[2023-11-17T22:52:42.927+0000][gc,phases     ] GC(579)   Evacuate Collection Set: 10.4ms
[2023-11-17T22:52:42.927+0000][gc,phases     ] GC(579)   Post Evacuate Collection Set: 0.3ms
[2023-11-17T22:52:42.927+0000][gc,phases     ] GC(579)   Other: 0.2ms
[2023-11-17T22:52:42.927+0000][gc,heap       ] GC(579) Eden regions: 21->0(24)
[2023-11-17T22:52:42.927+0000][gc,heap       ] GC(579) Survivor regions: 4->1(4)
[2023-11-17T22:52:42.927+0000][gc,heap       ] GC(579) Old regions: 170->173
[2023-11-17T22:52:42.927+0000][gc,heap       ] GC(579) Humongous regions: 147->147
[2023-11-17T22:52:42.927+0000][gc,metaspace  ] GC(579) Metaspace: 44795K(47512K)->44795K(47512K) NonClass: 39529K(40960K)->39529K(40960K) Class: 5266K(6552K)->5266K(6552K)
[2023-11-17T22:52:42.927+0000][gc            ] GC(579) Pause Young (Normal) (G1 Evacuation Pause) 340M->319M(512M) 11.048ms
[2023-11-17T22:52:42.927+0000][gc,cpu        ] GC(579) User=0.02s Sys=0.00s Real=0.01s
[2023-11-17T22:54:16.220+0000][gc,start      ] GC(580) Pause Young (Normal) (G1 Evacuation Pause)
[2023-11-17T22:54:16.220+0000][gc,task       ] GC(580) Using 2 workers of 2 for evacuation
[2023-11-17T22:54:16.231+0000][gc,phases     ] GC(580)   Pre Evacuate Collection Set: 0.0ms
[2023-11-17T22:54:16.231+0000][gc,phases     ] GC(580)   Evacuate Collection Set: 10.9ms
[2023-11-17T22:54:16.231+0000][gc,phases     ] GC(580)   Post Evacuate Collection Set: 0.3ms
[2023-11-17T22:54:16.231+0000][gc,phases     ] GC(580)   Other: 0.2ms
[2023-11-17T22:54:16.231+0000][gc,heap       ] GC(580) Eden regions: 24->0(21)
[2023-11-17T22:54:16.231+0000][gc,heap       ] GC(580) Survivor regions: 1->4(4)
[2023-11-17T22:54:16.231+0000][gc,heap       ] GC(580) Old regions: 173->173
[2023-11-17T22:54:16.231+0000][gc,heap       ] GC(580) Humongous regions: 147->147
[2023-11-17T22:54:16.231+0000][gc,metaspace  ] GC(580) Metaspace: 44795K(47512K)->44795K(47512K) NonClass: 39529K(40960K)->39529K(40960K) Class: 5266K(6552K)->5266K(6552K)
[2023-11-17T22:54:16.231+0000][gc            ] GC(580) Pause Young (Normal) (G1 Evacuation Pause) 343M->321M(512M) 11.493ms
[2023-11-17T22:54:16.231+0000][gc,cpu        ] GC(580) User=0.03s Sys=0.00s Real=0.01s
[2023-11-17T22:55:37.503+0000][gc,start      ] GC(581) Pause Young (Normal) (G1 Evacuation Pause)
[2023-11-17T22:55:37.503+0000][gc,task       ] GC(581) Using 2 workers of 2 for evacuation
[2023-11-17T22:55:37.513+0000][gc,phases     ] GC(581)   Pre Evacuate Collection Set: 0.0ms
[2023-11-17T22:55:37.513+0000][gc,phases     ] GC(581)   Evacuate Collection Set: 9.5ms
[2023-11-17T22:55:37.513+0000][gc,phases     ] GC(581)   Post Evacuate Collection Set: 0.3ms
[2023-11-17T22:55:37.514+0000][gc,phases     ] GC(581)   Other: 0.2ms
[2023-11-17T22:55:37.514+0000][gc,heap       ] GC(581) Eden regions: 21->0(24)
[2023-11-17T22:55:37.514+0000][gc,heap       ] GC(581) Survivor regions: 4->2(4)
[2023-11-17T22:55:37.514+0000][gc,heap       ] GC(581) Old regions: 173->175
[2023-11-17T22:55:37.514+0000][gc,heap       ] GC(581) Humongous regions: 147->147
[2023-11-17T22:55:37.514+0000][gc,metaspace  ] GC(581) Metaspace: 44795K(47512K)->44795K(47512K) NonClass: 39529K(40960K)->39529K(40960K) Class: 5266K(6552K)->5266K(6552K)
[2023-11-17T22:55:37.514+0000][gc            ] GC(581) Pause Young (Normal) (G1 Evacuation Pause) 342M->321M(512M) 10.096ms
[2023-11-17T22:55:37.514+0000][gc,cpu        ] GC(581) User=0.02s Sys=0.00s Real=0.02s
[2023-11-17T22:57:10.556+0000][gc,start      ] GC(582) Pause Young (Normal) (G1 Evacuation Pause)
[2023-11-17T22:57:10.556+0000][gc,task       ] GC(582) Using 2 workers of 2 for evacuation
[2023-11-17T22:57:10.568+0000][gc,phases     ] GC(582)   Pre Evacuate Collection Set: 0.0ms
[2023-11-17T22:57:10.568+0000][gc,phases     ] GC(582)   Evacuate Collection Set: 11.5ms
[2023-11-17T22:57:10.568+0000][gc,phases     ] GC(582)   Post Evacuate Collection Set: 0.3ms
[2023-11-17T22:57:10.568+0000][gc,phases     ] GC(582)   Other: 0.2ms
[2023-11-17T22:57:10.568+0000][gc,heap       ] GC(582) Eden regions: 24->0(24)
[2023-11-17T22:57:10.568+0000][gc,heap       ] GC(582) Survivor regions: 2->4(4)
[2023-11-17T22:57:10.568+0000][gc,heap       ] GC(582) Old regions: 175->175
[2023-11-17T22:57:10.568+0000][gc,heap       ] GC(582) Humongous regions: 147->147
[2023-11-17T22:57:10.568+0000][gc,metaspace  ] GC(582) Metaspace: 44795K(47512K)->44795K(47512K) NonClass: 39529K(40960K)->39529K(40960K) Class: 5266K(6552K)->5266K(6552K)
[2023-11-17T22:57:10.568+0000][gc            ] GC(582) Pause Young (Normal) (G1 Evacuation Pause) 345M->323M(512M) 12.134ms
[2023-11-17T22:57:10.568+0000][gc,cpu        ] GC(582) User=0.03s Sys=0.00s Real=0.01s
[2023-11-17T22:58:43.284+0000][gc,start      ] GC(583) Pause Young (Normal) (G1 Evacuation Pause)
[2023-11-17T22:58:43.284+0000][gc,task       ] GC(583) Using 2 workers of 2 for evacuation
[2023-11-17T22:58:43.295+0000][gc,phases     ] GC(583)   Pre Evacuate Collection Set: 0.0ms
[2023-11-17T22:58:43.295+0000][gc,phases     ] GC(583)   Evacuate Collection Set: 10.8ms
[2023-11-17T22:58:43.295+0000][gc,phases     ] GC(583)   Post Evacuate Collection Set: 0.4ms
[2023-11-17T22:58:43.295+0000][gc,phases     ] GC(583)   Other: 0.2ms
[2023-11-17T22:58:43.295+0000][gc,heap       ] GC(583) Eden regions: 24->0(27)
[2023-11-17T22:58:43.295+0000][gc,heap       ] GC(583) Survivor regions: 4->2(4)
[2023-11-17T22:58:43.295+0000][gc,heap       ] GC(583) Old regions: 175->177
[2023-11-17T22:58:43.295+0000][gc,heap       ] GC(583) Humongous regions: 147->147
[2023-11-17T22:58:43.295+0000][gc,metaspace  ] GC(583) Metaspace: 44795K(47512K)->44795K(47512K) NonClass: 39529K(40960K)->39529K(40960K) Class: 5266K(6552K)->5266K(6552K)
[2023-11-17T22:58:43.295+0000][gc            ] GC(583) Pause Young (Normal) (G1 Evacuation Pause) 347M->323M(512M) 11.484ms
[2023-11-17T22:58:43.296+0000][gc,cpu        ] GC(583) User=0.02s Sys=0.00s Real=0.02s
[2023-11-17T23:00:29.192+0000][gc,start      ] GC(584) Pause Young (Normal) (G1 Evacuation Pause)
[2023-11-17T23:00:29.192+0000][gc,task       ] GC(584) Using 2 workers of 2 for evacuation
[2023-11-17T23:00:29.204+0000][gc,phases     ] GC(584)   Pre Evacuate Collection Set: 0.0ms
[2023-11-17T23:00:29.204+0000][gc,phases     ] GC(584)   Evacuate Collection Set: 11.9ms
[2023-11-17T23:00:29.204+0000][gc,phases     ] GC(584)   Post Evacuate Collection Set: 0.3ms
[2023-11-17T23:00:29.204+0000][gc,phases     ] GC(584)   Other: 0.2ms
[2023-11-17T23:00:29.204+0000][gc,heap       ] GC(584) Eden regions: 27->0(27)
[2023-11-17T23:00:29.204+0000][gc,heap       ] GC(584) Survivor regions: 2->4(4)
[2023-11-17T23:00:29.204+0000][gc,heap       ] GC(584) Old regions: 177->177
[2023-11-17T23:00:29.204+0000][gc,heap       ] GC(584) Humongous regions: 147->147
[2023-11-17T23:00:29.204+0000][gc,metaspace  ] GC(584) Metaspace: 44795K(47512K)->44795K(47512K) NonClass: 39529K(40960K)->39529K(40960K) Class: 5266K(6552K)->5266K(6552K)
[2023-11-17T23:00:29.204+0000][gc            ] GC(584) Pause Young (Normal) (G1 Evacuation Pause) 350M->326M(512M) 12.501ms
[2023-11-17T23:00:29.204+0000][gc,cpu        ] GC(584) User=0.03s Sys=0.00s Real=0.01s
[2023-11-17T23:02:14.371+0000][gc,start      ] GC(585) Pause Young (Normal) (G1 Evacuation Pause)
[2023-11-17T23:02:14.371+0000][gc,task       ] GC(585) Using 2 workers of 2 for evacuation
[2023-11-17T23:02:14.385+0000][gc,phases     ] GC(585)   Pre Evacuate Collection Set: 0.0ms
[2023-11-17T23:02:14.385+0000][gc,phases     ] GC(585)   Evacuate Collection Set: 13.3ms
[2023-11-17T23:02:14.385+0000][gc,phases     ] GC(585)   Post Evacuate Collection Set: 0.3ms
[2023-11-17T23:02:14.385+0000][gc,phases     ] GC(585)   Other: 0.2ms
[2023-11-17T23:02:14.385+0000][gc,heap       ] GC(585) Eden regions: 27->0(28)
[2023-11-17T23:02:14.385+0000][gc,heap       ] GC(585) Survivor regions: 4->3(4)
[2023-11-17T23:02:14.385+0000][gc,heap       ] GC(585) Old regions: 177->179
[2023-11-17T23:02:14.385+0000][gc,heap       ] GC(585) Humongous regions: 147->147
[2023-11-17T23:02:14.385+0000][gc,metaspace  ] GC(585) Metaspace: 44795K(47512K)->44795K(47512K) NonClass: 39529K(40960K)->39529K(40960K) Class: 5266K(6552K)->5266K(6552K)
[2023-11-17T23:02:14.385+0000][gc            ] GC(585) Pause Young (Normal) (G1 Evacuation Pause) 353M->326M(512M) 13.885ms
[2023-11-17T23:02:14.385+0000][gc,cpu        ] GC(585) User=0.02s Sys=0.00s Real=0.01s
[2023-11-17T23:04:03.561+0000][gc,start      ] GC(586) Pause Young (Normal) (G1 Evacuation Pause)
[2023-11-17T23:04:03.561+0000][gc,task       ] GC(586) Using 2 workers of 2 for evacuation
[2023-11-17T23:04:03.572+0000][gc,phases     ] GC(586)   Pre Evacuate Collection Set: 0.0ms
[2023-11-17T23:04:03.572+0000][gc,phases     ] GC(586)   Evacuate Collection Set: 10.0ms
[2023-11-17T23:04:03.572+0000][gc,phases     ] GC(586)   Post Evacuate Collection Set: 0.4ms
[2023-11-17T23:04:03.572+0000][gc,phases     ] GC(586)   Other: 0.4ms
[2023-11-17T23:04:03.572+0000][gc,heap       ] GC(586) Eden regions: 28->0(30)
[2023-11-17T23:04:03.572+0000][gc,heap       ] GC(586) Survivor regions: 3->2(4)
[2023-11-17T23:04:03.572+0000][gc,heap       ] GC(586) Old regions: 179->180
[2023-11-17T23:04:03.572+0000][gc,heap       ] GC(586) Humongous regions: 147->147
[2023-11-17T23:04:03.572+0000][gc,metaspace  ] GC(586) Metaspace: 44795K(47512K)->44795K(47512K) NonClass: 39529K(40960K)->39529K(40960K) Class: 5266K(6552K)->5266K(6552K)
[2023-11-17T23:04:03.572+0000][gc            ] GC(586) Pause Young (Normal) (G1 Evacuation Pause) 354M->327M(512M) 11.019ms
[2023-11-17T23:04:03.572+0000][gc,cpu        ] GC(586) User=0.02s Sys=0.00s Real=0.01s
[2023-11-17T23:05:56.987+0000][gc,start      ] GC(587) Pause Young (Normal) (G1 Evacuation Pause)
[2023-11-17T23:05:56.987+0000][gc,task       ] GC(587) Using 2 workers of 2 for evacuation
[2023-11-17T23:05:57.005+0000][gc,phases     ] GC(587)   Pre Evacuate Collection Set: 0.0ms
[2023-11-17T23:05:57.006+0000][gc,phases     ] GC(587)   Evacuate Collection Set: 18.0ms
[2023-11-17T23:05:57.006+0000][gc,phases     ] GC(587)   Post Evacuate Collection Set: 0.3ms
[2023-11-17T23:05:57.006+0000][gc,phases     ] GC(587)   Other: 0.3ms
[2023-11-17T23:05:57.006+0000][gc,heap       ] GC(587) Eden regions: 29->0(29)
[2023-11-17T23:05:57.006+0000][gc,heap       ] GC(587) Survivor regions: 2->4(4)
[2023-11-17T23:05:57.006+0000][gc,heap       ] GC(587) Old regions: 180->181
[2023-11-17T23:05:57.006+0000][gc,heap       ] GC(587) Humongous regions: 147->147
[2023-11-17T23:05:57.006+0000][gc,metaspace  ] GC(587) Metaspace: 44797K(47512K)->44797K(47512K) NonClass: 39531K(40960K)->39531K(40960K) Class: 5266K(6552K)->5266K(6552K)
[2023-11-17T23:05:57.006+0000][gc            ] GC(587) Pause Young (Normal) (G1 Evacuation Pause) 356M->330M(512M) 18.805ms
[2023-11-17T23:05:57.006+0000][gc,cpu        ] GC(587) User=0.03s Sys=0.00s Real=0.02s
[2023-11-17T23:07:40.434+0000][gc,start      ] GC(588) Pause Young (Normal) (G1 Evacuation Pause)
[2023-11-17T23:07:40.434+0000][gc,task       ] GC(588) Using 2 workers of 2 for evacuation
[2023-11-17T23:07:40.451+0000][gc,phases     ] GC(588)   Pre Evacuate Collection Set: 0.0ms
[2023-11-17T23:07:40.451+0000][gc,phases     ] GC(588)   Evacuate Collection Set: 16.5ms
[2023-11-17T23:07:40.451+0000][gc,phases     ] GC(588)   Post Evacuate Collection Set: 0.3ms
[2023-11-17T23:07:40.451+0000][gc,phases     ] GC(588)   Other: 0.2ms
[2023-11-17T23:07:40.451+0000][gc,heap       ] GC(588) Eden regions: 29->0(29)
[2023-11-17T23:07:40.451+0000][gc,heap       ] GC(588) Survivor regions: 4->5(5)
[2023-11-17T23:07:40.451+0000][gc,heap       ] GC(588) Old regions: 181->183
[2023-11-17T23:07:40.451+0000][gc,heap       ] GC(588) Humongous regions: 147->147
[2023-11-17T23:07:40.451+0000][gc,metaspace  ] GC(588) Metaspace: 44797K(47512K)->44797K(47512K) NonClass: 39531K(40960K)->39531K(40960K) Class: 5266K(6552K)->5266K(6552K)
[2023-11-17T23:07:40.451+0000][gc            ] GC(588) Pause Young (Normal) (G1 Evacuation Pause) 359M->332M(512M) 17.087ms
[2023-11-17T23:07:40.451+0000][gc,cpu        ] GC(588) User=0.04s Sys=0.00s Real=0.01s
[2023-11-17T23:09:14.223+0000][gc,start      ] GC(589) Pause Young (Normal) (G1 Evacuation Pause)
[2023-11-17T23:09:14.223+0000][gc,task       ] GC(589) Using 2 workers of 2 for evacuation
[2023-11-17T23:09:14.258+0000][gc,mmu        ] GC(589) MMU target violated: 21.0ms (20.0ms/21.0ms)
[2023-11-17T23:09:14.258+0000][gc,phases     ] GC(589)   Pre Evacuate Collection Set: 0.0ms
[2023-11-17T23:09:14.258+0000][gc,phases     ] GC(589)   Evacuate Collection Set: 34.2ms
[2023-11-17T23:09:14.258+0000][gc,phases     ] GC(589)   Post Evacuate Collection Set: 0.5ms
[2023-11-17T23:09:14.258+0000][gc,phases     ] GC(589)   Other: 0.3ms
[2023-11-17T23:09:14.258+0000][gc,heap       ] GC(589) Eden regions: 27->0(21)
[2023-11-17T23:09:14.258+0000][gc,heap       ] GC(589) Survivor regions: 5->4(4)
[2023-11-17T23:09:14.258+0000][gc,heap       ] GC(589) Old regions: 183->187
[2023-11-17T23:09:14.258+0000][gc,heap       ] GC(589) Humongous regions: 147->147
[2023-11-17T23:09:14.258+0000][gc,metaspace  ] GC(589) Metaspace: 44800K(47512K)->44800K(47512K) NonClass: 39533K(40960K)->39533K(40960K) Class: 5266K(6552K)->5266K(6552K)
[2023-11-17T23:09:14.258+0000][gc            ] GC(589) Pause Young (Normal) (G1 Evacuation Pause) 359M->335M(512M) 35.137ms
[2023-11-17T23:09:14.258+0000][gc,cpu        ] GC(589) User=0.06s Sys=0.00s Real=0.04s
[2023-11-17T23:10:34.903+0000][gc,start      ] GC(590) Pause Young (Normal) (G1 Evacuation Pause)
[2023-11-17T23:10:34.903+0000][gc,task       ] GC(590) Using 2 workers of 2 for evacuation
[2023-11-17T23:10:34.925+0000][gc,mmu        ] GC(590) MMU target violated: 21.0ms (20.0ms/21.0ms)
[2023-11-17T23:10:34.925+0000][gc,phases     ] GC(590)   Pre Evacuate Collection Set: 0.0ms
[2023-11-17T23:10:34.925+0000][gc,phases     ] GC(590)   Evacuate Collection Set: 20.3ms
[2023-11-17T23:10:34.925+0000][gc,phases     ] GC(590)   Post Evacuate Collection Set: 0.8ms
[2023-11-17T23:10:34.925+0000][gc,phases     ] GC(590)   Other: 0.4ms
[2023-11-17T23:10:34.925+0000][gc,heap       ] GC(590) Eden regions: 21->0(22)
[2023-11-17T23:10:34.925+0000][gc,heap       ] GC(590) Survivor regions: 4->3(4)
[2023-11-17T23:10:34.925+0000][gc,heap       ] GC(590) Old regions: 187->189
[2023-11-17T23:10:34.925+0000][gc,heap       ] GC(590) Humongous regions: 147->147
[2023-11-17T23:10:34.925+0000][gc,metaspace  ] GC(590) Metaspace: 44800K(47512K)->44800K(47512K) NonClass: 39533K(40960K)->39533K(40960K) Class: 5266K(6552K)->5266K(6552K)
[2023-11-17T23:10:34.925+0000][gc            ] GC(590) Pause Young (Normal) (G1 Evacuation Pause) 356M->337M(512M) 21.595ms
[2023-11-17T23:10:34.925+0000][gc,cpu        ] GC(590) User=0.04s Sys=0.00s Real=0.02s
[2023-11-17T23:12:01.220+0000][gc,start      ] GC(591) Pause Young (Normal) (G1 Evacuation Pause)
[2023-11-17T23:12:01.220+0000][gc,task       ] GC(591) Using 2 workers of 2 for evacuation
[2023-11-17T23:12:01.240+0000][gc,mmu        ] GC(591) MMU target violated: 20.5ms (20.0ms/21.0ms)
[2023-11-17T23:12:01.240+0000][gc,phases     ] GC(591)   Pre Evacuate Collection Set: 0.0ms
[2023-11-17T23:12:01.240+0000][gc,phases     ] GC(591)   Evacuate Collection Set: 20.1ms
[2023-11-17T23:12:01.240+0000][gc,phases     ] GC(591)   Post Evacuate Collection Set: 0.3ms
[2023-11-17T23:12:01.240+0000][gc,phases     ] GC(591)   Other: 0.3ms
[2023-11-17T23:12:01.240+0000][gc,heap       ] GC(591) Eden regions: 22->0(22)
[2023-11-17T23:12:01.240+0000][gc,heap       ] GC(591) Survivor regions: 3->3(4)
[2023-11-17T23:12:01.240+0000][gc,heap       ] GC(591) Old regions: 189->192
[2023-11-17T23:12:01.240+0000][gc,heap       ] GC(591) Humongous regions: 147->147
[2023-11-17T23:12:01.240+0000][gc,metaspace  ] GC(591) Metaspace: 44800K(47512K)->44800K(47512K) NonClass: 39533K(40960K)->39533K(40960K) Class: 5266K(6552K)->5266K(6552K)
[2023-11-17T23:12:01.240+0000][gc            ] GC(591) Pause Young (Normal) (G1 Evacuation Pause) 359M->340M(512M) 20.765ms
[2023-11-17T23:12:01.240+0000][gc,cpu        ] GC(591) User=0.04s Sys=0.00s Real=0.02s
[2023-11-17T23:13:26.033+0000][gc,start      ] GC(592) Pause Young (Normal) (G1 Evacuation Pause)
[2023-11-17T23:13:26.033+0000][gc,task       ] GC(592) Using 2 workers of 2 for evacuation
[2023-11-17T23:13:26.045+0000][gc,phases     ] GC(592)   Pre Evacuate Collection Set: 0.0ms
[2023-11-17T23:13:26.046+0000][gc,phases     ] GC(592)   Evacuate Collection Set: 11.9ms
[2023-11-17T23:13:26.046+0000][gc,phases     ] GC(592)   Post Evacuate Collection Set: 0.3ms
[2023-11-17T23:13:26.046+0000][gc,phases     ] GC(592)   Other: 0.2ms
[2023-11-17T23:13:26.046+0000][gc,heap       ] GC(592) Eden regions: 22->0(22)
[2023-11-17T23:13:26.046+0000][gc,heap       ] GC(592) Survivor regions: 3->3(4)
[2023-11-17T23:13:26.046+0000][gc,heap       ] GC(592) Old regions: 192->193
[2023-11-17T23:13:26.046+0000][gc,heap       ] GC(592) Humongous regions: 147->147
[2023-11-17T23:13:26.046+0000][gc,metaspace  ] GC(592) Metaspace: 44800K(47512K)->44800K(47512K) NonClass: 39533K(40960K)->39533K(40960K) Class: 5266K(6552K)->5266K(6552K)
[2023-11-17T23:13:26.046+0000][gc            ] GC(592) Pause Young (Normal) (G1 Evacuation Pause) 362M->340M(512M) 12.666ms
[2023-11-17T23:13:26.046+0000][gc,cpu        ] GC(592) User=0.02s Sys=0.00s Real=0.02s
[2023-11-17T23:14:52.189+0000][gc,start      ] GC(593) Pause Young (Normal) (G1 Evacuation Pause)
[2023-11-17T23:14:52.189+0000][gc,task       ] GC(593) Using 2 workers of 2 for evacuation
[2023-11-17T23:14:52.202+0000][gc,phases     ] GC(593)   Pre Evacuate Collection Set: 0.0ms
[2023-11-17T23:14:52.203+0000][gc,phases     ] GC(593)   Evacuate Collection Set: 12.9ms
[2023-11-17T23:14:52.203+0000][gc,phases     ] GC(593)   Post Evacuate Collection Set: 0.3ms
[2023-11-17T23:14:52.203+0000][gc,phases     ] GC(593)   Other: 0.3ms
[2023-11-17T23:14:52.203+0000][gc,heap       ] GC(593) Eden regions: 22->0(24)
[2023-11-17T23:14:52.203+0000][gc,heap       ] GC(593) Survivor regions: 3->3(4)
[2023-11-17T23:14:52.203+0000][gc,heap       ] GC(593) Old regions: 193->195
[2023-11-17T23:14:52.203+0000][gc,heap       ] GC(593) Humongous regions: 147->147
[2023-11-17T23:14:52.203+0000][gc,metaspace  ] GC(593) Metaspace: 44800K(47512K)->44800K(47512K) NonClass: 39533K(40960K)->39533K(40960K) Class: 5266K(6552K)->5266K(6552K)
[2023-11-17T23:14:52.203+0000][gc            ] GC(593) Pause Young (Normal) (G1 Evacuation Pause) 362M->343M(512M) 13.557ms
[2023-11-17T23:14:52.203+0000][gc,cpu        ] GC(593) User=0.03s Sys=0.00s Real=0.01s
[2023-11-17T23:16:25.350+0000][gc,start      ] GC(594) Pause Young (Normal) (G1 Evacuation Pause)
[2023-11-17T23:16:25.350+0000][gc,task       ] GC(594) Using 2 workers of 2 for evacuation
[2023-11-17T23:16:25.368+0000][gc,phases     ] GC(594)   Pre Evacuate Collection Set: 0.0ms
[2023-11-17T23:16:25.368+0000][gc,phases     ] GC(594)   Evacuate Collection Set: 16.3ms
[2023-11-17T23:16:25.368+0000][gc,phases     ] GC(594)   Post Evacuate Collection Set: 0.4ms
[2023-11-17T23:16:25.368+0000][gc,phases     ] GC(594)   Other: 0.7ms
[2023-11-17T23:16:25.368+0000][gc,heap       ] GC(594) Eden regions: 24->0(24)
[2023-11-17T23:16:25.368+0000][gc,heap       ] GC(594) Survivor regions: 3->3(4)
[2023-11-17T23:16:25.368+0000][gc,heap       ] GC(594) Old regions: 195->197
[2023-11-17T23:16:25.368+0000][gc,heap       ] GC(594) Humongous regions: 147->147
[2023-11-17T23:16:25.368+0000][gc,metaspace  ] GC(594) Metaspace: 44800K(47512K)->44800K(47512K) NonClass: 39533K(40960K)->39533K(40960K) Class: 5266K(6552K)->5266K(6552K)
[2023-11-17T23:16:25.368+0000][gc            ] GC(594) Pause Young (Normal) (G1 Evacuation Pause) 367M->345M(512M) 17.593ms
[2023-11-17T23:16:25.368+0000][gc,cpu        ] GC(594) User=0.03s Sys=0.01s Real=0.02s
[2023-11-17T23:17:58.671+0000][gc,start      ] GC(595) Pause Young (Normal) (G1 Evacuation Pause)
[2023-11-17T23:17:58.671+0000][gc,task       ] GC(595) Using 2 workers of 2 for evacuation
[2023-11-17T23:17:58.681+0000][gc,phases     ] GC(595)   Pre Evacuate Collection Set: 0.0ms
[2023-11-17T23:17:58.681+0000][gc,phases     ] GC(595)   Evacuate Collection Set: 9.5ms
[2023-11-17T23:17:58.681+0000][gc,phases     ] GC(595)   Post Evacuate Collection Set: 0.3ms
[2023-11-17T23:17:58.681+0000][gc,phases     ] GC(595)   Other: 0.2ms
[2023-11-17T23:17:58.681+0000][gc,heap       ] GC(595) Eden regions: 24->0(29)
[2023-11-17T23:17:58.681+0000][gc,heap       ] GC(595) Survivor regions: 3->2(4)
[2023-11-17T23:17:58.681+0000][gc,heap       ] GC(595) Old regions: 197->198
[2023-11-17T23:17:58.681+0000][gc,heap       ] GC(595) Humongous regions: 147->147
[2023-11-17T23:17:58.681+0000][gc,metaspace  ] GC(595) Metaspace: 44800K(47512K)->44800K(47512K) NonClass: 39533K(40960K)->39533K(40960K) Class: 5266K(6552K)->5266K(6552K)
[2023-11-17T23:17:58.681+0000][gc            ] GC(595) Pause Young (Normal) (G1 Evacuation Pause) 369M->344M(512M) 10.162ms
[2023-11-17T23:17:58.681+0000][gc,cpu        ] GC(595) User=0.01s Sys=0.00s Real=0.01s
[2023-11-17T23:19:52.368+0000][gc,start      ] GC(596) Pause Young (Normal) (G1 Evacuation Pause)
[2023-11-17T23:19:52.368+0000][gc,task       ] GC(596) Using 2 workers of 2 for evacuation
[2023-11-17T23:19:52.383+0000][gc,phases     ] GC(596)   Pre Evacuate Collection Set: 0.0ms
[2023-11-17T23:19:52.383+0000][gc,phases     ] GC(596)   Evacuate Collection Set: 14.3ms
[2023-11-17T23:19:52.383+0000][gc,phases     ] GC(596)   Post Evacuate Collection Set: 0.3ms
[2023-11-17T23:19:52.383+0000][gc,phases     ] GC(596)   Other: 0.2ms
[2023-11-17T23:19:52.383+0000][gc,heap       ] GC(596) Eden regions: 29->0(29)
[2023-11-17T23:19:52.383+0000][gc,heap       ] GC(596) Survivor regions: 2->4(4)
[2023-11-17T23:19:52.383+0000][gc,heap       ] GC(596) Old regions: 198->198
[2023-11-17T23:19:52.383+0000][gc,heap       ] GC(596) Humongous regions: 147->147
[2023-11-17T23:19:52.383+0000][gc,metaspace  ] GC(596) Metaspace: 44801K(47512K)->44801K(47512K) NonClass: 39534K(40960K)->39534K(40960K) Class: 5266K(6552K)->5266K(6552K)
[2023-11-17T23:19:52.383+0000][gc            ] GC(596) Pause Young (Normal) (G1 Evacuation Pause) 373M->347M(512M) 14.931ms
[2023-11-17T23:19:52.383+0000][gc,cpu        ] GC(596) User=0.03s Sys=0.00s Real=0.01s
[2023-11-17T23:21:45.398+0000][gc,start      ] GC(597) Pause Young (Normal) (G1 Evacuation Pause)
[2023-11-17T23:21:45.398+0000][gc,task       ] GC(597) Using 2 workers of 2 for evacuation
[2023-11-17T23:21:45.416+0000][gc,phases     ] GC(597)   Pre Evacuate Collection Set: 0.0ms
[2023-11-17T23:21:45.416+0000][gc,phases     ] GC(597)   Evacuate Collection Set: 16.7ms
[2023-11-17T23:21:45.416+0000][gc,phases     ] GC(597)   Post Evacuate Collection Set: 0.6ms
[2023-11-17T23:21:45.416+0000][gc,phases     ] GC(597)   Other: 0.3ms
[2023-11-17T23:21:45.416+0000][gc,heap       ] GC(597) Eden regions: 29->0(28)
[2023-11-17T23:21:45.416+0000][gc,heap       ] GC(597) Survivor regions: 4->3(5)
[2023-11-17T23:21:45.416+0000][gc,heap       ] GC(597) Old regions: 198->200
[2023-11-17T23:21:45.416+0000][gc,heap       ] GC(597) Humongous regions: 147->147
[2023-11-17T23:21:45.416+0000][gc,metaspace  ] GC(597) Metaspace: 44801K(47512K)->44801K(47512K) NonClass: 39534K(40960K)->39534K(40960K) Class: 5266K(6552K)->5266K(6552K)
[2023-11-17T23:21:45.416+0000][gc            ] GC(597) Pause Young (Normal) (G1 Evacuation Pause) 376M->348M(512M) 17.787ms
[2023-11-17T23:21:45.416+0000][gc,cpu        ] GC(597) User=0.04s Sys=0.00s Real=0.02s
[2023-11-17T23:23:34.238+0000][gc,start      ] GC(598) Pause Young (Normal) (G1 Evacuation Pause)
[2023-11-17T23:23:34.238+0000][gc,task       ] GC(598) Using 2 workers of 2 for evacuation
[2023-11-17T23:23:34.248+0000][gc,phases     ] GC(598)   Pre Evacuate Collection Set: 0.0ms
[2023-11-17T23:23:34.248+0000][gc,phases     ] GC(598)   Evacuate Collection Set: 9.2ms
[2023-11-17T23:23:34.248+0000][gc,phases     ] GC(598)   Post Evacuate Collection Set: 0.3ms
[2023-11-17T23:23:34.248+0000][gc,phases     ] GC(598)   Other: 0.2ms
[2023-11-17T23:23:34.248+0000][gc,heap       ] GC(598) Eden regions: 28->0(30)
[2023-11-17T23:23:34.248+0000][gc,heap       ] GC(598) Survivor regions: 3->2(4)
[2023-11-17T23:23:34.248+0000][gc,heap       ] GC(598) Old regions: 200->202
[2023-11-17T23:23:34.248+0000][gc,heap       ] GC(598) Humongous regions: 147->147
[2023-11-17T23:23:34.248+0000][gc,metaspace  ] GC(598) Metaspace: 44801K(47512K)->44801K(47512K) NonClass: 39534K(40960K)->39534K(40960K) Class: 5266K(6552K)->5266K(6552K)
[2023-11-17T23:23:34.248+0000][gc            ] GC(598) Pause Young (Normal) (G1 Evacuation Pause) 376M->348M(512M) 9.846ms
[2023-11-17T23:23:34.248+0000][gc,cpu        ] GC(598) User=0.02s Sys=0.00s Real=0.01s
[2023-11-17T23:25:32.308+0000][gc,start      ] GC(599) Pause Young (Normal) (G1 Evacuation Pause)
[2023-11-17T23:25:32.308+0000][gc,task       ] GC(599) Using 2 workers of 2 for evacuation
[2023-11-17T23:25:32.330+0000][gc,mmu        ] GC(599) MMU target violated: 21.0ms (20.0ms/21.0ms)
[2023-11-17T23:25:32.330+0000][gc,phases     ] GC(599)   Pre Evacuate Collection Set: 0.0ms
[2023-11-17T23:25:32.330+0000][gc,phases     ] GC(599)   Evacuate Collection Set: 21.9ms
[2023-11-17T23:25:32.330+0000][gc,phases     ] GC(599)   Post Evacuate Collection Set: 0.3ms
[2023-11-17T23:25:32.330+0000][gc,phases     ] GC(599)   Other: 0.3ms
[2023-11-17T23:25:32.330+0000][gc,heap       ] GC(599) Eden regions: 30->0(28)
[2023-11-17T23:25:32.330+0000][gc,heap       ] GC(599) Survivor regions: 2->4(4)
[2023-11-17T23:25:32.330+0000][gc,heap       ] GC(599) Old regions: 202->203
[2023-11-17T23:25:32.330+0000][gc,heap       ] GC(599) Humongous regions: 147->147
[2023-11-17T23:25:32.330+0000][gc,metaspace  ] GC(599) Metaspace: 44803K(47512K)->44803K(47512K) NonClass: 39536K(40960K)->39536K(40960K) Class: 5266K(6552K)->5266K(6552K)
[2023-11-17T23:25:32.330+0000][gc            ] GC(599) Pause Young (Normal) (G1 Evacuation Pause) 378M->351M(512M) 22.501ms
[2023-11-17T23:25:32.330+0000][gc,cpu        ] GC(599) User=0.04s Sys=0.01s Real=0.02s
[2023-11-17T23:27:21.516+0000][gc,start      ] GC(600) Pause Young (Normal) (G1 Evacuation Pause)
[2023-11-17T23:27:21.516+0000][gc,task       ] GC(600) Using 2 workers of 2 for evacuation
[2023-11-17T23:27:21.531+0000][gc,phases     ] GC(600)   Pre Evacuate Collection Set: 0.0ms
[2023-11-17T23:27:21.531+0000][gc,phases     ] GC(600)   Evacuate Collection Set: 13.9ms
[2023-11-17T23:27:21.531+0000][gc,phases     ] GC(600)   Post Evacuate Collection Set: 0.3ms
[2023-11-17T23:27:21.531+0000][gc,phases     ] GC(600)   Other: 0.2ms
[2023-11-17T23:27:21.531+0000][gc,heap       ] GC(600) Eden regions: 28->0(29)
[2023-11-17T23:27:21.531+0000][gc,heap       ] GC(600) Survivor regions: 4->3(4)
[2023-11-17T23:27:21.531+0000][gc,heap       ] GC(600) Old regions: 203->205
[2023-11-17T23:27:21.531+0000][gc,heap       ] GC(600) Humongous regions: 147->147
[2023-11-17T23:27:21.531+0000][gc,metaspace  ] GC(600) Metaspace: 44803K(47512K)->44803K(47512K) NonClass: 39536K(40960K)->39536K(40960K) Class: 5266K(6552K)->5266K(6552K)
[2023-11-17T23:27:21.531+0000][gc            ] GC(600) Pause Young (Normal) (G1 Evacuation Pause) 379M->352M(512M) 14.436ms
[2023-11-17T23:27:21.531+0000][gc,cpu        ] GC(600) User=0.03s Sys=0.00s Real=0.01s
[2023-11-17T23:29:14.219+0000][gc,start      ] GC(601) Pause Young (Normal) (G1 Evacuation Pause)
[2023-11-17T23:29:14.219+0000][gc,task       ] GC(601) Using 2 workers of 2 for evacuation
[2023-11-17T23:29:14.231+0000][gc,phases     ] GC(601)   Pre Evacuate Collection Set: 0.0ms
[2023-11-17T23:29:14.231+0000][gc,phases     ] GC(601)   Evacuate Collection Set: 11.5ms
[2023-11-17T23:29:14.231+0000][gc,phases     ] GC(601)   Post Evacuate Collection Set: 0.4ms
[2023-11-17T23:29:14.231+0000][gc,phases     ] GC(601)   Other: 0.3ms
[2023-11-17T23:29:14.231+0000][gc,heap       ] GC(601) Eden regions: 29->0(31)
[2023-11-17T23:29:14.231+0000][gc,heap       ] GC(601) Survivor regions: 3->2(4)
[2023-11-17T23:29:14.231+0000][gc,heap       ] GC(601) Old regions: 205->206
[2023-11-17T23:29:14.231+0000][gc,heap       ] GC(601) Humongous regions: 147->147
[2023-11-17T23:29:14.231+0000][gc,metaspace  ] GC(601) Metaspace: 44803K(47512K)->44803K(47512K) NonClass: 39536K(40960K)->39536K(40960K) Class: 5266K(6552K)->5266K(6552K)
[2023-11-17T23:29:14.231+0000][gc            ] GC(601) Pause Young (Normal) (G1 Evacuation Pause) 381M->353M(512M) 12.232ms
[2023-11-17T23:29:14.231+0000][gc,cpu        ] GC(601) User=0.02s Sys=0.00s Real=0.01s
[2023-11-17T23:31:08.351+0000][gc,start      ] GC(602) Pause Young (Normal) (G1 Evacuation Pause)
[2023-11-17T23:31:08.352+0000][gc,task       ] GC(602) Using 2 workers of 2 for evacuation
[2023-11-17T23:31:08.366+0000][gc,phases     ] GC(602)   Pre Evacuate Collection Set: 0.0ms
[2023-11-17T23:31:08.366+0000][gc,phases     ] GC(602)   Evacuate Collection Set: 14.0ms
[2023-11-17T23:31:08.366+0000][gc,phases     ] GC(602)   Post Evacuate Collection Set: 0.3ms
[2023-11-17T23:31:08.366+0000][gc,phases     ] GC(602)   Other: 0.3ms
[2023-11-17T23:31:08.366+0000][gc,heap       ] GC(602) Eden regions: 29->0(31)
[2023-11-17T23:31:08.366+0000][gc,heap       ] GC(602) Survivor regions: 2->4(4)
[2023-11-17T23:31:08.366+0000][gc,heap       ] GC(602) Old regions: 206->207
[2023-11-17T23:31:08.366+0000][gc,heap       ] GC(602) Humongous regions: 147->147
[2023-11-17T23:31:08.366+0000][gc,metaspace  ] GC(602) Metaspace: 44815K(47512K)->44815K(47512K) NonClass: 39548K(40960K)->39548K(40960K) Class: 5266K(6552K)->5266K(6552K)
[2023-11-17T23:31:08.366+0000][gc            ] GC(602) Pause Young (Normal) (G1 Evacuation Pause) 382M->356M(512M) 14.651ms
[2023-11-17T23:31:08.366+0000][gc,cpu        ] GC(602) User=0.03s Sys=0.00s Real=0.02s
[2023-11-17T23:33:09.454+0000][gc,start      ] GC(603) Pause Young (Normal) (G1 Evacuation Pause)
[2023-11-17T23:33:09.454+0000][gc,task       ] GC(603) Using 2 workers of 2 for evacuation
[2023-11-17T23:33:09.475+0000][gc,mmu        ] GC(603) MMU target violated: 21.0ms (20.0ms/21.0ms)
[2023-11-17T23:33:09.475+0000][gc,phases     ] GC(603)   Pre Evacuate Collection Set: 0.0ms
[2023-11-17T23:33:09.475+0000][gc,phases     ] GC(603)   Evacuate Collection Set: 20.6ms
[2023-11-17T23:33:09.475+0000][gc,phases     ] GC(603)   Post Evacuate Collection Set: 0.3ms
[2023-11-17T23:33:09.475+0000][gc,phases     ] GC(603)   Other: 0.3ms
[2023-11-17T23:33:09.475+0000][gc,heap       ] GC(603) Eden regions: 31->0(30)
[2023-11-17T23:33:09.475+0000][gc,heap       ] GC(603) Survivor regions: 4->4(5)
[2023-11-17T23:33:09.475+0000][gc,heap       ] GC(603) Old regions: 207->209
[2023-11-17T23:33:09.475+0000][gc,heap       ] GC(603) Humongous regions: 147->147
[2023-11-17T23:33:09.475+0000][gc,metaspace  ] GC(603) Metaspace: 44815K(47512K)->44815K(47512K) NonClass: 39548K(40960K)->39548K(40960K) Class: 5266K(6552K)->5266K(6552K)
[2023-11-17T23:33:09.475+0000][gc            ] GC(603) Pause Young (Normal) (G1 Evacuation Pause) 387M->357M(512M) 21.188ms
[2023-11-17T23:33:09.475+0000][gc,cpu        ] GC(603) User=0.03s Sys=0.00s Real=0.02s
[2023-11-17T23:35:06.663+0000][gc,start      ] GC(604) Pause Young (Normal) (G1 Evacuation Pause)
[2023-11-17T23:35:06.663+0000][gc,task       ] GC(604) Using 2 workers of 2 for evacuation
[2023-11-17T23:35:06.677+0000][gc,phases     ] GC(604)   Pre Evacuate Collection Set: 0.0ms
[2023-11-17T23:35:06.677+0000][gc,phases     ] GC(604)   Evacuate Collection Set: 13.1ms
[2023-11-17T23:35:06.677+0000][gc,phases     ] GC(604)   Post Evacuate Collection Set: 0.6ms
[2023-11-17T23:35:06.677+0000][gc,phases     ] GC(604)   Other: 0.3ms
[2023-11-17T23:35:06.677+0000][gc,heap       ] GC(604) Eden regions: 30->0(31)
[2023-11-17T23:35:06.677+0000][gc,heap       ] GC(604) Survivor regions: 4->2(5)
[2023-11-17T23:35:06.677+0000][gc,heap       ] GC(604) Old regions: 209->210
[2023-11-17T23:35:06.677+0000][gc,heap       ] GC(604) Humongous regions: 147->147
[2023-11-17T23:35:06.677+0000][gc,metaspace  ] GC(604) Metaspace: 44815K(47512K)->44815K(47512K) NonClass: 39548K(40960K)->39548K(40960K) Class: 5266K(6552K)->5266K(6552K)
[2023-11-17T23:35:06.677+0000][gc            ] GC(604) Pause Young (Normal) (G1 Evacuation Pause) 387M->357M(512M) 14.024ms
[2023-11-17T23:35:06.677+0000][gc,cpu        ] GC(604) User=0.03s Sys=0.01s Real=0.02s
[2023-11-17T23:37:08.377+0000][gc,start      ] GC(605) Pause Young (Normal) (G1 Evacuation Pause)
[2023-11-17T23:37:08.377+0000][gc,task       ] GC(605) Using 2 workers of 2 for evacuation
[2023-11-17T23:37:08.394+0000][gc,phases     ] GC(605)   Pre Evacuate Collection Set: 0.0ms
[2023-11-17T23:37:08.394+0000][gc,phases     ] GC(605)   Evacuate Collection Set: 15.7ms
[2023-11-17T23:37:08.394+0000][gc,phases     ] GC(605)   Post Evacuate Collection Set: 0.5ms
[2023-11-17T23:37:08.394+0000][gc,phases     ] GC(605)   Other: 0.2ms
[2023-11-17T23:37:08.394+0000][gc,heap       ] GC(605) Eden regions: 31->0(31)
[2023-11-17T23:37:08.394+0000][gc,heap       ] GC(605) Survivor regions: 2->5(5)
[2023-11-17T23:37:08.394+0000][gc,heap       ] GC(605) Old regions: 210->211
[2023-11-17T23:37:08.394+0000][gc,heap       ] GC(605) Humongous regions: 147->147
[2023-11-17T23:37:08.394+0000][gc,metaspace  ] GC(605) Metaspace: 44815K(47512K)->44815K(47512K) NonClass: 39548K(40960K)->39548K(40960K) Class: 5266K(6552K)->5266K(6552K)
[2023-11-17T23:37:08.394+0000][gc            ] GC(605) Pause Young (Normal) (G1 Evacuation Pause) 388M->360M(512M) 16.515ms
[2023-11-17T23:37:08.394+0000][gc,cpu        ] GC(605) User=0.03s Sys=0.00s Real=0.02s
[2023-11-17T23:39:08.398+0000][gc,start      ] GC(606) Pause Young (Normal) (G1 Evacuation Pause)
[2023-11-17T23:39:08.398+0000][gc,task       ] GC(606) Using 2 workers of 2 for evacuation
[2023-11-17T23:39:08.417+0000][gc,phases     ] GC(606)   Pre Evacuate Collection Set: 0.0ms
[2023-11-17T23:39:08.417+0000][gc,phases     ] GC(606)   Evacuate Collection Set: 16.0ms
[2023-11-17T23:39:08.417+0000][gc,phases     ] GC(606)   Post Evacuate Collection Set: 2.4ms
[2023-11-17T23:39:08.417+0000][gc,phases     ] GC(606)   Other: 0.2ms
[2023-11-17T23:39:08.417+0000][gc,heap       ] GC(606) Eden regions: 31->0(30)
[2023-11-17T23:39:08.417+0000][gc,heap       ] GC(606) Survivor regions: 5->4(5)
[2023-11-17T23:39:08.417+0000][gc,heap       ] GC(606) Old regions: 211->213
[2023-11-17T23:39:08.417+0000][gc,heap       ] GC(606) Humongous regions: 147->147
[2023-11-17T23:39:08.417+0000][gc,metaspace  ] GC(606) Metaspace: 44815K(47512K)->44815K(47512K) NonClass: 39548K(40960K)->39548K(40960K) Class: 5266K(6552K)->5266K(6552K)
[2023-11-17T23:39:08.417+0000][gc            ] GC(606) Pause Young (Normal) (G1 Evacuation Pause) 391M->362M(512M) 18.791ms
[2023-11-17T23:39:08.417+0000][gc,cpu        ] GC(606) User=0.03s Sys=0.00s Real=0.02s
[2023-11-17T23:41:05.949+0000][gc,start      ] GC(607) Pause Young (Normal) (G1 Evacuation Pause)
[2023-11-17T23:41:05.949+0000][gc,task       ] GC(607) Using 2 workers of 2 for evacuation
[2023-11-17T23:41:05.966+0000][gc,phases     ] GC(607)   Pre Evacuate Collection Set: 0.0ms
[2023-11-17T23:41:05.966+0000][gc,phases     ] GC(607)   Evacuate Collection Set: 15.1ms
[2023-11-17T23:41:05.966+0000][gc,phases     ] GC(607)   Post Evacuate Collection Set: 1.1ms
[2023-11-17T23:41:05.966+0000][gc,phases     ] GC(607)   Other: 0.2ms
[2023-11-17T23:41:05.966+0000][gc,heap       ] GC(607) Eden regions: 30->0(31)
[2023-11-17T23:41:05.966+0000][gc,heap       ] GC(607) Survivor regions: 4->3(5)
[2023-11-17T23:41:05.966+0000][gc,heap       ] GC(607) Old regions: 213->214
[2023-11-17T23:41:05.966+0000][gc,heap       ] GC(607) Humongous regions: 147->147
[2023-11-17T23:41:05.966+0000][gc,metaspace  ] GC(607) Metaspace: 44815K(47512K)->44815K(47512K) NonClass: 39549K(40960K)->39549K(40960K) Class: 5266K(6552K)->5266K(6552K)
[2023-11-17T23:41:05.966+0000][gc            ] GC(607) Pause Young (Normal) (G1 Evacuation Pause) 392M->362M(512M) 16.521ms
[2023-11-17T23:41:05.966+0000][gc,cpu        ] GC(607) User=0.03s Sys=0.00s Real=0.02s
[2023-11-17T23:43:07.122+0000][gc,start      ] GC(608) Pause Young (Normal) (G1 Evacuation Pause)
[2023-11-17T23:43:07.122+0000][gc,task       ] GC(608) Using 2 workers of 2 for evacuation
[2023-11-17T23:43:07.132+0000][gc,phases     ] GC(608)   Pre Evacuate Collection Set: 0.0ms
[2023-11-17T23:43:07.132+0000][gc,phases     ] GC(608)   Evacuate Collection Set: 9.5ms
[2023-11-17T23:43:07.132+0000][gc,phases     ] GC(608)   Post Evacuate Collection Set: 0.3ms
[2023-11-17T23:43:07.132+0000][gc,phases     ] GC(608)   Other: 0.2ms
[2023-11-17T23:43:07.132+0000][gc,heap       ] GC(608) Eden regions: 31->0(33)
[2023-11-17T23:43:07.132+0000][gc,heap       ] GC(608) Survivor regions: 3->3(5)
[2023-11-17T23:43:07.132+0000][gc,heap       ] GC(608) Old regions: 214->214
[2023-11-17T23:43:07.132+0000][gc,heap       ] GC(608) Humongous regions: 147->147
[2023-11-17T23:43:07.132+0000][gc,metaspace  ] GC(608) Metaspace: 44815K(47512K)->44815K(47512K) NonClass: 39549K(40960K)->39549K(40960K) Class: 5266K(6552K)->5266K(6552K)
[2023-11-17T23:43:07.132+0000][gc            ] GC(608) Pause Young (Normal) (G1 Evacuation Pause) 393M->362M(512M) 10.061ms
[2023-11-17T23:43:07.132+0000][gc,cpu        ] GC(608) User=0.02s Sys=0.00s Real=0.01s
[2023-11-17T23:45:16.375+0000][gc,start      ] GC(609) Pause Young (Normal) (G1 Evacuation Pause)
[2023-11-17T23:45:16.375+0000][gc,task       ] GC(609) Using 2 workers of 2 for evacuation
[2023-11-17T23:45:16.390+0000][gc,phases     ] GC(609)   Pre Evacuate Collection Set: 0.0ms
[2023-11-17T23:45:16.390+0000][gc,phases     ] GC(609)   Evacuate Collection Set: 15.1ms
[2023-11-17T23:45:16.390+0000][gc,phases     ] GC(609)   Post Evacuate Collection Set: 0.3ms
[2023-11-17T23:45:16.390+0000][gc,phases     ] GC(609)   Other: 0.3ms
[2023-11-17T23:45:16.390+0000][gc,heap       ] GC(609) Eden regions: 33->0(33)
[2023-11-17T23:45:16.390+0000][gc,heap       ] GC(609) Survivor regions: 3->5(5)
[2023-11-17T23:45:16.390+0000][gc,heap       ] GC(609) Old regions: 214->216
[2023-11-17T23:45:16.390+0000][gc,heap       ] GC(609) Humongous regions: 147->147
[2023-11-17T23:45:16.390+0000][gc,metaspace  ] GC(609) Metaspace: 44818K(47512K)->44818K(47512K) NonClass: 39551K(40960K)->39551K(40960K) Class: 5266K(6552K)->5266K(6552K)
[2023-11-17T23:45:16.390+0000][gc            ] GC(609) Pause Young (Normal) (G1 Evacuation Pause) 395M->366M(512M) 15.808ms
[2023-11-17T23:45:16.391+0000][gc,cpu        ] GC(609) User=0.03s Sys=0.00s Real=0.01s
[2023-11-17T23:47:25.020+0000][gc,start      ] GC(610) Pause Young (Normal) (G1 Evacuation Pause)
[2023-11-17T23:47:25.020+0000][gc,task       ] GC(610) Using 2 workers of 2 for evacuation
[2023-11-17T23:47:25.034+0000][gc,phases     ] GC(610)   Pre Evacuate Collection Set: 0.0ms
[2023-11-17T23:47:25.034+0000][gc,phases     ] GC(610)   Evacuate Collection Set: 13.8ms
[2023-11-17T23:47:25.034+0000][gc,phases     ] GC(610)   Post Evacuate Collection Set: 0.3ms
[2023-11-17T23:47:25.034+0000][gc,phases     ] GC(610)   Other: 0.2ms
[2023-11-17T23:47:25.034+0000][gc,heap       ] GC(610) Eden regions: 33->0(34)
[2023-11-17T23:47:25.034+0000][gc,heap       ] GC(610) Survivor regions: 5->4(5)
[2023-11-17T23:47:25.034+0000][gc,heap       ] GC(610) Old regions: 216->218
[2023-11-17T23:47:25.034+0000][gc,heap       ] GC(610) Humongous regions: 147->147
[2023-11-17T23:47:25.034+0000][gc,metaspace  ] GC(610) Metaspace: 44818K(47512K)->44818K(47512K) NonClass: 39551K(40960K)->39551K(40960K) Class: 5266K(6552K)->5266K(6552K)
[2023-11-17T23:47:25.034+0000][gc            ] GC(610) Pause Young (Normal) (G1 Evacuation Pause) 399M->367M(512M) 14.431ms
[2023-11-17T23:47:25.034+0000][gc,cpu        ] GC(610) User=0.03s Sys=0.00s Real=0.02s
[2023-11-17T23:49:37.231+0000][gc,start      ] GC(611) Pause Young (Normal) (G1 Evacuation Pause)
[2023-11-17T23:49:37.231+0000][gc,task       ] GC(611) Using 2 workers of 2 for evacuation
[2023-11-17T23:49:37.243+0000][gc,phases     ] GC(611)   Pre Evacuate Collection Set: 0.0ms
[2023-11-17T23:49:37.243+0000][gc,phases     ] GC(611)   Evacuate Collection Set: 11.9ms
[2023-11-17T23:49:37.243+0000][gc,phases     ] GC(611)   Post Evacuate Collection Set: 0.3ms
[2023-11-17T23:49:37.243+0000][gc,phases     ] GC(611)   Other: 0.2ms
[2023-11-17T23:49:37.243+0000][gc,heap       ] GC(611) Eden regions: 34->0(36)
[2023-11-17T23:49:37.243+0000][gc,heap       ] GC(611) Survivor regions: 4->3(5)
[2023-11-17T23:49:37.243+0000][gc,heap       ] GC(611) Old regions: 218->220
[2023-11-17T23:49:37.243+0000][gc,heap       ] GC(611) Humongous regions: 147->147
[2023-11-17T23:49:37.243+0000][gc,metaspace  ] GC(611) Metaspace: 44818K(47512K)->44818K(47512K) NonClass: 39551K(40960K)->39551K(40960K) Class: 5266K(6552K)->5266K(6552K)
[2023-11-17T23:49:37.244+0000][gc            ] GC(611) Pause Young (Normal) (G1 Evacuation Pause) 401M->368M(512M) 12.537ms
[2023-11-17T23:49:37.244+0000][gc,cpu        ] GC(611) User=0.02s Sys=0.00s Real=0.01s
[2023-11-17T23:51:58.045+0000][gc,start      ] GC(612) Pause Young (Normal) (G1 Evacuation Pause)
[2023-11-17T23:51:58.045+0000][gc,task       ] GC(612) Using 2 workers of 2 for evacuation
[2023-11-17T23:51:58.057+0000][gc,phases     ] GC(612)   Pre Evacuate Collection Set: 0.0ms
[2023-11-17T23:51:58.057+0000][gc,phases     ] GC(612)   Evacuate Collection Set: 11.1ms
[2023-11-17T23:51:58.057+0000][gc,phases     ] GC(612)   Post Evacuate Collection Set: 0.4ms
[2023-11-17T23:51:58.057+0000][gc,phases     ] GC(612)   Other: 0.3ms
[2023-11-17T23:51:58.057+0000][gc,heap       ] GC(612) Eden regions: 36->0(39)
[2023-11-17T23:51:58.057+0000][gc,heap       ] GC(612) Survivor regions: 3->3(5)
[2023-11-17T23:51:58.057+0000][gc,heap       ] GC(612) Old regions: 220->221
[2023-11-17T23:51:58.057+0000][gc,heap       ] GC(612) Humongous regions: 147->147
[2023-11-17T23:51:58.057+0000][gc,metaspace  ] GC(612) Metaspace: 44818K(47512K)->44818K(47512K) NonClass: 39551K(40960K)->39551K(40960K) Class: 5266K(6552K)->5266K(6552K)
[2023-11-17T23:51:58.057+0000][gc            ] GC(612) Pause Young (Normal) (G1 Evacuation Pause) 404M->369M(512M) 11.788ms
[2023-11-17T23:51:58.057+0000][gc,cpu        ] GC(612) User=0.02s Sys=0.00s Real=0.01s
[2023-11-17T23:54:26.787+0000][gc,start      ] GC(613) Pause Young (Normal) (G1 Evacuation Pause)
[2023-11-17T23:54:26.787+0000][gc,task       ] GC(613) Using 2 workers of 2 for evacuation
[2023-11-17T23:54:26.799+0000][gc,phases     ] GC(613)   Pre Evacuate Collection Set: 0.0ms
[2023-11-17T23:54:26.799+0000][gc,phases     ] GC(613)   Evacuate Collection Set: 11.4ms
[2023-11-17T23:54:26.799+0000][gc,phases     ] GC(613)   Post Evacuate Collection Set: 0.3ms
[2023-11-17T23:54:26.799+0000][gc,phases     ] GC(613)   Other: 0.2ms
[2023-11-17T23:54:26.799+0000][gc,heap       ] GC(613) Eden regions: 38->0(41)
[2023-11-17T23:54:26.799+0000][gc,heap       ] GC(613) Survivor regions: 3->4(6)
[2023-11-17T23:54:26.799+0000][gc,heap       ] GC(613) Old regions: 221->221
[2023-11-17T23:54:26.799+0000][gc,heap       ] GC(613) Humongous regions: 147->147
[2023-11-17T23:54:26.799+0000][gc,metaspace  ] GC(613) Metaspace: 44818K(47512K)->44818K(47512K) NonClass: 39551K(40960K)->39551K(40960K) Class: 5266K(6552K)->5266K(6552K)
[2023-11-17T23:54:26.799+0000][gc            ] GC(613) Pause Young (Normal) (G1 Evacuation Pause) 407M->370M(512M) 12.040ms
[2023-11-17T23:54:26.799+0000][gc,cpu        ] GC(613) User=0.02s Sys=0.00s Real=0.01s
[2023-11-17T23:56:56.881+0000][gc,start      ] GC(614) Pause Young (Normal) (G1 Evacuation Pause)
[2023-11-17T23:56:56.881+0000][gc,task       ] GC(614) Using 2 workers of 2 for evacuation
[2023-11-17T23:56:56.894+0000][gc,phases     ] GC(614)   Pre Evacuate Collection Set: 0.0ms
[2023-11-17T23:56:56.894+0000][gc,phases     ] GC(614)   Evacuate Collection Set: 11.7ms
[2023-11-17T23:56:56.894+0000][gc,phases     ] GC(614)   Post Evacuate Collection Set: 0.8ms
[2023-11-17T23:56:56.894+0000][gc,phases     ] GC(614)   Other: 0.2ms
[2023-11-17T23:56:56.894+0000][gc,heap       ] GC(614) Eden regions: 38->0(42)
[2023-11-17T23:56:56.894+0000][gc,heap       ] GC(614) Survivor regions: 4->4(6)
[2023-11-17T23:56:56.894+0000][gc,heap       ] GC(614) Old regions: 221->223
[2023-11-17T23:56:56.894+0000][gc,heap       ] GC(614) Humongous regions: 147->147
[2023-11-17T23:56:56.894+0000][gc,metaspace  ] GC(614) Metaspace: 44818K(47512K)->44818K(47512K) NonClass: 39551K(40960K)->39551K(40960K) Class: 5266K(6552K)->5266K(6552K)
[2023-11-17T23:56:56.894+0000][gc            ] GC(614) Pause Young (Normal) (G1 Evacuation Pause) 408M->371M(512M) 12.769ms
[2023-11-17T23:56:56.894+0000][gc,cpu        ] GC(614) User=0.03s Sys=0.00s Real=0.02s
[2023-11-17T23:59:41.790+0000][gc,start      ] GC(615) Pause Young (Normal) (G1 Evacuation Pause)
[2023-11-17T23:59:41.790+0000][gc,task       ] GC(615) Using 2 workers of 2 for evacuation
[2023-11-17T23:59:41.807+0000][gc,phases     ] GC(615)   Pre Evacuate Collection Set: 0.0ms
[2023-11-17T23:59:41.807+0000][gc,phases     ] GC(615)   Evacuate Collection Set: 15.7ms
[2023-11-17T23:59:41.807+0000][gc,phases     ] GC(615)   Post Evacuate Collection Set: 0.3ms
[2023-11-17T23:59:41.807+0000][gc,phases     ] GC(615)   Other: 0.2ms
[2023-11-17T23:59:41.807+0000][gc,heap       ] GC(615) Eden regions: 42->0(43)
[2023-11-17T23:59:41.807+0000][gc,heap       ] GC(615) Survivor regions: 4->4(6)
[2023-11-17T23:59:41.807+0000][gc,heap       ] GC(615) Old regions: 223->225
[2023-11-17T23:59:41.807+0000][gc,heap       ] GC(615) Humongous regions: 147->147
[2023-11-17T23:59:41.807+0000][gc,metaspace  ] GC(615) Metaspace: 44818K(47512K)->44818K(47512K) NonClass: 39551K(40960K)->39551K(40960K) Class: 5266K(6552K)->5266K(6552K)
[2023-11-17T23:59:41.807+0000][gc            ] GC(615) Pause Young (Normal) (G1 Evacuation Pause) 413M->373M(512M) 16.381ms
[2023-11-17T23:59:41.807+0000][gc,cpu        ] GC(615) User=0.03s Sys=0.00s Real=0.02s
[2023-11-18T00:02:27.595+0000][gc,start      ] GC(616) Pause Young (Normal) (G1 Evacuation Pause)
[2023-11-18T00:02:27.595+0000][gc,task       ] GC(616) Using 2 workers of 2 for evacuation
[2023-11-18T00:02:27.612+0000][gc,phases     ] GC(616)   Pre Evacuate Collection Set: 0.0ms
[2023-11-18T00:02:27.612+0000][gc,phases     ] GC(616)   Evacuate Collection Set: 16.4ms
[2023-11-18T00:02:27.612+0000][gc,phases     ] GC(616)   Post Evacuate Collection Set: 0.4ms
[2023-11-18T00:02:27.612+0000][gc,phases     ] GC(616)   Other: 0.2ms
[2023-11-18T00:02:27.612+0000][gc,heap       ] GC(616) Eden regions: 42->0(43)
[2023-11-18T00:02:27.612+0000][gc,heap       ] GC(616) Survivor regions: 4->4(6)
[2023-11-18T00:02:27.612+0000][gc,heap       ] GC(616) Old regions: 225->226
[2023-11-18T00:02:27.612+0000][gc,heap       ] GC(616) Humongous regions: 147->147
[2023-11-18T00:02:27.612+0000][gc,metaspace  ] GC(616) Metaspace: 44818K(47512K)->44818K(47512K) NonClass: 39551K(40960K)->39551K(40960K) Class: 5266K(6552K)->5266K(6552K)
[2023-11-18T00:02:27.612+0000][gc            ] GC(616) Pause Young (Normal) (G1 Evacuation Pause) 415M->375M(512M) 17.195ms
[2023-11-18T00:02:27.612+0000][gc,cpu        ] GC(616) User=0.03s Sys=0.00s Real=0.01s
[2023-11-18T00:05:16.345+0000][gc,start      ] GC(617) Pause Young (Normal) (G1 Evacuation Pause)
[2023-11-18T00:05:16.345+0000][gc,task       ] GC(617) Using 2 workers of 2 for evacuation
[2023-11-18T00:05:16.386+0000][gc,mmu        ] GC(617) MMU target violated: 21.0ms (20.0ms/21.0ms)
[2023-11-18T00:05:16.386+0000][gc,phases     ] GC(617)   Pre Evacuate Collection Set: 0.0ms
[2023-11-18T00:05:16.386+0000][gc,phases     ] GC(617)   Evacuate Collection Set: 37.4ms
[2023-11-18T00:05:16.386+0000][gc,phases     ] GC(617)   Post Evacuate Collection Set: 3.1ms
[2023-11-18T00:05:16.386+0000][gc,phases     ] GC(617)   Other: 0.5ms
[2023-11-18T00:05:16.386+0000][gc,heap       ] GC(617) Eden regions: 43->0(21)
[2023-11-18T00:05:16.386+0000][gc,heap       ] GC(617) Survivor regions: 4->4(6)
[2023-11-18T00:05:16.386+0000][gc,heap       ] GC(617) Old regions: 226->228
[2023-11-18T00:05:16.386+0000][gc,heap       ] GC(617) Humongous regions: 147->147
[2023-11-18T00:05:16.386+0000][gc,metaspace  ] GC(617) Metaspace: 44818K(47512K)->44818K(47512K) NonClass: 39551K(40960K)->39551K(40960K) Class: 5266K(6552K)->5266K(6552K)
[2023-11-18T00:05:16.386+0000][gc            ] GC(617) Pause Young (Normal) (G1 Evacuation Pause) 418M->377M(512M) 41.047ms
[2023-11-18T00:05:16.386+0000][gc,cpu        ] GC(617) User=0.06s Sys=0.02s Real=0.05s
[2023-11-18T00:06:38.254+0000][gc,start      ] GC(618) Pause Young (Normal) (G1 Evacuation Pause)
[2023-11-18T00:06:38.254+0000][gc,task       ] GC(618) Using 2 workers of 2 for evacuation
[2023-11-18T00:06:38.270+0000][gc,phases     ] GC(618)   Pre Evacuate Collection Set: 0.0ms
[2023-11-18T00:06:38.270+0000][gc,phases     ] GC(618)   Evacuate Collection Set: 15.3ms
[2023-11-18T00:06:38.270+0000][gc,phases     ] GC(618)   Post Evacuate Collection Set: 0.3ms
[2023-11-18T00:06:38.270+0000][gc,phases     ] GC(618)   Other: 0.3ms
[2023-11-18T00:06:38.270+0000][gc,heap       ] GC(618) Eden regions: 21->0(21)
[2023-11-18T00:06:38.270+0000][gc,heap       ] GC(618) Survivor regions: 4->4(4)
[2023-11-18T00:06:38.270+0000][gc,heap       ] GC(618) Old regions: 228->230
[2023-11-18T00:06:38.270+0000][gc,heap       ] GC(618) Humongous regions: 147->147
[2023-11-18T00:06:38.270+0000][gc,metaspace  ] GC(618) Metaspace: 44818K(47512K)->44818K(47512K) NonClass: 39551K(40960K)->39551K(40960K) Class: 5266K(6552K)->5266K(6552K)
[2023-11-18T00:06:38.270+0000][gc            ] GC(618) Pause Young (Normal) (G1 Evacuation Pause) 398M->379M(512M) 15.944ms
[2023-11-18T00:06:38.270+0000][gc,cpu        ] GC(618) User=0.03s Sys=0.00s Real=0.01s
[2023-11-18T00:07:44.992+0000][gc,start      ] GC(619) Pause Young (Normal) (G1 Evacuation Pause)
[2023-11-18T00:07:44.992+0000][gc,task       ] GC(619) Using 2 workers of 2 for evacuation
[2023-11-18T00:07:45.022+0000][gc,mmu        ] GC(619) MMU target violated: 21.0ms (20.0ms/21.0ms)
[2023-11-18T00:07:45.022+0000][gc,phases     ] GC(619)   Pre Evacuate Collection Set: 0.0ms
[2023-11-18T00:07:45.022+0000][gc,phases     ] GC(619)   Evacuate Collection Set: 29.9ms
[2023-11-18T00:07:45.022+0000][gc,phases     ] GC(619)   Post Evacuate Collection Set: 0.3ms
[2023-11-18T00:07:45.022+0000][gc,phases     ] GC(619)   Other: 0.3ms
[2023-11-18T00:07:45.022+0000][gc,heap       ] GC(619) Eden regions: 21->0(21)
[2023-11-18T00:07:45.022+0000][gc,heap       ] GC(619) Survivor regions: 4->4(4)
[2023-11-18T00:07:45.022+0000][gc,heap       ] GC(619) Old regions: 230->235
[2023-11-18T00:07:45.022+0000][gc,heap       ] GC(619) Humongous regions: 147->147
[2023-11-18T00:07:45.022+0000][gc,metaspace  ] GC(619) Metaspace: 44818K(47512K)->44818K(47512K) NonClass: 39551K(40960K)->39551K(40960K) Class: 5266K(6552K)->5266K(6552K)
[2023-11-18T00:07:45.022+0000][gc            ] GC(619) Pause Young (Normal) (G1 Evacuation Pause) 400M->384M(512M) 30.541ms
[2023-11-18T00:07:45.022+0000][gc,cpu        ] GC(619) User=0.06s Sys=0.01s Real=0.03s
[2023-11-18T00:08:57.955+0000][gc,start      ] GC(620) Pause Young (Normal) (G1 Evacuation Pause)
[2023-11-18T00:08:57.955+0000][gc,task       ] GC(620) Using 2 workers of 2 for evacuation
[2023-11-18T00:08:57.972+0000][gc,phases     ] GC(620)   Pre Evacuate Collection Set: 0.0ms
[2023-11-18T00:08:57.972+0000][gc,phases     ] GC(620)   Evacuate Collection Set: 17.0ms
[2023-11-18T00:08:57.972+0000][gc,phases     ] GC(620)   Post Evacuate Collection Set: 0.3ms
[2023-11-18T00:08:57.972+0000][gc,phases     ] GC(620)   Other: 0.3ms
[2023-11-18T00:08:57.972+0000][gc,heap       ] GC(620) Eden regions: 21->0(21)
[2023-11-18T00:08:57.972+0000][gc,heap       ] GC(620) Survivor regions: 4->4(4)
[2023-11-18T00:08:57.972+0000][gc,heap       ] GC(620) Old regions: 235->238
[2023-11-18T00:08:57.972+0000][gc,heap       ] GC(620) Humongous regions: 147->147
[2023-11-18T00:08:57.972+0000][gc,metaspace  ] GC(620) Metaspace: 44818K(47512K)->44818K(47512K) NonClass: 39551K(40960K)->39551K(40960K) Class: 5266K(6552K)->5266K(6552K)
[2023-11-18T00:08:57.972+0000][gc            ] GC(620) Pause Young (Normal) (G1 Evacuation Pause) 405M->386M(512M) 17.715ms
[2023-11-18T00:08:57.972+0000][gc,cpu        ] GC(620) User=0.03s Sys=0.00s Real=0.01s
[2023-11-18T00:10:18.882+0000][gc,start      ] GC(621) Pause Young (Normal) (G1 Evacuation Pause)
[2023-11-18T00:10:18.882+0000][gc,task       ] GC(621) Using 2 workers of 2 for evacuation
[2023-11-18T00:10:18.912+0000][gc,mmu        ] GC(621) MMU target violated: 21.0ms (20.0ms/21.0ms)
[2023-11-18T00:10:18.912+0000][gc,phases     ] GC(621)   Pre Evacuate Collection Set: 0.0ms
[2023-11-18T00:10:18.912+0000][gc,phases     ] GC(621)   Evacuate Collection Set: 26.0ms
[2023-11-18T00:10:18.912+0000][gc,phases     ] GC(621)   Post Evacuate Collection Set: 3.4ms
[2023-11-18T00:10:18.912+0000][gc,phases     ] GC(621)   Other: 1.1ms
[2023-11-18T00:10:18.912+0000][gc,heap       ] GC(621) Eden regions: 21->0(22)
[2023-11-18T00:10:18.912+0000][gc,heap       ] GC(621) Survivor regions: 4->3(4)
[2023-11-18T00:10:18.912+0000][gc,heap       ] GC(621) Old regions: 238->241
[2023-11-18T00:10:18.912+0000][gc,heap       ] GC(621) Humongous regions: 147->147
[2023-11-18T00:10:18.912+0000][gc,metaspace  ] GC(621) Metaspace: 44818K(47512K)->44818K(47512K) NonClass: 39551K(40960K)->39551K(40960K) Class: 5266K(6552K)->5266K(6552K)
[2023-11-18T00:10:18.912+0000][gc            ] GC(621) Pause Young (Normal) (G1 Evacuation Pause) 407M->388M(512M) 30.411ms
[2023-11-18T00:10:18.912+0000][gc,cpu        ] GC(621) User=0.04s Sys=0.01s Real=0.03s
[2023-11-18T00:11:44.044+0000][gc,start      ] GC(622) Pause Young (Normal) (G1 Evacuation Pause)
[2023-11-18T00:11:44.044+0000][gc,task       ] GC(622) Using 2 workers of 2 for evacuation
[2023-11-18T00:11:44.056+0000][gc,phases     ] GC(622)   Pre Evacuate Collection Set: 0.0ms
[2023-11-18T00:11:44.056+0000][gc,phases     ] GC(622)   Evacuate Collection Set: 11.2ms
[2023-11-18T00:11:44.056+0000][gc,phases     ] GC(622)   Post Evacuate Collection Set: 0.3ms
[2023-11-18T00:11:44.056+0000][gc,phases     ] GC(622)   Other: 0.2ms
[2023-11-18T00:11:44.056+0000][gc,heap       ] GC(622) Eden regions: 22->0(22)
[2023-11-18T00:11:44.056+0000][gc,heap       ] GC(622) Survivor regions: 3->3(4)
[2023-11-18T00:11:44.056+0000][gc,heap       ] GC(622) Old regions: 241->242
[2023-11-18T00:11:44.056+0000][gc,heap       ] GC(622) Humongous regions: 147->147
[2023-11-18T00:11:44.056+0000][gc,metaspace  ] GC(622) Metaspace: 44818K(47512K)->44818K(47512K) NonClass: 39551K(40960K)->39551K(40960K) Class: 5266K(6552K)->5266K(6552K)
[2023-11-18T00:11:44.056+0000][gc            ] GC(622) Pause Young (Normal) (G1 Evacuation Pause) 410M->389M(512M) 11.850ms
[2023-11-18T00:11:44.056+0000][gc,cpu        ] GC(622) User=0.03s Sys=0.00s Real=0.02s
[2023-11-18T00:13:09.198+0000][gc,start      ] GC(623) Pause Young (Normal) (G1 Evacuation Pause)
[2023-11-18T00:13:09.198+0000][gc,task       ] GC(623) Using 2 workers of 2 for evacuation
[2023-11-18T00:13:09.212+0000][gc,phases     ] GC(623)   Pre Evacuate Collection Set: 0.0ms
[2023-11-18T00:13:09.212+0000][gc,phases     ] GC(623)   Evacuate Collection Set: 13.1ms
[2023-11-18T00:13:09.212+0000][gc,phases     ] GC(623)   Post Evacuate Collection Set: 0.3ms
[2023-11-18T00:13:09.212+0000][gc,phases     ] GC(623)   Other: 0.2ms
[2023-11-18T00:13:09.212+0000][gc,heap       ] GC(623) Eden regions: 22->0(22)
[2023-11-18T00:13:09.212+0000][gc,heap       ] GC(623) Survivor regions: 3->3(4)
[2023-11-18T00:13:09.212+0000][gc,heap       ] GC(623) Old regions: 242->244
[2023-11-18T00:13:09.212+0000][gc,heap       ] GC(623) Humongous regions: 147->147
[2023-11-18T00:13:09.212+0000][gc,metaspace  ] GC(623) Metaspace: 44818K(47512K)->44818K(47512K) NonClass: 39551K(40960K)->39551K(40960K) Class: 5266K(6552K)->5266K(6552K)
[2023-11-18T00:13:09.212+0000][gc            ] GC(623) Pause Young (Normal) (G1 Evacuation Pause) 411M->392M(512M) 13.913ms
[2023-11-18T00:13:09.212+0000][gc,cpu        ] GC(623) User=0.03s Sys=0.00s Real=0.01s
[2023-11-18T00:14:34.341+0000][gc,start      ] GC(624) Pause Young (Normal) (G1 Evacuation Pause)
[2023-11-18T00:14:34.341+0000][gc,task       ] GC(624) Using 2 workers of 2 for evacuation
[2023-11-18T00:14:34.359+0000][gc,phases     ] GC(624)   Pre Evacuate Collection Set: 0.0ms
[2023-11-18T00:14:34.359+0000][gc,phases     ] GC(624)   Evacuate Collection Set: 17.1ms
[2023-11-18T00:14:34.359+0000][gc,phases     ] GC(624)   Post Evacuate Collection Set: 0.4ms
[2023-11-18T00:14:34.359+0000][gc,phases     ] GC(624)   Other: 0.3ms
[2023-11-18T00:14:34.359+0000][gc,heap       ] GC(624) Eden regions: 22->0(22)
[2023-11-18T00:14:34.359+0000][gc,heap       ] GC(624) Survivor regions: 3->3(4)
[2023-11-18T00:14:34.359+0000][gc,heap       ] GC(624) Old regions: 244->246
[2023-11-18T00:14:34.359+0000][gc,heap       ] GC(624) Humongous regions: 147->147
[2023-11-18T00:14:34.359+0000][gc,metaspace  ] GC(624) Metaspace: 44818K(47512K)->44818K(47512K) NonClass: 39551K(40960K)->39551K(40960K) Class: 5266K(6552K)->5266K(6552K)
[2023-11-18T00:14:34.359+0000][gc            ] GC(624) Pause Young (Normal) (G1 Evacuation Pause) 414M->393M(512M) 17.957ms
[2023-11-18T00:14:34.359+0000][gc,cpu        ] GC(624) User=0.03s Sys=0.01s Real=0.02s
[2023-11-18T00:15:59.561+0000][gc,start      ] GC(625) Pause Young (Normal) (G1 Evacuation Pause)
[2023-11-18T00:15:59.562+0000][gc,task       ] GC(625) Using 2 workers of 2 for evacuation
[2023-11-18T00:15:59.576+0000][gc,phases     ] GC(625)   Pre Evacuate Collection Set: 0.0ms
[2023-11-18T00:15:59.576+0000][gc,phases     ] GC(625)   Evacuate Collection Set: 13.7ms
[2023-11-18T00:15:59.576+0000][gc,phases     ] GC(625)   Post Evacuate Collection Set: 0.3ms
[2023-11-18T00:15:59.576+0000][gc,phases     ] GC(625)   Other: 0.2ms
[2023-11-18T00:15:59.576+0000][gc,heap       ] GC(625) Eden regions: 22->0(23)
[2023-11-18T00:15:59.576+0000][gc,heap       ] GC(625) Survivor regions: 3->3(4)
[2023-11-18T00:15:59.576+0000][gc,heap       ] GC(625) Old regions: 246->248
[2023-11-18T00:15:59.576+0000][gc,heap       ] GC(625) Humongous regions: 147->147
[2023-11-18T00:15:59.576+0000][gc,metaspace  ] GC(625) Metaspace: 44818K(47512K)->44818K(47512K) NonClass: 39551K(40960K)->39551K(40960K) Class: 5266K(6552K)->5266K(6552K)
[2023-11-18T00:15:59.576+0000][gc            ] GC(625) Pause Young (Normal) (G1 Evacuation Pause) 415M->395M(512M) 14.261ms
[2023-11-18T00:15:59.576+0000][gc,cpu        ] GC(625) User=0.02s Sys=0.00s Real=0.02s
[2023-11-18T00:17:28.645+0000][gc,start      ] GC(626) Pause Young (Normal) (G1 Evacuation Pause)
[2023-11-18T00:17:28.645+0000][gc,task       ] GC(626) Using 2 workers of 2 for evacuation
[2023-11-18T00:17:28.659+0000][gc,phases     ] GC(626)   Pre Evacuate Collection Set: 0.0ms
[2023-11-18T00:17:28.659+0000][gc,phases     ] GC(626)   Evacuate Collection Set: 13.3ms
[2023-11-18T00:17:28.659+0000][gc,phases     ] GC(626)   Post Evacuate Collection Set: 0.3ms
[2023-11-18T00:17:28.659+0000][gc,phases     ] GC(626)   Other: 0.5ms
[2023-11-18T00:17:28.659+0000][gc,heap       ] GC(626) Eden regions: 23->0(26)
[2023-11-18T00:17:28.659+0000][gc,heap       ] GC(626) Survivor regions: 3->3(4)
[2023-11-18T00:17:28.659+0000][gc,heap       ] GC(626) Old regions: 248->249
[2023-11-18T00:17:28.659+0000][gc,heap       ] GC(626) Humongous regions: 147->147
[2023-11-18T00:17:28.659+0000][gc,metaspace  ] GC(626) Metaspace: 44818K(47512K)->44818K(47512K) NonClass: 39551K(40960K)->39551K(40960K) Class: 5266K(6552K)->5266K(6552K)
[2023-11-18T00:17:28.659+0000][gc            ] GC(626) Pause Young (Normal) (G1 Evacuation Pause) 418M->396M(512M) 14.225ms
[2023-11-18T00:17:28.659+0000][gc,cpu        ] GC(626) User=0.03s Sys=0.00s Real=0.02s
[2023-11-18T00:18:53.488+0000][gc,start      ] GC(627) Pause Young (Normal) (G1 Evacuation Pause)
[2023-11-18T00:18:53.488+0000][gc,task       ] GC(627) Using 2 workers of 2 for evacuation
[2023-11-18T00:18:53.503+0000][gc,phases     ] GC(627)   Pre Evacuate Collection Set: 0.0ms
[2023-11-18T00:18:53.503+0000][gc,phases     ] GC(627)   Evacuate Collection Set: 14.3ms
[2023-11-18T00:18:53.503+0000][gc,phases     ] GC(627)   Post Evacuate Collection Set: 0.3ms
[2023-11-18T00:18:53.503+0000][gc,phases     ] GC(627)   Other: 0.2ms
[2023-11-18T00:18:53.503+0000][gc,heap       ] GC(627) Eden regions: 22->0(26)
[2023-11-18T00:18:53.503+0000][gc,heap       ] GC(627) Survivor regions: 3->3(4)
[2023-11-18T00:18:53.503+0000][gc,heap       ] GC(627) Old regions: 249->251
[2023-11-18T00:18:53.503+0000][gc,heap       ] GC(627) Humongous regions: 147->147
[2023-11-18T00:18:53.503+0000][gc,metaspace  ] GC(627) Metaspace: 44818K(47512K)->44818K(47512K) NonClass: 39551K(40960K)->39551K(40960K) Class: 5266K(6552K)->5266K(6552K)
[2023-11-18T00:18:53.503+0000][gc            ] GC(627) Pause Young (Normal) (G1 Evacuation Pause) 418M->399M(512M) 14.879ms
[2023-11-18T00:18:53.503+0000][gc,cpu        ] GC(627) User=0.03s Sys=0.00s Real=0.01s
[2023-11-18T00:20:34.467+0000][gc,start      ] GC(628) Pause Young (Normal) (G1 Evacuation Pause)
[2023-11-18T00:20:34.467+0000][gc,task       ] GC(628) Using 2 workers of 2 for evacuation
[2023-11-18T00:20:34.482+0000][gc,phases     ] GC(628)   Pre Evacuate Collection Set: 0.0ms
[2023-11-18T00:20:34.482+0000][gc,phases     ] GC(628)   Evacuate Collection Set: 14.8ms
[2023-11-18T00:20:34.482+0000][gc,phases     ] GC(628)   Post Evacuate Collection Set: 0.4ms
[2023-11-18T00:20:34.482+0000][gc,phases     ] GC(628)   Other: 0.2ms
[2023-11-18T00:20:34.482+0000][gc,heap       ] GC(628) Eden regions: 26->0(28)
[2023-11-18T00:20:34.482+0000][gc,heap       ] GC(628) Survivor regions: 3->3(4)
[2023-11-18T00:20:34.482+0000][gc,heap       ] GC(628) Old regions: 251->253
[2023-11-18T00:20:34.482+0000][gc,heap       ] GC(628) Humongous regions: 147->147
[2023-11-18T00:20:34.482+0000][gc,metaspace  ] GC(628) Metaspace: 44819K(47512K)->44819K(47512K) NonClass: 39552K(40960K)->39552K(40960K) Class: 5266K(6552K)->5266K(6552K)
[2023-11-18T00:20:34.482+0000][gc            ] GC(628) Pause Young (Normal) (G1 Evacuation Pause) 425M->400M(512M) 15.510ms
[2023-11-18T00:20:34.482+0000][gc,cpu        ] GC(628) User=0.03s Sys=0.00s Real=0.01s
[2023-11-18T00:22:23.578+0000][gc,start      ] GC(629) Pause Young (Normal) (G1 Evacuation Pause)
[2023-11-18T00:22:23.578+0000][gc,task       ] GC(629) Using 2 workers of 2 for evacuation
[2023-11-18T00:22:23.591+0000][gc,phases     ] GC(629)   Pre Evacuate Collection Set: 0.0ms
[2023-11-18T00:22:23.591+0000][gc,phases     ] GC(629)   Evacuate Collection Set: 12.4ms
[2023-11-18T00:22:23.591+0000][gc,phases     ] GC(629)   Post Evacuate Collection Set: 0.5ms
[2023-11-18T00:22:23.591+0000][gc,phases     ] GC(629)   Other: 0.3ms
[2023-11-18T00:22:23.591+0000][gc,heap       ] GC(629) Eden regions: 28->0(31)
[2023-11-18T00:22:23.591+0000][gc,heap       ] GC(629) Survivor regions: 3->2(4)
[2023-11-18T00:22:23.591+0000][gc,heap       ] GC(629) Old regions: 253->254
[2023-11-18T00:22:23.591+0000][gc,heap       ] GC(629) Humongous regions: 147->147
[2023-11-18T00:22:23.591+0000][gc,metaspace  ] GC(629) Metaspace: 44819K(47512K)->44819K(47512K) NonClass: 39552K(40960K)->39552K(40960K) Class: 5266K(6552K)->5266K(6552K)
[2023-11-18T00:22:23.591+0000][gc            ] GC(629) Pause Young (Normal) (G1 Evacuation Pause) 428M->401M(512M) 13.280ms
[2023-11-18T00:22:23.591+0000][gc,cpu        ] GC(629) User=0.03s Sys=0.00s Real=0.01s
[2023-11-18T00:24:24.874+0000][gc,start      ] GC(630) Pause Young (Concurrent Start) (G1 Evacuation Pause)
[2023-11-18T00:24:24.874+0000][gc,task       ] GC(630) Using 2 workers of 2 for evacuation
[2023-11-18T00:24:24.891+0000][gc,phases     ] GC(630)   Pre Evacuate Collection Set: 0.2ms
[2023-11-18T00:24:24.891+0000][gc,phases     ] GC(630)   Evacuate Collection Set: 15.9ms
[2023-11-18T00:24:24.891+0000][gc,phases     ] GC(630)   Post Evacuate Collection Set: 0.3ms
[2023-11-18T00:24:24.891+0000][gc,phases     ] GC(630)   Other: 0.2ms
[2023-11-18T00:24:24.891+0000][gc,heap       ] GC(630) Eden regions: 31->0(29)
[2023-11-18T00:24:24.891+0000][gc,heap       ] GC(630) Survivor regions: 2->5(5)
[2023-11-18T00:24:24.891+0000][gc,heap       ] GC(630) Old regions: 254->254
[2023-11-18T00:24:24.891+0000][gc,heap       ] GC(630) Humongous regions: 147->147
[2023-11-18T00:24:24.891+0000][gc,metaspace  ] GC(630) Metaspace: 44819K(47512K)->44819K(47512K) NonClass: 39552K(40960K)->39552K(40960K) Class: 5266K(6552K)->5266K(6552K)
[2023-11-18T00:24:24.891+0000][gc            ] GC(630) Pause Young (Concurrent Start) (G1 Evacuation Pause) 432M->404M(512M) 16.838ms
[2023-11-18T00:24:24.891+0000][gc,cpu        ] GC(630) User=0.03s Sys=0.00s Real=0.01s
[2023-11-18T00:24:24.892+0000][gc            ] GC(631) Concurrent Cycle
[2023-11-18T00:24:24.892+0000][gc,marking    ] GC(631) Concurrent Clear Claimed Marks
[2023-11-18T00:24:24.892+0000][gc,marking    ] GC(631) Concurrent Clear Claimed Marks 0.427ms
[2023-11-18T00:24:24.892+0000][gc,marking    ] GC(631) Concurrent Scan Root Regions
[2023-11-18T00:24:24.899+0000][gc,marking    ] GC(631) Concurrent Scan Root Regions 6.415ms
[2023-11-18T00:24:24.899+0000][gc,marking    ] GC(631) Concurrent Mark (62214.931s)
[2023-11-18T00:24:24.899+0000][gc,marking    ] GC(631) Concurrent Mark From Roots
[2023-11-18T00:24:24.899+0000][gc,task       ] GC(631) Using 1 workers of 1 for marking
[2023-11-18T00:24:24.941+0000][gc,marking    ] GC(631) Concurrent Mark From Roots 41.787ms
[2023-11-18T00:24:24.941+0000][gc,marking    ] GC(631) Concurrent Preclean
[2023-11-18T00:24:24.941+0000][gc,marking    ] GC(631) Concurrent Preclean 0.295ms
[2023-11-18T00:24:24.941+0000][gc,marking    ] GC(631) Concurrent Mark (62214.931s, 62214.973s) 42.151ms
[2023-11-18T00:24:24.941+0000][gc,start      ] GC(631) Pause Remark
[2023-11-18T00:24:24.957+0000][gc,stringtable] GC(631) Cleaned string and symbol table, strings: 13070 processed, 6 removed, symbols: 93086 processed, 0 removed
[2023-11-18T00:24:24.957+0000][gc            ] GC(631) Pause Remark 404M->268M(512M) 15.898ms
[2023-11-18T00:24:24.957+0000][gc,cpu        ] GC(631) User=0.03s Sys=0.00s Real=0.02s
[2023-11-18T00:24:24.957+0000][gc,marking    ] GC(631) Concurrent Rebuild Remembered Sets
[2023-11-18T00:24:24.991+0000][gc,marking    ] GC(631) Concurrent Rebuild Remembered Sets 33.406ms
[2023-11-18T00:24:24.991+0000][gc,start      ] GC(631) Pause Cleanup
[2023-11-18T00:24:24.991+0000][gc            ] GC(631) Pause Cleanup 268M->268M(512M) 0.184ms
[2023-11-18T00:24:24.991+0000][gc,cpu        ] GC(631) User=0.00s Sys=0.00s Real=0.00s
[2023-11-18T00:24:24.991+0000][gc,marking    ] GC(631) Concurrent Cleanup for Next Mark
[2023-11-18T00:24:24.993+0000][gc,marking    ] GC(631) Concurrent Cleanup for Next Mark 1.402ms
[2023-11-18T00:24:24.993+0000][gc            ] GC(631) Concurrent Cycle 100.903ms
[2023-11-18T00:25:58.535+0000][gc,start      ] GC(632) Pause Young (Prepare Mixed) (G1 Evacuation Pause)
[2023-11-18T00:25:58.535+0000][gc,task       ] GC(632) Using 2 workers of 2 for evacuation
[2023-11-18T00:25:58.554+0000][gc,phases     ] GC(632)   Pre Evacuate Collection Set: 0.0ms
[2023-11-18T00:25:58.554+0000][gc,phases     ] GC(632)   Evacuate Collection Set: 17.8ms
[2023-11-18T00:25:58.554+0000][gc,phases     ] GC(632)   Post Evacuate Collection Set: 0.8ms
[2023-11-18T00:25:58.554+0000][gc,phases     ] GC(632)   Other: 0.3ms
[2023-11-18T00:25:58.554+0000][gc,heap       ] GC(632) Eden regions: 24->0(22)
[2023-11-18T00:25:58.554+0000][gc,heap       ] GC(632) Survivor regions: 5->3(4)
[2023-11-18T00:25:58.554+0000][gc,heap       ] GC(632) Old regions: 118->121
[2023-11-18T00:25:58.554+0000][gc,heap       ] GC(632) Humongous regions: 147->147
[2023-11-18T00:25:58.554+0000][gc,metaspace  ] GC(632) Metaspace: 44819K(47512K)->44819K(47512K) NonClass: 39552K(40960K)->39552K(40960K) Class: 5266K(6552K)->5266K(6552K)
[2023-11-18T00:25:58.554+0000][gc            ] GC(632) Pause Young (Prepare Mixed) (G1 Evacuation Pause) 292M->268M(512M) 18.900ms
[2023-11-18T00:25:58.554+0000][gc,cpu        ] GC(632) User=0.03s Sys=0.01s Real=0.02s
[2023-11-18T00:27:24.190+0000][gc,start      ] GC(633) Pause Young (Mixed) (G1 Evacuation Pause)
[2023-11-18T00:27:24.190+0000][gc,task       ] GC(633) Using 2 workers of 2 for evacuation
[2023-11-18T00:27:24.205+0000][gc,phases     ] GC(633)   Pre Evacuate Collection Set: 0.0ms
[2023-11-18T00:27:24.205+0000][gc,phases     ] GC(633)   Evacuate Collection Set: 14.0ms
[2023-11-18T00:27:24.205+0000][gc,phases     ] GC(633)   Post Evacuate Collection Set: 0.4ms
[2023-11-18T00:27:24.205+0000][gc,phases     ] GC(633)   Other: 0.3ms
[2023-11-18T00:27:24.205+0000][gc,heap       ] GC(633) Eden regions: 22->0(22)
[2023-11-18T00:27:24.205+0000][gc,heap       ] GC(633) Survivor regions: 3->3(4)
[2023-11-18T00:27:24.205+0000][gc,heap       ] GC(633) Old regions: 121->71
[2023-11-18T00:27:24.205+0000][gc,heap       ] GC(633) Humongous regions: 147->147
[2023-11-18T00:27:24.205+0000][gc,metaspace  ] GC(633) Metaspace: 44819K(47512K)->44819K(47512K) NonClass: 39552K(40960K)->39552K(40960K) Class: 5266K(6552K)->5266K(6552K)
[2023-11-18T00:27:24.205+0000][gc            ] GC(633) Pause Young (Mixed) (G1 Evacuation Pause) 290M->219M(512M) 14.804ms
[2023-11-18T00:27:24.205+0000][gc,cpu        ] GC(633) User=0.02s Sys=0.00s Real=0.01s
[2023-11-18T00:28:49.291+0000][gc,start      ] GC(634) Pause Young (Mixed) (G1 Evacuation Pause)
[2023-11-18T00:28:49.291+0000][gc,task       ] GC(634) Using 2 workers of 2 for evacuation
[2023-11-18T00:28:49.304+0000][gc,phases     ] GC(634)   Pre Evacuate Collection Set: 0.0ms
[2023-11-18T00:28:49.304+0000][gc,phases     ] GC(634)   Evacuate Collection Set: 12.6ms
[2023-11-18T00:28:49.304+0000][gc,phases     ] GC(634)   Post Evacuate Collection Set: 0.4ms
[2023-11-18T00:28:49.304+0000][gc,phases     ] GC(634)   Other: 0.2ms
[2023-11-18T00:28:49.304+0000][gc,heap       ] GC(634) Eden regions: 22->0(32)
[2023-11-18T00:28:49.304+0000][gc,heap       ] GC(634) Survivor regions: 3->3(4)
[2023-11-18T00:28:49.304+0000][gc,heap       ] GC(634) Old regions: 71->53
[2023-11-18T00:28:49.304+0000][gc,heap       ] GC(634) Humongous regions: 147->147
[2023-11-18T00:28:49.304+0000][gc,metaspace  ] GC(634) Metaspace: 44819K(47512K)->44819K(47512K) NonClass: 39552K(40960K)->39552K(40960K) Class: 5266K(6552K)->5266K(6552K)
[2023-11-18T00:28:49.304+0000][gc            ] GC(634) Pause Young (Mixed) (G1 Evacuation Pause) 241M->201M(512M) 13.269ms
[2023-11-18T00:28:49.304+0000][gc,cpu        ] GC(634) User=0.03s Sys=0.00s Real=0.01s
[2023-11-18T00:30:54.053+0000][gc,start      ] GC(635) Pause Young (Normal) (G1 Evacuation Pause)
[2023-11-18T00:30:54.053+0000][gc,task       ] GC(635) Using 2 workers of 2 for evacuation
[2023-11-18T00:30:54.063+0000][gc,phases     ] GC(635)   Pre Evacuate Collection Set: 0.0ms
[2023-11-18T00:30:54.063+0000][gc,phases     ] GC(635)   Evacuate Collection Set: 9.8ms
[2023-11-18T00:30:54.063+0000][gc,phases     ] GC(635)   Post Evacuate Collection Set: 0.7ms
[2023-11-18T00:30:54.063+0000][gc,phases     ] GC(635)   Other: 0.2ms
[2023-11-18T00:30:54.063+0000][gc,heap       ] GC(635) Eden regions: 32->0(35)
[2023-11-18T00:30:54.063+0000][gc,heap       ] GC(635) Survivor regions: 3->4(5)
[2023-11-18T00:30:54.063+0000][gc,heap       ] GC(635) Old regions: 53->53
[2023-11-18T00:30:54.063+0000][gc,heap       ] GC(635) Humongous regions: 147->147
[2023-11-18T00:30:54.063+0000][gc,metaspace  ] GC(635) Metaspace: 44820K(47512K)->44820K(47512K) NonClass: 39553K(40960K)->39553K(40960K) Class: 5266K(6552K)->5266K(6552K)
[2023-11-18T00:30:54.064+0000][gc            ] GC(635) Pause Young (Normal) (G1 Evacuation Pause) 233M->201M(512M) 10.860ms
[2023-11-18T00:30:54.064+0000][gc,cpu        ] GC(635) User=0.03s Sys=0.00s Real=0.01s
[2023-11-18T00:33:11.275+0000][gc,start      ] GC(636) Pause Young (Normal) (G1 Evacuation Pause)
[2023-11-18T00:33:11.275+0000][gc,task       ] GC(636) Using 2 workers of 2 for evacuation
[2023-11-18T00:33:11.288+0000][gc,phases     ] GC(636)   Pre Evacuate Collection Set: 0.0ms
[2023-11-18T00:33:11.288+0000][gc,phases     ] GC(636)   Evacuate Collection Set: 11.6ms
[2023-11-18T00:33:11.288+0000][gc,phases     ] GC(636)   Post Evacuate Collection Set: 0.5ms
[2023-11-18T00:33:11.288+0000][gc,phases     ] GC(636)   Other: 0.3ms
[2023-11-18T00:33:11.288+0000][gc,heap       ] GC(636) Eden regions: 35->0(38)
[2023-11-18T00:33:11.288+0000][gc,heap       ] GC(636) Survivor regions: 4->4(5)
[2023-11-18T00:33:11.288+0000][gc,heap       ] GC(636) Old regions: 53->54
[2023-11-18T00:33:11.288+0000][gc,heap       ] GC(636) Humongous regions: 147->147
[2023-11-18T00:33:11.288+0000][gc,metaspace  ] GC(636) Metaspace: 44820K(47512K)->44820K(47512K) NonClass: 39553K(40960K)->39553K(40960K) Class: 5266K(6552K)->5266K(6552K)
[2023-11-18T00:33:11.288+0000][gc            ] GC(636) Pause Young (Normal) (G1 Evacuation Pause) 236M->202M(512M) 12.383ms
[2023-11-18T00:33:11.288+0000][gc,cpu        ] GC(636) User=0.02s Sys=0.00s Real=0.01s
[2023-11-18T00:35:41.027+0000][gc,start      ] GC(637) Pause Young (Normal) (G1 Evacuation Pause)
[2023-11-18T00:35:41.027+0000][gc,task       ] GC(637) Using 2 workers of 2 for evacuation
[2023-11-18T00:35:41.047+0000][gc,phases     ] GC(637)   Pre Evacuate Collection Set: 0.0ms
[2023-11-18T00:35:41.047+0000][gc,phases     ] GC(637)   Evacuate Collection Set: 19.0ms
[2023-11-18T00:35:41.047+0000][gc,phases     ] GC(637)   Post Evacuate Collection Set: 0.4ms
[2023-11-18T00:35:41.047+0000][gc,phases     ] GC(637)   Other: 0.2ms
[2023-11-18T00:35:41.047+0000][gc,heap       ] GC(637) Eden regions: 38->0(36)
[2023-11-18T00:35:41.047+0000][gc,heap       ] GC(637) Survivor regions: 4->6(6)
[2023-11-18T00:35:41.047+0000][gc,heap       ] GC(637) Old regions: 54->56
[2023-11-18T00:35:41.047+0000][gc,heap       ] GC(637) Humongous regions: 147->147
[2023-11-18T00:35:41.047+0000][gc,metaspace  ] GC(637) Metaspace: 44820K(47512K)->44820K(47512K) NonClass: 39553K(40960K)->39553K(40960K) Class: 5266K(6552K)->5266K(6552K)
[2023-11-18T00:35:41.047+0000][gc            ] GC(637) Pause Young (Normal) (G1 Evacuation Pause) 240M->206M(512M) 19.635ms
[2023-11-18T00:35:41.047+0000][gc,cpu        ] GC(637) User=0.03s Sys=0.00s Real=0.02s
[2023-11-18T00:38:01.767+0000][gc,start      ] GC(638) Pause Young (Normal) (G1 Evacuation Pause)
[2023-11-18T00:38:01.767+0000][gc,task       ] GC(638) Using 2 workers of 2 for evacuation
[2023-11-18T00:38:01.799+0000][gc,mmu        ] GC(638) MMU target violated: 21.0ms (20.0ms/21.0ms)
[2023-11-18T00:38:01.799+0000][gc,phases     ] GC(638)   Pre Evacuate Collection Set: 0.0ms
[2023-11-18T00:38:01.799+0000][gc,phases     ] GC(638)   Evacuate Collection Set: 31.8ms
[2023-11-18T00:38:01.799+0000][gc,phases     ] GC(638)   Post Evacuate Collection Set: 0.4ms
[2023-11-18T00:38:01.799+0000][gc,phases     ] GC(638)   Other: 0.4ms
[2023-11-18T00:38:01.799+0000][gc,heap       ] GC(638) Eden regions: 36->0(25)
[2023-11-18T00:38:01.799+0000][gc,heap       ] GC(638) Survivor regions: 6->4(6)
[2023-11-18T00:38:01.799+0000][gc,heap       ] GC(638) Old regions: 56->59
[2023-11-18T00:38:01.799+0000][gc,heap       ] GC(638) Humongous regions: 147->147
[2023-11-18T00:38:01.799+0000][gc,metaspace  ] GC(638) Metaspace: 44820K(47512K)->44820K(47512K) NonClass: 39553K(40960K)->39553K(40960K) Class: 5266K(6552K)->5266K(6552K)
[2023-11-18T00:38:01.799+0000][gc            ] GC(638) Pause Young (Normal) (G1 Evacuation Pause) 242M->208M(512M) 32.573ms
[2023-11-18T00:38:01.799+0000][gc,cpu        ] GC(638) User=0.06s Sys=0.01s Real=0.03s
[2023-11-18T00:39:38.539+0000][gc,start      ] GC(639) Pause Young (Normal) (G1 Evacuation Pause)
[2023-11-18T00:39:38.539+0000][gc,task       ] GC(639) Using 2 workers of 2 for evacuation
[2023-11-18T00:39:38.552+0000][gc,phases     ] GC(639)   Pre Evacuate Collection Set: 0.0ms
[2023-11-18T00:39:38.552+0000][gc,phases     ] GC(639)   Evacuate Collection Set: 12.9ms
[2023-11-18T00:39:38.553+0000][gc,phases     ] GC(639)   Post Evacuate Collection Set: 0.4ms
[2023-11-18T00:39:38.553+0000][gc,phases     ] GC(639)   Other: 0.2ms
[2023-11-18T00:39:38.553+0000][gc,heap       ] GC(639) Eden regions: 25->0(32)
[2023-11-18T00:39:38.553+0000][gc,heap       ] GC(639) Survivor regions: 4->3(4)
[2023-11-18T00:39:38.553+0000][gc,heap       ] GC(639) Old regions: 59->61
[2023-11-18T00:39:38.553+0000][gc,heap       ] GC(639) Humongous regions: 147->147
[2023-11-18T00:39:38.553+0000][gc,metaspace  ] GC(639) Metaspace: 44820K(47512K)->44820K(47512K) NonClass: 39553K(40960K)->39553K(40960K) Class: 5266K(6552K)->5266K(6552K)
[2023-11-18T00:39:38.553+0000][gc            ] GC(639) Pause Young (Normal) (G1 Evacuation Pause) 233M->208M(512M) 13.586ms
[2023-11-18T00:39:38.553+0000][gc,cpu        ] GC(639) User=0.03s Sys=0.00s Real=0.01s
[2023-11-18T00:41:43.168+0000][gc,start      ] GC(640) Pause Young (Normal) (G1 Evacuation Pause)
[2023-11-18T00:41:43.168+0000][gc,task       ] GC(640) Using 2 workers of 2 for evacuation
[2023-11-18T00:41:43.179+0000][gc,phases     ] GC(640)   Pre Evacuate Collection Set: 0.0ms
[2023-11-18T00:41:43.179+0000][gc,phases     ] GC(640)   Evacuate Collection Set: 10.2ms
[2023-11-18T00:41:43.179+0000][gc,phases     ] GC(640)   Post Evacuate Collection Set: 0.3ms
[2023-11-18T00:41:43.179+0000][gc,phases     ] GC(640)   Other: 0.2ms
[2023-11-18T00:41:43.179+0000][gc,heap       ] GC(640) Eden regions: 32->0(35)
[2023-11-18T00:41:43.179+0000][gc,heap       ] GC(640) Survivor regions: 3->3(5)
[2023-11-18T00:41:43.179+0000][gc,heap       ] GC(640) Old regions: 61->61
[2023-11-18T00:41:43.179+0000][gc,heap       ] GC(640) Humongous regions: 147->147
[2023-11-18T00:41:43.179+0000][gc,metaspace  ] GC(640) Metaspace: 44821K(47512K)->44821K(47512K) NonClass: 39554K(40960K)->39554K(40960K) Class: 5266K(6552K)->5266K(6552K)
[2023-11-18T00:41:43.179+0000][gc            ] GC(640) Pause Young (Normal) (G1 Evacuation Pause) 240M->208M(512M) 10.856ms
[2023-11-18T00:41:43.179+0000][gc,cpu        ] GC(640) User=0.02s Sys=0.00s Real=0.01s
[2023-11-18T00:44:00.429+0000][gc,start      ] GC(641) Pause Young (Normal) (G1 Evacuation Pause)
[2023-11-18T00:44:00.429+0000][gc,task       ] GC(641) Using 2 workers of 2 for evacuation
[2023-11-18T00:44:00.447+0000][gc,phases     ] GC(641)   Pre Evacuate Collection Set: 0.0ms
[2023-11-18T00:44:00.447+0000][gc,phases     ] GC(641)   Evacuate Collection Set: 18.1ms
[2023-11-18T00:44:00.447+0000][gc,phases     ] GC(641)   Post Evacuate Collection Set: 0.3ms
[2023-11-18T00:44:00.448+0000][gc,phases     ] GC(641)   Other: 0.2ms
[2023-11-18T00:44:00.448+0000][gc,heap       ] GC(641) Eden regions: 35->0(34)
[2023-11-18T00:44:00.448+0000][gc,heap       ] GC(641) Survivor regions: 3->5(5)
[2023-11-18T00:44:00.448+0000][gc,heap       ] GC(641) Old regions: 61->62
[2023-11-18T00:44:00.448+0000][gc,heap       ] GC(641) Humongous regions: 147->147
[2023-11-18T00:44:00.448+0000][gc,metaspace  ] GC(641) Metaspace: 44821K(47512K)->44821K(47512K) NonClass: 39554K(40960K)->39554K(40960K) Class: 5266K(6552K)->5266K(6552K)
[2023-11-18T00:44:00.448+0000][gc            ] GC(641) Pause Young (Normal) (G1 Evacuation Pause) 243M->212M(512M) 18.900ms
[2023-11-18T00:44:00.448+0000][gc,cpu        ] GC(641) User=0.03s Sys=0.00s Real=0.02s
[2023-11-18T00:46:12.627+0000][gc,start      ] GC(642) Pause Young (Normal) (G1 Evacuation Pause)
[2023-11-18T00:46:12.627+0000][gc,task       ] GC(642) Using 2 workers of 2 for evacuation
[2023-11-18T00:46:12.643+0000][gc,phases     ] GC(642)   Pre Evacuate Collection Set: 0.0ms
[2023-11-18T00:46:12.643+0000][gc,phases     ] GC(642)   Evacuate Collection Set: 15.6ms
[2023-11-18T00:46:12.643+0000][gc,phases     ] GC(642)   Post Evacuate Collection Set: 0.6ms
[2023-11-18T00:46:12.643+0000][gc,phases     ] GC(642)   Other: 0.2ms
[2023-11-18T00:46:12.643+0000][gc,heap       ] GC(642) Eden regions: 34->0(35)
[2023-11-18T00:46:12.643+0000][gc,heap       ] GC(642) Survivor regions: 5->4(5)
[2023-11-18T00:46:12.643+0000][gc,heap       ] GC(642) Old regions: 62->65
[2023-11-18T00:46:12.643+0000][gc,heap       ] GC(642) Humongous regions: 147->147
[2023-11-18T00:46:12.643+0000][gc,metaspace  ] GC(642) Metaspace: 44829K(47512K)->44829K(47512K) NonClass: 39562K(40960K)->39562K(40960K) Class: 5266K(6552K)->5266K(6552K)
[2023-11-18T00:46:12.643+0000][gc            ] GC(642) Pause Young (Normal) (G1 Evacuation Pause) 246M->213M(512M) 16.499ms
[2023-11-18T00:46:12.643+0000][gc,cpu        ] GC(642) User=0.03s Sys=0.00s Real=0.01s
[2023-11-18T00:48:25.087+0000][gc,start      ] GC(643) Pause Young (Normal) (G1 Evacuation Pause)
[2023-11-18T00:48:25.087+0000][gc,task       ] GC(643) Using 2 workers of 2 for evacuation
[2023-11-18T00:48:25.104+0000][gc,phases     ] GC(643)   Pre Evacuate Collection Set: 0.0ms
[2023-11-18T00:48:25.104+0000][gc,phases     ] GC(643)   Evacuate Collection Set: 16.4ms
[2023-11-18T00:48:25.104+0000][gc,phases     ] GC(643)   Post Evacuate Collection Set: 0.3ms
[2023-11-18T00:48:25.104+0000][gc,phases     ] GC(643)   Other: 0.2ms
[2023-11-18T00:48:25.104+0000][gc,heap       ] GC(643) Eden regions: 34->0(36)
[2023-11-18T00:48:25.104+0000][gc,heap       ] GC(643) Survivor regions: 4->4(5)
[2023-11-18T00:48:25.104+0000][gc,heap       ] GC(643) Old regions: 65->66
[2023-11-18T00:48:25.104+0000][gc,heap       ] GC(643) Humongous regions: 147->147
[2023-11-18T00:48:25.104+0000][gc,metaspace  ] GC(643) Metaspace: 44829K(47512K)->44829K(47512K) NonClass: 39562K(40960K)->39562K(40960K) Class: 5266K(6552K)->5266K(6552K)
[2023-11-18T00:48:25.104+0000][gc            ] GC(643) Pause Young (Normal) (G1 Evacuation Pause) 247M->215M(512M) 17.102ms
[2023-11-18T00:48:25.104+0000][gc,cpu        ] GC(643) User=0.03s Sys=0.00s Real=0.01s
[2023-11-18T00:50:38.574+0000][gc,start      ] GC(644) Pause Young (Normal) (G1 Evacuation Pause)
[2023-11-18T00:50:38.574+0000][gc,task       ] GC(644) Using 2 workers of 2 for evacuation
[2023-11-18T00:50:38.589+0000][gc,phases     ] GC(644)   Pre Evacuate Collection Set: 0.0ms
[2023-11-18T00:50:38.589+0000][gc,phases     ] GC(644)   Evacuate Collection Set: 13.7ms
[2023-11-18T00:50:38.589+0000][gc,phases     ] GC(644)   Post Evacuate Collection Set: 0.5ms
[2023-11-18T00:50:38.589+0000][gc,phases     ] GC(644)   Other: 0.2ms
[2023-11-18T00:50:38.589+0000][gc,heap       ] GC(644) Eden regions: 34->0(39)
[2023-11-18T00:50:38.589+0000][gc,heap       ] GC(644) Survivor regions: 4->3(5)
[2023-11-18T00:50:38.589+0000][gc,heap       ] GC(644) Old regions: 66->68
[2023-11-18T00:50:38.589+0000][gc,heap       ] GC(644) Humongous regions: 147->147
[2023-11-18T00:50:38.589+0000][gc,metaspace  ] GC(644) Metaspace: 44829K(47512K)->44829K(47512K) NonClass: 39562K(40960K)->39562K(40960K) Class: 5266K(6552K)->5266K(6552K)
[2023-11-18T00:50:38.589+0000][gc            ] GC(644) Pause Young (Normal) (G1 Evacuation Pause) 249M->216M(512M) 14.464ms
[2023-11-18T00:50:38.589+0000][gc,cpu        ] GC(644) User=0.03s Sys=0.00s Real=0.01s
[2023-11-18T00:52:56.220+0000][gc,start      ] GC(645) Pause Young (Normal) (G1 Evacuation Pause)
[2023-11-18T00:52:56.220+0000][gc,task       ] GC(645) Using 2 workers of 2 for evacuation
[2023-11-18T00:52:56.235+0000][gc,phases     ] GC(645)   Pre Evacuate Collection Set: 0.0ms
[2023-11-18T00:52:56.235+0000][gc,phases     ] GC(645)   Evacuate Collection Set: 14.4ms
[2023-11-18T00:52:56.235+0000][gc,phases     ] GC(645)   Post Evacuate Collection Set: 0.4ms
[2023-11-18T00:52:56.235+0000][gc,phases     ] GC(645)   Other: 0.3ms
[2023-11-18T00:52:56.235+0000][gc,heap       ] GC(645) Eden regions: 35->0(38)
[2023-11-18T00:52:56.235+0000][gc,heap       ] GC(645) Survivor regions: 3->4(5)
[2023-11-18T00:52:56.235+0000][gc,heap       ] GC(645) Old regions: 68->68
[2023-11-18T00:52:56.235+0000][gc,heap       ] GC(645) Humongous regions: 147->147
[2023-11-18T00:52:56.235+0000][gc,metaspace  ] GC(645) Metaspace: 44829K(47512K)->44829K(47512K) NonClass: 39562K(40960K)->39562K(40960K) Class: 5266K(6552K)->5266K(6552K)
[2023-11-18T00:52:56.235+0000][gc            ] GC(645) Pause Young (Normal) (G1 Evacuation Pause) 251M->216M(512M) 15.098ms
[2023-11-18T00:52:56.235+0000][gc,cpu        ] GC(645) User=0.02s Sys=0.00s Real=0.02s
[2023-11-18T00:55:24.910+0000][gc,start      ] GC(646) Pause Young (Normal) (G1 Evacuation Pause)
[2023-11-18T00:55:24.910+0000][gc,task       ] GC(646) Using 2 workers of 2 for evacuation
[2023-11-18T00:55:24.926+0000][gc,phases     ] GC(646)   Pre Evacuate Collection Set: 0.0ms
[2023-11-18T00:55:24.926+0000][gc,phases     ] GC(646)   Evacuate Collection Set: 15.0ms
[2023-11-18T00:55:24.926+0000][gc,phases     ] GC(646)   Post Evacuate Collection Set: 0.5ms
[2023-11-18T00:55:24.926+0000][gc,phases     ] GC(646)   Other: 0.3ms
[2023-11-18T00:55:24.926+0000][gc,heap       ] GC(646) Eden regions: 38->0(39)
[2023-11-18T00:55:24.926+0000][gc,heap       ] GC(646) Survivor regions: 4->4(6)
[2023-11-18T00:55:24.926+0000][gc,heap       ] GC(646) Old regions: 68->70
[2023-11-18T00:55:24.926+0000][gc,heap       ] GC(646) Humongous regions: 147->147
[2023-11-18T00:55:24.926+0000][gc,metaspace  ] GC(646) Metaspace: 44834K(47512K)->44834K(47512K) NonClass: 39567K(40960K)->39567K(40960K) Class: 5266K(6552K)->5266K(6552K)
[2023-11-18T00:55:24.926+0000][gc            ] GC(646) Pause Young (Normal) (G1 Evacuation Pause) 254M->218M(512M) 15.794ms
[2023-11-18T00:55:24.926+0000][gc,cpu        ] GC(646) User=0.03s Sys=0.00s Real=0.02s
[2023-11-18T00:57:59.290+0000][gc,start      ] GC(647) Pause Young (Normal) (G1 Evacuation Pause)
[2023-11-18T00:57:59.290+0000][gc,task       ] GC(647) Using 2 workers of 2 for evacuation
[2023-11-18T00:57:59.331+0000][gc,mmu        ] GC(647) MMU target violated: 21.0ms (20.0ms/21.0ms)
[2023-11-18T00:57:59.331+0000][gc,phases     ] GC(647)   Pre Evacuate Collection Set: 0.0ms
[2023-11-18T00:57:59.331+0000][gc,phases     ] GC(647)   Evacuate Collection Set: 35.5ms
[2023-11-18T00:57:59.331+0000][gc,phases     ] GC(647)   Post Evacuate Collection Set: 5.2ms
[2023-11-18T00:57:59.331+0000][gc,phases     ] GC(647)   Other: 0.4ms
[2023-11-18T00:57:59.331+0000][gc,heap       ] GC(647) Eden regions: 39->0(19)
[2023-11-18T00:57:59.331+0000][gc,heap       ] GC(647) Survivor regions: 4->6(6)
[2023-11-18T00:57:59.331+0000][gc,heap       ] GC(647) Old regions: 70->71
[2023-11-18T00:57:59.331+0000][gc,heap       ] GC(647) Humongous regions: 147->147
[2023-11-18T00:57:59.331+0000][gc,metaspace  ] GC(647) Metaspace: 44834K(47512K)->44834K(47512K) NonClass: 39567K(40960K)->39567K(40960K) Class: 5266K(6552K)->5266K(6552K)
[2023-11-18T00:57:59.331+0000][gc            ] GC(647) Pause Young (Normal) (G1 Evacuation Pause) 257M->222M(512M) 41.106ms
[2023-11-18T00:57:59.331+0000][gc,cpu        ] GC(647) User=0.06s Sys=0.01s Real=0.04s
[2023-11-18T00:59:11.436+0000][gc,start      ] GC(648) Pause Young (Normal) (G1 Evacuation Pause)
[2023-11-18T00:59:11.436+0000][gc,task       ] GC(648) Using 2 workers of 2 for evacuation
[2023-11-18T00:59:11.458+0000][gc,mmu        ] GC(648) MMU target violated: 21.0ms (20.0ms/21.0ms)
[2023-11-18T00:59:11.458+0000][gc,phases     ] GC(648)   Pre Evacuate Collection Set: 0.0ms
[2023-11-18T00:59:11.458+0000][gc,phases     ] GC(648)   Evacuate Collection Set: 21.1ms
[2023-11-18T00:59:11.458+0000][gc,phases     ] GC(648)   Post Evacuate Collection Set: 0.4ms
[2023-11-18T00:59:11.458+0000][gc,phases     ] GC(648)   Other: 0.3ms
[2023-11-18T00:59:11.458+0000][gc,heap       ] GC(648) Eden regions: 19->0(22)
[2023-11-18T00:59:11.458+0000][gc,heap       ] GC(648) Survivor regions: 6->3(4)
[2023-11-18T00:59:11.458+0000][gc,heap       ] GC(648) Old regions: 71->74
[2023-11-18T00:59:11.458+0000][gc,heap       ] GC(648) Humongous regions: 147->147
[2023-11-18T00:59:11.458+0000][gc,metaspace  ] GC(648) Metaspace: 44834K(47512K)->44834K(47512K) NonClass: 39567K(40960K)->39567K(40960K) Class: 5266K(6552K)->5266K(6552K)
[2023-11-18T00:59:11.458+0000][gc            ] GC(648) Pause Young (Normal) (G1 Evacuation Pause) 241M->222M(512M) 21.770ms
[2023-11-18T00:59:11.458+0000][gc,cpu        ] GC(648) User=0.04s Sys=0.01s Real=0.02s
[2023-11-18T01:00:37.110+0000][gc,start      ] GC(649) Pause Young (Normal) (G1 Evacuation Pause)
[2023-11-18T01:00:37.110+0000][gc,task       ] GC(649) Using 2 workers of 2 for evacuation
[2023-11-18T01:00:37.126+0000][gc,phases     ] GC(649)   Pre Evacuate Collection Set: 0.1ms
[2023-11-18T01:00:37.126+0000][gc,phases     ] GC(649)   Evacuate Collection Set: 15.2ms
[2023-11-18T01:00:37.126+0000][gc,phases     ] GC(649)   Post Evacuate Collection Set: 0.3ms
[2023-11-18T01:00:37.126+0000][gc,phases     ] GC(649)   Other: 0.2ms
[2023-11-18T01:00:37.126+0000][gc,heap       ] GC(649) Eden regions: 22->0(21)
[2023-11-18T01:00:37.126+0000][gc,heap       ] GC(649) Survivor regions: 3->4(4)
[2023-11-18T01:00:37.126+0000][gc,heap       ] GC(649) Old regions: 74->75
[2023-11-18T01:00:37.126+0000][gc,heap       ] GC(649) Humongous regions: 147->147
[2023-11-18T01:00:37.126+0000][gc,metaspace  ] GC(649) Metaspace: 44834K(47512K)->44834K(47512K) NonClass: 39567K(40960K)->39567K(40960K) Class: 5266K(6552K)->5266K(6552K)
[2023-11-18T01:00:37.126+0000][gc            ] GC(649) Pause Young (Normal) (G1 Evacuation Pause) 244M->224M(512M) 15.874ms
[2023-11-18T01:00:37.126+0000][gc,cpu        ] GC(649) User=0.03s Sys=0.00s Real=0.02s
[2023-11-18T01:01:58.053+0000][gc,start      ] GC(650) Pause Young (Normal) (G1 Evacuation Pause)
[2023-11-18T01:01:58.053+0000][gc,task       ] GC(650) Using 2 workers of 2 for evacuation
[2023-11-18T01:01:58.063+0000][gc,phases     ] GC(650)   Pre Evacuate Collection Set: 0.0ms
[2023-11-18T01:01:58.063+0000][gc,phases     ] GC(650)   Evacuate Collection Set: 10.3ms
[2023-11-18T01:01:58.063+0000][gc,phases     ] GC(650)   Post Evacuate Collection Set: 0.3ms
[2023-11-18T01:01:58.063+0000][gc,phases     ] GC(650)   Other: 0.2ms
[2023-11-18T01:01:58.063+0000][gc,heap       ] GC(650) Eden regions: 21->0(22)
[2023-11-18T01:01:58.063+0000][gc,heap       ] GC(650) Survivor regions: 4->3(4)
[2023-11-18T01:01:58.063+0000][gc,heap       ] GC(650) Old regions: 75->76
[2023-11-18T01:01:58.063+0000][gc,heap       ] GC(650) Humongous regions: 147->147
[2023-11-18T01:01:58.063+0000][gc,metaspace  ] GC(650) Metaspace: 44834K(47512K)->44834K(47512K) NonClass: 39567K(40960K)->39567K(40960K) Class: 5266K(6552K)->5266K(6552K)
[2023-11-18T01:01:58.064+0000][gc            ] GC(650) Pause Young (Normal) (G1 Evacuation Pause) 245M->224M(512M) 10.940ms
[2023-11-18T01:01:58.064+0000][gc,cpu        ] GC(650) User=0.02s Sys=0.00s Real=0.01s
[2023-11-18T01:03:23.426+0000][gc,start      ] GC(651) Pause Young (Normal) (G1 Evacuation Pause)
[2023-11-18T01:03:23.426+0000][gc,task       ] GC(651) Using 2 workers of 2 for evacuation
[2023-11-18T01:03:23.439+0000][gc,phases     ] GC(651)   Pre Evacuate Collection Set: 0.1ms
[2023-11-18T01:03:23.439+0000][gc,phases     ] GC(651)   Evacuate Collection Set: 12.3ms
[2023-11-18T01:03:23.439+0000][gc,phases     ] GC(651)   Post Evacuate Collection Set: 0.4ms
[2023-11-18T01:03:23.439+0000][gc,phases     ] GC(651)   Other: 0.3ms
[2023-11-18T01:03:23.439+0000][gc,heap       ] GC(651) Eden regions: 22->0(24)
[2023-11-18T01:03:23.439+0000][gc,heap       ] GC(651) Survivor regions: 3->3(4)
[2023-11-18T01:03:23.439+0000][gc,heap       ] GC(651) Old regions: 76->79
[2023-11-18T01:03:23.439+0000][gc,heap       ] GC(651) Humongous regions: 147->147
[2023-11-18T01:03:23.439+0000][gc,metaspace  ] GC(651) Metaspace: 44834K(47512K)->44834K(47512K) NonClass: 39567K(40960K)->39567K(40960K) Class: 5266K(6552K)->5266K(6552K)
[2023-11-18T01:03:23.439+0000][gc            ] GC(651) Pause Young (Normal) (G1 Evacuation Pause) 246M->226M(512M) 13.127ms
[2023-11-18T01:03:23.439+0000][gc,cpu        ] GC(651) User=0.03s Sys=0.00s Real=0.01s
[2023-11-18T01:04:48.550+0000][gc,start      ] GC(652) Pause Young (Normal) (G1 Evacuation Pause)
[2023-11-18T01:04:48.550+0000][gc,task       ] GC(652) Using 2 workers of 2 for evacuation
[2023-11-18T01:04:48.560+0000][gc,phases     ] GC(652)   Pre Evacuate Collection Set: 0.0ms
[2023-11-18T01:04:48.561+0000][gc,phases     ] GC(652)   Evacuate Collection Set: 10.1ms
[2023-11-18T01:04:48.561+0000][gc,phases     ] GC(652)   Post Evacuate Collection Set: 0.4ms
[2023-11-18T01:04:48.561+0000][gc,phases     ] GC(652)   Other: 0.2ms
[2023-11-18T01:04:48.561+0000][gc,heap       ] GC(652) Eden regions: 22->0(28)
[2023-11-18T01:04:48.561+0000][gc,heap       ] GC(652) Survivor regions: 3->3(4)
[2023-11-18T01:04:48.561+0000][gc,heap       ] GC(652) Old regions: 79->80
[2023-11-18T01:04:48.561+0000][gc,heap       ] GC(652) Humongous regions: 147->147
[2023-11-18T01:04:48.561+0000][gc,metaspace  ] GC(652) Metaspace: 44834K(47512K)->44834K(47512K) NonClass: 39567K(40960K)->39567K(40960K) Class: 5266K(6552K)->5266K(6552K)
[2023-11-18T01:04:48.561+0000][gc            ] GC(652) Pause Young (Normal) (G1 Evacuation Pause) 248M->227M(512M) 10.747ms
[2023-11-18T01:04:48.561+0000][gc,cpu        ] GC(652) User=0.02s Sys=0.00s Real=0.01s
[2023-11-18T01:06:25.905+0000][gc,start      ] GC(653) Pause Young (Normal) (G1 Evacuation Pause)
[2023-11-18T01:06:25.905+0000][gc,task       ] GC(653) Using 2 workers of 2 for evacuation
[2023-11-18T01:06:25.914+0000][gc,phases     ] GC(653)   Pre Evacuate Collection Set: 0.0ms
[2023-11-18T01:06:25.914+0000][gc,phases     ] GC(653)   Evacuate Collection Set: 8.4ms
[2023-11-18T01:06:25.914+0000][gc,phases     ] GC(653)   Post Evacuate Collection Set: 0.3ms
[2023-11-18T01:06:25.914+0000][gc,phases     ] GC(653)   Other: 0.5ms
[2023-11-18T01:06:25.914+0000][gc,heap       ] GC(653) Eden regions: 25->0(34)
[2023-11-18T01:06:25.914+0000][gc,heap       ] GC(653) Survivor regions: 3->2(4)
[2023-11-18T01:06:25.914+0000][gc,heap       ] GC(653) Old regions: 80->81
[2023-11-18T01:06:25.914+0000][gc,heap       ] GC(653) Humongous regions: 147->147
[2023-11-18T01:06:25.914+0000][gc,metaspace  ] GC(653) Metaspace: 44834K(47512K)->44834K(47512K) NonClass: 39567K(40960K)->39567K(40960K) Class: 5266K(6552K)->5266K(6552K)
[2023-11-18T01:06:25.914+0000][gc            ] GC(653) Pause Young (Normal) (G1 Evacuation Pause) 252M->227M(512M) 9.331ms
[2023-11-18T01:06:25.914+0000][gc,cpu        ] GC(653) User=0.01s Sys=0.01s Real=0.02s
[2023-11-18T01:07:53.619+0000][gc,start      ] GC(654) Pause Young (Normal) (G1 Evacuation Pause)
[2023-11-18T01:07:53.619+0000][gc,task       ] GC(654) Using 2 workers of 2 for evacuation
[2023-11-18T01:07:53.636+0000][gc,phases     ] GC(654)   Pre Evacuate Collection Set: 0.0ms
[2023-11-18T01:07:53.636+0000][gc,phases     ] GC(654)   Evacuate Collection Set: 17.1ms
[2023-11-18T01:07:53.636+0000][gc,phases     ] GC(654)   Post Evacuate Collection Set: 0.4ms
[2023-11-18T01:07:53.636+0000][gc,phases     ] GC(654)   Other: 0.2ms
[2023-11-18T01:07:53.636+0000][gc,heap       ] GC(654) Eden regions: 27->0(28)
[2023-11-18T01:07:53.636+0000][gc,heap       ] GC(654) Survivor regions: 2->4(4)
[2023-11-18T01:07:53.636+0000][gc,heap       ] GC(654) Old regions: 81->84
[2023-11-18T01:07:53.636+0000][gc,heap       ] GC(654) Humongous regions: 147->147
[2023-11-18T01:07:53.636+0000][gc,metaspace  ] GC(654) Metaspace: 44837K(47512K)->44837K(47512K) NonClass: 39570K(40960K)->39570K(40960K) Class: 5266K(6552K)->5266K(6552K)
[2023-11-18T01:07:53.636+0000][gc            ] GC(654) Pause Young (Normal) (G1 Evacuation Pause) 254M->232M(512M) 17.817ms
[2023-11-18T01:07:53.637+0000][gc,cpu        ] GC(654) User=0.03s Sys=0.00s Real=0.02s
[2023-11-18T01:09:38.640+0000][gc,start      ] GC(655) Pause Young (Normal) (G1 Evacuation Pause)
[2023-11-18T01:09:38.640+0000][gc,task       ] GC(655) Using 2 workers of 2 for evacuation
[2023-11-18T01:09:38.653+0000][gc,phases     ] GC(655)   Pre Evacuate Collection Set: 0.0ms
[2023-11-18T01:09:38.653+0000][gc,phases     ] GC(655)   Evacuate Collection Set: 12.5ms
[2023-11-18T01:09:38.653+0000][gc,phases     ] GC(655)   Post Evacuate Collection Set: 0.4ms
[2023-11-18T01:09:38.653+0000][gc,phases     ] GC(655)   Other: 0.2ms
[2023-11-18T01:09:38.653+0000][gc,heap       ] GC(655) Eden regions: 28->0(30)
[2023-11-18T01:09:38.653+0000][gc,heap       ] GC(655) Survivor regions: 4->3(4)
[2023-11-18T01:09:38.653+0000][gc,heap       ] GC(655) Old regions: 84->86
[2023-11-18T01:09:38.653+0000][gc,heap       ] GC(655) Humongous regions: 147->147
[2023-11-18T01:09:38.653+0000][gc,metaspace  ] GC(655) Metaspace: 44837K(47512K)->44837K(47512K) NonClass: 39570K(40960K)->39570K(40960K) Class: 5266K(6552K)->5266K(6552K)
[2023-11-18T01:09:38.653+0000][gc            ] GC(655) Pause Young (Normal) (G1 Evacuation Pause) 260M->233M(512M) 13.152ms
[2023-11-18T01:09:38.653+0000][gc,cpu        ] GC(655) User=0.03s Sys=0.00s Real=0.01s
[2023-11-18T01:11:35.697+0000][gc,start      ] GC(656) Pause Young (Normal) (G1 Evacuation Pause)
[2023-11-18T01:11:35.697+0000][gc,task       ] GC(656) Using 2 workers of 2 for evacuation
[2023-11-18T01:11:35.712+0000][gc,phases     ] GC(656)   Pre Evacuate Collection Set: 0.0ms
[2023-11-18T01:11:35.712+0000][gc,phases     ] GC(656)   Evacuate Collection Set: 13.8ms
[2023-11-18T01:11:35.712+0000][gc,phases     ] GC(656)   Post Evacuate Collection Set: 0.3ms
[2023-11-18T01:11:35.712+0000][gc,phases     ] GC(656)   Other: 0.3ms
[2023-11-18T01:11:35.712+0000][gc,heap       ] GC(656) Eden regions: 30->0(30)
[2023-11-18T01:11:35.712+0000][gc,heap       ] GC(656) Survivor regions: 3->5(5)
[2023-11-18T01:11:35.712+0000][gc,heap       ] GC(656) Old regions: 86->87
[2023-11-18T01:11:35.712+0000][gc,heap       ] GC(656) Humongous regions: 147->147
[2023-11-18T01:11:35.712+0000][gc,metaspace  ] GC(656) Metaspace: 44837K(47512K)->44837K(47512K) NonClass: 39570K(40960K)->39570K(40960K) Class: 5266K(6552K)->5266K(6552K)
[2023-11-18T01:11:35.712+0000][gc            ] GC(656) Pause Young (Normal) (G1 Evacuation Pause) 263M->237M(512M) 14.458ms
[2023-11-18T01:11:35.712+0000][gc,cpu        ] GC(656) User=0.03s Sys=0.00s Real=0.01s
[2023-11-18T01:13:32.419+0000][gc,start      ] GC(657) Pause Young (Normal) (G1 Evacuation Pause)
[2023-11-18T01:13:32.419+0000][gc,task       ] GC(657) Using 2 workers of 2 for evacuation
[2023-11-18T01:13:32.434+0000][gc,phases     ] GC(657)   Pre Evacuate Collection Set: 0.0ms
[2023-11-18T01:13:32.435+0000][gc,phases     ] GC(657)   Evacuate Collection Set: 14.5ms
[2023-11-18T01:13:32.435+0000][gc,phases     ] GC(657)   Post Evacuate Collection Set: 0.3ms
[2023-11-18T01:13:32.435+0000][gc,phases     ] GC(657)   Other: 0.2ms
[2023-11-18T01:13:32.435+0000][gc,heap       ] GC(657) Eden regions: 30->0(31)
[2023-11-18T01:13:32.435+0000][gc,heap       ] GC(657) Survivor regions: 5->4(5)
[2023-11-18T01:13:32.435+0000][gc,heap       ] GC(657) Old regions: 87->90
[2023-11-18T01:13:32.435+0000][gc,heap       ] GC(657) Humongous regions: 147->147
[2023-11-18T01:13:32.435+0000][gc,metaspace  ] GC(657) Metaspace: 44837K(47512K)->44837K(47512K) NonClass: 39570K(40960K)->39570K(40960K) Class: 5266K(6552K)->5266K(6552K)
[2023-11-18T01:13:32.435+0000][gc            ] GC(657) Pause Young (Normal) (G1 Evacuation Pause) 267M->238M(512M) 15.178ms
[2023-11-18T01:13:32.435+0000][gc,cpu        ] GC(657) User=0.03s Sys=0.00s Real=0.02s
[2023-11-18T01:15:33.635+0000][gc,start      ] GC(658) Pause Young (Normal) (G1 Evacuation Pause)
[2023-11-18T01:15:33.635+0000][gc,task       ] GC(658) Using 2 workers of 2 for evacuation
[2023-11-18T01:15:33.647+0000][gc,phases     ] GC(658)   Pre Evacuate Collection Set: 0.0ms
[2023-11-18T01:15:33.647+0000][gc,phases     ] GC(658)   Evacuate Collection Set: 11.0ms
[2023-11-18T01:15:33.647+0000][gc,phases     ] GC(658)   Post Evacuate Collection Set: 0.4ms
[2023-11-18T01:15:33.647+0000][gc,phases     ] GC(658)   Other: 0.4ms
[2023-11-18T01:15:33.647+0000][gc,heap       ] GC(658) Eden regions: 31->0(34)
[2023-11-18T01:15:33.647+0000][gc,heap       ] GC(658) Survivor regions: 4->3(5)
[2023-11-18T01:15:33.647+0000][gc,heap       ] GC(658) Old regions: 90->91
[2023-11-18T01:15:33.647+0000][gc,heap       ] GC(658) Humongous regions: 147->147
[2023-11-18T01:15:33.647+0000][gc,metaspace  ] GC(658) Metaspace: 44837K(47512K)->44837K(47512K) NonClass: 39570K(40960K)->39570K(40960K) Class: 5266K(6552K)->5266K(6552K)
[2023-11-18T01:15:33.647+0000][gc            ] GC(658) Pause Young (Normal) (G1 Evacuation Pause) 269M->238M(512M) 11.970ms
[2023-11-18T01:15:33.647+0000][gc,cpu        ] GC(658) User=0.03s Sys=0.00s Real=0.01s
[2023-11-18T01:17:38.668+0000][gc,start      ] GC(659) Pause Young (Normal) (G1 Evacuation Pause)
[2023-11-18T01:17:38.668+0000][gc,task       ] GC(659) Using 2 workers of 2 for evacuation
[2023-11-18T01:17:38.680+0000][gc,phases     ] GC(659)   Pre Evacuate Collection Set: 0.0ms
[2023-11-18T01:17:38.680+0000][gc,phases     ] GC(659)   Evacuate Collection Set: 11.2ms
[2023-11-18T01:17:38.680+0000][gc,phases     ] GC(659)   Post Evacuate Collection Set: 0.5ms
[2023-11-18T01:17:38.680+0000][gc,phases     ] GC(659)   Other: 0.3ms
[2023-11-18T01:17:38.680+0000][gc,heap       ] GC(659) Eden regions: 32->0(34)
[2023-11-18T01:17:38.680+0000][gc,heap       ] GC(659) Survivor regions: 3->3(5)
[2023-11-18T01:17:38.680+0000][gc,heap       ] GC(659) Old regions: 91->91
[2023-11-18T01:17:38.680+0000][gc,heap       ] GC(659) Humongous regions: 147->147
[2023-11-18T01:17:38.680+0000][gc,metaspace  ] GC(659) Metaspace: 44837K(47512K)->44837K(47512K) NonClass: 39570K(40960K)->39570K(40960K) Class: 5266K(6552K)->5266K(6552K)
[2023-11-18T01:17:38.680+0000][gc            ] GC(659) Pause Young (Normal) (G1 Evacuation Pause) 270M->239M(512M) 12.080ms
[2023-11-18T01:17:38.680+0000][gc,cpu        ] GC(659) User=0.02s Sys=0.00s Real=0.01s
[2023-11-18T01:19:43.467+0000][gc,start      ] GC(660) Pause Young (Normal) (G1 Evacuation Pause)
[2023-11-18T01:19:43.467+0000][gc,task       ] GC(660) Using 2 workers of 2 for evacuation
[2023-11-18T01:19:43.485+0000][gc,phases     ] GC(660)   Pre Evacuate Collection Set: 0.0ms
[2023-11-18T01:19:43.485+0000][gc,phases     ] GC(660)   Evacuate Collection Set: 17.1ms
[2023-11-18T01:19:43.485+0000][gc,phases     ] GC(660)   Post Evacuate Collection Set: 0.4ms
[2023-11-18T01:19:43.485+0000][gc,phases     ] GC(660)   Other: 0.2ms
[2023-11-18T01:19:43.485+0000][gc,heap       ] GC(660) Eden regions: 32->0(33)
[2023-11-18T01:19:43.485+0000][gc,heap       ] GC(660) Survivor regions: 3->5(5)
[2023-11-18T01:19:43.485+0000][gc,heap       ] GC(660) Old regions: 91->93
[2023-11-18T01:19:43.485+0000][gc,heap       ] GC(660) Humongous regions: 147->147
[2023-11-18T01:19:43.485+0000][gc,metaspace  ] GC(660) Metaspace: 44837K(47512K)->44837K(47512K) NonClass: 39570K(40960K)->39570K(40960K) Class: 5266K(6552K)->5266K(6552K)
[2023-11-18T01:19:43.485+0000][gc            ] GC(660) Pause Young (Normal) (G1 Evacuation Pause) 271M->242M(512M) 17.872ms
[2023-11-18T01:19:43.485+0000][gc,cpu        ] GC(660) User=0.03s Sys=0.00s Real=0.01s
[2023-11-18T01:21:53.283+0000][gc,start      ] GC(661) Pause Young (Normal) (G1 Evacuation Pause)
[2023-11-18T01:21:53.283+0000][gc,task       ] GC(661) Using 2 workers of 2 for evacuation
[2023-11-18T01:21:53.298+0000][gc,phases     ] GC(661)   Pre Evacuate Collection Set: 0.0ms
[2023-11-18T01:21:53.298+0000][gc,phases     ] GC(661)   Evacuate Collection Set: 14.7ms
[2023-11-18T01:21:53.298+0000][gc,phases     ] GC(661)   Post Evacuate Collection Set: 0.3ms
[2023-11-18T01:21:53.298+0000][gc,phases     ] GC(661)   Other: 0.2ms
[2023-11-18T01:21:53.298+0000][gc,heap       ] GC(661) Eden regions: 33->0(35)
[2023-11-18T01:21:53.298+0000][gc,heap       ] GC(661) Survivor regions: 5->4(5)
[2023-11-18T01:21:53.298+0000][gc,heap       ] GC(661) Old regions: 93->95
[2023-11-18T01:21:53.298+0000][gc,heap       ] GC(661) Humongous regions: 147->147
[2023-11-18T01:21:53.298+0000][gc,metaspace  ] GC(661) Metaspace: 44837K(47512K)->44837K(47512K) NonClass: 39570K(40960K)->39570K(40960K) Class: 5266K(6552K)->5266K(6552K)
[2023-11-18T01:21:53.298+0000][gc            ] GC(661) Pause Young (Normal) (G1 Evacuation Pause) 275M->243M(512M) 15.372ms
[2023-11-18T01:21:53.298+0000][gc,cpu        ] GC(661) User=0.03s Sys=0.00s Real=0.02s
[2023-11-18T01:24:09.506+0000][gc,start      ] GC(662) Pause Young (Normal) (G1 Evacuation Pause)
[2023-11-18T01:24:09.506+0000][gc,task       ] GC(662) Using 2 workers of 2 for evacuation
[2023-11-18T01:24:09.524+0000][gc,phases     ] GC(662)   Pre Evacuate Collection Set: 0.0ms
[2023-11-18T01:24:09.524+0000][gc,phases     ] GC(662)   Evacuate Collection Set: 18.0ms
[2023-11-18T01:24:09.524+0000][gc,phases     ] GC(662)   Post Evacuate Collection Set: 0.4ms
[2023-11-18T01:24:09.524+0000][gc,phases     ] GC(662)   Other: 0.2ms
[2023-11-18T01:24:09.524+0000][gc,heap       ] GC(662) Eden regions: 35->0(33)
[2023-11-18T01:24:09.524+0000][gc,heap       ] GC(662) Survivor regions: 4->3(5)
[2023-11-18T01:24:09.524+0000][gc,heap       ] GC(662) Old regions: 95->97
[2023-11-18T01:24:09.524+0000][gc,heap       ] GC(662) Humongous regions: 147->147
[2023-11-18T01:24:09.524+0000][gc,metaspace  ] GC(662) Metaspace: 44837K(47512K)->44837K(47512K) NonClass: 39570K(40960K)->39570K(40960K) Class: 5266K(6552K)->5266K(6552K)
[2023-11-18T01:24:09.524+0000][gc            ] GC(662) Pause Young (Normal) (G1 Evacuation Pause) 278M->244M(512M) 18.669ms
[2023-11-18T01:24:09.524+0000][gc,cpu        ] GC(662) User=0.03s Sys=0.00s Real=0.01s
[2023-11-18T01:26:18.970+0000][gc,start      ] GC(663) Pause Young (Normal) (G1 Evacuation Pause)
[2023-11-18T01:26:18.970+0000][gc,task       ] GC(663) Using 2 workers of 2 for evacuation
[2023-11-18T01:26:18.980+0000][gc,phases     ] GC(663)   Pre Evacuate Collection Set: 0.0ms
[2023-11-18T01:26:18.980+0000][gc,phases     ] GC(663)   Evacuate Collection Set: 10.0ms
[2023-11-18T01:26:18.980+0000][gc,phases     ] GC(663)   Post Evacuate Collection Set: 0.3ms
[2023-11-18T01:26:18.980+0000][gc,phases     ] GC(663)   Other: 0.2ms
[2023-11-18T01:26:18.980+0000][gc,heap       ] GC(663) Eden regions: 33->0(36)
[2023-11-18T01:26:18.980+0000][gc,heap       ] GC(663) Survivor regions: 3->2(5)
[2023-11-18T01:26:18.980+0000][gc,heap       ] GC(663) Old regions: 97->98
[2023-11-18T01:26:18.980+0000][gc,heap       ] GC(663) Humongous regions: 147->147
[2023-11-18T01:26:18.980+0000][gc,metaspace  ] GC(663) Metaspace: 44837K(47512K)->44837K(47512K) NonClass: 39571K(40960K)->39571K(40960K) Class: 5266K(6552K)->5266K(6552K)
[2023-11-18T01:26:18.980+0000][gc            ] GC(663) Pause Young (Normal) (G1 Evacuation Pause) 277M->245M(512M) 10.655ms
[2023-11-18T01:26:18.980+0000][gc,cpu        ] GC(663) User=0.02s Sys=0.00s Real=0.01s
[2023-11-18T01:28:31.456+0000][gc,start      ] GC(664) Pause Young (Normal) (G1 Evacuation Pause)
[2023-11-18T01:28:31.456+0000][gc,task       ] GC(664) Using 2 workers of 2 for evacuation
[2023-11-18T01:28:31.470+0000][gc,phases     ] GC(664)   Pre Evacuate Collection Set: 0.0ms
[2023-11-18T01:28:31.470+0000][gc,phases     ] GC(664)   Evacuate Collection Set: 13.9ms
[2023-11-18T01:28:31.470+0000][gc,phases     ] GC(664)   Post Evacuate Collection Set: 0.3ms
[2023-11-18T01:28:31.470+0000][gc,phases     ] GC(664)   Other: 0.2ms
[2023-11-18T01:28:31.470+0000][gc,heap       ] GC(664) Eden regions: 34->0(35)
[2023-11-18T01:28:31.470+0000][gc,heap       ] GC(664) Survivor regions: 2->5(5)
[2023-11-18T01:28:31.470+0000][gc,heap       ] GC(664) Old regions: 98->99
[2023-11-18T01:28:31.470+0000][gc,heap       ] GC(664) Humongous regions: 147->147
[2023-11-18T01:28:31.470+0000][gc,metaspace  ] GC(664) Metaspace: 44837K(47512K)->44837K(47512K) NonClass: 39571K(40960K)->39571K(40960K) Class: 5266K(6552K)->5266K(6552K)
[2023-11-18T01:28:31.470+0000][gc            ] GC(664) Pause Young (Normal) (G1 Evacuation Pause) 279M->249M(512M) 14.650ms
[2023-11-18T01:28:31.471+0000][gc,cpu        ] GC(664) User=0.03s Sys=0.00s Real=0.01s
[2023-11-18T01:30:48.727+0000][gc,start      ] GC(665) Pause Young (Normal) (G1 Evacuation Pause)
[2023-11-18T01:30:48.727+0000][gc,task       ] GC(665) Using 2 workers of 2 for evacuation
[2023-11-18T01:30:48.745+0000][gc,phases     ] GC(665)   Pre Evacuate Collection Set: 0.0ms
[2023-11-18T01:30:48.745+0000][gc,phases     ] GC(665)   Evacuate Collection Set: 17.5ms
[2023-11-18T01:30:48.745+0000][gc,phases     ] GC(665)   Post Evacuate Collection Set: 0.3ms
[2023-11-18T01:30:48.745+0000][gc,phases     ] GC(665)   Other: 0.2ms
[2023-11-18T01:30:48.745+0000][gc,heap       ] GC(665) Eden regions: 35->0(35)
[2023-11-18T01:30:48.745+0000][gc,heap       ] GC(665) Survivor regions: 5->4(5)
[2023-11-18T01:30:48.745+0000][gc,heap       ] GC(665) Old regions: 99->102
[2023-11-18T01:30:48.745+0000][gc,heap       ] GC(665) Humongous regions: 147->147
[2023-11-18T01:30:48.745+0000][gc,metaspace  ] GC(665) Metaspace: 44837K(47512K)->44837K(47512K) NonClass: 39571K(40960K)->39571K(40960K) Class: 5266K(6552K)->5266K(6552K)
[2023-11-18T01:30:48.745+0000][gc            ] GC(665) Pause Young (Normal) (G1 Evacuation Pause) 284M->250M(512M) 18.157ms
[2023-11-18T01:30:48.745+0000][gc,cpu        ] GC(665) User=0.03s Sys=0.00s Real=0.02s
[2023-11-18T01:33:05.791+0000][gc,start      ] GC(666) Pause Young (Normal) (G1 Evacuation Pause)
[2023-11-18T01:33:05.791+0000][gc,task       ] GC(666) Using 2 workers of 2 for evacuation
[2023-11-18T01:33:05.804+0000][gc,phases     ] GC(666)   Pre Evacuate Collection Set: 0.0ms
[2023-11-18T01:33:05.804+0000][gc,phases     ] GC(666)   Evacuate Collection Set: 12.8ms
[2023-11-18T01:33:05.804+0000][gc,phases     ] GC(666)   Post Evacuate Collection Set: 0.3ms
[2023-11-18T01:33:05.804+0000][gc,phases     ] GC(666)   Other: 0.2ms
[2023-11-18T01:33:05.804+0000][gc,heap       ] GC(666) Eden regions: 35->0(37)
[2023-11-18T01:33:05.804+0000][gc,heap       ] GC(666) Survivor regions: 4->4(5)
[2023-11-18T01:33:05.805+0000][gc,heap       ] GC(666) Old regions: 102->103
[2023-11-18T01:33:05.805+0000][gc,heap       ] GC(666) Humongous regions: 147->147
[2023-11-18T01:33:05.805+0000][gc,metaspace  ] GC(666) Metaspace: 44837K(47512K)->44837K(47512K) NonClass: 39571K(40960K)->39571K(40960K) Class: 5266K(6552K)->5266K(6552K)
[2023-11-18T01:33:05.805+0000][gc            ] GC(666) Pause Young (Normal) (G1 Evacuation Pause) 285M->252M(512M) 13.427ms
[2023-11-18T01:33:05.805+0000][gc,cpu        ] GC(666) User=0.03s Sys=0.00s Real=0.01s
[2023-11-18T01:35:26.220+0000][gc,start      ] GC(667) Pause Young (Normal) (G1 Evacuation Pause)
[2023-11-18T01:35:26.220+0000][gc,task       ] GC(667) Using 2 workers of 2 for evacuation
[2023-11-18T01:35:26.234+0000][gc,phases     ] GC(667)   Pre Evacuate Collection Set: 0.0ms
[2023-11-18T01:35:26.234+0000][gc,phases     ] GC(667)   Evacuate Collection Set: 13.6ms
[2023-11-18T01:35:26.234+0000][gc,phases     ] GC(667)   Post Evacuate Collection Set: 0.3ms
[2023-11-18T01:35:26.234+0000][gc,phases     ] GC(667)   Other: 0.3ms
[2023-11-18T01:35:26.234+0000][gc,heap       ] GC(667) Eden regions: 36->0(39)
[2023-11-18T01:35:26.234+0000][gc,heap       ] GC(667) Survivor regions: 4->3(5)
[2023-11-18T01:35:26.234+0000][gc,heap       ] GC(667) Old regions: 103->105
[2023-11-18T01:35:26.234+0000][gc,heap       ] GC(667) Humongous regions: 147->147
[2023-11-18T01:35:26.234+0000][gc,metaspace  ] GC(667) Metaspace: 44838K(47512K)->44838K(47512K) NonClass: 39572K(40960K)->39572K(40960K) Class: 5266K(6552K)->5266K(6552K)
[2023-11-18T01:35:26.234+0000][gc            ] GC(667) Pause Young (Normal) (G1 Evacuation Pause) 288M->253M(512M) 14.374ms
[2023-11-18T01:35:26.234+0000][gc,cpu        ] GC(667) User=0.03s Sys=0.00s Real=0.02s
[2023-11-18T01:37:52.363+0000][gc,start      ] GC(668) Pause Young (Normal) (G1 Evacuation Pause)
[2023-11-18T01:37:52.363+0000][gc,task       ] GC(668) Using 2 workers of 2 for evacuation
[2023-11-18T01:37:52.377+0000][gc,phases     ] GC(668)   Pre Evacuate Collection Set: 0.0ms
[2023-11-18T01:37:52.377+0000][gc,phases     ] GC(668)   Evacuate Collection Set: 13.5ms
[2023-11-18T01:37:52.377+0000][gc,phases     ] GC(668)   Post Evacuate Collection Set: 0.3ms
[2023-11-18T01:37:52.377+0000][gc,phases     ] GC(668)   Other: 0.3ms
[2023-11-18T01:37:52.377+0000][gc,heap       ] GC(668) Eden regions: 37->0(40)
[2023-11-18T01:37:52.377+0000][gc,heap       ] GC(668) Survivor regions: 3->3(5)
[2023-11-18T01:37:52.377+0000][gc,heap       ] GC(668) Old regions: 105->106
[2023-11-18T01:37:52.377+0000][gc,heap       ] GC(668) Humongous regions: 147->147
[2023-11-18T01:37:52.377+0000][gc,metaspace  ] GC(668) Metaspace: 44838K(47512K)->44838K(47512K) NonClass: 39572K(40960K)->39572K(40960K) Class: 5266K(6552K)->5266K(6552K)
[2023-11-18T01:37:52.377+0000][gc            ] GC(668) Pause Young (Normal) (G1 Evacuation Pause) 290M->254M(512M) 14.268ms
[2023-11-18T01:37:52.377+0000][gc,cpu        ] GC(668) User=0.02s Sys=0.00s Real=0.02s
[2023-11-18T01:40:29.146+0000][gc,start      ] GC(669) Pause Young (Normal) (G1 Evacuation Pause)
[2023-11-18T01:40:29.146+0000][gc,task       ] GC(669) Using 2 workers of 2 for evacuation
[2023-11-18T01:40:29.159+0000][gc,phases     ] GC(669)   Pre Evacuate Collection Set: 0.0ms
[2023-11-18T01:40:29.159+0000][gc,phases     ] GC(669)   Evacuate Collection Set: 12.8ms
[2023-11-18T01:40:29.159+0000][gc,phases     ] GC(669)   Post Evacuate Collection Set: 0.3ms
[2023-11-18T01:40:29.159+0000][gc,phases     ] GC(669)   Other: 0.3ms
[2023-11-18T01:40:29.159+0000][gc,heap       ] GC(669) Eden regions: 40->0(42)
[2023-11-18T01:40:29.159+0000][gc,heap       ] GC(669) Survivor regions: 3->4(6)
[2023-11-18T01:40:29.159+0000][gc,heap       ] GC(669) Old regions: 106->106
[2023-11-18T01:40:29.159+0000][gc,heap       ] GC(669) Humongous regions: 147->147
[2023-11-18T01:40:29.159+0000][gc,metaspace  ] GC(669) Metaspace: 44838K(47512K)->44838K(47512K) NonClass: 39572K(40960K)->39572K(40960K) Class: 5266K(6552K)->5266K(6552K)
[2023-11-18T01:40:29.159+0000][gc            ] GC(669) Pause Young (Normal) (G1 Evacuation Pause) 294M->255M(512M) 13.458ms
[2023-11-18T01:40:29.159+0000][gc,cpu        ] GC(669) User=0.03s Sys=0.00s Real=0.01s
[2023-11-18T01:43:14.543+0000][gc,start      ] GC(670) Pause Young (Normal) (G1 Evacuation Pause)
[2023-11-18T01:43:14.543+0000][gc,task       ] GC(670) Using 2 workers of 2 for evacuation
[2023-11-18T01:43:14.560+0000][gc,phases     ] GC(670)   Pre Evacuate Collection Set: 0.0ms
[2023-11-18T01:43:14.560+0000][gc,phases     ] GC(670)   Evacuate Collection Set: 16.4ms
[2023-11-18T01:43:14.560+0000][gc,phases     ] GC(670)   Post Evacuate Collection Set: 0.4ms
[2023-11-18T01:43:14.560+0000][gc,phases     ] GC(670)   Other: 0.2ms
[2023-11-18T01:43:14.560+0000][gc,heap       ] GC(670) Eden regions: 42->0(43)
[2023-11-18T01:43:14.560+0000][gc,heap       ] GC(670) Survivor regions: 4->5(6)
[2023-11-18T01:43:14.560+0000][gc,heap       ] GC(670) Old regions: 106->108
[2023-11-18T01:43:14.560+0000][gc,heap       ] GC(670) Humongous regions: 147->147
[2023-11-18T01:43:14.560+0000][gc,metaspace  ] GC(670) Metaspace: 44838K(47512K)->44838K(47512K) NonClass: 39572K(40960K)->39572K(40960K) Class: 5266K(6552K)->5266K(6552K)
[2023-11-18T01:43:14.560+0000][gc            ] GC(670) Pause Young (Normal) (G1 Evacuation Pause) 297M->257M(512M) 17.070ms
[2023-11-18T01:43:14.560+0000][gc,cpu        ] GC(670) User=0.03s Sys=0.00s Real=0.02s
[2023-11-18T01:46:05.709+0000][gc,start      ] GC(671) Pause Young (Normal) (G1 Evacuation Pause)
[2023-11-18T01:46:05.709+0000][gc,task       ] GC(671) Using 2 workers of 2 for evacuation
[2023-11-18T01:46:05.725+0000][gc,phases     ] GC(671)   Pre Evacuate Collection Set: 0.0ms
[2023-11-18T01:46:05.725+0000][gc,phases     ] GC(671)   Evacuate Collection Set: 15.3ms
[2023-11-18T01:46:05.725+0000][gc,phases     ] GC(671)   Post Evacuate Collection Set: 0.7ms
[2023-11-18T01:46:05.725+0000][gc,phases     ] GC(671)   Other: 0.2ms
[2023-11-18T01:46:05.725+0000][gc,heap       ] GC(671) Eden regions: 43->0(44)
[2023-11-18T01:46:05.725+0000][gc,heap       ] GC(671) Survivor regions: 5->5(6)
[2023-11-18T01:46:05.725+0000][gc,heap       ] GC(671) Old regions: 108->110
[2023-11-18T01:46:05.725+0000][gc,heap       ] GC(671) Humongous regions: 147->147
[2023-11-18T01:46:05.725+0000][gc,metaspace  ] GC(671) Metaspace: 44838K(47512K)->44838K(47512K) NonClass: 39572K(40960K)->39572K(40960K) Class: 5266K(6552K)->5266K(6552K)
[2023-11-18T01:46:05.725+0000][gc            ] GC(671) Pause Young (Normal) (G1 Evacuation Pause) 300M->259M(512M) 16.384ms
[2023-11-18T01:46:05.725+0000][gc,cpu        ] GC(671) User=0.03s Sys=0.00s Real=0.02s
[2023-11-18T01:48:58.838+0000][gc,start      ] GC(672) Pause Young (Normal) (G1 Evacuation Pause)
[2023-11-18T01:48:58.838+0000][gc,task       ] GC(672) Using 2 workers of 2 for evacuation
[2023-11-18T01:48:58.856+0000][gc,phases     ] GC(672)   Pre Evacuate Collection Set: 0.0ms
[2023-11-18T01:48:58.856+0000][gc,phases     ] GC(672)   Evacuate Collection Set: 17.6ms
[2023-11-18T01:48:58.856+0000][gc,phases     ] GC(672)   Post Evacuate Collection Set: 0.7ms
[2023-11-18T01:48:58.856+0000][gc,phases     ] GC(672)   Other: 0.2ms
[2023-11-18T01:48:58.856+0000][gc,heap       ] GC(672) Eden regions: 44->0(43)
[2023-11-18T01:48:58.856+0000][gc,heap       ] GC(672) Survivor regions: 5->5(7)
[2023-11-18T01:48:58.856+0000][gc,heap       ] GC(672) Old regions: 110->112
[2023-11-18T01:48:58.856+0000][gc,heap       ] GC(672) Humongous regions: 147->147
[2023-11-18T01:48:58.856+0000][gc,metaspace  ] GC(672) Metaspace: 44838K(47512K)->44838K(47512K) NonClass: 39572K(40960K)->39572K(40960K) Class: 5266K(6552K)->5266K(6552K)
[2023-11-18T01:48:58.856+0000][gc            ] GC(672) Pause Young (Normal) (G1 Evacuation Pause) 303M->261M(512M) 18.610ms
[2023-11-18T01:48:58.856+0000][gc,cpu        ] GC(672) User=0.04s Sys=0.00s Real=0.02s
[2023-11-18T01:51:49.200+0000][gc,start      ] GC(673) Pause Young (Normal) (G1 Evacuation Pause)
[2023-11-18T01:51:49.200+0000][gc,task       ] GC(673) Using 2 workers of 2 for evacuation
[2023-11-18T01:51:49.217+0000][gc,phases     ] GC(673)   Pre Evacuate Collection Set: 0.0ms
[2023-11-18T01:51:49.218+0000][gc,phases     ] GC(673)   Evacuate Collection Set: 16.8ms
[2023-11-18T01:51:49.218+0000][gc,phases     ] GC(673)   Post Evacuate Collection Set: 0.3ms
[2023-11-18T01:51:49.218+0000][gc,phases     ] GC(673)   Other: 0.4ms
[2023-11-18T01:51:49.218+0000][gc,heap       ] GC(673) Eden regions: 43->0(44)
[2023-11-18T01:51:49.218+0000][gc,heap       ] GC(673) Survivor regions: 5->5(6)
[2023-11-18T01:51:49.218+0000][gc,heap       ] GC(673) Old regions: 112->114
[2023-11-18T01:51:49.218+0000][gc,heap       ] GC(673) Humongous regions: 147->147
[2023-11-18T01:51:49.218+0000][gc,metaspace  ] GC(673) Metaspace: 44838K(47512K)->44838K(47512K) NonClass: 39572K(40960K)->39572K(40960K) Class: 5266K(6552K)->5266K(6552K)
[2023-11-18T01:51:49.218+0000][gc            ] GC(673) Pause Young (Normal) (G1 Evacuation Pause) 304M->263M(512M) 17.749ms
[2023-11-18T01:51:49.218+0000][gc,cpu        ] GC(673) User=0.04s Sys=0.00s Real=0.02s
[2023-11-18T01:54:42.285+0000][gc,start      ] GC(674) Pause Young (Normal) (G1 Evacuation Pause)
[2023-11-18T01:54:42.286+0000][gc,task       ] GC(674) Using 2 workers of 2 for evacuation
[2023-11-18T01:54:42.304+0000][gc,phases     ] GC(674)   Pre Evacuate Collection Set: 0.0ms
[2023-11-18T01:54:42.304+0000][gc,phases     ] GC(674)   Evacuate Collection Set: 17.8ms
[2023-11-18T01:54:42.304+0000][gc,phases     ] GC(674)   Post Evacuate Collection Set: 0.3ms
[2023-11-18T01:54:42.304+0000][gc,phases     ] GC(674)   Other: 0.2ms
[2023-11-18T01:54:42.304+0000][gc,heap       ] GC(674) Eden regions: 44->0(44)
[2023-11-18T01:54:42.304+0000][gc,heap       ] GC(674) Survivor regions: 5->5(7)
[2023-11-18T01:54:42.304+0000][gc,heap       ] GC(674) Old regions: 114->115
[2023-11-18T01:54:42.304+0000][gc,heap       ] GC(674) Humongous regions: 147->147
[2023-11-18T01:54:42.304+0000][gc,metaspace  ] GC(674) Metaspace: 44838K(47512K)->44838K(47512K) NonClass: 39572K(40960K)->39572K(40960K) Class: 5266K(6552K)->5266K(6552K)
[2023-11-18T01:54:42.304+0000][gc            ] GC(674) Pause Young (Normal) (G1 Evacuation Pause) 307M->265M(512M) 18.408ms
[2023-11-18T01:54:42.304+0000][gc,cpu        ] GC(674) User=0.04s Sys=0.00s Real=0.01s
[2023-11-18T01:57:23.972+0000][gc,start      ] GC(675) Pause Young (Normal) (G1 Evacuation Pause)
[2023-11-18T01:57:23.973+0000][gc,task       ] GC(675) Using 2 workers of 2 for evacuation
[2023-11-18T01:57:23.994+0000][gc,mmu        ] GC(675) MMU target violated: 21.0ms (20.0ms/21.0ms)
[2023-11-18T01:57:23.994+0000][gc,phases     ] GC(675)   Pre Evacuate Collection Set: 0.0ms
[2023-11-18T01:57:23.994+0000][gc,phases     ] GC(675)   Evacuate Collection Set: 18.9ms
[2023-11-18T01:57:23.994+0000][gc,phases     ] GC(675)   Post Evacuate Collection Set: 2.8ms
[2023-11-18T01:57:23.994+0000][gc,phases     ] GC(675)   Other: 0.3ms
[2023-11-18T01:57:23.994+0000][gc,heap       ] GC(675) Eden regions: 41->0(41)
[2023-11-18T01:57:23.994+0000][gc,heap       ] GC(675) Survivor regions: 5->5(6)
[2023-11-18T01:57:23.994+0000][gc,heap       ] GC(675) Old regions: 115->117
[2023-11-18T01:57:23.994+0000][gc,heap       ] GC(675) Humongous regions: 147->147
[2023-11-18T01:57:23.994+0000][gc,metaspace  ] GC(675) Metaspace: 44838K(47512K)->44838K(47512K) NonClass: 39572K(40960K)->39572K(40960K) Class: 5266K(6552K)->5266K(6552K)
[2023-11-18T01:57:23.994+0000][gc            ] GC(675) Pause Young (Normal) (G1 Evacuation Pause) 306M->267M(512M) 22.022ms
[2023-11-18T01:57:23.995+0000][gc,cpu        ] GC(675) User=0.04s Sys=0.00s Real=0.03s
[2023-11-18T02:00:05.792+0000][gc,start      ] GC(676) Pause Young (Normal) (G1 Evacuation Pause)
[2023-11-18T02:00:05.792+0000][gc,task       ] GC(676) Using 2 workers of 2 for evacuation
[2023-11-18T02:00:05.824+0000][gc,mmu        ] GC(676) MMU target violated: 21.0ms (20.0ms/21.0ms)
[2023-11-18T02:00:05.824+0000][gc,phases     ] GC(676)   Pre Evacuate Collection Set: 0.0ms
[2023-11-18T02:00:05.824+0000][gc,phases     ] GC(676)   Evacuate Collection Set: 27.7ms
[2023-11-18T02:00:05.824+0000][gc,phases     ] GC(676)   Post Evacuate Collection Set: 4.0ms
[2023-11-18T02:00:05.824+0000][gc,phases     ] GC(676)   Other: 0.6ms
[2023-11-18T02:00:05.824+0000][gc,heap       ] GC(676) Eden regions: 41->0(20)
[2023-11-18T02:00:05.824+0000][gc,heap       ] GC(676) Survivor regions: 5->5(6)
[2023-11-18T02:00:05.824+0000][gc,heap       ] GC(676) Old regions: 117->119
[2023-11-18T02:00:05.824+0000][gc,heap       ] GC(676) Humongous regions: 147->147
[2023-11-18T02:00:05.824+0000][gc,metaspace  ] GC(676) Metaspace: 44838K(47512K)->44838K(47512K) NonClass: 39572K(40960K)->39572K(40960K) Class: 5266K(6552K)->5266K(6552K)
[2023-11-18T02:00:05.824+0000][gc            ] GC(676) Pause Young (Normal) (G1 Evacuation Pause) 308M->269M(512M) 32.211ms
[2023-11-18T02:00:05.824+0000][gc,cpu        ] GC(676) User=0.05s Sys=0.01s Real=0.03s
[2023-11-18T02:01:23.347+0000][gc,start      ] GC(677) Pause Young (Normal) (G1 Evacuation Pause)
[2023-11-18T02:01:23.347+0000][gc,task       ] GC(677) Using 2 workers of 2 for evacuation
[2023-11-18T02:01:23.364+0000][gc,phases     ] GC(677)   Pre Evacuate Collection Set: 0.0ms
[2023-11-18T02:01:23.364+0000][gc,phases     ] GC(677)   Evacuate Collection Set: 16.4ms
[2023-11-18T02:01:23.364+0000][gc,phases     ] GC(677)   Post Evacuate Collection Set: 0.3ms
[2023-11-18T02:01:23.365+0000][gc,phases     ] GC(677)   Other: 0.4ms
[2023-11-18T02:01:23.365+0000][gc,heap       ] GC(677) Eden regions: 20->0(24)
[2023-11-18T02:01:23.365+0000][gc,heap       ] GC(677) Survivor regions: 5->3(4)
[2023-11-18T02:01:23.365+0000][gc,heap       ] GC(677) Old regions: 119->124
[2023-11-18T02:01:23.365+0000][gc,heap       ] GC(677) Humongous regions: 147->147
[2023-11-18T02:01:23.365+0000][gc,metaspace  ] GC(677) Metaspace: 44838K(47512K)->44838K(47512K) NonClass: 39572K(40960K)->39572K(40960K) Class: 5266K(6552K)->5266K(6552K)
[2023-11-18T02:01:23.365+0000][gc            ] GC(677) Pause Young (Normal) (G1 Evacuation Pause) 289M->271M(512M) 17.178ms
[2023-11-18T02:01:23.365+0000][gc,cpu        ] GC(677) User=0.04s Sys=0.00s Real=0.01s
[2023-11-18T02:02:56.220+0000][gc,start      ] GC(678) Pause Young (Normal) (G1 Evacuation Pause)
[2023-11-18T02:02:56.220+0000][gc,task       ] GC(678) Using 2 workers of 2 for evacuation
[2023-11-18T02:02:56.232+0000][gc,phases     ] GC(678)   Pre Evacuate Collection Set: 0.0ms
[2023-11-18T02:02:56.232+0000][gc,phases     ] GC(678)   Evacuate Collection Set: 11.9ms
[2023-11-18T02:02:56.232+0000][gc,phases     ] GC(678)   Post Evacuate Collection Set: 0.4ms
[2023-11-18T02:02:56.232+0000][gc,phases     ] GC(678)   Other: 0.2ms
[2023-11-18T02:02:56.232+0000][gc,heap       ] GC(678) Eden regions: 24->0(33)
[2023-11-18T02:02:56.232+0000][gc,heap       ] GC(678) Survivor regions: 3->2(4)
[2023-11-18T02:02:56.232+0000][gc,heap       ] GC(678) Old regions: 124->125
[2023-11-18T02:02:56.232+0000][gc,heap       ] GC(678) Humongous regions: 147->147
[2023-11-18T02:02:56.232+0000][gc,metaspace  ] GC(678) Metaspace: 44838K(47512K)->44838K(47512K) NonClass: 39572K(40960K)->39572K(40960K) Class: 5266K(6552K)->5266K(6552K)
[2023-11-18T02:02:56.232+0000][gc            ] GC(678) Pause Young (Normal) (G1 Evacuation Pause) 295M->272M(512M) 12.564ms
[2023-11-18T02:02:56.232+0000][gc,cpu        ] GC(678) User=0.02s Sys=0.00s Real=0.01s
[2023-11-18T02:04:41.595+0000][gc,start      ] GC(679) Pause Young (Normal) (G1 Evacuation Pause)
[2023-11-18T02:04:41.595+0000][gc,task       ] GC(679) Using 2 workers of 2 for evacuation
[2023-11-18T02:04:41.609+0000][gc,phases     ] GC(679)   Pre Evacuate Collection Set: 0.0ms
[2023-11-18T02:04:41.609+0000][gc,phases     ] GC(679)   Evacuate Collection Set: 12.8ms
[2023-11-18T02:04:41.609+0000][gc,phases     ] GC(679)   Post Evacuate Collection Set: 0.4ms
[2023-11-18T02:04:41.609+0000][gc,phases     ] GC(679)   Other: 0.3ms
[2023-11-18T02:04:41.609+0000][gc,heap       ] GC(679) Eden regions: 27->0(27)
[2023-11-18T02:04:41.609+0000][gc,heap       ] GC(679) Survivor regions: 2->4(4)
[2023-11-18T02:04:41.609+0000][gc,heap       ] GC(679) Old regions: 125->126
[2023-11-18T02:04:41.609+0000][gc,heap       ] GC(679) Humongous regions: 147->147
[2023-11-18T02:04:41.609+0000][gc,metaspace  ] GC(679) Metaspace: 44838K(47512K)->44838K(47512K) NonClass: 39572K(40960K)->39572K(40960K) Class: 5266K(6552K)->5266K(6552K)
[2023-11-18T02:04:41.609+0000][gc            ] GC(679) Pause Young (Normal) (G1 Evacuation Pause) 299M->275M(512M) 13.588ms
[2023-11-18T02:04:41.609+0000][gc,cpu        ] GC(679) User=0.03s Sys=0.00s Real=0.01s
[2023-11-18T02:06:26.289+0000][gc,start      ] GC(680) Pause Young (Normal) (G1 Evacuation Pause)
[2023-11-18T02:06:26.289+0000][gc,task       ] GC(680) Using 2 workers of 2 for evacuation
[2023-11-18T02:06:26.302+0000][gc,phases     ] GC(680)   Pre Evacuate Collection Set: 0.0ms
[2023-11-18T02:06:26.302+0000][gc,phases     ] GC(680)   Evacuate Collection Set: 12.0ms
[2023-11-18T02:06:26.302+0000][gc,phases     ] GC(680)   Post Evacuate Collection Set: 0.3ms
[2023-11-18T02:06:26.302+0000][gc,phases     ] GC(680)   Other: 0.3ms
[2023-11-18T02:06:26.302+0000][gc,heap       ] GC(680) Eden regions: 27->0(29)
[2023-11-18T02:06:26.302+0000][gc,heap       ] GC(680) Survivor regions: 4->3(4)
[2023-11-18T02:06:26.302+0000][gc,heap       ] GC(680) Old regions: 126->128
[2023-11-18T02:06:26.302+0000][gc,heap       ] GC(680) Humongous regions: 147->147
[2023-11-18T02:06:26.302+0000][gc,metaspace  ] GC(680) Metaspace: 44838K(47512K)->44838K(47512K) NonClass: 39572K(40960K)->39572K(40960K) Class: 5266K(6552K)->5266K(6552K)
[2023-11-18T02:06:26.302+0000][gc            ] GC(680) Pause Young (Normal) (G1 Evacuation Pause) 302M->276M(512M) 12.698ms
[2023-11-18T02:06:26.302+0000][gc,cpu        ] GC(680) User=0.03s Sys=0.00s Real=0.01s
[2023-11-18T02:07:53.451+0000][gc,start      ] GC(681) Pause Young (Normal) (G1 Evacuation Pause)
[2023-11-18T02:07:53.451+0000][gc,task       ] GC(681) Using 2 workers of 2 for evacuation
[2023-11-18T02:07:53.468+0000][gc,phases     ] GC(681)   Pre Evacuate Collection Set: 0.0ms
[2023-11-18T02:07:53.468+0000][gc,phases     ] GC(681)   Evacuate Collection Set: 15.7ms
[2023-11-18T02:07:53.468+0000][gc,phases     ] GC(681)   Post Evacuate Collection Set: 0.4ms
[2023-11-18T02:07:53.468+0000][gc,phases     ] GC(681)   Other: 0.3ms
[2023-11-18T02:07:53.468+0000][gc,heap       ] GC(681) Eden regions: 26->0(28)
[2023-11-18T02:07:53.468+0000][gc,heap       ] GC(681) Survivor regions: 3->4(4)
[2023-11-18T02:07:53.468+0000][gc,heap       ] GC(681) Old regions: 128->129
[2023-11-18T02:07:53.468+0000][gc,heap       ] GC(681) Humongous regions: 147->147
[2023-11-18T02:07:53.468+0000][gc,metaspace  ] GC(681) Metaspace: 44838K(47512K)->44838K(47512K) NonClass: 39572K(40960K)->39572K(40960K) Class: 5266K(6552K)->5266K(6552K)
[2023-11-18T02:07:53.468+0000][gc            ] GC(681) Pause Young (Normal) (G1 Evacuation Pause) 302M->278M(512M) 16.557ms
[2023-11-18T02:07:53.468+0000][gc,cpu        ] GC(681) User=0.03s Sys=0.00s Real=0.02s
[2023-11-18T02:09:07.537+0000][gc,start      ] GC(682) Pause Young (Normal) (G1 Evacuation Pause)
[2023-11-18T02:09:07.537+0000][gc,task       ] GC(682) Using 2 workers of 2 for evacuation
[2023-11-18T02:09:07.563+0000][gc,mmu        ] GC(682) MMU target violated: 21.0ms (20.0ms/21.0ms)
[2023-11-18T02:09:07.563+0000][gc,phases     ] GC(682)   Pre Evacuate Collection Set: 0.0ms
[2023-11-18T02:09:07.563+0000][gc,phases     ] GC(682)   Evacuate Collection Set: 23.9ms
[2023-11-18T02:09:07.563+0000][gc,phases     ] GC(682)   Post Evacuate Collection Set: 2.1ms
[2023-11-18T02:09:07.563+0000][gc,phases     ] GC(682)   Other: 0.3ms
[2023-11-18T02:09:07.563+0000][gc,heap       ] GC(682) Eden regions: 21->0(21)
[2023-11-18T02:09:07.563+0000][gc,heap       ] GC(682) Survivor regions: 4->4(4)
[2023-11-18T02:09:07.563+0000][gc,heap       ] GC(682) Old regions: 129->132
[2023-11-18T02:09:07.563+0000][gc,heap       ] GC(682) Humongous regions: 147->147
[2023-11-18T02:09:07.563+0000][gc,metaspace  ] GC(682) Metaspace: 44838K(47512K)->44838K(47512K) NonClass: 39572K(40960K)->39572K(40960K) Class: 5266K(6552K)->5266K(6552K)
[2023-11-18T02:09:07.563+0000][gc            ] GC(682) Pause Young (Normal) (G1 Evacuation Pause) 299M->281M(512M) 26.282ms
[2023-11-18T02:09:07.563+0000][gc,cpu        ] GC(682) User=0.05s Sys=0.00s Real=0.02s
[2023-11-18T02:10:28.229+0000][gc,start      ] GC(683) Pause Young (Normal) (G1 Evacuation Pause)
[2023-11-18T02:10:28.229+0000][gc,task       ] GC(683) Using 2 workers of 2 for evacuation
[2023-11-18T02:10:28.243+0000][gc,phases     ] GC(683)   Pre Evacuate Collection Set: 0.0ms
[2023-11-18T02:10:28.243+0000][gc,phases     ] GC(683)   Evacuate Collection Set: 13.7ms
[2023-11-18T02:10:28.243+0000][gc,phases     ] GC(683)   Post Evacuate Collection Set: 0.3ms
[2023-11-18T02:10:28.243+0000][gc,phases     ] GC(683)   Other: 0.4ms
[2023-11-18T02:10:28.243+0000][gc,heap       ] GC(683) Eden regions: 21->0(23)
[2023-11-18T02:10:28.243+0000][gc,heap       ] GC(683) Survivor regions: 4->3(4)
[2023-11-18T02:10:28.243+0000][gc,heap       ] GC(683) Old regions: 132->136
[2023-11-18T02:10:28.243+0000][gc,heap       ] GC(683) Humongous regions: 147->147
[2023-11-18T02:10:28.243+0000][gc,metaspace  ] GC(683) Metaspace: 44838K(47512K)->44838K(47512K) NonClass: 39572K(40960K)->39572K(40960K) Class: 5266K(6552K)->5266K(6552K)
[2023-11-18T02:10:28.243+0000][gc            ] GC(683) Pause Young (Normal) (G1 Evacuation Pause) 302M->283M(512M) 14.336ms
[2023-11-18T02:10:28.243+0000][gc,cpu        ] GC(683) User=0.03s Sys=0.00s Real=0.01s
[2023-11-18T02:11:57.886+0000][gc,start      ] GC(684) Pause Young (Normal) (G1 Evacuation Pause)
[2023-11-18T02:11:57.886+0000][gc,task       ] GC(684) Using 2 workers of 2 for evacuation
[2023-11-18T02:11:57.899+0000][gc,phases     ] GC(684)   Pre Evacuate Collection Set: 0.0ms
[2023-11-18T02:11:57.899+0000][gc,phases     ] GC(684)   Evacuate Collection Set: 12.8ms
[2023-11-18T02:11:57.899+0000][gc,phases     ] GC(684)   Post Evacuate Collection Set: 0.3ms
[2023-11-18T02:11:57.899+0000][gc,phases     ] GC(684)   Other: 0.2ms
[2023-11-18T02:11:57.899+0000][gc,heap       ] GC(684) Eden regions: 23->0(26)
[2023-11-18T02:11:57.899+0000][gc,heap       ] GC(684) Survivor regions: 3->3(4)
[2023-11-18T02:11:57.899+0000][gc,heap       ] GC(684) Old regions: 136->137
[2023-11-18T02:11:57.899+0000][gc,heap       ] GC(684) Humongous regions: 147->147
[2023-11-18T02:11:57.899+0000][gc,metaspace  ] GC(684) Metaspace: 44838K(47512K)->44838K(47512K) NonClass: 39572K(40960K)->39572K(40960K) Class: 5266K(6552K)->5266K(6552K)
[2023-11-18T02:11:57.899+0000][gc            ] GC(684) Pause Young (Normal) (G1 Evacuation Pause) 306M->285M(512M) 13.436ms
[2023-11-18T02:11:57.899+0000][gc,cpu        ] GC(684) User=0.02s Sys=0.00s Real=0.01s
[2023-11-18T02:13:38.923+0000][gc,start      ] GC(685) Pause Young (Normal) (G1 Evacuation Pause)
[2023-11-18T02:13:38.923+0000][gc,task       ] GC(685) Using 2 workers of 2 for evacuation
[2023-11-18T02:13:38.944+0000][gc,mmu        ] GC(685) MMU target violated: 21.0ms (20.0ms/21.0ms)
[2023-11-18T02:13:38.945+0000][gc,phases     ] GC(685)   Pre Evacuate Collection Set: 0.0ms
[2023-11-18T02:13:38.945+0000][gc,phases     ] GC(685)   Evacuate Collection Set: 17.6ms
[2023-11-18T02:13:38.945+0000][gc,phases     ] GC(685)   Post Evacuate Collection Set: 3.0ms
[2023-11-18T02:13:38.945+0000][gc,phases     ] GC(685)   Other: 0.7ms
[2023-11-18T02:13:38.945+0000][gc,heap       ] GC(685) Eden regions: 26->0(23)
[2023-11-18T02:13:38.945+0000][gc,heap       ] GC(685) Survivor regions: 3->2(4)
[2023-11-18T02:13:38.945+0000][gc,heap       ] GC(685) Old regions: 137->138
[2023-11-18T02:13:38.945+0000][gc,heap       ] GC(685) Humongous regions: 147->147
[2023-11-18T02:13:38.945+0000][gc,metaspace  ] GC(685) Metaspace: 44838K(47512K)->44838K(47512K) NonClass: 39572K(40960K)->39572K(40960K) Class: 5266K(6552K)->5266K(6552K)
[2023-11-18T02:13:38.945+0000][gc            ] GC(685) Pause Young (Normal) (G1 Evacuation Pause) 311M->285M(512M) 21.409ms
[2023-11-18T02:13:38.945+0000][gc,cpu        ] GC(685) User=0.04s Sys=0.01s Real=0.02s
[2023-11-18T02:15:08.783+0000][gc,start      ] GC(686) Pause Young (Normal) (G1 Evacuation Pause)
[2023-11-18T02:15:08.783+0000][gc,task       ] GC(686) Using 2 workers of 2 for evacuation
[2023-11-18T02:15:08.798+0000][gc,phases     ] GC(686)   Pre Evacuate Collection Set: 0.0ms
[2023-11-18T02:15:08.798+0000][gc,phases     ] GC(686)   Evacuate Collection Set: 14.4ms
[2023-11-18T02:15:08.798+0000][gc,phases     ] GC(686)   Post Evacuate Collection Set: 0.3ms
[2023-11-18T02:15:08.798+0000][gc,phases     ] GC(686)   Other: 0.2ms
[2023-11-18T02:15:08.798+0000][gc,heap       ] GC(686) Eden regions: 23->0(22)
[2023-11-18T02:15:08.798+0000][gc,heap       ] GC(686) Survivor regions: 2->4(4)
[2023-11-18T02:15:08.798+0000][gc,heap       ] GC(686) Old regions: 138->138
[2023-11-18T02:15:08.798+0000][gc,heap       ] GC(686) Humongous regions: 147->147
[2023-11-18T02:15:08.798+0000][gc,metaspace  ] GC(686) Metaspace: 44838K(47512K)->44838K(47512K) NonClass: 39572K(40960K)->39572K(40960K) Class: 5266K(6552K)->5266K(6552K)
[2023-11-18T02:15:08.798+0000][gc            ] GC(686) Pause Young (Normal) (G1 Evacuation Pause) 308M->287M(512M) 15.067ms
[2023-11-18T02:15:08.798+0000][gc,cpu        ] GC(686) User=0.03s Sys=0.00s Real=0.02s
[2023-11-18T02:16:33.857+0000][gc,start      ] GC(687) Pause Young (Normal) (G1 Evacuation Pause)
[2023-11-18T02:16:33.857+0000][gc,task       ] GC(687) Using 2 workers of 2 for evacuation
[2023-11-18T02:16:33.872+0000][gc,phases     ] GC(687)   Pre Evacuate Collection Set: 0.0ms
[2023-11-18T02:16:33.872+0000][gc,phases     ] GC(687)   Evacuate Collection Set: 14.9ms
[2023-11-18T02:16:33.872+0000][gc,phases     ] GC(687)   Post Evacuate Collection Set: 0.5ms
[2023-11-18T02:16:33.872+0000][gc,phases     ] GC(687)   Other: 0.2ms
[2023-11-18T02:16:33.872+0000][gc,heap       ] GC(687) Eden regions: 22->0(24)
[2023-11-18T02:16:33.872+0000][gc,heap       ] GC(687) Survivor regions: 4->2(4)
[2023-11-18T02:16:33.872+0000][gc,heap       ] GC(687) Old regions: 138->141
[2023-11-18T02:16:33.872+0000][gc,heap       ] GC(687) Humongous regions: 147->147
[2023-11-18T02:16:33.872+0000][gc,metaspace  ] GC(687) Metaspace: 44838K(47512K)->44838K(47512K) NonClass: 39572K(40960K)->39572K(40960K) Class: 5266K(6552K)->5266K(6552K)
[2023-11-18T02:16:33.872+0000][gc            ] GC(687) Pause Young (Normal) (G1 Evacuation Pause) 309M->287M(512M) 15.724ms
[2023-11-18T02:16:33.873+0000][gc,cpu        ] GC(687) User=0.03s Sys=0.00s Real=0.01s
[2023-11-18T02:18:03.030+0000][gc,start      ] GC(688) Pause Young (Normal) (G1 Evacuation Pause)
[2023-11-18T02:18:03.030+0000][gc,task       ] GC(688) Using 2 workers of 2 for evacuation
[2023-11-18T02:18:03.054+0000][gc,mmu        ] GC(688) MMU target violated: 21.0ms (20.0ms/21.0ms)
[2023-11-18T02:18:03.054+0000][gc,phases     ] GC(688)   Pre Evacuate Collection Set: 0.0ms
[2023-11-18T02:18:03.054+0000][gc,phases     ] GC(688)   Evacuate Collection Set: 24.0ms
[2023-11-18T02:18:03.054+0000][gc,phases     ] GC(688)   Post Evacuate Collection Set: 0.3ms
[2023-11-18T02:18:03.054+0000][gc,phases     ] GC(688)   Other: 0.3ms
[2023-11-18T02:18:03.054+0000][gc,heap       ] GC(688) Eden regions: 23->0(21)
[2023-11-18T02:18:03.054+0000][gc,heap       ] GC(688) Survivor regions: 2->4(4)
[2023-11-18T02:18:03.054+0000][gc,heap       ] GC(688) Old regions: 141->141
[2023-11-18T02:18:03.054+0000][gc,heap       ] GC(688) Humongous regions: 147->147
[2023-11-18T02:18:03.054+0000][gc,metaspace  ] GC(688) Metaspace: 44838K(47512K)->44838K(47512K) NonClass: 39572K(40960K)->39572K(40960K) Class: 5266K(6552K)->5266K(6552K)
[2023-11-18T02:18:03.054+0000][gc            ] GC(688) Pause Young (Normal) (G1 Evacuation Pause) 310M->289M(512M) 24.643ms
[2023-11-18T02:18:03.054+0000][gc,cpu        ] GC(688) User=0.04s Sys=0.01s Real=0.03s
[2023-11-18T02:19:23.809+0000][gc,start      ] GC(689) Pause Young (Normal) (G1 Evacuation Pause)
[2023-11-18T02:19:23.809+0000][gc,task       ] GC(689) Using 2 workers of 2 for evacuation
[2023-11-18T02:19:23.821+0000][gc,phases     ] GC(689)   Pre Evacuate Collection Set: 0.0ms
[2023-11-18T02:19:23.821+0000][gc,phases     ] GC(689)   Evacuate Collection Set: 11.1ms
[2023-11-18T02:19:23.821+0000][gc,phases     ] GC(689)   Post Evacuate Collection Set: 0.4ms
[2023-11-18T02:19:23.821+0000][gc,phases     ] GC(689)   Other: 0.2ms
[2023-11-18T02:19:23.821+0000][gc,heap       ] GC(689) Eden regions: 21->0(23)
[2023-11-18T02:19:23.821+0000][gc,heap       ] GC(689) Survivor regions: 4->2(4)
[2023-11-18T02:19:23.821+0000][gc,heap       ] GC(689) Old regions: 141->143
[2023-11-18T02:19:23.821+0000][gc,heap       ] GC(689) Humongous regions: 147->147
[2023-11-18T02:19:23.821+0000][gc,metaspace  ] GC(689) Metaspace: 44839K(47512K)->44839K(47512K) NonClass: 39572K(40960K)->39572K(40960K) Class: 5266K(6552K)->5266K(6552K)
[2023-11-18T02:19:23.821+0000][gc            ] GC(689) Pause Young (Normal) (G1 Evacuation Pause) 310M->289M(512M) 11.825ms
[2023-11-18T02:19:23.821+0000][gc,cpu        ] GC(689) User=0.02s Sys=0.00s Real=0.01s
[2023-11-18T02:20:53.588+0000][gc,start      ] GC(690) Pause Young (Normal) (G1 Evacuation Pause)
[2023-11-18T02:20:53.588+0000][gc,task       ] GC(690) Using 2 workers of 2 for evacuation
[2023-11-18T02:20:53.602+0000][gc,phases     ] GC(690)   Pre Evacuate Collection Set: 0.0ms
[2023-11-18T02:20:53.602+0000][gc,phases     ] GC(690)   Evacuate Collection Set: 13.2ms
[2023-11-18T02:20:53.602+0000][gc,phases     ] GC(690)   Post Evacuate Collection Set: 0.3ms
[2023-11-18T02:20:53.602+0000][gc,phases     ] GC(690)   Other: 0.2ms
[2023-11-18T02:20:53.602+0000][gc,heap       ] GC(690) Eden regions: 23->0(22)
[2023-11-18T02:20:53.602+0000][gc,heap       ] GC(690) Survivor regions: 2->4(4)
[2023-11-18T02:20:53.602+0000][gc,heap       ] GC(690) Old regions: 143->143
[2023-11-18T02:20:53.602+0000][gc,heap       ] GC(690) Humongous regions: 147->147
[2023-11-18T02:20:53.602+0000][gc,metaspace  ] GC(690) Metaspace: 44839K(47512K)->44839K(47512K) NonClass: 39572K(40960K)->39572K(40960K) Class: 5266K(6552K)->5266K(6552K)
[2023-11-18T02:20:53.602+0000][gc            ] GC(690) Pause Young (Normal) (G1 Evacuation Pause) 312M->291M(512M) 13.888ms
[2023-11-18T02:20:53.602+0000][gc,cpu        ] GC(690) User=0.03s Sys=0.00s Real=0.01s
[2023-11-18T02:22:18.308+0000][gc,start      ] GC(691) Pause Young (Normal) (G1 Evacuation Pause)
[2023-11-18T02:22:18.308+0000][gc,task       ] GC(691) Using 2 workers of 2 for evacuation
[2023-11-18T02:22:18.321+0000][gc,phases     ] GC(691)   Pre Evacuate Collection Set: 0.0ms
[2023-11-18T02:22:18.321+0000][gc,phases     ] GC(691)   Evacuate Collection Set: 12.6ms
[2023-11-18T02:22:18.321+0000][gc,phases     ] GC(691)   Post Evacuate Collection Set: 0.3ms
[2023-11-18T02:22:18.321+0000][gc,phases     ] GC(691)   Other: 0.3ms
[2023-11-18T02:22:18.321+0000][gc,heap       ] GC(691) Eden regions: 22->0(24)
[2023-11-18T02:22:18.321+0000][gc,heap       ] GC(691) Survivor regions: 4->2(4)
[2023-11-18T02:22:18.321+0000][gc,heap       ] GC(691) Old regions: 143->144
[2023-11-18T02:22:18.321+0000][gc,heap       ] GC(691) Humongous regions: 147->147
[2023-11-18T02:22:18.321+0000][gc,metaspace  ] GC(691) Metaspace: 44839K(47512K)->44839K(47512K) NonClass: 39572K(40960K)->39572K(40960K) Class: 5266K(6552K)->5266K(6552K)
[2023-11-18T02:22:18.321+0000][gc            ] GC(691) Pause Young (Normal) (G1 Evacuation Pause) 313M->291M(512M) 13.320ms
[2023-11-18T02:22:18.321+0000][gc,cpu        ] GC(691) User=0.02s Sys=0.00s Real=0.01s
[2023-11-18T02:23:51.878+0000][gc,start      ] GC(692) Pause Young (Normal) (G1 Evacuation Pause)
[2023-11-18T02:23:51.878+0000][gc,task       ] GC(692) Using 2 workers of 2 for evacuation
[2023-11-18T02:23:51.893+0000][gc,phases     ] GC(692)   Pre Evacuate Collection Set: 0.0ms
[2023-11-18T02:23:51.893+0000][gc,phases     ] GC(692)   Evacuate Collection Set: 15.1ms
[2023-11-18T02:23:51.893+0000][gc,phases     ] GC(692)   Post Evacuate Collection Set: 0.4ms
[2023-11-18T02:23:51.894+0000][gc,phases     ] GC(692)   Other: 0.2ms
[2023-11-18T02:23:51.894+0000][gc,heap       ] GC(692) Eden regions: 24->0(24)
[2023-11-18T02:23:51.894+0000][gc,heap       ] GC(692) Survivor regions: 2->4(4)
[2023-11-18T02:23:51.894+0000][gc,heap       ] GC(692) Old regions: 144->145
[2023-11-18T02:23:51.894+0000][gc,heap       ] GC(692) Humongous regions: 147->147
[2023-11-18T02:23:51.894+0000][gc,metaspace  ] GC(692) Metaspace: 44839K(47512K)->44839K(47512K) NonClass: 39572K(40960K)->39572K(40960K) Class: 5266K(6552K)->5266K(6552K)
[2023-11-18T02:23:51.894+0000][gc            ] GC(692) Pause Young (Normal) (G1 Evacuation Pause) 315M->293M(512M) 15.798ms
[2023-11-18T02:23:51.894+0000][gc,cpu        ] GC(692) User=0.03s Sys=0.00s Real=0.02s
[2023-11-18T02:25:24.559+0000][gc,start      ] GC(693) Pause Young (Normal) (G1 Evacuation Pause)
[2023-11-18T02:25:24.559+0000][gc,task       ] GC(693) Using 2 workers of 2 for evacuation
[2023-11-18T02:25:24.572+0000][gc,phases     ] GC(693)   Pre Evacuate Collection Set: 0.0ms
[2023-11-18T02:25:24.572+0000][gc,phases     ] GC(693)   Evacuate Collection Set: 12.4ms
[2023-11-18T02:25:24.572+0000][gc,phases     ] GC(693)   Post Evacuate Collection Set: 0.3ms
[2023-11-18T02:25:24.572+0000][gc,phases     ] GC(693)   Other: 0.3ms
[2023-11-18T02:25:24.572+0000][gc,heap       ] GC(693) Eden regions: 24->0(26)
[2023-11-18T02:25:24.572+0000][gc,heap       ] GC(693) Survivor regions: 4->3(4)
[2023-11-18T02:25:24.572+0000][gc,heap       ] GC(693) Old regions: 145->146
[2023-11-18T02:25:24.572+0000][gc,heap       ] GC(693) Humongous regions: 147->147
[2023-11-18T02:25:24.572+0000][gc,metaspace  ] GC(693) Metaspace: 44839K(47512K)->44839K(47512K) NonClass: 39572K(40960K)->39572K(40960K) Class: 5266K(6552K)->5266K(6552K)
[2023-11-18T02:25:24.572+0000][gc            ] GC(693) Pause Young (Normal) (G1 Evacuation Pause) 317M->294M(512M) 13.168ms
[2023-11-18T02:25:24.572+0000][gc,cpu        ] GC(693) User=0.03s Sys=0.00s Real=0.01s
[2023-11-18T02:27:06.425+0000][gc,start      ] GC(694) Pause Young (Normal) (G1 Evacuation Pause)
[2023-11-18T02:27:06.425+0000][gc,task       ] GC(694) Using 2 workers of 2 for evacuation
[2023-11-18T02:27:06.440+0000][gc,phases     ] GC(694)   Pre Evacuate Collection Set: 0.0ms
[2023-11-18T02:27:06.440+0000][gc,phases     ] GC(694)   Evacuate Collection Set: 14.4ms
[2023-11-18T02:27:06.440+0000][gc,phases     ] GC(694)   Post Evacuate Collection Set: 0.3ms
[2023-11-18T02:27:06.440+0000][gc,phases     ] GC(694)   Other: 0.2ms
[2023-11-18T02:27:06.440+0000][gc,heap       ] GC(694) Eden regions: 26->0(27)
[2023-11-18T02:27:06.440+0000][gc,heap       ] GC(694) Survivor regions: 3->4(4)
[2023-11-18T02:27:06.440+0000][gc,heap       ] GC(694) Old regions: 146->149
[2023-11-18T02:27:06.440+0000][gc,heap       ] GC(694) Humongous regions: 147->147
[2023-11-18T02:27:06.440+0000][gc,metaspace  ] GC(694) Metaspace: 44839K(47512K)->44839K(47512K) NonClass: 39572K(40960K)->39572K(40960K) Class: 5266K(6552K)->5266K(6552K)
[2023-11-18T02:27:06.440+0000][gc            ] GC(694) Pause Young (Normal) (G1 Evacuation Pause) 320M->297M(512M) 15.001ms
[2023-11-18T02:27:06.440+0000][gc,cpu        ] GC(694) User=0.03s Sys=0.00s Real=0.02s
[2023-11-18T02:28:47.494+0000][gc,start      ] GC(695) Pause Young (Normal) (G1 Evacuation Pause)
[2023-11-18T02:28:47.494+0000][gc,task       ] GC(695) Using 2 workers of 2 for evacuation
[2023-11-18T02:28:47.512+0000][gc,phases     ] GC(695)   Pre Evacuate Collection Set: 0.0ms
[2023-11-18T02:28:47.512+0000][gc,phases     ] GC(695)   Evacuate Collection Set: 16.8ms
[2023-11-18T02:28:47.512+0000][gc,phases     ] GC(695)   Post Evacuate Collection Set: 0.7ms
[2023-11-18T02:28:47.512+0000][gc,phases     ] GC(695)   Other: 0.2ms
[2023-11-18T02:28:47.512+0000][gc,heap       ] GC(695) Eden regions: 26->0(26)
[2023-11-18T02:28:47.512+0000][gc,heap       ] GC(695) Survivor regions: 4->3(4)
[2023-11-18T02:28:47.512+0000][gc,heap       ] GC(695) Old regions: 149->150
[2023-11-18T02:28:47.512+0000][gc,heap       ] GC(695) Humongous regions: 147->147
[2023-11-18T02:28:47.512+0000][gc,metaspace  ] GC(695) Metaspace: 44839K(47512K)->44839K(47512K) NonClass: 39572K(40960K)->39572K(40960K) Class: 5266K(6552K)->5266K(6552K)
[2023-11-18T02:28:47.512+0000][gc            ] GC(695) Pause Young (Normal) (G1 Evacuation Pause) 323M->298M(512M) 17.821ms
[2023-11-18T02:28:47.512+0000][gc,cpu        ] GC(695) User=0.03s Sys=0.00s Real=0.01s
[2023-11-18T02:30:16.758+0000][gc,start      ] GC(696) Pause Young (Normal) (G1 Evacuation Pause)
[2023-11-18T02:30:16.758+0000][gc,task       ] GC(696) Using 2 workers of 2 for evacuation
[2023-11-18T02:30:16.770+0000][gc,phases     ] GC(696)   Pre Evacuate Collection Set: 0.0ms
[2023-11-18T02:30:16.770+0000][gc,phases     ] GC(696)   Evacuate Collection Set: 10.5ms
[2023-11-18T02:30:16.770+0000][gc,phases     ] GC(696)   Post Evacuate Collection Set: 0.6ms
[2023-11-18T02:30:16.770+0000][gc,phases     ] GC(696)   Other: 0.2ms
[2023-11-18T02:30:16.770+0000][gc,heap       ] GC(696) Eden regions: 23->0(32)
[2023-11-18T02:30:16.770+0000][gc,heap       ] GC(696) Survivor regions: 3->2(4)
[2023-11-18T02:30:16.770+0000][gc,heap       ] GC(696) Old regions: 150->151
[2023-11-18T02:30:16.770+0000][gc,heap       ] GC(696) Humongous regions: 147->147
[2023-11-18T02:30:16.770+0000][gc,metaspace  ] GC(696) Metaspace: 44839K(47512K)->44839K(47512K) NonClass: 39572K(40960K)->39572K(40960K) Class: 5266K(6552K)->5266K(6552K)
[2023-11-18T02:30:16.770+0000][gc            ] GC(696) Pause Young (Normal) (G1 Evacuation Pause) 321M->298M(512M) 11.570ms
[2023-11-18T02:30:16.770+0000][gc,cpu        ] GC(696) User=0.02s Sys=0.00s Real=0.01s
[2023-11-18T02:32:10.783+0000][gc,start      ] GC(697) Pause Young (Normal) (G1 Evacuation Pause)
[2023-11-18T02:32:10.783+0000][gc,task       ] GC(697) Using 2 workers of 2 for evacuation
[2023-11-18T02:32:10.800+0000][gc,phases     ] GC(697)   Pre Evacuate Collection Set: 0.0ms
[2023-11-18T02:32:10.800+0000][gc,phases     ] GC(697)   Evacuate Collection Set: 15.6ms
[2023-11-18T02:32:10.800+0000][gc,phases     ] GC(697)   Post Evacuate Collection Set: 0.4ms
[2023-11-18T02:32:10.800+0000][gc,phases     ] GC(697)   Other: 0.2ms
[2023-11-18T02:32:10.800+0000][gc,heap       ] GC(697) Eden regions: 29->0(31)
[2023-11-18T02:32:10.800+0000][gc,heap       ] GC(697) Survivor regions: 2->4(4)
[2023-11-18T02:32:10.800+0000][gc,heap       ] GC(697) Old regions: 151->152
[2023-11-18T02:32:10.800+0000][gc,heap       ] GC(697) Humongous regions: 147->147
[2023-11-18T02:32:10.800+0000][gc,metaspace  ] GC(697) Metaspace: 44839K(47512K)->44839K(47512K) NonClass: 39572K(40960K)->39572K(40960K) Class: 5266K(6552K)->5266K(6552K)
[2023-11-18T02:32:10.800+0000][gc            ] GC(697) Pause Young (Normal) (G1 Evacuation Pause) 327M->301M(512M) 16.239ms
[2023-11-18T02:32:10.800+0000][gc,cpu        ] GC(697) User=0.03s Sys=0.00s Real=0.02s
[2023-11-18T02:34:11.220+0000][gc,start      ] GC(698) Pause Young (Normal) (G1 Evacuation Pause)
[2023-11-18T02:34:11.220+0000][gc,task       ] GC(698) Using 2 workers of 2 for evacuation
[2023-11-18T02:34:11.236+0000][gc,phases     ] GC(698)   Pre Evacuate Collection Set: 0.0ms
[2023-11-18T02:34:11.236+0000][gc,phases     ] GC(698)   Evacuate Collection Set: 15.4ms
[2023-11-18T02:34:11.236+0000][gc,phases     ] GC(698)   Post Evacuate Collection Set: 0.3ms
[2023-11-18T02:34:11.236+0000][gc,phases     ] GC(698)   Other: 0.2ms
[2023-11-18T02:34:11.236+0000][gc,heap       ] GC(698) Eden regions: 31->0(32)
[2023-11-18T02:34:11.236+0000][gc,heap       ] GC(698) Survivor regions: 4->3(5)
[2023-11-18T02:34:11.236+0000][gc,heap       ] GC(698) Old regions: 152->154
[2023-11-18T02:34:11.236+0000][gc,heap       ] GC(698) Humongous regions: 147->147
[2023-11-18T02:34:11.236+0000][gc,metaspace  ] GC(698) Metaspace: 44839K(47512K)->44839K(47512K) NonClass: 39572K(40960K)->39572K(40960K) Class: 5266K(6552K)->5266K(6552K)
[2023-11-18T02:34:11.236+0000][gc            ] GC(698) Pause Young (Normal) (G1 Evacuation Pause) 332M->302M(512M) 16.050ms
[2023-11-18T02:34:11.236+0000][gc,cpu        ] GC(698) User=0.03s Sys=0.00s Real=0.02s
[2023-11-18T02:36:01.220+0000][gc,start      ] GC(699) Pause Young (Normal) (G1 Evacuation Pause)
[2023-11-18T02:36:01.220+0000][gc,task       ] GC(699) Using 2 workers of 2 for evacuation
[2023-11-18T02:36:01.234+0000][gc,phases     ] GC(699)   Pre Evacuate Collection Set: 0.0ms
[2023-11-18T02:36:01.234+0000][gc,phases     ] GC(699)   Evacuate Collection Set: 13.2ms
[2023-11-18T02:36:01.234+0000][gc,phases     ] GC(699)   Post Evacuate Collection Set: 1.0ms
[2023-11-18T02:36:01.234+0000][gc,phases     ] GC(699)   Other: 0.2ms
[2023-11-18T02:36:01.234+0000][gc,heap       ] GC(699) Eden regions: 28->0(34)
[2023-11-18T02:36:01.234+0000][gc,heap       ] GC(699) Survivor regions: 3->2(4)
[2023-11-18T02:36:01.234+0000][gc,heap       ] GC(699) Old regions: 154->155
[2023-11-18T02:36:01.234+0000][gc,heap       ] GC(699) Humongous regions: 147->147
[2023-11-18T02:36:01.234+0000][gc,metaspace  ] GC(699) Metaspace: 44839K(47512K)->44839K(47512K) NonClass: 39572K(40960K)->39572K(40960K) Class: 5266K(6552K)->5266K(6552K)
[2023-11-18T02:36:01.234+0000][gc            ] GC(699) Pause Young (Normal) (G1 Evacuation Pause) 330M->302M(512M) 14.483ms
[2023-11-18T02:36:01.234+0000][gc,cpu        ] GC(699) User=0.03s Sys=0.00s Real=0.02s
[2023-11-18T02:37:58.044+0000][gc,start      ] GC(700) Pause Young (Normal) (G1 Evacuation Pause)
[2023-11-18T02:37:58.044+0000][gc,task       ] GC(700) Using 2 workers of 2 for evacuation
[2023-11-18T02:37:58.058+0000][gc,phases     ] GC(700)   Pre Evacuate Collection Set: 0.0ms
[2023-11-18T02:37:58.058+0000][gc,phases     ] GC(700)   Evacuate Collection Set: 13.2ms
[2023-11-18T02:37:58.058+0000][gc,phases     ] GC(700)   Post Evacuate Collection Set: 0.4ms
[2023-11-18T02:37:58.058+0000][gc,phases     ] GC(700)   Other: 0.2ms
[2023-11-18T02:37:58.058+0000][gc,heap       ] GC(700) Eden regions: 30->0(32)
[2023-11-18T02:37:58.058+0000][gc,heap       ] GC(700) Survivor regions: 2->4(4)
[2023-11-18T02:37:58.058+0000][gc,heap       ] GC(700) Old regions: 155->156
[2023-11-18T02:37:58.058+0000][gc,heap       ] GC(700) Humongous regions: 147->147
[2023-11-18T02:37:58.058+0000][gc,metaspace  ] GC(700) Metaspace: 44839K(47512K)->44839K(47512K) NonClass: 39572K(40960K)->39572K(40960K) Class: 5266K(6552K)->5266K(6552K)
[2023-11-18T02:37:58.058+0000][gc            ] GC(700) Pause Young (Normal) (G1 Evacuation Pause) 332M->305M(512M) 13.930ms
[2023-11-18T02:37:58.058+0000][gc,cpu        ] GC(700) User=0.03s Sys=0.00s Real=0.02s
[2023-11-18T02:40:03.280+0000][gc,start      ] GC(701) Pause Young (Normal) (G1 Evacuation Pause)
[2023-11-18T02:40:03.280+0000][gc,task       ] GC(701) Using 2 workers of 2 for evacuation
[2023-11-18T02:40:03.308+0000][gc,mmu        ] GC(701) MMU target violated: 21.0ms (20.0ms/21.0ms)
[2023-11-18T02:40:03.308+0000][gc,phases     ] GC(701)   Pre Evacuate Collection Set: 0.0ms
[2023-11-18T02:40:03.308+0000][gc,phases     ] GC(701)   Evacuate Collection Set: 27.1ms
[2023-11-18T02:40:03.308+0000][gc,phases     ] GC(701)   Post Evacuate Collection Set: 0.3ms
[2023-11-18T02:40:03.308+0000][gc,phases     ] GC(701)   Other: 0.3ms
[2023-11-18T02:40:03.308+0000][gc,heap       ] GC(701) Eden regions: 32->0(29)
[2023-11-18T02:40:03.308+0000][gc,heap       ] GC(701) Survivor regions: 4->4(5)
[2023-11-18T02:40:03.308+0000][gc,heap       ] GC(701) Old regions: 156->158
[2023-11-18T02:40:03.308+0000][gc,heap       ] GC(701) Humongous regions: 147->147
[2023-11-18T02:40:03.308+0000][gc,metaspace  ] GC(701) Metaspace: 44839K(47512K)->44839K(47512K) NonClass: 39572K(40960K)->39572K(40960K) Class: 5266K(6552K)->5266K(6552K)
[2023-11-18T02:40:03.308+0000][gc            ] GC(701) Pause Young (Normal) (G1 Evacuation Pause) 337M->306M(512M) 27.737ms
[2023-11-18T02:40:03.308+0000][gc,cpu        ] GC(701) User=0.05s Sys=0.01s Real=0.03s
[2023-11-18T02:41:44.260+0000][gc,start      ] GC(702) Pause Young (Normal) (G1 Evacuation Pause)
[2023-11-18T02:41:44.260+0000][gc,task       ] GC(702) Using 2 workers of 2 for evacuation
[2023-11-18T02:41:44.272+0000][gc,phases     ] GC(702)   Pre Evacuate Collection Set: 0.0ms
[2023-11-18T02:41:44.272+0000][gc,phases     ] GC(702)   Evacuate Collection Set: 11.8ms
[2023-11-18T02:41:44.272+0000][gc,phases     ] GC(702)   Post Evacuate Collection Set: 0.4ms
[2023-11-18T02:41:44.272+0000][gc,phases     ] GC(702)   Other: 0.4ms
[2023-11-18T02:41:44.274+0000][gc,heap       ] GC(702) Eden regions: 26->0(30)
[2023-11-18T02:41:44.274+0000][gc,heap       ] GC(702) Survivor regions: 4->2(4)
[2023-11-18T02:41:44.274+0000][gc,heap       ] GC(702) Old regions: 158->160
[2023-11-18T02:41:44.274+0000][gc,heap       ] GC(702) Humongous regions: 147->147
[2023-11-18T02:41:44.274+0000][gc,metaspace  ] GC(702) Metaspace: 44839K(47512K)->44839K(47512K) NonClass: 39572K(40960K)->39572K(40960K) Class: 5266K(6552K)->5266K(6552K)
[2023-11-18T02:41:44.274+0000][gc            ] GC(702) Pause Young (Normal) (G1 Evacuation Pause) 332M->306M(512M) 14.160ms
[2023-11-18T02:41:44.274+0000][gc,cpu        ] GC(702) User=0.03s Sys=0.00s Real=0.02s
[2023-11-18T02:43:34.148+0000][gc,start      ] GC(703) Pause Young (Normal) (G1 Evacuation Pause)
[2023-11-18T02:43:34.148+0000][gc,task       ] GC(703) Using 2 workers of 2 for evacuation
[2023-11-18T02:43:34.162+0000][gc,phases     ] GC(703)   Pre Evacuate Collection Set: 0.0ms
[2023-11-18T02:43:34.162+0000][gc,phases     ] GC(703)   Evacuate Collection Set: 13.1ms
[2023-11-18T02:43:34.162+0000][gc,phases     ] GC(703)   Post Evacuate Collection Set: 0.3ms
[2023-11-18T02:43:34.162+0000][gc,phases     ] GC(703)   Other: 0.2ms
[2023-11-18T02:43:34.162+0000][gc,heap       ] GC(703) Eden regions: 28->0(29)
[2023-11-18T02:43:34.162+0000][gc,heap       ] GC(703) Survivor regions: 2->4(4)
[2023-11-18T02:43:34.162+0000][gc,heap       ] GC(703) Old regions: 160->161
[2023-11-18T02:43:34.162+0000][gc,heap       ] GC(703) Humongous regions: 147->147
[2023-11-18T02:43:34.162+0000][gc,metaspace  ] GC(703) Metaspace: 44839K(47512K)->44839K(47512K) NonClass: 39572K(40960K)->39572K(40960K) Class: 5266K(6552K)->5266K(6552K)
[2023-11-18T02:43:34.162+0000][gc            ] GC(703) Pause Young (Normal) (G1 Evacuation Pause) 334M->309M(512M) 13.749ms
[2023-11-18T02:43:34.162+0000][gc,cpu        ] GC(703) User=0.03s Sys=0.00s Real=0.01s
[2023-11-18T02:45:26.938+0000][gc,start      ] GC(704) Pause Young (Normal) (G1 Evacuation Pause)
[2023-11-18T02:45:26.938+0000][gc,task       ] GC(704) Using 2 workers of 2 for evacuation
[2023-11-18T02:45:26.961+0000][gc,mmu        ] GC(704) MMU target violated: 21.0ms (20.0ms/21.0ms)
[2023-11-18T02:45:26.961+0000][gc,phases     ] GC(704)   Pre Evacuate Collection Set: 0.0ms
[2023-11-18T02:45:26.961+0000][gc,phases     ] GC(704)   Evacuate Collection Set: 21.7ms
[2023-11-18T02:45:26.961+0000][gc,phases     ] GC(704)   Post Evacuate Collection Set: 1.3ms
[2023-11-18T02:45:26.961+0000][gc,phases     ] GC(704)   Other: 0.5ms
[2023-11-18T02:45:26.961+0000][gc,heap       ] GC(704) Eden regions: 29->0(29)
[2023-11-18T02:45:26.961+0000][gc,heap       ] GC(704) Survivor regions: 4->4(5)
[2023-11-18T02:45:26.961+0000][gc,heap       ] GC(704) Old regions: 161->163
[2023-11-18T02:45:26.961+0000][gc,heap       ] GC(704) Humongous regions: 147->147
[2023-11-18T02:45:26.961+0000][gc,metaspace  ] GC(704) Metaspace: 44839K(47512K)->44839K(47512K) NonClass: 39572K(40960K)->39572K(40960K) Class: 5266K(6552K)->5266K(6552K)
[2023-11-18T02:45:26.961+0000][gc            ] GC(704) Pause Young (Normal) (G1 Evacuation Pause) 338M->311M(512M) 23.584ms
[2023-11-18T02:45:26.961+0000][gc,cpu        ] GC(704) User=0.04s Sys=0.00s Real=0.02s
[2023-11-18T02:47:00.721+0000][gc,start      ] GC(705) Pause Young (Normal) (G1 Evacuation Pause)
[2023-11-18T02:47:00.721+0000][gc,task       ] GC(705) Using 2 workers of 2 for evacuation
[2023-11-18T02:47:00.731+0000][gc,phases     ] GC(705)   Pre Evacuate Collection Set: 0.0ms
[2023-11-18T02:47:00.731+0000][gc,phases     ] GC(705)   Evacuate Collection Set: 9.3ms
[2023-11-18T02:47:00.731+0000][gc,phases     ] GC(705)   Post Evacuate Collection Set: 0.3ms
[2023-11-18T02:47:00.731+0000][gc,phases     ] GC(705)   Other: 0.2ms
[2023-11-18T02:47:00.731+0000][gc,heap       ] GC(705) Eden regions: 24->0(31)
[2023-11-18T02:47:00.731+0000][gc,heap       ] GC(705) Survivor regions: 4->2(4)
[2023-11-18T02:47:00.731+0000][gc,heap       ] GC(705) Old regions: 163->164
[2023-11-18T02:47:00.731+0000][gc,heap       ] GC(705) Humongous regions: 147->147
[2023-11-18T02:47:00.731+0000][gc,metaspace  ] GC(705) Metaspace: 44839K(47512K)->44839K(47512K) NonClass: 39572K(40960K)->39572K(40960K) Class: 5266K(6552K)->5266K(6552K)
[2023-11-18T02:47:00.731+0000][gc            ] GC(705) Pause Young (Normal) (G1 Evacuation Pause) 335M->310M(512M) 9.978ms
[2023-11-18T02:47:00.731+0000][gc,cpu        ] GC(705) User=0.02s Sys=0.00s Real=0.01s
[2023-11-18T02:49:01.214+0000][gc,start      ] GC(706) Pause Young (Normal) (G1 Evacuation Pause)
[2023-11-18T02:49:01.214+0000][gc,task       ] GC(706) Using 2 workers of 2 for evacuation
[2023-11-18T02:49:01.228+0000][gc,phases     ] GC(706)   Pre Evacuate Collection Set: 0.0ms
[2023-11-18T02:49:01.228+0000][gc,phases     ] GC(706)   Evacuate Collection Set: 14.2ms
[2023-11-18T02:49:01.228+0000][gc,phases     ] GC(706)   Post Evacuate Collection Set: 0.5ms
[2023-11-18T02:49:01.229+0000][gc,phases     ] GC(706)   Other: 0.2ms
[2023-11-18T02:49:01.229+0000][gc,heap       ] GC(706) Eden regions: 31->0(31)
[2023-11-18T02:49:01.229+0000][gc,heap       ] GC(706) Survivor regions: 2->5(5)
[2023-11-18T02:49:01.229+0000][gc,heap       ] GC(706) Old regions: 164->164
[2023-11-18T02:49:01.229+0000][gc,heap       ] GC(706) Humongous regions: 147->147
[2023-11-18T02:49:01.229+0000][gc,metaspace  ] GC(706) Metaspace: 44839K(47512K)->44839K(47512K) NonClass: 39572K(40960K)->39572K(40960K) Class: 5266K(6552K)->5266K(6552K)
[2023-11-18T02:49:01.229+0000][gc            ] GC(706) Pause Young (Normal) (G1 Evacuation Pause) 341M->314M(512M) 15.015ms
[2023-11-18T02:49:01.229+0000][gc,cpu        ] GC(706) User=0.03s Sys=0.00s Real=0.01s
[2023-11-18T02:50:53.877+0000][gc,start      ] GC(707) Pause Young (Normal) (G1 Evacuation Pause)
[2023-11-18T02:50:53.877+0000][gc,task       ] GC(707) Using 2 workers of 2 for evacuation
[2023-11-18T02:50:53.896+0000][gc,phases     ] GC(707)   Pre Evacuate Collection Set: 0.0ms
[2023-11-18T02:50:53.896+0000][gc,phases     ] GC(707)   Evacuate Collection Set: 17.7ms
[2023-11-18T02:50:53.896+0000][gc,phases     ] GC(707)   Post Evacuate Collection Set: 0.4ms
[2023-11-18T02:50:53.896+0000][gc,phases     ] GC(707)   Other: 0.2ms
[2023-11-18T02:50:53.896+0000][gc,heap       ] GC(707) Eden regions: 29->0(30)
[2023-11-18T02:50:53.896+0000][gc,heap       ] GC(707) Survivor regions: 5->3(5)
[2023-11-18T02:50:53.896+0000][gc,heap       ] GC(707) Old regions: 164->166
[2023-11-18T02:50:53.896+0000][gc,heap       ] GC(707) Humongous regions: 147->147
[2023-11-18T02:50:53.896+0000][gc,metaspace  ] GC(707) Metaspace: 44839K(47512K)->44839K(47512K) NonClass: 39572K(40960K)->39572K(40960K) Class: 5266K(6552K)->5266K(6552K)
[2023-11-18T02:50:53.896+0000][gc            ] GC(707) Pause Young (Normal) (G1 Evacuation Pause) 343M->314M(512M) 18.389ms
[2023-11-18T02:50:53.896+0000][gc,cpu        ] GC(707) User=0.03s Sys=0.01s Real=0.02s
[2023-11-18T02:52:50.921+0000][gc,start      ] GC(708) Pause Young (Normal) (G1 Evacuation Pause)
[2023-11-18T02:52:50.921+0000][gc,task       ] GC(708) Using 2 workers of 2 for evacuation
[2023-11-18T02:52:50.933+0000][gc,phases     ] GC(708)   Pre Evacuate Collection Set: 0.0ms
[2023-11-18T02:52:50.933+0000][gc,phases     ] GC(708)   Evacuate Collection Set: 11.9ms
[2023-11-18T02:52:50.933+0000][gc,phases     ] GC(708)   Post Evacuate Collection Set: 0.3ms
[2023-11-18T02:52:50.933+0000][gc,phases     ] GC(708)   Other: 0.2ms
[2023-11-18T02:52:50.933+0000][gc,heap       ] GC(708) Eden regions: 30->0(34)
[2023-11-18T02:52:50.933+0000][gc,heap       ] GC(708) Survivor regions: 3->2(5)
[2023-11-18T02:52:50.933+0000][gc,heap       ] GC(708) Old regions: 166->168
[2023-11-18T02:52:50.933+0000][gc,heap       ] GC(708) Humongous regions: 147->147
[2023-11-18T02:52:50.933+0000][gc,metaspace  ] GC(708) Metaspace: 44839K(47512K)->44839K(47512K) NonClass: 39572K(40960K)->39572K(40960K) Class: 5266K(6552K)->5266K(6552K)
[2023-11-18T02:52:50.933+0000][gc            ] GC(708) Pause Young (Normal) (G1 Evacuation Pause) 344M->314M(512M) 12.586ms
[2023-11-18T02:52:50.933+0000][gc,cpu        ] GC(708) User=0.02s Sys=0.00s Real=0.01s
[2023-11-18T02:54:51.790+0000][gc,start      ] GC(709) Pause Young (Normal) (G1 Evacuation Pause)
[2023-11-18T02:54:51.790+0000][gc,task       ] GC(709) Using 2 workers of 2 for evacuation
[2023-11-18T02:54:51.811+0000][gc,mmu        ] GC(709) MMU target violated: 21.0ms (20.0ms/21.0ms)
[2023-11-18T02:54:51.811+0000][gc,phases     ] GC(709)   Pre Evacuate Collection Set: 0.0ms
[2023-11-18T02:54:51.811+0000][gc,phases     ] GC(709)   Evacuate Collection Set: 21.0ms
[2023-11-18T02:54:51.811+0000][gc,phases     ] GC(709)   Post Evacuate Collection Set: 0.4ms
[2023-11-18T02:54:51.811+0000][gc,phases     ] GC(709)   Other: 0.3ms
[2023-11-18T02:54:51.811+0000][gc,heap       ] GC(709) Eden regions: 31->0(30)
[2023-11-18T02:54:51.811+0000][gc,heap       ] GC(709) Survivor regions: 2->5(5)
[2023-11-18T02:54:51.811+0000][gc,heap       ] GC(709) Old regions: 168->168
[2023-11-18T02:54:51.811+0000][gc,heap       ] GC(709) Humongous regions: 147->147
[2023-11-18T02:54:51.811+0000][gc,metaspace  ] GC(709) Metaspace: 44839K(47512K)->44839K(47512K) NonClass: 39572K(40960K)->39572K(40960K) Class: 5266K(6552K)->5266K(6552K)
[2023-11-18T02:54:51.812+0000][gc            ] GC(709) Pause Young (Normal) (G1 Evacuation Pause) 345M->318M(512M) 21.784ms
[2023-11-18T02:54:51.812+0000][gc,cpu        ] GC(709) User=0.04s Sys=0.01s Real=0.02s
[2023-11-18T02:56:49.002+0000][gc,start      ] GC(710) Pause Young (Normal) (G1 Evacuation Pause)
[2023-11-18T02:56:49.002+0000][gc,task       ] GC(710) Using 2 workers of 2 for evacuation
[2023-11-18T02:56:49.018+0000][gc,phases     ] GC(710)   Pre Evacuate Collection Set: 0.0ms
[2023-11-18T02:56:49.018+0000][gc,phases     ] GC(710)   Evacuate Collection Set: 16.1ms
[2023-11-18T02:56:49.018+0000][gc,phases     ] GC(710)   Post Evacuate Collection Set: 0.4ms
[2023-11-18T02:56:49.018+0000][gc,phases     ] GC(710)   Other: 0.2ms
[2023-11-18T02:56:49.018+0000][gc,heap       ] GC(710) Eden regions: 30->0(31)
[2023-11-18T02:56:49.018+0000][gc,heap       ] GC(710) Survivor regions: 5->4(5)
[2023-11-18T02:56:49.018+0000][gc,heap       ] GC(710) Old regions: 168->170
[2023-11-18T02:56:49.018+0000][gc,heap       ] GC(710) Humongous regions: 147->147
[2023-11-18T02:56:49.018+0000][gc,metaspace  ] GC(710) Metaspace: 44839K(47512K)->44839K(47512K) NonClass: 39572K(40960K)->39572K(40960K) Class: 5266K(6552K)->5266K(6552K)
[2023-11-18T02:56:49.018+0000][gc            ] GC(710) Pause Young (Normal) (G1 Evacuation Pause) 348M->319M(512M) 16.837ms
[2023-11-18T02:56:49.019+0000][gc,cpu        ] GC(710) User=0.03s Sys=0.00s Real=0.02s
[2023-11-18T02:58:49.209+0000][gc,start      ] GC(711) Pause Young (Normal) (G1 Evacuation Pause)
[2023-11-18T02:58:49.209+0000][gc,task       ] GC(711) Using 2 workers of 2 for evacuation
[2023-11-18T02:58:49.223+0000][gc,phases     ] GC(711)   Pre Evacuate Collection Set: 0.0ms
[2023-11-18T02:58:49.223+0000][gc,phases     ] GC(711)   Evacuate Collection Set: 12.8ms
[2023-11-18T02:58:49.223+0000][gc,phases     ] GC(711)   Post Evacuate Collection Set: 0.3ms
[2023-11-18T02:58:49.223+0000][gc,phases     ] GC(711)   Other: 0.3ms
[2023-11-18T02:58:49.223+0000][gc,heap       ] GC(711) Eden regions: 31->0(33)
[2023-11-18T02:58:49.223+0000][gc,heap       ] GC(711) Survivor regions: 4->3(5)
[2023-11-18T02:58:49.223+0000][gc,heap       ] GC(711) Old regions: 170->172
[2023-11-18T02:58:49.223+0000][gc,heap       ] GC(711) Humongous regions: 147->147
[2023-11-18T02:58:49.223+0000][gc,metaspace  ] GC(711) Metaspace: 44839K(47512K)->44839K(47512K) NonClass: 39572K(40960K)->39572K(40960K) Class: 5266K(6552K)->5266K(6552K)
[2023-11-18T02:58:49.223+0000][gc            ] GC(711) Pause Young (Normal) (G1 Evacuation Pause) 350M->319M(512M) 13.429ms
[2023-11-18T02:58:49.223+0000][gc,cpu        ] GC(711) User=0.03s Sys=0.00s Real=0.01s
[2023-11-18T03:00:58.437+0000][gc,start      ] GC(712) Pause Young (Normal) (G1 Evacuation Pause)
[2023-11-18T03:00:58.437+0000][gc,task       ] GC(712) Using 2 workers of 2 for evacuation
[2023-11-18T03:00:58.447+0000][gc,phases     ] GC(712)   Pre Evacuate Collection Set: 0.0ms
[2023-11-18T03:00:58.447+0000][gc,phases     ] GC(712)   Evacuate Collection Set: 10.0ms
[2023-11-18T03:00:58.447+0000][gc,phases     ] GC(712)   Post Evacuate Collection Set: 0.3ms
[2023-11-18T03:00:58.447+0000][gc,phases     ] GC(712)   Other: 0.2ms
[2023-11-18T03:00:58.447+0000][gc,heap       ] GC(712) Eden regions: 33->0(36)
[2023-11-18T03:00:58.447+0000][gc,heap       ] GC(712) Survivor regions: 3->4(5)
[2023-11-18T03:00:58.447+0000][gc,heap       ] GC(712) Old regions: 172->172
[2023-11-18T03:00:58.447+0000][gc,heap       ] GC(712) Humongous regions: 147->147
[2023-11-18T03:00:58.447+0000][gc,metaspace  ] GC(712) Metaspace: 44839K(47512K)->44839K(47512K) NonClass: 39572K(40960K)->39572K(40960K) Class: 5266K(6552K)->5266K(6552K)
[2023-11-18T03:00:58.447+0000][gc            ] GC(712) Pause Young (Normal) (G1 Evacuation Pause) 352M->320M(512M) 10.641ms
[2023-11-18T03:00:58.447+0000][gc,cpu        ] GC(712) User=0.02s Sys=0.00s Real=0.01s
[2023-11-18T03:03:20.184+0000][gc,start      ] GC(713) Pause Young (Normal) (G1 Evacuation Pause)
[2023-11-18T03:03:20.184+0000][gc,task       ] GC(713) Using 2 workers of 2 for evacuation
[2023-11-18T03:03:20.202+0000][gc,phases     ] GC(713)   Pre Evacuate Collection Set: 0.0ms
[2023-11-18T03:03:20.202+0000][gc,phases     ] GC(713)   Evacuate Collection Set: 17.3ms
[2023-11-18T03:03:20.202+0000][gc,phases     ] GC(713)   Post Evacuate Collection Set: 0.3ms
[2023-11-18T03:03:20.202+0000][gc,phases     ] GC(713)   Other: 0.2ms
[2023-11-18T03:03:20.202+0000][gc,heap       ] GC(713) Eden regions: 36->0(35)
[2023-11-18T03:03:20.202+0000][gc,heap       ] GC(713) Survivor regions: 4->5(5)
[2023-11-18T03:03:20.202+0000][gc,heap       ] GC(713) Old regions: 172->174
[2023-11-18T03:03:20.202+0000][gc,heap       ] GC(713) Humongous regions: 147->147
[2023-11-18T03:03:20.202+0000][gc,metaspace  ] GC(713) Metaspace: 44839K(47512K)->44839K(47512K) NonClass: 39572K(40960K)->39572K(40960K) Class: 5266K(6552K)->5266K(6552K)
[2023-11-18T03:03:20.202+0000][gc            ] GC(713) Pause Young (Normal) (G1 Evacuation Pause) 356M->324M(512M) 17.918ms
[2023-11-18T03:03:20.202+0000][gc,cpu        ] GC(713) User=0.03s Sys=0.00s Real=0.02s
[2023-11-18T03:05:37.453+0000][gc,start      ] GC(714) Pause Young (Normal) (G1 Evacuation Pause)
[2023-11-18T03:05:37.453+0000][gc,task       ] GC(714) Using 2 workers of 2 for evacuation
[2023-11-18T03:05:37.467+0000][gc,phases     ] GC(714)   Pre Evacuate Collection Set: 0.0ms
[2023-11-18T03:05:37.467+0000][gc,phases     ] GC(714)   Evacuate Collection Set: 13.3ms
[2023-11-18T03:05:37.467+0000][gc,phases     ] GC(714)   Post Evacuate Collection Set: 0.3ms
[2023-11-18T03:05:37.467+0000][gc,phases     ] GC(714)   Other: 0.3ms
[2023-11-18T03:05:37.467+0000][gc,heap       ] GC(714) Eden regions: 35->0(35)
[2023-11-18T03:05:37.467+0000][gc,heap       ] GC(714) Survivor regions: 5->4(5)
[2023-11-18T03:05:37.467+0000][gc,heap       ] GC(714) Old regions: 174->176
[2023-11-18T03:05:37.467+0000][gc,heap       ] GC(714) Humongous regions: 147->147
[2023-11-18T03:05:37.467+0000][gc,metaspace  ] GC(714) Metaspace: 44839K(47512K)->44839K(47512K) NonClass: 39572K(40960K)->39572K(40960K) Class: 5266K(6552K)->5266K(6552K)
[2023-11-18T03:05:37.467+0000][gc            ] GC(714) Pause Young (Normal) (G1 Evacuation Pause) 359M->325M(512M) 14.015ms
[2023-11-18T03:05:37.467+0000][gc,cpu        ] GC(714) User=0.03s Sys=0.00s Real=0.02s
[2023-11-18T03:07:38.665+0000][gc,start      ] GC(715) Pause Young (Normal) (G1 Evacuation Pause)
[2023-11-18T03:07:38.665+0000][gc,task       ] GC(715) Using 2 workers of 2 for evacuation
[2023-11-18T03:07:38.683+0000][gc,phases     ] GC(715)   Pre Evacuate Collection Set: 0.0ms
[2023-11-18T03:07:38.683+0000][gc,phases     ] GC(715)   Evacuate Collection Set: 17.1ms
[2023-11-18T03:07:38.683+0000][gc,phases     ] GC(715)   Post Evacuate Collection Set: 0.3ms
[2023-11-18T03:07:38.683+0000][gc,phases     ] GC(715)   Other: 0.2ms
[2023-11-18T03:07:38.683+0000][gc,heap       ] GC(715) Eden regions: 33->0(36)
[2023-11-18T03:07:38.683+0000][gc,heap       ] GC(715) Survivor regions: 4->5(5)
[2023-11-18T03:07:38.683+0000][gc,heap       ] GC(715) Old regions: 176->178
[2023-11-18T03:07:38.683+0000][gc,heap       ] GC(715) Humongous regions: 147->147
[2023-11-18T03:07:38.683+0000][gc,metaspace  ] GC(715) Metaspace: 44839K(47512K)->44839K(47512K) NonClass: 39572K(40960K)->39572K(40960K) Class: 5266K(6552K)->5266K(6552K)
[2023-11-18T03:07:38.683+0000][gc            ] GC(715) Pause Young (Normal) (G1 Evacuation Pause) 358M->327M(512M) 17.720ms
[2023-11-18T03:07:38.683+0000][gc,cpu        ] GC(715) User=0.03s Sys=0.00s Real=0.02s
[2023-11-18T03:09:30.067+0000][gc,start      ] GC(716) Pause Young (Normal) (G1 Evacuation Pause)
[2023-11-18T03:09:30.067+0000][gc,task       ] GC(716) Using 2 workers of 2 for evacuation
[2023-11-18T03:09:30.088+0000][gc,mmu        ] GC(716) MMU target violated: 20.2ms (20.0ms/21.0ms)
[2023-11-18T03:09:30.088+0000][gc,phases     ] GC(716)   Pre Evacuate Collection Set: 0.0ms
[2023-11-18T03:09:30.088+0000][gc,phases     ] GC(716)   Evacuate Collection Set: 19.7ms
[2023-11-18T03:09:30.088+0000][gc,phases     ] GC(716)   Post Evacuate Collection Set: 0.3ms
[2023-11-18T03:09:30.088+0000][gc,phases     ] GC(716)   Other: 0.3ms
[2023-11-18T03:09:30.088+0000][gc,heap       ] GC(716) Eden regions: 32->0(34)
[2023-11-18T03:09:30.088+0000][gc,heap       ] GC(716) Survivor regions: 5->4(5)
[2023-11-18T03:09:30.088+0000][gc,heap       ] GC(716) Old regions: 178->180
[2023-11-18T03:09:30.088+0000][gc,heap       ] GC(716) Humongous regions: 147->147
[2023-11-18T03:09:30.088+0000][gc,metaspace  ] GC(716) Metaspace: 44839K(47512K)->44839K(47512K) NonClass: 39572K(40960K)->39572K(40960K) Class: 5266K(6552K)->5266K(6552K)
[2023-11-18T03:09:30.088+0000][gc            ] GC(716) Pause Young (Normal) (G1 Evacuation Pause) 359M->329M(512M) 20.430ms
[2023-11-18T03:09:30.088+0000][gc,cpu        ] GC(716) User=0.04s Sys=0.00s Real=0.02s
[2023-11-18T03:11:07.543+0000][gc,start      ] GC(717) Pause Young (Normal) (G1 Evacuation Pause)
[2023-11-18T03:11:07.543+0000][gc,task       ] GC(717) Using 2 workers of 2 for evacuation
[2023-11-18T03:11:07.564+0000][gc,mmu        ] GC(717) MMU target violated: 20.9ms (20.0ms/21.0ms)
[2023-11-18T03:11:07.564+0000][gc,phases     ] GC(717)   Pre Evacuate Collection Set: 0.0ms
[2023-11-18T03:11:07.564+0000][gc,phases     ] GC(717)   Evacuate Collection Set: 19.1ms
[2023-11-18T03:11:07.564+0000][gc,phases     ] GC(717)   Post Evacuate Collection Set: 1.5ms
[2023-11-18T03:11:07.564+0000][gc,phases     ] GC(717)   Other: 0.4ms
[2023-11-18T03:11:07.564+0000][gc,heap       ] GC(717) Eden regions: 25->0(27)
[2023-11-18T03:11:07.564+0000][gc,heap       ] GC(717) Survivor regions: 4->4(4)
[2023-11-18T03:11:07.564+0000][gc,heap       ] GC(717) Old regions: 180->184
[2023-11-18T03:11:07.564+0000][gc,heap       ] GC(717) Humongous regions: 147->147
[2023-11-18T03:11:07.564+0000][gc,metaspace  ] GC(717) Metaspace: 44839K(47512K)->44839K(47512K) NonClass: 39572K(40960K)->39572K(40960K) Class: 5266K(6552K)->5266K(6552K)
[2023-11-18T03:11:07.564+0000][gc            ] GC(717) Pause Young (Normal) (G1 Evacuation Pause) 354M->332M(512M) 21.127ms
[2023-11-18T03:11:07.564+0000][gc,cpu        ] GC(717) User=0.04s Sys=0.00s Real=0.02s
[2023-11-18T03:12:53.739+0000][gc,start      ] GC(718) Pause Young (Normal) (G1 Evacuation Pause)
[2023-11-18T03:12:53.739+0000][gc,task       ] GC(718) Using 2 workers of 2 for evacuation
[2023-11-18T03:12:53.753+0000][gc,phases     ] GC(718)   Pre Evacuate Collection Set: 0.0ms
[2023-11-18T03:12:53.753+0000][gc,phases     ] GC(718)   Evacuate Collection Set: 13.9ms
[2023-11-18T03:12:53.753+0000][gc,phases     ] GC(718)   Post Evacuate Collection Set: 0.3ms
[2023-11-18T03:12:53.753+0000][gc,phases     ] GC(718)   Other: 0.2ms
[2023-11-18T03:12:53.753+0000][gc,heap       ] GC(718) Eden regions: 27->0(30)
[2023-11-18T03:12:53.753+0000][gc,heap       ] GC(718) Survivor regions: 4->3(4)
[2023-11-18T03:12:53.753+0000][gc,heap       ] GC(718) Old regions: 184->185
[2023-11-18T03:12:53.753+0000][gc,heap       ] GC(718) Humongous regions: 147->147
[2023-11-18T03:12:53.753+0000][gc,metaspace  ] GC(718) Metaspace: 44839K(47512K)->44839K(47512K) NonClass: 39572K(40960K)->39572K(40960K) Class: 5266K(6552K)->5266K(6552K)
[2023-11-18T03:12:53.754+0000][gc            ] GC(718) Pause Young (Normal) (G1 Evacuation Pause) 359M->333M(512M) 14.567ms
[2023-11-18T03:12:53.754+0000][gc,cpu        ] GC(718) User=0.03s Sys=0.00s Real=0.02s
[2023-11-18T03:14:50.748+0000][gc,start      ] GC(719) Pause Young (Normal) (G1 Evacuation Pause)
[2023-11-18T03:14:50.748+0000][gc,task       ] GC(719) Using 2 workers of 2 for evacuation
[2023-11-18T03:14:50.758+0000][gc,phases     ] GC(719)   Pre Evacuate Collection Set: 0.0ms
[2023-11-18T03:14:50.758+0000][gc,phases     ] GC(719)   Evacuate Collection Set: 9.6ms
[2023-11-18T03:14:50.758+0000][gc,phases     ] GC(719)   Post Evacuate Collection Set: 0.4ms
[2023-11-18T03:14:50.758+0000][gc,phases     ] GC(719)   Other: 0.2ms
[2023-11-18T03:14:50.758+0000][gc,heap       ] GC(719) Eden regions: 30->0(33)
[2023-11-18T03:14:50.758+0000][gc,heap       ] GC(719) Survivor regions: 3->3(5)
[2023-11-18T03:14:50.758+0000][gc,heap       ] GC(719) Old regions: 185->185
[2023-11-18T03:14:50.758+0000][gc,heap       ] GC(719) Humongous regions: 147->147
[2023-11-18T03:14:50.758+0000][gc,metaspace  ] GC(719) Metaspace: 44840K(47512K)->44840K(47512K) NonClass: 39573K(40960K)->39573K(40960K) Class: 5266K(6552K)->5266K(6552K)
[2023-11-18T03:14:50.758+0000][gc            ] GC(719) Pause Young (Normal) (G1 Evacuation Pause) 363M->333M(512M) 10.200ms
[2023-11-18T03:14:50.758+0000][gc,cpu        ] GC(719) User=0.02s Sys=0.00s Real=0.01s
[2023-11-18T03:17:00.986+0000][gc,start      ] GC(720) Pause Young (Normal) (G1 Evacuation Pause)
[2023-11-18T03:17:00.986+0000][gc,task       ] GC(720) Using 2 workers of 2 for evacuation
[2023-11-18T03:17:01.026+0000][gc,mmu        ] GC(720) MMU target violated: 21.0ms (20.0ms/21.0ms)
[2023-11-18T03:17:01.026+0000][gc,phases     ] GC(720)   Pre Evacuate Collection Set: 0.0ms
[2023-11-18T03:17:01.026+0000][gc,phases     ] GC(720)   Evacuate Collection Set: 39.3ms
[2023-11-18T03:17:01.026+0000][gc,phases     ] GC(720)   Post Evacuate Collection Set: 0.3ms
[2023-11-18T03:17:01.026+0000][gc,phases     ] GC(720)   Other: 0.3ms
[2023-11-18T03:17:01.026+0000][gc,heap       ] GC(720) Eden regions: 33->0(20)
[2023-11-18T03:17:01.026+0000][gc,heap       ] GC(720) Survivor regions: 3->5(5)
[2023-11-18T03:17:01.026+0000][gc,heap       ] GC(720) Old regions: 185->187
[2023-11-18T03:17:01.026+0000][gc,heap       ] GC(720) Humongous regions: 147->147
[2023-11-18T03:17:01.026+0000][gc,metaspace  ] GC(720) Metaspace: 44840K(47512K)->44840K(47512K) NonClass: 39573K(40960K)->39573K(40960K) Class: 5266K(6552K)->5266K(6552K)
[2023-11-18T03:17:01.026+0000][gc            ] GC(720) Pause Young (Normal) (G1 Evacuation Pause) 366M->337M(512M) 39.846ms
[2023-11-18T03:17:01.026+0000][gc,cpu        ] GC(720) User=0.07s Sys=0.01s Real=0.04s
[2023-11-18T03:18:17.260+0000][gc,start      ] GC(721) Pause Young (Normal) (G1 Evacuation Pause)
[2023-11-18T03:18:17.260+0000][gc,task       ] GC(721) Using 2 workers of 2 for evacuation
[2023-11-18T03:18:17.272+0000][gc,phases     ] GC(721)   Pre Evacuate Collection Set: 0.0ms
[2023-11-18T03:18:17.272+0000][gc,phases     ] GC(721)   Evacuate Collection Set: 11.1ms
[2023-11-18T03:18:17.272+0000][gc,phases     ] GC(721)   Post Evacuate Collection Set: 0.3ms
[2023-11-18T03:18:17.272+0000][gc,phases     ] GC(721)   Other: 0.3ms
[2023-11-18T03:18:17.272+0000][gc,heap       ] GC(721) Eden regions: 20->0(23)
[2023-11-18T03:18:17.272+0000][gc,heap       ] GC(721) Survivor regions: 5->2(4)
[2023-11-18T03:18:17.272+0000][gc,heap       ] GC(721) Old regions: 187->189
[2023-11-18T03:18:17.272+0000][gc,heap       ] GC(721) Humongous regions: 147->147
[2023-11-18T03:18:17.272+0000][gc,metaspace  ] GC(721) Metaspace: 44840K(47512K)->44840K(47512K) NonClass: 39573K(40960K)->39573K(40960K) Class: 5266K(6552K)->5266K(6552K)
[2023-11-18T03:18:17.272+0000][gc            ] GC(721) Pause Young (Normal) (G1 Evacuation Pause) 357M->336M(512M) 11.806ms
[2023-11-18T03:18:17.272+0000][gc,cpu        ] GC(721) User=0.03s Sys=0.00s Real=0.01s
[2023-11-18T03:19:46.677+0000][gc,start      ] GC(722) Pause Young (Normal) (G1 Evacuation Pause)
[2023-11-18T03:19:46.677+0000][gc,task       ] GC(722) Using 2 workers of 2 for evacuation
[2023-11-18T03:19:46.689+0000][gc,phases     ] GC(722)   Pre Evacuate Collection Set: 0.0ms
[2023-11-18T03:19:46.689+0000][gc,phases     ] GC(722)   Evacuate Collection Set: 11.5ms
[2023-11-18T03:19:46.689+0000][gc,phases     ] GC(722)   Post Evacuate Collection Set: 0.3ms
[2023-11-18T03:19:46.689+0000][gc,phases     ] GC(722)   Other: 0.2ms
[2023-11-18T03:19:46.689+0000][gc,heap       ] GC(722) Eden regions: 23->0(21)
[2023-11-18T03:19:46.689+0000][gc,heap       ] GC(722) Survivor regions: 2->4(4)
[2023-11-18T03:19:46.689+0000][gc,heap       ] GC(722) Old regions: 189->190
[2023-11-18T03:19:46.689+0000][gc,heap       ] GC(722) Humongous regions: 147->147
[2023-11-18T03:19:46.689+0000][gc,metaspace  ] GC(722) Metaspace: 44840K(47512K)->44840K(47512K) NonClass: 39573K(40960K)->39573K(40960K) Class: 5266K(6552K)->5266K(6552K)
[2023-11-18T03:19:46.689+0000][gc            ] GC(722) Pause Young (Normal) (G1 Evacuation Pause) 359M->339M(512M) 12.078ms
[2023-11-18T03:19:46.689+0000][gc,cpu        ] GC(722) User=0.03s Sys=0.00s Real=0.01s
[2023-11-18T03:21:07.806+0000][gc,start      ] GC(723) Pause Young (Normal) (G1 Evacuation Pause)
[2023-11-18T03:21:07.806+0000][gc,task       ] GC(723) Using 2 workers of 2 for evacuation
[2023-11-18T03:21:07.823+0000][gc,phases     ] GC(723)   Pre Evacuate Collection Set: 0.0ms
[2023-11-18T03:21:07.823+0000][gc,phases     ] GC(723)   Evacuate Collection Set: 16.2ms
[2023-11-18T03:21:07.823+0000][gc,phases     ] GC(723)   Post Evacuate Collection Set: 0.3ms
[2023-11-18T03:21:07.823+0000][gc,phases     ] GC(723)   Other: 0.2ms
[2023-11-18T03:21:07.823+0000][gc,heap       ] GC(723) Eden regions: 21->0(22)
[2023-11-18T03:21:07.823+0000][gc,heap       ] GC(723) Survivor regions: 4->3(4)
[2023-11-18T03:21:07.823+0000][gc,heap       ] GC(723) Old regions: 190->191
[2023-11-18T03:21:07.823+0000][gc,heap       ] GC(723) Humongous regions: 147->147
[2023-11-18T03:21:07.823+0000][gc,metaspace  ] GC(723) Metaspace: 44840K(47512K)->44840K(47512K) NonClass: 39573K(40960K)->39573K(40960K) Class: 5266K(6552K)->5266K(6552K)
[2023-11-18T03:21:07.823+0000][gc            ] GC(723) Pause Young (Normal) (G1 Evacuation Pause) 360M->339M(512M) 16.818ms
[2023-11-18T03:21:07.823+0000][gc,cpu        ] GC(723) User=0.03s Sys=0.00s Real=0.01s
[2023-11-18T03:22:33.358+0000][gc,start      ] GC(724) Pause Young (Normal) (G1 Evacuation Pause)
[2023-11-18T03:22:33.358+0000][gc,task       ] GC(724) Using 2 workers of 2 for evacuation
[2023-11-18T03:22:33.372+0000][gc,phases     ] GC(724)   Pre Evacuate Collection Set: 0.0ms
[2023-11-18T03:22:33.372+0000][gc,phases     ] GC(724)   Evacuate Collection Set: 13.3ms
[2023-11-18T03:22:33.372+0000][gc,phases     ] GC(724)   Post Evacuate Collection Set: 0.3ms
[2023-11-18T03:22:33.372+0000][gc,phases     ] GC(724)   Other: 0.2ms
[2023-11-18T03:22:33.372+0000][gc,heap       ] GC(724) Eden regions: 22->0(22)
[2023-11-18T03:22:33.372+0000][gc,heap       ] GC(724) Survivor regions: 3->4(4)
[2023-11-18T03:22:33.372+0000][gc,heap       ] GC(724) Old regions: 191->192
[2023-11-18T03:22:33.372+0000][gc,heap       ] GC(724) Humongous regions: 147->147
[2023-11-18T03:22:33.372+0000][gc,metaspace  ] GC(724) Metaspace: 44840K(47512K)->44840K(47512K) NonClass: 39573K(40960K)->39573K(40960K) Class: 5266K(6552K)->5266K(6552K)
[2023-11-18T03:22:33.372+0000][gc            ] GC(724) Pause Young (Normal) (G1 Evacuation Pause) 361M->341M(512M) 13.841ms
[2023-11-18T03:22:33.372+0000][gc,cpu        ] GC(724) User=0.02s Sys=0.00s Real=0.01s
[2023-11-18T03:23:57.854+0000][gc,start      ] GC(725) Pause Young (Normal) (G1 Evacuation Pause)
[2023-11-18T03:23:57.854+0000][gc,task       ] GC(725) Using 2 workers of 2 for evacuation
[2023-11-18T03:23:57.864+0000][gc,phases     ] GC(725)   Pre Evacuate Collection Set: 0.0ms
[2023-11-18T03:23:57.864+0000][gc,phases     ] GC(725)   Evacuate Collection Set: 10.1ms
[2023-11-18T03:23:57.864+0000][gc,phases     ] GC(725)   Post Evacuate Collection Set: 0.3ms
[2023-11-18T03:23:57.864+0000][gc,phases     ] GC(725)   Other: 0.2ms
[2023-11-18T03:23:57.864+0000][gc,heap       ] GC(725) Eden regions: 22->0(25)
[2023-11-18T03:23:57.864+0000][gc,heap       ] GC(725) Survivor regions: 4->3(4)
[2023-11-18T03:23:57.864+0000][gc,heap       ] GC(725) Old regions: 192->193
[2023-11-18T03:23:57.864+0000][gc,heap       ] GC(725) Humongous regions: 147->147
[2023-11-18T03:23:57.864+0000][gc,metaspace  ] GC(725) Metaspace: 44841K(47512K)->44841K(47512K) NonClass: 39574K(40960K)->39574K(40960K) Class: 5266K(6552K)->5266K(6552K)
[2023-11-18T03:23:57.864+0000][gc            ] GC(725) Pause Young (Normal) (G1 Evacuation Pause) 363M->340M(512M) 10.742ms
[2023-11-18T03:23:57.864+0000][gc,cpu        ] GC(725) User=0.02s Sys=0.00s Real=0.00s
[2023-11-18T03:25:31.509+0000][gc,start      ] GC(726) Pause Young (Normal) (G1 Evacuation Pause)
[2023-11-18T03:25:31.509+0000][gc,task       ] GC(726) Using 2 workers of 2 for evacuation
[2023-11-18T03:25:31.525+0000][gc,phases     ] GC(726)   Pre Evacuate Collection Set: 0.1ms
[2023-11-18T03:25:31.525+0000][gc,phases     ] GC(726)   Evacuate Collection Set: 15.0ms
[2023-11-18T03:25:31.525+0000][gc,phases     ] GC(726)   Post Evacuate Collection Set: 0.3ms
[2023-11-18T03:25:31.525+0000][gc,phases     ] GC(726)   Other: 0.2ms
[2023-11-18T03:25:31.525+0000][gc,heap       ] GC(726) Eden regions: 24->0(26)
[2023-11-18T03:25:31.525+0000][gc,heap       ] GC(726) Survivor regions: 3->3(4)
[2023-11-18T03:25:31.525+0000][gc,heap       ] GC(726) Old regions: 193->195
[2023-11-18T03:25:31.525+0000][gc,heap       ] GC(726) Humongous regions: 147->147
[2023-11-18T03:25:31.525+0000][gc,metaspace  ] GC(726) Metaspace: 44841K(47512K)->44841K(47512K) NonClass: 39574K(40960K)->39574K(40960K) Class: 5266K(6552K)->5266K(6552K)
[2023-11-18T03:25:31.525+0000][gc            ] GC(726) Pause Young (Normal) (G1 Evacuation Pause) 364M->343M(512M) 15.685ms
[2023-11-18T03:25:31.525+0000][gc,cpu        ] GC(726) User=0.02s Sys=0.00s Real=0.01s
[2023-11-18T03:27:08.448+0000][gc,start      ] GC(727) Pause Young (Normal) (G1 Evacuation Pause)
[2023-11-18T03:27:08.448+0000][gc,task       ] GC(727) Using 2 workers of 2 for evacuation
[2023-11-18T03:27:08.461+0000][gc,phases     ] GC(727)   Pre Evacuate Collection Set: 0.0ms
[2023-11-18T03:27:08.461+0000][gc,phases     ] GC(727)   Evacuate Collection Set: 12.7ms
[2023-11-18T03:27:08.461+0000][gc,phases     ] GC(727)   Post Evacuate Collection Set: 0.3ms
[2023-11-18T03:27:08.461+0000][gc,phases     ] GC(727)   Other: 0.2ms
[2023-11-18T03:27:08.461+0000][gc,heap       ] GC(727) Eden regions: 25->0(27)
[2023-11-18T03:27:08.461+0000][gc,heap       ] GC(727) Survivor regions: 3->3(4)
[2023-11-18T03:27:08.461+0000][gc,heap       ] GC(727) Old regions: 195->197
[2023-11-18T03:27:08.461+0000][gc,heap       ] GC(727) Humongous regions: 147->147
[2023-11-18T03:27:08.461+0000][gc,metaspace  ] GC(727) Metaspace: 44841K(47512K)->44841K(47512K) NonClass: 39574K(40960K)->39574K(40960K) Class: 5266K(6552K)->5266K(6552K)
[2023-11-18T03:27:08.461+0000][gc            ] GC(727) Pause Young (Normal) (G1 Evacuation Pause) 368M->344M(512M) 13.304ms
[2023-11-18T03:27:08.461+0000][gc,cpu        ] GC(727) User=0.03s Sys=0.00s Real=0.01s
[2023-11-18T03:28:52.688+0000][gc,start      ] GC(728) Pause Young (Normal) (G1 Evacuation Pause)
[2023-11-18T03:28:52.688+0000][gc,task       ] GC(728) Using 2 workers of 2 for evacuation
[2023-11-18T03:28:52.698+0000][gc,phases     ] GC(728)   Pre Evacuate Collection Set: 0.0ms
[2023-11-18T03:28:52.698+0000][gc,phases     ] GC(728)   Evacuate Collection Set: 9.6ms
[2023-11-18T03:28:52.698+0000][gc,phases     ] GC(728)   Post Evacuate Collection Set: 0.6ms
[2023-11-18T03:28:52.698+0000][gc,phases     ] GC(728)   Other: 0.2ms
[2023-11-18T03:28:52.698+0000][gc,heap       ] GC(728) Eden regions: 27->0(30)
[2023-11-18T03:28:52.698+0000][gc,heap       ] GC(728) Survivor regions: 3->2(4)
[2023-11-18T03:28:52.698+0000][gc,heap       ] GC(728) Old regions: 197->198
[2023-11-18T03:28:52.698+0000][gc,heap       ] GC(728) Humongous regions: 147->147
[2023-11-18T03:28:52.698+0000][gc,metaspace  ] GC(728) Metaspace: 44841K(47512K)->44841K(47512K) NonClass: 39574K(40960K)->39574K(40960K) Class: 5266K(6552K)->5266K(6552K)
[2023-11-18T03:28:52.698+0000][gc            ] GC(728) Pause Young (Normal) (G1 Evacuation Pause) 371M->344M(512M) 10.476ms
[2023-11-18T03:28:52.698+0000][gc,cpu        ] GC(728) User=0.02s Sys=0.00s Real=0.01s
[2023-11-18T03:30:38.001+0000][gc,start      ] GC(729) Pause Young (Normal) (G1 Evacuation Pause)
[2023-11-18T03:30:38.002+0000][gc,task       ] GC(729) Using 2 workers of 2 for evacuation
[2023-11-18T03:30:38.021+0000][gc,phases     ] GC(729)   Pre Evacuate Collection Set: 0.0ms
[2023-11-18T03:30:38.021+0000][gc,phases     ] GC(729)   Evacuate Collection Set: 19.4ms
[2023-11-18T03:30:38.021+0000][gc,phases     ] GC(729)   Post Evacuate Collection Set: 0.3ms
[2023-11-18T03:30:38.021+0000][gc,phases     ] GC(729)   Other: 0.2ms
[2023-11-18T03:30:38.021+0000][gc,heap       ] GC(729) Eden regions: 27->0(27)
[2023-11-18T03:30:38.021+0000][gc,heap       ] GC(729) Survivor regions: 2->4(4)
[2023-11-18T03:30:38.021+0000][gc,heap       ] GC(729) Old regions: 198->198
[2023-11-18T03:30:38.022+0000][gc,heap       ] GC(729) Humongous regions: 147->147
[2023-11-18T03:30:38.022+0000][gc,metaspace  ] GC(729) Metaspace: 44841K(47512K)->44841K(47512K) NonClass: 39574K(40960K)->39574K(40960K) Class: 5266K(6552K)->5266K(6552K)
[2023-11-18T03:30:38.022+0000][gc            ] GC(729) Pause Young (Normal) (G1 Evacuation Pause) 371M->347M(512M) 20.054ms
[2023-11-18T03:30:38.022+0000][gc,cpu        ] GC(729) User=0.04s Sys=0.00s Real=0.02s
[2023-11-18T03:32:23.063+0000][gc,start      ] GC(730) Pause Young (Normal) (G1 Evacuation Pause)
[2023-11-18T03:32:23.063+0000][gc,task       ] GC(730) Using 2 workers of 2 for evacuation
[2023-11-18T03:32:23.077+0000][gc,phases     ] GC(730)   Pre Evacuate Collection Set: 0.0ms
[2023-11-18T03:32:23.077+0000][gc,phases     ] GC(730)   Evacuate Collection Set: 14.0ms
[2023-11-18T03:32:23.077+0000][gc,phases     ] GC(730)   Post Evacuate Collection Set: 0.3ms
[2023-11-18T03:32:23.077+0000][gc,phases     ] GC(730)   Other: 0.2ms
[2023-11-18T03:32:23.077+0000][gc,heap       ] GC(730) Eden regions: 27->0(29)
[2023-11-18T03:32:23.077+0000][gc,heap       ] GC(730) Survivor regions: 4->3(4)
[2023-11-18T03:32:23.077+0000][gc,heap       ] GC(730) Old regions: 198->200
[2023-11-18T03:32:23.077+0000][gc,heap       ] GC(730) Humongous regions: 147->147
[2023-11-18T03:32:23.077+0000][gc,metaspace  ] GC(730) Metaspace: 44841K(47512K)->44841K(47512K) NonClass: 39574K(40960K)->39574K(40960K) Class: 5266K(6552K)->5266K(6552K)
[2023-11-18T03:32:23.078+0000][gc            ] GC(730) Pause Young (Normal) (G1 Evacuation Pause) 374M->348M(512M) 14.600ms
[2023-11-18T03:32:23.078+0000][gc,cpu        ] GC(730) User=0.02s Sys=0.00s Real=0.02s
[2023-11-18T03:34:07.352+0000][gc,start      ] GC(731) Pause Young (Normal) (G1 Evacuation Pause)
[2023-11-18T03:34:07.352+0000][gc,task       ] GC(731) Using 2 workers of 2 for evacuation
[2023-11-18T03:34:07.363+0000][gc,phases     ] GC(731)   Pre Evacuate Collection Set: 0.0ms
[2023-11-18T03:34:07.363+0000][gc,phases     ] GC(731)   Evacuate Collection Set: 9.6ms
[2023-11-18T03:34:07.363+0000][gc,phases     ] GC(731)   Post Evacuate Collection Set: 0.4ms
[2023-11-18T03:34:07.363+0000][gc,phases     ] GC(731)   Other: 0.2ms
[2023-11-18T03:34:07.363+0000][gc,heap       ] GC(731) Eden regions: 27->0(33)
[2023-11-18T03:34:07.363+0000][gc,heap       ] GC(731) Survivor regions: 3->2(4)
[2023-11-18T03:34:07.363+0000][gc,heap       ] GC(731) Old regions: 200->201
[2023-11-18T03:34:07.363+0000][gc,heap       ] GC(731) Humongous regions: 147->147
[2023-11-18T03:34:07.363+0000][gc,metaspace  ] GC(731) Metaspace: 44842K(47512K)->44842K(47512K) NonClass: 39575K(40960K)->39575K(40960K) Class: 5266K(6552K)->5266K(6552K)
[2023-11-18T03:34:07.363+0000][gc            ] GC(731) Pause Young (Normal) (G1 Evacuation Pause) 375M->348M(512M) 10.257ms
[2023-11-18T03:34:07.363+0000][gc,cpu        ] GC(731) User=0.02s Sys=0.00s Real=0.01s
[2023-11-18T03:36:17.085+0000][gc,start      ] GC(732) Pause Young (Normal) (G1 Evacuation Pause)
[2023-11-18T03:36:17.085+0000][gc,task       ] GC(732) Using 2 workers of 2 for evacuation
[2023-11-18T03:36:17.100+0000][gc,phases     ] GC(732)   Pre Evacuate Collection Set: 0.0ms
[2023-11-18T03:36:17.101+0000][gc,phases     ] GC(732)   Evacuate Collection Set: 14.7ms
[2023-11-18T03:36:17.101+0000][gc,phases     ] GC(732)   Post Evacuate Collection Set: 0.3ms
[2023-11-18T03:36:17.101+0000][gc,phases     ] GC(732)   Other: 0.2ms
[2023-11-18T03:36:17.101+0000][gc,heap       ] GC(732) Eden regions: 33->0(33)
[2023-11-18T03:36:17.101+0000][gc,heap       ] GC(732) Survivor regions: 2->5(5)
[2023-11-18T03:36:17.101+0000][gc,heap       ] GC(732) Old regions: 201->201
[2023-11-18T03:36:17.101+0000][gc,heap       ] GC(732) Humongous regions: 147->147
[2023-11-18T03:36:17.101+0000][gc,metaspace  ] GC(732) Metaspace: 44842K(47512K)->44842K(47512K) NonClass: 39575K(40960K)->39575K(40960K) Class: 5266K(6552K)->5266K(6552K)
[2023-11-18T03:36:17.101+0000][gc            ] GC(732) Pause Young (Normal) (G1 Evacuation Pause) 381M->351M(512M) 15.399ms
[2023-11-18T03:36:17.101+0000][gc,cpu        ] GC(732) User=0.03s Sys=0.00s Real=0.02s
[2023-11-18T03:38:25.459+0000][gc,start      ] GC(733) Pause Young (Normal) (G1 Evacuation Pause)
[2023-11-18T03:38:25.459+0000][gc,task       ] GC(733) Using 2 workers of 2 for evacuation
[2023-11-18T03:38:25.477+0000][gc,phases     ] GC(733)   Pre Evacuate Collection Set: 0.0ms
[2023-11-18T03:38:25.477+0000][gc,phases     ] GC(733)   Evacuate Collection Set: 17.3ms
[2023-11-18T03:38:25.477+0000][gc,phases     ] GC(733)   Post Evacuate Collection Set: 0.3ms
[2023-11-18T03:38:25.477+0000][gc,phases     ] GC(733)   Other: 0.2ms
[2023-11-18T03:38:25.477+0000][gc,heap       ] GC(733) Eden regions: 33->0(34)
[2023-11-18T03:38:25.477+0000][gc,heap       ] GC(733) Survivor regions: 5->4(5)
[2023-11-18T03:38:25.477+0000][gc,heap       ] GC(733) Old regions: 201->204
[2023-11-18T03:38:25.477+0000][gc,heap       ] GC(733) Humongous regions: 147->147
[2023-11-18T03:38:25.477+0000][gc,metaspace  ] GC(733) Metaspace: 44842K(47512K)->44842K(47512K) NonClass: 39575K(40960K)->39575K(40960K) Class: 5266K(6552K)->5266K(6552K)
[2023-11-18T03:38:25.477+0000][gc            ] GC(733) Pause Young (Normal) (G1 Evacuation Pause) 384M->352M(512M) 17.998ms
[2023-11-18T03:38:25.477+0000][gc,cpu        ] GC(733) User=0.03s Sys=0.00s Real=0.02s
[2023-11-18T03:40:38.544+0000][gc,start      ] GC(734) Pause Young (Normal) (G1 Evacuation Pause)
[2023-11-18T03:40:38.544+0000][gc,task       ] GC(734) Using 2 workers of 2 for evacuation
[2023-11-18T03:40:38.555+0000][gc,phases     ] GC(734)   Pre Evacuate Collection Set: 0.0ms
[2023-11-18T03:40:38.555+0000][gc,phases     ] GC(734)   Evacuate Collection Set: 11.0ms
[2023-11-18T03:40:38.555+0000][gc,phases     ] GC(734)   Post Evacuate Collection Set: 0.3ms
[2023-11-18T03:40:38.555+0000][gc,phases     ] GC(734)   Other: 0.2ms
[2023-11-18T03:40:38.555+0000][gc,heap       ] GC(734) Eden regions: 34->0(37)
[2023-11-18T03:40:38.555+0000][gc,heap       ] GC(734) Survivor regions: 4->3(5)
[2023-11-18T03:40:38.555+0000][gc,heap       ] GC(734) Old regions: 204->205
[2023-11-18T03:40:38.555+0000][gc,heap       ] GC(734) Humongous regions: 147->147
[2023-11-18T03:40:38.555+0000][gc,metaspace  ] GC(734) Metaspace: 44842K(47512K)->44842K(47512K) NonClass: 39575K(40960K)->39575K(40960K) Class: 5266K(6552K)->5266K(6552K)
[2023-11-18T03:40:38.555+0000][gc            ] GC(734) Pause Young (Normal) (G1 Evacuation Pause) 386M->353M(512M) 11.582ms
[2023-11-18T03:40:38.555+0000][gc,cpu        ] GC(734) User=0.03s Sys=0.00s Real=0.02s
[2023-11-18T03:43:03.802+0000][gc,start      ] GC(735) Pause Young (Normal) (G1 Evacuation Pause)
[2023-11-18T03:43:03.802+0000][gc,task       ] GC(735) Using 2 workers of 2 for evacuation
[2023-11-18T03:43:03.814+0000][gc,phases     ] GC(735)   Pre Evacuate Collection Set: 0.0ms
[2023-11-18T03:43:03.814+0000][gc,phases     ] GC(735)   Evacuate Collection Set: 11.3ms
[2023-11-18T03:43:03.814+0000][gc,phases     ] GC(735)   Post Evacuate Collection Set: 0.3ms
[2023-11-18T03:43:03.814+0000][gc,phases     ] GC(735)   Other: 0.2ms
[2023-11-18T03:43:03.814+0000][gc,heap       ] GC(735) Eden regions: 37->0(39)
[2023-11-18T03:43:03.814+0000][gc,heap       ] GC(735) Survivor regions: 3->3(5)
[2023-11-18T03:43:03.814+0000][gc,heap       ] GC(735) Old regions: 205->207
[2023-11-18T03:43:03.814+0000][gc,heap       ] GC(735) Humongous regions: 147->147
[2023-11-18T03:43:03.814+0000][gc,metaspace  ] GC(735) Metaspace: 44842K(47512K)->44842K(47512K) NonClass: 39575K(40960K)->39575K(40960K) Class: 5266K(6552K)->5266K(6552K)
[2023-11-18T03:43:03.814+0000][gc            ] GC(735) Pause Young (Normal) (G1 Evacuation Pause) 390M->354M(512M) 11.891ms
[2023-11-18T03:43:03.814+0000][gc,cpu        ] GC(735) User=0.03s Sys=0.00s Real=0.02s
[2023-11-18T03:45:36.222+0000][gc,start      ] GC(736) Pause Young (Normal) (G1 Evacuation Pause)
[2023-11-18T03:45:36.222+0000][gc,task       ] GC(736) Using 2 workers of 2 for evacuation
[2023-11-18T03:45:36.234+0000][gc,phases     ] GC(736)   Pre Evacuate Collection Set: 0.0ms
[2023-11-18T03:45:36.234+0000][gc,phases     ] GC(736)   Evacuate Collection Set: 11.0ms
[2023-11-18T03:45:36.234+0000][gc,phases     ] GC(736)   Post Evacuate Collection Set: 0.4ms
[2023-11-18T03:45:36.234+0000][gc,phases     ] GC(736)   Other: 0.2ms
[2023-11-18T03:45:36.234+0000][gc,heap       ] GC(736) Eden regions: 39->0(41)
[2023-11-18T03:45:36.234+0000][gc,heap       ] GC(736) Survivor regions: 3->4(6)
[2023-11-18T03:45:36.234+0000][gc,heap       ] GC(736) Old regions: 207->207
[2023-11-18T03:45:36.234+0000][gc,heap       ] GC(736) Humongous regions: 147->147
[2023-11-18T03:45:36.234+0000][gc,metaspace  ] GC(736) Metaspace: 44842K(47512K)->44842K(47512K) NonClass: 39575K(40960K)->39575K(40960K) Class: 5266K(6552K)->5266K(6552K)
[2023-11-18T03:45:36.234+0000][gc            ] GC(736) Pause Young (Normal) (G1 Evacuation Pause) 393M->356M(512M) 11.708ms
[2023-11-18T03:45:36.234+0000][gc,cpu        ] GC(736) User=0.02s Sys=0.00s Real=0.02s
[2023-11-18T03:48:17.285+0000][gc,start      ] GC(737) Pause Young (Normal) (G1 Evacuation Pause)
[2023-11-18T03:48:17.285+0000][gc,task       ] GC(737) Using 2 workers of 2 for evacuation
[2023-11-18T03:48:17.301+0000][gc,phases     ] GC(737)   Pre Evacuate Collection Set: 0.0ms
[2023-11-18T03:48:17.301+0000][gc,phases     ] GC(737)   Evacuate Collection Set: 15.5ms
[2023-11-18T03:48:17.301+0000][gc,phases     ] GC(737)   Post Evacuate Collection Set: 0.3ms
[2023-11-18T03:48:17.301+0000][gc,phases     ] GC(737)   Other: 0.3ms
[2023-11-18T03:48:17.301+0000][gc,heap       ] GC(737) Eden regions: 41->0(41)
[2023-11-18T03:48:17.301+0000][gc,heap       ] GC(737) Survivor regions: 4->4(6)
[2023-11-18T03:48:17.301+0000][gc,heap       ] GC(737) Old regions: 207->208
[2023-11-18T03:48:17.301+0000][gc,heap       ] GC(737) Humongous regions: 147->147
[2023-11-18T03:48:17.301+0000][gc,metaspace  ] GC(737) Metaspace: 44842K(47512K)->44842K(47512K) NonClass: 39576K(40960K)->39576K(40960K) Class: 5266K(6552K)->5266K(6552K)
[2023-11-18T03:48:17.301+0000][gc            ] GC(737) Pause Young (Normal) (G1 Evacuation Pause) 397M->357M(512M) 16.140ms
[2023-11-18T03:48:17.301+0000][gc,cpu        ] GC(737) User=0.03s Sys=0.00s Real=0.02s
[2023-11-18T03:50:58.586+0000][gc,start      ] GC(738) Pause Young (Normal) (G1 Evacuation Pause)
[2023-11-18T03:50:58.587+0000][gc,task       ] GC(738) Using 2 workers of 2 for evacuation
[2023-11-18T03:50:58.603+0000][gc,phases     ] GC(738)   Pre Evacuate Collection Set: 0.0ms
[2023-11-18T03:50:58.603+0000][gc,phases     ] GC(738)   Evacuate Collection Set: 15.7ms
[2023-11-18T03:50:58.603+0000][gc,phases     ] GC(738)   Post Evacuate Collection Set: 0.4ms
[2023-11-18T03:50:58.603+0000][gc,phases     ] GC(738)   Other: 0.3ms
[2023-11-18T03:50:58.603+0000][gc,heap       ] GC(738) Eden regions: 41->0(42)
[2023-11-18T03:50:58.603+0000][gc,heap       ] GC(738) Survivor regions: 4->4(6)
[2023-11-18T03:50:58.603+0000][gc,heap       ] GC(738) Old regions: 208->210
[2023-11-18T03:50:58.603+0000][gc,heap       ] GC(738) Humongous regions: 147->147
[2023-11-18T03:50:58.603+0000][gc,metaspace  ] GC(738) Metaspace: 44842K(47512K)->44842K(47512K) NonClass: 39576K(40960K)->39576K(40960K) Class: 5266K(6552K)->5266K(6552K)
[2023-11-18T03:50:58.603+0000][gc            ] GC(738) Pause Young (Normal) (G1 Evacuation Pause) 398M->359M(512M) 16.442ms
[2023-11-18T03:50:58.603+0000][gc,cpu        ] GC(738) User=0.03s Sys=0.00s Real=0.01s
[2023-11-18T03:53:43.716+0000][gc,start      ] GC(739) Pause Young (Normal) (G1 Evacuation Pause)
[2023-11-18T03:53:43.716+0000][gc,task       ] GC(739) Using 2 workers of 2 for evacuation
[2023-11-18T03:53:43.733+0000][gc,phases     ] GC(739)   Pre Evacuate Collection Set: 0.0ms
[2023-11-18T03:53:43.733+0000][gc,phases     ] GC(739)   Evacuate Collection Set: 16.9ms
[2023-11-18T03:53:43.733+0000][gc,phases     ] GC(739)   Post Evacuate Collection Set: 0.4ms
[2023-11-18T03:53:43.733+0000][gc,phases     ] GC(739)   Other: 0.2ms
[2023-11-18T03:53:43.733+0000][gc,heap       ] GC(739) Eden regions: 42->0(42)
[2023-11-18T03:53:43.733+0000][gc,heap       ] GC(739) Survivor regions: 4->4(6)
[2023-11-18T03:53:43.733+0000][gc,heap       ] GC(739) Old regions: 210->212
[2023-11-18T03:53:43.733+0000][gc,heap       ] GC(739) Humongous regions: 147->147
[2023-11-18T03:53:43.733+0000][gc,metaspace  ] GC(739) Metaspace: 44843K(47512K)->44843K(47512K) NonClass: 39576K(40960K)->39576K(40960K) Class: 5266K(6552K)->5266K(6552K)
[2023-11-18T03:53:43.733+0000][gc            ] GC(739) Pause Young (Normal) (G1 Evacuation Pause) 401M->361M(512M) 17.669ms
[2023-11-18T03:53:43.733+0000][gc,cpu        ] GC(739) User=0.03s Sys=0.00s Real=0.01s
[2023-11-18T03:56:29.175+0000][gc,start      ] GC(740) Pause Young (Normal) (G1 Evacuation Pause)
[2023-11-18T03:56:29.175+0000][gc,task       ] GC(740) Using 2 workers of 2 for evacuation
[2023-11-18T03:56:29.188+0000][gc,phases     ] GC(740)   Pre Evacuate Collection Set: 0.0ms
[2023-11-18T03:56:29.188+0000][gc,phases     ] GC(740)   Evacuate Collection Set: 12.9ms
[2023-11-18T03:56:29.188+0000][gc,phases     ] GC(740)   Post Evacuate Collection Set: 0.3ms
[2023-11-18T03:56:29.188+0000][gc,phases     ] GC(740)   Other: 0.3ms
[2023-11-18T03:56:29.188+0000][gc,heap       ] GC(740) Eden regions: 42->0(43)
[2023-11-18T03:56:29.188+0000][gc,heap       ] GC(740) Survivor regions: 4->4(6)
[2023-11-18T03:56:29.188+0000][gc,heap       ] GC(740) Old regions: 212->214
[2023-11-18T03:56:29.188+0000][gc,heap       ] GC(740) Humongous regions: 147->147
[2023-11-18T03:56:29.188+0000][gc,metaspace  ] GC(740) Metaspace: 44843K(47512K)->44843K(47512K) NonClass: 39576K(40960K)->39576K(40960K) Class: 5266K(6552K)->5266K(6552K)
[2023-11-18T03:56:29.188+0000][gc            ] GC(740) Pause Young (Normal) (G1 Evacuation Pause) 403M->363M(512M) 13.686ms
[2023-11-18T03:56:29.188+0000][gc,cpu        ] GC(740) User=0.03s Sys=0.00s Real=0.01s
[2023-11-18T03:59:17.541+0000][gc,start      ] GC(741) Pause Young (Normal) (G1 Evacuation Pause)
[2023-11-18T03:59:17.542+0000][gc,task       ] GC(741) Using 2 workers of 2 for evacuation
[2023-11-18T03:59:17.557+0000][gc,phases     ] GC(741)   Pre Evacuate Collection Set: 0.0ms
[2023-11-18T03:59:17.557+0000][gc,phases     ] GC(741)   Evacuate Collection Set: 14.7ms
[2023-11-18T03:59:17.557+0000][gc,phases     ] GC(741)   Post Evacuate Collection Set: 0.3ms
[2023-11-18T03:59:17.557+0000][gc,phases     ] GC(741)   Other: 0.4ms
[2023-11-18T03:59:17.557+0000][gc,heap       ] GC(741) Eden regions: 43->0(44)
[2023-11-18T03:59:17.557+0000][gc,heap       ] GC(741) Survivor regions: 4->4(6)
[2023-11-18T03:59:17.557+0000][gc,heap       ] GC(741) Old regions: 214->216
[2023-11-18T03:59:17.557+0000][gc,heap       ] GC(741) Humongous regions: 147->147
[2023-11-18T03:59:17.557+0000][gc,metaspace  ] GC(741) Metaspace: 44843K(47512K)->44843K(47512K) NonClass: 39576K(40960K)->39576K(40960K) Class: 5266K(6552K)->5266K(6552K)
[2023-11-18T03:59:17.557+0000][gc            ] GC(741) Pause Young (Normal) (G1 Evacuation Pause) 406M->364M(512M) 15.463ms
[2023-11-18T03:59:17.557+0000][gc,cpu        ] GC(741) User=0.03s Sys=0.00s Real=0.02s
[2023-11-18T04:02:11.220+0000][gc,start      ] GC(742) Pause Young (Normal) (G1 Evacuation Pause)
[2023-11-18T04:02:11.220+0000][gc,task       ] GC(742) Using 2 workers of 2 for evacuation
[2023-11-18T04:02:11.239+0000][gc,phases     ] GC(742)   Pre Evacuate Collection Set: 0.0ms
[2023-11-18T04:02:11.239+0000][gc,phases     ] GC(742)   Evacuate Collection Set: 18.4ms
[2023-11-18T04:02:11.239+0000][gc,phases     ] GC(742)   Post Evacuate Collection Set: 0.3ms
[2023-11-18T04:02:11.239+0000][gc,phases     ] GC(742)   Other: 0.2ms
[2023-11-18T04:02:11.239+0000][gc,heap       ] GC(742) Eden regions: 44->0(44)
[2023-11-18T04:02:11.239+0000][gc,heap       ] GC(742) Survivor regions: 4->5(6)
[2023-11-18T04:02:11.239+0000][gc,heap       ] GC(742) Old regions: 216->217
[2023-11-18T04:02:11.239+0000][gc,heap       ] GC(742) Humongous regions: 147->147
[2023-11-18T04:02:11.239+0000][gc,metaspace  ] GC(742) Metaspace: 44843K(47512K)->44843K(47512K) NonClass: 39576K(40960K)->39576K(40960K) Class: 5266K(6552K)->5266K(6552K)
[2023-11-18T04:02:11.239+0000][gc            ] GC(742) Pause Young (Normal) (G1 Evacuation Pause) 408M->367M(512M) 19.046ms
[2023-11-18T04:02:11.239+0000][gc,cpu        ] GC(742) User=0.04s Sys=0.00s Real=0.02s
[2023-11-18T04:05:00.067+0000][gc,start      ] GC(743) Pause Young (Normal) (G1 Evacuation Pause)
[2023-11-18T04:05:00.068+0000][gc,task       ] GC(743) Using 2 workers of 2 for evacuation
[2023-11-18T04:05:00.101+0000][gc,mmu        ] GC(743) MMU target violated: 21.0ms (20.0ms/21.0ms)
[2023-11-18T04:05:00.101+0000][gc,phases     ] GC(743)   Pre Evacuate Collection Set: 0.0ms
[2023-11-18T04:05:00.101+0000][gc,phases     ] GC(743)   Evacuate Collection Set: 33.3ms
[2023-11-18T04:05:00.101+0000][gc,phases     ] GC(743)   Post Evacuate Collection Set: 0.4ms
[2023-11-18T04:05:00.102+0000][gc,phases     ] GC(743)   Other: 0.3ms
[2023-11-18T04:05:00.102+0000][gc,heap       ] GC(743) Eden regions: 43->0(30)
[2023-11-18T04:05:00.102+0000][gc,heap       ] GC(743) Survivor regions: 5->5(6)
[2023-11-18T04:05:00.102+0000][gc,heap       ] GC(743) Old regions: 217->219
[2023-11-18T04:05:00.102+0000][gc,heap       ] GC(743) Humongous regions: 147->147
[2023-11-18T04:05:00.102+0000][gc,metaspace  ] GC(743) Metaspace: 44843K(47512K)->44843K(47512K) NonClass: 39576K(40960K)->39576K(40960K) Class: 5266K(6552K)->5266K(6552K)
[2023-11-18T04:05:00.102+0000][gc            ] GC(743) Pause Young (Normal) (G1 Evacuation Pause) 410M->368M(512M) 34.125ms
[2023-11-18T04:05:00.102+0000][gc,cpu        ] GC(743) User=0.06s Sys=0.01s Real=0.03s
[2023-11-18T04:06:26.205+0000][gc,start      ] GC(744) Pause Young (Normal) (G1 Evacuation Pause)
[2023-11-18T04:06:26.205+0000][gc,task       ] GC(744) Using 2 workers of 2 for evacuation
[2023-11-18T04:06:26.237+0000][gc,mmu        ] GC(744) MMU target violated: 21.0ms (20.0ms/21.0ms)
[2023-11-18T04:06:26.237+0000][gc,phases     ] GC(744)   Pre Evacuate Collection Set: 0.0ms
[2023-11-18T04:06:26.237+0000][gc,phases     ] GC(744)   Evacuate Collection Set: 31.2ms
[2023-11-18T04:06:26.237+0000][gc,phases     ] GC(744)   Post Evacuate Collection Set: 0.3ms
[2023-11-18T04:06:26.237+0000][gc,phases     ] GC(744)   Other: 0.4ms
[2023-11-18T04:06:26.237+0000][gc,heap       ] GC(744) Eden regions: 22->0(22)
[2023-11-18T04:06:26.237+0000][gc,heap       ] GC(744) Survivor regions: 5->3(4)
[2023-11-18T04:06:26.237+0000][gc,heap       ] GC(744) Old regions: 219->223
[2023-11-18T04:06:26.237+0000][gc,heap       ] GC(744) Humongous regions: 147->147
[2023-11-18T04:06:26.237+0000][gc,metaspace  ] GC(744) Metaspace: 44843K(47512K)->44843K(47512K) NonClass: 39576K(40960K)->39576K(40960K) Class: 5266K(6552K)->5266K(6552K)
[2023-11-18T04:06:26.237+0000][gc            ] GC(744) Pause Young (Normal) (G1 Evacuation Pause) 390M->371M(512M) 32.001ms
[2023-11-18T04:06:26.237+0000][gc,cpu        ] GC(744) User=0.05s Sys=0.01s Real=0.04s
[2023-11-18T04:07:41.570+0000][gc,start      ] GC(745) Pause Young (Normal) (G1 Evacuation Pause)
[2023-11-18T04:07:41.570+0000][gc,task       ] GC(745) Using 2 workers of 2 for evacuation
[2023-11-18T04:07:41.588+0000][gc,phases     ] GC(745)   Pre Evacuate Collection Set: 0.0ms
[2023-11-18T04:07:41.588+0000][gc,phases     ] GC(745)   Evacuate Collection Set: 16.4ms
[2023-11-18T04:07:41.588+0000][gc,phases     ] GC(745)   Post Evacuate Collection Set: 1.1ms
[2023-11-18T04:07:41.588+0000][gc,phases     ] GC(745)   Other: 0.2ms
[2023-11-18T04:07:41.588+0000][gc,heap       ] GC(745) Eden regions: 22->0(22)
[2023-11-18T04:07:41.588+0000][gc,heap       ] GC(745) Survivor regions: 3->3(4)
[2023-11-18T04:07:41.588+0000][gc,heap       ] GC(745) Old regions: 223->225
[2023-11-18T04:07:41.588+0000][gc,heap       ] GC(745) Humongous regions: 147->147
[2023-11-18T04:07:41.588+0000][gc,metaspace  ] GC(745) Metaspace: 44843K(47512K)->44843K(47512K) NonClass: 39576K(40960K)->39576K(40960K) Class: 5266K(6552K)->5266K(6552K)
[2023-11-18T04:07:41.588+0000][gc            ] GC(745) Pause Young (Normal) (G1 Evacuation Pause) 393M->373M(512M) 17.831ms
[2023-11-18T04:07:41.588+0000][gc,cpu        ] GC(745) User=0.03s Sys=0.00s Real=0.02s
[2023-11-18T04:08:54.505+0000][gc,start      ] GC(746) Pause Young (Normal) (G1 Evacuation Pause)
[2023-11-18T04:08:54.505+0000][gc,task       ] GC(746) Using 2 workers of 2 for evacuation
[2023-11-18T04:08:54.530+0000][gc,mmu        ] GC(746) MMU target violated: 21.0ms (20.0ms/21.0ms)
[2023-11-18T04:08:54.530+0000][gc,phases     ] GC(746)   Pre Evacuate Collection Set: 0.0ms
[2023-11-18T04:08:54.530+0000][gc,phases     ] GC(746)   Evacuate Collection Set: 24.9ms
[2023-11-18T04:08:54.530+0000][gc,phases     ] GC(746)   Post Evacuate Collection Set: 0.4ms
[2023-11-18T04:08:54.530+0000][gc,phases     ] GC(746)   Other: 0.3ms
[2023-11-18T04:08:54.530+0000][gc,heap       ] GC(746) Eden regions: 22->0(21)
[2023-11-18T04:08:54.530+0000][gc,heap       ] GC(746) Survivor regions: 3->4(4)
[2023-11-18T04:08:54.530+0000][gc,heap       ] GC(746) Old regions: 225->227
[2023-11-18T04:08:54.530+0000][gc,heap       ] GC(746) Humongous regions: 147->147
[2023-11-18T04:08:54.530+0000][gc,metaspace  ] GC(746) Metaspace: 44843K(47512K)->44843K(47512K) NonClass: 39576K(40960K)->39576K(40960K) Class: 5266K(6552K)->5266K(6552K)
[2023-11-18T04:08:54.530+0000][gc            ] GC(746) Pause Young (Normal) (G1 Evacuation Pause) 395M->376M(512M) 25.651ms
[2023-11-18T04:08:54.530+0000][gc,cpu        ] GC(746) User=0.05s Sys=0.00s Real=0.03s
[2023-11-18T04:10:15.663+0000][gc,start      ] GC(747) Pause Young (Normal) (G1 Evacuation Pause)
[2023-11-18T04:10:15.663+0000][gc,task       ] GC(747) Using 2 workers of 2 for evacuation
[2023-11-18T04:10:15.681+0000][gc,phases     ] GC(747)   Pre Evacuate Collection Set: 0.0ms
[2023-11-18T04:10:15.681+0000][gc,phases     ] GC(747)   Evacuate Collection Set: 17.2ms
[2023-11-18T04:10:15.681+0000][gc,phases     ] GC(747)   Post Evacuate Collection Set: 0.4ms
[2023-11-18T04:10:15.681+0000][gc,phases     ] GC(747)   Other: 0.2ms
[2023-11-18T04:10:15.681+0000][gc,heap       ] GC(747) Eden regions: 21->0(22)
[2023-11-18T04:10:15.681+0000][gc,heap       ] GC(747) Survivor regions: 4->3(4)
[2023-11-18T04:10:15.681+0000][gc,heap       ] GC(747) Old regions: 227->231
[2023-11-18T04:10:15.681+0000][gc,heap       ] GC(747) Humongous regions: 147->147
[2023-11-18T04:10:15.681+0000][gc,metaspace  ] GC(747) Metaspace: 44843K(47512K)->44843K(47512K) NonClass: 39576K(40960K)->39576K(40960K) Class: 5266K(6552K)->5266K(6552K)
[2023-11-18T04:10:15.681+0000][gc            ] GC(747) Pause Young (Normal) (G1 Evacuation Pause) 397M->378M(512M) 17.861ms
[2023-11-18T04:10:15.681+0000][gc,cpu        ] GC(747) User=0.04s Sys=0.00s Real=0.02s
[2023-11-18T04:11:41.129+0000][gc,start      ] GC(748) Pause Young (Normal) (G1 Evacuation Pause)
[2023-11-18T04:11:41.129+0000][gc,task       ] GC(748) Using 2 workers of 2 for evacuation
[2023-11-18T04:11:41.140+0000][gc,phases     ] GC(748)   Pre Evacuate Collection Set: 0.0ms
[2023-11-18T04:11:41.140+0000][gc,phases     ] GC(748)   Evacuate Collection Set: 10.7ms
[2023-11-18T04:11:41.140+0000][gc,phases     ] GC(748)   Post Evacuate Collection Set: 0.3ms
[2023-11-18T04:11:41.140+0000][gc,phases     ] GC(748)   Other: 0.2ms
[2023-11-18T04:11:41.140+0000][gc,heap       ] GC(748) Eden regions: 22->0(22)
[2023-11-18T04:11:41.140+0000][gc,heap       ] GC(748) Survivor regions: 3->3(4)
[2023-11-18T04:11:41.140+0000][gc,heap       ] GC(748) Old regions: 231->232
[2023-11-18T04:11:41.140+0000][gc,heap       ] GC(748) Humongous regions: 147->147
[2023-11-18T04:11:41.140+0000][gc,metaspace  ] GC(748) Metaspace: 44843K(47512K)->44843K(47512K) NonClass: 39576K(40960K)->39576K(40960K) Class: 5266K(6552K)->5266K(6552K)
[2023-11-18T04:11:41.140+0000][gc            ] GC(748) Pause Young (Normal) (G1 Evacuation Pause) 400M->380M(512M) 11.277ms
[2023-11-18T04:11:41.140+0000][gc,cpu        ] GC(748) User=0.03s Sys=0.00s Real=0.01s
[2023-11-18T04:13:06.451+0000][gc,start      ] GC(749) Pause Young (Normal) (G1 Evacuation Pause)
[2023-11-18T04:13:06.451+0000][gc,task       ] GC(749) Using 2 workers of 2 for evacuation
[2023-11-18T04:13:06.460+0000][gc,phases     ] GC(749)   Pre Evacuate Collection Set: 0.0ms
[2023-11-18T04:13:06.460+0000][gc,phases     ] GC(749)   Evacuate Collection Set: 8.9ms
[2023-11-18T04:13:06.460+0000][gc,phases     ] GC(749)   Post Evacuate Collection Set: 0.3ms
[2023-11-18T04:13:06.460+0000][gc,phases     ] GC(749)   Other: 0.2ms
[2023-11-18T04:13:06.460+0000][gc,heap       ] GC(749) Eden regions: 22->0(27)
[2023-11-18T04:13:06.460+0000][gc,heap       ] GC(749) Survivor regions: 3->2(4)
[2023-11-18T04:13:06.460+0000][gc,heap       ] GC(749) Old regions: 232->233
[2023-11-18T04:13:06.460+0000][gc,heap       ] GC(749) Humongous regions: 147->147
[2023-11-18T04:13:06.460+0000][gc,metaspace  ] GC(749) Metaspace: 44843K(47512K)->44843K(47512K) NonClass: 39576K(40960K)->39576K(40960K) Class: 5266K(6552K)->5266K(6552K)
[2023-11-18T04:13:06.460+0000][gc            ] GC(749) Pause Young (Normal) (G1 Evacuation Pause) 402M->379M(512M) 9.462ms
[2023-11-18T04:13:06.460+0000][gc,cpu        ] GC(749) User=0.02s Sys=0.00s Real=0.01s
[2023-11-18T04:14:51.621+0000][gc,start      ] GC(750) Pause Young (Normal) (G1 Evacuation Pause)
[2023-11-18T04:14:51.621+0000][gc,task       ] GC(750) Using 2 workers of 2 for evacuation
[2023-11-18T04:14:51.634+0000][gc,phases     ] GC(750)   Pre Evacuate Collection Set: 0.0ms
[2023-11-18T04:14:51.634+0000][gc,phases     ] GC(750)   Evacuate Collection Set: 12.0ms
[2023-11-18T04:14:51.634+0000][gc,phases     ] GC(750)   Post Evacuate Collection Set: 0.3ms
[2023-11-18T04:14:51.634+0000][gc,phases     ] GC(750)   Other: 0.2ms
[2023-11-18T04:14:51.634+0000][gc,heap       ] GC(750) Eden regions: 27->0(26)
[2023-11-18T04:14:51.634+0000][gc,heap       ] GC(750) Survivor regions: 2->4(4)
[2023-11-18T04:14:51.634+0000][gc,heap       ] GC(750) Old regions: 233->233
[2023-11-18T04:14:51.634+0000][gc,heap       ] GC(750) Humongous regions: 147->147
[2023-11-18T04:14:51.634+0000][gc,metaspace  ] GC(750) Metaspace: 44843K(47512K)->44843K(47512K) NonClass: 39577K(40960K)->39577K(40960K) Class: 5266K(6552K)->5266K(6552K)
[2023-11-18T04:14:51.634+0000][gc            ] GC(750) Pause Young (Normal) (G1 Evacuation Pause) 406M->382M(512M) 12.607ms
[2023-11-18T04:14:51.634+0000][gc,cpu        ] GC(750) User=0.03s Sys=0.00s Real=0.02s
[2023-11-18T04:16:32.800+0000][gc,start      ] GC(751) Pause Young (Normal) (G1 Evacuation Pause)
[2023-11-18T04:16:32.800+0000][gc,task       ] GC(751) Using 2 workers of 2 for evacuation
[2023-11-18T04:16:32.824+0000][gc,mmu        ] GC(751) MMU target violated: 21.0ms (20.0ms/21.0ms)
[2023-11-18T04:16:32.824+0000][gc,phases     ] GC(751)   Pre Evacuate Collection Set: 0.0ms
[2023-11-18T04:16:32.824+0000][gc,phases     ] GC(751)   Evacuate Collection Set: 20.1ms
[2023-11-18T04:16:32.824+0000][gc,phases     ] GC(751)   Post Evacuate Collection Set: 4.0ms
[2023-11-18T04:16:32.824+0000][gc,phases     ] GC(751)   Other: 0.3ms
[2023-11-18T04:16:32.824+0000][gc,heap       ] GC(751) Eden regions: 26->0(25)
[2023-11-18T04:16:32.824+0000][gc,heap       ] GC(751) Survivor regions: 4->3(4)
[2023-11-18T04:16:32.824+0000][gc,heap       ] GC(751) Old regions: 233->236
[2023-11-18T04:16:32.824+0000][gc,heap       ] GC(751) Humongous regions: 147->147
[2023-11-18T04:16:32.824+0000][gc,metaspace  ] GC(751) Metaspace: 44843K(47512K)->44843K(47512K) NonClass: 39577K(40960K)->39577K(40960K) Class: 5266K(6552K)->5266K(6552K)
[2023-11-18T04:16:32.825+0000][gc            ] GC(751) Pause Young (Normal) (G1 Evacuation Pause) 408M->383M(512M) 24.461ms
[2023-11-18T04:16:32.825+0000][gc,cpu        ] GC(751) User=0.04s Sys=0.01s Real=0.02s
[2023-11-18T04:18:09.535+0000][gc,start      ] GC(752) Pause Young (Normal) (G1 Evacuation Pause)
[2023-11-18T04:18:09.535+0000][gc,task       ] GC(752) Using 2 workers of 2 for evacuation
[2023-11-18T04:18:09.549+0000][gc,phases     ] GC(752)   Pre Evacuate Collection Set: 0.0ms
[2023-11-18T04:18:09.549+0000][gc,phases     ] GC(752)   Evacuate Collection Set: 13.2ms
[2023-11-18T04:18:09.549+0000][gc,phases     ] GC(752)   Post Evacuate Collection Set: 0.3ms
[2023-11-18T04:18:09.549+0000][gc,phases     ] GC(752)   Other: 0.3ms
[2023-11-18T04:18:09.549+0000][gc,heap       ] GC(752) Eden regions: 25->0(25)
[2023-11-18T04:18:09.549+0000][gc,heap       ] GC(752) Survivor regions: 3->4(4)
[2023-11-18T04:18:09.549+0000][gc,heap       ] GC(752) Old regions: 236->236
[2023-11-18T04:18:09.549+0000][gc,heap       ] GC(752) Humongous regions: 147->147
[2023-11-18T04:18:09.549+0000][gc,metaspace  ] GC(752) Metaspace: 44843K(47512K)->44843K(47512K) NonClass: 39577K(40960K)->39577K(40960K) Class: 5266K(6552K)->5266K(6552K)
[2023-11-18T04:18:09.549+0000][gc            ] GC(752) Pause Young (Normal) (G1 Evacuation Pause) 408M->385M(512M) 13.870ms
[2023-11-18T04:18:09.549+0000][gc,cpu        ] GC(752) User=0.03s Sys=0.00s Real=0.01s
[2023-11-18T04:19:47.160+0000][gc,start      ] GC(753) Pause Young (Normal) (G1 Evacuation Pause)
[2023-11-18T04:19:47.160+0000][gc,task       ] GC(753) Using 2 workers of 2 for evacuation
[2023-11-18T04:19:47.189+0000][gc,mmu        ] GC(753) MMU target violated: 21.0ms (20.0ms/21.0ms)
[2023-11-18T04:19:47.189+0000][gc,phases     ] GC(753)   Pre Evacuate Collection Set: 0.0ms
[2023-11-18T04:19:47.189+0000][gc,phases     ] GC(753)   Evacuate Collection Set: 27.1ms
[2023-11-18T04:19:47.189+0000][gc,phases     ] GC(753)   Post Evacuate Collection Set: 1.2ms
[2023-11-18T04:19:47.189+0000][gc,phases     ] GC(753)   Other: 0.8ms
[2023-11-18T04:19:47.189+0000][gc,heap       ] GC(753) Eden regions: 25->0(22)
[2023-11-18T04:19:47.189+0000][gc,heap       ] GC(753) Survivor regions: 4->3(4)
[2023-11-18T04:19:47.189+0000][gc,heap       ] GC(753) Old regions: 236->238
[2023-11-18T04:19:47.189+0000][gc,heap       ] GC(753) Humongous regions: 147->147
[2023-11-18T04:19:47.189+0000][gc,metaspace  ] GC(753) Metaspace: 44845K(47512K)->44845K(47512K) NonClass: 39578K(40960K)->39578K(40960K) Class: 5266K(6552K)->5266K(6552K)
[2023-11-18T04:19:47.189+0000][gc            ] GC(753) Pause Young (Normal) (G1 Evacuation Pause) 410M->385M(512M) 29.160ms
[2023-11-18T04:19:47.189+0000][gc,cpu        ] GC(753) User=0.04s Sys=0.01s Real=0.03s
[2023-11-18T04:21:12.826+0000][gc,start      ] GC(754) Pause Young (Normal) (G1 Evacuation Pause)
[2023-11-18T04:21:12.826+0000][gc,task       ] GC(754) Using 2 workers of 2 for evacuation
[2023-11-18T04:21:12.849+0000][gc,mmu        ] GC(754) MMU target violated: 21.0ms (20.0ms/21.0ms)
[2023-11-18T04:21:12.849+0000][gc,phases     ] GC(754)   Pre Evacuate Collection Set: 0.0ms
[2023-11-18T04:21:12.849+0000][gc,phases     ] GC(754)   Evacuate Collection Set: 22.7ms
[2023-11-18T04:21:12.849+0000][gc,phases     ] GC(754)   Post Evacuate Collection Set: 0.3ms
[2023-11-18T04:21:12.849+0000][gc,phases     ] GC(754)   Other: 0.3ms
[2023-11-18T04:21:12.849+0000][gc,heap       ] GC(754) Eden regions: 22->0(22)
[2023-11-18T04:21:12.849+0000][gc,heap       ] GC(754) Survivor regions: 3->3(4)
[2023-11-18T04:21:12.849+0000][gc,heap       ] GC(754) Old regions: 238->240
[2023-11-18T04:21:12.849+0000][gc,heap       ] GC(754) Humongous regions: 147->147
[2023-11-18T04:21:12.850+0000][gc,metaspace  ] GC(754) Metaspace: 44845K(47512K)->44845K(47512K) NonClass: 39578K(40960K)->39578K(40960K) Class: 5266K(6552K)->5266K(6552K)
[2023-11-18T04:21:12.850+0000][gc            ] GC(754) Pause Young (Normal) (G1 Evacuation Pause) 407M->387M(512M) 23.376ms
[2023-11-18T04:21:12.850+0000][gc,cpu        ] GC(754) User=0.04s Sys=0.00s Real=0.02s
[2023-11-18T04:22:38.497+0000][gc,start      ] GC(755) Pause Young (Normal) (G1 Evacuation Pause)
[2023-11-18T04:22:38.497+0000][gc,task       ] GC(755) Using 2 workers of 2 for evacuation
[2023-11-18T04:22:38.510+0000][gc,phases     ] GC(755)   Pre Evacuate Collection Set: 0.0ms
[2023-11-18T04:22:38.510+0000][gc,phases     ] GC(755)   Evacuate Collection Set: 12.5ms
[2023-11-18T04:22:38.510+0000][gc,phases     ] GC(755)   Post Evacuate Collection Set: 0.3ms
[2023-11-18T04:22:38.510+0000][gc,phases     ] GC(755)   Other: 0.2ms
[2023-11-18T04:22:38.510+0000][gc,heap       ] GC(755) Eden regions: 22->0(22)
[2023-11-18T04:22:38.510+0000][gc,heap       ] GC(755) Survivor regions: 3->3(4)
[2023-11-18T04:22:38.510+0000][gc,heap       ] GC(755) Old regions: 240->241
[2023-11-18T04:22:38.510+0000][gc,heap       ] GC(755) Humongous regions: 147->147
[2023-11-18T04:22:38.510+0000][gc,metaspace  ] GC(755) Metaspace: 44845K(47512K)->44845K(47512K) NonClass: 39578K(40960K)->39578K(40960K) Class: 5266K(6552K)->5266K(6552K)
[2023-11-18T04:22:38.510+0000][gc            ] GC(755) Pause Young (Normal) (G1 Evacuation Pause) 409M->389M(512M) 13.191ms
[2023-11-18T04:22:38.510+0000][gc,cpu        ] GC(755) User=0.03s Sys=0.00s Real=0.01s
[2023-11-18T04:24:04.158+0000][gc,start      ] GC(756) Pause Young (Normal) (G1 Evacuation Pause)
[2023-11-18T04:24:04.158+0000][gc,task       ] GC(756) Using 2 workers of 2 for evacuation
[2023-11-18T04:24:04.171+0000][gc,phases     ] GC(756)   Pre Evacuate Collection Set: 0.0ms
[2023-11-18T04:24:04.171+0000][gc,phases     ] GC(756)   Evacuate Collection Set: 12.9ms
[2023-11-18T04:24:04.171+0000][gc,phases     ] GC(756)   Post Evacuate Collection Set: 0.3ms
[2023-11-18T04:24:04.171+0000][gc,phases     ] GC(756)   Other: 0.2ms
[2023-11-18T04:24:04.171+0000][gc,heap       ] GC(756) Eden regions: 22->0(23)
[2023-11-18T04:24:04.171+0000][gc,heap       ] GC(756) Survivor regions: 3->3(4)
[2023-11-18T04:24:04.171+0000][gc,heap       ] GC(756) Old regions: 241->244
[2023-11-18T04:24:04.171+0000][gc,heap       ] GC(756) Humongous regions: 147->147
[2023-11-18T04:24:04.171+0000][gc,metaspace  ] GC(756) Metaspace: 44848K(47512K)->44848K(47512K) NonClass: 39581K(40960K)->39581K(40960K) Class: 5266K(6552K)->5266K(6552K)
[2023-11-18T04:24:04.171+0000][gc            ] GC(756) Pause Young (Normal) (G1 Evacuation Pause) 411M->391M(512M) 13.519ms
[2023-11-18T04:24:04.171+0000][gc,cpu        ] GC(756) User=0.02s Sys=0.00s Real=0.01s
[2023-11-18T04:25:29.315+0000][gc,start      ] GC(757) Pause Young (Normal) (G1 Evacuation Pause)
[2023-11-18T04:25:29.315+0000][gc,task       ] GC(757) Using 2 workers of 2 for evacuation
[2023-11-18T04:25:29.329+0000][gc,phases     ] GC(757)   Pre Evacuate Collection Set: 0.0ms
[2023-11-18T04:25:29.329+0000][gc,phases     ] GC(757)   Evacuate Collection Set: 13.9ms
[2023-11-18T04:25:29.329+0000][gc,phases     ] GC(757)   Post Evacuate Collection Set: 0.4ms
[2023-11-18T04:25:29.330+0000][gc,phases     ] GC(757)   Other: 0.2ms
[2023-11-18T04:25:29.330+0000][gc,heap       ] GC(757) Eden regions: 22->0(25)
[2023-11-18T04:25:29.330+0000][gc,heap       ] GC(757) Survivor regions: 3->3(4)
[2023-11-18T04:25:29.330+0000][gc,heap       ] GC(757) Old regions: 244->245
[2023-11-18T04:25:29.330+0000][gc,heap       ] GC(757) Humongous regions: 147->147
[2023-11-18T04:25:29.330+0000][gc,metaspace  ] GC(757) Metaspace: 44848K(47512K)->44848K(47512K) NonClass: 39581K(40960K)->39581K(40960K) Class: 5266K(6552K)->5266K(6552K)
[2023-11-18T04:25:29.330+0000][gc            ] GC(757) Pause Young (Normal) (G1 Evacuation Pause) 413M->392M(512M) 14.652ms
[2023-11-18T04:25:29.330+0000][gc,cpu        ] GC(757) User=0.02s Sys=0.00s Real=0.01s
[2023-11-18T04:26:55.634+0000][gc,start      ] GC(758) Pause Young (Normal) (G1 Evacuation Pause)
[2023-11-18T04:26:55.634+0000][gc,task       ] GC(758) Using 2 workers of 2 for evacuation
[2023-11-18T04:26:55.648+0000][gc,phases     ] GC(758)   Pre Evacuate Collection Set: 0.0ms
[2023-11-18T04:26:55.648+0000][gc,phases     ] GC(758)   Evacuate Collection Set: 13.2ms
[2023-11-18T04:26:55.648+0000][gc,phases     ] GC(758)   Post Evacuate Collection Set: 0.3ms
[2023-11-18T04:26:55.648+0000][gc,phases     ] GC(758)   Other: 0.2ms
[2023-11-18T04:26:55.648+0000][gc,heap       ] GC(758) Eden regions: 22->0(25)
[2023-11-18T04:26:55.648+0000][gc,heap       ] GC(758) Survivor regions: 3->3(4)
[2023-11-18T04:26:55.648+0000][gc,heap       ] GC(758) Old regions: 245->247
[2023-11-18T04:26:55.648+0000][gc,heap       ] GC(758) Humongous regions: 147->147
[2023-11-18T04:26:55.648+0000][gc,metaspace  ] GC(758) Metaspace: 44848K(47512K)->44848K(47512K) NonClass: 39581K(40960K)->39581K(40960K) Class: 5266K(6552K)->5266K(6552K)
[2023-11-18T04:26:55.648+0000][gc            ] GC(758) Pause Young (Normal) (G1 Evacuation Pause) 414M->395M(512M) 13.870ms
[2023-11-18T04:26:55.648+0000][gc,cpu        ] GC(758) User=0.03s Sys=0.00s Real=0.01s
[2023-11-18T04:28:28.056+0000][gc,start      ] GC(759) Pause Young (Normal) (G1 Evacuation Pause)
[2023-11-18T04:28:28.056+0000][gc,task       ] GC(759) Using 2 workers of 2 for evacuation
[2023-11-18T04:28:28.070+0000][gc,phases     ] GC(759)   Pre Evacuate Collection Set: 0.0ms
[2023-11-18T04:28:28.070+0000][gc,phases     ] GC(759)   Evacuate Collection Set: 13.5ms
[2023-11-18T04:28:28.070+0000][gc,phases     ] GC(759)   Post Evacuate Collection Set: 0.3ms
[2023-11-18T04:28:28.070+0000][gc,phases     ] GC(759)   Other: 0.2ms
[2023-11-18T04:28:28.070+0000][gc,heap       ] GC(759) Eden regions: 24->0(26)
[2023-11-18T04:28:28.070+0000][gc,heap       ] GC(759) Survivor regions: 3->3(4)
[2023-11-18T04:28:28.070+0000][gc,heap       ] GC(759) Old regions: 247->248
[2023-11-18T04:28:28.070+0000][gc,heap       ] GC(759) Humongous regions: 147->147
[2023-11-18T04:28:28.070+0000][gc,metaspace  ] GC(759) Metaspace: 44848K(47512K)->44848K(47512K) NonClass: 39581K(40960K)->39581K(40960K) Class: 5266K(6552K)->5266K(6552K)
[2023-11-18T04:28:28.070+0000][gc            ] GC(759) Pause Young (Normal) (G1 Evacuation Pause) 419M->396M(512M) 14.094ms
[2023-11-18T04:28:28.070+0000][gc,cpu        ] GC(759) User=0.02s Sys=0.01s Real=0.01s
[2023-11-18T04:30:01.220+0000][gc,start      ] GC(760) Pause Young (Normal) (G1 Evacuation Pause)
[2023-11-18T04:30:01.220+0000][gc,task       ] GC(760) Using 2 workers of 2 for evacuation
[2023-11-18T04:30:01.237+0000][gc,phases     ] GC(760)   Pre Evacuate Collection Set: 0.0ms
[2023-11-18T04:30:01.237+0000][gc,phases     ] GC(760)   Evacuate Collection Set: 16.8ms
[2023-11-18T04:30:01.237+0000][gc,phases     ] GC(760)   Post Evacuate Collection Set: 0.4ms
[2023-11-18T04:30:01.237+0000][gc,phases     ] GC(760)   Other: 0.3ms
[2023-11-18T04:30:01.238+0000][gc,heap       ] GC(760) Eden regions: 24->0(25)
[2023-11-18T04:30:01.238+0000][gc,heap       ] GC(760) Survivor regions: 3->2(4)
[2023-11-18T04:30:01.238+0000][gc,heap       ] GC(760) Old regions: 248->250
[2023-11-18T04:30:01.238+0000][gc,heap       ] GC(760) Humongous regions: 147->147
[2023-11-18T04:30:01.238+0000][gc,metaspace  ] GC(760) Metaspace: 44848K(47512K)->44848K(47512K) NonClass: 39581K(40960K)->39581K(40960K) Class: 5266K(6552K)->5266K(6552K)
[2023-11-18T04:30:01.238+0000][gc            ] GC(760) Pause Young (Normal) (G1 Evacuation Pause) 420M->396M(512M) 17.608ms
[2023-11-18T04:30:01.238+0000][gc,cpu        ] GC(760) User=0.04s Sys=0.00s Real=0.02s
[2023-11-18T04:31:31.220+0000][gc,start      ] GC(761) Pause Young (Normal) (G1 Evacuation Pause)
[2023-11-18T04:31:31.220+0000][gc,task       ] GC(761) Using 2 workers of 2 for evacuation
[2023-11-18T04:31:31.234+0000][gc,phases     ] GC(761)   Pre Evacuate Collection Set: 0.0ms
[2023-11-18T04:31:31.234+0000][gc,phases     ] GC(761)   Evacuate Collection Set: 14.1ms
[2023-11-18T04:31:31.234+0000][gc,phases     ] GC(761)   Post Evacuate Collection Set: 0.4ms
[2023-11-18T04:31:31.234+0000][gc,phases     ] GC(761)   Other: 0.2ms
[2023-11-18T04:31:31.234+0000][gc,heap       ] GC(761) Eden regions: 23->0(25)
[2023-11-18T04:31:31.235+0000][gc,heap       ] GC(761) Survivor regions: 2->4(4)
[2023-11-18T04:31:31.235+0000][gc,heap       ] GC(761) Old regions: 250->250
[2023-11-18T04:31:31.235+0000][gc,heap       ] GC(761) Humongous regions: 147->147
[2023-11-18T04:31:31.235+0000][gc,metaspace  ] GC(761) Metaspace: 44848K(47512K)->44848K(47512K) NonClass: 39581K(40960K)->39581K(40960K) Class: 5266K(6552K)->5266K(6552K)
[2023-11-18T04:31:31.235+0000][gc            ] GC(761) Pause Young (Normal) (G1 Evacuation Pause) 419M->398M(512M) 14.813ms
[2023-11-18T04:31:31.235+0000][gc,cpu        ] GC(761) User=0.03s Sys=0.00s Real=0.02s
[2023-11-18T04:33:08.597+0000][gc,start      ] GC(762) Pause Young (Normal) (G1 Evacuation Pause)
[2023-11-18T04:33:08.597+0000][gc,task       ] GC(762) Using 2 workers of 2 for evacuation
[2023-11-18T04:33:08.609+0000][gc,phases     ] GC(762)   Pre Evacuate Collection Set: 0.0ms
[2023-11-18T04:33:08.610+0000][gc,phases     ] GC(762)   Evacuate Collection Set: 11.8ms
[2023-11-18T04:33:08.610+0000][gc,phases     ] GC(762)   Post Evacuate Collection Set: 0.4ms
[2023-11-18T04:33:08.610+0000][gc,phases     ] GC(762)   Other: 0.3ms
[2023-11-18T04:33:08.610+0000][gc,heap       ] GC(762) Eden regions: 25->0(26)
[2023-11-18T04:33:08.610+0000][gc,heap       ] GC(762) Survivor regions: 4->2(4)
[2023-11-18T04:33:08.610+0000][gc,heap       ] GC(762) Old regions: 250->252
[2023-11-18T04:33:08.610+0000][gc,heap       ] GC(762) Humongous regions: 147->147
[2023-11-18T04:33:08.610+0000][gc,metaspace  ] GC(762) Metaspace: 44848K(47512K)->44848K(47512K) NonClass: 39581K(40960K)->39581K(40960K) Class: 5266K(6552K)->5266K(6552K)
[2023-11-18T04:33:08.610+0000][gc            ] GC(762) Pause Young (Normal) (G1 Evacuation Pause) 423M->398M(512M) 12.630ms
[2023-11-18T04:33:08.610+0000][gc,cpu        ] GC(762) User=0.03s Sys=0.00s Real=0.01s
[2023-11-18T04:34:50.143+0000][gc,start      ] GC(763) Pause Young (Normal) (G1 Evacuation Pause)
[2023-11-18T04:34:50.143+0000][gc,task       ] GC(763) Using 2 workers of 2 for evacuation
[2023-11-18T04:34:50.158+0000][gc,phases     ] GC(763)   Pre Evacuate Collection Set: 0.0ms
[2023-11-18T04:34:50.158+0000][gc,phases     ] GC(763)   Evacuate Collection Set: 14.3ms
[2023-11-18T04:34:50.158+0000][gc,phases     ] GC(763)   Post Evacuate Collection Set: 0.3ms
[2023-11-18T04:34:50.158+0000][gc,phases     ] GC(763)   Other: 0.3ms
[2023-11-18T04:34:50.158+0000][gc,heap       ] GC(763) Eden regions: 26->0(27)
[2023-11-18T04:34:50.158+0000][gc,heap       ] GC(763) Survivor regions: 2->4(4)
[2023-11-18T04:34:50.158+0000][gc,heap       ] GC(763) Old regions: 252->252
[2023-11-18T04:34:50.158+0000][gc,heap       ] GC(763) Humongous regions: 147->147
[2023-11-18T04:34:50.158+0000][gc,metaspace  ] GC(763) Metaspace: 44848K(47512K)->44848K(47512K) NonClass: 39581K(40960K)->39581K(40960K) Class: 5266K(6552K)->5266K(6552K)
[2023-11-18T04:34:50.158+0000][gc            ] GC(763) Pause Young (Normal) (G1 Evacuation Pause) 424M->401M(512M) 14.980ms
[2023-11-18T04:34:50.158+0000][gc,cpu        ] GC(763) User=0.03s Sys=0.00s Real=0.02s
[2023-11-18T04:36:34.948+0000][gc,start      ] GC(764) Pause Young (Normal) (G1 Evacuation Pause)
[2023-11-18T04:36:34.948+0000][gc,task       ] GC(764) Using 2 workers of 2 for evacuation
[2023-11-18T04:36:34.964+0000][gc,phases     ] GC(764)   Pre Evacuate Collection Set: 0.0ms
[2023-11-18T04:36:34.964+0000][gc,phases     ] GC(764)   Evacuate Collection Set: 15.5ms
[2023-11-18T04:36:34.964+0000][gc,phases     ] GC(764)   Post Evacuate Collection Set: 0.3ms
[2023-11-18T04:36:34.964+0000][gc,phases     ] GC(764)   Other: 0.2ms
[2023-11-18T04:36:34.964+0000][gc,heap       ] GC(764) Eden regions: 27->0(28)
[2023-11-18T04:36:34.964+0000][gc,heap       ] GC(764) Survivor regions: 4->3(4)
[2023-11-18T04:36:34.964+0000][gc,heap       ] GC(764) Old regions: 252->254
[2023-11-18T04:36:34.964+0000][gc,heap       ] GC(764) Humongous regions: 147->147
[2023-11-18T04:36:34.964+0000][gc,metaspace  ] GC(764) Metaspace: 44848K(47512K)->44848K(47512K) NonClass: 39581K(40960K)->39581K(40960K) Class: 5266K(6552K)->5266K(6552K)
[2023-11-18T04:36:34.964+0000][gc            ] GC(764) Pause Young (Normal) (G1 Evacuation Pause) 428M->401M(512M) 16.120ms
[2023-11-18T04:36:34.964+0000][gc,cpu        ] GC(764) User=0.04s Sys=0.00s Real=0.01s
[2023-11-18T04:38:23.153+0000][gc,start      ] GC(765) Pause Young (Concurrent Start) (G1 Evacuation Pause)
[2023-11-18T04:38:23.153+0000][gc,task       ] GC(765) Using 2 workers of 2 for evacuation
[2023-11-18T04:38:23.163+0000][gc,phases     ] GC(765)   Pre Evacuate Collection Set: 0.2ms
[2023-11-18T04:38:23.163+0000][gc,phases     ] GC(765)   Evacuate Collection Set: 9.9ms
[2023-11-18T04:38:23.163+0000][gc,phases     ] GC(765)   Post Evacuate Collection Set: 0.3ms
[2023-11-18T04:38:23.164+0000][gc,phases     ] GC(765)   Other: 0.2ms
[2023-11-18T04:38:23.164+0000][gc,heap       ] GC(765) Eden regions: 28->0(29)
[2023-11-18T04:38:23.164+0000][gc,heap       ] GC(765) Survivor regions: 3->2(4)
[2023-11-18T04:38:23.164+0000][gc,heap       ] GC(765) Old regions: 254->255
[2023-11-18T04:38:23.164+0000][gc,heap       ] GC(765) Humongous regions: 147->147
[2023-11-18T04:38:23.164+0000][gc,metaspace  ] GC(765) Metaspace: 44848K(47512K)->44848K(47512K) NonClass: 39581K(40960K)->39581K(40960K) Class: 5266K(6552K)->5266K(6552K)
[2023-11-18T04:38:23.164+0000][gc            ] GC(765) Pause Young (Concurrent Start) (G1 Evacuation Pause) 429M->402M(512M) 10.676ms
[2023-11-18T04:38:23.164+0000][gc,cpu        ] GC(765) User=0.02s Sys=0.00s Real=0.01s
[2023-11-18T04:38:23.164+0000][gc            ] GC(766) Concurrent Cycle
[2023-11-18T04:38:23.164+0000][gc,marking    ] GC(766) Concurrent Clear Claimed Marks
[2023-11-18T04:38:23.164+0000][gc,marking    ] GC(766) Concurrent Clear Claimed Marks 0.245ms
[2023-11-18T04:38:23.164+0000][gc,marking    ] GC(766) Concurrent Scan Root Regions
[2023-11-18T04:38:23.167+0000][gc,marking    ] GC(766) Concurrent Scan Root Regions 2.785ms
[2023-11-18T04:38:23.167+0000][gc,marking    ] GC(766) Concurrent Mark (77453.199s)
[2023-11-18T04:38:23.167+0000][gc,marking    ] GC(766) Concurrent Mark From Roots
[2023-11-18T04:38:23.167+0000][gc,task       ] GC(766) Using 1 workers of 1 for marking
[2023-11-18T04:38:23.202+0000][gc,marking    ] GC(766) Concurrent Mark From Roots 35.014ms
[2023-11-18T04:38:23.202+0000][gc,marking    ] GC(766) Concurrent Preclean
[2023-11-18T04:38:23.202+0000][gc,marking    ] GC(766) Concurrent Preclean 0.188ms
[2023-11-18T04:38:23.202+0000][gc,marking    ] GC(766) Concurrent Mark (77453.199s, 77453.234s) 35.252ms
[2023-11-18T04:38:23.202+0000][gc,start      ] GC(766) Pause Remark
[2023-11-18T04:38:23.218+0000][gc,stringtable] GC(766) Cleaned string and symbol table, strings: 13078 processed, 6 removed, symbols: 93087 processed, 1 removed
[2023-11-18T04:38:23.218+0000][gc            ] GC(766) Pause Remark 402M->257M(512M) 16.188ms
[2023-11-18T04:38:23.218+0000][gc,cpu        ] GC(766) User=0.02s Sys=0.00s Real=0.02s
[2023-11-18T04:38:23.218+0000][gc,marking    ] GC(766) Concurrent Rebuild Remembered Sets
[2023-11-18T04:38:23.241+0000][gc,marking    ] GC(766) Concurrent Rebuild Remembered Sets 22.323ms
[2023-11-18T04:38:23.241+0000][gc,start      ] GC(766) Pause Cleanup
[2023-11-18T04:38:23.241+0000][gc            ] GC(766) Pause Cleanup 257M->257M(512M) 0.178ms
[2023-11-18T04:38:23.241+0000][gc,cpu        ] GC(766) User=0.00s Sys=0.00s Real=0.00s
[2023-11-18T04:38:23.241+0000][gc,marking    ] GC(766) Concurrent Cleanup for Next Mark
[2023-11-18T04:38:23.243+0000][gc,marking    ] GC(766) Concurrent Cleanup for Next Mark 1.465ms
[2023-11-18T04:38:23.243+0000][gc            ] GC(766) Concurrent Cycle 79.217ms
[2023-11-18T04:40:16.346+0000][gc,start      ] GC(767) Pause Young (Prepare Mixed) (G1 Evacuation Pause)
[2023-11-18T04:40:16.346+0000][gc,task       ] GC(767) Using 2 workers of 2 for evacuation
[2023-11-18T04:40:16.360+0000][gc,phases     ] GC(767)   Pre Evacuate Collection Set: 0.0ms
[2023-11-18T04:40:16.360+0000][gc,phases     ] GC(767)   Evacuate Collection Set: 13.8ms
[2023-11-18T04:40:16.360+0000][gc,phases     ] GC(767)   Post Evacuate Collection Set: 0.4ms
[2023-11-18T04:40:16.360+0000][gc,phases     ] GC(767)   Other: 0.2ms
[2023-11-18T04:40:16.360+0000][gc,heap       ] GC(767) Eden regions: 29->0(21)
[2023-11-18T04:40:16.360+0000][gc,heap       ] GC(767) Survivor regions: 2->4(4)
[2023-11-18T04:40:16.360+0000][gc,heap       ] GC(767) Old regions: 110->111
[2023-11-18T04:40:16.360+0000][gc,heap       ] GC(767) Humongous regions: 147->147
[2023-11-18T04:40:16.360+0000][gc,metaspace  ] GC(767) Metaspace: 44848K(47512K)->44848K(47512K) NonClass: 39581K(40960K)->39581K(40960K) Class: 5266K(6552K)->5266K(6552K)
[2023-11-18T04:40:16.360+0000][gc            ] GC(767) Pause Young (Prepare Mixed) (G1 Evacuation Pause) 286M->260M(512M) 14.573ms
[2023-11-18T04:40:16.360+0000][gc,cpu        ] GC(767) User=0.03s Sys=0.00s Real=0.01s
[2023-11-18T04:41:37.995+0000][gc,start      ] GC(768) Pause Young (Mixed) (G1 Evacuation Pause)
[2023-11-18T04:41:37.995+0000][gc,task       ] GC(768) Using 2 workers of 2 for evacuation
[2023-11-18T04:41:38.011+0000][gc,phases     ] GC(768)   Pre Evacuate Collection Set: 0.0ms
[2023-11-18T04:41:38.011+0000][gc,phases     ] GC(768)   Evacuate Collection Set: 15.4ms
[2023-11-18T04:41:38.011+0000][gc,phases     ] GC(768)   Post Evacuate Collection Set: 0.4ms
[2023-11-18T04:41:38.011+0000][gc,phases     ] GC(768)   Other: 0.2ms
[2023-11-18T04:41:38.011+0000][gc,heap       ] GC(768) Eden regions: 21->0(23)
[2023-11-18T04:41:38.011+0000][gc,heap       ] GC(768) Survivor regions: 4->2(4)
[2023-11-18T04:41:38.011+0000][gc,heap       ] GC(768) Old regions: 111->61
[2023-11-18T04:41:38.011+0000][gc,heap       ] GC(768) Humongous regions: 147->147
[2023-11-18T04:41:38.011+0000][gc,metaspace  ] GC(768) Metaspace: 44848K(47512K)->44848K(47512K) NonClass: 39581K(40960K)->39581K(40960K) Class: 5266K(6552K)->5266K(6552K)
[2023-11-18T04:41:38.011+0000][gc            ] GC(768) Pause Young (Mixed) (G1 Evacuation Pause) 281M->208M(512M) 16.142ms
[2023-11-18T04:41:38.011+0000][gc,cpu        ] GC(768) User=0.03s Sys=0.00s Real=0.01s
[2023-11-18T04:43:07.655+0000][gc,start      ] GC(769) Pause Young (Mixed) (G1 Evacuation Pause)
[2023-11-18T04:43:07.655+0000][gc,task       ] GC(769) Using 2 workers of 2 for evacuation
[2023-11-18T04:43:07.670+0000][gc,phases     ] GC(769)   Pre Evacuate Collection Set: 0.0ms
[2023-11-18T04:43:07.670+0000][gc,phases     ] GC(769)   Evacuate Collection Set: 14.2ms
[2023-11-18T04:43:07.670+0000][gc,phases     ] GC(769)   Post Evacuate Collection Set: 0.6ms
[2023-11-18T04:43:07.670+0000][gc,phases     ] GC(769)   Other: 0.3ms
[2023-11-18T04:43:07.670+0000][gc,heap       ] GC(769) Eden regions: 23->0(29)
[2023-11-18T04:43:07.670+0000][gc,heap       ] GC(769) Survivor regions: 2->4(4)
[2023-11-18T04:43:07.670+0000][gc,heap       ] GC(769) Old regions: 61->50
[2023-11-18T04:43:07.670+0000][gc,heap       ] GC(769) Humongous regions: 147->147
[2023-11-18T04:43:07.670+0000][gc,metaspace  ] GC(769) Metaspace: 44848K(47512K)->44848K(47512K) NonClass: 39581K(40960K)->39581K(40960K) Class: 5266K(6552K)->5266K(6552K)
[2023-11-18T04:43:07.670+0000][gc            ] GC(769) Pause Young (Mixed) (G1 Evacuation Pause) 231M->199M(512M) 15.190ms
[2023-11-18T04:43:07.670+0000][gc,cpu        ] GC(769) User=0.03s Sys=0.00s Real=0.01s
[2023-11-18T04:45:00.866+0000][gc,start      ] GC(770) Pause Young (Normal) (G1 Evacuation Pause)
[2023-11-18T04:45:00.866+0000][gc,task       ] GC(770) Using 2 workers of 2 for evacuation
[2023-11-18T04:45:00.878+0000][gc,phases     ] GC(770)   Pre Evacuate Collection Set: 0.0ms
[2023-11-18T04:45:00.878+0000][gc,phases     ] GC(770)   Evacuate Collection Set: 12.3ms
[2023-11-18T04:45:00.878+0000][gc,phases     ] GC(770)   Post Evacuate Collection Set: 0.3ms
[2023-11-18T04:45:00.879+0000][gc,phases     ] GC(770)   Other: 0.2ms
[2023-11-18T04:45:00.879+0000][gc,heap       ] GC(770) Eden regions: 29->0(31)
[2023-11-18T04:45:00.879+0000][gc,heap       ] GC(770) Survivor regions: 4->3(5)
[2023-11-18T04:45:00.879+0000][gc,heap       ] GC(770) Old regions: 50->52
[2023-11-18T04:45:00.879+0000][gc,heap       ] GC(770) Humongous regions: 147->147
[2023-11-18T04:45:00.879+0000][gc,metaspace  ] GC(770) Metaspace: 44848K(47512K)->44848K(47512K) NonClass: 39581K(40960K)->39581K(40960K) Class: 5266K(6552K)->5266K(6552K)
[2023-11-18T04:45:00.879+0000][gc            ] GC(770) Pause Young (Normal) (G1 Evacuation Pause) 228M->200M(512M) 12.959ms
[2023-11-18T04:45:00.879+0000][gc,cpu        ] GC(770) User=0.02s Sys=0.00s Real=0.01s
[2023-11-18T04:47:02.081+0000][gc,start      ] GC(771) Pause Young (Normal) (G1 Evacuation Pause)
[2023-11-18T04:47:02.082+0000][gc,task       ] GC(771) Using 2 workers of 2 for evacuation
[2023-11-18T04:47:02.102+0000][gc,phases     ] GC(771)   Pre Evacuate Collection Set: 0.0ms
[2023-11-18T04:47:02.102+0000][gc,phases     ] GC(771)   Evacuate Collection Set: 17.2ms
[2023-11-18T04:47:02.102+0000][gc,phases     ] GC(771)   Post Evacuate Collection Set: 1.9ms
[2023-11-18T04:47:02.102+0000][gc,phases     ] GC(771)   Other: 1.6ms
[2023-11-18T04:47:02.102+0000][gc,heap       ] GC(771) Eden regions: 31->0(29)
[2023-11-18T04:47:02.102+0000][gc,heap       ] GC(771) Survivor regions: 3->2(5)
[2023-11-18T04:47:02.102+0000][gc,heap       ] GC(771) Old regions: 52->53
[2023-11-18T04:47:02.102+0000][gc,heap       ] GC(771) Humongous regions: 147->147
[2023-11-18T04:47:02.102+0000][gc,metaspace  ] GC(771) Metaspace: 44848K(47512K)->44848K(47512K) NonClass: 39581K(40960K)->39581K(40960K) Class: 5266K(6552K)->5266K(6552K)
[2023-11-18T04:47:02.102+0000][gc            ] GC(771) Pause Young (Normal) (G1 Evacuation Pause) 231M->200M(512M) 20.799ms
[2023-11-18T04:47:02.102+0000][gc,cpu        ] GC(771) User=0.03s Sys=0.01s Real=0.02s
[2023-11-18T04:48:54.291+0000][gc,start      ] GC(772) Pause Young (Normal) (G1 Evacuation Pause)
[2023-11-18T04:48:54.291+0000][gc,task       ] GC(772) Using 2 workers of 2 for evacuation
[2023-11-18T04:48:54.304+0000][gc,phases     ] GC(772)   Pre Evacuate Collection Set: 0.0ms
[2023-11-18T04:48:54.304+0000][gc,phases     ] GC(772)   Evacuate Collection Set: 12.8ms
[2023-11-18T04:48:54.304+0000][gc,phases     ] GC(772)   Post Evacuate Collection Set: 0.3ms
[2023-11-18T04:48:54.304+0000][gc,phases     ] GC(772)   Other: 0.2ms
[2023-11-18T04:48:54.304+0000][gc,heap       ] GC(772) Eden regions: 29->0(29)
[2023-11-18T04:48:54.304+0000][gc,heap       ] GC(772) Survivor regions: 2->4(4)
[2023-11-18T04:48:54.304+0000][gc,heap       ] GC(772) Old regions: 53->55
[2023-11-18T04:48:54.304+0000][gc,heap       ] GC(772) Humongous regions: 147->147
[2023-11-18T04:48:54.304+0000][gc,metaspace  ] GC(772) Metaspace: 44848K(47512K)->44848K(47512K) NonClass: 39581K(40960K)->39581K(40960K) Class: 5266K(6552K)->5266K(6552K)
[2023-11-18T04:48:54.304+0000][gc            ] GC(772) Pause Young (Normal) (G1 Evacuation Pause) 229M->203M(512M) 13.429ms
[2023-11-18T04:48:54.304+0000][gc,cpu        ] GC(772) User=0.02s Sys=0.00s Real=0.01s
[2023-11-18T04:50:47.490+0000][gc,start      ] GC(773) Pause Young (Normal) (G1 Evacuation Pause)
[2023-11-18T04:50:47.490+0000][gc,task       ] GC(773) Using 2 workers of 2 for evacuation
[2023-11-18T04:50:47.515+0000][gc,mmu        ] GC(773) MMU target violated: 21.0ms (20.0ms/21.0ms)
[2023-11-18T04:50:47.515+0000][gc,phases     ] GC(773)   Pre Evacuate Collection Set: 0.0ms
[2023-11-18T04:50:47.515+0000][gc,phases     ] GC(773)   Evacuate Collection Set: 21.2ms
[2023-11-18T04:50:47.515+0000][gc,phases     ] GC(773)   Post Evacuate Collection Set: 3.5ms
[2023-11-18T04:50:47.515+0000][gc,phases     ] GC(773)   Other: 0.3ms
[2023-11-18T04:50:47.515+0000][gc,heap       ] GC(773) Eden regions: 29->0(28)
[2023-11-18T04:50:47.515+0000][gc,heap       ] GC(773) Survivor regions: 4->3(5)
[2023-11-18T04:50:47.515+0000][gc,heap       ] GC(773) Old regions: 55->57
[2023-11-18T04:50:47.515+0000][gc,heap       ] GC(773) Humongous regions: 147->147
[2023-11-18T04:50:47.515+0000][gc,metaspace  ] GC(773) Metaspace: 44848K(47512K)->44848K(47512K) NonClass: 39581K(40960K)->39581K(40960K) Class: 5266K(6552K)->5266K(6552K)
[2023-11-18T04:50:47.515+0000][gc            ] GC(773) Pause Young (Normal) (G1 Evacuation Pause) 232M->204M(512M) 24.974ms
[2023-11-18T04:50:47.515+0000][gc,cpu        ] GC(773) User=0.03s Sys=0.01s Real=0.03s
[2023-11-18T04:52:21.219+0000][gc,start      ] GC(774) Pause Young (Normal) (G1 Evacuation Pause)
[2023-11-18T04:52:21.220+0000][gc,task       ] GC(774) Using 2 workers of 2 for evacuation
[2023-11-18T04:52:21.234+0000][gc,phases     ] GC(774)   Pre Evacuate Collection Set: 0.0ms
[2023-11-18T04:52:21.234+0000][gc,phases     ] GC(774)   Evacuate Collection Set: 13.9ms
[2023-11-18T04:52:21.234+0000][gc,phases     ] GC(774)   Post Evacuate Collection Set: 0.4ms
[2023-11-18T04:52:21.234+0000][gc,phases     ] GC(774)   Other: 0.2ms
[2023-11-18T04:52:21.234+0000][gc,heap       ] GC(774) Eden regions: 24->0(29)
[2023-11-18T04:52:21.234+0000][gc,heap       ] GC(774) Survivor regions: 3->2(4)
[2023-11-18T04:52:21.234+0000][gc,heap       ] GC(774) Old regions: 57->58
[2023-11-18T04:52:21.234+0000][gc,heap       ] GC(774) Humongous regions: 147->147
[2023-11-18T04:52:21.234+0000][gc,metaspace  ] GC(774) Metaspace: 44848K(47512K)->44848K(47512K) NonClass: 39581K(40960K)->39581K(40960K) Class: 5266K(6552K)->5266K(6552K)
[2023-11-18T04:52:21.234+0000][gc            ] GC(774) Pause Young (Normal) (G1 Evacuation Pause) 228M->204M(512M) 14.729ms
[2023-11-18T04:52:21.234+0000][gc,cpu        ] GC(774) User=0.02s Sys=0.00s Real=0.02s
[2023-11-18T04:54:14.517+0000][gc,start      ] GC(775) Pause Young (Normal) (G1 Evacuation Pause)
[2023-11-18T04:54:14.517+0000][gc,task       ] GC(775) Using 2 workers of 2 for evacuation
[2023-11-18T04:54:14.530+0000][gc,phases     ] GC(775)   Pre Evacuate Collection Set: 0.0ms
[2023-11-18T04:54:14.530+0000][gc,phases     ] GC(775)   Evacuate Collection Set: 12.5ms
[2023-11-18T04:54:14.530+0000][gc,phases     ] GC(775)   Post Evacuate Collection Set: 0.3ms
[2023-11-18T04:54:14.530+0000][gc,phases     ] GC(775)   Other: 0.2ms
[2023-11-18T04:54:14.530+0000][gc,heap       ] GC(775) Eden regions: 29->0(29)
[2023-11-18T04:54:14.530+0000][gc,heap       ] GC(775) Survivor regions: 2->4(4)
[2023-11-18T04:54:14.530+0000][gc,heap       ] GC(775) Old regions: 58->59
[2023-11-18T04:54:14.530+0000][gc,heap       ] GC(775) Humongous regions: 147->147
[2023-11-18T04:54:14.530+0000][gc,metaspace  ] GC(775) Metaspace: 44848K(47512K)->44848K(47512K) NonClass: 39581K(40960K)->39581K(40960K) Class: 5266K(6552K)->5266K(6552K)
[2023-11-18T04:54:14.530+0000][gc            ] GC(775) Pause Young (Normal) (G1 Evacuation Pause) 233M->207M(512M) 13.170ms
[2023-11-18T04:54:14.530+0000][gc,cpu        ] GC(775) User=0.03s Sys=0.00s Real=0.01s
[2023-11-18T04:56:08.211+0000][gc,start      ] GC(776) Pause Young (Normal) (G1 Evacuation Pause)
[2023-11-18T04:56:08.211+0000][gc,task       ] GC(776) Using 2 workers of 2 for evacuation
[2023-11-18T04:56:08.233+0000][gc,mmu        ] GC(776) MMU target violated: 21.0ms (20.0ms/21.0ms)
[2023-11-18T04:56:08.233+0000][gc,phases     ] GC(776)   Pre Evacuate Collection Set: 0.0ms
[2023-11-18T04:56:08.233+0000][gc,phases     ] GC(776)   Evacuate Collection Set: 21.3ms
[2023-11-18T04:56:08.233+0000][gc,phases     ] GC(776)   Post Evacuate Collection Set: 0.4ms
[2023-11-18T04:56:08.233+0000][gc,phases     ] GC(776)   Other: 0.2ms
[2023-11-18T04:56:08.233+0000][gc,heap       ] GC(776) Eden regions: 29->0(28)
[2023-11-18T04:56:08.233+0000][gc,heap       ] GC(776) Survivor regions: 4->3(5)
[2023-11-18T04:56:08.233+0000][gc,heap       ] GC(776) Old regions: 59->61
[2023-11-18T04:56:08.233+0000][gc,heap       ] GC(776) Humongous regions: 147->147
[2023-11-18T04:56:08.233+0000][gc,metaspace  ] GC(776) Metaspace: 44848K(47512K)->44848K(47512K) NonClass: 39581K(40960K)->39581K(40960K) Class: 5266K(6552K)->5266K(6552K)
[2023-11-18T04:56:08.233+0000][gc            ] GC(776) Pause Young (Normal) (G1 Evacuation Pause) 236M->208M(512M) 21.939ms
[2023-11-18T04:56:08.233+0000][gc,cpu        ] GC(776) User=0.03s Sys=0.01s Real=0.02s
[2023-11-18T04:57:56.713+0000][gc,start      ] GC(777) Pause Young (Normal) (G1 Evacuation Pause)
[2023-11-18T04:57:56.713+0000][gc,task       ] GC(777) Using 2 workers of 2 for evacuation
[2023-11-18T04:57:56.723+0000][gc,phases     ] GC(777)   Pre Evacuate Collection Set: 0.0ms
[2023-11-18T04:57:56.723+0000][gc,phases     ] GC(777)   Evacuate Collection Set: 9.1ms
[2023-11-18T04:57:56.723+0000][gc,phases     ] GC(777)   Post Evacuate Collection Set: 0.3ms
[2023-11-18T04:57:56.723+0000][gc,phases     ] GC(777)   Other: 0.3ms
[2023-11-18T04:57:56.723+0000][gc,heap       ] GC(777) Eden regions: 28->0(31)
[2023-11-18T04:57:56.723+0000][gc,heap       ] GC(777) Survivor regions: 3->2(4)
[2023-11-18T04:57:56.723+0000][gc,heap       ] GC(777) Old regions: 61->62
[2023-11-18T04:57:56.723+0000][gc,heap       ] GC(777) Humongous regions: 147->147
[2023-11-18T04:57:56.723+0000][gc,metaspace  ] GC(777) Metaspace: 44848K(47512K)->44848K(47512K) NonClass: 39581K(40960K)->39581K(40960K) Class: 5266K(6552K)->5266K(6552K)
[2023-11-18T04:57:56.723+0000][gc            ] GC(777) Pause Young (Normal) (G1 Evacuation Pause) 236M->208M(512M) 9.813ms
[2023-11-18T04:57:56.723+0000][gc,cpu        ] GC(777) User=0.02s Sys=0.00s Real=0.01s
[2023-11-18T04:59:57.946+0000][gc,start      ] GC(778) Pause Young (Normal) (G1 Evacuation Pause)
[2023-11-18T04:59:57.946+0000][gc,task       ] GC(778) Using 2 workers of 2 for evacuation
[2023-11-18T04:59:57.962+0000][gc,phases     ] GC(778)   Pre Evacuate Collection Set: 0.0ms
[2023-11-18T04:59:57.962+0000][gc,phases     ] GC(778)   Evacuate Collection Set: 15.4ms
[2023-11-18T04:59:57.962+0000][gc,phases     ] GC(778)   Post Evacuate Collection Set: 0.4ms
[2023-11-18T04:59:57.962+0000][gc,phases     ] GC(778)   Other: 0.2ms
[2023-11-18T04:59:57.962+0000][gc,heap       ] GC(778) Eden regions: 31->0(31)
[2023-11-18T04:59:57.962+0000][gc,heap       ] GC(778) Survivor regions: 2->5(5)
[2023-11-18T04:59:57.962+0000][gc,heap       ] GC(778) Old regions: 62->62
[2023-11-18T04:59:57.962+0000][gc,heap       ] GC(778) Humongous regions: 147->147
[2023-11-18T04:59:57.962+0000][gc,metaspace  ] GC(778) Metaspace: 44848K(47512K)->44848K(47512K) NonClass: 39581K(40960K)->39581K(40960K) Class: 5266K(6552K)->5266K(6552K)
[2023-11-18T04:59:57.962+0000][gc            ] GC(778) Pause Young (Normal) (G1 Evacuation Pause) 239M->212M(512M) 16.181ms
[2023-11-18T04:59:57.962+0000][gc,cpu        ] GC(778) User=0.02s Sys=0.01s Real=0.01s
[2023-11-18T05:01:58.944+0000][gc,start      ] GC(779) Pause Young (Normal) (G1 Evacuation Pause)
[2023-11-18T05:01:58.944+0000][gc,task       ] GC(779) Using 2 workers of 2 for evacuation
[2023-11-18T05:01:58.957+0000][gc,phases     ] GC(779)   Pre Evacuate Collection Set: 0.0ms
[2023-11-18T05:01:58.957+0000][gc,phases     ] GC(779)   Evacuate Collection Set: 13.0ms
[2023-11-18T05:01:58.957+0000][gc,phases     ] GC(779)   Post Evacuate Collection Set: 0.4ms
[2023-11-18T05:01:58.957+0000][gc,phases     ] GC(779)   Other: 0.2ms
[2023-11-18T05:01:58.957+0000][gc,heap       ] GC(779) Eden regions: 31->0(32)
[2023-11-18T05:01:58.957+0000][gc,heap       ] GC(779) Survivor regions: 5->3(5)
[2023-11-18T05:01:58.957+0000][gc,heap       ] GC(779) Old regions: 62->64
[2023-11-18T05:01:58.957+0000][gc,heap       ] GC(779) Humongous regions: 147->147
[2023-11-18T05:01:58.957+0000][gc,metaspace  ] GC(779) Metaspace: 44848K(47512K)->44848K(47512K) NonClass: 39581K(40960K)->39581K(40960K) Class: 5266K(6552K)->5266K(6552K)
[2023-11-18T05:01:58.957+0000][gc            ] GC(779) Pause Young (Normal) (G1 Evacuation Pause) 243M->212M(512M) 13.736ms
[2023-11-18T05:01:58.957+0000][gc,cpu        ] GC(779) User=0.02s Sys=0.00s Real=0.02s
[2023-11-18T05:04:03.882+0000][gc,start      ] GC(780) Pause Young (Normal) (G1 Evacuation Pause)
[2023-11-18T05:04:03.882+0000][gc,task       ] GC(780) Using 2 workers of 2 for evacuation
[2023-11-18T05:04:03.908+0000][gc,mmu        ] GC(780) MMU target violated: 21.0ms (20.0ms/21.0ms)
[2023-11-18T05:04:03.908+0000][gc,phases     ] GC(780)   Pre Evacuate Collection Set: 0.0ms
[2023-11-18T05:04:03.908+0000][gc,phases     ] GC(780)   Evacuate Collection Set: 25.1ms
[2023-11-18T05:04:03.908+0000][gc,phases     ] GC(780)   Post Evacuate Collection Set: 0.3ms
[2023-11-18T05:04:03.908+0000][gc,phases     ] GC(780)   Other: 0.2ms
[2023-11-18T05:04:03.908+0000][gc,heap       ] GC(780) Eden regions: 32->0(28)
[2023-11-18T05:04:03.908+0000][gc,heap       ] GC(780) Survivor regions: 3->3(5)
[2023-11-18T05:04:03.908+0000][gc,heap       ] GC(780) Old regions: 64->66
[2023-11-18T05:04:03.908+0000][gc,heap       ] GC(780) Humongous regions: 147->147
[2023-11-18T05:04:03.908+0000][gc,metaspace  ] GC(780) Metaspace: 44848K(47512K)->44848K(47512K) NonClass: 39581K(40960K)->39581K(40960K) Class: 5266K(6552K)->5266K(6552K)
[2023-11-18T05:04:03.908+0000][gc            ] GC(780) Pause Young (Normal) (G1 Evacuation Pause) 244M->213M(512M) 25.803ms
[2023-11-18T05:04:03.908+0000][gc,cpu        ] GC(780) User=0.04s Sys=0.00s Real=0.03s
[2023-11-18T05:05:29.049+0000][gc,start      ] GC(781) Pause Young (Normal) (G1 Evacuation Pause)
[2023-11-18T05:05:29.049+0000][gc,task       ] GC(781) Using 2 workers of 2 for evacuation
[2023-11-18T05:05:29.062+0000][gc,phases     ] GC(781)   Pre Evacuate Collection Set: 0.0ms
[2023-11-18T05:05:29.062+0000][gc,phases     ] GC(781)   Evacuate Collection Set: 13.1ms
[2023-11-18T05:05:29.062+0000][gc,phases     ] GC(781)   Post Evacuate Collection Set: 0.4ms
[2023-11-18T05:05:29.062+0000][gc,phases     ] GC(781)   Other: 0.2ms
[2023-11-18T05:05:29.062+0000][gc,heap       ] GC(781) Eden regions: 22->0(27)
[2023-11-18T05:05:29.062+0000][gc,heap       ] GC(781) Survivor regions: 3->3(4)
[2023-11-18T05:05:29.062+0000][gc,heap       ] GC(781) Old regions: 66->68
[2023-11-18T05:05:29.062+0000][gc,heap       ] GC(781) Humongous regions: 147->147
[2023-11-18T05:05:29.062+0000][gc,metaspace  ] GC(781) Metaspace: 44848K(47512K)->44848K(47512K) NonClass: 39581K(40960K)->39581K(40960K) Class: 5266K(6552K)->5266K(6552K)
[2023-11-18T05:05:29.062+0000][gc            ] GC(781) Pause Young (Normal) (G1 Evacuation Pause) 235M->216M(512M) 13.745ms
[2023-11-18T05:05:29.062+0000][gc,cpu        ] GC(781) User=0.02s Sys=0.00s Real=0.01s
[2023-11-18T05:06:54.658+0000][gc,start      ] GC(782) Pause Young (Normal) (G1 Evacuation Pause)
[2023-11-18T05:06:54.658+0000][gc,task       ] GC(782) Using 2 workers of 2 for evacuation
[2023-11-18T05:06:54.671+0000][gc,phases     ] GC(782)   Pre Evacuate Collection Set: 0.0ms
[2023-11-18T05:06:54.671+0000][gc,phases     ] GC(782)   Evacuate Collection Set: 12.2ms
[2023-11-18T05:06:54.671+0000][gc,phases     ] GC(782)   Post Evacuate Collection Set: 0.3ms
[2023-11-18T05:06:54.671+0000][gc,phases     ] GC(782)   Other: 0.2ms
[2023-11-18T05:06:54.671+0000][gc,heap       ] GC(782) Eden regions: 22->0(32)
[2023-11-18T05:06:54.671+0000][gc,heap       ] GC(782) Survivor regions: 3->3(4)
[2023-11-18T05:06:54.671+0000][gc,heap       ] GC(782) Old regions: 68->69
[2023-11-18T05:06:54.671+0000][gc,heap       ] GC(782) Humongous regions: 147->147
[2023-11-18T05:06:54.671+0000][gc,metaspace  ] GC(782) Metaspace: 44848K(47512K)->44848K(47512K) NonClass: 39581K(40960K)->39581K(40960K) Class: 5266K(6552K)->5266K(6552K)
[2023-11-18T05:06:54.671+0000][gc            ] GC(782) Pause Young (Normal) (G1 Evacuation Pause) 238M->216M(512M) 12.785ms
[2023-11-18T05:06:54.671+0000][gc,cpu        ] GC(782) User=0.02s Sys=0.00s Real=0.01s
[2023-11-18T05:08:02.045+0000][gc,start      ] GC(783) Pause Young (Normal) (G1 Evacuation Pause)
[2023-11-18T05:08:02.045+0000][gc,task       ] GC(783) Using 2 workers of 2 for evacuation
[2023-11-18T05:08:02.087+0000][gc,mmu        ] GC(783) MMU target violated: 21.0ms (20.0ms/21.0ms)
[2023-11-18T05:08:02.087+0000][gc,phases     ] GC(783)   Pre Evacuate Collection Set: 0.0ms
[2023-11-18T05:08:02.087+0000][gc,phases     ] GC(783)   Evacuate Collection Set: 40.9ms
[2023-11-18T05:08:02.087+0000][gc,phases     ] GC(783)   Post Evacuate Collection Set: 0.4ms
[2023-11-18T05:08:02.087+0000][gc,phases     ] GC(783)   Other: 0.3ms
[2023-11-18T05:08:02.087+0000][gc,heap       ] GC(783) Eden regions: 22->0(21)
[2023-11-18T05:08:02.087+0000][gc,heap       ] GC(783) Survivor regions: 3->4(4)
[2023-11-18T05:08:02.087+0000][gc,heap       ] GC(783) Old regions: 69->72
[2023-11-18T05:08:02.087+0000][gc,heap       ] GC(783) Humongous regions: 147->147
[2023-11-18T05:08:02.087+0000][gc,metaspace  ] GC(783) Metaspace: 44849K(47512K)->44849K(47512K) NonClass: 39582K(40960K)->39582K(40960K) Class: 5266K(6552K)->5266K(6552K)
[2023-11-18T05:08:02.087+0000][gc            ] GC(783) Pause Young (Normal) (G1 Evacuation Pause) 238M->221M(512M) 41.672ms
[2023-11-18T05:08:02.087+0000][gc,cpu        ] GC(783) User=0.07s Sys=0.01s Real=0.05s
[2023-11-18T05:09:19.432+0000][gc,start      ] GC(784) Pause Young (Normal) (G1 Evacuation Pause)
[2023-11-18T05:09:19.432+0000][gc,task       ] GC(784) Using 2 workers of 2 for evacuation
[2023-11-18T05:09:19.444+0000][gc,phases     ] GC(784)   Pre Evacuate Collection Set: 0.0ms
[2023-11-18T05:09:19.444+0000][gc,phases     ] GC(784)   Evacuate Collection Set: 11.9ms
[2023-11-18T05:09:19.444+0000][gc,phases     ] GC(784)   Post Evacuate Collection Set: 0.3ms
[2023-11-18T05:09:19.444+0000][gc,phases     ] GC(784)   Other: 0.2ms
[2023-11-18T05:09:19.444+0000][gc,heap       ] GC(784) Eden regions: 21->0(22)
[2023-11-18T05:09:19.444+0000][gc,heap       ] GC(784) Survivor regions: 4->3(4)
[2023-11-18T05:09:19.444+0000][gc,heap       ] GC(784) Old regions: 72->74
[2023-11-18T05:09:19.444+0000][gc,heap       ] GC(784) Humongous regions: 147->147
[2023-11-18T05:09:19.444+0000][gc,metaspace  ] GC(784) Metaspace: 44849K(47512K)->44849K(47512K) NonClass: 39582K(40960K)->39582K(40960K) Class: 5266K(6552K)->5266K(6552K)
[2023-11-18T05:09:19.444+0000][gc            ] GC(784) Pause Young (Normal) (G1 Evacuation Pause) 242M->222M(512M) 12.569ms
[2023-11-18T05:09:19.444+0000][gc,cpu        ] GC(784) User=0.02s Sys=0.00s Real=0.01s
[2023-11-18T05:10:44.084+0000][gc,start      ] GC(785) Pause Young (Normal) (G1 Evacuation Pause)
[2023-11-18T05:10:44.084+0000][gc,task       ] GC(785) Using 2 workers of 2 for evacuation
[2023-11-18T05:10:44.097+0000][gc,phases     ] GC(785)   Pre Evacuate Collection Set: 0.0ms
[2023-11-18T05:10:44.097+0000][gc,phases     ] GC(785)   Evacuate Collection Set: 12.9ms
[2023-11-18T05:10:44.097+0000][gc,phases     ] GC(785)   Post Evacuate Collection Set: 0.3ms
[2023-11-18T05:10:44.097+0000][gc,phases     ] GC(785)   Other: 0.3ms
[2023-11-18T05:10:44.097+0000][gc,heap       ] GC(785) Eden regions: 22->0(21)
[2023-11-18T05:10:44.097+0000][gc,heap       ] GC(785) Survivor regions: 3->4(4)
[2023-11-18T05:10:44.097+0000][gc,heap       ] GC(785) Old regions: 74->75
[2023-11-18T05:10:44.097+0000][gc,heap       ] GC(785) Humongous regions: 147->147
[2023-11-18T05:10:44.097+0000][gc,metaspace  ] GC(785) Metaspace: 44849K(47512K)->44849K(47512K) NonClass: 39582K(40960K)->39582K(40960K) Class: 5266K(6552K)->5266K(6552K)
[2023-11-18T05:10:44.097+0000][gc            ] GC(785) Pause Young (Normal) (G1 Evacuation Pause) 244M->224M(512M) 13.539ms
[2023-11-18T05:10:44.097+0000][gc,cpu        ] GC(785) User=0.03s Sys=0.00s Real=0.02s
[2023-11-18T05:12:05.741+0000][gc,start      ] GC(786) Pause Young (Normal) (G1 Evacuation Pause)
[2023-11-18T05:12:05.742+0000][gc,task       ] GC(786) Using 2 workers of 2 for evacuation
[2023-11-18T05:12:05.755+0000][gc,phases     ] GC(786)   Pre Evacuate Collection Set: 0.0ms
[2023-11-18T05:12:05.755+0000][gc,phases     ] GC(786)   Evacuate Collection Set: 13.3ms
[2023-11-18T05:12:05.755+0000][gc,phases     ] GC(786)   Post Evacuate Collection Set: 0.4ms
[2023-11-18T05:12:05.756+0000][gc,phases     ] GC(786)   Other: 0.2ms
[2023-11-18T05:12:05.756+0000][gc,heap       ] GC(786) Eden regions: 21->0(23)
[2023-11-18T05:12:05.756+0000][gc,heap       ] GC(786) Survivor regions: 4->2(4)
[2023-11-18T05:12:05.756+0000][gc,heap       ] GC(786) Old regions: 75->77
[2023-11-18T05:12:05.756+0000][gc,heap       ] GC(786) Humongous regions: 147->147
[2023-11-18T05:12:05.756+0000][gc,metaspace  ] GC(786) Metaspace: 44849K(47512K)->44849K(47512K) NonClass: 39582K(40960K)->39582K(40960K) Class: 5266K(6552K)->5266K(6552K)
[2023-11-18T05:12:05.756+0000][gc            ] GC(786) Pause Young (Normal) (G1 Evacuation Pause) 245M->224M(512M) 14.097ms
[2023-11-18T05:12:05.756+0000][gc,cpu        ] GC(786) User=0.03s Sys=0.00s Real=0.02s
[2023-11-18T05:13:34.618+0000][gc,start      ] GC(787) Pause Young (Normal) (G1 Evacuation Pause)
[2023-11-18T05:13:34.618+0000][gc,task       ] GC(787) Using 2 workers of 2 for evacuation
[2023-11-18T05:13:34.630+0000][gc,phases     ] GC(787)   Pre Evacuate Collection Set: 0.0ms
[2023-11-18T05:13:34.630+0000][gc,phases     ] GC(787)   Evacuate Collection Set: 12.0ms
[2023-11-18T05:13:34.630+0000][gc,phases     ] GC(787)   Post Evacuate Collection Set: 0.3ms
[2023-11-18T05:13:34.630+0000][gc,phases     ] GC(787)   Other: 0.2ms
[2023-11-18T05:13:34.630+0000][gc,heap       ] GC(787) Eden regions: 23->0(24)
[2023-11-18T05:13:34.630+0000][gc,heap       ] GC(787) Survivor regions: 2->4(4)
[2023-11-18T05:13:34.630+0000][gc,heap       ] GC(787) Old regions: 77->77
[2023-11-18T05:13:34.630+0000][gc,heap       ] GC(787) Humongous regions: 147->147
[2023-11-18T05:13:34.630+0000][gc,metaspace  ] GC(787) Metaspace: 44849K(47512K)->44849K(47512K) NonClass: 39582K(40960K)->39582K(40960K) Class: 5266K(6552K)->5266K(6552K)
[2023-11-18T05:13:34.630+0000][gc            ] GC(787) Pause Young (Normal) (G1 Evacuation Pause) 247M->226M(512M) 12.614ms
[2023-11-18T05:13:34.630+0000][gc,cpu        ] GC(787) User=0.02s Sys=0.00s Real=0.01s
[2023-11-18T05:15:07.068+0000][gc,start      ] GC(788) Pause Young (Normal) (G1 Evacuation Pause)
[2023-11-18T05:15:07.068+0000][gc,task       ] GC(788) Using 2 workers of 2 for evacuation
[2023-11-18T05:15:07.094+0000][gc,mmu        ] GC(788) MMU target violated: 21.0ms (20.0ms/21.0ms)
[2023-11-18T05:15:07.094+0000][gc,phases     ] GC(788)   Pre Evacuate Collection Set: 0.0ms
[2023-11-18T05:15:07.094+0000][gc,phases     ] GC(788)   Evacuate Collection Set: 24.4ms
[2023-11-18T05:15:07.094+0000][gc,phases     ] GC(788)   Post Evacuate Collection Set: 0.4ms
[2023-11-18T05:15:07.094+0000][gc,phases     ] GC(788)   Other: 0.6ms
[2023-11-18T05:15:07.094+0000][gc,heap       ] GC(788) Eden regions: 24->0(22)
[2023-11-18T05:15:07.094+0000][gc,heap       ] GC(788) Survivor regions: 4->3(4)
[2023-11-18T05:15:07.094+0000][gc,heap       ] GC(788) Old regions: 77->79
[2023-11-18T05:15:07.094+0000][gc,heap       ] GC(788) Humongous regions: 147->147
[2023-11-18T05:15:07.094+0000][gc,metaspace  ] GC(788) Metaspace: 44849K(47512K)->44849K(47512K) NonClass: 39582K(40960K)->39582K(40960K) Class: 5266K(6552K)->5266K(6552K)
[2023-11-18T05:15:07.094+0000][gc            ] GC(788) Pause Young (Normal) (G1 Evacuation Pause) 250M->226M(512M) 25.618ms
[2023-11-18T05:15:07.094+0000][gc,cpu        ] GC(788) User=0.05s Sys=0.01s Real=0.03s
[2023-11-18T05:16:32.715+0000][gc,start      ] GC(789) Pause Young (Normal) (G1 Evacuation Pause)
[2023-11-18T05:16:32.715+0000][gc,task       ] GC(789) Using 2 workers of 2 for evacuation
[2023-11-18T05:16:32.727+0000][gc,phases     ] GC(789)   Pre Evacuate Collection Set: 0.0ms
[2023-11-18T05:16:32.727+0000][gc,phases     ] GC(789)   Evacuate Collection Set: 11.5ms
[2023-11-18T05:16:32.727+0000][gc,phases     ] GC(789)   Post Evacuate Collection Set: 0.3ms
[2023-11-18T05:16:32.727+0000][gc,phases     ] GC(789)   Other: 0.2ms
[2023-11-18T05:16:32.727+0000][gc,heap       ] GC(789) Eden regions: 22->0(22)
[2023-11-18T05:16:32.727+0000][gc,heap       ] GC(789) Survivor regions: 3->4(4)
[2023-11-18T05:16:32.727+0000][gc,heap       ] GC(789) Old regions: 79->79
[2023-11-18T05:16:32.727+0000][gc,heap       ] GC(789) Humongous regions: 147->147
[2023-11-18T05:16:32.727+0000][gc,metaspace  ] GC(789) Metaspace: 44849K(47512K)->44849K(47512K) NonClass: 39582K(40960K)->39582K(40960K) Class: 5266K(6552K)->5266K(6552K)
[2023-11-18T05:16:32.727+0000][gc            ] GC(789) Pause Young (Normal) (G1 Evacuation Pause) 248M->228M(512M) 12.115ms
[2023-11-18T05:16:32.727+0000][gc,cpu        ] GC(789) User=0.02s Sys=0.00s Real=0.01s
[2023-11-18T05:17:57.201+0000][gc,start      ] GC(790) Pause Young (Normal) (G1 Evacuation Pause)
[2023-11-18T05:17:57.202+0000][gc,task       ] GC(790) Using 2 workers of 2 for evacuation
[2023-11-18T05:17:57.214+0000][gc,phases     ] GC(790)   Pre Evacuate Collection Set: 0.0ms
[2023-11-18T05:17:57.214+0000][gc,phases     ] GC(790)   Evacuate Collection Set: 12.3ms
[2023-11-18T05:17:57.214+0000][gc,phases     ] GC(790)   Post Evacuate Collection Set: 0.4ms
[2023-11-18T05:17:57.214+0000][gc,phases     ] GC(790)   Other: 0.2ms
[2023-11-18T05:17:57.214+0000][gc,heap       ] GC(790) Eden regions: 22->0(25)
[2023-11-18T05:17:57.214+0000][gc,heap       ] GC(790) Survivor regions: 4->3(4)
[2023-11-18T05:17:57.214+0000][gc,heap       ] GC(790) Old regions: 79->81
[2023-11-18T05:17:57.214+0000][gc,heap       ] GC(790) Humongous regions: 147->147
[2023-11-18T05:17:57.214+0000][gc,metaspace  ] GC(790) Metaspace: 44849K(47512K)->44849K(47512K) NonClass: 39582K(40960K)->39582K(40960K) Class: 5266K(6552K)->5266K(6552K)
[2023-11-18T05:17:57.215+0000][gc            ] GC(790) Pause Young (Normal) (G1 Evacuation Pause) 250M->228M(512M) 13.053ms
[2023-11-18T05:17:57.215+0000][gc,cpu        ] GC(790) User=0.02s Sys=0.00s Real=0.02s
[2023-11-18T05:19:34.524+0000][gc,start      ] GC(791) Pause Young (Normal) (G1 Evacuation Pause)
[2023-11-18T05:19:34.524+0000][gc,task       ] GC(791) Using 2 workers of 2 for evacuation
[2023-11-18T05:19:34.537+0000][gc,phases     ] GC(791)   Pre Evacuate Collection Set: 0.0ms
[2023-11-18T05:19:34.537+0000][gc,phases     ] GC(791)   Evacuate Collection Set: 12.1ms
[2023-11-18T05:19:34.537+0000][gc,phases     ] GC(791)   Post Evacuate Collection Set: 0.3ms
[2023-11-18T05:19:34.537+0000][gc,phases     ] GC(791)   Other: 0.2ms
[2023-11-18T05:19:34.537+0000][gc,heap       ] GC(791) Eden regions: 25->0(25)
[2023-11-18T05:19:34.537+0000][gc,heap       ] GC(791) Survivor regions: 3->4(4)
[2023-11-18T05:19:34.537+0000][gc,heap       ] GC(791) Old regions: 81->82
[2023-11-18T05:19:34.537+0000][gc,heap       ] GC(791) Humongous regions: 147->147
[2023-11-18T05:19:34.537+0000][gc,metaspace  ] GC(791) Metaspace: 44849K(47512K)->44849K(47512K) NonClass: 39582K(40960K)->39582K(40960K) Class: 5266K(6552K)->5266K(6552K)
[2023-11-18T05:19:34.537+0000][gc            ] GC(791) Pause Young (Normal) (G1 Evacuation Pause) 253M->230M(512M) 12.975ms
[2023-11-18T05:19:34.537+0000][gc,cpu        ] GC(791) User=0.03s Sys=0.00s Real=0.02s
[2023-11-18T05:21:11.211+0000][gc,start      ] GC(792) Pause Young (Normal) (G1 Evacuation Pause)
[2023-11-18T05:21:11.211+0000][gc,task       ] GC(792) Using 2 workers of 2 for evacuation
[2023-11-18T05:21:11.227+0000][gc,phases     ] GC(792)   Pre Evacuate Collection Set: 0.0ms
[2023-11-18T05:21:11.227+0000][gc,phases     ] GC(792)   Evacuate Collection Set: 16.0ms
[2023-11-18T05:21:11.227+0000][gc,phases     ] GC(792)   Post Evacuate Collection Set: 0.4ms
[2023-11-18T05:21:11.227+0000][gc,phases     ] GC(792)   Other: 0.2ms
[2023-11-18T05:21:11.227+0000][gc,heap       ] GC(792) Eden regions: 25->0(27)
[2023-11-18T05:21:11.227+0000][gc,heap       ] GC(792) Survivor regions: 4->3(4)
[2023-11-18T05:21:11.227+0000][gc,heap       ] GC(792) Old regions: 82->83
[2023-11-18T05:21:11.227+0000][gc,heap       ] GC(792) Humongous regions: 147->147
[2023-11-18T05:21:11.227+0000][gc,metaspace  ] GC(792) Metaspace: 44849K(47512K)->44849K(47512K) NonClass: 39582K(40960K)->39582K(40960K) Class: 5266K(6552K)->5266K(6552K)
[2023-11-18T05:21:11.227+0000][gc            ] GC(792) Pause Young (Normal) (G1 Evacuation Pause) 255M->231M(512M) 16.733ms
[2023-11-18T05:21:11.227+0000][gc,cpu        ] GC(792) User=0.03s Sys=0.00s Real=0.02s
[2023-11-18T05:22:48.955+0000][gc,start      ] GC(793) Pause Young (Normal) (G1 Evacuation Pause)
[2023-11-18T05:22:48.955+0000][gc,task       ] GC(793) Using 2 workers of 2 for evacuation
[2023-11-18T05:22:48.964+0000][gc,phases     ] GC(793)   Pre Evacuate Collection Set: 0.0ms
[2023-11-18T05:22:48.964+0000][gc,phases     ] GC(793)   Evacuate Collection Set: 8.3ms
[2023-11-18T05:22:48.964+0000][gc,phases     ] GC(793)   Post Evacuate Collection Set: 0.4ms
[2023-11-18T05:22:48.964+0000][gc,phases     ] GC(793)   Other: 0.2ms
[2023-11-18T05:22:48.964+0000][gc,heap       ] GC(793) Eden regions: 25->0(36)
[2023-11-18T05:22:48.964+0000][gc,heap       ] GC(793) Survivor regions: 3->2(4)
[2023-11-18T05:22:48.964+0000][gc,heap       ] GC(793) Old regions: 83->85
[2023-11-18T05:22:48.964+0000][gc,heap       ] GC(793) Humongous regions: 147->147
[2023-11-18T05:22:48.964+0000][gc,metaspace  ] GC(793) Metaspace: 44849K(47512K)->44849K(47512K) NonClass: 39582K(40960K)->39582K(40960K) Class: 5266K(6552K)->5266K(6552K)
[2023-11-18T05:22:48.964+0000][gc            ] GC(793) Pause Young (Normal) (G1 Evacuation Pause) 256M->231M(512M) 9.024ms
[2023-11-18T05:22:48.964+0000][gc,cpu        ] GC(793) User=0.01s Sys=0.00s Real=0.00s
[2023-11-18T05:24:58.097+0000][gc,start      ] GC(794) Pause Young (Normal) (G1 Evacuation Pause)
[2023-11-18T05:24:58.097+0000][gc,task       ] GC(794) Using 2 workers of 2 for evacuation
[2023-11-18T05:24:58.110+0000][gc,phases     ] GC(794)   Pre Evacuate Collection Set: 0.0ms
[2023-11-18T05:24:58.110+0000][gc,phases     ] GC(794)   Evacuate Collection Set: 13.1ms
[2023-11-18T05:24:58.110+0000][gc,phases     ] GC(794)   Post Evacuate Collection Set: 0.4ms
[2023-11-18T05:24:58.110+0000][gc,phases     ] GC(794)   Other: 0.2ms
[2023-11-18T05:24:58.110+0000][gc,heap       ] GC(794) Eden regions: 33->0(36)
[2023-11-18T05:24:58.110+0000][gc,heap       ] GC(794) Survivor regions: 2->5(5)
[2023-11-18T05:24:58.110+0000][gc,heap       ] GC(794) Old regions: 85->85
[2023-11-18T05:24:58.110+0000][gc,heap       ] GC(794) Humongous regions: 147->147
[2023-11-18T05:24:58.110+0000][gc,metaspace  ] GC(794) Metaspace: 44849K(47512K)->44849K(47512K) NonClass: 39582K(40960K)->39582K(40960K) Class: 5266K(6552K)->5266K(6552K)
[2023-11-18T05:24:58.110+0000][gc            ] GC(794) Pause Young (Normal) (G1 Evacuation Pause) 264M->234M(512M) 13.721ms
[2023-11-18T05:24:58.110+0000][gc,cpu        ] GC(794) User=0.03s Sys=0.00s Real=0.01s
[2023-11-18T05:27:19.831+0000][gc,start      ] GC(795) Pause Young (Normal) (G1 Evacuation Pause)
[2023-11-18T05:27:19.831+0000][gc,task       ] GC(795) Using 2 workers of 2 for evacuation
[2023-11-18T05:27:19.846+0000][gc,phases     ] GC(795)   Pre Evacuate Collection Set: 0.0ms
[2023-11-18T05:27:19.846+0000][gc,phases     ] GC(795)   Evacuate Collection Set: 14.4ms
[2023-11-18T05:27:19.846+0000][gc,phases     ] GC(795)   Post Evacuate Collection Set: 0.4ms
[2023-11-18T05:27:19.846+0000][gc,phases     ] GC(795)   Other: 0.2ms
[2023-11-18T05:27:19.846+0000][gc,heap       ] GC(795) Eden regions: 36->0(38)
[2023-11-18T05:27:19.846+0000][gc,heap       ] GC(795) Survivor regions: 5->4(6)
[2023-11-18T05:27:19.846+0000][gc,heap       ] GC(795) Old regions: 85->87
[2023-11-18T05:27:19.846+0000][gc,heap       ] GC(795) Humongous regions: 147->147
[2023-11-18T05:27:19.846+0000][gc,metaspace  ] GC(795) Metaspace: 44849K(47512K)->44849K(47512K) NonClass: 39582K(40960K)->39582K(40960K) Class: 5266K(6552K)->5266K(6552K)
[2023-11-18T05:27:19.846+0000][gc            ] GC(795) Pause Young (Normal) (G1 Evacuation Pause) 270M->236M(512M) 15.107ms
[2023-11-18T05:27:19.846+0000][gc,cpu        ] GC(795) User=0.03s Sys=0.00s Real=0.02s
[2023-11-18T05:29:48.084+0000][gc,start      ] GC(796) Pause Young (Normal) (G1 Evacuation Pause)
[2023-11-18T05:29:48.084+0000][gc,task       ] GC(796) Using 2 workers of 2 for evacuation
[2023-11-18T05:29:48.099+0000][gc,phases     ] GC(796)   Pre Evacuate Collection Set: 0.0ms
[2023-11-18T05:29:48.099+0000][gc,phases     ] GC(796)   Evacuate Collection Set: 13.9ms
[2023-11-18T05:29:48.099+0000][gc,phases     ] GC(796)   Post Evacuate Collection Set: 0.5ms
[2023-11-18T05:29:48.099+0000][gc,phases     ] GC(796)   Other: 0.2ms
[2023-11-18T05:29:48.099+0000][gc,heap       ] GC(796) Eden regions: 38->0(41)
[2023-11-18T05:29:48.099+0000][gc,heap       ] GC(796) Survivor regions: 4->4(6)
[2023-11-18T05:29:48.099+0000][gc,heap       ] GC(796) Old regions: 87->89
[2023-11-18T05:29:48.099+0000][gc,heap       ] GC(796) Humongous regions: 147->147
[2023-11-18T05:29:48.099+0000][gc,metaspace  ] GC(796) Metaspace: 44849K(47512K)->44849K(47512K) NonClass: 39582K(40960K)->39582K(40960K) Class: 5266K(6552K)->5266K(6552K)
[2023-11-18T05:29:48.099+0000][gc            ] GC(796) Pause Young (Normal) (G1 Evacuation Pause) 274M->237M(512M) 14.755ms
[2023-11-18T05:29:48.099+0000][gc,cpu        ] GC(796) User=0.03s Sys=0.00s Real=0.02s
[2023-11-18T05:32:29.709+0000][gc,start      ] GC(797) Pause Young (Normal) (G1 Evacuation Pause)
[2023-11-18T05:32:29.709+0000][gc,task       ] GC(797) Using 2 workers of 2 for evacuation
[2023-11-18T05:32:29.726+0000][gc,phases     ] GC(797)   Pre Evacuate Collection Set: 0.0ms
[2023-11-18T05:32:29.726+0000][gc,phases     ] GC(797)   Evacuate Collection Set: 15.9ms
[2023-11-18T05:32:29.726+0000][gc,phases     ] GC(797)   Post Evacuate Collection Set: 0.7ms
[2023-11-18T05:32:29.726+0000][gc,phases     ] GC(797)   Other: 0.2ms
[2023-11-18T05:32:29.726+0000][gc,heap       ] GC(797) Eden regions: 41->0(43)
[2023-11-18T05:32:29.726+0000][gc,heap       ] GC(797) Survivor regions: 4->4(6)
[2023-11-18T05:32:29.726+0000][gc,heap       ] GC(797) Old regions: 89->90
[2023-11-18T05:32:29.726+0000][gc,heap       ] GC(797) Humongous regions: 147->147
[2023-11-18T05:32:29.726+0000][gc,metaspace  ] GC(797) Metaspace: 44849K(47512K)->44849K(47512K) NonClass: 39582K(40960K)->39582K(40960K) Class: 5266K(6552K)->5266K(6552K)
[2023-11-18T05:32:29.726+0000][gc            ] GC(797) Pause Young (Normal) (G1 Evacuation Pause) 278M->239M(512M) 16.936ms
[2023-11-18T05:32:29.726+0000][gc,cpu        ] GC(797) User=0.03s Sys=0.00s Real=0.02s
[2023-11-18T05:35:18.135+0000][gc,start      ] GC(798) Pause Young (Normal) (G1 Evacuation Pause)
[2023-11-18T05:35:18.135+0000][gc,task       ] GC(798) Using 2 workers of 2 for evacuation
[2023-11-18T05:35:18.149+0000][gc,phases     ] GC(798)   Pre Evacuate Collection Set: 0.0ms
[2023-11-18T05:35:18.149+0000][gc,phases     ] GC(798)   Evacuate Collection Set: 13.6ms
[2023-11-18T05:35:18.149+0000][gc,phases     ] GC(798)   Post Evacuate Collection Set: 0.5ms
[2023-11-18T05:35:18.149+0000][gc,phases     ] GC(798)   Other: 0.2ms
[2023-11-18T05:35:18.149+0000][gc,heap       ] GC(798) Eden regions: 43->0(46)
[2023-11-18T05:35:18.149+0000][gc,heap       ] GC(798) Survivor regions: 4->4(6)
[2023-11-18T05:35:18.149+0000][gc,heap       ] GC(798) Old regions: 90->92
[2023-11-18T05:35:18.149+0000][gc,heap       ] GC(798) Humongous regions: 147->147
[2023-11-18T05:35:18.149+0000][gc,metaspace  ] GC(798) Metaspace: 44849K(47512K)->44849K(47512K) NonClass: 39582K(40960K)->39582K(40960K) Class: 5266K(6552K)->5266K(6552K)
[2023-11-18T05:35:18.149+0000][gc            ] GC(798) Pause Young (Normal) (G1 Evacuation Pause) 282M->241M(512M) 14.446ms
[2023-11-18T05:35:18.149+0000][gc,cpu        ] GC(798) User=0.03s Sys=0.00s Real=0.01s
[2023-11-18T05:38:03.291+0000][gc,start      ] GC(799) Pause Young (Normal) (G1 Evacuation Pause)
[2023-11-18T05:38:03.291+0000][gc,task       ] GC(799) Using 2 workers of 2 for evacuation
[2023-11-18T05:38:03.309+0000][gc,phases     ] GC(799)   Pre Evacuate Collection Set: 0.0ms
[2023-11-18T05:38:03.309+0000][gc,phases     ] GC(799)   Evacuate Collection Set: 17.6ms
[2023-11-18T05:38:03.309+0000][gc,phases     ] GC(799)   Post Evacuate Collection Set: 0.4ms
[2023-11-18T05:38:03.309+0000][gc,phases     ] GC(799)   Other: 0.3ms
[2023-11-18T05:38:03.310+0000][gc,heap       ] GC(799) Eden regions: 42->0(45)
[2023-11-18T05:38:03.310+0000][gc,heap       ] GC(799) Survivor regions: 4->4(6)
[2023-11-18T05:38:03.310+0000][gc,heap       ] GC(799) Old regions: 92->94
[2023-11-18T05:38:03.310+0000][gc,heap       ] GC(799) Humongous regions: 147->147
[2023-11-18T05:38:03.310+0000][gc,metaspace  ] GC(799) Metaspace: 44849K(47512K)->44849K(47512K) NonClass: 39582K(40960K)->39582K(40960K) Class: 5266K(6552K)->5266K(6552K)
[2023-11-18T05:38:03.310+0000][gc            ] GC(799) Pause Young (Normal) (G1 Evacuation Pause) 283M->243M(512M) 18.354ms
[2023-11-18T05:38:03.310+0000][gc,cpu        ] GC(799) User=0.03s Sys=0.00s Real=0.02s
[2023-11-18T05:40:44.166+0000][gc,start      ] GC(800) Pause Young (Normal) (G1 Evacuation Pause)
[2023-11-18T05:40:44.166+0000][gc,task       ] GC(800) Using 2 workers of 2 for evacuation
[2023-11-18T05:40:44.187+0000][gc,mmu        ] GC(800) MMU target violated: 20.4ms (20.0ms/21.0ms)
[2023-11-18T05:40:44.187+0000][gc,phases     ] GC(800)   Pre Evacuate Collection Set: 0.0ms
[2023-11-18T05:40:44.187+0000][gc,phases     ] GC(800)   Evacuate Collection Set: 20.0ms
[2023-11-18T05:40:44.187+0000][gc,phases     ] GC(800)   Post Evacuate Collection Set: 0.4ms
[2023-11-18T05:40:44.187+0000][gc,phases     ] GC(800)   Other: 0.3ms
[2023-11-18T05:40:44.187+0000][gc,heap       ] GC(800) Eden regions: 41->0(44)
[2023-11-18T05:40:44.187+0000][gc,heap       ] GC(800) Survivor regions: 4->4(6)
[2023-11-18T05:40:44.187+0000][gc,heap       ] GC(800) Old regions: 94->96
[2023-11-18T05:40:44.187+0000][gc,heap       ] GC(800) Humongous regions: 147->147
[2023-11-18T05:40:44.187+0000][gc,metaspace  ] GC(800) Metaspace: 44849K(47512K)->44849K(47512K) NonClass: 39582K(40960K)->39582K(40960K) Class: 5266K(6552K)->5266K(6552K)
[2023-11-18T05:40:44.187+0000][gc            ] GC(800) Pause Young (Normal) (G1 Evacuation Pause) 284M->244M(512M) 20.645ms
[2023-11-18T05:40:44.187+0000][gc,cpu        ] GC(800) User=0.04s Sys=0.01s Real=0.02s
[2023-11-18T05:43:13.378+0000][gc,start      ] GC(801) Pause Young (Normal) (G1 Evacuation Pause)
[2023-11-18T05:43:13.378+0000][gc,task       ] GC(801) Using 2 workers of 2 for evacuation
[2023-11-18T05:43:13.398+0000][gc,phases     ] GC(801)   Pre Evacuate Collection Set: 0.0ms
[2023-11-18T05:43:13.398+0000][gc,phases     ] GC(801)   Evacuate Collection Set: 16.2ms
[2023-11-18T05:43:13.398+0000][gc,phases     ] GC(801)   Post Evacuate Collection Set: 3.0ms
[2023-11-18T05:43:13.398+0000][gc,phases     ] GC(801)   Other: 0.3ms
[2023-11-18T05:43:13.398+0000][gc,heap       ] GC(801) Eden regions: 38->0(41)
[2023-11-18T05:43:13.398+0000][gc,heap       ] GC(801) Survivor regions: 4->3(6)
[2023-11-18T05:43:13.398+0000][gc,heap       ] GC(801) Old regions: 96->98
[2023-11-18T05:43:13.398+0000][gc,heap       ] GC(801) Humongous regions: 147->147
[2023-11-18T05:43:13.398+0000][gc,metaspace  ] GC(801) Metaspace: 44849K(47512K)->44849K(47512K) NonClass: 39582K(40960K)->39582K(40960K) Class: 5266K(6552K)->5266K(6552K)
[2023-11-18T05:43:13.398+0000][gc            ] GC(801) Pause Young (Normal) (G1 Evacuation Pause) 282M->245M(512M) 19.564ms
[2023-11-18T05:43:13.398+0000][gc,cpu        ] GC(801) User=0.03s Sys=0.01s Real=0.02s
[2023-11-18T05:45:55.185+0000][gc,start      ] GC(802) Pause Young (Normal) (G1 Evacuation Pause)
[2023-11-18T05:45:55.185+0000][gc,task       ] GC(802) Using 2 workers of 2 for evacuation
[2023-11-18T05:45:55.200+0000][gc,phases     ] GC(802)   Pre Evacuate Collection Set: 0.1ms
[2023-11-18T05:45:55.200+0000][gc,phases     ] GC(802)   Evacuate Collection Set: 13.9ms
[2023-11-18T05:45:55.200+0000][gc,phases     ] GC(802)   Post Evacuate Collection Set: 0.3ms
[2023-11-18T05:45:55.200+0000][gc,phases     ] GC(802)   Other: 0.2ms
[2023-11-18T05:45:55.200+0000][gc,heap       ] GC(802) Eden regions: 41->0(43)
[2023-11-18T05:45:55.200+0000][gc,heap       ] GC(802) Survivor regions: 3->5(6)
[2023-11-18T05:45:55.200+0000][gc,heap       ] GC(802) Old regions: 98->98
[2023-11-18T05:45:55.200+0000][gc,heap       ] GC(802) Humongous regions: 147->147
[2023-11-18T05:45:55.200+0000][gc,metaspace  ] GC(802) Metaspace: 44849K(47512K)->44849K(47512K) NonClass: 39582K(40960K)->39582K(40960K) Class: 5266K(6552K)->5266K(6552K)
[2023-11-18T05:45:55.200+0000][gc            ] GC(802) Pause Young (Normal) (G1 Evacuation Pause) 286M->247M(512M) 14.591ms
[2023-11-18T05:45:55.200+0000][gc,cpu        ] GC(802) User=0.03s Sys=0.00s Real=0.02s
[2023-11-18T05:48:36.699+0000][gc,start      ] GC(803) Pause Young (Normal) (G1 Evacuation Pause)
[2023-11-18T05:48:36.699+0000][gc,task       ] GC(803) Using 2 workers of 2 for evacuation
[2023-11-18T05:48:36.722+0000][gc,mmu        ] GC(803) MMU target violated: 21.0ms (20.0ms/21.0ms)
[2023-11-18T05:48:36.722+0000][gc,phases     ] GC(803)   Pre Evacuate Collection Set: 0.0ms
[2023-11-18T05:48:36.722+0000][gc,phases     ] GC(803)   Evacuate Collection Set: 22.5ms
[2023-11-18T05:48:36.722+0000][gc,phases     ] GC(803)   Post Evacuate Collection Set: 0.5ms
[2023-11-18T05:48:36.722+0000][gc,phases     ] GC(803)   Other: 0.3ms
[2023-11-18T05:48:36.722+0000][gc,heap       ] GC(803) Eden regions: 41->0(40)
[2023-11-18T05:48:36.722+0000][gc,heap       ] GC(803) Survivor regions: 5->5(6)
[2023-11-18T05:48:36.722+0000][gc,heap       ] GC(803) Old regions: 98->99
[2023-11-18T05:48:36.722+0000][gc,heap       ] GC(803) Humongous regions: 147->147
[2023-11-18T05:48:36.722+0000][gc,metaspace  ] GC(803) Metaspace: 44849K(47512K)->44849K(47512K) NonClass: 39582K(40960K)->39582K(40960K) Class: 5266K(6552K)->5266K(6552K)
[2023-11-18T05:48:36.722+0000][gc            ] GC(803) Pause Young (Normal) (G1 Evacuation Pause) 288M->249M(512M) 23.350ms
[2023-11-18T05:48:36.722+0000][gc,cpu        ] GC(803) User=0.04s Sys=0.01s Real=0.02s
[2023-11-18T05:51:13.739+0000][gc,start      ] GC(804) Pause Young (Normal) (G1 Evacuation Pause)
[2023-11-18T05:51:13.739+0000][gc,task       ] GC(804) Using 2 workers of 2 for evacuation
[2023-11-18T05:51:13.757+0000][gc,phases     ] GC(804)   Pre Evacuate Collection Set: 0.0ms
[2023-11-18T05:51:13.757+0000][gc,phases     ] GC(804)   Evacuate Collection Set: 17.3ms
[2023-11-18T05:51:13.757+0000][gc,phases     ] GC(804)   Post Evacuate Collection Set: 0.4ms
[2023-11-18T05:51:13.757+0000][gc,phases     ] GC(804)   Other: 0.3ms
[2023-11-18T05:51:13.757+0000][gc,heap       ] GC(804) Eden regions: 40->0(41)
[2023-11-18T05:51:13.757+0000][gc,heap       ] GC(804) Survivor regions: 5->5(6)
[2023-11-18T05:51:13.757+0000][gc,heap       ] GC(804) Old regions: 99->101
[2023-11-18T05:51:13.757+0000][gc,heap       ] GC(804) Humongous regions: 147->147
[2023-11-18T05:51:13.757+0000][gc,metaspace  ] GC(804) Metaspace: 44849K(47512K)->44849K(47512K) NonClass: 39582K(40960K)->39582K(40960K) Class: 5266K(6552K)->5266K(6552K)
[2023-11-18T05:51:13.757+0000][gc            ] GC(804) Pause Young (Normal) (G1 Evacuation Pause) 289M->250M(512M) 18.052ms
[2023-11-18T05:51:13.757+0000][gc,cpu        ] GC(804) User=0.04s Sys=0.00s Real=0.02s
[2023-11-18T05:53:55.131+0000][gc,start      ] GC(805) Pause Young (Normal) (G1 Evacuation Pause)
[2023-11-18T05:53:55.131+0000][gc,task       ] GC(805) Using 2 workers of 2 for evacuation
[2023-11-18T05:53:55.147+0000][gc,phases     ] GC(805)   Pre Evacuate Collection Set: 0.0ms
[2023-11-18T05:53:55.147+0000][gc,phases     ] GC(805)   Evacuate Collection Set: 14.8ms
[2023-11-18T05:53:55.147+0000][gc,phases     ] GC(805)   Post Evacuate Collection Set: 0.3ms
[2023-11-18T05:53:55.147+0000][gc,phases     ] GC(805)   Other: 0.2ms
[2023-11-18T05:53:55.147+0000][gc,heap       ] GC(805) Eden regions: 41->0(43)
[2023-11-18T05:53:55.147+0000][gc,heap       ] GC(805) Survivor regions: 5->5(6)
[2023-11-18T05:53:55.147+0000][gc,heap       ] GC(805) Old regions: 101->103
[2023-11-18T05:53:55.147+0000][gc,heap       ] GC(805) Humongous regions: 147->147
[2023-11-18T05:53:55.147+0000][gc,metaspace  ] GC(805) Metaspace: 44849K(47512K)->44849K(47512K) NonClass: 39582K(40960K)->39582K(40960K) Class: 5266K(6552K)->5266K(6552K)
[2023-11-18T05:53:55.147+0000][gc            ] GC(805) Pause Young (Normal) (G1 Evacuation Pause) 291M->252M(512M) 15.455ms
[2023-11-18T05:53:55.147+0000][gc,cpu        ] GC(805) User=0.03s Sys=0.00s Real=0.02s
[2023-11-18T05:56:44.778+0000][gc,start      ] GC(806) Pause Young (Normal) (G1 Evacuation Pause)
[2023-11-18T05:56:44.778+0000][gc,task       ] GC(806) Using 2 workers of 2 for evacuation
[2023-11-18T05:56:44.796+0000][gc,phases     ] GC(806)   Pre Evacuate Collection Set: 0.0ms
[2023-11-18T05:56:44.796+0000][gc,phases     ] GC(806)   Evacuate Collection Set: 16.7ms
[2023-11-18T05:56:44.796+0000][gc,phases     ] GC(806)   Post Evacuate Collection Set: 0.7ms
[2023-11-18T05:56:44.796+0000][gc,phases     ] GC(806)   Other: 0.2ms
[2023-11-18T05:56:44.796+0000][gc,heap       ] GC(806) Eden regions: 43->0(43)
[2023-11-18T05:56:44.796+0000][gc,heap       ] GC(806) Survivor regions: 5->5(6)
[2023-11-18T05:56:44.796+0000][gc,heap       ] GC(806) Old regions: 103->105
[2023-11-18T05:56:44.796+0000][gc,heap       ] GC(806) Humongous regions: 147->147
[2023-11-18T05:56:44.796+0000][gc,metaspace  ] GC(806) Metaspace: 44849K(47512K)->44849K(47512K) NonClass: 39582K(40960K)->39582K(40960K) Class: 5266K(6552K)->5266K(6552K)
[2023-11-18T05:56:44.796+0000][gc            ] GC(806) Pause Young (Normal) (G1 Evacuation Pause) 295M->254M(512M) 17.833ms
[2023-11-18T05:56:44.796+0000][gc,cpu        ] GC(806) User=0.04s Sys=0.00s Real=0.02s
[2023-11-18T05:59:33.563+0000][gc,start      ] GC(807) Pause Young (Normal) (G1 Evacuation Pause)
[2023-11-18T05:59:33.563+0000][gc,task       ] GC(807) Using 2 workers of 2 for evacuation
[2023-11-18T05:59:33.583+0000][gc,mmu        ] GC(807) MMU target violated: 20.5ms (20.0ms/21.0ms)
[2023-11-18T05:59:33.583+0000][gc,phases     ] GC(807)   Pre Evacuate Collection Set: 0.0ms
[2023-11-18T05:59:33.583+0000][gc,phases     ] GC(807)   Evacuate Collection Set: 20.0ms
[2023-11-18T05:59:33.583+0000][gc,phases     ] GC(807)   Post Evacuate Collection Set: 0.4ms
[2023-11-18T05:59:33.583+0000][gc,phases     ] GC(807)   Other: 0.3ms
[2023-11-18T05:59:33.583+0000][gc,heap       ] GC(807) Eden regions: 43->0(42)
[2023-11-18T05:59:33.583+0000][gc,heap       ] GC(807) Survivor regions: 5->5(6)
[2023-11-18T05:59:33.583+0000][gc,heap       ] GC(807) Old regions: 105->107
[2023-11-18T05:59:33.583+0000][gc,heap       ] GC(807) Humongous regions: 147->147
[2023-11-18T05:59:33.583+0000][gc,metaspace  ] GC(807) Metaspace: 44849K(47512K)->44849K(47512K) NonClass: 39582K(40960K)->39582K(40960K) Class: 5266K(6552K)->5266K(6552K)
[2023-11-18T05:59:33.583+0000][gc            ] GC(807) Pause Young (Normal) (G1 Evacuation Pause) 297M->256M(512M) 20.750ms
[2023-11-18T05:59:33.583+0000][gc,cpu        ] GC(807) User=0.04s Sys=0.00s Real=0.02s
[2023-11-18T06:01:15.849+0000][gc,start      ] GC(808) Pause Young (Normal) (G1 Evacuation Pause)
[2023-11-18T06:01:15.849+0000][gc,task       ] GC(808) Using 2 workers of 2 for evacuation
[2023-11-18T06:01:15.870+0000][gc,mmu        ] GC(808) MMU target violated: 20.8ms (20.0ms/21.0ms)
[2023-11-18T06:01:15.870+0000][gc,phases     ] GC(808)   Pre Evacuate Collection Set: 0.0ms
[2023-11-18T06:01:15.870+0000][gc,phases     ] GC(808)   Evacuate Collection Set: 20.3ms
[2023-11-18T06:01:15.870+0000][gc,phases     ] GC(808)   Post Evacuate Collection Set: 0.3ms
[2023-11-18T06:01:15.870+0000][gc,phases     ] GC(808)   Other: 0.3ms
[2023-11-18T06:01:15.870+0000][gc,heap       ] GC(808) Eden regions: 26->0(34)
[2023-11-18T06:01:15.870+0000][gc,heap       ] GC(808) Survivor regions: 5->3(4)
[2023-11-18T06:01:15.870+0000][gc,heap       ] GC(808) Old regions: 107->111
[2023-11-18T06:01:15.870+0000][gc,heap       ] GC(808) Humongous regions: 147->147
[2023-11-18T06:01:15.870+0000][gc,metaspace  ] GC(808) Metaspace: 44849K(47512K)->44849K(47512K) NonClass: 39582K(40960K)->39582K(40960K) Class: 5266K(6552K)->5266K(6552K)
[2023-11-18T06:01:15.870+0000][gc            ] GC(808) Pause Young (Normal) (G1 Evacuation Pause) 282M->259M(512M) 20.967ms
[2023-11-18T06:01:15.870+0000][gc,cpu        ] GC(808) User=0.04s Sys=0.00s Real=0.02s
[2023-11-18T06:03:28.485+0000][gc,start      ] GC(809) Pause Young (Normal) (G1 Evacuation Pause)
[2023-11-18T06:03:28.485+0000][gc,task       ] GC(809) Using 2 workers of 2 for evacuation
[2023-11-18T06:03:28.501+0000][gc,phases     ] GC(809)   Pre Evacuate Collection Set: 0.1ms
[2023-11-18T06:03:28.501+0000][gc,phases     ] GC(809)   Evacuate Collection Set: 15.2ms
[2023-11-18T06:03:28.501+0000][gc,phases     ] GC(809)   Post Evacuate Collection Set: 0.3ms
[2023-11-18T06:03:28.501+0000][gc,phases     ] GC(809)   Other: 0.4ms
[2023-11-18T06:03:28.501+0000][gc,heap       ] GC(809) Eden regions: 34->0(34)
[2023-11-18T06:03:28.501+0000][gc,heap       ] GC(809) Survivor regions: 3->4(5)
[2023-11-18T06:03:28.501+0000][gc,heap       ] GC(809) Old regions: 111->112
[2023-11-18T06:03:28.501+0000][gc,heap       ] GC(809) Humongous regions: 147->147
[2023-11-18T06:03:28.501+0000][gc,metaspace  ] GC(809) Metaspace: 44849K(47512K)->44849K(47512K) NonClass: 39582K(40960K)->39582K(40960K) Class: 5266K(6552K)->5266K(6552K)
[2023-11-18T06:03:28.501+0000][gc            ] GC(809) Pause Young (Normal) (G1 Evacuation Pause) 293M->261M(512M) 16.136ms
[2023-11-18T06:03:28.501+0000][gc,cpu        ] GC(809) User=0.03s Sys=0.00s Real=0.02s
[2023-11-18T06:05:13.981+0000][gc,start      ] GC(810) Pause Young (Normal) (G1 Evacuation Pause)
[2023-11-18T06:05:13.981+0000][gc,task       ] GC(810) Using 2 workers of 2 for evacuation
[2023-11-18T06:05:13.992+0000][gc,phases     ] GC(810)   Pre Evacuate Collection Set: 0.0ms
[2023-11-18T06:05:13.992+0000][gc,phases     ] GC(810)   Evacuate Collection Set: 10.5ms
[2023-11-18T06:05:13.992+0000][gc,phases     ] GC(810)   Post Evacuate Collection Set: 0.4ms
[2023-11-18T06:05:13.992+0000][gc,phases     ] GC(810)   Other: 0.2ms
[2023-11-18T06:05:13.992+0000][gc,heap       ] GC(810) Eden regions: 27->0(41)
[2023-11-18T06:05:13.992+0000][gc,heap       ] GC(810) Survivor regions: 4->3(4)
[2023-11-18T06:05:13.992+0000][gc,heap       ] GC(810) Old regions: 112->114
[2023-11-18T06:05:13.992+0000][gc,heap       ] GC(810) Humongous regions: 147->147
[2023-11-18T06:05:13.992+0000][gc,metaspace  ] GC(810) Metaspace: 44849K(47512K)->44849K(47512K) NonClass: 39582K(40960K)->39582K(40960K) Class: 5266K(6552K)->5266K(6552K)
[2023-11-18T06:05:13.992+0000][gc            ] GC(810) Pause Young (Normal) (G1 Evacuation Pause) 288M->261M(512M) 11.281ms
[2023-11-18T06:05:13.992+0000][gc,cpu        ] GC(810) User=0.03s Sys=0.00s Real=0.01s
[2023-11-18T06:07:36.220+0000][gc,start      ] GC(811) Pause Young (Normal) (G1 Evacuation Pause)
[2023-11-18T06:07:36.220+0000][gc,task       ] GC(811) Using 2 workers of 2 for evacuation
[2023-11-18T06:07:36.233+0000][gc,phases     ] GC(811)   Pre Evacuate Collection Set: 0.0ms
[2023-11-18T06:07:36.233+0000][gc,phases     ] GC(811)   Evacuate Collection Set: 12.6ms
[2023-11-18T06:07:36.233+0000][gc,phases     ] GC(811)   Post Evacuate Collection Set: 0.3ms
[2023-11-18T06:07:36.233+0000][gc,phases     ] GC(811)   Other: 0.2ms
[2023-11-18T06:07:36.233+0000][gc,heap       ] GC(811) Eden regions: 37->0(41)
[2023-11-18T06:07:36.233+0000][gc,heap       ] GC(811) Survivor regions: 3->4(5)
[2023-11-18T06:07:36.233+0000][gc,heap       ] GC(811) Old regions: 114->114
[2023-11-18T06:07:36.233+0000][gc,heap       ] GC(811) Humongous regions: 147->147
[2023-11-18T06:07:36.233+0000][gc,metaspace  ] GC(811) Metaspace: 44849K(47512K)->44849K(47512K) NonClass: 39582K(40960K)->39582K(40960K) Class: 5266K(6552K)->5266K(6552K)
[2023-11-18T06:07:36.233+0000][gc            ] GC(811) Pause Young (Normal) (G1 Evacuation Pause) 298M->263M(512M) 13.199ms
[2023-11-18T06:07:36.233+0000][gc,cpu        ] GC(811) User=0.03s Sys=0.00s Real=0.01s
[2023-11-18T06:09:19.665+0000][gc,start      ] GC(812) Pause Young (Normal) (G1 Evacuation Pause)
[2023-11-18T06:09:19.665+0000][gc,task       ] GC(812) Using 2 workers of 2 for evacuation
[2023-11-18T06:09:19.688+0000][gc,mmu        ] GC(812) MMU target violated: 21.0ms (20.0ms/21.0ms)
[2023-11-18T06:09:19.688+0000][gc,phases     ] GC(812)   Pre Evacuate Collection Set: 0.0ms
[2023-11-18T06:09:19.688+0000][gc,phases     ] GC(812)   Evacuate Collection Set: 22.4ms
[2023-11-18T06:09:19.688+0000][gc,phases     ] GC(812)   Post Evacuate Collection Set: 0.4ms
[2023-11-18T06:09:19.688+0000][gc,phases     ] GC(812)   Other: 0.3ms
[2023-11-18T06:09:19.688+0000][gc,heap       ] GC(812) Eden regions: 31->0(32)
[2023-11-18T06:09:19.688+0000][gc,heap       ] GC(812) Survivor regions: 4->5(5)
[2023-11-18T06:09:19.688+0000][gc,heap       ] GC(812) Old regions: 114->118
[2023-11-18T06:09:19.688+0000][gc,heap       ] GC(812) Humongous regions: 147->147
[2023-11-18T06:09:19.688+0000][gc,metaspace  ] GC(812) Metaspace: 44849K(47512K)->44849K(47512K) NonClass: 39582K(40960K)->39582K(40960K) Class: 5266K(6552K)->5266K(6552K)
[2023-11-18T06:09:19.688+0000][gc            ] GC(812) Pause Young (Normal) (G1 Evacuation Pause) 294M->268M(512M) 23.064ms
[2023-11-18T06:09:19.688+0000][gc,cpu        ] GC(812) User=0.04s Sys=0.00s Real=0.02s
[2023-11-18T06:11:24.250+0000][gc,start      ] GC(813) Pause Young (Normal) (G1 Evacuation Pause)
[2023-11-18T06:11:24.250+0000][gc,task       ] GC(813) Using 2 workers of 2 for evacuation
[2023-11-18T06:11:24.268+0000][gc,phases     ] GC(813)   Pre Evacuate Collection Set: 0.0ms
[2023-11-18T06:11:24.268+0000][gc,phases     ] GC(813)   Evacuate Collection Set: 17.4ms
[2023-11-18T06:11:24.268+0000][gc,phases     ] GC(813)   Post Evacuate Collection Set: 0.4ms
[2023-11-18T06:11:24.268+0000][gc,phases     ] GC(813)   Other: 0.2ms
[2023-11-18T06:11:24.268+0000][gc,heap       ] GC(813) Eden regions: 32->0(32)
[2023-11-18T06:11:24.268+0000][gc,heap       ] GC(813) Survivor regions: 5->3(5)
[2023-11-18T06:11:24.268+0000][gc,heap       ] GC(813) Old regions: 118->121
[2023-11-18T06:11:24.268+0000][gc,heap       ] GC(813) Humongous regions: 147->147
[2023-11-18T06:11:24.268+0000][gc,metaspace  ] GC(813) Metaspace: 44849K(47512K)->44849K(47512K) NonClass: 39582K(40960K)->39582K(40960K) Class: 5266K(6552K)->5266K(6552K)
[2023-11-18T06:11:24.268+0000][gc            ] GC(813) Pause Young (Normal) (G1 Evacuation Pause) 300M->269M(512M) 18.426ms
[2023-11-18T06:11:24.268+0000][gc,cpu        ] GC(813) User=0.03s Sys=0.00s Real=0.02s
[2023-11-18T06:13:29.116+0000][gc,start      ] GC(814) Pause Young (Normal) (G1 Evacuation Pause)
[2023-11-18T06:13:29.116+0000][gc,task       ] GC(814) Using 2 workers of 2 for evacuation
[2023-11-18T06:13:29.128+0000][gc,phases     ] GC(814)   Pre Evacuate Collection Set: 0.0ms
[2023-11-18T06:13:29.128+0000][gc,phases     ] GC(814)   Evacuate Collection Set: 11.6ms
[2023-11-18T06:13:29.128+0000][gc,phases     ] GC(814)   Post Evacuate Collection Set: 0.4ms
[2023-11-18T06:13:29.128+0000][gc,phases     ] GC(814)   Other: 0.3ms
[2023-11-18T06:13:29.128+0000][gc,heap       ] GC(814) Eden regions: 32->0(35)
[2023-11-18T06:13:29.128+0000][gc,heap       ] GC(814) Survivor regions: 3->3(5)
[2023-11-18T06:13:29.128+0000][gc,heap       ] GC(814) Old regions: 121->122
[2023-11-18T06:13:29.128+0000][gc,heap       ] GC(814) Humongous regions: 147->147
[2023-11-18T06:13:29.128+0000][gc,metaspace  ] GC(814) Metaspace: 44849K(47512K)->44849K(47512K) NonClass: 39582K(40960K)->39582K(40960K) Class: 5266K(6552K)->5266K(6552K)
[2023-11-18T06:13:29.128+0000][gc            ] GC(814) Pause Young (Normal) (G1 Evacuation Pause) 301M->270M(512M) 12.330ms
[2023-11-18T06:13:29.128+0000][gc,cpu        ] GC(814) User=0.02s Sys=0.00s Real=0.01s
[2023-11-18T06:15:46.291+0000][gc,start      ] GC(815) Pause Young (Normal) (G1 Evacuation Pause)
[2023-11-18T06:15:46.291+0000][gc,task       ] GC(815) Using 2 workers of 2 for evacuation
[2023-11-18T06:15:46.303+0000][gc,phases     ] GC(815)   Pre Evacuate Collection Set: 0.0ms
[2023-11-18T06:15:46.303+0000][gc,phases     ] GC(815)   Evacuate Collection Set: 11.8ms
[2023-11-18T06:15:46.303+0000][gc,phases     ] GC(815)   Post Evacuate Collection Set: 0.4ms
[2023-11-18T06:15:46.303+0000][gc,phases     ] GC(815)   Other: 0.2ms
[2023-11-18T06:15:46.303+0000][gc,heap       ] GC(815) Eden regions: 35->0(37)
[2023-11-18T06:15:46.303+0000][gc,heap       ] GC(815) Survivor regions: 3->4(5)
[2023-11-18T06:15:46.303+0000][gc,heap       ] GC(815) Old regions: 122->122
[2023-11-18T06:15:46.303+0000][gc,heap       ] GC(815) Humongous regions: 147->147
[2023-11-18T06:15:46.303+0000][gc,metaspace  ] GC(815) Metaspace: 44849K(47512K)->44849K(47512K) NonClass: 39582K(40960K)->39582K(40960K) Class: 5266K(6552K)->5266K(6552K)
[2023-11-18T06:15:46.303+0000][gc            ] GC(815) Pause Young (Normal) (G1 Evacuation Pause) 305M->270M(512M) 12.444ms
[2023-11-18T06:15:46.303+0000][gc,cpu        ] GC(815) User=0.02s Sys=0.00s Real=0.01s
[2023-11-18T06:18:12.010+0000][gc,start      ] GC(816) Pause Young (Normal) (G1 Evacuation Pause)
[2023-11-18T06:18:12.010+0000][gc,task       ] GC(816) Using 2 workers of 2 for evacuation
[2023-11-18T06:18:12.029+0000][gc,phases     ] GC(816)   Pre Evacuate Collection Set: 0.0ms
[2023-11-18T06:18:12.029+0000][gc,phases     ] GC(816)   Evacuate Collection Set: 19.1ms
[2023-11-18T06:18:12.029+0000][gc,phases     ] GC(816)   Post Evacuate Collection Set: 0.3ms
[2023-11-18T06:18:12.029+0000][gc,phases     ] GC(816)   Other: 0.2ms
[2023-11-18T06:18:12.029+0000][gc,heap       ] GC(816) Eden regions: 37->0(36)
[2023-11-18T06:18:12.029+0000][gc,heap       ] GC(816) Survivor regions: 4->6(6)
[2023-11-18T06:18:12.029+0000][gc,heap       ] GC(816) Old regions: 122->124
[2023-11-18T06:18:12.029+0000][gc,heap       ] GC(816) Humongous regions: 147->147
[2023-11-18T06:18:12.030+0000][gc,metaspace  ] GC(816) Metaspace: 44849K(47512K)->44849K(47512K) NonClass: 39582K(40960K)->39582K(40960K) Class: 5266K(6552K)->5266K(6552K)
[2023-11-18T06:18:12.030+0000][gc            ] GC(816) Pause Young (Normal) (G1 Evacuation Pause) 307M->274M(512M) 19.821ms
[2023-11-18T06:18:12.030+0000][gc,cpu        ] GC(816) User=0.03s Sys=0.00s Real=0.02s
[2023-11-18T06:20:33.293+0000][gc,start      ] GC(817) Pause Young (Normal) (G1 Evacuation Pause)
[2023-11-18T06:20:33.293+0000][gc,task       ] GC(817) Using 2 workers of 2 for evacuation
[2023-11-18T06:20:33.309+0000][gc,phases     ] GC(817)   Pre Evacuate Collection Set: 0.0ms
[2023-11-18T06:20:33.309+0000][gc,phases     ] GC(817)   Evacuate Collection Set: 15.9ms
[2023-11-18T06:20:33.309+0000][gc,phases     ] GC(817)   Post Evacuate Collection Set: 0.4ms
[2023-11-18T06:20:33.309+0000][gc,phases     ] GC(817)   Other: 0.2ms
[2023-11-18T06:20:33.309+0000][gc,heap       ] GC(817) Eden regions: 36->0(37)
[2023-11-18T06:20:33.309+0000][gc,heap       ] GC(817) Survivor regions: 6->5(6)
[2023-11-18T06:20:33.309+0000][gc,heap       ] GC(817) Old regions: 124->127
[2023-11-18T06:20:33.309+0000][gc,heap       ] GC(817) Humongous regions: 147->147
[2023-11-18T06:20:33.309+0000][gc,metaspace  ] GC(817) Metaspace: 44849K(47512K)->44849K(47512K) NonClass: 39582K(40960K)->39582K(40960K) Class: 5266K(6552K)->5266K(6552K)
[2023-11-18T06:20:33.309+0000][gc            ] GC(817) Pause Young (Normal) (G1 Evacuation Pause) 310M->276M(512M) 16.610ms
[2023-11-18T06:20:33.309+0000][gc,cpu        ] GC(817) User=0.03s Sys=0.00s Real=0.02s
[2023-11-18T06:22:58.108+0000][gc,start      ] GC(818) Pause Young (Normal) (G1 Evacuation Pause)
[2023-11-18T06:22:58.108+0000][gc,task       ] GC(818) Using 2 workers of 2 for evacuation
[2023-11-18T06:22:58.127+0000][gc,phases     ] GC(818)   Pre Evacuate Collection Set: 0.0ms
[2023-11-18T06:22:58.127+0000][gc,phases     ] GC(818)   Evacuate Collection Set: 18.6ms
[2023-11-18T06:22:58.127+0000][gc,phases     ] GC(818)   Post Evacuate Collection Set: 0.4ms
[2023-11-18T06:22:58.127+0000][gc,phases     ] GC(818)   Other: 0.2ms
[2023-11-18T06:22:58.127+0000][gc,heap       ] GC(818) Eden regions: 37->0(35)
[2023-11-18T06:22:58.127+0000][gc,heap       ] GC(818) Survivor regions: 5->4(6)
[2023-11-18T06:22:58.127+0000][gc,heap       ] GC(818) Old regions: 127->128
[2023-11-18T06:22:58.127+0000][gc,heap       ] GC(818) Humongous regions: 147->147
[2023-11-18T06:22:58.127+0000][gc,metaspace  ] GC(818) Metaspace: 44849K(47512K)->44849K(47512K) NonClass: 39582K(40960K)->39582K(40960K) Class: 5266K(6552K)->5266K(6552K)
[2023-11-18T06:22:58.127+0000][gc            ] GC(818) Pause Young (Normal) (G1 Evacuation Pause) 313M->277M(512M) 19.237ms
[2023-11-18T06:22:58.127+0000][gc,cpu        ] GC(818) User=0.03s Sys=0.00s Real=0.02s
[2023-11-18T06:25:14.788+0000][gc,start      ] GC(819) Pause Young (Normal) (G1 Evacuation Pause)
[2023-11-18T06:25:14.788+0000][gc,task       ] GC(819) Using 2 workers of 2 for evacuation
[2023-11-18T06:25:14.806+0000][gc,phases     ] GC(819)   Pre Evacuate Collection Set: 0.0ms
[2023-11-18T06:25:14.806+0000][gc,phases     ] GC(819)   Evacuate Collection Set: 17.2ms
[2023-11-18T06:25:14.806+0000][gc,phases     ] GC(819)   Post Evacuate Collection Set: 0.4ms
[2023-11-18T06:25:14.806+0000][gc,phases     ] GC(819)   Other: 0.3ms
[2023-11-18T06:25:14.806+0000][gc,heap       ] GC(819) Eden regions: 35->0(37)
[2023-11-18T06:25:14.806+0000][gc,heap       ] GC(819) Survivor regions: 4->3(5)
[2023-11-18T06:25:14.806+0000][gc,heap       ] GC(819) Old regions: 128->130
[2023-11-18T06:25:14.806+0000][gc,heap       ] GC(819) Humongous regions: 147->147
[2023-11-18T06:25:14.806+0000][gc,metaspace  ] GC(819) Metaspace: 44849K(47512K)->44849K(47512K) NonClass: 39582K(40960K)->39582K(40960K) Class: 5266K(6552K)->5266K(6552K)
[2023-11-18T06:25:14.806+0000][gc            ] GC(819) Pause Young (Normal) (G1 Evacuation Pause) 312M->278M(512M) 17.982ms
[2023-11-18T06:25:14.806+0000][gc,cpu        ] GC(819) User=0.03s Sys=0.00s Real=0.02s
[2023-11-18T06:27:31.847+0000][gc,start      ] GC(820) Pause Young (Normal) (G1 Evacuation Pause)
[2023-11-18T06:27:31.847+0000][gc,task       ] GC(820) Using 2 workers of 2 for evacuation
[2023-11-18T06:27:31.861+0000][gc,phases     ] GC(820)   Pre Evacuate Collection Set: 0.0ms
[2023-11-18T06:27:31.861+0000][gc,phases     ] GC(820)   Evacuate Collection Set: 13.0ms
[2023-11-18T06:27:31.861+0000][gc,phases     ] GC(820)   Post Evacuate Collection Set: 0.3ms
[2023-11-18T06:27:31.861+0000][gc,phases     ] GC(820)   Other: 0.2ms
[2023-11-18T06:27:31.861+0000][gc,heap       ] GC(820) Eden regions: 35->0(38)
[2023-11-18T06:27:31.861+0000][gc,heap       ] GC(820) Survivor regions: 3->3(5)
[2023-11-18T06:27:31.861+0000][gc,heap       ] GC(820) Old regions: 130->132
[2023-11-18T06:27:31.861+0000][gc,heap       ] GC(820) Humongous regions: 147->147
[2023-11-18T06:27:31.861+0000][gc,metaspace  ] GC(820) Metaspace: 44849K(47512K)->44849K(47512K) NonClass: 39582K(40960K)->39582K(40960K) Class: 5266K(6552K)->5266K(6552K)
[2023-11-18T06:27:31.861+0000][gc            ] GC(820) Pause Young (Normal) (G1 Evacuation Pause) 313M->279M(512M) 13.613ms
[2023-11-18T06:27:31.861+0000][gc,cpu        ] GC(820) User=0.02s Sys=0.00s Real=0.01s
[2023-11-18T06:29:52.658+0000][gc,start      ] GC(821) Pause Young (Normal) (G1 Evacuation Pause)
[2023-11-18T06:29:52.659+0000][gc,task       ] GC(821) Using 2 workers of 2 for evacuation
[2023-11-18T06:29:52.672+0000][gc,phases     ] GC(821)   Pre Evacuate Collection Set: 0.0ms
[2023-11-18T06:29:52.672+0000][gc,phases     ] GC(821)   Evacuate Collection Set: 12.5ms
[2023-11-18T06:29:52.672+0000][gc,phases     ] GC(821)   Post Evacuate Collection Set: 0.4ms
[2023-11-18T06:29:52.672+0000][gc,phases     ] GC(821)   Other: 0.2ms
[2023-11-18T06:29:52.672+0000][gc,heap       ] GC(821) Eden regions: 36->0(40)
[2023-11-18T06:29:52.672+0000][gc,heap       ] GC(821) Survivor regions: 3->4(5)
[2023-11-18T06:29:52.672+0000][gc,heap       ] GC(821) Old regions: 132->132
[2023-11-18T06:29:52.672+0000][gc,heap       ] GC(821) Humongous regions: 147->147
[2023-11-18T06:29:52.672+0000][gc,metaspace  ] GC(821) Metaspace: 44849K(47512K)->44849K(47512K) NonClass: 39582K(40960K)->39582K(40960K) Class: 5266K(6552K)->5266K(6552K)
[2023-11-18T06:29:52.672+0000][gc            ] GC(821) Pause Young (Normal) (G1 Evacuation Pause) 315M->280M(512M) 13.272ms
[2023-11-18T06:29:52.672+0000][gc,cpu        ] GC(821) User=0.02s Sys=0.00s Real=0.01s
[2023-11-18T06:32:18.508+0000][gc,start      ] GC(822) Pause Young (Normal) (G1 Evacuation Pause)
[2023-11-18T06:32:18.508+0000][gc,task       ] GC(822) Using 2 workers of 2 for evacuation
[2023-11-18T06:32:18.533+0000][gc,mmu        ] GC(822) MMU target violated: 21.0ms (20.0ms/21.0ms)
[2023-11-18T06:32:18.533+0000][gc,phases     ] GC(822)   Pre Evacuate Collection Set: 0.0ms
[2023-11-18T06:32:18.533+0000][gc,phases     ] GC(822)   Evacuate Collection Set: 24.1ms
[2023-11-18T06:32:18.533+0000][gc,phases     ] GC(822)   Post Evacuate Collection Set: 0.3ms
[2023-11-18T06:32:18.533+0000][gc,phases     ] GC(822)   Other: 0.3ms
[2023-11-18T06:32:18.533+0000][gc,heap       ] GC(822) Eden regions: 37->0(35)
[2023-11-18T06:32:18.533+0000][gc,heap       ] GC(822) Survivor regions: 4->6(6)
[2023-11-18T06:32:18.533+0000][gc,heap       ] GC(822) Old regions: 132->133
[2023-11-18T06:32:18.533+0000][gc,heap       ] GC(822) Humongous regions: 147->147
[2023-11-18T06:32:18.533+0000][gc,metaspace  ] GC(822) Metaspace: 44849K(47512K)->44849K(47512K) NonClass: 39582K(40960K)->39582K(40960K) Class: 5266K(6552K)->5266K(6552K)
[2023-11-18T06:32:18.533+0000][gc            ] GC(822) Pause Young (Normal) (G1 Evacuation Pause) 317M->284M(512M) 24.748ms
[2023-11-18T06:32:18.533+0000][gc,cpu        ] GC(822) User=0.05s Sys=0.00s Real=0.02s
[2023-11-18T06:34:35.756+0000][gc,start      ] GC(823) Pause Young (Normal) (G1 Evacuation Pause)
[2023-11-18T06:34:35.757+0000][gc,task       ] GC(823) Using 2 workers of 2 for evacuation
[2023-11-18T06:34:35.779+0000][gc,mmu        ] GC(823) MMU target violated: 21.0ms (20.0ms/21.0ms)
[2023-11-18T06:34:35.779+0000][gc,phases     ] GC(823)   Pre Evacuate Collection Set: 0.0ms
[2023-11-18T06:34:35.779+0000][gc,phases     ] GC(823)   Evacuate Collection Set: 21.0ms
[2023-11-18T06:34:35.779+0000][gc,phases     ] GC(823)   Post Evacuate Collection Set: 0.4ms
[2023-11-18T06:34:35.779+0000][gc,phases     ] GC(823)   Other: 0.7ms
[2023-11-18T06:34:35.779+0000][gc,heap       ] GC(823) Eden regions: 35->0(34)
[2023-11-18T06:34:35.779+0000][gc,heap       ] GC(823) Survivor regions: 6->4(6)
[2023-11-18T06:34:35.779+0000][gc,heap       ] GC(823) Old regions: 133->136
[2023-11-18T06:34:35.779+0000][gc,heap       ] GC(823) Humongous regions: 147->147
[2023-11-18T06:34:35.779+0000][gc,metaspace  ] GC(823) Metaspace: 44849K(47512K)->44849K(47512K) NonClass: 39582K(40960K)->39582K(40960K) Class: 5266K(6552K)->5266K(6552K)
[2023-11-18T06:34:35.779+0000][gc            ] GC(823) Pause Young (Normal) (G1 Evacuation Pause) 319M->285M(512M) 22.174ms
[2023-11-18T06:34:35.779+0000][gc,cpu        ] GC(823) User=0.05s Sys=0.00s Real=0.02s
[2023-11-18T06:36:48.997+0000][gc,start      ] GC(824) Pause Young (Normal) (G1 Evacuation Pause)
[2023-11-18T06:36:48.997+0000][gc,task       ] GC(824) Using 2 workers of 2 for evacuation
[2023-11-18T06:36:49.022+0000][gc,mmu        ] GC(824) MMU target violated: 21.0ms (20.0ms/21.0ms)
[2023-11-18T06:36:49.022+0000][gc,phases     ] GC(824)   Pre Evacuate Collection Set: 0.0ms
[2023-11-18T06:36:49.022+0000][gc,phases     ] GC(824)   Evacuate Collection Set: 24.6ms
[2023-11-18T06:36:49.022+0000][gc,phases     ] GC(824)   Post Evacuate Collection Set: 0.5ms
[2023-11-18T06:36:49.022+0000][gc,phases     ] GC(824)   Other: 0.3ms
[2023-11-18T06:36:49.022+0000][gc,heap       ] GC(824) Eden regions: 34->0(29)
[2023-11-18T06:36:49.022+0000][gc,heap       ] GC(824) Survivor regions: 4->4(5)
[2023-11-18T06:36:49.022+0000][gc,heap       ] GC(824) Old regions: 136->138
[2023-11-18T06:36:49.022+0000][gc,heap       ] GC(824) Humongous regions: 147->147
[2023-11-18T06:36:49.022+0000][gc,metaspace  ] GC(824) Metaspace: 44849K(47512K)->44849K(47512K) NonClass: 39582K(40960K)->39582K(40960K) Class: 5266K(6552K)->5266K(6552K)
[2023-11-18T06:36:49.022+0000][gc            ] GC(824) Pause Young (Normal) (G1 Evacuation Pause) 319M->287M(512M) 25.440ms
[2023-11-18T06:36:49.022+0000][gc,cpu        ] GC(824) User=0.05s Sys=0.01s Real=0.02s
[2023-11-18T06:38:09.575+0000][gc,start      ] GC(825) Pause Young (Normal) (G1 Evacuation Pause)
[2023-11-18T06:38:09.575+0000][gc,task       ] GC(825) Using 2 workers of 2 for evacuation
[2023-11-18T06:38:09.590+0000][gc,phases     ] GC(825)   Pre Evacuate Collection Set: 0.0ms
[2023-11-18T06:38:09.590+0000][gc,phases     ] GC(825)   Evacuate Collection Set: 13.2ms
[2023-11-18T06:38:09.590+0000][gc,phases     ] GC(825)   Post Evacuate Collection Set: 2.0ms
[2023-11-18T06:38:09.590+0000][gc,phases     ] GC(825)   Other: 0.2ms
[2023-11-18T06:38:09.590+0000][gc,heap       ] GC(825) Eden regions: 21->0(34)
[2023-11-18T06:38:09.590+0000][gc,heap       ] GC(825) Survivor regions: 4->2(4)
[2023-11-18T06:38:09.590+0000][gc,heap       ] GC(825) Old regions: 138->140
[2023-11-18T06:38:09.590+0000][gc,heap       ] GC(825) Humongous regions: 147->147
[2023-11-18T06:38:09.590+0000][gc,metaspace  ] GC(825) Metaspace: 44849K(47512K)->44849K(47512K) NonClass: 39582K(40960K)->39582K(40960K) Class: 5266K(6552K)->5266K(6552K)
[2023-11-18T06:38:09.590+0000][gc            ] GC(825) Pause Young (Normal) (G1 Evacuation Pause) 308M->286M(512M) 15.495ms
[2023-11-18T06:38:09.590+0000][gc,cpu        ] GC(825) User=0.03s Sys=0.00s Real=0.01s
[2023-11-18T06:39:59.835+0000][gc,start      ] GC(826) Pause Young (Normal) (G1 Evacuation Pause)
[2023-11-18T06:39:59.835+0000][gc,task       ] GC(826) Using 2 workers of 2 for evacuation
[2023-11-18T06:39:59.848+0000][gc,phases     ] GC(826)   Pre Evacuate Collection Set: 0.0ms
[2023-11-18T06:39:59.848+0000][gc,phases     ] GC(826)   Evacuate Collection Set: 12.2ms
[2023-11-18T06:39:59.848+0000][gc,phases     ] GC(826)   Post Evacuate Collection Set: 0.3ms
[2023-11-18T06:39:59.848+0000][gc,phases     ] GC(826)   Other: 0.2ms
[2023-11-18T06:39:59.848+0000][gc,heap       ] GC(826) Eden regions: 28->0(32)
[2023-11-18T06:39:59.848+0000][gc,heap       ] GC(826) Survivor regions: 2->4(4)
[2023-11-18T06:39:59.848+0000][gc,heap       ] GC(826) Old regions: 140->140
[2023-11-18T06:39:59.848+0000][gc,heap       ] GC(826) Humongous regions: 147->147
[2023-11-18T06:39:59.848+0000][gc,metaspace  ] GC(826) Metaspace: 44849K(47512K)->44849K(47512K) NonClass: 39582K(40960K)->39582K(40960K) Class: 5266K(6552K)->5266K(6552K)
[2023-11-18T06:39:59.848+0000][gc            ] GC(826) Pause Young (Normal) (G1 Evacuation Pause) 314M->289M(512M) 12.859ms
[2023-11-18T06:39:59.848+0000][gc,cpu        ] GC(826) User=0.03s Sys=0.00s Real=0.01s
[2023-11-18T06:42:05.550+0000][gc,start      ] GC(827) Pause Young (Normal) (G1 Evacuation Pause)
[2023-11-18T06:42:05.550+0000][gc,task       ] GC(827) Using 2 workers of 2 for evacuation
[2023-11-18T06:42:05.565+0000][gc,phases     ] GC(827)   Pre Evacuate Collection Set: 0.0ms
[2023-11-18T06:42:05.565+0000][gc,phases     ] GC(827)   Evacuate Collection Set: 14.2ms
[2023-11-18T06:42:05.565+0000][gc,phases     ] GC(827)   Post Evacuate Collection Set: 0.4ms
[2023-11-18T06:42:05.565+0000][gc,phases     ] GC(827)   Other: 0.2ms
[2023-11-18T06:42:05.565+0000][gc,heap       ] GC(827) Eden regions: 32->0(36)
[2023-11-18T06:42:05.565+0000][gc,heap       ] GC(827) Survivor regions: 4->4(5)
[2023-11-18T06:42:05.565+0000][gc,heap       ] GC(827) Old regions: 140->142
[2023-11-18T06:42:05.565+0000][gc,heap       ] GC(827) Humongous regions: 147->147
[2023-11-18T06:42:05.565+0000][gc,metaspace  ] GC(827) Metaspace: 44849K(47512K)->44849K(47512K) NonClass: 39582K(40960K)->39582K(40960K) Class: 5266K(6552K)->5266K(6552K)
[2023-11-18T06:42:05.565+0000][gc            ] GC(827) Pause Young (Normal) (G1 Evacuation Pause) 321M->290M(512M) 14.877ms
[2023-11-18T06:42:05.565+0000][gc,cpu        ] GC(827) User=0.03s Sys=0.00s Real=0.01s
[2023-11-18T06:44:26.127+0000][gc,start      ] GC(828) Pause Young (Normal) (G1 Evacuation Pause)
[2023-11-18T06:44:26.127+0000][gc,task       ] GC(828) Using 2 workers of 2 for evacuation
[2023-11-18T06:44:26.139+0000][gc,phases     ] GC(828)   Pre Evacuate Collection Set: 0.0ms
[2023-11-18T06:44:26.139+0000][gc,phases     ] GC(828)   Evacuate Collection Set: 11.6ms
[2023-11-18T06:44:26.139+0000][gc,phases     ] GC(828)   Post Evacuate Collection Set: 0.5ms
[2023-11-18T06:44:26.139+0000][gc,phases     ] GC(828)   Other: 0.2ms
[2023-11-18T06:44:26.139+0000][gc,heap       ] GC(828) Eden regions: 36->0(39)
[2023-11-18T06:44:26.139+0000][gc,heap       ] GC(828) Survivor regions: 4->3(5)
[2023-11-18T06:44:26.139+0000][gc,heap       ] GC(828) Old regions: 142->144
[2023-11-18T06:44:26.139+0000][gc,heap       ] GC(828) Humongous regions: 147->147
[2023-11-18T06:44:26.139+0000][gc,metaspace  ] GC(828) Metaspace: 44849K(47512K)->44849K(47512K) NonClass: 39582K(40960K)->39582K(40960K) Class: 5266K(6552K)->5266K(6552K)
[2023-11-18T06:44:26.139+0000][gc            ] GC(828) Pause Young (Normal) (G1 Evacuation Pause) 326M->291M(512M) 12.439ms
[2023-11-18T06:44:26.139+0000][gc,cpu        ] GC(828) User=0.02s Sys=0.00s Real=0.01s
[2023-11-18T06:46:47.284+0000][gc,start      ] GC(829) Pause Young (Normal) (G1 Evacuation Pause)
[2023-11-18T06:46:47.284+0000][gc,task       ] GC(829) Using 2 workers of 2 for evacuation
[2023-11-18T06:46:47.297+0000][gc,phases     ] GC(829)   Pre Evacuate Collection Set: 0.0ms
[2023-11-18T06:46:47.297+0000][gc,phases     ] GC(829)   Evacuate Collection Set: 10.6ms
[2023-11-18T06:46:47.297+0000][gc,phases     ] GC(829)   Post Evacuate Collection Set: 1.7ms
[2023-11-18T06:46:47.297+0000][gc,phases     ] GC(829)   Other: 0.2ms
[2023-11-18T06:46:47.297+0000][gc,heap       ] GC(829) Eden regions: 36->0(41)
[2023-11-18T06:46:47.297+0000][gc,heap       ] GC(829) Survivor regions: 3->3(5)
[2023-11-18T06:46:47.297+0000][gc,heap       ] GC(829) Old regions: 144->145
[2023-11-18T06:46:47.297+0000][gc,heap       ] GC(829) Humongous regions: 147->147
[2023-11-18T06:46:47.297+0000][gc,metaspace  ] GC(829) Metaspace: 44849K(47512K)->44849K(47512K) NonClass: 39582K(40960K)->39582K(40960K) Class: 5266K(6552K)->5266K(6552K)
[2023-11-18T06:46:47.297+0000][gc            ] GC(829) Pause Young (Normal) (G1 Evacuation Pause) 327M->293M(512M) 12.585ms
[2023-11-18T06:46:47.297+0000][gc,cpu        ] GC(829) User=0.03s Sys=0.00s Real=0.02s
[2023-11-18T06:49:27.284+0000][gc,start      ] GC(830) Pause Young (Normal) (G1 Evacuation Pause)
[2023-11-18T06:49:27.284+0000][gc,task       ] GC(830) Using 2 workers of 2 for evacuation
[2023-11-18T06:49:27.297+0000][gc,phases     ] GC(830)   Pre Evacuate Collection Set: 0.0ms
[2023-11-18T06:49:27.297+0000][gc,phases     ] GC(830)   Evacuate Collection Set: 12.0ms
[2023-11-18T06:49:27.297+0000][gc,phases     ] GC(830)   Post Evacuate Collection Set: 0.4ms
[2023-11-18T06:49:27.297+0000][gc,phases     ] GC(830)   Other: 0.2ms
[2023-11-18T06:49:27.297+0000][gc,heap       ] GC(830) Eden regions: 41->0(43)
[2023-11-18T06:49:27.297+0000][gc,heap       ] GC(830) Survivor regions: 3->4(6)
[2023-11-18T06:49:27.297+0000][gc,heap       ] GC(830) Old regions: 145->145
[2023-11-18T06:49:27.297+0000][gc,heap       ] GC(830) Humongous regions: 147->147
[2023-11-18T06:49:27.297+0000][gc,metaspace  ] GC(830) Metaspace: 44851K(47512K)->44851K(47512K) NonClass: 39585K(40960K)->39585K(40960K) Class: 5266K(6552K)->5266K(6552K)
[2023-11-18T06:49:27.297+0000][gc            ] GC(830) Pause Young (Normal) (G1 Evacuation Pause) 334M->294M(512M) 12.677ms
[2023-11-18T06:49:27.297+0000][gc,cpu        ] GC(830) User=0.03s Sys=0.00s Real=0.02s
[2023-11-18T06:52:16.652+0000][gc,start      ] GC(831) Pause Young (Normal) (G1 Evacuation Pause)
[2023-11-18T06:52:16.652+0000][gc,task       ] GC(831) Using 2 workers of 2 for evacuation
[2023-11-18T06:52:16.670+0000][gc,phases     ] GC(831)   Pre Evacuate Collection Set: 0.0ms
[2023-11-18T06:52:16.670+0000][gc,phases     ] GC(831)   Evacuate Collection Set: 17.5ms
[2023-11-18T06:52:16.670+0000][gc,phases     ] GC(831)   Post Evacuate Collection Set: 0.4ms
[2023-11-18T06:52:16.670+0000][gc,phases     ] GC(831)   Other: 0.2ms
[2023-11-18T06:52:16.670+0000][gc,heap       ] GC(831) Eden regions: 43->0(44)
[2023-11-18T06:52:16.670+0000][gc,heap       ] GC(831) Survivor regions: 4->5(6)
[2023-11-18T06:52:16.670+0000][gc,heap       ] GC(831) Old regions: 145->147
[2023-11-18T06:52:16.670+0000][gc,heap       ] GC(831) Humongous regions: 147->147
[2023-11-18T06:52:16.670+0000][gc,metaspace  ] GC(831) Metaspace: 44851K(47512K)->44851K(47512K) NonClass: 39585K(40960K)->39585K(40960K) Class: 5266K(6552K)->5266K(6552K)
[2023-11-18T06:52:16.670+0000][gc            ] GC(831) Pause Young (Normal) (G1 Evacuation Pause) 337M->296M(512M) 18.244ms
[2023-11-18T06:52:16.670+0000][gc,cpu        ] GC(831) User=0.04s Sys=0.00s Real=0.02s
[2023-11-18T06:55:09.821+0000][gc,start      ] GC(832) Pause Young (Normal) (G1 Evacuation Pause)
[2023-11-18T06:55:09.821+0000][gc,task       ] GC(832) Using 2 workers of 2 for evacuation
[2023-11-18T06:55:09.837+0000][gc,phases     ] GC(832)   Pre Evacuate Collection Set: 0.0ms
[2023-11-18T06:55:09.837+0000][gc,phases     ] GC(832)   Evacuate Collection Set: 15.6ms
[2023-11-18T06:55:09.837+0000][gc,phases     ] GC(832)   Post Evacuate Collection Set: 0.5ms
[2023-11-18T06:55:09.837+0000][gc,phases     ] GC(832)   Other: 0.2ms
[2023-11-18T06:55:09.837+0000][gc,heap       ] GC(832) Eden regions: 44->0(44)
[2023-11-18T06:55:09.837+0000][gc,heap       ] GC(832) Survivor regions: 5->5(7)
[2023-11-18T06:55:09.837+0000][gc,heap       ] GC(832) Old regions: 147->149
[2023-11-18T06:55:09.837+0000][gc,heap       ] GC(832) Humongous regions: 147->147
[2023-11-18T06:55:09.837+0000][gc,metaspace  ] GC(832) Metaspace: 44851K(47512K)->44851K(47512K) NonClass: 39585K(40960K)->39585K(40960K) Class: 5266K(6552K)->5266K(6552K)
[2023-11-18T06:55:09.837+0000][gc            ] GC(832) Pause Young (Normal) (G1 Evacuation Pause) 340M->298M(512M) 16.422ms
[2023-11-18T06:55:09.837+0000][gc,cpu        ] GC(832) User=0.04s Sys=0.00s Real=0.02s
[2023-11-18T06:58:03.374+0000][gc,start      ] GC(833) Pause Young (Normal) (G1 Evacuation Pause)
[2023-11-18T06:58:03.374+0000][gc,task       ] GC(833) Using 2 workers of 2 for evacuation
[2023-11-18T06:58:03.393+0000][gc,phases     ] GC(833)   Pre Evacuate Collection Set: 0.0ms
[2023-11-18T06:58:03.393+0000][gc,phases     ] GC(833)   Evacuate Collection Set: 18.1ms
[2023-11-18T06:58:03.393+0000][gc,phases     ] GC(833)   Post Evacuate Collection Set: 0.5ms
[2023-11-18T06:58:03.393+0000][gc,phases     ] GC(833)   Other: 0.2ms
[2023-11-18T06:58:03.393+0000][gc,heap       ] GC(833) Eden regions: 44->0(45)
[2023-11-18T06:58:03.393+0000][gc,heap       ] GC(833) Survivor regions: 5->5(7)
[2023-11-18T06:58:03.393+0000][gc,heap       ] GC(833) Old regions: 149->150
[2023-11-18T06:58:03.393+0000][gc,heap       ] GC(833) Humongous regions: 147->147
[2023-11-18T06:58:03.393+0000][gc,metaspace  ] GC(833) Metaspace: 44851K(47512K)->44851K(47512K) NonClass: 39585K(40960K)->39585K(40960K) Class: 5266K(6552K)->5266K(6552K)
[2023-11-18T06:58:03.393+0000][gc            ] GC(833) Pause Young (Normal) (G1 Evacuation Pause) 342M->300M(512M) 18.950ms
[2023-11-18T06:58:03.393+0000][gc,cpu        ] GC(833) User=0.04s Sys=0.00s Real=0.01s
[2023-11-18T07:01:00.416+0000][gc,start      ] GC(834) Pause Young (Normal) (G1 Evacuation Pause)
[2023-11-18T07:01:00.417+0000][gc,task       ] GC(834) Using 2 workers of 2 for evacuation
[2023-11-18T07:01:00.433+0000][gc,phases     ] GC(834)   Pre Evacuate Collection Set: 0.0ms
[2023-11-18T07:01:00.433+0000][gc,phases     ] GC(834)   Evacuate Collection Set: 16.1ms
[2023-11-18T07:01:00.433+0000][gc,phases     ] GC(834)   Post Evacuate Collection Set: 0.3ms
[2023-11-18T07:01:00.433+0000][gc,phases     ] GC(834)   Other: 0.2ms
[2023-11-18T07:01:00.433+0000][gc,heap       ] GC(834) Eden regions: 45->0(46)
[2023-11-18T07:01:00.433+0000][gc,heap       ] GC(834) Survivor regions: 5->5(7)
[2023-11-18T07:01:00.433+0000][gc,heap       ] GC(834) Old regions: 150->152
[2023-11-18T07:01:00.433+0000][gc,heap       ] GC(834) Humongous regions: 147->147
[2023-11-18T07:01:00.433+0000][gc,metaspace  ] GC(834) Metaspace: 44851K(47512K)->44851K(47512K) NonClass: 39585K(40960K)->39585K(40960K) Class: 5266K(6552K)->5266K(6552K)
[2023-11-18T07:01:00.433+0000][gc            ] GC(834) Pause Young (Normal) (G1 Evacuation Pause) 345M->302M(512M) 16.804ms
[2023-11-18T07:01:00.433+0000][gc,cpu        ] GC(834) User=0.03s Sys=0.00s Real=0.01s
[2023-11-18T07:04:02.224+0000][gc,start      ] GC(835) Pause Young (Normal) (G1 Evacuation Pause)
[2023-11-18T07:04:02.224+0000][gc,task       ] GC(835) Using 2 workers of 2 for evacuation
[2023-11-18T07:04:02.254+0000][gc,mmu        ] GC(835) MMU target violated: 21.0ms (20.0ms/21.0ms)
[2023-11-18T07:04:02.254+0000][gc,phases     ] GC(835)   Pre Evacuate Collection Set: 0.0ms
[2023-11-18T07:04:02.254+0000][gc,phases     ] GC(835)   Evacuate Collection Set: 29.2ms
[2023-11-18T07:04:02.254+0000][gc,phases     ] GC(835)   Post Evacuate Collection Set: 0.4ms
[2023-11-18T07:04:02.254+0000][gc,phases     ] GC(835)   Other: 0.3ms
[2023-11-18T07:04:02.254+0000][gc,heap       ] GC(835) Eden regions: 46->0(38)
[2023-11-18T07:04:02.254+0000][gc,heap       ] GC(835) Survivor regions: 5->6(7)
[2023-11-18T07:04:02.254+0000][gc,heap       ] GC(835) Old regions: 152->154
[2023-11-18T07:04:02.254+0000][gc,heap       ] GC(835) Humongous regions: 147->147
[2023-11-18T07:04:02.254+0000][gc,metaspace  ] GC(835) Metaspace: 44851K(47512K)->44851K(47512K) NonClass: 39585K(40960K)->39585K(40960K) Class: 5266K(6552K)->5266K(6552K)
[2023-11-18T07:04:02.254+0000][gc            ] GC(835) Pause Young (Normal) (G1 Evacuation Pause) 348M->305M(512M) 29.913ms
[2023-11-18T07:04:02.254+0000][gc,cpu        ] GC(835) User=0.05s Sys=0.00s Real=0.04s
[2023-11-18T07:06:31.499+0000][gc,start      ] GC(836) Pause Young (Normal) (G1 Evacuation Pause)
[2023-11-18T07:06:31.499+0000][gc,task       ] GC(836) Using 2 workers of 2 for evacuation
[2023-11-18T07:06:31.531+0000][gc,mmu        ] GC(836) MMU target violated: 21.0ms (20.0ms/21.0ms)
[2023-11-18T07:06:31.531+0000][gc,phases     ] GC(836)   Pre Evacuate Collection Set: 0.0ms
[2023-11-18T07:06:31.531+0000][gc,phases     ] GC(836)   Evacuate Collection Set: 31.0ms
[2023-11-18T07:06:31.531+0000][gc,phases     ] GC(836)   Post Evacuate Collection Set: 1.0ms
[2023-11-18T07:06:31.531+0000][gc,phases     ] GC(836)   Other: 0.3ms
[2023-11-18T07:06:31.531+0000][gc,heap       ] GC(836) Eden regions: 38->0(29)
[2023-11-18T07:06:31.531+0000][gc,heap       ] GC(836) Survivor regions: 6->3(6)
[2023-11-18T07:06:31.531+0000][gc,heap       ] GC(836) Old regions: 154->158
[2023-11-18T07:06:31.531+0000][gc,heap       ] GC(836) Humongous regions: 147->147
[2023-11-18T07:06:31.531+0000][gc,metaspace  ] GC(836) Metaspace: 44851K(47512K)->44851K(47512K) NonClass: 39585K(40960K)->39585K(40960K) Class: 5266K(6552K)->5266K(6552K)
[2023-11-18T07:06:31.531+0000][gc            ] GC(836) Pause Young (Normal) (G1 Evacuation Pause) 343M->305M(512M) 32.329ms
[2023-11-18T07:06:31.531+0000][gc,cpu        ] GC(836) User=0.06s Sys=0.00s Real=0.03s
[2023-11-18T07:07:46.937+0000][gc,start      ] GC(837) Pause Young (Normal) (G1 Evacuation Pause)
[2023-11-18T07:07:46.937+0000][gc,task       ] GC(837) Using 2 workers of 2 for evacuation
[2023-11-18T07:07:46.957+0000][gc,mmu        ] GC(837) MMU target violated: 20.0ms (20.0ms/21.0ms)
[2023-11-18T07:07:46.957+0000][gc,phases     ] GC(837)   Pre Evacuate Collection Set: 0.0ms
[2023-11-18T07:07:46.957+0000][gc,phases     ] GC(837)   Evacuate Collection Set: 19.5ms
[2023-11-18T07:07:46.957+0000][gc,phases     ] GC(837)   Post Evacuate Collection Set: 0.4ms
[2023-11-18T07:07:46.957+0000][gc,phases     ] GC(837)   Other: 0.3ms
[2023-11-18T07:07:46.957+0000][gc,heap       ] GC(837) Eden regions: 23->0(21)
[2023-11-18T07:07:46.957+0000][gc,heap       ] GC(837) Survivor regions: 3->4(4)
[2023-11-18T07:07:46.957+0000][gc,heap       ] GC(837) Old regions: 158->161
[2023-11-18T07:07:46.957+0000][gc,heap       ] GC(837) Humongous regions: 147->147
[2023-11-18T07:07:46.957+0000][gc,metaspace  ] GC(837) Metaspace: 44852K(47512K)->44852K(47512K) NonClass: 39585K(40960K)->39585K(40960K) Class: 5266K(6552K)->5266K(6552K)
[2023-11-18T07:07:46.957+0000][gc            ] GC(837) Pause Young (Normal) (G1 Evacuation Pause) 328M->310M(512M) 20.226ms
[2023-11-18T07:07:46.957+0000][gc,cpu        ] GC(837) User=0.04s Sys=0.00s Real=0.02s
[2023-11-18T07:08:59.968+0000][gc,start      ] GC(838) Pause Young (Normal) (G1 Evacuation Pause)
[2023-11-18T07:08:59.968+0000][gc,task       ] GC(838) Using 2 workers of 2 for evacuation
[2023-11-18T07:08:59.986+0000][gc,phases     ] GC(838)   Pre Evacuate Collection Set: 0.0ms
[2023-11-18T07:08:59.986+0000][gc,phases     ] GC(838)   Evacuate Collection Set: 17.1ms
[2023-11-18T07:08:59.986+0000][gc,phases     ] GC(838)   Post Evacuate Collection Set: 0.7ms
[2023-11-18T07:08:59.986+0000][gc,phases     ] GC(838)   Other: 0.2ms
[2023-11-18T07:08:59.986+0000][gc,heap       ] GC(838) Eden regions: 21->0(22)
[2023-11-18T07:08:59.986+0000][gc,heap       ] GC(838) Survivor regions: 4->3(4)
[2023-11-18T07:08:59.986+0000][gc,heap       ] GC(838) Old regions: 161->164
[2023-11-18T07:08:59.986+0000][gc,heap       ] GC(838) Humongous regions: 147->147
[2023-11-18T07:08:59.986+0000][gc,metaspace  ] GC(838) Metaspace: 44852K(47512K)->44852K(47512K) NonClass: 39585K(40960K)->39585K(40960K) Class: 5266K(6552K)->5266K(6552K)
[2023-11-18T07:08:59.986+0000][gc            ] GC(838) Pause Young (Normal) (G1 Evacuation Pause) 331M->312M(512M) 18.038ms
[2023-11-18T07:08:59.986+0000][gc,cpu        ] GC(838) User=0.03s Sys=0.00s Real=0.02s
[2023-11-18T07:10:24.410+0000][gc,start      ] GC(839) Pause Young (Normal) (G1 Evacuation Pause)
[2023-11-18T07:10:24.410+0000][gc,task       ] GC(839) Using 2 workers of 2 for evacuation
[2023-11-18T07:10:24.430+0000][gc,mmu        ] GC(839) MMU target violated: 20.1ms (20.0ms/21.0ms)
[2023-11-18T07:10:24.430+0000][gc,phases     ] GC(839)   Pre Evacuate Collection Set: 0.0ms
[2023-11-18T07:10:24.430+0000][gc,phases     ] GC(839)   Evacuate Collection Set: 19.6ms
[2023-11-18T07:10:24.430+0000][gc,phases     ] GC(839)   Post Evacuate Collection Set: 0.4ms
[2023-11-18T07:10:24.430+0000][gc,phases     ] GC(839)   Other: 0.3ms
[2023-11-18T07:10:24.431+0000][gc,heap       ] GC(839) Eden regions: 22->0(22)
[2023-11-18T07:10:24.431+0000][gc,heap       ] GC(839) Survivor regions: 3->3(4)
[2023-11-18T07:10:24.431+0000][gc,heap       ] GC(839) Old regions: 164->167
[2023-11-18T07:10:24.431+0000][gc,heap       ] GC(839) Humongous regions: 147->147
[2023-11-18T07:10:24.431+0000][gc,metaspace  ] GC(839) Metaspace: 44852K(47512K)->44852K(47512K) NonClass: 39585K(40960K)->39585K(40960K) Class: 5266K(6552K)->5266K(6552K)
[2023-11-18T07:10:24.431+0000][gc            ] GC(839) Pause Young (Normal) (G1 Evacuation Pause) 334M->315M(512M) 20.304ms
[2023-11-18T07:10:24.431+0000][gc,cpu        ] GC(839) User=0.04s Sys=0.00s Real=0.02s
[2023-11-18T07:11:49.603+0000][gc,start      ] GC(840) Pause Young (Normal) (G1 Evacuation Pause)
[2023-11-18T07:11:49.603+0000][gc,task       ] GC(840) Using 2 workers of 2 for evacuation
[2023-11-18T07:11:49.613+0000][gc,phases     ] GC(840)   Pre Evacuate Collection Set: 0.0ms
[2023-11-18T07:11:49.613+0000][gc,phases     ] GC(840)   Evacuate Collection Set: 9.3ms
[2023-11-18T07:11:49.613+0000][gc,phases     ] GC(840)   Post Evacuate Collection Set: 0.4ms
[2023-11-18T07:11:49.613+0000][gc,phases     ] GC(840)   Other: 0.2ms
[2023-11-18T07:11:49.613+0000][gc,heap       ] GC(840) Eden regions: 22->0(24)
[2023-11-18T07:11:49.613+0000][gc,heap       ] GC(840) Survivor regions: 3->2(4)
[2023-11-18T07:11:49.613+0000][gc,heap       ] GC(840) Old regions: 167->168
[2023-11-18T07:11:49.613+0000][gc,heap       ] GC(840) Humongous regions: 147->147
[2023-11-18T07:11:49.613+0000][gc,metaspace  ] GC(840) Metaspace: 44852K(47512K)->44852K(47512K) NonClass: 39585K(40960K)->39585K(40960K) Class: 5266K(6552K)->5266K(6552K)
[2023-11-18T07:11:49.613+0000][gc            ] GC(840) Pause Young (Normal) (G1 Evacuation Pause) 337M->315M(512M) 9.920ms
[2023-11-18T07:11:49.613+0000][gc,cpu        ] GC(840) User=0.02s Sys=0.00s Real=0.01s
[2023-11-18T07:13:23.105+0000][gc,start      ] GC(841) Pause Young (Normal) (G1 Evacuation Pause)
[2023-11-18T07:13:23.105+0000][gc,task       ] GC(841) Using 2 workers of 2 for evacuation
[2023-11-18T07:13:23.117+0000][gc,phases     ] GC(841)   Pre Evacuate Collection Set: 0.0ms
[2023-11-18T07:13:23.117+0000][gc,phases     ] GC(841)   Evacuate Collection Set: 11.5ms
[2023-11-18T07:13:23.117+0000][gc,phases     ] GC(841)   Post Evacuate Collection Set: 0.4ms
[2023-11-18T07:13:23.117+0000][gc,phases     ] GC(841)   Other: 0.2ms
[2023-11-18T07:13:23.117+0000][gc,heap       ] GC(841) Eden regions: 24->0(24)
[2023-11-18T07:13:23.117+0000][gc,heap       ] GC(841) Survivor regions: 2->4(4)
[2023-11-18T07:13:23.117+0000][gc,heap       ] GC(841) Old regions: 168->169
[2023-11-18T07:13:23.117+0000][gc,heap       ] GC(841) Humongous regions: 147->147
[2023-11-18T07:13:23.117+0000][gc,metaspace  ] GC(841) Metaspace: 44852K(47512K)->44852K(47512K) NonClass: 39585K(40960K)->39585K(40960K) Class: 5266K(6552K)->5266K(6552K)
[2023-11-18T07:13:23.117+0000][gc            ] GC(841) Pause Young (Normal) (G1 Evacuation Pause) 339M->318M(512M) 12.178ms
[2023-11-18T07:13:23.117+0000][gc,cpu        ] GC(841) User=0.02s Sys=0.00s Real=0.02s
[2023-11-18T07:14:55.889+0000][gc,start      ] GC(842) Pause Young (Normal) (G1 Evacuation Pause)
[2023-11-18T07:14:55.889+0000][gc,task       ] GC(842) Using 2 workers of 2 for evacuation
[2023-11-18T07:14:55.901+0000][gc,phases     ] GC(842)   Pre Evacuate Collection Set: 0.0ms
[2023-11-18T07:14:55.901+0000][gc,phases     ] GC(842)   Evacuate Collection Set: 11.8ms
[2023-11-18T07:14:55.901+0000][gc,phases     ] GC(842)   Post Evacuate Collection Set: 0.3ms
[2023-11-18T07:14:55.901+0000][gc,phases     ] GC(842)   Other: 0.2ms
[2023-11-18T07:14:55.901+0000][gc,heap       ] GC(842) Eden regions: 24->0(27)
[2023-11-18T07:14:55.901+0000][gc,heap       ] GC(842) Survivor regions: 4->3(4)
[2023-11-18T07:14:55.901+0000][gc,heap       ] GC(842) Old regions: 169->171
[2023-11-18T07:14:55.901+0000][gc,heap       ] GC(842) Humongous regions: 147->147
[2023-11-18T07:14:55.901+0000][gc,metaspace  ] GC(842) Metaspace: 44852K(47512K)->44852K(47512K) NonClass: 39585K(40960K)->39585K(40960K) Class: 5266K(6552K)->5266K(6552K)
[2023-11-18T07:14:55.901+0000][gc            ] GC(842) Pause Young (Normal) (G1 Evacuation Pause) 342M->318M(512M) 12.366ms
[2023-11-18T07:14:55.901+0000][gc,cpu        ] GC(842) User=0.02s Sys=0.00s Real=0.01s
[2023-11-18T07:16:33.561+0000][gc,start      ] GC(843) Pause Young (Normal) (G1 Evacuation Pause)
[2023-11-18T07:16:33.561+0000][gc,task       ] GC(843) Using 2 workers of 2 for evacuation
[2023-11-18T07:16:33.576+0000][gc,phases     ] GC(843)   Pre Evacuate Collection Set: 0.0ms
[2023-11-18T07:16:33.576+0000][gc,phases     ] GC(843)   Evacuate Collection Set: 14.5ms
[2023-11-18T07:16:33.576+0000][gc,phases     ] GC(843)   Post Evacuate Collection Set: 0.3ms
[2023-11-18T07:16:33.576+0000][gc,phases     ] GC(843)   Other: 0.2ms
[2023-11-18T07:16:33.576+0000][gc,heap       ] GC(843) Eden regions: 25->0(26)
[2023-11-18T07:16:33.576+0000][gc,heap       ] GC(843) Survivor regions: 3->4(4)
[2023-11-18T07:16:33.576+0000][gc,heap       ] GC(843) Old regions: 171->171
[2023-11-18T07:16:33.576+0000][gc,heap       ] GC(843) Humongous regions: 147->147
[2023-11-18T07:16:33.576+0000][gc,metaspace  ] GC(843) Metaspace: 44852K(47512K)->44852K(47512K) NonClass: 39585K(40960K)->39585K(40960K) Class: 5266K(6552K)->5266K(6552K)
[2023-11-18T07:16:33.576+0000][gc            ] GC(843) Pause Young (Normal) (G1 Evacuation Pause) 343M->320M(512M) 15.172ms
[2023-11-18T07:16:33.576+0000][gc,cpu        ] GC(843) User=0.03s Sys=0.00s Real=0.02s
[2023-11-18T07:18:13.760+0000][gc,start      ] GC(844) Pause Young (Normal) (G1 Evacuation Pause)
[2023-11-18T07:18:13.760+0000][gc,task       ] GC(844) Using 2 workers of 2 for evacuation
[2023-11-18T07:18:13.773+0000][gc,phases     ] GC(844)   Pre Evacuate Collection Set: 0.0ms
[2023-11-18T07:18:13.773+0000][gc,phases     ] GC(844)   Evacuate Collection Set: 12.5ms
[2023-11-18T07:18:13.773+0000][gc,phases     ] GC(844)   Post Evacuate Collection Set: 0.3ms
[2023-11-18T07:18:13.773+0000][gc,phases     ] GC(844)   Other: 0.2ms
[2023-11-18T07:18:13.773+0000][gc,heap       ] GC(844) Eden regions: 26->0(29)
[2023-11-18T07:18:13.773+0000][gc,heap       ] GC(844) Survivor regions: 4->3(4)
[2023-11-18T07:18:13.773+0000][gc,heap       ] GC(844) Old regions: 171->173
[2023-11-18T07:18:13.773+0000][gc,heap       ] GC(844) Humongous regions: 147->147
[2023-11-18T07:18:13.773+0000][gc,metaspace  ] GC(844) Metaspace: 44852K(47512K)->44852K(47512K) NonClass: 39585K(40960K)->39585K(40960K) Class: 5266K(6552K)->5266K(6552K)
[2023-11-18T07:18:13.773+0000][gc            ] GC(844) Pause Young (Normal) (G1 Evacuation Pause) 346M->321M(512M) 13.078ms
[2023-11-18T07:18:13.773+0000][gc,cpu        ] GC(844) User=0.02s Sys=0.00s Real=0.01s
[2023-11-18T07:19:58.953+0000][gc,start      ] GC(845) Pause Young (Normal) (G1 Evacuation Pause)
[2023-11-18T07:19:58.953+0000][gc,task       ] GC(845) Using 2 workers of 2 for evacuation
[2023-11-18T07:19:58.963+0000][gc,phases     ] GC(845)   Pre Evacuate Collection Set: 0.0ms
[2023-11-18T07:19:58.963+0000][gc,phases     ] GC(845)   Evacuate Collection Set: 9.2ms
[2023-11-18T07:19:58.963+0000][gc,phases     ] GC(845)   Post Evacuate Collection Set: 0.3ms
[2023-11-18T07:19:58.963+0000][gc,phases     ] GC(845)   Other: 0.2ms
[2023-11-18T07:19:58.963+0000][gc,heap       ] GC(845) Eden regions: 27->0(33)
[2023-11-18T07:19:58.963+0000][gc,heap       ] GC(845) Survivor regions: 3->2(4)
[2023-11-18T07:19:58.963+0000][gc,heap       ] GC(845) Old regions: 173->175
[2023-11-18T07:19:58.963+0000][gc,heap       ] GC(845) Humongous regions: 147->147
[2023-11-18T07:19:58.963+0000][gc,metaspace  ] GC(845) Metaspace: 44852K(47512K)->44852K(47512K) NonClass: 39585K(40960K)->39585K(40960K) Class: 5266K(6552K)->5266K(6552K)
[2023-11-18T07:19:58.963+0000][gc            ] GC(845) Pause Young (Normal) (G1 Evacuation Pause) 348M->321M(512M) 9.830ms
[2023-11-18T07:19:58.963+0000][gc,cpu        ] GC(845) User=0.02s Sys=0.00s Real=0.01s
[2023-11-18T07:22:00.659+0000][gc,start      ] GC(846) Pause Young (Normal) (G1 Evacuation Pause)
[2023-11-18T07:22:00.659+0000][gc,task       ] GC(846) Using 2 workers of 2 for evacuation
[2023-11-18T07:22:00.673+0000][gc,phases     ] GC(846)   Pre Evacuate Collection Set: 0.0ms
[2023-11-18T07:22:00.673+0000][gc,phases     ] GC(846)   Evacuate Collection Set: 13.2ms
[2023-11-18T07:22:00.673+0000][gc,phases     ] GC(846)   Post Evacuate Collection Set: 0.4ms
[2023-11-18T07:22:00.673+0000][gc,phases     ] GC(846)   Other: 0.3ms
[2023-11-18T07:22:00.673+0000][gc,heap       ] GC(846) Eden regions: 31->0(33)
[2023-11-18T07:22:00.673+0000][gc,heap       ] GC(846) Survivor regions: 2->5(5)
[2023-11-18T07:22:00.673+0000][gc,heap       ] GC(846) Old regions: 175->175
[2023-11-18T07:22:00.673+0000][gc,heap       ] GC(846) Humongous regions: 147->147
[2023-11-18T07:22:00.673+0000][gc,metaspace  ] GC(846) Metaspace: 44852K(47512K)->44852K(47512K) NonClass: 39585K(40960K)->39585K(40960K) Class: 5266K(6552K)->5266K(6552K)
[2023-11-18T07:22:00.673+0000][gc            ] GC(846) Pause Young (Normal) (G1 Evacuation Pause) 352M->324M(512M) 14.045ms
[2023-11-18T07:22:00.673+0000][gc,cpu        ] GC(846) User=0.03s Sys=0.00s Real=0.02s
[2023-11-18T07:24:09.173+0000][gc,start      ] GC(847) Pause Young (Normal) (G1 Evacuation Pause)
[2023-11-18T07:24:09.173+0000][gc,task       ] GC(847) Using 2 workers of 2 for evacuation
[2023-11-18T07:24:09.194+0000][gc,mmu        ] GC(847) MMU target violated: 20.7ms (20.0ms/21.0ms)
[2023-11-18T07:24:09.194+0000][gc,phases     ] GC(847)   Pre Evacuate Collection Set: 0.0ms
[2023-11-18T07:24:09.194+0000][gc,phases     ] GC(847)   Evacuate Collection Set: 20.3ms
[2023-11-18T07:24:09.194+0000][gc,phases     ] GC(847)   Post Evacuate Collection Set: 0.3ms
[2023-11-18T07:24:09.194+0000][gc,phases     ] GC(847)   Other: 0.2ms
[2023-11-18T07:24:09.194+0000][gc,heap       ] GC(847) Eden regions: 33->0(31)
[2023-11-18T07:24:09.194+0000][gc,heap       ] GC(847) Survivor regions: 5->4(5)
[2023-11-18T07:24:09.194+0000][gc,heap       ] GC(847) Old regions: 175->177
[2023-11-18T07:24:09.194+0000][gc,heap       ] GC(847) Humongous regions: 147->147
[2023-11-18T07:24:09.194+0000][gc,metaspace  ] GC(847) Metaspace: 44852K(47512K)->44852K(47512K) NonClass: 39585K(40960K)->39585K(40960K) Class: 5266K(6552K)->5266K(6552K)
[2023-11-18T07:24:09.194+0000][gc            ] GC(847) Pause Young (Normal) (G1 Evacuation Pause) 357M->326M(512M) 20.918ms
[2023-11-18T07:24:09.194+0000][gc,cpu        ] GC(847) User=0.04s Sys=0.00s Real=0.03s
[2023-11-18T07:26:09.813+0000][gc,start      ] GC(848) Pause Young (Normal) (G1 Evacuation Pause)
[2023-11-18T07:26:09.813+0000][gc,task       ] GC(848) Using 2 workers of 2 for evacuation
[2023-11-18T07:26:09.824+0000][gc,phases     ] GC(848)   Pre Evacuate Collection Set: 0.0ms
[2023-11-18T07:26:09.824+0000][gc,phases     ] GC(848)   Evacuate Collection Set: 10.8ms
[2023-11-18T07:26:09.824+0000][gc,phases     ] GC(848)   Post Evacuate Collection Set: 0.4ms
[2023-11-18T07:26:09.824+0000][gc,phases     ] GC(848)   Other: 0.2ms
[2023-11-18T07:26:09.824+0000][gc,heap       ] GC(848) Eden regions: 31->0(36)
[2023-11-18T07:26:09.824+0000][gc,heap       ] GC(848) Survivor regions: 4->3(5)
[2023-11-18T07:26:09.824+0000][gc,heap       ] GC(848) Old regions: 177->178
[2023-11-18T07:26:09.824+0000][gc,heap       ] GC(848) Humongous regions: 147->147
[2023-11-18T07:26:09.824+0000][gc,metaspace  ] GC(848) Metaspace: 44852K(47512K)->44852K(47512K) NonClass: 39585K(40960K)->39585K(40960K) Class: 5266K(6552K)->5266K(6552K)
[2023-11-18T07:26:09.824+0000][gc            ] GC(848) Pause Young (Normal) (G1 Evacuation Pause) 357M->326M(512M) 11.526ms
[2023-11-18T07:26:09.824+0000][gc,cpu        ] GC(848) User=0.02s Sys=0.00s Real=0.01s
[2023-11-18T07:28:30.810+0000][gc,start      ] GC(849) Pause Young (Normal) (G1 Evacuation Pause)
[2023-11-18T07:28:30.810+0000][gc,task       ] GC(849) Using 2 workers of 2 for evacuation
[2023-11-18T07:28:30.821+0000][gc,phases     ] GC(849)   Pre Evacuate Collection Set: 0.0ms
[2023-11-18T07:28:30.821+0000][gc,phases     ] GC(849)   Evacuate Collection Set: 10.5ms
[2023-11-18T07:28:30.821+0000][gc,phases     ] GC(849)   Post Evacuate Collection Set: 0.3ms
[2023-11-18T07:28:30.821+0000][gc,phases     ] GC(849)   Other: 0.2ms
[2023-11-18T07:28:30.821+0000][gc,heap       ] GC(849) Eden regions: 36->0(40)
[2023-11-18T07:28:30.821+0000][gc,heap       ] GC(849) Survivor regions: 3->4(5)
[2023-11-18T07:28:30.821+0000][gc,heap       ] GC(849) Old regions: 178->178
[2023-11-18T07:28:30.821+0000][gc,heap       ] GC(849) Humongous regions: 147->147
[2023-11-18T07:28:30.821+0000][gc,metaspace  ] GC(849) Metaspace: 44852K(47512K)->44852K(47512K) NonClass: 39585K(40960K)->39585K(40960K) Class: 5266K(6552K)->5266K(6552K)
[2023-11-18T07:28:30.821+0000][gc            ] GC(849) Pause Young (Normal) (G1 Evacuation Pause) 362M->327M(512M) 11.126ms
[2023-11-18T07:28:30.821+0000][gc,cpu        ] GC(849) User=0.02s Sys=0.00s Real=0.01s
[2023-11-18T07:31:08.089+0000][gc,start      ] GC(850) Pause Young (Normal) (G1 Evacuation Pause)
[2023-11-18T07:31:08.089+0000][gc,task       ] GC(850) Using 2 workers of 2 for evacuation
[2023-11-18T07:31:08.103+0000][gc,phases     ] GC(850)   Pre Evacuate Collection Set: 0.0ms
[2023-11-18T07:31:08.103+0000][gc,phases     ] GC(850)   Evacuate Collection Set: 12.8ms
[2023-11-18T07:31:08.103+0000][gc,phases     ] GC(850)   Post Evacuate Collection Set: 0.3ms
[2023-11-18T07:31:08.103+0000][gc,phases     ] GC(850)   Other: 1.2ms
[2023-11-18T07:31:08.103+0000][gc,heap       ] GC(850) Eden regions: 40->0(42)
[2023-11-18T07:31:08.103+0000][gc,heap       ] GC(850) Survivor regions: 4->4(6)
[2023-11-18T07:31:08.103+0000][gc,heap       ] GC(850) Old regions: 178->180
[2023-11-18T07:31:08.103+0000][gc,heap       ] GC(850) Humongous regions: 147->147
[2023-11-18T07:31:08.103+0000][gc,metaspace  ] GC(850) Metaspace: 44852K(47512K)->44852K(47512K) NonClass: 39585K(40960K)->39585K(40960K) Class: 5266K(6552K)->5266K(6552K)
[2023-11-18T07:31:08.103+0000][gc            ] GC(850) Pause Young (Normal) (G1 Evacuation Pause) 367M->328M(512M) 14.566ms
[2023-11-18T07:31:08.104+0000][gc,cpu        ] GC(850) User=0.03s Sys=0.00s Real=0.01s
[2023-11-18T07:33:53.384+0000][gc,start      ] GC(851) Pause Young (Normal) (G1 Evacuation Pause)
[2023-11-18T07:33:53.384+0000][gc,task       ] GC(851) Using 2 workers of 2 for evacuation
[2023-11-18T07:33:53.400+0000][gc,phases     ] GC(851)   Pre Evacuate Collection Set: 0.0ms
[2023-11-18T07:33:53.400+0000][gc,phases     ] GC(851)   Evacuate Collection Set: 15.2ms
[2023-11-18T07:33:53.401+0000][gc,phases     ] GC(851)   Post Evacuate Collection Set: 0.6ms
[2023-11-18T07:33:53.401+0000][gc,phases     ] GC(851)   Other: 0.2ms
[2023-11-18T07:33:53.401+0000][gc,heap       ] GC(851) Eden regions: 42->0(42)
[2023-11-18T07:33:53.401+0000][gc,heap       ] GC(851) Survivor regions: 4->4(6)
[2023-11-18T07:33:53.401+0000][gc,heap       ] GC(851) Old regions: 180->181
[2023-11-18T07:33:53.401+0000][gc,heap       ] GC(851) Humongous regions: 147->147
[2023-11-18T07:33:53.401+0000][gc,metaspace  ] GC(851) Metaspace: 44853K(47512K)->44853K(47512K) NonClass: 39586K(40960K)->39586K(40960K) Class: 5266K(6552K)->5266K(6552K)
[2023-11-18T07:33:53.401+0000][gc            ] GC(851) Pause Young (Normal) (G1 Evacuation Pause) 370M->330M(512M) 16.167ms
[2023-11-18T07:33:53.401+0000][gc,cpu        ] GC(851) User=0.03s Sys=0.00s Real=0.02s
[2023-11-18T07:36:38.771+0000][gc,start      ] GC(852) Pause Young (Normal) (G1 Evacuation Pause)
[2023-11-18T07:36:38.771+0000][gc,task       ] GC(852) Using 2 workers of 2 for evacuation
[2023-11-18T07:36:38.792+0000][gc,mmu        ] GC(852) MMU target violated: 20.9ms (20.0ms/21.0ms)
[2023-11-18T07:36:38.792+0000][gc,phases     ] GC(852)   Pre Evacuate Collection Set: 0.0ms
[2023-11-18T07:36:38.792+0000][gc,phases     ] GC(852)   Evacuate Collection Set: 20.2ms
[2023-11-18T07:36:38.792+0000][gc,phases     ] GC(852)   Post Evacuate Collection Set: 0.6ms
[2023-11-18T07:36:38.792+0000][gc,phases     ] GC(852)   Other: 0.3ms
[2023-11-18T07:36:38.792+0000][gc,heap       ] GC(852) Eden regions: 42->0(41)
[2023-11-18T07:36:38.792+0000][gc,heap       ] GC(852) Survivor regions: 4->4(6)
[2023-11-18T07:36:38.792+0000][gc,heap       ] GC(852) Old regions: 181->183
[2023-11-18T07:36:38.792+0000][gc,heap       ] GC(852) Humongous regions: 147->147
[2023-11-18T07:36:38.792+0000][gc,metaspace  ] GC(852) Metaspace: 44853K(47512K)->44853K(47512K) NonClass: 39586K(40960K)->39586K(40960K) Class: 5266K(6552K)->5266K(6552K)
[2023-11-18T07:36:38.792+0000][gc            ] GC(852) Pause Young (Normal) (G1 Evacuation Pause) 372M->332M(512M) 21.127ms
[2023-11-18T07:36:38.792+0000][gc,cpu        ] GC(852) User=0.04s Sys=0.00s Real=0.02s
[2023-11-18T07:39:19.758+0000][gc,start      ] GC(853) Pause Young (Normal) (G1 Evacuation Pause)
[2023-11-18T07:39:19.758+0000][gc,task       ] GC(853) Using 2 workers of 2 for evacuation
[2023-11-18T07:39:19.772+0000][gc,phases     ] GC(853)   Pre Evacuate Collection Set: 0.0ms
[2023-11-18T07:39:19.772+0000][gc,phases     ] GC(853)   Evacuate Collection Set: 14.2ms
[2023-11-18T07:39:19.772+0000][gc,phases     ] GC(853)   Post Evacuate Collection Set: 0.3ms
[2023-11-18T07:39:19.772+0000][gc,phases     ] GC(853)   Other: 0.2ms
[2023-11-18T07:39:19.772+0000][gc,heap       ] GC(853) Eden regions: 41->0(41)
[2023-11-18T07:39:19.772+0000][gc,heap       ] GC(853) Survivor regions: 4->4(6)
[2023-11-18T07:39:19.772+0000][gc,heap       ] GC(853) Old regions: 183->185
[2023-11-18T07:39:19.772+0000][gc,heap       ] GC(853) Humongous regions: 147->147
[2023-11-18T07:39:19.772+0000][gc,metaspace  ] GC(853) Metaspace: 44853K(47512K)->44853K(47512K) NonClass: 39586K(40960K)->39586K(40960K) Class: 5266K(6552K)->5266K(6552K)
[2023-11-18T07:39:19.772+0000][gc            ] GC(853) Pause Young (Normal) (G1 Evacuation Pause) 373M->334M(512M) 14.772ms
[2023-11-18T07:39:19.772+0000][gc,cpu        ] GC(853) User=0.03s Sys=0.00s Real=0.01s
[2023-11-18T07:42:01.324+0000][gc,start      ] GC(854) Pause Young (Normal) (G1 Evacuation Pause)
[2023-11-18T07:42:01.324+0000][gc,task       ] GC(854) Using 2 workers of 2 for evacuation
[2023-11-18T07:42:01.350+0000][gc,mmu        ] GC(854) MMU target violated: 21.0ms (20.0ms/21.0ms)
[2023-11-18T07:42:01.351+0000][gc,phases     ] GC(854)   Pre Evacuate Collection Set: 0.0ms
[2023-11-18T07:42:01.351+0000][gc,phases     ] GC(854)   Evacuate Collection Set: 24.5ms
[2023-11-18T07:42:01.351+0000][gc,phases     ] GC(854)   Post Evacuate Collection Set: 0.4ms
[2023-11-18T07:42:01.351+0000][gc,phases     ] GC(854)   Other: 1.7ms
[2023-11-18T07:42:01.351+0000][gc,heap       ] GC(854) Eden regions: 41->0(36)
[2023-11-18T07:42:01.351+0000][gc,heap       ] GC(854) Survivor regions: 4->4(6)
[2023-11-18T07:42:01.351+0000][gc,heap       ] GC(854) Old regions: 185->187
[2023-11-18T07:42:01.351+0000][gc,heap       ] GC(854) Humongous regions: 147->147
[2023-11-18T07:42:01.351+0000][gc,metaspace  ] GC(854) Metaspace: 44853K(47512K)->44853K(47512K) NonClass: 39586K(40960K)->39586K(40960K) Class: 5266K(6552K)->5266K(6552K)
[2023-11-18T07:42:01.351+0000][gc            ] GC(854) Pause Young (Normal) (G1 Evacuation Pause) 375M->335M(512M) 26.690ms
[2023-11-18T07:42:01.351+0000][gc,cpu        ] GC(854) User=0.04s Sys=0.01s Real=0.03s
[2023-11-18T07:44:23.448+0000][gc,start      ] GC(855) Pause Young (Normal) (G1 Evacuation Pause)
[2023-11-18T07:44:23.449+0000][gc,task       ] GC(855) Using 2 workers of 2 for evacuation
[2023-11-18T07:44:23.468+0000][gc,phases     ] GC(855)   Pre Evacuate Collection Set: 0.0ms
[2023-11-18T07:44:23.468+0000][gc,phases     ] GC(855)   Evacuate Collection Set: 18.7ms
[2023-11-18T07:44:23.468+0000][gc,phases     ] GC(855)   Post Evacuate Collection Set: 0.4ms
[2023-11-18T07:44:23.468+0000][gc,phases     ] GC(855)   Other: 0.2ms
[2023-11-18T07:44:23.468+0000][gc,heap       ] GC(855) Eden regions: 36->0(32)
[2023-11-18T07:44:23.468+0000][gc,heap       ] GC(855) Survivor regions: 4->5(5)
[2023-11-18T07:44:23.468+0000][gc,heap       ] GC(855) Old regions: 187->189
[2023-11-18T07:44:23.468+0000][gc,heap       ] GC(855) Humongous regions: 147->147
[2023-11-18T07:44:23.468+0000][gc,metaspace  ] GC(855) Metaspace: 44853K(47512K)->44853K(47512K) NonClass: 39586K(40960K)->39586K(40960K) Class: 5266K(6552K)->5266K(6552K)
[2023-11-18T07:44:23.468+0000][gc            ] GC(855) Pause Young (Normal) (G1 Evacuation Pause) 371M->339M(512M) 19.502ms
[2023-11-18T07:44:23.468+0000][gc,cpu        ] GC(855) User=0.04s Sys=0.00s Real=0.02s
[2023-11-18T07:46:28.171+0000][gc,start      ] GC(856) Pause Young (Normal) (G1 Evacuation Pause)
[2023-11-18T07:46:28.171+0000][gc,task       ] GC(856) Using 2 workers of 2 for evacuation
[2023-11-18T07:46:28.187+0000][gc,phases     ] GC(856)   Pre Evacuate Collection Set: 0.0ms
[2023-11-18T07:46:28.187+0000][gc,phases     ] GC(856)   Evacuate Collection Set: 15.6ms
[2023-11-18T07:46:28.187+0000][gc,phases     ] GC(856)   Post Evacuate Collection Set: 0.4ms
[2023-11-18T07:46:28.187+0000][gc,phases     ] GC(856)   Other: 0.2ms
[2023-11-18T07:46:28.187+0000][gc,heap       ] GC(856) Eden regions: 32->0(33)
[2023-11-18T07:46:28.187+0000][gc,heap       ] GC(856) Survivor regions: 5->4(5)
[2023-11-18T07:46:28.187+0000][gc,heap       ] GC(856) Old regions: 189->192
[2023-11-18T07:46:28.187+0000][gc,heap       ] GC(856) Humongous regions: 147->147
[2023-11-18T07:46:28.187+0000][gc,metaspace  ] GC(856) Metaspace: 44853K(47512K)->44853K(47512K) NonClass: 39586K(40960K)->39586K(40960K) Class: 5266K(6552K)->5266K(6552K)
[2023-11-18T07:46:28.188+0000][gc            ] GC(856) Pause Young (Normal) (G1 Evacuation Pause) 371M->340M(512M) 16.310ms
[2023-11-18T07:46:28.188+0000][gc,cpu        ] GC(856) User=0.03s Sys=0.00s Real=0.02s
[2023-11-18T07:48:09.355+0000][gc,start      ] GC(857) Pause Young (Normal) (G1 Evacuation Pause)
[2023-11-18T07:48:09.355+0000][gc,task       ] GC(857) Using 2 workers of 2 for evacuation
[2023-11-18T07:48:09.365+0000][gc,phases     ] GC(857)   Pre Evacuate Collection Set: 0.0ms
[2023-11-18T07:48:09.365+0000][gc,phases     ] GC(857)   Evacuate Collection Set: 9.9ms
[2023-11-18T07:48:09.365+0000][gc,phases     ] GC(857)   Post Evacuate Collection Set: 0.3ms
[2023-11-18T07:48:09.365+0000][gc,phases     ] GC(857)   Other: 0.4ms
[2023-11-18T07:48:09.365+0000][gc,heap       ] GC(857) Eden regions: 26->0(37)
[2023-11-18T07:48:09.365+0000][gc,heap       ] GC(857) Survivor regions: 4->2(4)
[2023-11-18T07:48:09.365+0000][gc,heap       ] GC(857) Old regions: 192->193
[2023-11-18T07:48:09.365+0000][gc,heap       ] GC(857) Humongous regions: 147->147
[2023-11-18T07:48:09.365+0000][gc,metaspace  ] GC(857) Metaspace: 44853K(47512K)->44853K(47512K) NonClass: 39586K(40960K)->39586K(40960K) Class: 5266K(6552K)->5266K(6552K)
[2023-11-18T07:48:09.365+0000][gc            ] GC(857) Pause Young (Normal) (G1 Evacuation Pause) 366M->340M(512M) 10.685ms
[2023-11-18T07:48:09.365+0000][gc,cpu        ] GC(857) User=0.02s Sys=0.00s Real=0.01s
[2023-11-18T07:50:15.080+0000][gc,start      ] GC(858) Pause Young (Normal) (G1 Evacuation Pause)
[2023-11-18T07:50:15.080+0000][gc,task       ] GC(858) Using 2 workers of 2 for evacuation
[2023-11-18T07:50:15.101+0000][gc,mmu        ] GC(858) MMU target violated: 20.9ms (20.0ms/21.0ms)
[2023-11-18T07:50:15.101+0000][gc,phases     ] GC(858)   Pre Evacuate Collection Set: 0.0ms
[2023-11-18T07:50:15.101+0000][gc,phases     ] GC(858)   Evacuate Collection Set: 14.3ms
[2023-11-18T07:50:15.101+0000][gc,phases     ] GC(858)   Post Evacuate Collection Set: 6.5ms
[2023-11-18T07:50:15.101+0000][gc,phases     ] GC(858)   Other: 0.3ms
[2023-11-18T07:50:15.101+0000][gc,heap       ] GC(858) Eden regions: 32->0(31)
[2023-11-18T07:50:15.101+0000][gc,heap       ] GC(858) Survivor regions: 2->5(5)
[2023-11-18T07:50:15.101+0000][gc,heap       ] GC(858) Old regions: 193->194
[2023-11-18T07:50:15.101+0000][gc,heap       ] GC(858) Humongous regions: 147->147
[2023-11-18T07:50:15.101+0000][gc,metaspace  ] GC(858) Metaspace: 44853K(47512K)->44853K(47512K) NonClass: 39586K(40960K)->39586K(40960K) Class: 5266K(6552K)->5266K(6552K)
[2023-11-18T07:50:15.101+0000][gc            ] GC(858) Pause Young (Normal) (G1 Evacuation Pause) 372M->344M(512M) 21.165ms
[2023-11-18T07:50:15.101+0000][gc,cpu        ] GC(858) User=0.03s Sys=0.00s Real=0.02s
[2023-11-18T07:52:16.289+0000][gc,start      ] GC(859) Pause Young (Normal) (G1 Evacuation Pause)
[2023-11-18T07:52:16.289+0000][gc,task       ] GC(859) Using 2 workers of 2 for evacuation
[2023-11-18T07:52:16.305+0000][gc,phases     ] GC(859)   Pre Evacuate Collection Set: 0.0ms
[2023-11-18T07:52:16.305+0000][gc,phases     ] GC(859)   Evacuate Collection Set: 15.4ms
[2023-11-18T07:52:16.305+0000][gc,phases     ] GC(859)   Post Evacuate Collection Set: 0.3ms
[2023-11-18T07:52:16.305+0000][gc,phases     ] GC(859)   Other: 0.3ms
[2023-11-18T07:52:16.305+0000][gc,heap       ] GC(859) Eden regions: 31->0(32)
[2023-11-18T07:52:16.305+0000][gc,heap       ] GC(859) Survivor regions: 5->4(5)
[2023-11-18T07:52:16.305+0000][gc,heap       ] GC(859) Old regions: 194->196
[2023-11-18T07:52:16.305+0000][gc,heap       ] GC(859) Humongous regions: 147->147
[2023-11-18T07:52:16.305+0000][gc,metaspace  ] GC(859) Metaspace: 44853K(47512K)->44853K(47512K) NonClass: 39586K(40960K)->39586K(40960K) Class: 5266K(6552K)->5266K(6552K)
[2023-11-18T07:52:16.305+0000][gc            ] GC(859) Pause Young (Normal) (G1 Evacuation Pause) 375M->344M(512M) 16.053ms
[2023-11-18T07:52:16.305+0000][gc,cpu        ] GC(859) User=0.03s Sys=0.00s Real=0.01s
[2023-11-18T07:54:22.019+0000][gc,start      ] GC(860) Pause Young (Normal) (G1 Evacuation Pause)
[2023-11-18T07:54:22.019+0000][gc,task       ] GC(860) Using 2 workers of 2 for evacuation
[2023-11-18T07:54:22.034+0000][gc,phases     ] GC(860)   Pre Evacuate Collection Set: 0.0ms
[2023-11-18T07:54:22.034+0000][gc,phases     ] GC(860)   Evacuate Collection Set: 14.2ms
[2023-11-18T07:54:22.034+0000][gc,phases     ] GC(860)   Post Evacuate Collection Set: 0.5ms
[2023-11-18T07:54:22.034+0000][gc,phases     ] GC(860)   Other: 0.3ms
[2023-11-18T07:54:22.034+0000][gc,heap       ] GC(860) Eden regions: 32->0(32)
[2023-11-18T07:54:22.034+0000][gc,heap       ] GC(860) Survivor regions: 4->3(5)
[2023-11-18T07:54:22.034+0000][gc,heap       ] GC(860) Old regions: 196->198
[2023-11-18T07:54:22.034+0000][gc,heap       ] GC(860) Humongous regions: 147->147
[2023-11-18T07:54:22.034+0000][gc,metaspace  ] GC(860) Metaspace: 44853K(47512K)->44853K(47512K) NonClass: 39586K(40960K)->39586K(40960K) Class: 5266K(6552K)->5266K(6552K)
[2023-11-18T07:54:22.034+0000][gc            ] GC(860) Pause Young (Normal) (G1 Evacuation Pause) 376M->345M(512M) 14.996ms
[2023-11-18T07:54:22.034+0000][gc,cpu        ] GC(860) User=0.03s Sys=0.00s Real=0.02s
[2023-11-18T07:56:19.225+0000][gc,start      ] GC(861) Pause Young (Normal) (G1 Evacuation Pause)
[2023-11-18T07:56:19.226+0000][gc,task       ] GC(861) Using 2 workers of 2 for evacuation
[2023-11-18T07:56:19.236+0000][gc,phases     ] GC(861)   Pre Evacuate Collection Set: 0.0ms
[2023-11-18T07:56:19.236+0000][gc,phases     ] GC(861)   Evacuate Collection Set: 10.4ms
[2023-11-18T07:56:19.236+0000][gc,phases     ] GC(861)   Post Evacuate Collection Set: 0.3ms
[2023-11-18T07:56:19.236+0000][gc,phases     ] GC(861)   Other: 0.2ms
[2023-11-18T07:56:19.236+0000][gc,heap       ] GC(861) Eden regions: 30->0(35)
[2023-11-18T07:56:19.236+0000][gc,heap       ] GC(861) Survivor regions: 3->2(5)
[2023-11-18T07:56:19.236+0000][gc,heap       ] GC(861) Old regions: 198->199
[2023-11-18T07:56:19.236+0000][gc,heap       ] GC(861) Humongous regions: 147->147
[2023-11-18T07:56:19.236+0000][gc,metaspace  ] GC(861) Metaspace: 44853K(47512K)->44853K(47512K) NonClass: 39586K(40960K)->39586K(40960K) Class: 5266K(6552K)->5266K(6552K)
[2023-11-18T07:56:19.236+0000][gc            ] GC(861) Pause Young (Normal) (G1 Evacuation Pause) 375M->346M(512M) 10.995ms
[2023-11-18T07:56:19.236+0000][gc,cpu        ] GC(861) User=0.02s Sys=0.00s Real=0.01s
[2023-11-18T07:58:28.948+0000][gc,start      ] GC(862) Pause Young (Normal) (G1 Evacuation Pause)
[2023-11-18T07:58:28.948+0000][gc,task       ] GC(862) Using 2 workers of 2 for evacuation
[2023-11-18T07:58:28.966+0000][gc,phases     ] GC(862)   Pre Evacuate Collection Set: 0.0ms
[2023-11-18T07:58:28.966+0000][gc,phases     ] GC(862)   Evacuate Collection Set: 16.7ms
[2023-11-18T07:58:28.966+0000][gc,phases     ] GC(862)   Post Evacuate Collection Set: 0.4ms
[2023-11-18T07:58:28.966+0000][gc,phases     ] GC(862)   Other: 0.2ms
[2023-11-18T07:58:28.966+0000][gc,heap       ] GC(862) Eden regions: 33->0(33)
[2023-11-18T07:58:28.966+0000][gc,heap       ] GC(862) Survivor regions: 2->5(5)
[2023-11-18T07:58:28.966+0000][gc,heap       ] GC(862) Old regions: 199->199
[2023-11-18T07:58:28.966+0000][gc,heap       ] GC(862) Humongous regions: 147->147
[2023-11-18T07:58:28.966+0000][gc,metaspace  ] GC(862) Metaspace: 44853K(47512K)->44853K(47512K) NonClass: 39586K(40960K)->39586K(40960K) Class: 5266K(6552K)->5266K(6552K)
[2023-11-18T07:58:28.966+0000][gc            ] GC(862) Pause Young (Normal) (G1 Evacuation Pause) 379M->349M(512M) 17.402ms
[2023-11-18T07:58:28.966+0000][gc,cpu        ] GC(862) User=0.03s Sys=0.01s Real=0.02s
[2023-11-18T08:00:38.452+0000][gc,start      ] GC(863) Pause Young (Normal) (G1 Evacuation Pause)
[2023-11-18T08:00:38.452+0000][gc,task       ] GC(863) Using 2 workers of 2 for evacuation
[2023-11-18T08:00:38.472+0000][gc,phases     ] GC(863)   Pre Evacuate Collection Set: 0.0ms
[2023-11-18T08:00:38.472+0000][gc,phases     ] GC(863)   Evacuate Collection Set: 18.3ms
[2023-11-18T08:00:38.472+0000][gc,phases     ] GC(863)   Post Evacuate Collection Set: 1.0ms
[2023-11-18T08:00:38.472+0000][gc,phases     ] GC(863)   Other: 0.2ms
[2023-11-18T08:00:38.472+0000][gc,heap       ] GC(863) Eden regions: 33->0(33)
[2023-11-18T08:00:38.472+0000][gc,heap       ] GC(863) Survivor regions: 5->4(5)
[2023-11-18T08:00:38.472+0000][gc,heap       ] GC(863) Old regions: 199->202
[2023-11-18T08:00:38.472+0000][gc,heap       ] GC(863) Humongous regions: 147->147
[2023-11-18T08:00:38.472+0000][gc,metaspace  ] GC(863) Metaspace: 44853K(47512K)->44853K(47512K) NonClass: 39586K(40960K)->39586K(40960K) Class: 5266K(6552K)->5266K(6552K)
[2023-11-18T08:00:38.472+0000][gc            ] GC(863) Pause Young (Normal) (G1 Evacuation Pause) 382M->351M(512M) 19.553ms
[2023-11-18T08:00:38.472+0000][gc,cpu        ] GC(863) User=0.04s Sys=0.00s Real=0.02s
[2023-11-18T08:02:44.205+0000][gc,start      ] GC(864) Pause Young (Normal) (G1 Evacuation Pause)
[2023-11-18T08:02:44.205+0000][gc,task       ] GC(864) Using 2 workers of 2 for evacuation
[2023-11-18T08:02:44.217+0000][gc,phases     ] GC(864)   Pre Evacuate Collection Set: 0.0ms
[2023-11-18T08:02:44.217+0000][gc,phases     ] GC(864)   Evacuate Collection Set: 11.1ms
[2023-11-18T08:02:44.217+0000][gc,phases     ] GC(864)   Post Evacuate Collection Set: 0.3ms
[2023-11-18T08:02:44.217+0000][gc,phases     ] GC(864)   Other: 0.2ms
[2023-11-18T08:02:44.217+0000][gc,heap       ] GC(864) Eden regions: 32->0(36)
[2023-11-18T08:02:44.217+0000][gc,heap       ] GC(864) Survivor regions: 4->3(5)
[2023-11-18T08:02:44.217+0000][gc,heap       ] GC(864) Old regions: 202->204
[2023-11-18T08:02:44.217+0000][gc,heap       ] GC(864) Humongous regions: 147->147
[2023-11-18T08:02:44.217+0000][gc,metaspace  ] GC(864) Metaspace: 44853K(47512K)->44853K(47512K) NonClass: 39586K(40960K)->39586K(40960K) Class: 5266K(6552K)->5266K(6552K)
[2023-11-18T08:02:44.217+0000][gc            ] GC(864) Pause Young (Normal) (G1 Evacuation Pause) 383M->351M(512M) 11.734ms
[2023-11-18T08:02:44.217+0000][gc,cpu        ] GC(864) User=0.02s Sys=0.00s Real=0.02s
[2023-11-18T08:04:57.283+0000][gc,start      ] GC(865) Pause Young (Normal) (G1 Evacuation Pause)
[2023-11-18T08:04:57.283+0000][gc,task       ] GC(865) Using 2 workers of 2 for evacuation
[2023-11-18T08:04:57.296+0000][gc,phases     ] GC(865)   Pre Evacuate Collection Set: 0.0ms
[2023-11-18T08:04:57.296+0000][gc,phases     ] GC(865)   Evacuate Collection Set: 12.2ms
[2023-11-18T08:04:57.296+0000][gc,phases     ] GC(865)   Post Evacuate Collection Set: 0.4ms
[2023-11-18T08:04:57.296+0000][gc,phases     ] GC(865)   Other: 0.2ms
[2023-11-18T08:04:57.296+0000][gc,heap       ] GC(865) Eden regions: 34->0(39)
[2023-11-18T08:04:57.296+0000][gc,heap       ] GC(865) Survivor regions: 3->3(5)
[2023-11-18T08:04:57.296+0000][gc,heap       ] GC(865) Old regions: 204->205
[2023-11-18T08:04:57.296+0000][gc,heap       ] GC(865) Humongous regions: 147->147
[2023-11-18T08:04:57.296+0000][gc,metaspace  ] GC(865) Metaspace: 44853K(47512K)->44853K(47512K) NonClass: 39586K(40960K)->39586K(40960K) Class: 5266K(6552K)->5266K(6552K)
[2023-11-18T08:04:57.296+0000][gc            ] GC(865) Pause Young (Normal) (G1 Evacuation Pause) 385M->353M(512M) 12.899ms
[2023-11-18T08:04:57.296+0000][gc,cpu        ] GC(865) User=0.02s Sys=0.00s Real=0.02s
[2023-11-18T08:07:19.822+0000][gc,start      ] GC(866) Pause Young (Normal) (G1 Evacuation Pause)
[2023-11-18T08:07:19.822+0000][gc,task       ] GC(866) Using 2 workers of 2 for evacuation
[2023-11-18T08:07:19.839+0000][gc,phases     ] GC(866)   Pre Evacuate Collection Set: 0.0ms
[2023-11-18T08:07:19.839+0000][gc,phases     ] GC(866)   Evacuate Collection Set: 16.0ms
[2023-11-18T08:07:19.839+0000][gc,phases     ] GC(866)   Post Evacuate Collection Set: 0.6ms
[2023-11-18T08:07:19.839+0000][gc,phases     ] GC(866)   Other: 0.2ms
[2023-11-18T08:07:19.839+0000][gc,heap       ] GC(866) Eden regions: 36->0(38)
[2023-11-18T08:07:19.839+0000][gc,heap       ] GC(866) Survivor regions: 3->4(5)
[2023-11-18T08:07:19.839+0000][gc,heap       ] GC(866) Old regions: 205->205
[2023-11-18T08:07:19.839+0000][gc,heap       ] GC(866) Humongous regions: 147->147
[2023-11-18T08:07:19.839+0000][gc,metaspace  ] GC(866) Metaspace: 44853K(47512K)->44853K(47512K) NonClass: 39586K(40960K)->39586K(40960K) Class: 5266K(6552K)->5266K(6552K)
[2023-11-18T08:07:19.839+0000][gc            ] GC(866) Pause Young (Normal) (G1 Evacuation Pause) 389M->353M(512M) 16.890ms
[2023-11-18T08:07:19.839+0000][gc,cpu        ] GC(866) User=0.03s Sys=0.00s Real=0.02s
[2023-11-18T08:08:47.497+0000][gc,start      ] GC(867) Pause Young (Normal) (G1 Evacuation Pause)
[2023-11-18T08:08:47.497+0000][gc,task       ] GC(867) Using 2 workers of 2 for evacuation
[2023-11-18T08:08:47.525+0000][gc,mmu        ] GC(867) MMU target violated: 21.0ms (20.0ms/21.0ms)
[2023-11-18T08:08:47.525+0000][gc,phases     ] GC(867)   Pre Evacuate Collection Set: 0.0ms
[2023-11-18T08:08:47.525+0000][gc,phases     ] GC(867)   Evacuate Collection Set: 27.5ms
[2023-11-18T08:08:47.525+0000][gc,phases     ] GC(867)   Post Evacuate Collection Set: 0.5ms
[2023-11-18T08:08:47.525+0000][gc,phases     ] GC(867)   Other: 0.3ms
[2023-11-18T08:08:47.525+0000][gc,heap       ] GC(867) Eden regions: 28->0(23)
[2023-11-18T08:08:47.525+0000][gc,heap       ] GC(867) Survivor regions: 4->4(4)
[2023-11-18T08:08:47.525+0000][gc,heap       ] GC(867) Old regions: 205->210
[2023-11-18T08:08:47.525+0000][gc,heap       ] GC(867) Humongous regions: 147->147
[2023-11-18T08:08:47.525+0000][gc,metaspace  ] GC(867) Metaspace: 44853K(47512K)->44853K(47512K) NonClass: 39586K(40960K)->39586K(40960K) Class: 5266K(6552K)->5266K(6552K)
[2023-11-18T08:08:47.525+0000][gc            ] GC(867) Pause Young (Normal) (G1 Evacuation Pause) 381M->359M(512M) 28.343ms
[2023-11-18T08:08:47.525+0000][gc,cpu        ] GC(867) User=0.06s Sys=0.00s Real=0.02s
[2023-11-18T08:10:16.052+0000][gc,start      ] GC(868) Pause Young (Normal) (G1 Evacuation Pause)
[2023-11-18T08:10:16.052+0000][gc,task       ] GC(868) Using 2 workers of 2 for evacuation
[2023-11-18T08:10:16.068+0000][gc,phases     ] GC(868)   Pre Evacuate Collection Set: 0.0ms
[2023-11-18T08:10:16.068+0000][gc,phases     ] GC(868)   Evacuate Collection Set: 14.9ms
[2023-11-18T08:10:16.068+0000][gc,phases     ] GC(868)   Post Evacuate Collection Set: 0.3ms
[2023-11-18T08:10:16.068+0000][gc,phases     ] GC(868)   Other: 0.2ms
[2023-11-18T08:10:16.068+0000][gc,heap       ] GC(868) Eden regions: 23->0(25)
[2023-11-18T08:10:16.068+0000][gc,heap       ] GC(868) Survivor regions: 4->2(4)
[2023-11-18T08:10:16.068+0000][gc,heap       ] GC(868) Old regions: 210->213
[2023-11-18T08:10:16.068+0000][gc,heap       ] GC(868) Humongous regions: 147->147
[2023-11-18T08:10:16.068+0000][gc,metaspace  ] GC(868) Metaspace: 44853K(47512K)->44853K(47512K) NonClass: 39586K(40960K)->39586K(40960K) Class: 5266K(6552K)->5266K(6552K)
[2023-11-18T08:10:16.068+0000][gc            ] GC(868) Pause Young (Normal) (G1 Evacuation Pause) 382M->360M(512M) 15.475ms
[2023-11-18T08:10:16.068+0000][gc,cpu        ] GC(868) User=0.03s Sys=0.00s Real=0.02s
[2023-11-18T08:11:54.323+0000][gc,start      ] GC(869) Pause Young (Normal) (G1 Evacuation Pause)
[2023-11-18T08:11:54.323+0000][gc,task       ] GC(869) Using 2 workers of 2 for evacuation
[2023-11-18T08:11:54.338+0000][gc,phases     ] GC(869)   Pre Evacuate Collection Set: 0.0ms
[2023-11-18T08:11:54.338+0000][gc,phases     ] GC(869)   Evacuate Collection Set: 13.9ms
[2023-11-18T08:11:54.338+0000][gc,phases     ] GC(869)   Post Evacuate Collection Set: 0.3ms
[2023-11-18T08:11:54.338+0000][gc,phases     ] GC(869)   Other: 0.2ms
[2023-11-18T08:11:54.338+0000][gc,heap       ] GC(869) Eden regions: 25->0(25)
[2023-11-18T08:11:54.338+0000][gc,heap       ] GC(869) Survivor regions: 2->4(4)
[2023-11-18T08:11:54.338+0000][gc,heap       ] GC(869) Old regions: 213->214
[2023-11-18T08:11:54.338+0000][gc,heap       ] GC(869) Humongous regions: 147->147
[2023-11-18T08:11:54.338+0000][gc,metaspace  ] GC(869) Metaspace: 44853K(47512K)->44853K(47512K) NonClass: 39586K(40960K)->39586K(40960K) Class: 5266K(6552K)->5266K(6552K)
[2023-11-18T08:11:54.338+0000][gc            ] GC(869) Pause Young (Normal) (G1 Evacuation Pause) 385M->363M(512M) 14.470ms
[2023-11-18T08:11:54.338+0000][gc,cpu        ] GC(869) User=0.03s Sys=0.00s Real=0.02s
[2023-11-18T08:13:31.220+0000][gc,start      ] GC(870) Pause Young (Normal) (G1 Evacuation Pause)
[2023-11-18T08:13:31.220+0000][gc,task       ] GC(870) Using 2 workers of 2 for evacuation
[2023-11-18T08:13:31.232+0000][gc,phases     ] GC(870)   Pre Evacuate Collection Set: 0.0ms
[2023-11-18T08:13:31.232+0000][gc,phases     ] GC(870)   Evacuate Collection Set: 11.5ms
[2023-11-18T08:13:31.232+0000][gc,phases     ] GC(870)   Post Evacuate Collection Set: 0.3ms
[2023-11-18T08:13:31.232+0000][gc,phases     ] GC(870)   Other: 0.2ms
[2023-11-18T08:13:31.232+0000][gc,heap       ] GC(870) Eden regions: 25->0(27)
[2023-11-18T08:13:31.232+0000][gc,heap       ] GC(870) Survivor regions: 4->3(4)
[2023-11-18T08:13:31.232+0000][gc,heap       ] GC(870) Old regions: 214->216
[2023-11-18T08:13:31.232+0000][gc,heap       ] GC(870) Humongous regions: 147->147
[2023-11-18T08:13:31.232+0000][gc,metaspace  ] GC(870) Metaspace: 44853K(47512K)->44853K(47512K) NonClass: 39586K(40960K)->39586K(40960K) Class: 5266K(6552K)->5266K(6552K)
[2023-11-18T08:13:31.232+0000][gc            ] GC(870) Pause Young (Normal) (G1 Evacuation Pause) 388M->363M(512M) 12.106ms
[2023-11-18T08:13:31.232+0000][gc,cpu        ] GC(870) User=0.02s Sys=0.00s Real=0.01s
[2023-11-18T08:15:16.682+0000][gc,start      ] GC(871) Pause Young (Normal) (G1 Evacuation Pause)
[2023-11-18T08:15:16.682+0000][gc,task       ] GC(871) Using 2 workers of 2 for evacuation
[2023-11-18T08:15:16.698+0000][gc,phases     ] GC(871)   Pre Evacuate Collection Set: 0.0ms
[2023-11-18T08:15:16.698+0000][gc,phases     ] GC(871)   Evacuate Collection Set: 14.6ms
[2023-11-18T08:15:16.698+0000][gc,phases     ] GC(871)   Post Evacuate Collection Set: 0.6ms
[2023-11-18T08:15:16.698+0000][gc,phases     ] GC(871)   Other: 0.3ms
[2023-11-18T08:15:16.698+0000][gc,heap       ] GC(871) Eden regions: 27->0(28)
[2023-11-18T08:15:16.698+0000][gc,heap       ] GC(871) Survivor regions: 3->4(4)
[2023-11-18T08:15:16.698+0000][gc,heap       ] GC(871) Old regions: 216->218
[2023-11-18T08:15:16.698+0000][gc,heap       ] GC(871) Humongous regions: 147->147
[2023-11-18T08:15:16.698+0000][gc,metaspace  ] GC(871) Metaspace: 44853K(47512K)->44853K(47512K) NonClass: 39586K(40960K)->39586K(40960K) Class: 5266K(6552K)->5266K(6552K)
[2023-11-18T08:15:16.698+0000][gc            ] GC(871) Pause Young (Normal) (G1 Evacuation Pause) 390M->366M(512M) 15.574ms
[2023-11-18T08:15:16.698+0000][gc,cpu        ] GC(871) User=0.03s Sys=0.00s Real=0.02s
[2023-11-18T08:16:58.367+0000][gc,start      ] GC(872) Pause Young (Normal) (G1 Evacuation Pause)
[2023-11-18T08:16:58.367+0000][gc,task       ] GC(872) Using 2 workers of 2 for evacuation
[2023-11-18T08:16:58.380+0000][gc,phases     ] GC(872)   Pre Evacuate Collection Set: 0.0ms
[2023-11-18T08:16:58.380+0000][gc,phases     ] GC(872)   Evacuate Collection Set: 13.3ms
[2023-11-18T08:16:58.380+0000][gc,phases     ] GC(872)   Post Evacuate Collection Set: 0.3ms
[2023-11-18T08:16:58.381+0000][gc,phases     ] GC(872)   Other: 0.3ms
[2023-11-18T08:16:58.381+0000][gc,heap       ] GC(872) Eden regions: 26->0(29)
[2023-11-18T08:16:58.381+0000][gc,heap       ] GC(872) Survivor regions: 4->3(4)
[2023-11-18T08:16:58.381+0000][gc,heap       ] GC(872) Old regions: 218->219
[2023-11-18T08:16:58.381+0000][gc,heap       ] GC(872) Humongous regions: 147->147
[2023-11-18T08:16:58.381+0000][gc,metaspace  ] GC(872) Metaspace: 44853K(47512K)->44853K(47512K) NonClass: 39586K(40960K)->39586K(40960K) Class: 5266K(6552K)->5266K(6552K)
[2023-11-18T08:16:58.381+0000][gc            ] GC(872) Pause Young (Normal) (G1 Evacuation Pause) 392M->367M(512M) 14.022ms
[2023-11-18T08:16:58.381+0000][gc,cpu        ] GC(872) User=0.02s Sys=0.00s Real=0.01s
[2023-11-18T08:18:39.127+0000][gc,start      ] GC(873) Pause Young (Normal) (G1 Evacuation Pause)
[2023-11-18T08:18:39.127+0000][gc,task       ] GC(873) Using 2 workers of 2 for evacuation
[2023-11-18T08:18:39.139+0000][gc,phases     ] GC(873)   Pre Evacuate Collection Set: 0.0ms
[2023-11-18T08:18:39.139+0000][gc,phases     ] GC(873)   Evacuate Collection Set: 10.7ms
[2023-11-18T08:18:39.139+0000][gc,phases     ] GC(873)   Post Evacuate Collection Set: 0.3ms
[2023-11-18T08:18:39.139+0000][gc,phases     ] GC(873)   Other: 0.3ms
[2023-11-18T08:18:39.139+0000][gc,heap       ] GC(873) Eden regions: 26->0(32)
[2023-11-18T08:18:39.139+0000][gc,heap       ] GC(873) Survivor regions: 3->2(4)
[2023-11-18T08:18:39.139+0000][gc,heap       ] GC(873) Old regions: 219->221
[2023-11-18T08:18:39.139+0000][gc,heap       ] GC(873) Humongous regions: 147->147
[2023-11-18T08:18:39.139+0000][gc,metaspace  ] GC(873) Metaspace: 44853K(47512K)->44853K(47512K) NonClass: 39586K(40960K)->39586K(40960K) Class: 5266K(6552K)->5266K(6552K)
[2023-11-18T08:18:39.139+0000][gc            ] GC(873) Pause Young (Normal) (G1 Evacuation Pause) 393M->367M(512M) 11.421ms
[2023-11-18T08:18:39.139+0000][gc,cpu        ] GC(873) User=0.02s Sys=0.00s Real=0.01s
[2023-11-18T08:20:32.744+0000][gc,start      ] GC(874) Pause Young (Normal) (G1 Evacuation Pause)
[2023-11-18T08:20:32.744+0000][gc,task       ] GC(874) Using 2 workers of 2 for evacuation
[2023-11-18T08:20:32.757+0000][gc,phases     ] GC(874)   Pre Evacuate Collection Set: 0.0ms
[2023-11-18T08:20:32.757+0000][gc,phases     ] GC(874)   Evacuate Collection Set: 13.0ms
[2023-11-18T08:20:32.757+0000][gc,phases     ] GC(874)   Post Evacuate Collection Set: 0.3ms
[2023-11-18T08:20:32.757+0000][gc,phases     ] GC(874)   Other: 0.2ms
[2023-11-18T08:20:32.757+0000][gc,heap       ] GC(874) Eden regions: 29->0(32)
[2023-11-18T08:20:32.757+0000][gc,heap       ] GC(874) Survivor regions: 2->4(4)
[2023-11-18T08:20:32.757+0000][gc,heap       ] GC(874) Old regions: 221->221
[2023-11-18T08:20:32.757+0000][gc,heap       ] GC(874) Humongous regions: 147->147
[2023-11-18T08:20:32.757+0000][gc,metaspace  ] GC(874) Metaspace: 44853K(47512K)->44853K(47512K) NonClass: 39586K(40960K)->39586K(40960K) Class: 5266K(6552K)->5266K(6552K)
[2023-11-18T08:20:32.757+0000][gc            ] GC(874) Pause Young (Normal) (G1 Evacuation Pause) 396M->370M(512M) 13.625ms
[2023-11-18T08:20:32.757+0000][gc,cpu        ] GC(874) User=0.03s Sys=0.00s Real=0.02s
[2023-11-18T08:22:38.468+0000][gc,start      ] GC(875) Pause Young (Normal) (G1 Evacuation Pause)
[2023-11-18T08:22:38.468+0000][gc,task       ] GC(875) Using 2 workers of 2 for evacuation
[2023-11-18T08:22:38.481+0000][gc,phases     ] GC(875)   Pre Evacuate Collection Set: 0.0ms
[2023-11-18T08:22:38.482+0000][gc,phases     ] GC(875)   Evacuate Collection Set: 12.6ms
[2023-11-18T08:22:38.482+0000][gc,phases     ] GC(875)   Post Evacuate Collection Set: 0.3ms
[2023-11-18T08:22:38.483+0000][gc,phases     ] GC(875)   Other: 0.2ms
[2023-11-18T08:22:38.483+0000][gc,heap       ] GC(875) Eden regions: 32->0(33)
[2023-11-18T08:22:38.483+0000][gc,heap       ] GC(875) Survivor regions: 4->4(5)
[2023-11-18T08:22:38.483+0000][gc,heap       ] GC(875) Old regions: 221->223
[2023-11-18T08:22:38.483+0000][gc,heap       ] GC(875) Humongous regions: 147->147
[2023-11-18T08:22:38.483+0000][gc,metaspace  ] GC(875) Metaspace: 44853K(47512K)->44853K(47512K) NonClass: 39586K(40960K)->39586K(40960K) Class: 5266K(6552K)->5266K(6552K)
[2023-11-18T08:22:38.483+0000][gc            ] GC(875) Pause Young (Normal) (G1 Evacuation Pause) 402M->371M(512M) 14.464ms
[2023-11-18T08:22:38.483+0000][gc,cpu        ] GC(875) User=0.03s Sys=0.00s Real=0.01s
[2023-11-18T08:24:43.244+0000][gc,start      ] GC(876) Pause Young (Normal) (G1 Evacuation Pause)
[2023-11-18T08:24:43.244+0000][gc,task       ] GC(876) Using 2 workers of 2 for evacuation
[2023-11-18T08:24:43.257+0000][gc,phases     ] GC(876)   Pre Evacuate Collection Set: 0.0ms
[2023-11-18T08:24:43.257+0000][gc,phases     ] GC(876)   Evacuate Collection Set: 12.3ms
[2023-11-18T08:24:43.257+0000][gc,phases     ] GC(876)   Post Evacuate Collection Set: 0.3ms
[2023-11-18T08:24:43.257+0000][gc,phases     ] GC(876)   Other: 0.3ms
[2023-11-18T08:24:43.257+0000][gc,heap       ] GC(876) Eden regions: 32->0(35)
[2023-11-18T08:24:43.257+0000][gc,heap       ] GC(876) Survivor regions: 4->3(5)
[2023-11-18T08:24:43.257+0000][gc,heap       ] GC(876) Old regions: 223->224
[2023-11-18T08:24:43.257+0000][gc,heap       ] GC(876) Humongous regions: 147->147
[2023-11-18T08:24:43.257+0000][gc,metaspace  ] GC(876) Metaspace: 44853K(47512K)->44853K(47512K) NonClass: 39586K(40960K)->39586K(40960K) Class: 5266K(6552K)->5266K(6552K)
[2023-11-18T08:24:43.257+0000][gc            ] GC(876) Pause Young (Normal) (G1 Evacuation Pause) 403M->372M(512M) 13.017ms
[2023-11-18T08:24:43.257+0000][gc,cpu        ] GC(876) User=0.02s Sys=0.00s Real=0.02s
[2023-11-18T08:27:00.935+0000][gc,start      ] GC(877) Pause Young (Normal) (G1 Evacuation Pause)
[2023-11-18T08:27:00.935+0000][gc,task       ] GC(877) Using 2 workers of 2 for evacuation
[2023-11-18T08:27:00.946+0000][gc,phases     ] GC(877)   Pre Evacuate Collection Set: 0.0ms
[2023-11-18T08:27:00.946+0000][gc,phases     ] GC(877)   Evacuate Collection Set: 10.6ms
[2023-11-18T08:27:00.946+0000][gc,phases     ] GC(877)   Post Evacuate Collection Set: 0.3ms
[2023-11-18T08:27:00.946+0000][gc,phases     ] GC(877)   Other: 0.2ms
[2023-11-18T08:27:00.946+0000][gc,heap       ] GC(877) Eden regions: 35->0(37)
[2023-11-18T08:27:00.946+0000][gc,heap       ] GC(877) Survivor regions: 3->4(5)
[2023-11-18T08:27:00.946+0000][gc,heap       ] GC(877) Old regions: 224->224
[2023-11-18T08:27:00.946+0000][gc,heap       ] GC(877) Humongous regions: 147->147
[2023-11-18T08:27:00.947+0000][gc,metaspace  ] GC(877) Metaspace: 44853K(47512K)->44853K(47512K) NonClass: 39586K(40960K)->39586K(40960K) Class: 5266K(6552K)->5266K(6552K)
[2023-11-18T08:27:00.947+0000][gc            ] GC(877) Pause Young (Normal) (G1 Evacuation Pause) 407M->373M(512M) 11.210ms
[2023-11-18T08:27:00.947+0000][gc,cpu        ] GC(877) User=0.02s Sys=0.00s Real=0.01s
[2023-11-18T08:29:26.202+0000][gc,start      ] GC(878) Pause Young (Normal) (G1 Evacuation Pause)
[2023-11-18T08:29:26.202+0000][gc,task       ] GC(878) Using 2 workers of 2 for evacuation
[2023-11-18T08:29:26.223+0000][gc,mmu        ] GC(878) MMU target violated: 21.0ms (20.0ms/21.0ms)
[2023-11-18T08:29:26.223+0000][gc,phases     ] GC(878)   Pre Evacuate Collection Set: 0.0ms
[2023-11-18T08:29:26.223+0000][gc,phases     ] GC(878)   Evacuate Collection Set: 20.8ms
[2023-11-18T08:29:26.224+0000][gc,phases     ] GC(878)   Post Evacuate Collection Set: 0.3ms
[2023-11-18T08:29:26.224+0000][gc,phases     ] GC(878)   Other: 0.4ms
[2023-11-18T08:29:26.224+0000][gc,heap       ] GC(878) Eden regions: 37->0(33)
[2023-11-18T08:29:26.224+0000][gc,heap       ] GC(878) Survivor regions: 4->4(6)
[2023-11-18T08:29:26.224+0000][gc,heap       ] GC(878) Old regions: 224->226
[2023-11-18T08:29:26.224+0000][gc,heap       ] GC(878) Humongous regions: 147->147
[2023-11-18T08:29:26.224+0000][gc,metaspace  ] GC(878) Metaspace: 44853K(47512K)->44853K(47512K) NonClass: 39586K(40960K)->39586K(40960K) Class: 5266K(6552K)->5266K(6552K)
[2023-11-18T08:29:26.224+0000][gc            ] GC(878) Pause Young (Normal) (G1 Evacuation Pause) 410M->374M(512M) 21.846ms
[2023-11-18T08:29:26.224+0000][gc,cpu        ] GC(878) User=0.04s Sys=0.00s Real=0.02s
[2023-11-18T08:31:36.445+0000][gc,start      ] GC(879) Pause Young (Normal) (G1 Evacuation Pause)
[2023-11-18T08:31:36.445+0000][gc,task       ] GC(879) Using 2 workers of 2 for evacuation
[2023-11-18T08:31:36.466+0000][gc,mmu        ] GC(879) MMU target violated: 20.7ms (20.0ms/21.0ms)
[2023-11-18T08:31:36.466+0000][gc,phases     ] GC(879)   Pre Evacuate Collection Set: 0.0ms
[2023-11-18T08:31:36.466+0000][gc,phases     ] GC(879)   Evacuate Collection Set: 20.3ms
[2023-11-18T08:31:36.466+0000][gc,phases     ] GC(879)   Post Evacuate Collection Set: 0.3ms
[2023-11-18T08:31:36.466+0000][gc,phases     ] GC(879)   Other: 1.2ms
[2023-11-18T08:31:36.466+0000][gc,heap       ] GC(879) Eden regions: 33->0(31)
[2023-11-18T08:31:36.466+0000][gc,heap       ] GC(879) Survivor regions: 4->5(5)
[2023-11-18T08:31:36.466+0000][gc,heap       ] GC(879) Old regions: 226->228
[2023-11-18T08:31:36.466+0000][gc,heap       ] GC(879) Humongous regions: 147->147
[2023-11-18T08:31:36.466+0000][gc,metaspace  ] GC(879) Metaspace: 44853K(47512K)->44853K(47512K) NonClass: 39586K(40960K)->39586K(40960K) Class: 5266K(6552K)->5266K(6552K)
[2023-11-18T08:31:36.466+0000][gc            ] GC(879) Pause Young (Normal) (G1 Evacuation Pause) 407M->378M(512M) 20.924ms
[2023-11-18T08:31:36.466+0000][gc,cpu        ] GC(879) User=0.04s Sys=0.00s Real=0.03s
[2023-11-18T08:33:37.176+0000][gc,start      ] GC(880) Pause Young (Normal) (G1 Evacuation Pause)
[2023-11-18T08:33:37.176+0000][gc,task       ] GC(880) Using 2 workers of 2 for evacuation
[2023-11-18T08:33:37.194+0000][gc,phases     ] GC(880)   Pre Evacuate Collection Set: 0.0ms
[2023-11-18T08:33:37.194+0000][gc,phases     ] GC(880)   Evacuate Collection Set: 17.8ms
[2023-11-18T08:33:37.194+0000][gc,phases     ] GC(880)   Post Evacuate Collection Set: 0.3ms
[2023-11-18T08:33:37.194+0000][gc,phases     ] GC(880)   Other: 0.3ms
[2023-11-18T08:33:37.194+0000][gc,heap       ] GC(880) Eden regions: 31->0(31)
[2023-11-18T08:33:37.194+0000][gc,heap       ] GC(880) Survivor regions: 5->3(5)
[2023-11-18T08:33:37.194+0000][gc,heap       ] GC(880) Old regions: 228->230
[2023-11-18T08:33:37.194+0000][gc,heap       ] GC(880) Humongous regions: 147->147
[2023-11-18T08:33:37.194+0000][gc,metaspace  ] GC(880) Metaspace: 44855K(47512K)->44855K(47512K) NonClass: 39588K(40960K)->39588K(40960K) Class: 5266K(6552K)->5266K(6552K)
[2023-11-18T08:33:37.194+0000][gc            ] GC(880) Pause Young (Normal) (G1 Evacuation Pause) 409M->378M(512M) 18.453ms
[2023-11-18T08:33:37.194+0000][gc,cpu        ] GC(880) User=0.04s Sys=0.00s Real=0.02s
[2023-11-18T08:35:18.730+0000][gc,start      ] GC(881) Pause Young (Normal) (G1 Evacuation Pause)
[2023-11-18T08:35:18.730+0000][gc,task       ] GC(881) Using 2 workers of 2 for evacuation
[2023-11-18T08:35:18.743+0000][gc,phases     ] GC(881)   Pre Evacuate Collection Set: 0.0ms
[2023-11-18T08:35:18.743+0000][gc,phases     ] GC(881)   Evacuate Collection Set: 12.5ms
[2023-11-18T08:35:18.743+0000][gc,phases     ] GC(881)   Post Evacuate Collection Set: 0.4ms
[2023-11-18T08:35:18.743+0000][gc,phases     ] GC(881)   Other: 0.2ms
[2023-11-18T08:35:18.743+0000][gc,heap       ] GC(881) Eden regions: 26->0(31)
[2023-11-18T08:35:18.743+0000][gc,heap       ] GC(881) Survivor regions: 3->2(4)
[2023-11-18T08:35:18.743+0000][gc,heap       ] GC(881) Old regions: 230->232
[2023-11-18T08:35:18.743+0000][gc,heap       ] GC(881) Humongous regions: 147->147
[2023-11-18T08:35:18.743+0000][gc,metaspace  ] GC(881) Metaspace: 44855K(47512K)->44855K(47512K) NonClass: 39588K(40960K)->39588K(40960K) Class: 5266K(6552K)->5266K(6552K)
[2023-11-18T08:35:18.743+0000][gc            ] GC(881) Pause Young (Normal) (G1 Evacuation Pause) 404M->379M(512M) 13.650ms
[2023-11-18T08:35:18.743+0000][gc,cpu        ] GC(881) User=0.02s Sys=0.00s Real=0.01s
[2023-11-18T08:37:12.414+0000][gc,start      ] GC(882) Pause Young (Normal) (G1 Evacuation Pause)
[2023-11-18T08:37:12.414+0000][gc,task       ] GC(882) Using 2 workers of 2 for evacuation
[2023-11-18T08:37:12.432+0000][gc,phases     ] GC(882)   Pre Evacuate Collection Set: 0.0ms
[2023-11-18T08:37:12.432+0000][gc,phases     ] GC(882)   Evacuate Collection Set: 17.0ms
[2023-11-18T08:37:12.432+0000][gc,phases     ] GC(882)   Post Evacuate Collection Set: 0.3ms
[2023-11-18T08:37:12.432+0000][gc,phases     ] GC(882)   Other: 0.2ms
[2023-11-18T08:37:12.432+0000][gc,heap       ] GC(882) Eden regions: 29->0(30)
[2023-11-18T08:37:12.432+0000][gc,heap       ] GC(882) Survivor regions: 2->4(4)
[2023-11-18T08:37:12.432+0000][gc,heap       ] GC(882) Old regions: 232->233
[2023-11-18T08:37:12.432+0000][gc,heap       ] GC(882) Humongous regions: 147->147
[2023-11-18T08:37:12.432+0000][gc,metaspace  ] GC(882) Metaspace: 44855K(47512K)->44855K(47512K) NonClass: 39588K(40960K)->39588K(40960K) Class: 5266K(6552K)->5266K(6552K)
[2023-11-18T08:37:12.432+0000][gc            ] GC(882) Pause Young (Normal) (G1 Evacuation Pause) 408M->382M(512M) 17.559ms
[2023-11-18T08:37:12.432+0000][gc,cpu        ] GC(882) User=0.03s Sys=0.00s Real=0.01s
[2023-11-18T08:39:08.727+0000][gc,start      ] GC(883) Pause Young (Normal) (G1 Evacuation Pause)
[2023-11-18T08:39:08.727+0000][gc,task       ] GC(883) Using 2 workers of 2 for evacuation
[2023-11-18T08:39:08.740+0000][gc,phases     ] GC(883)   Pre Evacuate Collection Set: 0.0ms
[2023-11-18T08:39:08.740+0000][gc,phases     ] GC(883)   Evacuate Collection Set: 12.2ms
[2023-11-18T08:39:08.740+0000][gc,phases     ] GC(883)   Post Evacuate Collection Set: 0.3ms
[2023-11-18T08:39:08.740+0000][gc,phases     ] GC(883)   Other: 0.2ms
[2023-11-18T08:39:08.740+0000][gc,heap       ] GC(883) Eden regions: 30->0(31)
[2023-11-18T08:39:08.740+0000][gc,heap       ] GC(883) Survivor regions: 4->3(5)
[2023-11-18T08:39:08.740+0000][gc,heap       ] GC(883) Old regions: 233->234
[2023-11-18T08:39:08.740+0000][gc,heap       ] GC(883) Humongous regions: 147->147
[2023-11-18T08:39:08.740+0000][gc,metaspace  ] GC(883) Metaspace: 44855K(47512K)->44855K(47512K) NonClass: 39588K(40960K)->39588K(40960K) Class: 5266K(6552K)->5266K(6552K)
[2023-11-18T08:39:08.740+0000][gc            ] GC(883) Pause Young (Normal) (G1 Evacuation Pause) 412M->382M(512M) 12.762ms
[2023-11-18T08:39:08.740+0000][gc,cpu        ] GC(883) User=0.02s Sys=0.00s Real=0.01s
[2023-11-18T08:41:05.791+0000][gc,start      ] GC(884) Pause Young (Normal) (G1 Evacuation Pause)
[2023-11-18T08:41:05.791+0000][gc,task       ] GC(884) Using 2 workers of 2 for evacuation
[2023-11-18T08:41:05.805+0000][gc,phases     ] GC(884)   Pre Evacuate Collection Set: 0.0ms
[2023-11-18T08:41:05.805+0000][gc,phases     ] GC(884)   Evacuate Collection Set: 13.1ms
[2023-11-18T08:41:05.805+0000][gc,phases     ] GC(884)   Post Evacuate Collection Set: 0.3ms
[2023-11-18T08:41:05.805+0000][gc,phases     ] GC(884)   Other: 0.2ms
[2023-11-18T08:41:05.805+0000][gc,heap       ] GC(884) Eden regions: 30->0(32)
[2023-11-18T08:41:05.805+0000][gc,heap       ] GC(884) Survivor regions: 3->3(5)
[2023-11-18T08:41:05.805+0000][gc,heap       ] GC(884) Old regions: 234->236
[2023-11-18T08:41:05.805+0000][gc,heap       ] GC(884) Humongous regions: 147->147
[2023-11-18T08:41:05.805+0000][gc,metaspace  ] GC(884) Metaspace: 44856K(47512K)->44856K(47512K) NonClass: 39589K(40960K)->39589K(40960K) Class: 5266K(6552K)->5266K(6552K)
[2023-11-18T08:41:05.805+0000][gc            ] GC(884) Pause Young (Normal) (G1 Evacuation Pause) 412M->383M(512M) 13.805ms
[2023-11-18T08:41:05.805+0000][gc,cpu        ] GC(884) User=0.03s Sys=0.00s Real=0.01s
[2023-11-18T08:43:07.634+0000][gc,start      ] GC(885) Pause Young (Normal) (G1 Evacuation Pause)
[2023-11-18T08:43:07.634+0000][gc,task       ] GC(885) Using 2 workers of 2 for evacuation
[2023-11-18T08:43:07.650+0000][gc,phases     ] GC(885)   Pre Evacuate Collection Set: 0.0ms
[2023-11-18T08:43:07.650+0000][gc,phases     ] GC(885)   Evacuate Collection Set: 15.5ms
[2023-11-18T08:43:07.650+0000][gc,phases     ] GC(885)   Post Evacuate Collection Set: 0.4ms
[2023-11-18T08:43:07.650+0000][gc,phases     ] GC(885)   Other: 0.3ms
[2023-11-18T08:43:07.650+0000][gc,heap       ] GC(885) Eden regions: 31->0(32)
[2023-11-18T08:43:07.650+0000][gc,heap       ] GC(885) Survivor regions: 3->5(5)
[2023-11-18T08:43:07.650+0000][gc,heap       ] GC(885) Old regions: 236->236
[2023-11-18T08:43:07.650+0000][gc,heap       ] GC(885) Humongous regions: 147->147
[2023-11-18T08:43:07.650+0000][gc,metaspace  ] GC(885) Metaspace: 44856K(47512K)->44856K(47512K) NonClass: 39589K(40960K)->39589K(40960K) Class: 5266K(6552K)->5266K(6552K)
[2023-11-18T08:43:07.650+0000][gc            ] GC(885) Pause Young (Normal) (G1 Evacuation Pause) 414M->386M(512M) 16.282ms
[2023-11-18T08:43:07.650+0000][gc,cpu        ] GC(885) User=0.03s Sys=0.00s Real=0.01s
[2023-11-18T08:45:11.853+0000][gc,start      ] GC(886) Pause Young (Normal) (G1 Evacuation Pause)
[2023-11-18T08:45:11.854+0000][gc,task       ] GC(886) Using 2 workers of 2 for evacuation
[2023-11-18T08:45:11.869+0000][gc,phases     ] GC(886)   Pre Evacuate Collection Set: 0.0ms
[2023-11-18T08:45:11.869+0000][gc,phases     ] GC(886)   Evacuate Collection Set: 14.8ms
[2023-11-18T08:45:11.869+0000][gc,phases     ] GC(886)   Post Evacuate Collection Set: 0.3ms
[2023-11-18T08:45:11.869+0000][gc,phases     ] GC(886)   Other: 0.2ms
[2023-11-18T08:45:11.869+0000][gc,heap       ] GC(886) Eden regions: 32->0(33)
[2023-11-18T08:45:11.869+0000][gc,heap       ] GC(886) Survivor regions: 5->4(5)
[2023-11-18T08:45:11.869+0000][gc,heap       ] GC(886) Old regions: 236->239
[2023-11-18T08:45:11.869+0000][gc,heap       ] GC(886) Humongous regions: 147->147
[2023-11-18T08:45:11.869+0000][gc,metaspace  ] GC(886) Metaspace: 44856K(47512K)->44856K(47512K) NonClass: 39589K(40960K)->39589K(40960K) Class: 5266K(6552K)->5266K(6552K)
[2023-11-18T08:45:11.869+0000][gc            ] GC(886) Pause Young (Normal) (G1 Evacuation Pause) 418M->387M(512M) 15.402ms
[2023-11-18T08:45:11.869+0000][gc,cpu        ] GC(886) User=0.02s Sys=0.00s Real=0.01s
[2023-11-18T08:47:22.070+0000][gc,start      ] GC(887) Pause Young (Normal) (G1 Evacuation Pause)
[2023-11-18T08:47:22.070+0000][gc,task       ] GC(887) Using 2 workers of 2 for evacuation
[2023-11-18T08:47:22.087+0000][gc,phases     ] GC(887)   Pre Evacuate Collection Set: 0.0ms
[2023-11-18T08:47:22.087+0000][gc,phases     ] GC(887)   Evacuate Collection Set: 16.4ms
[2023-11-18T08:47:22.087+0000][gc,phases     ] GC(887)   Post Evacuate Collection Set: 0.3ms
[2023-11-18T08:47:22.087+0000][gc,phases     ] GC(887)   Other: 0.2ms
[2023-11-18T08:47:22.087+0000][gc,heap       ] GC(887) Eden regions: 33->0(33)
[2023-11-18T08:47:22.087+0000][gc,heap       ] GC(887) Survivor regions: 4->3(5)
[2023-11-18T08:47:22.087+0000][gc,heap       ] GC(887) Old regions: 239->240
[2023-11-18T08:47:22.087+0000][gc,heap       ] GC(887) Humongous regions: 147->147
[2023-11-18T08:47:22.087+0000][gc,metaspace  ] GC(887) Metaspace: 44856K(47512K)->44856K(47512K) NonClass: 39589K(40960K)->39589K(40960K) Class: 5266K(6552K)->5266K(6552K)
[2023-11-18T08:47:22.087+0000][gc            ] GC(887) Pause Young (Normal) (G1 Evacuation Pause) 420M->388M(512M) 16.948ms
[2023-11-18T08:47:22.087+0000][gc,cpu        ] GC(887) User=0.03s Sys=0.00s Real=0.02s
[2023-11-18T08:49:22.798+0000][gc,start      ] GC(888) Pause Young (Normal) (G1 Evacuation Pause)
[2023-11-18T08:49:22.798+0000][gc,task       ] GC(888) Using 2 workers of 2 for evacuation
[2023-11-18T08:49:22.814+0000][gc,phases     ] GC(888)   Pre Evacuate Collection Set: 0.0ms
[2023-11-18T08:49:22.814+0000][gc,phases     ] GC(888)   Evacuate Collection Set: 15.5ms
[2023-11-18T08:49:22.814+0000][gc,phases     ] GC(888)   Post Evacuate Collection Set: 0.4ms
[2023-11-18T08:49:22.814+0000][gc,phases     ] GC(888)   Other: 0.4ms
[2023-11-18T08:49:22.814+0000][gc,heap       ] GC(888) Eden regions: 31->0(33)
[2023-11-18T08:49:22.814+0000][gc,heap       ] GC(888) Survivor regions: 3->3(5)
[2023-11-18T08:49:22.814+0000][gc,heap       ] GC(888) Old regions: 240->242
[2023-11-18T08:49:22.814+0000][gc,heap       ] GC(888) Humongous regions: 147->147
[2023-11-18T08:49:22.814+0000][gc,metaspace  ] GC(888) Metaspace: 44856K(47512K)->44856K(47512K) NonClass: 39589K(40960K)->39589K(40960K) Class: 5266K(6552K)->5266K(6552K)
[2023-11-18T08:49:22.814+0000][gc            ] GC(888) Pause Young (Normal) (G1 Evacuation Pause) 419M->389M(512M) 16.360ms
[2023-11-18T08:49:22.814+0000][gc,cpu        ] GC(888) User=0.03s Sys=0.00s Real=0.02s
[2023-11-18T08:51:24.815+0000][gc,start      ] GC(889) Pause Young (Normal) (G1 Evacuation Pause)
[2023-11-18T08:51:24.815+0000][gc,task       ] GC(889) Using 2 workers of 2 for evacuation
[2023-11-18T08:51:24.837+0000][gc,mmu        ] GC(889) MMU target violated: 21.0ms (20.0ms/21.0ms)
[2023-11-18T08:51:24.837+0000][gc,phases     ] GC(889)   Pre Evacuate Collection Set: 0.0ms
[2023-11-18T08:51:24.837+0000][gc,phases     ] GC(889)   Evacuate Collection Set: 21.4ms
[2023-11-18T08:51:24.837+0000][gc,phases     ] GC(889)   Post Evacuate Collection Set: 0.3ms
[2023-11-18T08:51:24.838+0000][gc,phases     ] GC(889)   Other: 0.4ms
[2023-11-18T08:51:24.838+0000][gc,heap       ] GC(889) Eden regions: 31->0(30)
[2023-11-18T08:51:24.838+0000][gc,heap       ] GC(889) Survivor regions: 3->5(5)
[2023-11-18T08:51:24.838+0000][gc,heap       ] GC(889) Old regions: 242->242
[2023-11-18T08:51:24.838+0000][gc,heap       ] GC(889) Humongous regions: 147->147
[2023-11-18T08:51:24.838+0000][gc,metaspace  ] GC(889) Metaspace: 44856K(47512K)->44856K(47512K) NonClass: 39589K(40960K)->39589K(40960K) Class: 5266K(6552K)->5266K(6552K)
[2023-11-18T08:51:24.838+0000][gc            ] GC(889) Pause Young (Normal) (G1 Evacuation Pause) 420M->392M(512M) 22.210ms
[2023-11-18T08:51:24.838+0000][gc,cpu        ] GC(889) User=0.04s Sys=0.01s Real=0.02s
[2023-11-18T08:53:22.223+0000][gc,start      ] GC(890) Pause Young (Normal) (G1 Evacuation Pause)
[2023-11-18T08:53:22.223+0000][gc,task       ] GC(890) Using 2 workers of 2 for evacuation
[2023-11-18T08:53:22.243+0000][gc,phases     ] GC(890)   Pre Evacuate Collection Set: 0.0ms
[2023-11-18T08:53:22.243+0000][gc,phases     ] GC(890)   Evacuate Collection Set: 19.1ms
[2023-11-18T08:53:22.243+0000][gc,phases     ] GC(890)   Post Evacuate Collection Set: 0.3ms
[2023-11-18T08:53:22.243+0000][gc,phases     ] GC(890)   Other: 0.6ms
[2023-11-18T08:53:22.243+0000][gc,heap       ] GC(890) Eden regions: 30->0(31)
[2023-11-18T08:53:22.243+0000][gc,heap       ] GC(890) Survivor regions: 5->4(5)
[2023-11-18T08:53:22.243+0000][gc,heap       ] GC(890) Old regions: 242->245
[2023-11-18T08:53:22.243+0000][gc,heap       ] GC(890) Humongous regions: 147->147
[2023-11-18T08:53:22.243+0000][gc,metaspace  ] GC(890) Metaspace: 44856K(47512K)->44856K(47512K) NonClass: 39589K(40960K)->39589K(40960K) Class: 5266K(6552K)->5266K(6552K)
[2023-11-18T08:53:22.244+0000][gc            ] GC(890) Pause Young (Normal) (G1 Evacuation Pause) 422M->393M(512M) 20.285ms
[2023-11-18T08:53:22.244+0000][gc,cpu        ] GC(890) User=0.03s Sys=0.01s Real=0.02s
[2023-11-18T08:55:03.416+0000][gc,start      ] GC(891) Pause Young (Normal) (G1 Evacuation Pause)
[2023-11-18T08:55:03.416+0000][gc,task       ] GC(891) Using 2 workers of 2 for evacuation
[2023-11-18T08:55:03.427+0000][gc,phases     ] GC(891)   Pre Evacuate Collection Set: 0.0ms
[2023-11-18T08:55:03.428+0000][gc,phases     ] GC(891)   Evacuate Collection Set: 11.3ms
[2023-11-18T08:55:03.428+0000][gc,phases     ] GC(891)   Post Evacuate Collection Set: 0.3ms
[2023-11-18T08:55:03.428+0000][gc,phases     ] GC(891)   Other: 0.2ms
[2023-11-18T08:55:03.428+0000][gc,heap       ] GC(891) Eden regions: 26->0(32)
[2023-11-18T08:55:03.428+0000][gc,heap       ] GC(891) Survivor regions: 4->2(4)
[2023-11-18T08:55:03.428+0000][gc,heap       ] GC(891) Old regions: 245->246
[2023-11-18T08:55:03.428+0000][gc,heap       ] GC(891) Humongous regions: 147->147
[2023-11-18T08:55:03.428+0000][gc,metaspace  ] GC(891) Metaspace: 44856K(47512K)->44856K(47512K) NonClass: 39589K(40960K)->39589K(40960K) Class: 5266K(6552K)->5266K(6552K)
[2023-11-18T08:55:03.428+0000][gc            ] GC(891) Pause Young (Normal) (G1 Evacuation Pause) 419M->393M(512M) 11.909ms
[2023-11-18T08:55:03.428+0000][gc,cpu        ] GC(891) User=0.02s Sys=0.00s Real=0.01s
[2023-11-18T08:56:57.319+0000][gc,start      ] GC(892) Pause Young (Normal) (G1 Evacuation Pause)
[2023-11-18T08:56:57.319+0000][gc,task       ] GC(892) Using 2 workers of 2 for evacuation
[2023-11-18T08:56:57.333+0000][gc,phases     ] GC(892)   Pre Evacuate Collection Set: 0.0ms
[2023-11-18T08:56:57.333+0000][gc,phases     ] GC(892)   Evacuate Collection Set: 13.9ms
[2023-11-18T08:56:57.333+0000][gc,phases     ] GC(892)   Post Evacuate Collection Set: 0.3ms
[2023-11-18T08:56:57.333+0000][gc,phases     ] GC(892)   Other: 0.2ms
[2023-11-18T08:56:57.333+0000][gc,heap       ] GC(892) Eden regions: 29->0(31)
[2023-11-18T08:56:57.333+0000][gc,heap       ] GC(892) Survivor regions: 2->4(4)
[2023-11-18T08:56:57.333+0000][gc,heap       ] GC(892) Old regions: 246->247
[2023-11-18T08:56:57.333+0000][gc,heap       ] GC(892) Humongous regions: 147->147
[2023-11-18T08:56:57.333+0000][gc,metaspace  ] GC(892) Metaspace: 44856K(47512K)->44856K(47512K) NonClass: 39589K(40960K)->39589K(40960K) Class: 5266K(6552K)->5266K(6552K)
[2023-11-18T08:56:57.334+0000][gc            ] GC(892) Pause Young (Normal) (G1 Evacuation Pause) 422M->396M(512M) 14.551ms
[2023-11-18T08:56:57.334+0000][gc,cpu        ] GC(892) User=0.03s Sys=0.00s Real=0.02s
[2023-11-18T08:58:57.333+0000][gc,start      ] GC(893) Pause Young (Normal) (G1 Evacuation Pause)
[2023-11-18T08:58:57.333+0000][gc,task       ] GC(893) Using 2 workers of 2 for evacuation
[2023-11-18T08:58:57.347+0000][gc,phases     ] GC(893)   Pre Evacuate Collection Set: 0.0ms
[2023-11-18T08:58:57.347+0000][gc,phases     ] GC(893)   Evacuate Collection Set: 13.9ms
[2023-11-18T08:58:57.347+0000][gc,phases     ] GC(893)   Post Evacuate Collection Set: 0.3ms
[2023-11-18T08:58:57.347+0000][gc,phases     ] GC(893)   Other: 0.2ms
[2023-11-18T08:58:57.347+0000][gc,heap       ] GC(893) Eden regions: 31->0(32)
[2023-11-18T08:58:57.347+0000][gc,heap       ] GC(893) Survivor regions: 4->4(5)
[2023-11-18T08:58:57.347+0000][gc,heap       ] GC(893) Old regions: 247->249
[2023-11-18T08:58:57.347+0000][gc,heap       ] GC(893) Humongous regions: 147->147
[2023-11-18T08:58:57.347+0000][gc,metaspace  ] GC(893) Metaspace: 44856K(47512K)->44856K(47512K) NonClass: 39589K(40960K)->39589K(40960K) Class: 5266K(6552K)->5266K(6552K)
[2023-11-18T08:58:57.347+0000][gc            ] GC(893) Pause Young (Normal) (G1 Evacuation Pause) 427M->397M(512M) 14.550ms
[2023-11-18T08:58:57.347+0000][gc,cpu        ] GC(893) User=0.03s Sys=0.00s Real=0.02s
[2023-11-18T09:01:03.057+0000][gc,start      ] GC(894) Pause Young (Normal) (G1 Evacuation Pause)
[2023-11-18T09:01:03.057+0000][gc,task       ] GC(894) Using 2 workers of 2 for evacuation
[2023-11-18T09:01:03.074+0000][gc,phases     ] GC(894)   Pre Evacuate Collection Set: 0.0ms
[2023-11-18T09:01:03.074+0000][gc,phases     ] GC(894)   Evacuate Collection Set: 15.6ms
[2023-11-18T09:01:03.074+0000][gc,phases     ] GC(894)   Post Evacuate Collection Set: 0.3ms
[2023-11-18T09:01:03.074+0000][gc,phases     ] GC(894)   Other: 0.3ms
[2023-11-18T09:01:03.074+0000][gc,heap       ] GC(894) Eden regions: 32->0(32)
[2023-11-18T09:01:03.074+0000][gc,heap       ] GC(894) Survivor regions: 4->3(5)
[2023-11-18T09:01:03.074+0000][gc,heap       ] GC(894) Old regions: 249->250
[2023-11-18T09:01:03.074+0000][gc,heap       ] GC(894) Humongous regions: 147->147
[2023-11-18T09:01:03.074+0000][gc,metaspace  ] GC(894) Metaspace: 44856K(47512K)->44856K(47512K) NonClass: 39589K(40960K)->39589K(40960K) Class: 5266K(6552K)->5266K(6552K)
[2023-11-18T09:01:03.074+0000][gc            ] GC(894) Pause Young (Normal) (G1 Evacuation Pause) 429M->398M(512M) 16.266ms
[2023-11-18T09:01:03.074+0000][gc,cpu        ] GC(894) User=0.02s Sys=0.00s Real=0.02s
[2023-11-18T09:03:00.806+0000][gc,start      ] GC(895) Pause Young (Concurrent Start) (G1 Evacuation Pause)
[2023-11-18T09:03:00.806+0000][gc,task       ] GC(895) Using 2 workers of 2 for evacuation
[2023-11-18T09:03:00.822+0000][gc,phases     ] GC(895)   Pre Evacuate Collection Set: 0.2ms
[2023-11-18T09:03:00.822+0000][gc,phases     ] GC(895)   Evacuate Collection Set: 14.6ms
[2023-11-18T09:03:00.822+0000][gc,phases     ] GC(895)   Post Evacuate Collection Set: 0.5ms
[2023-11-18T09:03:00.822+0000][gc,phases     ] GC(895)   Other: 0.8ms
[2023-11-18T09:03:00.822+0000][gc,heap       ] GC(895) Eden regions: 30->0(31)
[2023-11-18T09:03:00.822+0000][gc,heap       ] GC(895) Survivor regions: 3->3(5)
[2023-11-18T09:03:00.822+0000][gc,heap       ] GC(895) Old regions: 250->250
[2023-11-18T09:03:00.822+0000][gc,heap       ] GC(895) Humongous regions: 147->147
[2023-11-18T09:03:00.822+0000][gc,metaspace  ] GC(895) Metaspace: 44856K(47512K)->44856K(47512K) NonClass: 39589K(40960K)->39589K(40960K) Class: 5266K(6552K)->5266K(6552K)
[2023-11-18T09:03:00.822+0000][gc            ] GC(895) Pause Young (Concurrent Start) (G1 Evacuation Pause) 428M->398M(512M) 16.183ms
[2023-11-18T09:03:00.822+0000][gc,cpu        ] GC(895) User=0.03s Sys=0.00s Real=0.01s
[2023-11-18T09:03:00.822+0000][gc            ] GC(896) Concurrent Cycle
[2023-11-18T09:03:00.822+0000][gc,marking    ] GC(896) Concurrent Clear Claimed Marks
[2023-11-18T09:03:00.822+0000][gc,marking    ] GC(896) Concurrent Clear Claimed Marks 0.208ms
[2023-11-18T09:03:00.822+0000][gc,marking    ] GC(896) Concurrent Scan Root Regions
[2023-11-18T09:03:00.828+0000][gc,marking    ] GC(896) Concurrent Scan Root Regions 6.150ms
[2023-11-18T09:03:00.829+0000][gc,marking    ] GC(896) Concurrent Mark (93330.861s)
[2023-11-18T09:03:00.829+0000][gc,marking    ] GC(896) Concurrent Mark From Roots
[2023-11-18T09:03:00.829+0000][gc,task       ] GC(896) Using 1 workers of 1 for marking
[2023-11-18T09:03:00.871+0000][gc,marking    ] GC(896) Concurrent Mark From Roots 42.518ms
[2023-11-18T09:03:00.871+0000][gc,marking    ] GC(896) Concurrent Preclean
[2023-11-18T09:03:00.871+0000][gc,marking    ] GC(896) Concurrent Preclean 0.238ms
[2023-11-18T09:03:00.871+0000][gc,marking    ] GC(896) Concurrent Mark (93330.861s, 93330.904s) 42.813ms
[2023-11-18T09:03:00.872+0000][gc,start      ] GC(896) Pause Remark
[2023-11-18T09:03:00.890+0000][gc,stringtable] GC(896) Cleaned string and symbol table, strings: 13083 processed, 6 removed, symbols: 93086 processed, 0 removed
[2023-11-18T09:03:00.891+0000][gc            ] GC(896) Pause Remark 398M->264M(512M) 19.173ms
[2023-11-18T09:03:00.891+0000][gc,cpu        ] GC(896) User=0.04s Sys=0.00s Real=0.02s
[2023-11-18T09:03:00.891+0000][gc,marking    ] GC(896) Concurrent Rebuild Remembered Sets
[2023-11-18T09:03:00.916+0000][gc,marking    ] GC(896) Concurrent Rebuild Remembered Sets 25.658ms
[2023-11-18T09:03:00.917+0000][gc,start      ] GC(896) Pause Cleanup
[2023-11-18T09:03:00.917+0000][gc            ] GC(896) Pause Cleanup 264M->264M(512M) 0.177ms
[2023-11-18T09:03:00.917+0000][gc,cpu        ] GC(896) User=0.01s Sys=0.00s Real=0.00s
[2023-11-18T09:03:00.917+0000][gc,marking    ] GC(896) Concurrent Cleanup for Next Mark
[2023-11-18T09:03:00.919+0000][gc,marking    ] GC(896) Concurrent Cleanup for Next Mark 1.652ms
[2023-11-18T09:03:00.919+0000][gc            ] GC(896) Concurrent Cycle 96.515ms
[2023-11-18T09:04:50.013+0000][gc,start      ] GC(897) Pause Young (Prepare Mixed) (G1 Evacuation Pause)
[2023-11-18T09:04:50.013+0000][gc,task       ] GC(897) Using 2 workers of 2 for evacuation
[2023-11-18T09:04:50.033+0000][gc,mmu        ] GC(897) MMU target violated: 20.5ms (20.0ms/21.0ms)
[2023-11-18T09:04:50.033+0000][gc,phases     ] GC(897)   Pre Evacuate Collection Set: 0.0ms
[2023-11-18T09:04:50.033+0000][gc,phases     ] GC(897)   Evacuate Collection Set: 20.0ms
[2023-11-18T09:04:50.033+0000][gc,phases     ] GC(897)   Post Evacuate Collection Set: 0.4ms
[2023-11-18T09:04:50.033+0000][gc,phases     ] GC(897)   Other: 0.3ms
[2023-11-18T09:04:50.033+0000][gc,heap       ] GC(897) Eden regions: 28->0(21)
[2023-11-18T09:04:50.033+0000][gc,heap       ] GC(897) Survivor regions: 3->4(4)
[2023-11-18T09:04:50.033+0000][gc,heap       ] GC(897) Old regions: 116->118
[2023-11-18T09:04:50.033+0000][gc,heap       ] GC(897) Humongous regions: 147->147
[2023-11-18T09:04:50.033+0000][gc,metaspace  ] GC(897) Metaspace: 44856K(47512K)->44856K(47512K) NonClass: 39589K(40960K)->39589K(40960K) Class: 5266K(6552K)->5266K(6552K)
[2023-11-18T09:04:50.033+0000][gc            ] GC(897) Pause Young (Prepare Mixed) (G1 Evacuation Pause) 292M->267M(512M) 20.739ms
[2023-11-18T09:04:50.033+0000][gc,cpu        ] GC(897) User=0.04s Sys=0.00s Real=0.02s
[2023-11-18T09:06:10.805+0000][gc,start      ] GC(898) Pause Young (Mixed) (G1 Evacuation Pause)
[2023-11-18T09:06:10.805+0000][gc,task       ] GC(898) Using 2 workers of 2 for evacuation
[2023-11-18T09:06:10.816+0000][gc,phases     ] GC(898)   Pre Evacuate Collection Set: 0.1ms
[2023-11-18T09:06:10.816+0000][gc,phases     ] GC(898)   Evacuate Collection Set: 10.5ms
[2023-11-18T09:06:10.816+0000][gc,phases     ] GC(898)   Post Evacuate Collection Set: 0.4ms
[2023-11-18T09:06:10.816+0000][gc,phases     ] GC(898)   Other: 0.2ms
[2023-11-18T09:06:10.817+0000][gc,heap       ] GC(898) Eden regions: 21->0(23)
[2023-11-18T09:06:10.817+0000][gc,heap       ] GC(898) Survivor regions: 4->2(4)
[2023-11-18T09:06:10.817+0000][gc,heap       ] GC(898) Old regions: 118->68
[2023-11-18T09:06:10.817+0000][gc,heap       ] GC(898) Humongous regions: 147->147
[2023-11-18T09:06:10.817+0000][gc,metaspace  ] GC(898) Metaspace: 44856K(47512K)->44856K(47512K) NonClass: 39589K(40960K)->39589K(40960K) Class: 5266K(6552K)->5266K(6552K)
[2023-11-18T09:06:10.817+0000][gc            ] GC(898) Pause Young (Mixed) (G1 Evacuation Pause) 288M->215M(512M) 11.286ms
[2023-11-18T09:06:10.817+0000][gc,cpu        ] GC(898) User=0.02s Sys=0.00s Real=0.02s
[2023-11-18T09:07:36.965+0000][gc,start      ] GC(899) Pause Young (Mixed) (G1 Evacuation Pause)
[2023-11-18T09:07:36.965+0000][gc,task       ] GC(899) Using 2 workers of 2 for evacuation
[2023-11-18T09:07:36.995+0000][gc,mmu        ] GC(899) MMU target violated: 21.0ms (20.0ms/21.0ms)
[2023-11-18T09:07:36.995+0000][gc,phases     ] GC(899)   Pre Evacuate Collection Set: 0.2ms
[2023-11-18T09:07:36.995+0000][gc,phases     ] GC(899)   Evacuate Collection Set: 26.0ms
[2023-11-18T09:07:36.995+0000][gc,phases     ] GC(899)   Post Evacuate Collection Set: 4.5ms
[2023-11-18T09:07:36.996+0000][gc,phases     ] GC(899)   Other: 0.3ms
[2023-11-18T09:07:36.996+0000][gc,heap       ] GC(899) Eden regions: 23->0(21)
[2023-11-18T09:07:36.996+0000][gc,heap       ] GC(899) Survivor regions: 2->4(4)
[2023-11-18T09:07:36.996+0000][gc,heap       ] GC(899) Old regions: 68->52
[2023-11-18T09:07:36.996+0000][gc,heap       ] GC(899) Humongous regions: 147->147
[2023-11-18T09:07:36.996+0000][gc,metaspace  ] GC(899) Metaspace: 44856K(47512K)->44856K(47512K) NonClass: 39589K(40960K)->39589K(40960K) Class: 5266K(6552K)->5266K(6552K)
[2023-11-18T09:07:36.996+0000][gc            ] GC(899) Pause Young (Mixed) (G1 Evacuation Pause) 238M->201M(512M) 31.002ms
[2023-11-18T09:07:36.996+0000][gc,cpu        ] GC(899) User=0.05s Sys=0.01s Real=0.04s
[2023-11-18T09:08:39.850+0000][gc,start      ] GC(900) Pause Young (Normal) (G1 Evacuation Pause)
[2023-11-18T09:08:39.850+0000][gc,task       ] GC(900) Using 2 workers of 2 for evacuation
[2023-11-18T09:08:39.867+0000][gc,phases     ] GC(900)   Pre Evacuate Collection Set: 0.0ms
[2023-11-18T09:08:39.867+0000][gc,phases     ] GC(900)   Evacuate Collection Set: 15.9ms
[2023-11-18T09:08:39.867+0000][gc,phases     ] GC(900)   Post Evacuate Collection Set: 0.6ms
[2023-11-18T09:08:39.867+0000][gc,phases     ] GC(900)   Other: 0.2ms
[2023-11-18T09:08:39.867+0000][gc,heap       ] GC(900) Eden regions: 21->0(21)
[2023-11-18T09:08:39.867+0000][gc,heap       ] GC(900) Survivor regions: 4->4(4)
[2023-11-18T09:08:39.867+0000][gc,heap       ] GC(900) Old regions: 52->54
[2023-11-18T09:08:39.867+0000][gc,heap       ] GC(900) Humongous regions: 147->147
[2023-11-18T09:08:39.867+0000][gc,metaspace  ] GC(900) Metaspace: 44859K(47512K)->44859K(47512K) NonClass: 39592K(40960K)->39592K(40960K) Class: 5266K(6552K)->5266K(6552K)
[2023-11-18T09:08:39.867+0000][gc            ] GC(900) Pause Young (Normal) (G1 Evacuation Pause) 222M->203M(512M) 16.826ms
[2023-11-18T09:08:39.867+0000][gc,cpu        ] GC(900) User=0.03s Sys=0.00s Real=0.02s
[2023-11-18T09:10:01.582+0000][gc,start      ] GC(901) Pause Young (Normal) (G1 Evacuation Pause)
[2023-11-18T09:10:01.582+0000][gc,task       ] GC(901) Using 2 workers of 2 for evacuation
[2023-11-18T09:10:01.622+0000][gc,mmu        ] GC(901) MMU target violated: 21.0ms (20.0ms/21.0ms)
[2023-11-18T09:10:01.622+0000][gc,phases     ] GC(901)   Pre Evacuate Collection Set: 0.2ms
[2023-11-18T09:10:01.622+0000][gc,phases     ] GC(901)   Evacuate Collection Set: 37.3ms
[2023-11-18T09:10:01.622+0000][gc,phases     ] GC(901)   Post Evacuate Collection Set: 2.2ms
[2023-11-18T09:10:01.622+0000][gc,phases     ] GC(901)   Other: 0.4ms
[2023-11-18T09:10:01.622+0000][gc,heap       ] GC(901) Eden regions: 21->0(22)
[2023-11-18T09:10:01.622+0000][gc,heap       ] GC(901) Survivor regions: 4->3(4)
[2023-11-18T09:10:01.622+0000][gc,heap       ] GC(901) Old regions: 54->58
[2023-11-18T09:10:01.622+0000][gc,heap       ] GC(901) Humongous regions: 147->147
[2023-11-18T09:10:01.622+0000][gc,metaspace  ] GC(901) Metaspace: 44859K(47512K)->44859K(47512K) NonClass: 39592K(40960K)->39592K(40960K) Class: 5266K(6552K)->5266K(6552K)
[2023-11-18T09:10:01.622+0000][gc            ] GC(901) Pause Young (Normal) (G1 Evacuation Pause) 224M->206M(512M) 40.074ms
[2023-11-18T09:10:01.622+0000][gc,cpu        ] GC(901) User=0.06s Sys=0.01s Real=0.04s
[2023-11-18T09:11:26.220+0000][gc,start      ] GC(902) Pause Young (Normal) (G1 Evacuation Pause)
[2023-11-18T09:11:26.220+0000][gc,task       ] GC(902) Using 2 workers of 2 for evacuation
[2023-11-18T09:11:26.230+0000][gc,phases     ] GC(902)   Pre Evacuate Collection Set: 0.0ms
[2023-11-18T09:11:26.230+0000][gc,phases     ] GC(902)   Evacuate Collection Set: 9.5ms
[2023-11-18T09:11:26.230+0000][gc,phases     ] GC(902)   Post Evacuate Collection Set: 0.4ms
[2023-11-18T09:11:26.230+0000][gc,phases     ] GC(902)   Other: 0.2ms
[2023-11-18T09:11:26.230+0000][gc,heap       ] GC(902) Eden regions: 22->0(23)
[2023-11-18T09:11:26.230+0000][gc,heap       ] GC(902) Survivor regions: 3->2(4)
[2023-11-18T09:11:26.230+0000][gc,heap       ] GC(902) Old regions: 58->59
[2023-11-18T09:11:26.230+0000][gc,heap       ] GC(902) Humongous regions: 147->147
[2023-11-18T09:11:26.230+0000][gc,metaspace  ] GC(902) Metaspace: 44859K(47512K)->44859K(47512K) NonClass: 39592K(40960K)->39592K(40960K) Class: 5266K(6552K)->5266K(6552K)
[2023-11-18T09:11:26.230+0000][gc            ] GC(902) Pause Young (Normal) (G1 Evacuation Pause) 228M->206M(512M) 10.137ms
[2023-11-18T09:11:26.230+0000][gc,cpu        ] GC(902) User=0.02s Sys=0.00s Real=0.01s
[2023-11-18T09:12:56.220+0000][gc,start      ] GC(903) Pause Young (Normal) (G1 Evacuation Pause)
[2023-11-18T09:12:56.220+0000][gc,task       ] GC(903) Using 2 workers of 2 for evacuation
[2023-11-18T09:12:56.233+0000][gc,phases     ] GC(903)   Pre Evacuate Collection Set: 0.0ms
[2023-11-18T09:12:56.233+0000][gc,phases     ] GC(903)   Evacuate Collection Set: 13.2ms
[2023-11-18T09:12:56.234+0000][gc,phases     ] GC(903)   Post Evacuate Collection Set: 0.4ms
[2023-11-18T09:12:56.234+0000][gc,phases     ] GC(903)   Other: 0.2ms
[2023-11-18T09:12:56.234+0000][gc,heap       ] GC(903) Eden regions: 23->0(21)
[2023-11-18T09:12:56.234+0000][gc,heap       ] GC(903) Survivor regions: 2->4(4)
[2023-11-18T09:12:56.234+0000][gc,heap       ] GC(903) Old regions: 59->59
[2023-11-18T09:12:56.234+0000][gc,heap       ] GC(903) Humongous regions: 147->147
[2023-11-18T09:12:56.234+0000][gc,metaspace  ] GC(903) Metaspace: 44859K(47512K)->44859K(47512K) NonClass: 39592K(40960K)->39592K(40960K) Class: 5266K(6552K)->5266K(6552K)
[2023-11-18T09:12:56.234+0000][gc            ] GC(903) Pause Young (Normal) (G1 Evacuation Pause) 229M->208M(512M) 13.995ms
[2023-11-18T09:12:56.234+0000][gc,cpu        ] GC(903) User=0.02s Sys=0.00s Real=0.02s
[2023-11-18T09:14:17.048+0000][gc,start      ] GC(904) Pause Young (Normal) (G1 Evacuation Pause)
[2023-11-18T09:14:17.048+0000][gc,task       ] GC(904) Using 2 workers of 2 for evacuation
[2023-11-18T09:14:17.063+0000][gc,phases     ] GC(904)   Pre Evacuate Collection Set: 0.0ms
[2023-11-18T09:14:17.063+0000][gc,phases     ] GC(904)   Evacuate Collection Set: 14.5ms
[2023-11-18T09:14:17.063+0000][gc,phases     ] GC(904)   Post Evacuate Collection Set: 0.4ms
[2023-11-18T09:14:17.063+0000][gc,phases     ] GC(904)   Other: 0.3ms
[2023-11-18T09:14:17.063+0000][gc,heap       ] GC(904) Eden regions: 21->0(23)
[2023-11-18T09:14:17.063+0000][gc,heap       ] GC(904) Survivor regions: 4->2(4)
[2023-11-18T09:14:17.063+0000][gc,heap       ] GC(904) Old regions: 59->61
[2023-11-18T09:14:17.063+0000][gc,heap       ] GC(904) Humongous regions: 147->147
[2023-11-18T09:14:17.063+0000][gc,metaspace  ] GC(904) Metaspace: 44859K(47512K)->44859K(47512K) NonClass: 39592K(40960K)->39592K(40960K) Class: 5266K(6552K)->5266K(6552K)
[2023-11-18T09:14:17.063+0000][gc            ] GC(904) Pause Young (Normal) (G1 Evacuation Pause) 229M->208M(512M) 15.283ms
[2023-11-18T09:14:17.063+0000][gc,cpu        ] GC(904) User=0.02s Sys=0.01s Real=0.01s
[2023-11-18T09:15:46.721+0000][gc,start      ] GC(905) Pause Young (Normal) (G1 Evacuation Pause)
[2023-11-18T09:15:46.721+0000][gc,task       ] GC(905) Using 2 workers of 2 for evacuation
[2023-11-18T09:15:46.732+0000][gc,phases     ] GC(905)   Pre Evacuate Collection Set: 0.0ms
[2023-11-18T09:15:46.732+0000][gc,phases     ] GC(905)   Evacuate Collection Set: 10.9ms
[2023-11-18T09:15:46.732+0000][gc,phases     ] GC(905)   Post Evacuate Collection Set: 0.5ms
[2023-11-18T09:15:46.732+0000][gc,phases     ] GC(905)   Other: 0.2ms
[2023-11-18T09:15:46.732+0000][gc,heap       ] GC(905) Eden regions: 23->0(23)
[2023-11-18T09:15:46.732+0000][gc,heap       ] GC(905) Survivor regions: 2->4(4)
[2023-11-18T09:15:46.732+0000][gc,heap       ] GC(905) Old regions: 61->61
[2023-11-18T09:15:46.732+0000][gc,heap       ] GC(905) Humongous regions: 147->147
[2023-11-18T09:15:46.732+0000][gc,metaspace  ] GC(905) Metaspace: 44859K(47512K)->44859K(47512K) NonClass: 39592K(40960K)->39592K(40960K) Class: 5266K(6552K)->5266K(6552K)
[2023-11-18T09:15:46.732+0000][gc            ] GC(905) Pause Young (Normal) (G1 Evacuation Pause) 231M->210M(512M) 11.694ms
[2023-11-18T09:15:46.732+0000][gc,cpu        ] GC(905) User=0.02s Sys=0.00s Real=0.01s
[2023-11-18T09:17:16.220+0000][gc,start      ] GC(906) Pause Young (Normal) (G1 Evacuation Pause)
[2023-11-18T09:17:16.220+0000][gc,task       ] GC(906) Using 2 workers of 2 for evacuation
[2023-11-18T09:17:16.232+0000][gc,phases     ] GC(906)   Pre Evacuate Collection Set: 0.0ms
[2023-11-18T09:17:16.232+0000][gc,phases     ] GC(906)   Evacuate Collection Set: 10.9ms
[2023-11-18T09:17:16.232+0000][gc,phases     ] GC(906)   Post Evacuate Collection Set: 0.3ms
[2023-11-18T09:17:16.232+0000][gc,phases     ] GC(906)   Other: 0.7ms
[2023-11-18T09:17:16.232+0000][gc,heap       ] GC(906) Eden regions: 23->0(25)
[2023-11-18T09:17:16.232+0000][gc,heap       ] GC(906) Survivor regions: 4->2(4)
[2023-11-18T09:17:16.232+0000][gc,heap       ] GC(906) Old regions: 61->63
[2023-11-18T09:17:16.232+0000][gc,heap       ] GC(906) Humongous regions: 147->147
[2023-11-18T09:17:16.232+0000][gc,metaspace  ] GC(906) Metaspace: 44859K(47512K)->44859K(47512K) NonClass: 39592K(40960K)->39592K(40960K) Class: 5266K(6552K)->5266K(6552K)
[2023-11-18T09:17:16.232+0000][gc            ] GC(906) Pause Young (Normal) (G1 Evacuation Pause) 233M->210M(512M) 12.426ms
[2023-11-18T09:17:16.232+0000][gc,cpu        ] GC(906) User=0.03s Sys=0.00s Real=0.01s
[2023-11-18T09:18:54.056+0000][gc,start      ] GC(907) Pause Young (Normal) (G1 Evacuation Pause)
[2023-11-18T09:18:54.056+0000][gc,task       ] GC(907) Using 2 workers of 2 for evacuation
[2023-11-18T09:18:54.069+0000][gc,phases     ] GC(907)   Pre Evacuate Collection Set: 0.0ms
[2023-11-18T09:18:54.069+0000][gc,phases     ] GC(907)   Evacuate Collection Set: 11.8ms
[2023-11-18T09:18:54.069+0000][gc,phases     ] GC(907)   Post Evacuate Collection Set: 0.4ms
[2023-11-18T09:18:54.069+0000][gc,phases     ] GC(907)   Other: 0.3ms
[2023-11-18T09:18:54.069+0000][gc,heap       ] GC(907) Eden regions: 25->0(26)
[2023-11-18T09:18:54.069+0000][gc,heap       ] GC(907) Survivor regions: 2->4(4)
[2023-11-18T09:18:54.069+0000][gc,heap       ] GC(907) Old regions: 63->64
[2023-11-18T09:18:54.069+0000][gc,heap       ] GC(907) Humongous regions: 147->147
[2023-11-18T09:18:54.069+0000][gc,metaspace  ] GC(907) Metaspace: 44859K(47512K)->44859K(47512K) NonClass: 39592K(40960K)->39592K(40960K) Class: 5266K(6552K)->5266K(6552K)
[2023-11-18T09:18:54.069+0000][gc            ] GC(907) Pause Young (Normal) (G1 Evacuation Pause) 235M->212M(512M) 12.492ms
[2023-11-18T09:18:54.069+0000][gc,cpu        ] GC(907) User=0.02s Sys=0.00s Real=0.01s
[2023-11-18T09:20:34.742+0000][gc,start      ] GC(908) Pause Young (Normal) (G1 Evacuation Pause)
[2023-11-18T09:20:34.742+0000][gc,task       ] GC(908) Using 2 workers of 2 for evacuation
[2023-11-18T09:20:34.754+0000][gc,phases     ] GC(908)   Pre Evacuate Collection Set: 0.0ms
[2023-11-18T09:20:34.754+0000][gc,phases     ] GC(908)   Evacuate Collection Set: 11.7ms
[2023-11-18T09:20:34.754+0000][gc,phases     ] GC(908)   Post Evacuate Collection Set: 0.3ms
[2023-11-18T09:20:34.754+0000][gc,phases     ] GC(908)   Other: 0.2ms
[2023-11-18T09:20:34.754+0000][gc,heap       ] GC(908) Eden regions: 26->0(28)
[2023-11-18T09:20:34.754+0000][gc,heap       ] GC(908) Survivor regions: 4->3(4)
[2023-11-18T09:20:34.754+0000][gc,heap       ] GC(908) Old regions: 64->65
[2023-11-18T09:20:34.754+0000][gc,heap       ] GC(908) Humongous regions: 147->147
[2023-11-18T09:20:34.754+0000][gc,metaspace  ] GC(908) Metaspace: 44859K(47512K)->44859K(47512K) NonClass: 39592K(40960K)->39592K(40960K) Class: 5266K(6552K)->5266K(6552K)
[2023-11-18T09:20:34.754+0000][gc            ] GC(908) Pause Young (Normal) (G1 Evacuation Pause) 238M->213M(512M) 12.295ms
[2023-11-18T09:20:34.754+0000][gc,cpu        ] GC(908) User=0.02s Sys=0.00s Real=0.02s
[2023-11-18T09:22:23.891+0000][gc,start      ] GC(909) Pause Young (Normal) (G1 Evacuation Pause)
[2023-11-18T09:22:23.891+0000][gc,task       ] GC(909) Using 2 workers of 2 for evacuation
[2023-11-18T09:22:23.907+0000][gc,phases     ] GC(909)   Pre Evacuate Collection Set: 0.0ms
[2023-11-18T09:22:23.907+0000][gc,phases     ] GC(909)   Evacuate Collection Set: 10.4ms
[2023-11-18T09:22:23.907+0000][gc,phases     ] GC(909)   Post Evacuate Collection Set: 5.3ms
[2023-11-18T09:22:23.907+0000][gc,phases     ] GC(909)   Other: 0.2ms
[2023-11-18T09:22:23.907+0000][gc,heap       ] GC(909) Eden regions: 28->0(28)
[2023-11-18T09:22:23.907+0000][gc,heap       ] GC(909) Survivor regions: 3->2(4)
[2023-11-18T09:22:23.907+0000][gc,heap       ] GC(909) Old regions: 65->67
[2023-11-18T09:22:23.907+0000][gc,heap       ] GC(909) Humongous regions: 147->147
[2023-11-18T09:22:23.907+0000][gc,metaspace  ] GC(909) Metaspace: 44859K(47512K)->44859K(47512K) NonClass: 39592K(40960K)->39592K(40960K) Class: 5266K(6552K)->5266K(6552K)
[2023-11-18T09:22:23.907+0000][gc            ] GC(909) Pause Young (Normal) (G1 Evacuation Pause) 241M->213M(512M) 15.994ms
[2023-11-18T09:22:23.907+0000][gc,cpu        ] GC(909) User=0.02s Sys=0.01s Real=0.02s
[2023-11-18T09:24:12.614+0000][gc,start      ] GC(910) Pause Young (Normal) (G1 Evacuation Pause)
[2023-11-18T09:24:12.614+0000][gc,task       ] GC(910) Using 2 workers of 2 for evacuation
[2023-11-18T09:24:12.627+0000][gc,phases     ] GC(910)   Pre Evacuate Collection Set: 0.0ms
[2023-11-18T09:24:12.627+0000][gc,phases     ] GC(910)   Evacuate Collection Set: 12.3ms
[2023-11-18T09:24:12.627+0000][gc,phases     ] GC(910)   Post Evacuate Collection Set: 0.3ms
[2023-11-18T09:24:12.627+0000][gc,phases     ] GC(910)   Other: 0.2ms
[2023-11-18T09:24:12.627+0000][gc,heap       ] GC(910) Eden regions: 28->0(28)
[2023-11-18T09:24:12.627+0000][gc,heap       ] GC(910) Survivor regions: 2->4(4)
[2023-11-18T09:24:12.627+0000][gc,heap       ] GC(910) Old regions: 67->67
[2023-11-18T09:24:12.627+0000][gc,heap       ] GC(910) Humongous regions: 147->147
[2023-11-18T09:24:12.627+0000][gc,metaspace  ] GC(910) Metaspace: 44859K(47512K)->44859K(47512K) NonClass: 39592K(40960K)->39592K(40960K) Class: 5266K(6552K)->5266K(6552K)
[2023-11-18T09:24:12.627+0000][gc            ] GC(910) Pause Young (Normal) (G1 Evacuation Pause) 241M->216M(512M) 12.988ms
[2023-11-18T09:24:12.627+0000][gc,cpu        ] GC(910) User=0.02s Sys=0.00s Real=0.01s
[2023-11-18T09:26:01.788+0000][gc,start      ] GC(911) Pause Young (Normal) (G1 Evacuation Pause)
[2023-11-18T09:26:01.788+0000][gc,task       ] GC(911) Using 2 workers of 2 for evacuation
[2023-11-18T09:26:01.800+0000][gc,phases     ] GC(911)   Pre Evacuate Collection Set: 0.0ms
[2023-11-18T09:26:01.800+0000][gc,phases     ] GC(911)   Evacuate Collection Set: 11.5ms
[2023-11-18T09:26:01.800+0000][gc,phases     ] GC(911)   Post Evacuate Collection Set: 0.4ms
[2023-11-18T09:26:01.800+0000][gc,phases     ] GC(911)   Other: 0.2ms
[2023-11-18T09:26:01.800+0000][gc,heap       ] GC(911) Eden regions: 28->0(30)
[2023-11-18T09:26:01.800+0000][gc,heap       ] GC(911) Survivor regions: 4->3(4)
[2023-11-18T09:26:01.800+0000][gc,heap       ] GC(911) Old regions: 67->69
[2023-11-18T09:26:01.800+0000][gc,heap       ] GC(911) Humongous regions: 147->147
[2023-11-18T09:26:01.800+0000][gc,metaspace  ] GC(911) Metaspace: 44859K(47512K)->44859K(47512K) NonClass: 39592K(40960K)->39592K(40960K) Class: 5266K(6552K)->5266K(6552K)
[2023-11-18T09:26:01.800+0000][gc            ] GC(911) Pause Young (Normal) (G1 Evacuation Pause) 244M->217M(512M) 12.141ms
[2023-11-18T09:26:01.800+0000][gc,cpu        ] GC(911) User=0.03s Sys=0.00s Real=0.01s
[2023-11-18T09:27:54.989+0000][gc,start      ] GC(912) Pause Young (Normal) (G1 Evacuation Pause)
[2023-11-18T09:27:54.989+0000][gc,task       ] GC(912) Using 2 workers of 2 for evacuation
[2023-11-18T09:27:54.998+0000][gc,phases     ] GC(912)   Pre Evacuate Collection Set: 0.0ms
[2023-11-18T09:27:54.998+0000][gc,phases     ] GC(912)   Evacuate Collection Set: 8.7ms
[2023-11-18T09:27:54.998+0000][gc,phases     ] GC(912)   Post Evacuate Collection Set: 0.3ms
[2023-11-18T09:27:54.998+0000][gc,phases     ] GC(912)   Other: 0.2ms
[2023-11-18T09:27:54.998+0000][gc,heap       ] GC(912) Eden regions: 29->0(33)
[2023-11-18T09:27:54.998+0000][gc,heap       ] GC(912) Survivor regions: 3->2(4)
[2023-11-18T09:27:54.998+0000][gc,heap       ] GC(912) Old regions: 69->71
[2023-11-18T09:27:54.998+0000][gc,heap       ] GC(912) Humongous regions: 147->147
[2023-11-18T09:27:54.998+0000][gc,metaspace  ] GC(912) Metaspace: 44859K(47512K)->44859K(47512K) NonClass: 39592K(40960K)->39592K(40960K) Class: 5266K(6552K)->5266K(6552K)
[2023-11-18T09:27:54.998+0000][gc            ] GC(912) Pause Young (Normal) (G1 Evacuation Pause) 246M->217M(512M) 9.222ms
[2023-11-18T09:27:54.998+0000][gc,cpu        ] GC(912) User=0.02s Sys=0.00s Real=0.01s
[2023-11-18T09:30:00.706+0000][gc,start      ] GC(913) Pause Young (Normal) (G1 Evacuation Pause)
[2023-11-18T09:30:00.706+0000][gc,task       ] GC(913) Using 2 workers of 2 for evacuation
[2023-11-18T09:30:00.741+0000][gc,mmu        ] GC(913) MMU target violated: 21.0ms (20.0ms/21.0ms)
[2023-11-18T09:30:00.742+0000][gc,phases     ] GC(913)   Pre Evacuate Collection Set: 0.0ms
[2023-11-18T09:30:00.742+0000][gc,phases     ] GC(913)   Evacuate Collection Set: 29.0ms
[2023-11-18T09:30:00.742+0000][gc,phases     ] GC(913)   Post Evacuate Collection Set: 5.7ms
[2023-11-18T09:30:00.742+0000][gc,phases     ] GC(913)   Other: 0.6ms
[2023-11-18T09:30:00.742+0000][gc,heap       ] GC(913) Eden regions: 32->0(20)
[2023-11-18T09:30:00.742+0000][gc,heap       ] GC(913) Survivor regions: 2->5(5)
[2023-11-18T09:30:00.742+0000][gc,heap       ] GC(913) Old regions: 71->71
[2023-11-18T09:30:00.742+0000][gc,heap       ] GC(913) Humongous regions: 147->147
[2023-11-18T09:30:00.742+0000][gc,metaspace  ] GC(913) Metaspace: 44859K(47512K)->44859K(47512K) NonClass: 39592K(40960K)->39592K(40960K) Class: 5266K(6552K)->5266K(6552K)
[2023-11-18T09:30:00.742+0000][gc            ] GC(913) Pause Young (Normal) (G1 Evacuation Pause) 249M->220M(512M) 35.341ms
[2023-11-18T09:30:00.742+0000][gc,cpu        ] GC(913) User=0.06s Sys=0.01s Real=0.03s
[2023-11-18T09:31:17.278+0000][gc,start      ] GC(914) Pause Young (Normal) (G1 Evacuation Pause)
[2023-11-18T09:31:17.278+0000][gc,task       ] GC(914) Using 2 workers of 2 for evacuation
[2023-11-18T09:31:17.290+0000][gc,phases     ] GC(914)   Pre Evacuate Collection Set: 0.0ms
[2023-11-18T09:31:17.290+0000][gc,phases     ] GC(914)   Evacuate Collection Set: 11.8ms
[2023-11-18T09:31:17.290+0000][gc,phases     ] GC(914)   Post Evacuate Collection Set: 0.3ms
[2023-11-18T09:31:17.290+0000][gc,phases     ] GC(914)   Other: 0.2ms
[2023-11-18T09:31:17.290+0000][gc,heap       ] GC(914) Eden regions: 20->0(23)
[2023-11-18T09:31:17.290+0000][gc,heap       ] GC(914) Survivor regions: 5->2(4)
[2023-11-18T09:31:17.290+0000][gc,heap       ] GC(914) Old regions: 71->73
[2023-11-18T09:31:17.290+0000][gc,heap       ] GC(914) Humongous regions: 147->147
[2023-11-18T09:31:17.290+0000][gc,metaspace  ] GC(914) Metaspace: 44863K(47512K)->44863K(47512K) NonClass: 39596K(40960K)->39596K(40960K) Class: 5266K(6552K)->5266K(6552K)
[2023-11-18T09:31:17.290+0000][gc            ] GC(914) Pause Young (Normal) (G1 Evacuation Pause) 240M->220M(512M) 12.461ms
[2023-11-18T09:31:17.290+0000][gc,cpu        ] GC(914) User=0.02s Sys=0.00s Real=0.01s
[2023-11-18T09:32:46.914+0000][gc,start      ] GC(915) Pause Young (Normal) (G1 Evacuation Pause)
[2023-11-18T09:32:46.914+0000][gc,task       ] GC(915) Using 2 workers of 2 for evacuation
[2023-11-18T09:32:46.926+0000][gc,phases     ] GC(915)   Pre Evacuate Collection Set: 0.0ms
[2023-11-18T09:32:46.926+0000][gc,phases     ] GC(915)   Evacuate Collection Set: 10.8ms
[2023-11-18T09:32:46.926+0000][gc,phases     ] GC(915)   Post Evacuate Collection Set: 0.4ms
[2023-11-18T09:32:46.926+0000][gc,phases     ] GC(915)   Other: 0.2ms
[2023-11-18T09:32:46.926+0000][gc,heap       ] GC(915) Eden regions: 23->0(23)
[2023-11-18T09:32:46.926+0000][gc,heap       ] GC(915) Survivor regions: 2->4(4)
[2023-11-18T09:32:46.926+0000][gc,heap       ] GC(915) Old regions: 73->73
[2023-11-18T09:32:46.926+0000][gc,heap       ] GC(915) Humongous regions: 147->147
[2023-11-18T09:32:46.926+0000][gc,metaspace  ] GC(915) Metaspace: 44863K(47512K)->44863K(47512K) NonClass: 39596K(40960K)->39596K(40960K) Class: 5266K(6552K)->5266K(6552K)
[2023-11-18T09:32:46.926+0000][gc            ] GC(915) Pause Young (Normal) (G1 Evacuation Pause) 243M->222M(512M) 11.516ms
[2023-11-18T09:32:46.926+0000][gc,cpu        ] GC(915) User=0.02s Sys=0.00s Real=0.01s
[2023-11-18T09:34:15.381+0000][gc,start      ] GC(916) Pause Young (Normal) (G1 Evacuation Pause)
[2023-11-18T09:34:15.381+0000][gc,task       ] GC(916) Using 2 workers of 2 for evacuation
[2023-11-18T09:34:15.392+0000][gc,phases     ] GC(916)   Pre Evacuate Collection Set: 0.0ms
[2023-11-18T09:34:15.392+0000][gc,phases     ] GC(916)   Evacuate Collection Set: 10.5ms
[2023-11-18T09:34:15.392+0000][gc,phases     ] GC(916)   Post Evacuate Collection Set: 0.3ms
[2023-11-18T09:34:15.392+0000][gc,phases     ] GC(916)   Other: 0.2ms
[2023-11-18T09:34:15.392+0000][gc,heap       ] GC(916) Eden regions: 23->0(25)
[2023-11-18T09:34:15.392+0000][gc,heap       ] GC(916) Survivor regions: 4->2(4)
[2023-11-18T09:34:15.392+0000][gc,heap       ] GC(916) Old regions: 73->75
[2023-11-18T09:34:15.392+0000][gc,heap       ] GC(916) Humongous regions: 147->147
[2023-11-18T09:34:15.392+0000][gc,metaspace  ] GC(916) Metaspace: 44863K(47512K)->44863K(47512K) NonClass: 39596K(40960K)->39596K(40960K) Class: 5266K(6552K)->5266K(6552K)
[2023-11-18T09:34:15.392+0000][gc            ] GC(916) Pause Young (Normal) (G1 Evacuation Pause) 245M->222M(512M) 11.115ms
[2023-11-18T09:34:15.392+0000][gc,cpu        ] GC(916) User=0.03s Sys=0.00s Real=0.01s
[2023-11-18T09:35:53.345+0000][gc,start      ] GC(917) Pause Young (Normal) (G1 Evacuation Pause)
[2023-11-18T09:35:53.345+0000][gc,task       ] GC(917) Using 2 workers of 2 for evacuation
[2023-11-18T09:35:53.359+0000][gc,phases     ] GC(917)   Pre Evacuate Collection Set: 0.0ms
[2023-11-18T09:35:53.359+0000][gc,phases     ] GC(917)   Evacuate Collection Set: 13.2ms
[2023-11-18T09:35:53.359+0000][gc,phases     ] GC(917)   Post Evacuate Collection Set: 0.3ms
[2023-11-18T09:35:53.359+0000][gc,phases     ] GC(917)   Other: 0.2ms
[2023-11-18T09:35:53.359+0000][gc,heap       ] GC(917) Eden regions: 25->0(26)
[2023-11-18T09:35:53.359+0000][gc,heap       ] GC(917) Survivor regions: 2->4(4)
[2023-11-18T09:35:53.359+0000][gc,heap       ] GC(917) Old regions: 75->76
[2023-11-18T09:35:53.359+0000][gc,heap       ] GC(917) Humongous regions: 147->147
[2023-11-18T09:35:53.359+0000][gc,metaspace  ] GC(917) Metaspace: 44863K(47512K)->44863K(47512K) NonClass: 39596K(40960K)->39596K(40960K) Class: 5266K(6552K)->5266K(6552K)
[2023-11-18T09:35:53.359+0000][gc            ] GC(917) Pause Young (Normal) (G1 Evacuation Pause) 247M->225M(512M) 13.812ms
[2023-11-18T09:35:53.359+0000][gc,cpu        ] GC(917) User=0.02s Sys=0.00s Real=0.02s
[2023-11-18T09:37:34.013+0000][gc,start      ] GC(918) Pause Young (Normal) (G1 Evacuation Pause)
[2023-11-18T09:37:34.013+0000][gc,task       ] GC(918) Using 2 workers of 2 for evacuation
[2023-11-18T09:37:34.028+0000][gc,phases     ] GC(918)   Pre Evacuate Collection Set: 0.0ms
[2023-11-18T09:37:34.028+0000][gc,phases     ] GC(918)   Evacuate Collection Set: 14.1ms
[2023-11-18T09:37:34.028+0000][gc,phases     ] GC(918)   Post Evacuate Collection Set: 0.3ms
[2023-11-18T09:37:34.028+0000][gc,phases     ] GC(918)   Other: 0.2ms
[2023-11-18T09:37:34.028+0000][gc,heap       ] GC(918) Eden regions: 26->0(27)
[2023-11-18T09:37:34.028+0000][gc,heap       ] GC(918) Survivor regions: 4->3(4)
[2023-11-18T09:37:34.028+0000][gc,heap       ] GC(918) Old regions: 76->78
[2023-11-18T09:37:34.028+0000][gc,heap       ] GC(918) Humongous regions: 147->147
[2023-11-18T09:37:34.028+0000][gc,metaspace  ] GC(918) Metaspace: 44863K(47512K)->44863K(47512K) NonClass: 39596K(40960K)->39596K(40960K) Class: 5266K(6552K)->5266K(6552K)
[2023-11-18T09:37:34.028+0000][gc            ] GC(918) Pause Young (Normal) (G1 Evacuation Pause) 251M->226M(512M) 14.697ms
[2023-11-18T09:37:34.028+0000][gc,cpu        ] GC(918) User=0.03s Sys=0.00s Real=0.02s
[2023-11-18T09:39:09.935+0000][gc,start      ] GC(919) Pause Young (Normal) (G1 Evacuation Pause)
[2023-11-18T09:39:09.935+0000][gc,task       ] GC(919) Using 2 workers of 2 for evacuation
[2023-11-18T09:39:09.946+0000][gc,phases     ] GC(919)   Pre Evacuate Collection Set: 0.0ms
[2023-11-18T09:39:09.946+0000][gc,phases     ] GC(919)   Evacuate Collection Set: 11.1ms
[2023-11-18T09:39:09.946+0000][gc,phases     ] GC(919)   Post Evacuate Collection Set: 0.4ms
[2023-11-18T09:39:09.946+0000][gc,phases     ] GC(919)   Other: 0.2ms
[2023-11-18T09:39:09.946+0000][gc,heap       ] GC(919) Eden regions: 25->0(29)
[2023-11-18T09:39:09.946+0000][gc,heap       ] GC(919) Survivor regions: 3->2(4)
[2023-11-18T09:39:09.946+0000][gc,heap       ] GC(919) Old regions: 78->79
[2023-11-18T09:39:09.946+0000][gc,heap       ] GC(919) Humongous regions: 147->147
[2023-11-18T09:39:09.947+0000][gc,metaspace  ] GC(919) Metaspace: 44863K(47512K)->44863K(47512K) NonClass: 39596K(40960K)->39596K(40960K) Class: 5266K(6552K)->5266K(6552K)
[2023-11-18T09:39:09.947+0000][gc            ] GC(919) Pause Young (Normal) (G1 Evacuation Pause) 251M->225M(512M) 11.737ms
[2023-11-18T09:39:09.947+0000][gc,cpu        ] GC(919) User=0.03s Sys=0.00s Real=0.01s
[2023-11-18T09:40:55.704+0000][gc,start      ] GC(920) Pause Young (Normal) (G1 Evacuation Pause)
[2023-11-18T09:40:55.705+0000][gc,task       ] GC(920) Using 2 workers of 2 for evacuation
[2023-11-18T09:40:55.717+0000][gc,phases     ] GC(920)   Pre Evacuate Collection Set: 0.0ms
[2023-11-18T09:40:55.717+0000][gc,phases     ] GC(920)   Evacuate Collection Set: 11.5ms
[2023-11-18T09:40:55.717+0000][gc,phases     ] GC(920)   Post Evacuate Collection Set: 0.3ms
[2023-11-18T09:40:55.717+0000][gc,phases     ] GC(920)   Other: 0.3ms
[2023-11-18T09:40:55.717+0000][gc,heap       ] GC(920) Eden regions: 27->0(30)
[2023-11-18T09:40:55.717+0000][gc,heap       ] GC(920) Survivor regions: 2->4(4)
[2023-11-18T09:40:55.717+0000][gc,heap       ] GC(920) Old regions: 79->79
[2023-11-18T09:40:55.717+0000][gc,heap       ] GC(920) Humongous regions: 147->147
[2023-11-18T09:40:55.717+0000][gc,metaspace  ] GC(920) Metaspace: 44863K(47512K)->44863K(47512K) NonClass: 39596K(40960K)->39596K(40960K) Class: 5266K(6552K)->5266K(6552K)
[2023-11-18T09:40:55.717+0000][gc            ] GC(920) Pause Young (Normal) (G1 Evacuation Pause) 252M->228M(512M) 12.149ms
[2023-11-18T09:40:55.717+0000][gc,cpu        ] GC(920) User=0.02s Sys=0.00s Real=0.02s
[2023-11-18T09:42:52.811+0000][gc,start      ] GC(921) Pause Young (Normal) (G1 Evacuation Pause)
[2023-11-18T09:42:52.811+0000][gc,task       ] GC(921) Using 2 workers of 2 for evacuation
[2023-11-18T09:42:52.823+0000][gc,phases     ] GC(921)   Pre Evacuate Collection Set: 0.0ms
[2023-11-18T09:42:52.823+0000][gc,phases     ] GC(921)   Evacuate Collection Set: 12.3ms
[2023-11-18T09:42:52.823+0000][gc,phases     ] GC(921)   Post Evacuate Collection Set: 0.3ms
[2023-11-18T09:42:52.824+0000][gc,phases     ] GC(921)   Other: 0.2ms
[2023-11-18T09:42:52.824+0000][gc,heap       ] GC(921) Eden regions: 30->0(33)
[2023-11-18T09:42:52.824+0000][gc,heap       ] GC(921) Survivor regions: 4->3(5)
[2023-11-18T09:42:52.824+0000][gc,heap       ] GC(921) Old regions: 79->81
[2023-11-18T09:42:52.824+0000][gc,heap       ] GC(921) Humongous regions: 147->147
[2023-11-18T09:42:52.824+0000][gc,metaspace  ] GC(921) Metaspace: 44863K(47512K)->44863K(47512K) NonClass: 39596K(40960K)->39596K(40960K) Class: 5266K(6552K)->5266K(6552K)
[2023-11-18T09:42:52.824+0000][gc            ] GC(921) Pause Young (Normal) (G1 Evacuation Pause) 258M->229M(512M) 12.869ms
[2023-11-18T09:42:52.824+0000][gc,cpu        ] GC(921) User=0.03s Sys=0.00s Real=0.01s
[2023-11-18T09:45:01.243+0000][gc,start      ] GC(922) Pause Young (Normal) (G1 Evacuation Pause)
[2023-11-18T09:45:01.243+0000][gc,task       ] GC(922) Using 2 workers of 2 for evacuation
[2023-11-18T09:45:01.261+0000][gc,phases     ] GC(922)   Pre Evacuate Collection Set: 0.0ms
[2023-11-18T09:45:01.261+0000][gc,phases     ] GC(922)   Evacuate Collection Set: 17.6ms
[2023-11-18T09:45:01.261+0000][gc,phases     ] GC(922)   Post Evacuate Collection Set: 0.3ms
[2023-11-18T09:45:01.261+0000][gc,phases     ] GC(922)   Other: 0.2ms
[2023-11-18T09:45:01.261+0000][gc,heap       ] GC(922) Eden regions: 33->0(31)
[2023-11-18T09:45:01.261+0000][gc,heap       ] GC(922) Survivor regions: 3->4(5)
[2023-11-18T09:45:01.261+0000][gc,heap       ] GC(922) Old regions: 81->81
[2023-11-18T09:45:01.261+0000][gc,heap       ] GC(922) Humongous regions: 147->147
[2023-11-18T09:45:01.261+0000][gc,metaspace  ] GC(922) Metaspace: 44863K(47512K)->44863K(47512K) NonClass: 39596K(40960K)->39596K(40960K) Class: 5266K(6552K)->5266K(6552K)
[2023-11-18T09:45:01.261+0000][gc            ] GC(922) Pause Young (Normal) (G1 Evacuation Pause) 262M->230M(512M) 18.232ms
[2023-11-18T09:45:01.261+0000][gc,cpu        ] GC(922) User=0.03s Sys=0.01s Real=0.02s
[2023-11-18T09:47:02.941+0000][gc,start      ] GC(923) Pause Young (Normal) (G1 Evacuation Pause)
[2023-11-18T09:47:02.941+0000][gc,task       ] GC(923) Using 2 workers of 2 for evacuation
[2023-11-18T09:47:02.959+0000][gc,phases     ] GC(923)   Pre Evacuate Collection Set: 0.0ms
[2023-11-18T09:47:02.960+0000][gc,phases     ] GC(923)   Evacuate Collection Set: 18.1ms
[2023-11-18T09:47:02.960+0000][gc,phases     ] GC(923)   Post Evacuate Collection Set: 0.4ms
[2023-11-18T09:47:02.960+0000][gc,phases     ] GC(923)   Other: 0.3ms
[2023-11-18T09:47:02.960+0000][gc,heap       ] GC(923) Eden regions: 31->0(29)
[2023-11-18T09:47:02.960+0000][gc,heap       ] GC(923) Survivor regions: 4->5(5)
[2023-11-18T09:47:02.960+0000][gc,heap       ] GC(923) Old regions: 81->83
[2023-11-18T09:47:02.960+0000][gc,heap       ] GC(923) Humongous regions: 147->147
[2023-11-18T09:47:02.960+0000][gc,metaspace  ] GC(923) Metaspace: 44869K(47512K)->44869K(47512K) NonClass: 39603K(40960K)->39603K(40960K) Class: 5266K(6552K)->5266K(6552K)
[2023-11-18T09:47:02.960+0000][gc            ] GC(923) Pause Young (Normal) (G1 Evacuation Pause) 261M->233M(512M) 18.909ms
[2023-11-18T09:47:02.960+0000][gc,cpu        ] GC(923) User=0.03s Sys=0.00s Real=0.02s
[2023-11-18T09:48:46.644+0000][gc,start      ] GC(924) Pause Young (Normal) (G1 Evacuation Pause)
[2023-11-18T09:48:46.644+0000][gc,task       ] GC(924) Using 2 workers of 2 for evacuation
[2023-11-18T09:48:46.658+0000][gc,phases     ] GC(924)   Pre Evacuate Collection Set: 0.0ms
[2023-11-18T09:48:46.658+0000][gc,phases     ] GC(924)   Evacuate Collection Set: 13.6ms
[2023-11-18T09:48:46.658+0000][gc,phases     ] GC(924)   Post Evacuate Collection Set: 0.4ms
[2023-11-18T09:48:46.658+0000][gc,phases     ] GC(924)   Other: 0.3ms
[2023-11-18T09:48:46.658+0000][gc,heap       ] GC(924) Eden regions: 27->0(29)
[2023-11-18T09:48:46.658+0000][gc,heap       ] GC(924) Survivor regions: 5->3(4)
[2023-11-18T09:48:46.659+0000][gc,heap       ] GC(924) Old regions: 83->86
[2023-11-18T09:48:46.659+0000][gc,heap       ] GC(924) Humongous regions: 147->147
[2023-11-18T09:48:46.659+0000][gc,metaspace  ] GC(924) Metaspace: 44869K(47512K)->44869K(47512K) NonClass: 39603K(40960K)->39603K(40960K) Class: 5266K(6552K)->5266K(6552K)
[2023-11-18T09:48:46.659+0000][gc            ] GC(924) Pause Young (Normal) (G1 Evacuation Pause) 260M->233M(512M) 14.282ms
[2023-11-18T09:48:46.659+0000][gc,cpu        ] GC(924) User=0.03s Sys=0.00s Real=0.02s
[2023-11-18T09:50:35.841+0000][gc,start      ] GC(925) Pause Young (Normal) (G1 Evacuation Pause)
[2023-11-18T09:50:35.841+0000][gc,task       ] GC(925) Using 2 workers of 2 for evacuation
[2023-11-18T09:50:35.852+0000][gc,phases     ] GC(925)   Pre Evacuate Collection Set: 0.0ms
[2023-11-18T09:50:35.853+0000][gc,phases     ] GC(925)   Evacuate Collection Set: 10.9ms
[2023-11-18T09:50:35.853+0000][gc,phases     ] GC(925)   Post Evacuate Collection Set: 0.3ms
[2023-11-18T09:50:35.853+0000][gc,phases     ] GC(925)   Other: 0.4ms
[2023-11-18T09:50:35.853+0000][gc,heap       ] GC(925) Eden regions: 28->0(33)
[2023-11-18T09:50:35.853+0000][gc,heap       ] GC(925) Survivor regions: 3->2(4)
[2023-11-18T09:50:35.853+0000][gc,heap       ] GC(925) Old regions: 86->87
[2023-11-18T09:50:35.853+0000][gc,heap       ] GC(925) Humongous regions: 147->147
[2023-11-18T09:50:35.853+0000][gc,metaspace  ] GC(925) Metaspace: 44869K(47512K)->44869K(47512K) NonClass: 39603K(40960K)->39603K(40960K) Class: 5266K(6552K)->5266K(6552K)
[2023-11-18T09:50:35.853+0000][gc            ] GC(925) Pause Young (Normal) (G1 Evacuation Pause) 261M->234M(512M) 11.733ms
[2023-11-18T09:50:35.853+0000][gc,cpu        ] GC(925) User=0.02s Sys=0.00s Real=0.01s
[2023-11-18T09:52:37.681+0000][gc,start      ] GC(926) Pause Young (Normal) (G1 Evacuation Pause)
[2023-11-18T09:52:37.681+0000][gc,task       ] GC(926) Using 2 workers of 2 for evacuation
[2023-11-18T09:52:37.695+0000][gc,phases     ] GC(926)   Pre Evacuate Collection Set: 0.0ms
[2023-11-18T09:52:37.695+0000][gc,phases     ] GC(926)   Evacuate Collection Set: 13.0ms
[2023-11-18T09:52:37.695+0000][gc,phases     ] GC(926)   Post Evacuate Collection Set: 0.3ms
[2023-11-18T09:52:37.695+0000][gc,phases     ] GC(926)   Other: 0.2ms
[2023-11-18T09:52:37.695+0000][gc,heap       ] GC(926) Eden regions: 31->0(32)
[2023-11-18T09:52:37.695+0000][gc,heap       ] GC(926) Survivor regions: 2->5(5)
[2023-11-18T09:52:37.695+0000][gc,heap       ] GC(926) Old regions: 87->87
[2023-11-18T09:52:37.695+0000][gc,heap       ] GC(926) Humongous regions: 147->147
[2023-11-18T09:52:37.695+0000][gc,metaspace  ] GC(926) Metaspace: 44869K(47512K)->44869K(47512K) NonClass: 39603K(40960K)->39603K(40960K) Class: 5266K(6552K)->5266K(6552K)
[2023-11-18T09:52:37.695+0000][gc            ] GC(926) Pause Young (Normal) (G1 Evacuation Pause) 265M->237M(512M) 13.682ms
[2023-11-18T09:52:37.695+0000][gc,cpu        ] GC(926) User=0.02s Sys=0.00s Real=0.02s
[2023-11-18T09:54:38.771+0000][gc,start      ] GC(927) Pause Young (Normal) (G1 Evacuation Pause)
[2023-11-18T09:54:38.771+0000][gc,task       ] GC(927) Using 2 workers of 2 for evacuation
[2023-11-18T09:54:38.790+0000][gc,phases     ] GC(927)   Pre Evacuate Collection Set: 0.0ms
[2023-11-18T09:54:38.790+0000][gc,phases     ] GC(927)   Evacuate Collection Set: 18.6ms
[2023-11-18T09:54:38.790+0000][gc,phases     ] GC(927)   Post Evacuate Collection Set: 0.4ms
[2023-11-18T09:54:38.790+0000][gc,phases     ] GC(927)   Other: 0.2ms
[2023-11-18T09:54:38.790+0000][gc,heap       ] GC(927) Eden regions: 31->0(33)
[2023-11-18T09:54:38.790+0000][gc,heap       ] GC(927) Survivor regions: 5->4(5)
[2023-11-18T09:54:38.790+0000][gc,heap       ] GC(927) Old regions: 87->90
[2023-11-18T09:54:38.790+0000][gc,heap       ] GC(927) Humongous regions: 147->147
[2023-11-18T09:54:38.790+0000][gc,metaspace  ] GC(927) Metaspace: 44869K(47512K)->44869K(47512K) NonClass: 39603K(40960K)->39603K(40960K) Class: 5266K(6552K)->5266K(6552K)
[2023-11-18T09:54:38.790+0000][gc            ] GC(927) Pause Young (Normal) (G1 Evacuation Pause) 268M->238M(512M) 19.314ms
[2023-11-18T09:54:38.790+0000][gc,cpu        ] GC(927) User=0.03s Sys=0.00s Real=0.02s
[2023-11-18T09:56:47.523+0000][gc,start      ] GC(928) Pause Young (Normal) (G1 Evacuation Pause)
[2023-11-18T09:56:47.523+0000][gc,task       ] GC(928) Using 2 workers of 2 for evacuation
[2023-11-18T09:56:47.535+0000][gc,phases     ] GC(928)   Pre Evacuate Collection Set: 0.0ms
[2023-11-18T09:56:47.535+0000][gc,phases     ] GC(928)   Evacuate Collection Set: 11.1ms
[2023-11-18T09:56:47.535+0000][gc,phases     ] GC(928)   Post Evacuate Collection Set: 0.4ms
[2023-11-18T09:56:47.535+0000][gc,phases     ] GC(928)   Other: 0.2ms
[2023-11-18T09:56:47.535+0000][gc,heap       ] GC(928) Eden regions: 33->0(36)
[2023-11-18T09:56:47.535+0000][gc,heap       ] GC(928) Survivor regions: 4->3(5)
[2023-11-18T09:56:47.535+0000][gc,heap       ] GC(928) Old regions: 90->91
[2023-11-18T09:56:47.535+0000][gc,heap       ] GC(928) Humongous regions: 147->147
[2023-11-18T09:56:47.535+0000][gc,metaspace  ] GC(928) Metaspace: 44874K(47512K)->44874K(47512K) NonClass: 39607K(40960K)->39607K(40960K) Class: 5266K(6552K)->5266K(6552K)
[2023-11-18T09:56:47.535+0000][gc            ] GC(928) Pause Young (Normal) (G1 Evacuation Pause) 271M->239M(512M) 11.819ms
[2023-11-18T09:56:47.535+0000][gc,cpu        ] GC(928) User=0.02s Sys=0.00s Real=0.02s
[2023-11-18T09:59:00.235+0000][gc,start      ] GC(929) Pause Young (Normal) (G1 Evacuation Pause)
[2023-11-18T09:59:00.235+0000][gc,task       ] GC(929) Using 2 workers of 2 for evacuation
[2023-11-18T09:59:00.249+0000][gc,phases     ] GC(929)   Pre Evacuate Collection Set: 0.0ms
[2023-11-18T09:59:00.249+0000][gc,phases     ] GC(929)   Evacuate Collection Set: 13.6ms
[2023-11-18T09:59:00.249+0000][gc,phases     ] GC(929)   Post Evacuate Collection Set: 0.3ms
[2023-11-18T09:59:00.249+0000][gc,phases     ] GC(929)   Other: 0.3ms
[2023-11-18T09:59:00.249+0000][gc,heap       ] GC(929) Eden regions: 34->0(39)
[2023-11-18T09:59:00.249+0000][gc,heap       ] GC(929) Survivor regions: 3->3(5)
[2023-11-18T09:59:00.250+0000][gc,heap       ] GC(929) Old regions: 91->93
[2023-11-18T09:59:00.250+0000][gc,heap       ] GC(929) Humongous regions: 147->147
[2023-11-18T09:59:00.250+0000][gc,metaspace  ] GC(929) Metaspace: 44874K(47512K)->44874K(47512K) NonClass: 39607K(40960K)->39607K(40960K) Class: 5266K(6552K)->5266K(6552K)
[2023-11-18T09:59:00.250+0000][gc            ] GC(929) Pause Young (Normal) (G1 Evacuation Pause) 273M->240M(512M) 14.425ms
[2023-11-18T09:59:00.250+0000][gc,cpu        ] GC(929) User=0.02s Sys=0.00s Real=0.01s
[2023-11-18T10:01:21.498+0000][gc,start      ] GC(930) Pause Young (Normal) (G1 Evacuation Pause)
[2023-11-18T10:01:21.498+0000][gc,task       ] GC(930) Using 2 workers of 2 for evacuation
[2023-11-18T10:01:21.511+0000][gc,phases     ] GC(930)   Pre Evacuate Collection Set: 0.0ms
[2023-11-18T10:01:21.511+0000][gc,phases     ] GC(930)   Evacuate Collection Set: 12.2ms
[2023-11-18T10:01:21.511+0000][gc,phases     ] GC(930)   Post Evacuate Collection Set: 0.4ms
[2023-11-18T10:01:21.511+0000][gc,phases     ] GC(930)   Other: 0.9ms
[2023-11-18T10:01:21.511+0000][gc,heap       ] GC(930) Eden regions: 36->0(40)
[2023-11-18T10:01:21.511+0000][gc,heap       ] GC(930) Survivor regions: 3->4(5)
[2023-11-18T10:01:21.511+0000][gc,heap       ] GC(930) Old regions: 93->93
[2023-11-18T10:01:21.511+0000][gc,heap       ] GC(930) Humongous regions: 147->147
[2023-11-18T10:01:21.511+0000][gc,metaspace  ] GC(930) Metaspace: 44876K(47512K)->44876K(47512K) NonClass: 39609K(40960K)->39609K(40960K) Class: 5266K(6552K)->5266K(6552K)
[2023-11-18T10:01:21.511+0000][gc            ] GC(930) Pause Young (Normal) (G1 Evacuation Pause) 276M->241M(512M) 13.247ms
[2023-11-18T10:01:21.511+0000][gc,cpu        ] GC(930) User=0.02s Sys=0.00s Real=0.01s
[2023-11-18T10:03:59.140+0000][gc,start      ] GC(931) Pause Young (Normal) (G1 Evacuation Pause)
[2023-11-18T10:03:59.140+0000][gc,task       ] GC(931) Using 2 workers of 2 for evacuation
[2023-11-18T10:03:59.158+0000][gc,phases     ] GC(931)   Pre Evacuate Collection Set: 0.0ms
[2023-11-18T10:03:59.158+0000][gc,phases     ] GC(931)   Evacuate Collection Set: 17.5ms
[2023-11-18T10:03:59.158+0000][gc,phases     ] GC(931)   Post Evacuate Collection Set: 0.4ms
[2023-11-18T10:03:59.158+0000][gc,phases     ] GC(931)   Other: 0.2ms
[2023-11-18T10:03:59.158+0000][gc,heap       ] GC(931) Eden regions: 40->0(37)
[2023-11-18T10:03:59.158+0000][gc,heap       ] GC(931) Survivor regions: 4->6(6)
[2023-11-18T10:03:59.158+0000][gc,heap       ] GC(931) Old regions: 93->94
[2023-11-18T10:03:59.158+0000][gc,heap       ] GC(931) Humongous regions: 147->147
[2023-11-18T10:03:59.158+0000][gc,metaspace  ] GC(931) Metaspace: 44876K(47512K)->44876K(47512K) NonClass: 39609K(40960K)->39609K(40960K) Class: 5266K(6552K)->5266K(6552K)
[2023-11-18T10:03:59.158+0000][gc            ] GC(931) Pause Young (Normal) (G1 Evacuation Pause) 281M->245M(512M) 18.229ms
[2023-11-18T10:03:59.159+0000][gc,cpu        ] GC(931) User=0.04s Sys=0.00s Real=0.02s
[2023-11-18T10:06:24.373+0000][gc,start      ] GC(932) Pause Young (Normal) (G1 Evacuation Pause)
[2023-11-18T10:06:24.373+0000][gc,task       ] GC(932) Using 2 workers of 2 for evacuation
[2023-11-18T10:06:24.392+0000][gc,phases     ] GC(932)   Pre Evacuate Collection Set: 0.0ms
[2023-11-18T10:06:24.392+0000][gc,phases     ] GC(932)   Evacuate Collection Set: 18.6ms
[2023-11-18T10:06:24.392+0000][gc,phases     ] GC(932)   Post Evacuate Collection Set: 0.4ms
[2023-11-18T10:06:24.392+0000][gc,phases     ] GC(932)   Other: 0.2ms
[2023-11-18T10:06:24.392+0000][gc,heap       ] GC(932) Eden regions: 37->0(37)
[2023-11-18T10:06:24.392+0000][gc,heap       ] GC(932) Survivor regions: 6->5(6)
[2023-11-18T10:06:24.392+0000][gc,heap       ] GC(932) Old regions: 94->97
[2023-11-18T10:06:24.392+0000][gc,heap       ] GC(932) Humongous regions: 147->147
[2023-11-18T10:06:24.392+0000][gc,metaspace  ] GC(932) Metaspace: 44876K(47512K)->44876K(47512K) NonClass: 39609K(40960K)->39609K(40960K) Class: 5266K(6552K)->5266K(6552K)
[2023-11-18T10:06:24.392+0000][gc            ] GC(932) Pause Young (Normal) (G1 Evacuation Pause) 282M->247M(512M) 19.303ms
[2023-11-18T10:06:24.392+0000][gc,cpu        ] GC(932) User=0.04s Sys=0.00s Real=0.02s
[2023-11-18T10:08:03.177+0000][gc,start      ] GC(933) Pause Young (Normal) (G1 Evacuation Pause)
[2023-11-18T10:08:03.177+0000][gc,task       ] GC(933) Using 2 workers of 2 for evacuation
[2023-11-18T10:08:03.197+0000][gc,phases     ] GC(933)   Pre Evacuate Collection Set: 0.0ms
[2023-11-18T10:08:03.197+0000][gc,phases     ] GC(933)   Evacuate Collection Set: 19.1ms
[2023-11-18T10:08:03.197+0000][gc,phases     ] GC(933)   Post Evacuate Collection Set: 0.3ms
[2023-11-18T10:08:03.197+0000][gc,phases     ] GC(933)   Other: 0.2ms
[2023-11-18T10:08:03.197+0000][gc,heap       ] GC(933) Eden regions: 30->0(30)
[2023-11-18T10:08:03.197+0000][gc,heap       ] GC(933) Survivor regions: 5->5(5)
[2023-11-18T10:08:03.197+0000][gc,heap       ] GC(933) Old regions: 97->99
[2023-11-18T10:08:03.197+0000][gc,heap       ] GC(933) Humongous regions: 147->147
[2023-11-18T10:08:03.197+0000][gc,metaspace  ] GC(933) Metaspace: 44876K(47512K)->44876K(47512K) NonClass: 39609K(40960K)->39609K(40960K) Class: 5266K(6552K)->5266K(6552K)
[2023-11-18T10:08:03.197+0000][gc            ] GC(933) Pause Young (Normal) (G1 Evacuation Pause) 277M->249M(512M) 19.762ms
[2023-11-18T10:08:03.197+0000][gc,cpu        ] GC(933) User=0.04s Sys=0.00s Real=0.02s
[2023-11-18T10:09:16.822+0000][gc,start      ] GC(934) Pause Young (Normal) (G1 Evacuation Pause)
[2023-11-18T10:09:16.822+0000][gc,task       ] GC(934) Using 2 workers of 2 for evacuation
[2023-11-18T10:09:16.842+0000][gc,phases     ] GC(934)   Pre Evacuate Collection Set: 0.0ms
[2023-11-18T10:09:16.842+0000][gc,phases     ] GC(934)   Evacuate Collection Set: 19.3ms
[2023-11-18T10:09:16.842+0000][gc,phases     ] GC(934)   Post Evacuate Collection Set: 0.4ms
[2023-11-18T10:09:16.842+0000][gc,phases     ] GC(934)   Other: 0.2ms
[2023-11-18T10:09:16.842+0000][gc,heap       ] GC(934) Eden regions: 20->0(30)
[2023-11-18T10:09:16.842+0000][gc,heap       ] GC(934) Survivor regions: 5->3(4)
[2023-11-18T10:09:16.842+0000][gc,heap       ] GC(934) Old regions: 99->104
[2023-11-18T10:09:16.842+0000][gc,heap       ] GC(934) Humongous regions: 147->147
[2023-11-18T10:09:16.842+0000][gc,metaspace  ] GC(934) Metaspace: 44877K(47512K)->44877K(47512K) NonClass: 39611K(40960K)->39611K(40960K) Class: 5266K(6552K)->5266K(6552K)
[2023-11-18T10:09:16.842+0000][gc            ] GC(934) Pause Young (Normal) (G1 Evacuation Pause) 269M->252M(512M) 20.048ms
[2023-11-18T10:09:16.842+0000][gc,cpu        ] GC(934) User=0.03s Sys=0.00s Real=0.02s
[2023-11-18T10:11:13.527+0000][gc,start      ] GC(935) Pause Young (Normal) (G1 Evacuation Pause)
[2023-11-18T10:11:13.527+0000][gc,task       ] GC(935) Using 2 workers of 2 for evacuation
[2023-11-18T10:11:13.542+0000][gc,phases     ] GC(935)   Pre Evacuate Collection Set: 0.0ms
[2023-11-18T10:11:13.542+0000][gc,phases     ] GC(935)   Evacuate Collection Set: 13.7ms
[2023-11-18T10:11:13.542+0000][gc,phases     ] GC(935)   Post Evacuate Collection Set: 0.7ms
[2023-11-18T10:11:13.542+0000][gc,phases     ] GC(935)   Other: 0.3ms
[2023-11-18T10:11:13.542+0000][gc,heap       ] GC(935) Eden regions: 30->0(32)
[2023-11-18T10:11:13.542+0000][gc,heap       ] GC(935) Survivor regions: 3->4(5)
[2023-11-18T10:11:13.542+0000][gc,heap       ] GC(935) Old regions: 104->106
[2023-11-18T10:11:13.542+0000][gc,heap       ] GC(935) Humongous regions: 147->147
[2023-11-18T10:11:13.542+0000][gc,metaspace  ] GC(935) Metaspace: 44877K(47512K)->44877K(47512K) NonClass: 39611K(40960K)->39611K(40960K) Class: 5266K(6552K)->5266K(6552K)
[2023-11-18T10:11:13.542+0000][gc            ] GC(935) Pause Young (Normal) (G1 Evacuation Pause) 282M->255M(512M) 14.814ms
[2023-11-18T10:11:13.542+0000][gc,cpu        ] GC(935) User=0.02s Sys=0.00s Real=0.01s
[2023-11-18T10:13:18.748+0000][gc,start      ] GC(936) Pause Young (Normal) (G1 Evacuation Pause)
[2023-11-18T10:13:18.748+0000][gc,task       ] GC(936) Using 2 workers of 2 for evacuation
[2023-11-18T10:13:18.760+0000][gc,phases     ] GC(936)   Pre Evacuate Collection Set: 0.0ms
[2023-11-18T10:13:18.760+0000][gc,phases     ] GC(936)   Evacuate Collection Set: 11.3ms
[2023-11-18T10:13:18.760+0000][gc,phases     ] GC(936)   Post Evacuate Collection Set: 0.5ms
[2023-11-18T10:13:18.760+0000][gc,phases     ] GC(936)   Other: 0.2ms
[2023-11-18T10:13:18.760+0000][gc,heap       ] GC(936) Eden regions: 32->0(39)
[2023-11-18T10:13:18.760+0000][gc,heap       ] GC(936) Survivor regions: 4->3(5)
[2023-11-18T10:13:18.760+0000][gc,heap       ] GC(936) Old regions: 106->108
[2023-11-18T10:13:18.760+0000][gc,heap       ] GC(936) Humongous regions: 147->147
[2023-11-18T10:13:18.760+0000][gc,metaspace  ] GC(936) Metaspace: 44877K(47512K)->44877K(47512K) NonClass: 39611K(40960K)->39611K(40960K) Class: 5266K(6552K)->5266K(6552K)
[2023-11-18T10:13:18.760+0000][gc            ] GC(936) Pause Young (Normal) (G1 Evacuation Pause) 287M->255M(512M) 12.072ms
[2023-11-18T10:13:18.760+0000][gc,cpu        ] GC(936) User=0.02s Sys=0.00s Real=0.01s
[2023-11-18T10:15:51.687+0000][gc,start      ] GC(937) Pause Young (Normal) (G1 Evacuation Pause)
[2023-11-18T10:15:51.687+0000][gc,task       ] GC(937) Using 2 workers of 2 for evacuation
[2023-11-18T10:15:51.702+0000][gc,phases     ] GC(937)   Pre Evacuate Collection Set: 0.0ms
[2023-11-18T10:15:51.702+0000][gc,phases     ] GC(937)   Evacuate Collection Set: 14.2ms
[2023-11-18T10:15:51.702+0000][gc,phases     ] GC(937)   Post Evacuate Collection Set: 0.3ms
[2023-11-18T10:15:51.702+0000][gc,phases     ] GC(937)   Other: 0.2ms
[2023-11-18T10:15:51.702+0000][gc,heap       ] GC(937) Eden regions: 39->0(38)
[2023-11-18T10:15:51.702+0000][gc,heap       ] GC(937) Survivor regions: 3->4(6)
[2023-11-18T10:15:51.702+0000][gc,heap       ] GC(937) Old regions: 108->108
[2023-11-18T10:15:51.702+0000][gc,heap       ] GC(937) Humongous regions: 147->147
[2023-11-18T10:15:51.702+0000][gc,metaspace  ] GC(937) Metaspace: 44877K(47512K)->44877K(47512K) NonClass: 39611K(40960K)->39611K(40960K) Class: 5266K(6552K)->5266K(6552K)
[2023-11-18T10:15:51.702+0000][gc            ] GC(937) Pause Young (Normal) (G1 Evacuation Pause) 294M->257M(512M) 14.870ms
[2023-11-18T10:15:51.702+0000][gc,cpu        ] GC(937) User=0.03s Sys=0.00s Real=0.01s
[2023-11-18T10:18:20.629+0000][gc,start      ] GC(938) Pause Young (Normal) (G1 Evacuation Pause)
[2023-11-18T10:18:20.629+0000][gc,task       ] GC(938) Using 2 workers of 2 for evacuation
[2023-11-18T10:18:20.644+0000][gc,phases     ] GC(938)   Pre Evacuate Collection Set: 0.0ms
[2023-11-18T10:18:20.644+0000][gc,phases     ] GC(938)   Evacuate Collection Set: 15.1ms
[2023-11-18T10:18:20.644+0000][gc,phases     ] GC(938)   Post Evacuate Collection Set: 0.4ms
[2023-11-18T10:18:20.644+0000][gc,phases     ] GC(938)   Other: 0.2ms
[2023-11-18T10:18:20.644+0000][gc,heap       ] GC(938) Eden regions: 38->0(39)
[2023-11-18T10:18:20.644+0000][gc,heap       ] GC(938) Survivor regions: 4->4(6)
[2023-11-18T10:18:20.644+0000][gc,heap       ] GC(938) Old regions: 108->109
[2023-11-18T10:18:20.644+0000][gc,heap       ] GC(938) Humongous regions: 147->147
[2023-11-18T10:18:20.644+0000][gc,metaspace  ] GC(938) Metaspace: 44877K(47512K)->44877K(47512K) NonClass: 39611K(40960K)->39611K(40960K) Class: 5266K(6552K)->5266K(6552K)
[2023-11-18T10:18:20.644+0000][gc            ] GC(938) Pause Young (Normal) (G1 Evacuation Pause) 295M->258M(512M) 15.869ms
[2023-11-18T10:18:20.644+0000][gc,cpu        ] GC(938) User=0.03s Sys=0.00s Real=0.01s
[2023-11-18T10:20:54.005+0000][gc,start      ] GC(939) Pause Young (Normal) (G1 Evacuation Pause)
[2023-11-18T10:20:54.005+0000][gc,task       ] GC(939) Using 2 workers of 2 for evacuation
[2023-11-18T10:20:54.025+0000][gc,mmu        ] GC(939) MMU target violated: 20.3ms (20.0ms/21.0ms)
[2023-11-18T10:20:54.025+0000][gc,phases     ] GC(939)   Pre Evacuate Collection Set: 0.0ms
[2023-11-18T10:20:54.025+0000][gc,phases     ] GC(939)   Evacuate Collection Set: 19.8ms
[2023-11-18T10:20:54.025+0000][gc,phases     ] GC(939)   Post Evacuate Collection Set: 0.4ms
[2023-11-18T10:20:54.025+0000][gc,phases     ] GC(939)   Other: 0.3ms
[2023-11-18T10:20:54.025+0000][gc,heap       ] GC(939) Eden regions: 39->0(37)
[2023-11-18T10:20:54.025+0000][gc,heap       ] GC(939) Survivor regions: 4->4(6)
[2023-11-18T10:20:54.025+0000][gc,heap       ] GC(939) Old regions: 109->111
[2023-11-18T10:20:54.025+0000][gc,heap       ] GC(939) Humongous regions: 147->147
[2023-11-18T10:20:54.025+0000][gc,metaspace  ] GC(939) Metaspace: 44877K(47512K)->44877K(47512K) NonClass: 39611K(40960K)->39611K(40960K) Class: 5266K(6552K)->5266K(6552K)
[2023-11-18T10:20:54.025+0000][gc            ] GC(939) Pause Young (Normal) (G1 Evacuation Pause) 297M->259M(512M) 20.495ms
[2023-11-18T10:20:54.025+0000][gc,cpu        ] GC(939) User=0.04s Sys=0.00s Real=0.02s
[2023-11-18T10:23:19.175+0000][gc,start      ] GC(940) Pause Young (Normal) (G1 Evacuation Pause)
[2023-11-18T10:23:19.175+0000][gc,task       ] GC(940) Using 2 workers of 2 for evacuation
[2023-11-18T10:23:19.193+0000][gc,phases     ] GC(940)   Pre Evacuate Collection Set: 0.0ms
[2023-11-18T10:23:19.193+0000][gc,phases     ] GC(940)   Evacuate Collection Set: 16.9ms
[2023-11-18T10:23:19.193+0000][gc,phases     ] GC(940)   Post Evacuate Collection Set: 0.4ms
[2023-11-18T10:23:19.193+0000][gc,phases     ] GC(940)   Other: 0.2ms
[2023-11-18T10:23:19.193+0000][gc,heap       ] GC(940) Eden regions: 37->0(36)
[2023-11-18T10:23:19.193+0000][gc,heap       ] GC(940) Survivor regions: 4->6(6)
[2023-11-18T10:23:19.193+0000][gc,heap       ] GC(940) Old regions: 111->113
[2023-11-18T10:23:19.193+0000][gc,heap       ] GC(940) Humongous regions: 147->147
[2023-11-18T10:23:19.193+0000][gc,metaspace  ] GC(940) Metaspace: 44877K(47512K)->44877K(47512K) NonClass: 39611K(40960K)->39611K(40960K) Class: 5266K(6552K)->5266K(6552K)
[2023-11-18T10:23:19.193+0000][gc            ] GC(940) Pause Young (Normal) (G1 Evacuation Pause) 296M->263M(512M) 17.584ms
[2023-11-18T10:23:19.193+0000][gc,cpu        ] GC(940) User=0.03s Sys=0.00s Real=0.01s
[2023-11-18T10:25:39.610+0000][gc,start      ] GC(941) Pause Young (Normal) (G1 Evacuation Pause)
[2023-11-18T10:25:39.610+0000][gc,task       ] GC(941) Using 2 workers of 2 for evacuation
[2023-11-18T10:25:39.627+0000][gc,phases     ] GC(941)   Pre Evacuate Collection Set: 0.0ms
[2023-11-18T10:25:39.627+0000][gc,phases     ] GC(941)   Evacuate Collection Set: 16.7ms
[2023-11-18T10:25:39.627+0000][gc,phases     ] GC(941)   Post Evacuate Collection Set: 0.3ms
[2023-11-18T10:25:39.627+0000][gc,phases     ] GC(941)   Other: 0.3ms
[2023-11-18T10:25:39.627+0000][gc,heap       ] GC(941) Eden regions: 36->0(36)
[2023-11-18T10:25:39.627+0000][gc,heap       ] GC(941) Survivor regions: 6->4(6)
[2023-11-18T10:25:39.627+0000][gc,heap       ] GC(941) Old regions: 113->116
[2023-11-18T10:25:39.627+0000][gc,heap       ] GC(941) Humongous regions: 147->147
[2023-11-18T10:25:39.627+0000][gc,metaspace  ] GC(941) Metaspace: 44877K(47512K)->44877K(47512K) NonClass: 39611K(40960K)->39611K(40960K) Class: 5266K(6552K)->5266K(6552K)
[2023-11-18T10:25:39.627+0000][gc            ] GC(941) Pause Young (Normal) (G1 Evacuation Pause) 299M->265M(512M) 17.393ms
[2023-11-18T10:25:39.627+0000][gc,cpu        ] GC(941) User=0.03s Sys=0.00s Real=0.02s
[2023-11-18T10:28:00.738+0000][gc,start      ] GC(942) Pause Young (Normal) (G1 Evacuation Pause)
[2023-11-18T10:28:00.738+0000][gc,task       ] GC(942) Using 2 workers of 2 for evacuation
[2023-11-18T10:28:00.755+0000][gc,phases     ] GC(942)   Pre Evacuate Collection Set: 0.0ms
[2023-11-18T10:28:00.755+0000][gc,phases     ] GC(942)   Evacuate Collection Set: 15.8ms
[2023-11-18T10:28:00.755+0000][gc,phases     ] GC(942)   Post Evacuate Collection Set: 0.3ms
[2023-11-18T10:28:00.755+0000][gc,phases     ] GC(942)   Other: 0.2ms
[2023-11-18T10:28:00.755+0000][gc,heap       ] GC(942) Eden regions: 36->0(38)
[2023-11-18T10:28:00.755+0000][gc,heap       ] GC(942) Survivor regions: 4->4(5)
[2023-11-18T10:28:00.755+0000][gc,heap       ] GC(942) Old regions: 116->117
[2023-11-18T10:28:00.755+0000][gc,heap       ] GC(942) Humongous regions: 147->147
[2023-11-18T10:28:00.755+0000][gc,metaspace  ] GC(942) Metaspace: 44877K(47512K)->44877K(47512K) NonClass: 39611K(40960K)->39611K(40960K) Class: 5266K(6552K)->5266K(6552K)
[2023-11-18T10:28:00.755+0000][gc            ] GC(942) Pause Young (Normal) (G1 Evacuation Pause) 301M->266M(512M) 16.424ms
[2023-11-18T10:28:00.755+0000][gc,cpu        ] GC(942) User=0.03s Sys=0.00s Real=0.02s
[2023-11-18T10:30:29.929+0000][gc,start      ] GC(943) Pause Young (Normal) (G1 Evacuation Pause)
[2023-11-18T10:30:29.929+0000][gc,task       ] GC(943) Using 2 workers of 2 for evacuation
[2023-11-18T10:30:29.944+0000][gc,phases     ] GC(943)   Pre Evacuate Collection Set: 0.0ms
[2023-11-18T10:30:29.944+0000][gc,phases     ] GC(943)   Evacuate Collection Set: 14.5ms
[2023-11-18T10:30:29.945+0000][gc,phases     ] GC(943)   Post Evacuate Collection Set: 0.4ms
[2023-11-18T10:30:29.945+0000][gc,phases     ] GC(943)   Other: 0.2ms
[2023-11-18T10:30:29.945+0000][gc,heap       ] GC(943) Eden regions: 38->0(40)
[2023-11-18T10:30:29.945+0000][gc,heap       ] GC(943) Survivor regions: 4->4(6)
[2023-11-18T10:30:29.945+0000][gc,heap       ] GC(943) Old regions: 117->119
[2023-11-18T10:30:29.945+0000][gc,heap       ] GC(943) Humongous regions: 147->147
[2023-11-18T10:30:29.945+0000][gc,metaspace  ] GC(943) Metaspace: 44878K(47512K)->44878K(47512K) NonClass: 39611K(40960K)->39611K(40960K) Class: 5266K(6552K)->5266K(6552K)
[2023-11-18T10:30:29.945+0000][gc            ] GC(943) Pause Young (Normal) (G1 Evacuation Pause) 304M->268M(512M) 15.392ms
[2023-11-18T10:30:29.945+0000][gc,cpu        ] GC(943) User=0.03s Sys=0.00s Real=0.01s
[2023-11-18T10:32:55.433+0000][gc,start      ] GC(944) Pause Young (Normal) (G1 Evacuation Pause)
[2023-11-18T10:32:55.433+0000][gc,task       ] GC(944) Using 2 workers of 2 for evacuation
[2023-11-18T10:32:55.451+0000][gc,phases     ] GC(944)   Pre Evacuate Collection Set: 0.0ms
[2023-11-18T10:32:55.451+0000][gc,phases     ] GC(944)   Evacuate Collection Set: 17.0ms
[2023-11-18T10:32:55.451+0000][gc,phases     ] GC(944)   Post Evacuate Collection Set: 0.8ms
[2023-11-18T10:32:55.451+0000][gc,phases     ] GC(944)   Other: 0.2ms
[2023-11-18T10:32:55.451+0000][gc,heap       ] GC(944) Eden regions: 37->0(39)
[2023-11-18T10:32:55.451+0000][gc,heap       ] GC(944) Survivor regions: 4->3(6)
[2023-11-18T10:32:55.451+0000][gc,heap       ] GC(944) Old regions: 119->121
[2023-11-18T10:32:55.451+0000][gc,heap       ] GC(944) Humongous regions: 147->147
[2023-11-18T10:32:55.451+0000][gc,metaspace  ] GC(944) Metaspace: 44878K(47512K)->44878K(47512K) NonClass: 39611K(40960K)->39611K(40960K) Class: 5266K(6552K)->5266K(6552K)
[2023-11-18T10:32:55.451+0000][gc            ] GC(944) Pause Young (Normal) (G1 Evacuation Pause) 305M->269M(512M) 18.253ms
[2023-11-18T10:32:55.451+0000][gc,cpu        ] GC(944) User=0.03s Sys=0.00s Real=0.02s
[2023-11-18T10:35:11.721+0000][gc,start      ] GC(945) Pause Young (Normal) (G1 Evacuation Pause)
[2023-11-18T10:35:11.721+0000][gc,task       ] GC(945) Using 2 workers of 2 for evacuation
[2023-11-18T10:35:11.741+0000][gc,phases     ] GC(945)   Pre Evacuate Collection Set: 0.0ms
[2023-11-18T10:35:11.741+0000][gc,phases     ] GC(945)   Evacuate Collection Set: 18.7ms
[2023-11-18T10:35:11.741+0000][gc,phases     ] GC(945)   Post Evacuate Collection Set: 0.6ms
[2023-11-18T10:35:11.741+0000][gc,phases     ] GC(945)   Other: 0.3ms
[2023-11-18T10:35:11.741+0000][gc,heap       ] GC(945) Eden regions: 35->0(36)
[2023-11-18T10:35:11.741+0000][gc,heap       ] GC(945) Survivor regions: 3->3(5)
[2023-11-18T10:35:11.741+0000][gc,heap       ] GC(945) Old regions: 121->122
[2023-11-18T10:35:11.741+0000][gc,heap       ] GC(945) Humongous regions: 147->147
[2023-11-18T10:35:11.741+0000][gc,metaspace  ] GC(945) Metaspace: 44878K(47512K)->44878K(47512K) NonClass: 39611K(40960K)->39611K(40960K) Class: 5266K(6552K)->5266K(6552K)
[2023-11-18T10:35:11.741+0000][gc            ] GC(945) Pause Young (Normal) (G1 Evacuation Pause) 304M->269M(512M) 19.683ms
[2023-11-18T10:35:11.741+0000][gc,cpu        ] GC(945) User=0.03s Sys=0.01s Real=0.02s
[2023-11-18T10:37:09.661+0000][gc,start      ] GC(946) Pause Young (Normal) (G1 Evacuation Pause)
[2023-11-18T10:37:09.661+0000][gc,task       ] GC(946) Using 2 workers of 2 for evacuation
[2023-11-18T10:37:09.675+0000][gc,phases     ] GC(946)   Pre Evacuate Collection Set: 0.0ms
[2023-11-18T10:37:09.675+0000][gc,phases     ] GC(946)   Evacuate Collection Set: 13.8ms
[2023-11-18T10:37:09.675+0000][gc,phases     ] GC(946)   Post Evacuate Collection Set: 0.3ms
[2023-11-18T10:37:09.675+0000][gc,phases     ] GC(946)   Other: 0.2ms
[2023-11-18T10:37:09.675+0000][gc,heap       ] GC(946) Eden regions: 30->0(34)
[2023-11-18T10:37:09.675+0000][gc,heap       ] GC(946) Survivor regions: 3->5(5)
[2023-11-18T10:37:09.675+0000][gc,heap       ] GC(946) Old regions: 122->123
[2023-11-18T10:37:09.675+0000][gc,heap       ] GC(946) Humongous regions: 147->147
[2023-11-18T10:37:09.675+0000][gc,metaspace  ] GC(946) Metaspace: 44878K(47512K)->44878K(47512K) NonClass: 39611K(40960K)->39611K(40960K) Class: 5266K(6552K)->5266K(6552K)
[2023-11-18T10:37:09.675+0000][gc            ] GC(946) Pause Young (Normal) (G1 Evacuation Pause) 299M->273M(512M) 14.439ms
[2023-11-18T10:37:09.675+0000][gc,cpu        ] GC(946) User=0.03s Sys=0.00s Real=0.02s
[2023-11-18T10:39:21.220+0000][gc,start      ] GC(947) Pause Young (Normal) (G1 Evacuation Pause)
[2023-11-18T10:39:21.220+0000][gc,task       ] GC(947) Using 2 workers of 2 for evacuation
[2023-11-18T10:39:21.236+0000][gc,phases     ] GC(947)   Pre Evacuate Collection Set: 0.0ms
[2023-11-18T10:39:21.236+0000][gc,phases     ] GC(947)   Evacuate Collection Set: 15.9ms
[2023-11-18T10:39:21.236+0000][gc,phases     ] GC(947)   Post Evacuate Collection Set: 0.3ms
[2023-11-18T10:39:21.236+0000][gc,phases     ] GC(947)   Other: 0.3ms
[2023-11-18T10:39:21.236+0000][gc,heap       ] GC(947) Eden regions: 34->0(36)
[2023-11-18T10:39:21.236+0000][gc,heap       ] GC(947) Survivor regions: 5->4(5)
[2023-11-18T10:39:21.236+0000][gc,heap       ] GC(947) Old regions: 123->125
[2023-11-18T10:39:21.236+0000][gc,heap       ] GC(947) Humongous regions: 147->147
[2023-11-18T10:39:21.236+0000][gc,metaspace  ] GC(947) Metaspace: 44878K(47512K)->44878K(47512K) NonClass: 39611K(40960K)->39611K(40960K) Class: 5266K(6552K)->5266K(6552K)
[2023-11-18T10:39:21.236+0000][gc            ] GC(947) Pause Young (Normal) (G1 Evacuation Pause) 307M->274M(512M) 16.590ms
[2023-11-18T10:39:21.236+0000][gc,cpu        ] GC(947) User=0.03s Sys=0.00s Real=0.02s
[2023-11-18T10:41:14.599+0000][gc,start      ] GC(948) Pause Young (Normal) (G1 Evacuation Pause)
[2023-11-18T10:41:14.600+0000][gc,task       ] GC(948) Using 2 workers of 2 for evacuation
[2023-11-18T10:41:14.611+0000][gc,phases     ] GC(948)   Pre Evacuate Collection Set: 0.0ms
[2023-11-18T10:41:14.611+0000][gc,phases     ] GC(948)   Evacuate Collection Set: 11.1ms
[2023-11-18T10:41:14.611+0000][gc,phases     ] GC(948)   Post Evacuate Collection Set: 0.3ms
[2023-11-18T10:41:14.611+0000][gc,phases     ] GC(948)   Other: 0.2ms
[2023-11-18T10:41:14.611+0000][gc,heap       ] GC(948) Eden regions: 29->0(42)
[2023-11-18T10:41:14.611+0000][gc,heap       ] GC(948) Survivor regions: 4->3(5)
[2023-11-18T10:41:14.611+0000][gc,heap       ] GC(948) Old regions: 125->127
[2023-11-18T10:41:14.611+0000][gc,heap       ] GC(948) Humongous regions: 147->147
[2023-11-18T10:41:14.611+0000][gc,metaspace  ] GC(948) Metaspace: 44878K(47512K)->44878K(47512K) NonClass: 39611K(40960K)->39611K(40960K) Class: 5266K(6552K)->5266K(6552K)
[2023-11-18T10:41:14.611+0000][gc            ] GC(948) Pause Young (Normal) (G1 Evacuation Pause) 303M->274M(512M) 11.805ms
[2023-11-18T10:41:14.611+0000][gc,cpu        ] GC(948) User=0.02s Sys=0.00s Real=0.01s
[2023-11-18T10:43:39.705+0000][gc,start      ] GC(949) Pause Young (Normal) (G1 Evacuation Pause)
[2023-11-18T10:43:39.705+0000][gc,task       ] GC(949) Using 2 workers of 2 for evacuation
[2023-11-18T10:43:39.717+0000][gc,phases     ] GC(949)   Pre Evacuate Collection Set: 0.0ms
[2023-11-18T10:43:39.717+0000][gc,phases     ] GC(949)   Evacuate Collection Set: 11.0ms
[2023-11-18T10:43:39.717+0000][gc,phases     ] GC(949)   Post Evacuate Collection Set: 0.3ms
[2023-11-18T10:43:39.717+0000][gc,phases     ] GC(949)   Other: 0.3ms
[2023-11-18T10:43:39.717+0000][gc,heap       ] GC(949) Eden regions: 37->0(43)
[2023-11-18T10:43:39.717+0000][gc,heap       ] GC(949) Survivor regions: 3->4(5)
[2023-11-18T10:43:39.717+0000][gc,heap       ] GC(949) Old regions: 127->127
[2023-11-18T10:43:39.717+0000][gc,heap       ] GC(949) Humongous regions: 147->147
[2023-11-18T10:43:39.717+0000][gc,metaspace  ] GC(949) Metaspace: 44878K(47512K)->44878K(47512K) NonClass: 39611K(40960K)->39611K(40960K) Class: 5266K(6552K)->5266K(6552K)
[2023-11-18T10:43:39.717+0000][gc            ] GC(949) Pause Young (Normal) (G1 Evacuation Pause) 311M->276M(512M) 11.829ms
[2023-11-18T10:43:39.717+0000][gc,cpu        ] GC(949) User=0.02s Sys=0.00s Real=0.02s
[2023-11-18T10:46:28.500+0000][gc,start      ] GC(950) Pause Young (Normal) (G1 Evacuation Pause)
[2023-11-18T10:46:28.500+0000][gc,task       ] GC(950) Using 2 workers of 2 for evacuation
[2023-11-18T10:46:28.531+0000][gc,mmu        ] GC(950) MMU target violated: 21.0ms (20.0ms/21.0ms)
[2023-11-18T10:46:28.531+0000][gc,phases     ] GC(950)   Pre Evacuate Collection Set: 0.0ms
[2023-11-18T10:46:28.531+0000][gc,phases     ] GC(950)   Evacuate Collection Set: 28.5ms
[2023-11-18T10:46:28.531+0000][gc,phases     ] GC(950)   Post Evacuate Collection Set: 2.9ms
[2023-11-18T10:46:28.531+0000][gc,phases     ] GC(950)   Other: 0.3ms
[2023-11-18T10:46:28.531+0000][gc,heap       ] GC(950) Eden regions: 43->0(33)
[2023-11-18T10:46:28.532+0000][gc,heap       ] GC(950) Survivor regions: 4->5(6)
[2023-11-18T10:46:28.532+0000][gc,heap       ] GC(950) Old regions: 127->128
[2023-11-18T10:46:28.532+0000][gc,heap       ] GC(950) Humongous regions: 147->147
[2023-11-18T10:46:28.532+0000][gc,metaspace  ] GC(950) Metaspace: 44878K(47512K)->44878K(47512K) NonClass: 39611K(40960K)->39611K(40960K) Class: 5266K(6552K)->5266K(6552K)
[2023-11-18T10:46:28.532+0000][gc            ] GC(950) Pause Young (Normal) (G1 Evacuation Pause) 319M->277M(512M) 31.752ms
[2023-11-18T10:46:28.532+0000][gc,cpu        ] GC(950) User=0.05s Sys=0.01s Real=0.03s
[2023-11-18T10:48:37.285+0000][gc,start      ] GC(951) Pause Young (Normal) (G1 Evacuation Pause)
[2023-11-18T10:48:37.285+0000][gc,task       ] GC(951) Using 2 workers of 2 for evacuation
[2023-11-18T10:48:37.299+0000][gc,phases     ] GC(951)   Pre Evacuate Collection Set: 0.0ms
[2023-11-18T10:48:37.299+0000][gc,phases     ] GC(951)   Evacuate Collection Set: 13.3ms
[2023-11-18T10:48:37.299+0000][gc,phases     ] GC(951)   Post Evacuate Collection Set: 0.3ms
[2023-11-18T10:48:37.299+0000][gc,phases     ] GC(951)   Other: 0.2ms
[2023-11-18T10:48:37.299+0000][gc,heap       ] GC(951) Eden regions: 33->0(41)
[2023-11-18T10:48:37.299+0000][gc,heap       ] GC(951) Survivor regions: 5->2(5)
[2023-11-18T10:48:37.299+0000][gc,heap       ] GC(951) Old regions: 128->132
[2023-11-18T10:48:37.299+0000][gc,heap       ] GC(951) Humongous regions: 147->147
[2023-11-18T10:48:37.299+0000][gc,metaspace  ] GC(951) Metaspace: 44878K(47512K)->44878K(47512K) NonClass: 39611K(40960K)->39611K(40960K) Class: 5266K(6552K)->5266K(6552K)
[2023-11-18T10:48:37.299+0000][gc            ] GC(951) Pause Young (Normal) (G1 Evacuation Pause) 310M->278M(512M) 13.903ms
[2023-11-18T10:48:37.299+0000][gc,cpu        ] GC(951) User=0.03s Sys=0.00s Real=0.02s
[2023-11-18T10:51:18.625+0000][gc,start      ] GC(952) Pause Young (Normal) (G1 Evacuation Pause)
[2023-11-18T10:51:18.625+0000][gc,task       ] GC(952) Using 2 workers of 2 for evacuation
[2023-11-18T10:51:18.640+0000][gc,phases     ] GC(952)   Pre Evacuate Collection Set: 0.0ms
[2023-11-18T10:51:18.640+0000][gc,phases     ] GC(952)   Evacuate Collection Set: 15.1ms
[2023-11-18T10:51:18.640+0000][gc,phases     ] GC(952)   Post Evacuate Collection Set: 0.3ms
[2023-11-18T10:51:18.640+0000][gc,phases     ] GC(952)   Other: 0.2ms
[2023-11-18T10:51:18.640+0000][gc,heap       ] GC(952) Eden regions: 41->0(35)
[2023-11-18T10:51:18.640+0000][gc,heap       ] GC(952) Survivor regions: 2->6(6)
[2023-11-18T10:51:18.640+0000][gc,heap       ] GC(952) Old regions: 132->132
[2023-11-18T10:51:18.640+0000][gc,heap       ] GC(952) Humongous regions: 147->147
[2023-11-18T10:51:18.640+0000][gc,metaspace  ] GC(952) Metaspace: 44881K(47512K)->44881K(47512K) NonClass: 39614K(40960K)->39614K(40960K) Class: 5266K(6552K)->5266K(6552K)
[2023-11-18T10:51:18.640+0000][gc            ] GC(952) Pause Young (Normal) (G1 Evacuation Pause) 319M->282M(512M) 15.757ms
[2023-11-18T10:51:18.640+0000][gc,cpu        ] GC(952) User=0.03s Sys=0.00s Real=0.02s
[2023-11-18T10:53:35.867+0000][gc,start      ] GC(953) Pause Young (Normal) (G1 Evacuation Pause)
[2023-11-18T10:53:35.867+0000][gc,task       ] GC(953) Using 2 workers of 2 for evacuation
[2023-11-18T10:53:35.894+0000][gc,mmu        ] GC(953) MMU target violated: 21.0ms (20.0ms/21.0ms)
[2023-11-18T10:53:35.894+0000][gc,phases     ] GC(953)   Pre Evacuate Collection Set: 0.0ms
[2023-11-18T10:53:35.894+0000][gc,phases     ] GC(953)   Evacuate Collection Set: 21.6ms
[2023-11-18T10:53:35.894+0000][gc,phases     ] GC(953)   Post Evacuate Collection Set: 4.7ms
[2023-11-18T10:53:35.894+0000][gc,phases     ] GC(953)   Other: 0.4ms
[2023-11-18T10:53:35.894+0000][gc,heap       ] GC(953) Eden regions: 35->0(26)
[2023-11-18T10:53:35.894+0000][gc,heap       ] GC(953) Survivor regions: 6->5(6)
[2023-11-18T10:53:35.894+0000][gc,heap       ] GC(953) Old regions: 132->135
[2023-11-18T10:53:35.894+0000][gc,heap       ] GC(953) Humongous regions: 147->147
[2023-11-18T10:53:35.894+0000][gc,metaspace  ] GC(953) Metaspace: 44881K(47512K)->44881K(47512K) NonClass: 39614K(40960K)->39614K(40960K) Class: 5266K(6552K)->5266K(6552K)
[2023-11-18T10:53:35.894+0000][gc            ] GC(953) Pause Young (Normal) (G1 Evacuation Pause) 317M->284M(512M) 26.690ms
[2023-11-18T10:53:35.894+0000][gc,cpu        ] GC(953) User=0.04s Sys=0.00s Real=0.03s
[2023-11-18T10:55:16.387+0000][gc,start      ] GC(954) Pause Young (Normal) (G1 Evacuation Pause)
[2023-11-18T10:55:16.387+0000][gc,task       ] GC(954) Using 2 workers of 2 for evacuation
[2023-11-18T10:55:16.398+0000][gc,phases     ] GC(954)   Pre Evacuate Collection Set: 0.0ms
[2023-11-18T10:55:16.398+0000][gc,phases     ] GC(954)   Evacuate Collection Set: 10.8ms
[2023-11-18T10:55:16.398+0000][gc,phases     ] GC(954)   Post Evacuate Collection Set: 0.3ms
[2023-11-18T10:55:16.398+0000][gc,phases     ] GC(954)   Other: 0.2ms
[2023-11-18T10:55:16.398+0000][gc,heap       ] GC(954) Eden regions: 26->0(37)
[2023-11-18T10:55:16.398+0000][gc,heap       ] GC(954) Survivor regions: 5->3(4)
[2023-11-18T10:55:16.398+0000][gc,heap       ] GC(954) Old regions: 135->136
[2023-11-18T10:55:16.398+0000][gc,heap       ] GC(954) Humongous regions: 147->147
[2023-11-18T10:55:16.398+0000][gc,metaspace  ] GC(954) Metaspace: 44888K(47512K)->44888K(47512K) NonClass: 39621K(40960K)->39621K(40960K) Class: 5266K(6552K)->5266K(6552K)
[2023-11-18T10:55:16.398+0000][gc            ] GC(954) Pause Young (Normal) (G1 Evacuation Pause) 310M->284M(512M) 11.391ms
[2023-11-18T10:55:16.398+0000][gc,cpu        ] GC(954) User=0.02s Sys=0.00s Real=0.01s
[2023-11-18T10:57:41.279+0000][gc,start      ] GC(955) Pause Young (Normal) (G1 Evacuation Pause)
[2023-11-18T10:57:41.279+0000][gc,task       ] GC(955) Using 2 workers of 2 for evacuation
[2023-11-18T10:57:41.293+0000][gc,phases     ] GC(955)   Pre Evacuate Collection Set: 0.0ms
[2023-11-18T10:57:41.294+0000][gc,phases     ] GC(955)   Evacuate Collection Set: 13.6ms
[2023-11-18T10:57:41.294+0000][gc,phases     ] GC(955)   Post Evacuate Collection Set: 0.4ms
[2023-11-18T10:57:41.294+0000][gc,phases     ] GC(955)   Other: 0.2ms
[2023-11-18T10:57:41.294+0000][gc,heap       ] GC(955) Eden regions: 37->0(38)
[2023-11-18T10:57:41.294+0000][gc,heap       ] GC(955) Survivor regions: 3->4(5)
[2023-11-18T10:57:41.294+0000][gc,heap       ] GC(955) Old regions: 136->136
[2023-11-18T10:57:41.294+0000][gc,heap       ] GC(955) Humongous regions: 147->147
[2023-11-18T10:57:41.294+0000][gc,metaspace  ] GC(955) Metaspace: 44888K(47512K)->44888K(47512K) NonClass: 39621K(40960K)->39621K(40960K) Class: 5266K(6552K)->5266K(6552K)
[2023-11-18T10:57:41.294+0000][gc            ] GC(955) Pause Young (Normal) (G1 Evacuation Pause) 321M->285M(512M) 14.247ms
[2023-11-18T10:57:41.294+0000][gc,cpu        ] GC(955) User=0.02s Sys=0.00s Real=0.02s
[2023-11-18T11:00:10.528+0000][gc,start      ] GC(956) Pause Young (Normal) (G1 Evacuation Pause)
[2023-11-18T11:00:10.528+0000][gc,task       ] GC(956) Using 2 workers of 2 for evacuation
[2023-11-18T11:00:10.542+0000][gc,phases     ] GC(956)   Pre Evacuate Collection Set: 0.0ms
[2023-11-18T11:00:10.542+0000][gc,phases     ] GC(956)   Evacuate Collection Set: 13.5ms
[2023-11-18T11:00:10.542+0000][gc,phases     ] GC(956)   Post Evacuate Collection Set: 0.4ms
[2023-11-18T11:00:10.542+0000][gc,phases     ] GC(956)   Other: 0.2ms
[2023-11-18T11:00:10.542+0000][gc,heap       ] GC(956) Eden regions: 38->0(39)
[2023-11-18T11:00:10.542+0000][gc,heap       ] GC(956) Survivor regions: 4->4(6)
[2023-11-18T11:00:10.542+0000][gc,heap       ] GC(956) Old regions: 136->138
[2023-11-18T11:00:10.542+0000][gc,heap       ] GC(956) Humongous regions: 147->147
[2023-11-18T11:00:10.542+0000][gc,metaspace  ] GC(956) Metaspace: 44890K(47512K)->44890K(47512K) NonClass: 39623K(40960K)->39623K(40960K) Class: 5266K(6552K)->5266K(6552K)
[2023-11-18T11:00:10.542+0000][gc            ] GC(956) Pause Young (Normal) (G1 Evacuation Pause) 323M->286M(512M) 14.211ms
[2023-11-18T11:00:10.542+0000][gc,cpu        ] GC(956) User=0.03s Sys=0.01s Real=0.01s
[2023-11-18T11:02:32.786+0000][gc,start      ] GC(957) Pause Young (Normal) (G1 Evacuation Pause)
[2023-11-18T11:02:32.786+0000][gc,task       ] GC(957) Using 2 workers of 2 for evacuation
[2023-11-18T11:02:32.799+0000][gc,phases     ] GC(957)   Pre Evacuate Collection Set: 0.0ms
[2023-11-18T11:02:32.799+0000][gc,phases     ] GC(957)   Evacuate Collection Set: 12.7ms
[2023-11-18T11:02:32.799+0000][gc,phases     ] GC(957)   Post Evacuate Collection Set: 0.3ms
[2023-11-18T11:02:32.799+0000][gc,phases     ] GC(957)   Other: 0.2ms
[2023-11-18T11:02:32.799+0000][gc,heap       ] GC(957) Eden regions: 36->0(40)
[2023-11-18T11:02:32.799+0000][gc,heap       ] GC(957) Survivor regions: 4->4(5)
[2023-11-18T11:02:32.799+0000][gc,heap       ] GC(957) Old regions: 138->139
[2023-11-18T11:02:32.799+0000][gc,heap       ] GC(957) Humongous regions: 147->147
[2023-11-18T11:02:32.799+0000][gc,metaspace  ] GC(957) Metaspace: 44890K(47512K)->44890K(47512K) NonClass: 39623K(40960K)->39623K(40960K) Class: 5266K(6552K)->5266K(6552K)
[2023-11-18T11:02:32.799+0000][gc            ] GC(957) Pause Young (Normal) (G1 Evacuation Pause) 322M->287M(512M) 13.375ms
[2023-11-18T11:02:32.799+0000][gc,cpu        ] GC(957) User=0.02s Sys=0.00s Real=0.01s
[2023-11-18T11:05:09.752+0000][gc,start      ] GC(958) Pause Young (Normal) (G1 Evacuation Pause)
[2023-11-18T11:05:09.752+0000][gc,task       ] GC(958) Using 2 workers of 2 for evacuation
[2023-11-18T11:05:09.770+0000][gc,phases     ] GC(958)   Pre Evacuate Collection Set: 0.0ms
[2023-11-18T11:05:09.770+0000][gc,phases     ] GC(958)   Evacuate Collection Set: 17.8ms
[2023-11-18T11:05:09.770+0000][gc,phases     ] GC(958)   Post Evacuate Collection Set: 0.3ms
[2023-11-18T11:05:09.770+0000][gc,phases     ] GC(958)   Other: 0.2ms
[2023-11-18T11:05:09.770+0000][gc,heap       ] GC(958) Eden regions: 40->0(38)
[2023-11-18T11:05:09.770+0000][gc,heap       ] GC(958) Survivor regions: 4->6(6)
[2023-11-18T11:05:09.770+0000][gc,heap       ] GC(958) Old regions: 139->141
[2023-11-18T11:05:09.770+0000][gc,heap       ] GC(958) Humongous regions: 147->147
[2023-11-18T11:05:09.770+0000][gc,metaspace  ] GC(958) Metaspace: 44890K(47512K)->44890K(47512K) NonClass: 39623K(40960K)->39623K(40960K) Class: 5266K(6552K)->5266K(6552K)
[2023-11-18T11:05:09.770+0000][gc            ] GC(958) Pause Young (Normal) (G1 Evacuation Pause) 327M->292M(512M) 18.444ms
[2023-11-18T11:05:09.770+0000][gc,cpu        ] GC(958) User=0.03s Sys=0.00s Real=0.02s
[2023-11-18T11:07:36.712+0000][gc,start      ] GC(959) Pause Young (Normal) (G1 Evacuation Pause)
[2023-11-18T11:07:36.712+0000][gc,task       ] GC(959) Using 2 workers of 2 for evacuation
[2023-11-18T11:07:36.735+0000][gc,mmu        ] GC(959) MMU target violated: 21.0ms (20.0ms/21.0ms)
[2023-11-18T11:07:36.735+0000][gc,phases     ] GC(959)   Pre Evacuate Collection Set: 0.0ms
[2023-11-18T11:07:36.735+0000][gc,phases     ] GC(959)   Evacuate Collection Set: 21.9ms
[2023-11-18T11:07:36.735+0000][gc,phases     ] GC(959)   Post Evacuate Collection Set: 0.4ms
[2023-11-18T11:07:36.735+0000][gc,phases     ] GC(959)   Other: 0.3ms
[2023-11-18T11:07:36.735+0000][gc,heap       ] GC(959) Eden regions: 38->0(37)
[2023-11-18T11:07:36.735+0000][gc,heap       ] GC(959) Survivor regions: 6->5(6)
[2023-11-18T11:07:36.735+0000][gc,heap       ] GC(959) Old regions: 141->144
[2023-11-18T11:07:36.735+0000][gc,heap       ] GC(959) Humongous regions: 147->147
[2023-11-18T11:07:36.735+0000][gc,metaspace  ] GC(959) Metaspace: 44891K(47512K)->44891K(47512K) NonClass: 39624K(40960K)->39624K(40960K) Class: 5266K(6552K)->5266K(6552K)
[2023-11-18T11:07:36.735+0000][gc            ] GC(959) Pause Young (Normal) (G1 Evacuation Pause) 330M->294M(512M) 22.634ms
[2023-11-18T11:07:36.735+0000][gc,cpu        ] GC(959) User=0.05s Sys=0.00s Real=0.03s
[2023-11-18T11:08:51.220+0000][gc,start      ] GC(960) Pause Young (Normal) (G1 Evacuation Pause)
[2023-11-18T11:08:51.220+0000][gc,task       ] GC(960) Using 2 workers of 2 for evacuation
[2023-11-18T11:08:51.240+0000][gc,mmu        ] GC(960) MMU target violated: 20.5ms (20.0ms/21.0ms)
[2023-11-18T11:08:51.240+0000][gc,phases     ] GC(960)   Pre Evacuate Collection Set: 0.0ms
[2023-11-18T11:08:51.240+0000][gc,phases     ] GC(960)   Evacuate Collection Set: 20.1ms
[2023-11-18T11:08:51.240+0000][gc,phases     ] GC(960)   Post Evacuate Collection Set: 0.3ms
[2023-11-18T11:08:51.240+0000][gc,phases     ] GC(960)   Other: 0.3ms
[2023-11-18T11:08:51.240+0000][gc,heap       ] GC(960) Eden regions: 24->0(31)
[2023-11-18T11:08:51.240+0000][gc,heap       ] GC(960) Survivor regions: 5->4(4)
[2023-11-18T11:08:51.240+0000][gc,heap       ] GC(960) Old regions: 144->147
[2023-11-18T11:08:51.240+0000][gc,heap       ] GC(960) Humongous regions: 147->147
[2023-11-18T11:08:51.240+0000][gc,metaspace  ] GC(960) Metaspace: 44891K(47512K)->44891K(47512K) NonClass: 39624K(40960K)->39624K(40960K) Class: 5266K(6552K)->5266K(6552K)
[2023-11-18T11:08:51.240+0000][gc            ] GC(960) Pause Young (Normal) (G1 Evacuation Pause) 318M->295M(512M) 20.705ms
[2023-11-18T11:08:51.240+0000][gc,cpu        ] GC(960) User=0.04s Sys=0.00s Real=0.02s
[2023-11-18T11:10:52.103+0000][gc,start      ] GC(961) Pause Young (Normal) (G1 Evacuation Pause)
[2023-11-18T11:10:52.103+0000][gc,task       ] GC(961) Using 2 workers of 2 for evacuation
[2023-11-18T11:10:52.121+0000][gc,phases     ] GC(961)   Pre Evacuate Collection Set: 0.0ms
[2023-11-18T11:10:52.121+0000][gc,phases     ] GC(961)   Evacuate Collection Set: 17.8ms
[2023-11-18T11:10:52.121+0000][gc,phases     ] GC(961)   Post Evacuate Collection Set: 0.4ms
[2023-11-18T11:10:52.121+0000][gc,phases     ] GC(961)   Other: 0.3ms
[2023-11-18T11:10:52.121+0000][gc,heap       ] GC(961) Eden regions: 31->0(30)
[2023-11-18T11:10:52.121+0000][gc,heap       ] GC(961) Survivor regions: 4->4(5)
[2023-11-18T11:10:52.121+0000][gc,heap       ] GC(961) Old regions: 147->151
[2023-11-18T11:10:52.121+0000][gc,heap       ] GC(961) Humongous regions: 147->147
[2023-11-18T11:10:52.121+0000][gc,metaspace  ] GC(961) Metaspace: 44893K(47768K)->44893K(47768K) NonClass: 39627K(41216K)->39627K(41216K) Class: 5266K(6552K)->5266K(6552K)
[2023-11-18T11:10:52.122+0000][gc            ] GC(961) Pause Young (Normal) (G1 Evacuation Pause) 326M->299M(512M) 18.560ms
[2023-11-18T11:10:52.122+0000][gc,cpu        ] GC(961) User=0.03s Sys=0.00s Real=0.02s
[2023-11-18T11:12:49.323+0000][gc,start      ] GC(962) Pause Young (Normal) (G1 Evacuation Pause)
[2023-11-18T11:12:49.323+0000][gc,task       ] GC(962) Using 2 workers of 2 for evacuation
[2023-11-18T11:12:49.338+0000][gc,phases     ] GC(962)   Pre Evacuate Collection Set: 0.0ms
[2023-11-18T11:12:49.338+0000][gc,phases     ] GC(962)   Evacuate Collection Set: 14.4ms
[2023-11-18T11:12:49.338+0000][gc,phases     ] GC(962)   Post Evacuate Collection Set: 0.3ms
[2023-11-18T11:12:49.338+0000][gc,phases     ] GC(962)   Other: 0.2ms
[2023-11-18T11:12:49.338+0000][gc,heap       ] GC(962) Eden regions: 30->0(32)
[2023-11-18T11:12:49.338+0000][gc,heap       ] GC(962) Survivor regions: 4->4(5)
[2023-11-18T11:12:49.338+0000][gc,heap       ] GC(962) Old regions: 151->152
[2023-11-18T11:12:49.338+0000][gc,heap       ] GC(962) Humongous regions: 147->147
[2023-11-18T11:12:49.338+0000][gc,metaspace  ] GC(962) Metaspace: 44893K(47768K)->44893K(47768K) NonClass: 39627K(41216K)->39627K(41216K) Class: 5266K(6552K)->5266K(6552K)
[2023-11-18T11:12:49.338+0000][gc            ] GC(962) Pause Young (Normal) (G1 Evacuation Pause) 329M->301M(512M) 15.162ms
[2023-11-18T11:12:49.338+0000][gc,cpu        ] GC(962) User=0.03s Sys=0.00s Real=0.02s
[2023-11-18T11:14:54.742+0000][gc,start      ] GC(963) Pause Young (Normal) (G1 Evacuation Pause)
[2023-11-18T11:14:54.742+0000][gc,task       ] GC(963) Using 2 workers of 2 for evacuation
[2023-11-18T11:14:54.757+0000][gc,phases     ] GC(963)   Pre Evacuate Collection Set: 0.0ms
[2023-11-18T11:14:54.757+0000][gc,phases     ] GC(963)   Evacuate Collection Set: 14.8ms
[2023-11-18T11:14:54.757+0000][gc,phases     ] GC(963)   Post Evacuate Collection Set: 0.7ms
[2023-11-18T11:14:54.757+0000][gc,phases     ] GC(963)   Other: 0.3ms
[2023-11-18T11:14:54.758+0000][gc,heap       ] GC(963) Eden regions: 32->0(35)
[2023-11-18T11:14:54.758+0000][gc,heap       ] GC(963) Survivor regions: 4->3(5)
[2023-11-18T11:14:54.758+0000][gc,heap       ] GC(963) Old regions: 152->154
[2023-11-18T11:14:54.758+0000][gc,heap       ] GC(963) Humongous regions: 147->147
[2023-11-18T11:14:54.758+0000][gc,metaspace  ] GC(963) Metaspace: 44893K(47768K)->44893K(47768K) NonClass: 39627K(41216K)->39627K(41216K) Class: 5266K(6552K)->5266K(6552K)
[2023-11-18T11:14:54.758+0000][gc            ] GC(963) Pause Young (Normal) (G1 Evacuation Pause) 333M->302M(512M) 15.956ms
[2023-11-18T11:14:54.758+0000][gc,cpu        ] GC(963) User=0.03s Sys=0.00s Real=0.02s
[2023-11-18T11:16:59.745+0000][gc,start      ] GC(964) Pause Young (Normal) (G1 Evacuation Pause)
[2023-11-18T11:16:59.745+0000][gc,task       ] GC(964) Using 2 workers of 2 for evacuation
[2023-11-18T11:16:59.756+0000][gc,phases     ] GC(964)   Pre Evacuate Collection Set: 0.0ms
[2023-11-18T11:16:59.756+0000][gc,phases     ] GC(964)   Evacuate Collection Set: 10.8ms
[2023-11-18T11:16:59.756+0000][gc,phases     ] GC(964)   Post Evacuate Collection Set: 0.4ms
[2023-11-18T11:16:59.756+0000][gc,phases     ] GC(964)   Other: 0.2ms
[2023-11-18T11:16:59.756+0000][gc,heap       ] GC(964) Eden regions: 32->0(40)
[2023-11-18T11:16:59.757+0000][gc,heap       ] GC(964) Survivor regions: 3->3(5)
[2023-11-18T11:16:59.757+0000][gc,heap       ] GC(964) Old regions: 154->155
[2023-11-18T11:16:59.757+0000][gc,heap       ] GC(964) Humongous regions: 147->147
[2023-11-18T11:16:59.757+0000][gc,metaspace  ] GC(964) Metaspace: 44893K(47768K)->44893K(47768K) NonClass: 39627K(41216K)->39627K(41216K) Class: 5266K(6552K)->5266K(6552K)
[2023-11-18T11:16:59.757+0000][gc            ] GC(964) Pause Young (Normal) (G1 Evacuation Pause) 334M->302M(512M) 11.540ms
[2023-11-18T11:16:59.757+0000][gc,cpu        ] GC(964) User=0.02s Sys=0.00s Real=0.02s
[2023-11-18T11:19:37.006+0000][gc,start      ] GC(965) Pause Young (Normal) (G1 Evacuation Pause)
[2023-11-18T11:19:37.006+0000][gc,task       ] GC(965) Using 2 workers of 2 for evacuation
[2023-11-18T11:19:37.021+0000][gc,phases     ] GC(965)   Pre Evacuate Collection Set: 0.0ms
[2023-11-18T11:19:37.021+0000][gc,phases     ] GC(965)   Evacuate Collection Set: 13.9ms
[2023-11-18T11:19:37.021+0000][gc,phases     ] GC(965)   Post Evacuate Collection Set: 0.8ms
[2023-11-18T11:19:37.021+0000][gc,phases     ] GC(965)   Other: 0.3ms
[2023-11-18T11:19:37.021+0000][gc,heap       ] GC(965) Eden regions: 40->0(39)
[2023-11-18T11:19:37.021+0000][gc,heap       ] GC(965) Survivor regions: 3->4(6)
[2023-11-18T11:19:37.021+0000][gc,heap       ] GC(965) Old regions: 155->155
[2023-11-18T11:19:37.021+0000][gc,heap       ] GC(965) Humongous regions: 147->147
[2023-11-18T11:19:37.021+0000][gc,metaspace  ] GC(965) Metaspace: 44893K(47768K)->44893K(47768K) NonClass: 39627K(41216K)->39627K(41216K) Class: 5266K(6552K)->5266K(6552K)
[2023-11-18T11:19:37.021+0000][gc            ] GC(965) Pause Young (Normal) (G1 Evacuation Pause) 342M->304M(512M) 15.032ms
[2023-11-18T11:19:37.021+0000][gc,cpu        ] GC(965) User=0.02s Sys=0.00s Real=0.01s
[2023-11-18T11:22:09.798+0000][gc,start      ] GC(966) Pause Young (Normal) (G1 Evacuation Pause)
[2023-11-18T11:22:09.798+0000][gc,task       ] GC(966) Using 2 workers of 2 for evacuation
[2023-11-18T11:22:09.813+0000][gc,phases     ] GC(966)   Pre Evacuate Collection Set: 0.0ms
[2023-11-18T11:22:09.813+0000][gc,phases     ] GC(966)   Evacuate Collection Set: 15.1ms
[2023-11-18T11:22:09.813+0000][gc,phases     ] GC(966)   Post Evacuate Collection Set: 0.3ms
[2023-11-18T11:22:09.813+0000][gc,phases     ] GC(966)   Other: 0.3ms
[2023-11-18T11:22:09.813+0000][gc,heap       ] GC(966) Eden regions: 39->0(40)
[2023-11-18T11:22:09.813+0000][gc,heap       ] GC(966) Survivor regions: 4->4(6)
[2023-11-18T11:22:09.813+0000][gc,heap       ] GC(966) Old regions: 155->157
[2023-11-18T11:22:09.813+0000][gc,heap       ] GC(966) Humongous regions: 147->147
[2023-11-18T11:22:09.813+0000][gc,metaspace  ] GC(966) Metaspace: 44893K(47768K)->44893K(47768K) NonClass: 39627K(41216K)->39627K(41216K) Class: 5266K(6552K)->5266K(6552K)
[2023-11-18T11:22:09.813+0000][gc            ] GC(966) Pause Young (Normal) (G1 Evacuation Pause) 343M->305M(512M) 15.748ms
[2023-11-18T11:22:09.813+0000][gc,cpu        ] GC(966) User=0.03s Sys=0.00s Real=0.01s
[2023-11-18T11:24:47.544+0000][gc,start      ] GC(967) Pause Young (Normal) (G1 Evacuation Pause)
[2023-11-18T11:24:47.544+0000][gc,task       ] GC(967) Using 2 workers of 2 for evacuation
[2023-11-18T11:24:47.567+0000][gc,mmu        ] GC(967) MMU target violated: 21.0ms (20.0ms/21.0ms)
[2023-11-18T11:24:47.567+0000][gc,phases     ] GC(967)   Pre Evacuate Collection Set: 0.0ms
[2023-11-18T11:24:47.567+0000][gc,phases     ] GC(967)   Evacuate Collection Set: 23.1ms
[2023-11-18T11:24:47.567+0000][gc,phases     ] GC(967)   Post Evacuate Collection Set: 0.4ms
[2023-11-18T11:24:47.567+0000][gc,phases     ] GC(967)   Other: 0.3ms
[2023-11-18T11:24:47.567+0000][gc,heap       ] GC(967) Eden regions: 40->0(37)
[2023-11-18T11:24:47.567+0000][gc,heap       ] GC(967) Survivor regions: 4->6(6)
[2023-11-18T11:24:47.567+0000][gc,heap       ] GC(967) Old regions: 157->159
[2023-11-18T11:24:47.567+0000][gc,heap       ] GC(967) Humongous regions: 147->147
[2023-11-18T11:24:47.567+0000][gc,metaspace  ] GC(967) Metaspace: 44893K(47768K)->44893K(47768K) NonClass: 39627K(41216K)->39627K(41216K) Class: 5266K(6552K)->5266K(6552K)
[2023-11-18T11:24:47.568+0000][gc            ] GC(967) Pause Young (Normal) (G1 Evacuation Pause) 345M->309M(512M) 23.781ms
[2023-11-18T11:24:47.568+0000][gc,cpu        ] GC(967) User=0.05s Sys=0.00s Real=0.03s
[2023-11-18T11:27:12.024+0000][gc,start      ] GC(968) Pause Young (Normal) (G1 Evacuation Pause)
[2023-11-18T11:27:12.024+0000][gc,task       ] GC(968) Using 2 workers of 2 for evacuation
[2023-11-18T11:27:12.043+0000][gc,phases     ] GC(968)   Pre Evacuate Collection Set: 0.0ms
[2023-11-18T11:27:12.043+0000][gc,phases     ] GC(968)   Evacuate Collection Set: 18.1ms
[2023-11-18T11:27:12.043+0000][gc,phases     ] GC(968)   Post Evacuate Collection Set: 0.3ms
[2023-11-18T11:27:12.043+0000][gc,phases     ] GC(968)   Other: 0.2ms
[2023-11-18T11:27:12.043+0000][gc,heap       ] GC(968) Eden regions: 37->0(36)
[2023-11-18T11:27:12.043+0000][gc,heap       ] GC(968) Survivor regions: 6->5(6)
[2023-11-18T11:27:12.043+0000][gc,heap       ] GC(968) Old regions: 159->162
[2023-11-18T11:27:12.043+0000][gc,heap       ] GC(968) Humongous regions: 147->147
[2023-11-18T11:27:12.043+0000][gc,metaspace  ] GC(968) Metaspace: 44893K(47768K)->44893K(47768K) NonClass: 39627K(41216K)->39627K(41216K) Class: 5266K(6552K)->5266K(6552K)
[2023-11-18T11:27:12.043+0000][gc            ] GC(968) Pause Young (Normal) (G1 Evacuation Pause) 346M->312M(512M) 18.794ms
[2023-11-18T11:27:12.043+0000][gc,cpu        ] GC(968) User=0.04s Sys=0.00s Real=0.02s
[2023-11-18T11:29:32.546+0000][gc,start      ] GC(969) Pause Young (Normal) (G1 Evacuation Pause)
[2023-11-18T11:29:32.546+0000][gc,task       ] GC(969) Using 2 workers of 2 for evacuation
[2023-11-18T11:29:32.562+0000][gc,phases     ] GC(969)   Pre Evacuate Collection Set: 0.0ms
[2023-11-18T11:29:32.562+0000][gc,phases     ] GC(969)   Evacuate Collection Set: 14.8ms
[2023-11-18T11:29:32.562+0000][gc,phases     ] GC(969)   Post Evacuate Collection Set: 0.3ms
[2023-11-18T11:29:32.562+0000][gc,phases     ] GC(969)   Other: 0.3ms
[2023-11-18T11:29:32.562+0000][gc,heap       ] GC(969) Eden regions: 36->0(38)
[2023-11-18T11:29:32.562+0000][gc,heap       ] GC(969) Survivor regions: 5->4(6)
[2023-11-18T11:29:32.562+0000][gc,heap       ] GC(969) Old regions: 162->164
[2023-11-18T11:29:32.562+0000][gc,heap       ] GC(969) Humongous regions: 147->147
[2023-11-18T11:29:32.562+0000][gc,metaspace  ] GC(969) Metaspace: 44893K(47768K)->44893K(47768K) NonClass: 39627K(41216K)->39627K(41216K) Class: 5266K(6552K)->5266K(6552K)
[2023-11-18T11:29:32.562+0000][gc            ] GC(969) Pause Young (Normal) (G1 Evacuation Pause) 348M->312M(512M) 15.520ms
[2023-11-18T11:29:32.562+0000][gc,cpu        ] GC(969) User=0.03s Sys=0.00s Real=0.01s
[2023-11-18T11:31:54.049+0000][gc,start      ] GC(970) Pause Young (Normal) (G1 Evacuation Pause)
[2023-11-18T11:31:54.049+0000][gc,task       ] GC(970) Using 2 workers of 2 for evacuation
[2023-11-18T11:31:54.072+0000][gc,mmu        ] GC(970) MMU target violated: 21.0ms (20.0ms/21.0ms)
[2023-11-18T11:31:54.072+0000][gc,phases     ] GC(970)   Pre Evacuate Collection Set: 0.0ms
[2023-11-18T11:31:54.072+0000][gc,phases     ] GC(970)   Evacuate Collection Set: 21.6ms
[2023-11-18T11:31:54.072+0000][gc,phases     ] GC(970)   Post Evacuate Collection Set: 0.4ms
[2023-11-18T11:31:54.072+0000][gc,phases     ] GC(970)   Other: 0.3ms
[2023-11-18T11:31:54.072+0000][gc,heap       ] GC(970) Eden regions: 36->0(37)
[2023-11-18T11:31:54.072+0000][gc,heap       ] GC(970) Survivor regions: 4->4(5)
[2023-11-18T11:31:54.072+0000][gc,heap       ] GC(970) Old regions: 164->165
[2023-11-18T11:31:54.072+0000][gc,heap       ] GC(970) Humongous regions: 147->147
[2023-11-18T11:31:54.072+0000][gc,metaspace  ] GC(970) Metaspace: 44893K(47768K)->44893K(47768K) NonClass: 39627K(41216K)->39627K(41216K) Class: 5266K(6552K)->5266K(6552K)
[2023-11-18T11:31:54.072+0000][gc            ] GC(970) Pause Young (Normal) (G1 Evacuation Pause) 348M->313M(512M) 22.355ms
[2023-11-18T11:31:54.072+0000][gc,cpu        ] GC(970) User=0.03s Sys=0.00s Real=0.02s
[2023-11-18T11:34:05.791+0000][gc,start      ] GC(971) Pause Young (Normal) (G1 Evacuation Pause)
[2023-11-18T11:34:05.791+0000][gc,task       ] GC(971) Using 2 workers of 2 for evacuation
[2023-11-18T11:34:05.807+0000][gc,phases     ] GC(971)   Pre Evacuate Collection Set: 0.0ms
[2023-11-18T11:34:05.807+0000][gc,phases     ] GC(971)   Evacuate Collection Set: 15.0ms
[2023-11-18T11:34:05.807+0000][gc,phases     ] GC(971)   Post Evacuate Collection Set: 0.4ms
[2023-11-18T11:34:05.807+0000][gc,phases     ] GC(971)   Other: 0.2ms
[2023-11-18T11:34:05.807+0000][gc,heap       ] GC(971) Eden regions: 34->0(39)
[2023-11-18T11:34:05.807+0000][gc,heap       ] GC(971) Survivor regions: 4->3(5)
[2023-11-18T11:34:05.807+0000][gc,heap       ] GC(971) Old regions: 165->167
[2023-11-18T11:34:05.807+0000][gc,heap       ] GC(971) Humongous regions: 147->147
[2023-11-18T11:34:05.807+0000][gc,metaspace  ] GC(971) Metaspace: 44893K(47768K)->44893K(47768K) NonClass: 39627K(41216K)->39627K(41216K) Class: 5266K(6552K)->5266K(6552K)
[2023-11-18T11:34:05.807+0000][gc            ] GC(971) Pause Young (Normal) (G1 Evacuation Pause) 347M->314M(512M) 15.631ms
[2023-11-18T11:34:05.807+0000][gc,cpu        ] GC(971) User=0.03s Sys=0.00s Real=0.02s
[2023-11-18T11:36:19.026+0000][gc,start      ] GC(972) Pause Young (Normal) (G1 Evacuation Pause)
[2023-11-18T11:36:19.026+0000][gc,task       ] GC(972) Using 2 workers of 2 for evacuation
[2023-11-18T11:36:19.039+0000][gc,phases     ] GC(972)   Pre Evacuate Collection Set: 0.0ms
[2023-11-18T11:36:19.039+0000][gc,phases     ] GC(972)   Evacuate Collection Set: 12.4ms
[2023-11-18T11:36:19.039+0000][gc,phases     ] GC(972)   Post Evacuate Collection Set: 0.3ms
[2023-11-18T11:36:19.039+0000][gc,phases     ] GC(972)   Other: 0.2ms
[2023-11-18T11:36:19.039+0000][gc,heap       ] GC(972) Eden regions: 34->0(41)
[2023-11-18T11:36:19.039+0000][gc,heap       ] GC(972) Survivor regions: 3->4(5)
[2023-11-18T11:36:19.039+0000][gc,heap       ] GC(972) Old regions: 167->167
[2023-11-18T11:36:19.039+0000][gc,heap       ] GC(972) Humongous regions: 147->147
[2023-11-18T11:36:19.039+0000][gc,metaspace  ] GC(972) Metaspace: 44893K(47768K)->44893K(47768K) NonClass: 39627K(41216K)->39627K(41216K) Class: 5266K(6552K)->5266K(6552K)
[2023-11-18T11:36:19.039+0000][gc            ] GC(972) Pause Young (Normal) (G1 Evacuation Pause) 348M->315M(512M) 13.108ms
[2023-11-18T11:36:19.039+0000][gc,cpu        ] GC(972) User=0.02s Sys=0.00s Real=0.01s
[2023-11-18T11:39:00.099+0000][gc,start      ] GC(973) Pause Young (Normal) (G1 Evacuation Pause)
[2023-11-18T11:39:00.099+0000][gc,task       ] GC(973) Using 2 workers of 2 for evacuation
[2023-11-18T11:39:00.135+0000][gc,mmu        ] GC(973) MMU target violated: 21.0ms (20.0ms/21.0ms)
[2023-11-18T11:39:00.135+0000][gc,phases     ] GC(973)   Pre Evacuate Collection Set: 0.0ms
[2023-11-18T11:39:00.135+0000][gc,phases     ] GC(973)   Evacuate Collection Set: 35.7ms
[2023-11-18T11:39:00.135+0000][gc,phases     ] GC(973)   Post Evacuate Collection Set: 0.4ms
[2023-11-18T11:39:00.135+0000][gc,phases     ] GC(973)   Other: 0.4ms
[2023-11-18T11:39:00.135+0000][gc,heap       ] GC(973) Eden regions: 41->0(21)
[2023-11-18T11:39:00.135+0000][gc,heap       ] GC(973) Survivor regions: 4->4(6)
[2023-11-18T11:39:00.135+0000][gc,heap       ] GC(973) Old regions: 167->169
[2023-11-18T11:39:00.135+0000][gc,heap       ] GC(973) Humongous regions: 147->147
[2023-11-18T11:39:00.135+0000][gc,metaspace  ] GC(973) Metaspace: 44893K(47768K)->44893K(47768K) NonClass: 39627K(41216K)->39627K(41216K) Class: 5266K(6552K)->5266K(6552K)
[2023-11-18T11:39:00.135+0000][gc            ] GC(973) Pause Young (Normal) (G1 Evacuation Pause) 356M->317M(512M) 36.518ms
[2023-11-18T11:39:00.135+0000][gc,cpu        ] GC(973) User=0.06s Sys=0.01s Real=0.04s
[2023-11-18T11:40:22.161+0000][gc,start      ] GC(974) Pause Young (Normal) (G1 Evacuation Pause)
[2023-11-18T11:40:22.161+0000][gc,task       ] GC(974) Using 2 workers of 2 for evacuation
[2023-11-18T11:40:22.177+0000][gc,phases     ] GC(974)   Pre Evacuate Collection Set: 0.0ms
[2023-11-18T11:40:22.177+0000][gc,phases     ] GC(974)   Evacuate Collection Set: 15.1ms
[2023-11-18T11:40:22.177+0000][gc,phases     ] GC(974)   Post Evacuate Collection Set: 0.3ms
[2023-11-18T11:40:22.177+0000][gc,phases     ] GC(974)   Other: 0.3ms
[2023-11-18T11:40:22.177+0000][gc,heap       ] GC(974) Eden regions: 21->0(22)
[2023-11-18T11:40:22.177+0000][gc,heap       ] GC(974) Survivor regions: 4->3(4)
[2023-11-18T11:40:22.177+0000][gc,heap       ] GC(974) Old regions: 169->172
[2023-11-18T11:40:22.177+0000][gc,heap       ] GC(974) Humongous regions: 147->147
[2023-11-18T11:40:22.177+0000][gc,metaspace  ] GC(974) Metaspace: 44893K(47768K)->44893K(47768K) NonClass: 39627K(41216K)->39627K(41216K) Class: 5266K(6552K)->5266K(6552K)
[2023-11-18T11:40:22.177+0000][gc            ] GC(974) Pause Young (Normal) (G1 Evacuation Pause) 338M->319M(512M) 15.885ms
[2023-11-18T11:40:22.177+0000][gc,cpu        ] GC(974) User=0.04s Sys=0.00s Real=0.02s
[2023-11-18T11:41:47.310+0000][gc,start      ] GC(975) Pause Young (Normal) (G1 Evacuation Pause)
[2023-11-18T11:41:47.310+0000][gc,task       ] GC(975) Using 2 workers of 2 for evacuation
[2023-11-18T11:41:47.321+0000][gc,phases     ] GC(975)   Pre Evacuate Collection Set: 0.0ms
[2023-11-18T11:41:47.321+0000][gc,phases     ] GC(975)   Evacuate Collection Set: 9.8ms
[2023-11-18T11:41:47.321+0000][gc,phases     ] GC(975)   Post Evacuate Collection Set: 0.4ms
[2023-11-18T11:41:47.321+0000][gc,phases     ] GC(975)   Other: 0.3ms
[2023-11-18T11:41:47.321+0000][gc,heap       ] GC(975) Eden regions: 22->0(27)
[2023-11-18T11:41:47.321+0000][gc,heap       ] GC(975) Survivor regions: 3->2(4)
[2023-11-18T11:41:47.321+0000][gc,heap       ] GC(975) Old regions: 172->173
[2023-11-18T11:41:47.321+0000][gc,heap       ] GC(975) Humongous regions: 147->147
[2023-11-18T11:41:47.321+0000][gc,metaspace  ] GC(975) Metaspace: 44893K(47768K)->44893K(47768K) NonClass: 39627K(41216K)->39627K(41216K) Class: 5266K(6552K)->5266K(6552K)
[2023-11-18T11:41:47.321+0000][gc            ] GC(975) Pause Young (Normal) (G1 Evacuation Pause) 341M->320M(512M) 10.739ms
[2023-11-18T11:41:47.321+0000][gc,cpu        ] GC(975) User=0.02s Sys=0.00s Real=0.01s
[2023-11-18T11:43:20.921+0000][gc,start      ] GC(976) Pause Young (Normal) (G1 Evacuation Pause)
[2023-11-18T11:43:20.921+0000][gc,task       ] GC(976) Using 2 workers of 2 for evacuation
[2023-11-18T11:43:20.932+0000][gc,phases     ] GC(976)   Pre Evacuate Collection Set: 0.0ms
[2023-11-18T11:43:20.932+0000][gc,phases     ] GC(976)   Evacuate Collection Set: 11.1ms
[2023-11-18T11:43:20.932+0000][gc,phases     ] GC(976)   Post Evacuate Collection Set: 0.3ms
[2023-11-18T11:43:20.932+0000][gc,phases     ] GC(976)   Other: 0.2ms
[2023-11-18T11:43:20.932+0000][gc,heap       ] GC(976) Eden regions: 24->0(26)
[2023-11-18T11:43:20.932+0000][gc,heap       ] GC(976) Survivor regions: 2->4(4)
[2023-11-18T11:43:20.932+0000][gc,heap       ] GC(976) Old regions: 173->173
[2023-11-18T11:43:20.932+0000][gc,heap       ] GC(976) Humongous regions: 147->147
[2023-11-18T11:43:20.932+0000][gc,metaspace  ] GC(976) Metaspace: 44893K(47768K)->44893K(47768K) NonClass: 39627K(41216K)->39627K(41216K) Class: 5266K(6552K)->5266K(6552K)
[2023-11-18T11:43:20.932+0000][gc            ] GC(976) Pause Young (Normal) (G1 Evacuation Pause) 344M->322M(512M) 11.660ms
[2023-11-18T11:43:20.933+0000][gc,cpu        ] GC(976) User=0.03s Sys=0.00s Real=0.01s
[2023-11-18T11:45:02.001+0000][gc,start      ] GC(977) Pause Young (Normal) (G1 Evacuation Pause)
[2023-11-18T11:45:02.001+0000][gc,task       ] GC(977) Using 2 workers of 2 for evacuation
[2023-11-18T11:45:02.014+0000][gc,phases     ] GC(977)   Pre Evacuate Collection Set: 0.0ms
[2023-11-18T11:45:02.014+0000][gc,phases     ] GC(977)   Evacuate Collection Set: 12.1ms
[2023-11-18T11:45:02.014+0000][gc,phases     ] GC(977)   Post Evacuate Collection Set: 0.3ms
[2023-11-18T11:45:02.014+0000][gc,phases     ] GC(977)   Other: 0.2ms
[2023-11-18T11:45:02.014+0000][gc,heap       ] GC(977) Eden regions: 26->0(30)
[2023-11-18T11:45:02.014+0000][gc,heap       ] GC(977) Survivor regions: 4->2(4)
[2023-11-18T11:45:02.014+0000][gc,heap       ] GC(977) Old regions: 173->175
[2023-11-18T11:45:02.014+0000][gc,heap       ] GC(977) Humongous regions: 147->147
[2023-11-18T11:45:02.014+0000][gc,metaspace  ] GC(977) Metaspace: 44893K(47768K)->44893K(47768K) NonClass: 39627K(41216K)->39627K(41216K) Class: 5266K(6552K)->5266K(6552K)
[2023-11-18T11:45:02.014+0000][gc            ] GC(977) Pause Young (Normal) (G1 Evacuation Pause) 348M->322M(512M) 12.722ms
[2023-11-18T11:45:02.014+0000][gc,cpu        ] GC(977) User=0.02s Sys=0.00s Real=0.02s
[2023-11-18T11:46:59.840+0000][gc,start      ] GC(978) Pause Young (Normal) (G1 Evacuation Pause)
[2023-11-18T11:46:59.840+0000][gc,task       ] GC(978) Using 2 workers of 2 for evacuation
[2023-11-18T11:46:59.856+0000][gc,phases     ] GC(978)   Pre Evacuate Collection Set: 0.0ms
[2023-11-18T11:46:59.856+0000][gc,phases     ] GC(978)   Evacuate Collection Set: 15.2ms
[2023-11-18T11:46:59.856+0000][gc,phases     ] GC(978)   Post Evacuate Collection Set: 0.6ms
[2023-11-18T11:46:59.856+0000][gc,phases     ] GC(978)   Other: 0.3ms
[2023-11-18T11:46:59.856+0000][gc,heap       ] GC(978) Eden regions: 30->0(29)
[2023-11-18T11:46:59.856+0000][gc,heap       ] GC(978) Survivor regions: 2->4(4)
[2023-11-18T11:46:59.856+0000][gc,heap       ] GC(978) Old regions: 175->177
[2023-11-18T11:46:59.856+0000][gc,heap       ] GC(978) Humongous regions: 147->147
[2023-11-18T11:46:59.856+0000][gc,metaspace  ] GC(978) Metaspace: 44893K(47768K)->44893K(47768K) NonClass: 39627K(41216K)->39627K(41216K) Class: 5266K(6552K)->5266K(6552K)
[2023-11-18T11:46:59.856+0000][gc            ] GC(978) Pause Young (Normal) (G1 Evacuation Pause) 352M->325M(512M) 16.107ms
[2023-11-18T11:46:59.856+0000][gc,cpu        ] GC(978) User=0.03s Sys=0.00s Real=0.02s
[2023-11-18T11:48:52.541+0000][gc,start      ] GC(979) Pause Young (Normal) (G1 Evacuation Pause)
[2023-11-18T11:48:52.541+0000][gc,task       ] GC(979) Using 2 workers of 2 for evacuation
[2023-11-18T11:48:52.554+0000][gc,phases     ] GC(979)   Pre Evacuate Collection Set: 0.0ms
[2023-11-18T11:48:52.554+0000][gc,phases     ] GC(979)   Evacuate Collection Set: 12.9ms
[2023-11-18T11:48:52.554+0000][gc,phases     ] GC(979)   Post Evacuate Collection Set: 0.3ms
[2023-11-18T11:48:52.555+0000][gc,phases     ] GC(979)   Other: 0.3ms
[2023-11-18T11:48:52.555+0000][gc,heap       ] GC(979) Eden regions: 29->0(32)
[2023-11-18T11:48:52.555+0000][gc,heap       ] GC(979) Survivor regions: 4->4(5)
[2023-11-18T11:48:52.555+0000][gc,heap       ] GC(979) Old regions: 177->179
[2023-11-18T11:48:52.555+0000][gc,heap       ] GC(979) Humongous regions: 147->147
[2023-11-18T11:48:52.555+0000][gc,metaspace  ] GC(979) Metaspace: 44893K(47768K)->44893K(47768K) NonClass: 39627K(41216K)->39627K(41216K) Class: 5266K(6552K)->5266K(6552K)
[2023-11-18T11:48:52.555+0000][gc            ] GC(979) Pause Young (Normal) (G1 Evacuation Pause) 354M->327M(512M) 13.589ms
[2023-11-18T11:48:52.555+0000][gc,cpu        ] GC(979) User=0.03s Sys=0.00s Real=0.02s
[2023-11-18T11:50:57.856+0000][gc,start      ] GC(980) Pause Young (Normal) (G1 Evacuation Pause)
[2023-11-18T11:50:57.856+0000][gc,task       ] GC(980) Using 2 workers of 2 for evacuation
[2023-11-18T11:50:57.867+0000][gc,phases     ] GC(980)   Pre Evacuate Collection Set: 0.0ms
[2023-11-18T11:50:57.867+0000][gc,phases     ] GC(980)   Evacuate Collection Set: 10.5ms
[2023-11-18T11:50:57.867+0000][gc,phases     ] GC(980)   Post Evacuate Collection Set: 0.3ms
[2023-11-18T11:50:57.867+0000][gc,phases     ] GC(980)   Other: 0.4ms
[2023-11-18T11:50:57.867+0000][gc,heap       ] GC(980) Eden regions: 32->0(34)
[2023-11-18T11:50:57.867+0000][gc,heap       ] GC(980) Survivor regions: 4->3(5)
[2023-11-18T11:50:57.867+0000][gc,heap       ] GC(980) Old regions: 179->180
[2023-11-18T11:50:57.867+0000][gc,heap       ] GC(980) Humongous regions: 147->147
[2023-11-18T11:50:57.867+0000][gc,metaspace  ] GC(980) Metaspace: 44893K(47768K)->44893K(47768K) NonClass: 39627K(41216K)->39627K(41216K) Class: 5266K(6552K)->5266K(6552K)
[2023-11-18T11:50:57.867+0000][gc            ] GC(980) Pause Young (Normal) (G1 Evacuation Pause) 359M->328M(512M) 11.323ms
[2023-11-18T11:50:57.867+0000][gc,cpu        ] GC(980) User=0.02s Sys=0.00s Real=0.01s
[2023-11-18T11:53:10.650+0000][gc,start      ] GC(981) Pause Young (Normal) (G1 Evacuation Pause)
[2023-11-18T11:53:10.650+0000][gc,task       ] GC(981) Using 2 workers of 2 for evacuation
[2023-11-18T11:53:10.661+0000][gc,phases     ] GC(981)   Pre Evacuate Collection Set: 0.0ms
[2023-11-18T11:53:10.661+0000][gc,phases     ] GC(981)   Evacuate Collection Set: 10.7ms
[2023-11-18T11:53:10.661+0000][gc,phases     ] GC(981)   Post Evacuate Collection Set: 0.3ms
[2023-11-18T11:53:10.661+0000][gc,phases     ] GC(981)   Other: 0.2ms
[2023-11-18T11:53:10.661+0000][gc,heap       ] GC(981) Eden regions: 34->0(37)
[2023-11-18T11:53:10.661+0000][gc,heap       ] GC(981) Survivor regions: 3->4(5)
[2023-11-18T11:53:10.661+0000][gc,heap       ] GC(981) Old regions: 180->180
[2023-11-18T11:53:10.661+0000][gc,heap       ] GC(981) Humongous regions: 147->147
[2023-11-18T11:53:10.661+0000][gc,metaspace  ] GC(981) Metaspace: 44893K(47768K)->44893K(47768K) NonClass: 39627K(41216K)->39627K(41216K) Class: 5266K(6552K)->5266K(6552K)
[2023-11-18T11:53:10.661+0000][gc            ] GC(981) Pause Young (Normal) (G1 Evacuation Pause) 362M->328M(512M) 11.317ms
[2023-11-18T11:53:10.661+0000][gc,cpu        ] GC(981) User=0.02s Sys=0.00s Real=0.01s
[2023-11-18T11:55:36.197+0000][gc,start      ] GC(982) Pause Young (Normal) (G1 Evacuation Pause)
[2023-11-18T11:55:36.197+0000][gc,task       ] GC(982) Using 2 workers of 2 for evacuation
[2023-11-18T11:55:36.210+0000][gc,phases     ] GC(982)   Pre Evacuate Collection Set: 0.0ms
[2023-11-18T11:55:36.210+0000][gc,phases     ] GC(982)   Evacuate Collection Set: 12.7ms
[2023-11-18T11:55:36.210+0000][gc,phases     ] GC(982)   Post Evacuate Collection Set: 0.3ms
[2023-11-18T11:55:36.210+0000][gc,phases     ] GC(982)   Other: 0.2ms
[2023-11-18T11:55:36.210+0000][gc,heap       ] GC(982) Eden regions: 37->0(39)
[2023-11-18T11:55:36.210+0000][gc,heap       ] GC(982) Survivor regions: 4->4(6)
[2023-11-18T11:55:36.210+0000][gc,heap       ] GC(982) Old regions: 180->182
[2023-11-18T11:55:36.210+0000][gc,heap       ] GC(982) Humongous regions: 147->147
[2023-11-18T11:55:36.210+0000][gc,metaspace  ] GC(982) Metaspace: 44893K(47768K)->44893K(47768K) NonClass: 39627K(41216K)->39627K(41216K) Class: 5266K(6552K)->5266K(6552K)
[2023-11-18T11:55:36.210+0000][gc            ] GC(982) Pause Young (Normal) (G1 Evacuation Pause) 365M->330M(512M) 13.309ms
[2023-11-18T11:55:36.210+0000][gc,cpu        ] GC(982) User=0.02s Sys=0.00s Real=0.01s
[2023-11-18T11:58:09.645+0000][gc,start      ] GC(983) Pause Young (Normal) (G1 Evacuation Pause)
[2023-11-18T11:58:09.645+0000][gc,task       ] GC(983) Using 2 workers of 2 for evacuation
[2023-11-18T11:58:09.695+0000][gc,mmu        ] GC(983) MMU target violated: 21.0ms (20.0ms/21.0ms)
[2023-11-18T11:58:09.695+0000][gc,phases     ] GC(983)   Pre Evacuate Collection Set: 0.0ms
[2023-11-18T11:58:09.695+0000][gc,phases     ] GC(983)   Evacuate Collection Set: 44.6ms
[2023-11-18T11:58:09.695+0000][gc,phases     ] GC(983)   Post Evacuate Collection Set: 2.3ms
[2023-11-18T11:58:09.695+0000][gc,phases     ] GC(983)   Other: 2.6ms
[2023-11-18T11:58:09.695+0000][gc,heap       ] GC(983) Eden regions: 39->0(19)
[2023-11-18T11:58:09.695+0000][gc,heap       ] GC(983) Survivor regions: 4->6(6)
[2023-11-18T11:58:09.695+0000][gc,heap       ] GC(983) Old regions: 182->183
[2023-11-18T11:58:09.695+0000][gc,heap       ] GC(983) Humongous regions: 147->147
[2023-11-18T11:58:09.695+0000][gc,metaspace  ] GC(983) Metaspace: 44893K(47768K)->44893K(47768K) NonClass: 39627K(41216K)->39627K(41216K) Class: 5266K(6552K)->5266K(6552K)
[2023-11-18T11:58:09.695+0000][gc            ] GC(983) Pause Young (Normal) (G1 Evacuation Pause) 369M->334M(512M) 49.557ms
[2023-11-18T11:58:09.695+0000][gc,cpu        ] GC(983) User=0.08s Sys=0.02s Real=0.05s
[2023-11-18T11:59:22.752+0000][gc,start      ] GC(984) Pause Young (Normal) (G1 Evacuation Pause)
[2023-11-18T11:59:22.752+0000][gc,task       ] GC(984) Using 2 workers of 2 for evacuation
[2023-11-18T11:59:22.766+0000][gc,phases     ] GC(984)   Pre Evacuate Collection Set: 0.0ms
[2023-11-18T11:59:22.766+0000][gc,phases     ] GC(984)   Evacuate Collection Set: 12.9ms
[2023-11-18T11:59:22.766+0000][gc,phases     ] GC(984)   Post Evacuate Collection Set: 0.3ms
[2023-11-18T11:59:22.766+0000][gc,phases     ] GC(984)   Other: 0.2ms
[2023-11-18T11:59:22.766+0000][gc,heap       ] GC(984) Eden regions: 19->0(22)
[2023-11-18T11:59:22.766+0000][gc,heap       ] GC(984) Survivor regions: 6->3(4)
[2023-11-18T11:59:22.766+0000][gc,heap       ] GC(984) Old regions: 183->186
[2023-11-18T11:59:22.766+0000][gc,heap       ] GC(984) Humongous regions: 147->147
[2023-11-18T11:59:22.766+0000][gc,metaspace  ] GC(984) Metaspace: 44893K(47768K)->44893K(47768K) NonClass: 39627K(41216K)->39627K(41216K) Class: 5266K(6552K)->5266K(6552K)
[2023-11-18T11:59:22.766+0000][gc            ] GC(984) Pause Young (Normal) (G1 Evacuation Pause) 353M->334M(512M) 13.551ms
[2023-11-18T11:59:22.766+0000][gc,cpu        ] GC(984) User=0.02s Sys=0.00s Real=0.02s
[2023-11-18T12:00:48.279+0000][gc,start      ] GC(985) Pause Young (Normal) (G1 Evacuation Pause)
[2023-11-18T12:00:48.279+0000][gc,task       ] GC(985) Using 2 workers of 2 for evacuation
[2023-11-18T12:00:48.292+0000][gc,phases     ] GC(985)   Pre Evacuate Collection Set: 0.0ms
[2023-11-18T12:00:48.292+0000][gc,phases     ] GC(985)   Evacuate Collection Set: 12.5ms
[2023-11-18T12:00:48.292+0000][gc,phases     ] GC(985)   Post Evacuate Collection Set: 0.3ms
[2023-11-18T12:00:48.292+0000][gc,phases     ] GC(985)   Other: 0.2ms
[2023-11-18T12:00:48.292+0000][gc,heap       ] GC(985) Eden regions: 22->0(21)
[2023-11-18T12:00:48.292+0000][gc,heap       ] GC(985) Survivor regions: 3->4(4)
[2023-11-18T12:00:48.292+0000][gc,heap       ] GC(985) Old regions: 186->187
[2023-11-18T12:00:48.292+0000][gc,heap       ] GC(985) Humongous regions: 147->147
[2023-11-18T12:00:48.292+0000][gc,metaspace  ] GC(985) Metaspace: 44893K(47768K)->44893K(47768K) NonClass: 39627K(41216K)->39627K(41216K) Class: 5266K(6552K)->5266K(6552K)
[2023-11-18T12:00:48.292+0000][gc            ] GC(985) Pause Young (Normal) (G1 Evacuation Pause) 356M->336M(512M) 13.190ms
[2023-11-18T12:00:48.292+0000][gc,cpu        ] GC(985) User=0.03s Sys=0.00s Real=0.01s
[2023-11-18T12:02:09.875+0000][gc,start      ] GC(986) Pause Young (Normal) (G1 Evacuation Pause)
[2023-11-18T12:02:09.875+0000][gc,task       ] GC(986) Using 2 workers of 2 for evacuation
[2023-11-18T12:02:09.891+0000][gc,phases     ] GC(986)   Pre Evacuate Collection Set: 0.0ms
[2023-11-18T12:02:09.891+0000][gc,phases     ] GC(986)   Evacuate Collection Set: 15.6ms
[2023-11-18T12:02:09.891+0000][gc,phases     ] GC(986)   Post Evacuate Collection Set: 0.5ms
[2023-11-18T12:02:09.891+0000][gc,phases     ] GC(986)   Other: 0.2ms
[2023-11-18T12:02:09.891+0000][gc,heap       ] GC(986) Eden regions: 21->0(22)
[2023-11-18T12:02:09.891+0000][gc,heap       ] GC(986) Survivor regions: 4->3(4)
[2023-11-18T12:02:09.891+0000][gc,heap       ] GC(986) Old regions: 187->189
[2023-11-18T12:02:09.891+0000][gc,heap       ] GC(986) Humongous regions: 147->147
[2023-11-18T12:02:09.891+0000][gc,metaspace  ] GC(986) Metaspace: 44893K(47768K)->44893K(47768K) NonClass: 39627K(41216K)->39627K(41216K) Class: 5266K(6552K)->5266K(6552K)
[2023-11-18T12:02:09.891+0000][gc            ] GC(986) Pause Young (Normal) (G1 Evacuation Pause) 357M->336M(512M) 16.440ms
[2023-11-18T12:02:09.891+0000][gc,cpu        ] GC(986) User=0.03s Sys=0.00s Real=0.01s
[2023-11-18T12:03:35.325+0000][gc,start      ] GC(987) Pause Young (Normal) (G1 Evacuation Pause)
[2023-11-18T12:03:35.325+0000][gc,task       ] GC(987) Using 2 workers of 2 for evacuation
[2023-11-18T12:03:35.342+0000][gc,phases     ] GC(987)   Pre Evacuate Collection Set: 0.0ms
[2023-11-18T12:03:35.342+0000][gc,phases     ] GC(987)   Evacuate Collection Set: 15.7ms
[2023-11-18T12:03:35.342+0000][gc,phases     ] GC(987)   Post Evacuate Collection Set: 0.3ms
[2023-11-18T12:03:35.342+0000][gc,phases     ] GC(987)   Other: 0.3ms
[2023-11-18T12:03:35.342+0000][gc,heap       ] GC(987) Eden regions: 22->0(22)
[2023-11-18T12:03:35.342+0000][gc,heap       ] GC(987) Survivor regions: 3->3(4)
[2023-11-18T12:03:35.342+0000][gc,heap       ] GC(987) Old regions: 189->191
[2023-11-18T12:03:35.342+0000][gc,heap       ] GC(987) Humongous regions: 147->147
[2023-11-18T12:03:35.342+0000][gc,metaspace  ] GC(987) Metaspace: 44893K(47768K)->44893K(47768K) NonClass: 39627K(41216K)->39627K(41216K) Class: 5266K(6552K)->5266K(6552K)
[2023-11-18T12:03:35.342+0000][gc            ] GC(987) Pause Young (Normal) (G1 Evacuation Pause) 358M->338M(512M) 16.328ms
[2023-11-18T12:03:35.342+0000][gc,cpu        ] GC(987) User=0.03s Sys=0.01s Real=0.02s
[2023-11-18T12:05:00.313+0000][gc,start      ] GC(988) Pause Young (Normal) (G1 Evacuation Pause)
[2023-11-18T12:05:00.313+0000][gc,task       ] GC(988) Using 2 workers of 2 for evacuation
[2023-11-18T12:05:00.325+0000][gc,phases     ] GC(988)   Pre Evacuate Collection Set: 0.0ms
[2023-11-18T12:05:00.325+0000][gc,phases     ] GC(988)   Evacuate Collection Set: 11.1ms
[2023-11-18T12:05:00.325+0000][gc,phases     ] GC(988)   Post Evacuate Collection Set: 0.4ms
[2023-11-18T12:05:00.325+0000][gc,phases     ] GC(988)   Other: 0.2ms
[2023-11-18T12:05:00.325+0000][gc,heap       ] GC(988) Eden regions: 22->0(24)
[2023-11-18T12:05:00.325+0000][gc,heap       ] GC(988) Survivor regions: 3->3(4)
[2023-11-18T12:05:00.325+0000][gc,heap       ] GC(988) Old regions: 191->192
[2023-11-18T12:05:00.325+0000][gc,heap       ] GC(988) Humongous regions: 147->147
[2023-11-18T12:05:00.325+0000][gc,metaspace  ] GC(988) Metaspace: 44893K(47768K)->44893K(47768K) NonClass: 39627K(41216K)->39627K(41216K) Class: 5266K(6552K)->5266K(6552K)
[2023-11-18T12:05:00.325+0000][gc            ] GC(988) Pause Young (Normal) (G1 Evacuation Pause) 360M->339M(512M) 11.771ms
[2023-11-18T12:05:00.325+0000][gc,cpu        ] GC(988) User=0.02s Sys=0.00s Real=0.01s
[2023-11-18T12:06:25.935+0000][gc,start      ] GC(989) Pause Young (Normal) (G1 Evacuation Pause)
[2023-11-18T12:06:25.935+0000][gc,task       ] GC(989) Using 2 workers of 2 for evacuation
[2023-11-18T12:06:25.950+0000][gc,phases     ] GC(989)   Pre Evacuate Collection Set: 0.0ms
[2023-11-18T12:06:25.950+0000][gc,phases     ] GC(989)   Evacuate Collection Set: 14.2ms
[2023-11-18T12:06:25.950+0000][gc,phases     ] GC(989)   Post Evacuate Collection Set: 0.4ms
[2023-11-18T12:06:25.950+0000][gc,phases     ] GC(989)   Other: 0.3ms
[2023-11-18T12:06:25.950+0000][gc,heap       ] GC(989) Eden regions: 22->0(26)
[2023-11-18T12:06:25.950+0000][gc,heap       ] GC(989) Survivor regions: 3->3(4)
[2023-11-18T12:06:25.950+0000][gc,heap       ] GC(989) Old regions: 192->194
[2023-11-18T12:06:25.950+0000][gc,heap       ] GC(989) Humongous regions: 147->147
[2023-11-18T12:06:25.950+0000][gc,metaspace  ] GC(989) Metaspace: 44893K(47768K)->44893K(47768K) NonClass: 39627K(41216K)->39627K(41216K) Class: 5266K(6552K)->5266K(6552K)
[2023-11-18T12:06:25.950+0000][gc            ] GC(989) Pause Young (Normal) (G1 Evacuation Pause) 361M->342M(512M) 15.057ms
[2023-11-18T12:06:25.950+0000][gc,cpu        ] GC(989) User=0.03s Sys=0.00s Real=0.01s
[2023-11-18T12:07:42.837+0000][gc,start      ] GC(990) Pause Young (Normal) (G1 Evacuation Pause)
[2023-11-18T12:07:42.837+0000][gc,task       ] GC(990) Using 2 workers of 2 for evacuation
[2023-11-18T12:07:42.858+0000][gc,mmu        ] GC(990) MMU target violated: 20.9ms (20.0ms/21.0ms)
[2023-11-18T12:07:42.858+0000][gc,phases     ] GC(990)   Pre Evacuate Collection Set: 0.0ms
[2023-11-18T12:07:42.858+0000][gc,phases     ] GC(990)   Evacuate Collection Set: 20.5ms
[2023-11-18T12:07:42.858+0000][gc,phases     ] GC(990)   Post Evacuate Collection Set: 0.3ms
[2023-11-18T12:07:42.858+0000][gc,phases     ] GC(990)   Other: 0.3ms
[2023-11-18T12:07:42.858+0000][gc,heap       ] GC(990) Eden regions: 22->0(22)
[2023-11-18T12:07:42.858+0000][gc,heap       ] GC(990) Survivor regions: 3->4(4)
[2023-11-18T12:07:42.858+0000][gc,heap       ] GC(990) Old regions: 194->195
[2023-11-18T12:07:42.858+0000][gc,heap       ] GC(990) Humongous regions: 147->147
[2023-11-18T12:07:42.858+0000][gc,metaspace  ] GC(990) Metaspace: 44893K(47768K)->44893K(47768K) NonClass: 39627K(41216K)->39627K(41216K) Class: 5266K(6552K)->5266K(6552K)
[2023-11-18T12:07:42.858+0000][gc            ] GC(990) Pause Young (Normal) (G1 Evacuation Pause) 364M->344M(512M) 21.252ms
[2023-11-18T12:07:42.858+0000][gc,cpu        ] GC(990) User=0.04s Sys=0.00s Real=0.02s
[2023-11-18T12:08:51.220+0000][gc,start      ] GC(991) Pause Young (Normal) (G1 Evacuation Pause)
[2023-11-18T12:08:51.220+0000][gc,task       ] GC(991) Using 2 workers of 2 for evacuation
[2023-11-18T12:08:51.239+0000][gc,phases     ] GC(991)   Pre Evacuate Collection Set: 0.0ms
[2023-11-18T12:08:51.239+0000][gc,phases     ] GC(991)   Evacuate Collection Set: 18.5ms
[2023-11-18T12:08:51.239+0000][gc,phases     ] GC(991)   Post Evacuate Collection Set: 0.4ms
[2023-11-18T12:08:51.239+0000][gc,phases     ] GC(991)   Other: 0.2ms
[2023-11-18T12:08:51.239+0000][gc,heap       ] GC(991) Eden regions: 21->0(21)
[2023-11-18T12:08:51.239+0000][gc,heap       ] GC(991) Survivor regions: 4->4(4)
[2023-11-18T12:08:51.239+0000][gc,heap       ] GC(991) Old regions: 195->199
[2023-11-18T12:08:51.239+0000][gc,heap       ] GC(991) Humongous regions: 147->147
[2023-11-18T12:08:51.239+0000][gc,metaspace  ] GC(991) Metaspace: 44894K(47768K)->44894K(47768K) NonClass: 39627K(41216K)->39627K(41216K) Class: 5266K(6552K)->5266K(6552K)
[2023-11-18T12:08:51.239+0000][gc            ] GC(991) Pause Young (Normal) (G1 Evacuation Pause) 365M->348M(512M) 19.221ms
[2023-11-18T12:08:51.239+0000][gc,cpu        ] GC(991) User=0.04s Sys=0.00s Real=0.02s
[2023-11-18T12:10:12.220+0000][gc,start      ] GC(992) Pause Young (Normal) (G1 Evacuation Pause)
[2023-11-18T12:10:12.220+0000][gc,task       ] GC(992) Using 2 workers of 2 for evacuation
[2023-11-18T12:10:12.247+0000][gc,mmu        ] GC(992) MMU target violated: 21.0ms (20.0ms/21.0ms)
[2023-11-18T12:10:12.247+0000][gc,phases     ] GC(992)   Pre Evacuate Collection Set: 0.0ms
[2023-11-18T12:10:12.247+0000][gc,phases     ] GC(992)   Evacuate Collection Set: 26.2ms
[2023-11-18T12:10:12.247+0000][gc,phases     ] GC(992)   Post Evacuate Collection Set: 0.3ms
[2023-11-18T12:10:12.247+0000][gc,phases     ] GC(992)   Other: 0.3ms
[2023-11-18T12:10:12.247+0000][gc,heap       ] GC(992) Eden regions: 21->0(23)
[2023-11-18T12:10:12.247+0000][gc,heap       ] GC(992) Survivor regions: 4->2(4)
[2023-11-18T12:10:12.247+0000][gc,heap       ] GC(992) Old regions: 199->202
[2023-11-18T12:10:12.247+0000][gc,heap       ] GC(992) Humongous regions: 147->147
[2023-11-18T12:10:12.247+0000][gc,metaspace  ] GC(992) Metaspace: 44894K(47768K)->44894K(47768K) NonClass: 39627K(41216K)->39627K(41216K) Class: 5266K(6552K)->5266K(6552K)
[2023-11-18T12:10:12.247+0000][gc            ] GC(992) Pause Young (Normal) (G1 Evacuation Pause) 369M->349M(512M) 26.811ms
[2023-11-18T12:10:12.247+0000][gc,cpu        ] GC(992) User=0.04s Sys=0.01s Real=0.03s
[2023-11-18T12:11:41.220+0000][gc,start      ] GC(993) Pause Young (Normal) (G1 Evacuation Pause)
[2023-11-18T12:11:41.220+0000][gc,task       ] GC(993) Using 2 workers of 2 for evacuation
[2023-11-18T12:11:41.234+0000][gc,phases     ] GC(993)   Pre Evacuate Collection Set: 0.0ms
[2023-11-18T12:11:41.234+0000][gc,phases     ] GC(993)   Evacuate Collection Set: 13.6ms
[2023-11-18T12:11:41.234+0000][gc,phases     ] GC(993)   Post Evacuate Collection Set: 0.3ms
[2023-11-18T12:11:41.234+0000][gc,phases     ] GC(993)   Other: 0.3ms
[2023-11-18T12:11:41.234+0000][gc,heap       ] GC(993) Eden regions: 23->0(21)
[2023-11-18T12:11:41.234+0000][gc,heap       ] GC(993) Survivor regions: 2->4(4)
[2023-11-18T12:11:41.234+0000][gc,heap       ] GC(993) Old regions: 202->202
[2023-11-18T12:11:41.234+0000][gc,heap       ] GC(993) Humongous regions: 147->147
[2023-11-18T12:11:41.234+0000][gc,metaspace  ] GC(993) Metaspace: 44895K(47768K)->44895K(47768K) NonClass: 39628K(41216K)->39628K(41216K) Class: 5266K(6552K)->5266K(6552K)
[2023-11-18T12:11:41.234+0000][gc            ] GC(993) Pause Young (Normal) (G1 Evacuation Pause) 372M->351M(512M) 14.239ms
[2023-11-18T12:11:41.234+0000][gc,cpu        ] GC(993) User=0.03s Sys=0.00s Real=0.02s
[2023-11-18T12:13:03.023+0000][gc,start      ] GC(994) Pause Young (Normal) (G1 Evacuation Pause)
[2023-11-18T12:13:03.023+0000][gc,task       ] GC(994) Using 2 workers of 2 for evacuation
[2023-11-18T12:13:03.035+0000][gc,phases     ] GC(994)   Pre Evacuate Collection Set: 0.0ms
[2023-11-18T12:13:03.035+0000][gc,phases     ] GC(994)   Evacuate Collection Set: 11.1ms
[2023-11-18T12:13:03.035+0000][gc,phases     ] GC(994)   Post Evacuate Collection Set: 0.5ms
[2023-11-18T12:13:03.035+0000][gc,phases     ] GC(994)   Other: 0.2ms
[2023-11-18T12:13:03.035+0000][gc,heap       ] GC(994) Eden regions: 21->0(23)
[2023-11-18T12:13:03.035+0000][gc,heap       ] GC(994) Survivor regions: 4->2(4)
[2023-11-18T12:13:03.035+0000][gc,heap       ] GC(994) Old regions: 202->204
[2023-11-18T12:13:03.035+0000][gc,heap       ] GC(994) Humongous regions: 147->147
[2023-11-18T12:13:03.035+0000][gc,metaspace  ] GC(994) Metaspace: 44895K(47768K)->44895K(47768K) NonClass: 39628K(41216K)->39628K(41216K) Class: 5266K(6552K)->5266K(6552K)
[2023-11-18T12:13:03.035+0000][gc            ] GC(994) Pause Young (Normal) (G1 Evacuation Pause) 372M->351M(512M) 11.900ms
[2023-11-18T12:13:03.035+0000][gc,cpu        ] GC(994) User=0.02s Sys=0.00s Real=0.02s
[2023-11-18T12:14:32.685+0000][gc,start      ] GC(995) Pause Young (Normal) (G1 Evacuation Pause)
[2023-11-18T12:14:32.685+0000][gc,task       ] GC(995) Using 2 workers of 2 for evacuation
[2023-11-18T12:14:32.697+0000][gc,phases     ] GC(995)   Pre Evacuate Collection Set: 0.0ms
[2023-11-18T12:14:32.698+0000][gc,phases     ] GC(995)   Evacuate Collection Set: 12.3ms
[2023-11-18T12:14:32.698+0000][gc,phases     ] GC(995)   Post Evacuate Collection Set: 0.4ms
[2023-11-18T12:14:32.698+0000][gc,phases     ] GC(995)   Other: 0.2ms
[2023-11-18T12:14:32.698+0000][gc,heap       ] GC(995) Eden regions: 23->0(23)
[2023-11-18T12:14:32.698+0000][gc,heap       ] GC(995) Survivor regions: 2->4(4)
[2023-11-18T12:14:32.698+0000][gc,heap       ] GC(995) Old regions: 204->204
[2023-11-18T12:14:32.698+0000][gc,heap       ] GC(995) Humongous regions: 147->147
[2023-11-18T12:14:32.698+0000][gc,metaspace  ] GC(995) Metaspace: 44895K(47768K)->44895K(47768K) NonClass: 39628K(41216K)->39628K(41216K) Class: 5266K(6552K)->5266K(6552K)
[2023-11-18T12:14:32.698+0000][gc            ] GC(995) Pause Young (Normal) (G1 Evacuation Pause) 374M->353M(512M) 13.019ms
[2023-11-18T12:14:32.698+0000][gc,cpu        ] GC(995) User=0.03s Sys=0.00s Real=0.02s
[2023-11-18T12:16:01.878+0000][gc,start      ] GC(996) Pause Young (Normal) (G1 Evacuation Pause)
[2023-11-18T12:16:01.878+0000][gc,task       ] GC(996) Using 2 workers of 2 for evacuation
[2023-11-18T12:16:01.898+0000][gc,phases     ] GC(996)   Pre Evacuate Collection Set: 0.0ms
[2023-11-18T12:16:01.898+0000][gc,phases     ] GC(996)   Evacuate Collection Set: 15.1ms
[2023-11-18T12:16:01.898+0000][gc,phases     ] GC(996)   Post Evacuate Collection Set: 4.6ms
[2023-11-18T12:16:01.898+0000][gc,phases     ] GC(996)   Other: 0.3ms
[2023-11-18T12:16:01.898+0000][gc,heap       ] GC(996) Eden regions: 23->0(23)
[2023-11-18T12:16:01.898+0000][gc,heap       ] GC(996) Survivor regions: 4->3(4)
[2023-11-18T12:16:01.898+0000][gc,heap       ] GC(996) Old regions: 204->206
[2023-11-18T12:16:01.898+0000][gc,heap       ] GC(996) Humongous regions: 147->147
[2023-11-18T12:16:01.898+0000][gc,metaspace  ] GC(996) Metaspace: 44895K(47768K)->44895K(47768K) NonClass: 39628K(41216K)->39628K(41216K) Class: 5266K(6552K)->5266K(6552K)
[2023-11-18T12:16:01.898+0000][gc            ] GC(996) Pause Young (Normal) (G1 Evacuation Pause) 376M->353M(512M) 20.164ms
[2023-11-18T12:16:01.898+0000][gc,cpu        ] GC(996) User=0.03s Sys=0.01s Real=0.02s
[2023-11-18T12:17:31.497+0000][gc,start      ] GC(997) Pause Young (Normal) (G1 Evacuation Pause)
[2023-11-18T12:17:31.497+0000][gc,task       ] GC(997) Using 2 workers of 2 for evacuation
[2023-11-18T12:17:31.510+0000][gc,phases     ] GC(997)   Pre Evacuate Collection Set: 0.0ms
[2023-11-18T12:17:31.510+0000][gc,phases     ] GC(997)   Evacuate Collection Set: 12.7ms
[2023-11-18T12:17:31.510+0000][gc,phases     ] GC(997)   Post Evacuate Collection Set: 0.3ms
[2023-11-18T12:17:31.510+0000][gc,phases     ] GC(997)   Other: 0.2ms
[2023-11-18T12:17:31.510+0000][gc,heap       ] GC(997) Eden regions: 23->0(24)
[2023-11-18T12:17:31.510+0000][gc,heap       ] GC(997) Survivor regions: 3->3(4)
[2023-11-18T12:17:31.510+0000][gc,heap       ] GC(997) Old regions: 206->208
[2023-11-18T12:17:31.510+0000][gc,heap       ] GC(997) Humongous regions: 147->147
[2023-11-18T12:17:31.510+0000][gc,metaspace  ] GC(997) Metaspace: 44895K(47768K)->44895K(47768K) NonClass: 39628K(41216K)->39628K(41216K) Class: 5266K(6552K)->5266K(6552K)
[2023-11-18T12:17:31.510+0000][gc            ] GC(997) Pause Young (Normal) (G1 Evacuation Pause) 376M->356M(512M) 13.297ms
[2023-11-18T12:17:31.510+0000][gc,cpu        ] GC(997) User=0.02s Sys=0.00s Real=0.01s
[2023-11-18T12:19:03.754+0000][gc,start      ] GC(998) Pause Young (Normal) (G1 Evacuation Pause)
[2023-11-18T12:19:03.754+0000][gc,task       ] GC(998) Using 2 workers of 2 for evacuation
[2023-11-18T12:19:03.767+0000][gc,phases     ] GC(998)   Pre Evacuate Collection Set: 0.0ms
[2023-11-18T12:19:03.767+0000][gc,phases     ] GC(998)   Evacuate Collection Set: 12.5ms
[2023-11-18T12:19:03.767+0000][gc,phases     ] GC(998)   Post Evacuate Collection Set: 0.3ms
[2023-11-18T12:19:03.767+0000][gc,phases     ] GC(998)   Other: 0.2ms
[2023-11-18T12:19:03.767+0000][gc,heap       ] GC(998) Eden regions: 24->0(25)
[2023-11-18T12:19:03.767+0000][gc,heap       ] GC(998) Survivor regions: 3->3(4)
[2023-11-18T12:19:03.767+0000][gc,heap       ] GC(998) Old regions: 208->209
[2023-11-18T12:19:03.767+0000][gc,heap       ] GC(998) Humongous regions: 147->147
[2023-11-18T12:19:03.767+0000][gc,metaspace  ] GC(998) Metaspace: 44895K(47768K)->44895K(47768K) NonClass: 39628K(41216K)->39628K(41216K) Class: 5266K(6552K)->5266K(6552K)
[2023-11-18T12:19:03.767+0000][gc            ] GC(998) Pause Young (Normal) (G1 Evacuation Pause) 380M->357M(512M) 13.095ms
[2023-11-18T12:19:03.767+0000][gc,cpu        ] GC(998) User=0.03s Sys=0.00s Real=0.01s
[2023-11-18T12:20:40.351+0000][gc,start      ] GC(999) Pause Young (Normal) (G1 Evacuation Pause)
[2023-11-18T12:20:40.351+0000][gc,task       ] GC(999) Using 2 workers of 2 for evacuation
[2023-11-18T12:20:40.362+0000][gc,phases     ] GC(999)   Pre Evacuate Collection Set: 0.0ms
[2023-11-18T12:20:40.362+0000][gc,phases     ] GC(999)   Evacuate Collection Set: 9.7ms
[2023-11-18T12:20:40.362+0000][gc,phases     ] GC(999)   Post Evacuate Collection Set: 0.4ms
[2023-11-18T12:20:40.362+0000][gc,phases     ] GC(999)   Other: 0.3ms
[2023-11-18T12:20:40.362+0000][gc,heap       ] GC(999) Eden regions: 25->0(29)
[2023-11-18T12:20:40.362+0000][gc,heap       ] GC(999) Survivor regions: 3->2(4)
[2023-11-18T12:20:40.362+0000][gc,heap       ] GC(999) Old regions: 209->211
[2023-11-18T12:20:40.362+0000][gc,heap       ] GC(999) Humongous regions: 147->147
[2023-11-18T12:20:40.362+0000][gc,metaspace  ] GC(999) Metaspace: 44897K(47768K)->44897K(47768K) NonClass: 39631K(41216K)->39631K(41216K) Class: 5266K(6552K)->5266K(6552K)
[2023-11-18T12:20:40.362+0000][gc            ] GC(999) Pause Young (Normal) (G1 Evacuation Pause) 382M->357M(512M) 10.548ms
[2023-11-18T12:20:40.362+0000][gc,cpu        ] GC(999) User=0.01s Sys=0.00s Real=0.01s
[2023-11-18T12:22:34.138+0000][gc,start      ] GC(1000) Pause Young (Normal) (G1 Evacuation Pause)
[2023-11-18T12:22:34.138+0000][gc,task       ] GC(1000) Using 2 workers of 2 for evacuation
[2023-11-18T12:22:34.157+0000][gc,phases     ] GC(1000)   Pre Evacuate Collection Set: 0.0ms
[2023-11-18T12:22:34.157+0000][gc,phases     ] GC(1000)   Evacuate Collection Set: 18.9ms
[2023-11-18T12:22:34.157+0000][gc,phases     ] GC(1000)   Post Evacuate Collection Set: 0.3ms
[2023-11-18T12:22:34.157+0000][gc,phases     ] GC(1000)   Other: 0.4ms
[2023-11-18T12:22:34.157+0000][gc,heap       ] GC(1000) Eden regions: 29->0(27)
[2023-11-18T12:22:34.157+0000][gc,heap       ] GC(1000) Survivor regions: 2->4(4)
[2023-11-18T12:22:34.157+0000][gc,heap       ] GC(1000) Old regions: 211->211
[2023-11-18T12:22:34.157+0000][gc,heap       ] GC(1000) Humongous regions: 147->147
[2023-11-18T12:22:34.157+0000][gc,metaspace  ] GC(1000) Metaspace: 44897K(47768K)->44897K(47768K) NonClass: 39631K(41216K)->39631K(41216K) Class: 5266K(6552K)->5266K(6552K)
[2023-11-18T12:22:34.157+0000][gc            ] GC(1000) Pause Young (Normal) (G1 Evacuation Pause) 386M->360M(512M) 19.685ms
[2023-11-18T12:22:34.157+0000][gc,cpu        ] GC(1000) User=0.03s Sys=0.00s Real=0.02s
[2023-11-18T12:24:18.709+0000][gc,start      ] GC(1001) Pause Young (Normal) (G1 Evacuation Pause)
[2023-11-18T12:24:18.709+0000][gc,task       ] GC(1001) Using 2 workers of 2 for evacuation
[2023-11-18T12:24:18.722+0000][gc,phases     ] GC(1001)   Pre Evacuate Collection Set: 0.0ms
[2023-11-18T12:24:18.722+0000][gc,phases     ] GC(1001)   Evacuate Collection Set: 12.8ms
[2023-11-18T12:24:18.722+0000][gc,phases     ] GC(1001)   Post Evacuate Collection Set: 0.4ms
[2023-11-18T12:24:18.722+0000][gc,phases     ] GC(1001)   Other: 0.2ms
[2023-11-18T12:24:18.722+0000][gc,heap       ] GC(1001) Eden regions: 27->0(30)
[2023-11-18T12:24:18.722+0000][gc,heap       ] GC(1001) Survivor regions: 4->3(4)
[2023-11-18T12:24:18.722+0000][gc,heap       ] GC(1001) Old regions: 211->213
[2023-11-18T12:24:18.722+0000][gc,heap       ] GC(1001) Humongous regions: 147->147
[2023-11-18T12:24:18.722+0000][gc,metaspace  ] GC(1001) Metaspace: 44897K(47768K)->44897K(47768K) NonClass: 39631K(41216K)->39631K(41216K) Class: 5266K(6552K)->5266K(6552K)
[2023-11-18T12:24:18.722+0000][gc            ] GC(1001) Pause Young (Normal) (G1 Evacuation Pause) 387M->361M(512M) 13.456ms
[2023-11-18T12:24:18.722+0000][gc,cpu        ] GC(1001) User=0.03s Sys=0.00s Real=0.01s
[2023-11-18T12:26:15.914+0000][gc,start      ] GC(1002) Pause Young (Normal) (G1 Evacuation Pause)
[2023-11-18T12:26:15.914+0000][gc,task       ] GC(1002) Using 2 workers of 2 for evacuation
[2023-11-18T12:26:15.925+0000][gc,phases     ] GC(1002)   Pre Evacuate Collection Set: 0.0ms
[2023-11-18T12:26:15.925+0000][gc,phases     ] GC(1002)   Evacuate Collection Set: 9.6ms
[2023-11-18T12:26:15.925+0000][gc,phases     ] GC(1002)   Post Evacuate Collection Set: 0.3ms
[2023-11-18T12:26:15.925+0000][gc,phases     ] GC(1002)   Other: 0.3ms
[2023-11-18T12:26:15.925+0000][gc,heap       ] GC(1002) Eden regions: 30->0(36)
[2023-11-18T12:26:15.925+0000][gc,heap       ] GC(1002) Survivor regions: 3->3(5)
[2023-11-18T12:26:15.925+0000][gc,heap       ] GC(1002) Old regions: 213->213
[2023-11-18T12:26:15.925+0000][gc,heap       ] GC(1002) Humongous regions: 147->147
[2023-11-18T12:26:15.925+0000][gc,metaspace  ] GC(1002) Metaspace: 44897K(47768K)->44897K(47768K) NonClass: 39631K(41216K)->39631K(41216K) Class: 5266K(6552K)->5266K(6552K)
[2023-11-18T12:26:15.925+0000][gc            ] GC(1002) Pause Young (Normal) (G1 Evacuation Pause) 391M->361M(512M) 10.350ms
[2023-11-18T12:26:15.925+0000][gc,cpu        ] GC(1002) User=0.01s Sys=0.00s Real=0.00s
[2023-11-18T12:28:36.842+0000][gc,start      ] GC(1003) Pause Young (Normal) (G1 Evacuation Pause)
[2023-11-18T12:28:36.842+0000][gc,task       ] GC(1003) Using 2 workers of 2 for evacuation
[2023-11-18T12:28:36.862+0000][gc,phases     ] GC(1003)   Pre Evacuate Collection Set: 0.0ms
[2023-11-18T12:28:36.862+0000][gc,phases     ] GC(1003)   Evacuate Collection Set: 19.5ms
[2023-11-18T12:28:36.862+0000][gc,phases     ] GC(1003)   Post Evacuate Collection Set: 0.3ms
[2023-11-18T12:28:36.862+0000][gc,phases     ] GC(1003)   Other: 0.2ms
[2023-11-18T12:28:36.862+0000][gc,heap       ] GC(1003) Eden regions: 36->0(32)
[2023-11-18T12:28:36.862+0000][gc,heap       ] GC(1003) Survivor regions: 3->5(5)
[2023-11-18T12:28:36.862+0000][gc,heap       ] GC(1003) Old regions: 213->215
[2023-11-18T12:28:36.862+0000][gc,heap       ] GC(1003) Humongous regions: 147->147
[2023-11-18T12:28:36.862+0000][gc,metaspace  ] GC(1003) Metaspace: 44897K(47768K)->44897K(47768K) NonClass: 39631K(41216K)->39631K(41216K) Class: 5266K(6552K)->5266K(6552K)
[2023-11-18T12:28:36.862+0000][gc            ] GC(1003) Pause Young (Normal) (G1 Evacuation Pause) 397M->365M(512M) 20.102ms
[2023-11-18T12:28:36.862+0000][gc,cpu        ] GC(1003) User=0.04s Sys=0.00s Real=0.02s
[2023-11-18T12:30:41.858+0000][gc,start      ] GC(1004) Pause Young (Normal) (G1 Evacuation Pause)
[2023-11-18T12:30:41.858+0000][gc,task       ] GC(1004) Using 2 workers of 2 for evacuation
[2023-11-18T12:30:41.872+0000][gc,phases     ] GC(1004)   Pre Evacuate Collection Set: 0.0ms
[2023-11-18T12:30:41.872+0000][gc,phases     ] GC(1004)   Evacuate Collection Set: 13.9ms
[2023-11-18T12:30:41.872+0000][gc,phases     ] GC(1004)   Post Evacuate Collection Set: 0.4ms
[2023-11-18T12:30:41.872+0000][gc,phases     ] GC(1004)   Other: 0.2ms
[2023-11-18T12:30:41.872+0000][gc,heap       ] GC(1004) Eden regions: 32->0(35)
[2023-11-18T12:30:41.872+0000][gc,heap       ] GC(1004) Survivor regions: 5->4(5)
[2023-11-18T12:30:41.872+0000][gc,heap       ] GC(1004) Old regions: 215->217
[2023-11-18T12:30:41.872+0000][gc,heap       ] GC(1004) Humongous regions: 147->147
[2023-11-18T12:30:41.872+0000][gc,metaspace  ] GC(1004) Metaspace: 44902K(47768K)->44902K(47768K) NonClass: 39635K(41216K)->39635K(41216K) Class: 5266K(6552K)->5266K(6552K)
[2023-11-18T12:30:41.872+0000][gc            ] GC(1004) Pause Young (Normal) (G1 Evacuation Pause) 397M->365M(512M) 14.560ms
[2023-11-18T12:30:41.872+0000][gc,cpu        ] GC(1004) User=0.03s Sys=0.00s Real=0.01s
[2023-11-18T12:32:59.561+0000][gc,start      ] GC(1005) Pause Young (Normal) (G1 Evacuation Pause)
[2023-11-18T12:32:59.561+0000][gc,task       ] GC(1005) Using 2 workers of 2 for evacuation
[2023-11-18T12:32:59.573+0000][gc,phases     ] GC(1005)   Pre Evacuate Collection Set: 0.0ms
[2023-11-18T12:32:59.573+0000][gc,phases     ] GC(1005)   Evacuate Collection Set: 11.6ms
[2023-11-18T12:32:59.573+0000][gc,phases     ] GC(1005)   Post Evacuate Collection Set: 0.3ms
[2023-11-18T12:32:59.573+0000][gc,phases     ] GC(1005)   Other: 0.2ms
[2023-11-18T12:32:59.573+0000][gc,heap       ] GC(1005) Eden regions: 35->0(38)
[2023-11-18T12:32:59.573+0000][gc,heap       ] GC(1005) Survivor regions: 4->4(5)
[2023-11-18T12:32:59.573+0000][gc,heap       ] GC(1005) Old regions: 217->219
[2023-11-18T12:32:59.573+0000][gc,heap       ] GC(1005) Humongous regions: 147->147
[2023-11-18T12:32:59.573+0000][gc,metaspace  ] GC(1005) Metaspace: 44902K(47768K)->44902K(47768K) NonClass: 39635K(41216K)->39635K(41216K) Class: 5266K(6552K)->5266K(6552K)
[2023-11-18T12:32:59.573+0000][gc            ] GC(1005) Pause Young (Normal) (G1 Evacuation Pause) 400M->367M(512M) 12.212ms
[2023-11-18T12:32:59.573+0000][gc,cpu        ] GC(1005) User=0.03s Sys=0.00s Real=0.01s
[2023-11-18T12:35:28.301+0000][gc,start      ] GC(1006) Pause Young (Normal) (G1 Evacuation Pause)
[2023-11-18T12:35:28.301+0000][gc,task       ] GC(1006) Using 2 workers of 2 for evacuation
[2023-11-18T12:35:28.314+0000][gc,phases     ] GC(1006)   Pre Evacuate Collection Set: 0.0ms
[2023-11-18T12:35:28.314+0000][gc,phases     ] GC(1006)   Evacuate Collection Set: 12.9ms
[2023-11-18T12:35:28.314+0000][gc,phases     ] GC(1006)   Post Evacuate Collection Set: 0.5ms
[2023-11-18T12:35:28.314+0000][gc,phases     ] GC(1006)   Other: 0.2ms
[2023-11-18T12:35:28.314+0000][gc,heap       ] GC(1006) Eden regions: 38->0(40)
[2023-11-18T12:35:28.314+0000][gc,heap       ] GC(1006) Survivor regions: 4->5(6)
[2023-11-18T12:35:28.314+0000][gc,heap       ] GC(1006) Old regions: 219->219
[2023-11-18T12:35:28.314+0000][gc,heap       ] GC(1006) Humongous regions: 147->147
[2023-11-18T12:35:28.314+0000][gc,metaspace  ] GC(1006) Metaspace: 44902K(47768K)->44902K(47768K) NonClass: 39635K(41216K)->39635K(41216K) Class: 5266K(6552K)->5266K(6552K)
[2023-11-18T12:35:28.314+0000][gc            ] GC(1006) Pause Young (Normal) (G1 Evacuation Pause) 405M->368M(512M) 13.691ms
[2023-11-18T12:35:28.314+0000][gc,cpu        ] GC(1006) User=0.03s Sys=0.00s Real=0.02s
[2023-11-18T12:38:05.393+0000][gc,start      ] GC(1007) Pause Young (Normal) (G1 Evacuation Pause)
[2023-11-18T12:38:05.393+0000][gc,task       ] GC(1007) Using 2 workers of 2 for evacuation
[2023-11-18T12:38:05.428+0000][gc,mmu        ] GC(1007) MMU target violated: 21.0ms (20.0ms/21.0ms)
[2023-11-18T12:38:05.428+0000][gc,phases     ] GC(1007)   Pre Evacuate Collection Set: 0.0ms
[2023-11-18T12:38:05.428+0000][gc,phases     ] GC(1007)   Evacuate Collection Set: 34.4ms
[2023-11-18T12:38:05.428+0000][gc,phases     ] GC(1007)   Post Evacuate Collection Set: 0.4ms
[2023-11-18T12:38:05.428+0000][gc,phases     ] GC(1007)   Other: 0.3ms
[2023-11-18T12:38:05.428+0000][gc,heap       ] GC(1007) Eden regions: 40->0(20)
[2023-11-18T12:38:05.428+0000][gc,heap       ] GC(1007) Survivor regions: 5->5(6)
[2023-11-18T12:38:05.428+0000][gc,heap       ] GC(1007) Old regions: 219->220
[2023-11-18T12:38:05.428+0000][gc,heap       ] GC(1007) Humongous regions: 147->147
[2023-11-18T12:38:05.428+0000][gc,metaspace  ] GC(1007) Metaspace: 44902K(47768K)->44902K(47768K) NonClass: 39635K(41216K)->39635K(41216K) Class: 5266K(6552K)->5266K(6552K)
[2023-11-18T12:38:05.428+0000][gc            ] GC(1007) Pause Young (Normal) (G1 Evacuation Pause) 408M->370M(512M) 35.122ms
[2023-11-18T12:38:05.428+0000][gc,cpu        ] GC(1007) User=0.06s Sys=0.01s Real=0.04s
[2023-11-18T12:39:22.216+0000][gc,start      ] GC(1008) Pause Young (Normal) (G1 Evacuation Pause)
[2023-11-18T12:39:22.216+0000][gc,task       ] GC(1008) Using 2 workers of 2 for evacuation
[2023-11-18T12:39:22.236+0000][gc,phases     ] GC(1008)   Pre Evacuate Collection Set: 0.0ms
[2023-11-18T12:39:22.236+0000][gc,phases     ] GC(1008)   Evacuate Collection Set: 19.4ms
[2023-11-18T12:39:22.236+0000][gc,phases     ] GC(1008)   Post Evacuate Collection Set: 0.3ms
[2023-11-18T12:39:22.236+0000][gc,phases     ] GC(1008)   Other: 0.2ms
[2023-11-18T12:39:22.236+0000][gc,heap       ] GC(1008) Eden regions: 20->0(23)
[2023-11-18T12:39:22.236+0000][gc,heap       ] GC(1008) Survivor regions: 5->3(4)
[2023-11-18T12:39:22.236+0000][gc,heap       ] GC(1008) Old regions: 220->224
[2023-11-18T12:39:22.236+0000][gc,heap       ] GC(1008) Humongous regions: 147->147
[2023-11-18T12:39:22.236+0000][gc,metaspace  ] GC(1008) Metaspace: 44902K(47768K)->44902K(47768K) NonClass: 39635K(41216K)->39635K(41216K) Class: 5266K(6552K)->5266K(6552K)
[2023-11-18T12:39:22.236+0000][gc            ] GC(1008) Pause Young (Normal) (G1 Evacuation Pause) 390M->372M(512M) 20.014ms
[2023-11-18T12:39:22.236+0000][gc,cpu        ] GC(1008) User=0.04s Sys=0.00s Real=0.02s
[2023-11-18T12:40:47.284+0000][gc,start      ] GC(1009) Pause Young (Normal) (G1 Evacuation Pause)
[2023-11-18T12:40:47.284+0000][gc,task       ] GC(1009) Using 2 workers of 2 for evacuation
[2023-11-18T12:40:47.294+0000][gc,phases     ] GC(1009)   Pre Evacuate Collection Set: 0.0ms
[2023-11-18T12:40:47.294+0000][gc,phases     ] GC(1009)   Evacuate Collection Set: 8.3ms
[2023-11-18T12:40:47.294+0000][gc,phases     ] GC(1009)   Post Evacuate Collection Set: 0.8ms
[2023-11-18T12:40:47.294+0000][gc,phases     ] GC(1009)   Other: 0.2ms
[2023-11-18T12:40:47.294+0000][gc,heap       ] GC(1009) Eden regions: 22->0(34)
[2023-11-18T12:40:47.294+0000][gc,heap       ] GC(1009) Survivor regions: 3->2(4)
[2023-11-18T12:40:47.294+0000][gc,heap       ] GC(1009) Old regions: 224->226
[2023-11-18T12:40:47.294+0000][gc,heap       ] GC(1009) Humongous regions: 147->147
[2023-11-18T12:40:47.294+0000][gc,metaspace  ] GC(1009) Metaspace: 44902K(47768K)->44902K(47768K) NonClass: 39635K(41216K)->39635K(41216K) Class: 5266K(6552K)->5266K(6552K)
[2023-11-18T12:40:47.294+0000][gc            ] GC(1009) Pause Young (Normal) (G1 Evacuation Pause) 394M->373M(512M) 9.484ms
[2023-11-18T12:40:47.294+0000][gc,cpu        ] GC(1009) User=0.02s Sys=0.00s Real=0.02s
[2023-11-18T12:42:41.062+0000][gc,start      ] GC(1010) Pause Young (Normal) (G1 Evacuation Pause)
[2023-11-18T12:42:41.062+0000][gc,task       ] GC(1010) Using 2 workers of 2 for evacuation
[2023-11-18T12:42:41.078+0000][gc,phases     ] GC(1010)   Pre Evacuate Collection Set: 0.1ms
[2023-11-18T12:42:41.078+0000][gc,phases     ] GC(1010)   Evacuate Collection Set: 15.8ms
[2023-11-18T12:42:41.078+0000][gc,phases     ] GC(1010)   Post Evacuate Collection Set: 0.3ms
[2023-11-18T12:42:41.078+0000][gc,phases     ] GC(1010)   Other: 0.2ms
[2023-11-18T12:42:41.078+0000][gc,heap       ] GC(1010) Eden regions: 29->0(28)
[2023-11-18T12:42:41.078+0000][gc,heap       ] GC(1010) Survivor regions: 2->4(4)
[2023-11-18T12:42:41.078+0000][gc,heap       ] GC(1010) Old regions: 226->227
[2023-11-18T12:42:41.078+0000][gc,heap       ] GC(1010) Humongous regions: 147->147
[2023-11-18T12:42:41.078+0000][gc,metaspace  ] GC(1010) Metaspace: 44902K(47768K)->44902K(47768K) NonClass: 39635K(41216K)->39635K(41216K) Class: 5266K(6552K)->5266K(6552K)
[2023-11-18T12:42:41.078+0000][gc            ] GC(1010) Pause Young (Normal) (G1 Evacuation Pause) 402M->376M(512M) 16.484ms
[2023-11-18T12:42:41.078+0000][gc,cpu        ] GC(1010) User=0.03s Sys=0.00s Real=0.02s
[2023-11-18T12:44:29.736+0000][gc,start      ] GC(1011) Pause Young (Normal) (G1 Evacuation Pause)
[2023-11-18T12:44:29.736+0000][gc,task       ] GC(1011) Using 2 workers of 2 for evacuation
[2023-11-18T12:44:29.750+0000][gc,phases     ] GC(1011)   Pre Evacuate Collection Set: 0.0ms
[2023-11-18T12:44:29.750+0000][gc,phases     ] GC(1011)   Evacuate Collection Set: 13.5ms
[2023-11-18T12:44:29.750+0000][gc,phases     ] GC(1011)   Post Evacuate Collection Set: 0.3ms
[2023-11-18T12:44:29.750+0000][gc,phases     ] GC(1011)   Other: 0.2ms
[2023-11-18T12:44:29.750+0000][gc,heap       ] GC(1011) Eden regions: 28->0(29)
[2023-11-18T12:44:29.750+0000][gc,heap       ] GC(1011) Survivor regions: 4->3(4)
[2023-11-18T12:44:29.750+0000][gc,heap       ] GC(1011) Old regions: 227->228
[2023-11-18T12:44:29.750+0000][gc,heap       ] GC(1011) Humongous regions: 147->147
[2023-11-18T12:44:29.750+0000][gc,metaspace  ] GC(1011) Metaspace: 44902K(47768K)->44902K(47768K) NonClass: 39635K(41216K)->39635K(41216K) Class: 5266K(6552K)->5266K(6552K)
[2023-11-18T12:44:29.750+0000][gc            ] GC(1011) Pause Young (Normal) (G1 Evacuation Pause) 404M->376M(512M) 14.087ms
[2023-11-18T12:44:29.750+0000][gc,cpu        ] GC(1011) User=0.02s Sys=0.00s Real=0.01s
[2023-11-18T12:46:18.265+0000][gc,start      ] GC(1012) Pause Young (Normal) (G1 Evacuation Pause)
[2023-11-18T12:46:18.265+0000][gc,task       ] GC(1012) Using 2 workers of 2 for evacuation
[2023-11-18T12:46:18.275+0000][gc,phases     ] GC(1012)   Pre Evacuate Collection Set: 0.0ms
[2023-11-18T12:46:18.275+0000][gc,phases     ] GC(1012)   Evacuate Collection Set: 9.7ms
[2023-11-18T12:46:18.275+0000][gc,phases     ] GC(1012)   Post Evacuate Collection Set: 0.3ms
[2023-11-18T12:46:18.275+0000][gc,phases     ] GC(1012)   Other: 0.2ms
[2023-11-18T12:46:18.275+0000][gc,heap       ] GC(1012) Eden regions: 28->0(33)
[2023-11-18T12:46:18.275+0000][gc,heap       ] GC(1012) Survivor regions: 3->3(4)
[2023-11-18T12:46:18.275+0000][gc,heap       ] GC(1012) Old regions: 228->229
[2023-11-18T12:46:18.275+0000][gc,heap       ] GC(1012) Humongous regions: 147->147
[2023-11-18T12:46:18.275+0000][gc,metaspace  ] GC(1012) Metaspace: 44902K(47768K)->44902K(47768K) NonClass: 39635K(41216K)->39635K(41216K) Class: 5266K(6552K)->5266K(6552K)
[2023-11-18T12:46:18.275+0000][gc            ] GC(1012) Pause Young (Normal) (G1 Evacuation Pause) 404M->377M(512M) 10.387ms
[2023-11-18T12:46:18.275+0000][gc,cpu        ] GC(1012) User=0.02s Sys=0.00s Real=0.02s
[2023-11-18T12:48:23.639+0000][gc,start      ] GC(1013) Pause Young (Normal) (G1 Evacuation Pause)
[2023-11-18T12:48:23.639+0000][gc,task       ] GC(1013) Using 2 workers of 2 for evacuation
[2023-11-18T12:48:23.654+0000][gc,phases     ] GC(1013)   Pre Evacuate Collection Set: 0.0ms
[2023-11-18T12:48:23.654+0000][gc,phases     ] GC(1013)   Evacuate Collection Set: 14.4ms
[2023-11-18T12:48:23.654+0000][gc,phases     ] GC(1013)   Post Evacuate Collection Set: 0.4ms
[2023-11-18T12:48:23.654+0000][gc,phases     ] GC(1013)   Other: 0.3ms
[2023-11-18T12:48:23.654+0000][gc,heap       ] GC(1013) Eden regions: 32->0(33)
[2023-11-18T12:48:23.654+0000][gc,heap       ] GC(1013) Survivor regions: 3->5(5)
[2023-11-18T12:48:23.654+0000][gc,heap       ] GC(1013) Old regions: 229->230
[2023-11-18T12:48:23.654+0000][gc,heap       ] GC(1013) Humongous regions: 147->147
[2023-11-18T12:48:23.654+0000][gc,metaspace  ] GC(1013) Metaspace: 44902K(47768K)->44902K(47768K) NonClass: 39635K(41216K)->39635K(41216K) Class: 5266K(6552K)->5266K(6552K)
[2023-11-18T12:48:23.654+0000][gc            ] GC(1013) Pause Young (Normal) (G1 Evacuation Pause) 409M->380M(512M) 15.176ms
[2023-11-18T12:48:23.654+0000][gc,cpu        ] GC(1013) User=0.03s Sys=0.00s Real=0.02s
[2023-11-18T12:50:32.877+0000][gc,start      ] GC(1014) Pause Young (Normal) (G1 Evacuation Pause)
[2023-11-18T12:50:32.877+0000][gc,task       ] GC(1014) Using 2 workers of 2 for evacuation
[2023-11-18T12:50:32.894+0000][gc,phases     ] GC(1014)   Pre Evacuate Collection Set: 0.0ms
[2023-11-18T12:50:32.894+0000][gc,phases     ] GC(1014)   Evacuate Collection Set: 16.4ms
[2023-11-18T12:50:32.894+0000][gc,phases     ] GC(1014)   Post Evacuate Collection Set: 0.4ms
[2023-11-18T12:50:32.894+0000][gc,phases     ] GC(1014)   Other: 0.2ms
[2023-11-18T12:50:32.894+0000][gc,heap       ] GC(1014) Eden regions: 33->0(34)
[2023-11-18T12:50:32.894+0000][gc,heap       ] GC(1014) Survivor regions: 5->4(5)
[2023-11-18T12:50:32.894+0000][gc,heap       ] GC(1014) Old regions: 230->232
[2023-11-18T12:50:32.894+0000][gc,heap       ] GC(1014) Humongous regions: 147->147
[2023-11-18T12:50:32.894+0000][gc,metaspace  ] GC(1014) Metaspace: 44902K(47768K)->44902K(47768K) NonClass: 39635K(41216K)->39635K(41216K) Class: 5266K(6552K)->5266K(6552K)
[2023-11-18T12:50:32.894+0000][gc            ] GC(1014) Pause Young (Normal) (G1 Evacuation Pause) 413M->381M(512M) 17.110ms
[2023-11-18T12:50:32.894+0000][gc,cpu        ] GC(1014) User=0.03s Sys=0.00s Real=0.02s
[2023-11-18T12:52:38.139+0000][gc,start      ] GC(1015) Pause Young (Normal) (G1 Evacuation Pause)
[2023-11-18T12:52:38.139+0000][gc,task       ] GC(1015) Using 2 workers of 2 for evacuation
[2023-11-18T12:52:38.152+0000][gc,phases     ] GC(1015)   Pre Evacuate Collection Set: 0.0ms
[2023-11-18T12:52:38.152+0000][gc,phases     ] GC(1015)   Evacuate Collection Set: 13.0ms
[2023-11-18T12:52:38.152+0000][gc,phases     ] GC(1015)   Post Evacuate Collection Set: 0.3ms
[2023-11-18T12:52:38.152+0000][gc,phases     ] GC(1015)   Other: 0.2ms
[2023-11-18T12:52:38.152+0000][gc,heap       ] GC(1015) Eden regions: 32->0(39)
[2023-11-18T12:52:38.152+0000][gc,heap       ] GC(1015) Survivor regions: 4->4(5)
[2023-11-18T12:52:38.152+0000][gc,heap       ] GC(1015) Old regions: 232->234
[2023-11-18T12:52:38.152+0000][gc,heap       ] GC(1015) Humongous regions: 147->147
[2023-11-18T12:52:38.152+0000][gc,metaspace  ] GC(1015) Metaspace: 44902K(47768K)->44902K(47768K) NonClass: 39635K(41216K)->39635K(41216K) Class: 5266K(6552K)->5266K(6552K)
[2023-11-18T12:52:38.152+0000][gc            ] GC(1015) Pause Young (Normal) (G1 Evacuation Pause) 413M->382M(512M) 13.591ms
[2023-11-18T12:52:38.152+0000][gc,cpu        ] GC(1015) User=0.03s Sys=0.00s Real=0.01s
[2023-11-18T12:55:11.166+0000][gc,start      ] GC(1016) Pause Young (Normal) (G1 Evacuation Pause)
[2023-11-18T12:55:11.166+0000][gc,task       ] GC(1016) Using 2 workers of 2 for evacuation
[2023-11-18T12:55:11.186+0000][gc,phases     ] GC(1016)   Pre Evacuate Collection Set: 0.0ms
[2023-11-18T12:55:11.186+0000][gc,phases     ] GC(1016)   Evacuate Collection Set: 18.6ms
[2023-11-18T12:55:11.186+0000][gc,phases     ] GC(1016)   Post Evacuate Collection Set: 0.5ms
[2023-11-18T12:55:11.186+0000][gc,phases     ] GC(1016)   Other: 0.4ms
[2023-11-18T12:55:11.186+0000][gc,heap       ] GC(1016) Eden regions: 39->0(35)
[2023-11-18T12:55:11.186+0000][gc,heap       ] GC(1016) Survivor regions: 4->5(6)
[2023-11-18T12:55:11.186+0000][gc,heap       ] GC(1016) Old regions: 234->234
[2023-11-18T12:55:11.186+0000][gc,heap       ] GC(1016) Humongous regions: 147->147
[2023-11-18T12:55:11.186+0000][gc,metaspace  ] GC(1016) Metaspace: 44902K(47768K)->44902K(47768K) NonClass: 39635K(41216K)->39635K(41216K) Class: 5266K(6552K)->5266K(6552K)
[2023-11-18T12:55:11.186+0000][gc            ] GC(1016) Pause Young (Normal) (G1 Evacuation Pause) 421M->383M(512M) 19.640ms
[2023-11-18T12:55:11.186+0000][gc,cpu        ] GC(1016) User=0.03s Sys=0.01s Real=0.02s
[2023-11-18T12:57:28.086+0000][gc,start      ] GC(1017) Pause Young (Normal) (G1 Evacuation Pause)
[2023-11-18T12:57:28.086+0000][gc,task       ] GC(1017) Using 2 workers of 2 for evacuation
[2023-11-18T12:57:28.102+0000][gc,phases     ] GC(1017)   Pre Evacuate Collection Set: 0.0ms
[2023-11-18T12:57:28.102+0000][gc,phases     ] GC(1017)   Evacuate Collection Set: 15.3ms
[2023-11-18T12:57:28.102+0000][gc,phases     ] GC(1017)   Post Evacuate Collection Set: 0.3ms
[2023-11-18T12:57:28.102+0000][gc,phases     ] GC(1017)   Other: 0.2ms
[2023-11-18T12:57:28.102+0000][gc,heap       ] GC(1017) Eden regions: 35->0(39)
[2023-11-18T12:57:28.102+0000][gc,heap       ] GC(1017) Survivor regions: 5->3(5)
[2023-11-18T12:57:28.102+0000][gc,heap       ] GC(1017) Old regions: 234->237
[2023-11-18T12:57:28.102+0000][gc,heap       ] GC(1017) Humongous regions: 147->147
[2023-11-18T12:57:28.102+0000][gc,metaspace  ] GC(1017) Metaspace: 44902K(47768K)->44902K(47768K) NonClass: 39635K(41216K)->39635K(41216K) Class: 5266K(6552K)->5266K(6552K)
[2023-11-18T12:57:28.102+0000][gc            ] GC(1017) Pause Young (Normal) (G1 Evacuation Pause) 418M->384M(512M) 15.947ms
[2023-11-18T12:57:28.102+0000][gc,cpu        ] GC(1017) User=0.03s Sys=0.00s Real=0.01s
[2023-11-18T13:00:00.374+0000][gc,start      ] GC(1018) Pause Young (Normal) (G1 Evacuation Pause)
[2023-11-18T13:00:00.374+0000][gc,task       ] GC(1018) Using 2 workers of 2 for evacuation
[2023-11-18T13:00:00.403+0000][gc,mmu        ] GC(1018) MMU target violated: 21.0ms (20.0ms/21.0ms)
[2023-11-18T13:00:00.403+0000][gc,phases     ] GC(1018)   Pre Evacuate Collection Set: 0.0ms
[2023-11-18T13:00:00.403+0000][gc,phases     ] GC(1018)   Evacuate Collection Set: 28.5ms
[2023-11-18T13:00:00.403+0000][gc,phases     ] GC(1018)   Post Evacuate Collection Set: 0.5ms
[2023-11-18T13:00:00.403+0000][gc,phases     ] GC(1018)   Other: 0.3ms
[2023-11-18T13:00:00.403+0000][gc,heap       ] GC(1018) Eden regions: 39->0(21)
[2023-11-18T13:00:00.403+0000][gc,heap       ] GC(1018) Survivor regions: 3->4(6)
[2023-11-18T13:00:00.403+0000][gc,heap       ] GC(1018) Old regions: 237->237
[2023-11-18T13:00:00.403+0000][gc,heap       ] GC(1018) Humongous regions: 147->147
[2023-11-18T13:00:00.403+0000][gc,metaspace  ] GC(1018) Metaspace: 44902K(47768K)->44902K(47768K) NonClass: 39635K(41216K)->39635K(41216K) Class: 5266K(6552K)->5266K(6552K)
[2023-11-18T13:00:00.403+0000][gc            ] GC(1018) Pause Young (Normal) (G1 Evacuation Pause) 423M->385M(512M) 29.351ms
[2023-11-18T13:00:00.403+0000][gc,cpu        ] GC(1018) User=0.05s Sys=0.01s Real=0.02s
[2023-11-18T13:01:21.291+0000][gc,start      ] GC(1019) Pause Young (Normal) (G1 Evacuation Pause)
[2023-11-18T13:01:21.291+0000][gc,task       ] GC(1019) Using 2 workers of 2 for evacuation
[2023-11-18T13:01:21.307+0000][gc,phases     ] GC(1019)   Pre Evacuate Collection Set: 0.0ms
[2023-11-18T13:01:21.307+0000][gc,phases     ] GC(1019)   Evacuate Collection Set: 15.3ms
[2023-11-18T13:01:21.307+0000][gc,phases     ] GC(1019)   Post Evacuate Collection Set: 0.3ms
[2023-11-18T13:01:21.307+0000][gc,phases     ] GC(1019)   Other: 0.2ms
[2023-11-18T13:01:21.307+0000][gc,heap       ] GC(1019) Eden regions: 21->0(22)
[2023-11-18T13:01:21.307+0000][gc,heap       ] GC(1019) Survivor regions: 4->3(4)
[2023-11-18T13:01:21.307+0000][gc,heap       ] GC(1019) Old regions: 237->240
[2023-11-18T13:01:21.307+0000][gc,heap       ] GC(1019) Humongous regions: 147->147
[2023-11-18T13:01:21.307+0000][gc,metaspace  ] GC(1019) Metaspace: 44902K(47768K)->44902K(47768K) NonClass: 39635K(41216K)->39635K(41216K) Class: 5266K(6552K)->5266K(6552K)
[2023-11-18T13:01:21.307+0000][gc            ] GC(1019) Pause Young (Normal) (G1 Evacuation Pause) 406M->388M(512M) 16.049ms
[2023-11-18T13:01:21.307+0000][gc,cpu        ] GC(1019) User=0.04s Sys=0.00s Real=0.02s
[2023-11-18T13:02:46.220+0000][gc,start      ] GC(1020) Pause Young (Normal) (G1 Evacuation Pause)
[2023-11-18T13:02:46.220+0000][gc,task       ] GC(1020) Using 2 workers of 2 for evacuation
[2023-11-18T13:02:46.240+0000][gc,phases     ] GC(1020)   Pre Evacuate Collection Set: 0.0ms
[2023-11-18T13:02:46.240+0000][gc,phases     ] GC(1020)   Evacuate Collection Set: 19.3ms
[2023-11-18T13:02:46.240+0000][gc,phases     ] GC(1020)   Post Evacuate Collection Set: 0.4ms
[2023-11-18T13:02:46.240+0000][gc,phases     ] GC(1020)   Other: 0.3ms
[2023-11-18T13:02:46.240+0000][gc,heap       ] GC(1020) Eden regions: 22->0(23)
[2023-11-18T13:02:46.240+0000][gc,heap       ] GC(1020) Survivor regions: 3->2(4)
[2023-11-18T13:02:46.240+0000][gc,heap       ] GC(1020) Old regions: 240->241
[2023-11-18T13:02:46.240+0000][gc,heap       ] GC(1020) Humongous regions: 147->147
[2023-11-18T13:02:46.240+0000][gc,metaspace  ] GC(1020) Metaspace: 44902K(47768K)->44902K(47768K) NonClass: 39635K(41216K)->39635K(41216K) Class: 5266K(6552K)->5266K(6552K)
[2023-11-18T13:02:46.240+0000][gc            ] GC(1020) Pause Young (Normal) (G1 Evacuation Pause) 410M->388M(512M) 20.173ms
[2023-11-18T13:02:46.240+0000][gc,cpu        ] GC(1020) User=0.04s Sys=0.00s Real=0.02s
[2023-11-18T13:04:15.810+0000][gc,start      ] GC(1021) Pause Young (Normal) (G1 Evacuation Pause)
[2023-11-18T13:04:15.810+0000][gc,task       ] GC(1021) Using 2 workers of 2 for evacuation
[2023-11-18T13:04:15.822+0000][gc,phases     ] GC(1021)   Pre Evacuate Collection Set: 0.0ms
[2023-11-18T13:04:15.822+0000][gc,phases     ] GC(1021)   Evacuate Collection Set: 11.6ms
[2023-11-18T13:04:15.822+0000][gc,phases     ] GC(1021)   Post Evacuate Collection Set: 0.3ms
[2023-11-18T13:04:15.822+0000][gc,phases     ] GC(1021)   Other: 0.2ms
[2023-11-18T13:04:15.822+0000][gc,heap       ] GC(1021) Eden regions: 23->0(21)
[2023-11-18T13:04:15.822+0000][gc,heap       ] GC(1021) Survivor regions: 2->4(4)
[2023-11-18T13:04:15.822+0000][gc,heap       ] GC(1021) Old regions: 241->241
[2023-11-18T13:04:15.822+0000][gc,heap       ] GC(1021) Humongous regions: 147->147
[2023-11-18T13:04:15.822+0000][gc,metaspace  ] GC(1021) Metaspace: 44902K(47768K)->44902K(47768K) NonClass: 39635K(41216K)->39635K(41216K) Class: 5266K(6552K)->5266K(6552K)
[2023-11-18T13:04:15.822+0000][gc            ] GC(1021) Pause Young (Normal) (G1 Evacuation Pause) 411M->390M(512M) 12.244ms
[2023-11-18T13:04:15.822+0000][gc,cpu        ] GC(1021) User=0.02s Sys=0.00s Real=0.01s
[2023-11-18T13:05:36.467+0000][gc,start      ] GC(1022) Pause Young (Normal) (G1 Evacuation Pause)
[2023-11-18T13:05:36.467+0000][gc,task       ] GC(1022) Using 2 workers of 2 for evacuation
[2023-11-18T13:05:36.478+0000][gc,phases     ] GC(1022)   Pre Evacuate Collection Set: 0.0ms
[2023-11-18T13:05:36.479+0000][gc,phases     ] GC(1022)   Evacuate Collection Set: 11.4ms
[2023-11-18T13:05:36.479+0000][gc,phases     ] GC(1022)   Post Evacuate Collection Set: 0.3ms
[2023-11-18T13:05:36.479+0000][gc,phases     ] GC(1022)   Other: 0.2ms
[2023-11-18T13:05:36.479+0000][gc,heap       ] GC(1022) Eden regions: 21->0(25)
[2023-11-18T13:05:36.479+0000][gc,heap       ] GC(1022) Survivor regions: 4->2(4)
[2023-11-18T13:05:36.479+0000][gc,heap       ] GC(1022) Old regions: 241->243
[2023-11-18T13:05:36.479+0000][gc,heap       ] GC(1022) Humongous regions: 147->147
[2023-11-18T13:05:36.479+0000][gc,metaspace  ] GC(1022) Metaspace: 44902K(47768K)->44902K(47768K) NonClass: 39635K(41216K)->39635K(41216K) Class: 5266K(6552K)->5266K(6552K)
[2023-11-18T13:05:36.479+0000][gc            ] GC(1022) Pause Young (Normal) (G1 Evacuation Pause) 411M->390M(512M) 12.070ms
[2023-11-18T13:05:36.479+0000][gc,cpu        ] GC(1022) User=0.02s Sys=0.00s Real=0.01s
[2023-11-18T13:07:06.219+0000][gc,start      ] GC(1023) Pause Young (Normal) (G1 Evacuation Pause)
[2023-11-18T13:07:06.220+0000][gc,task       ] GC(1023) Using 2 workers of 2 for evacuation
[2023-11-18T13:07:06.238+0000][gc,phases     ] GC(1023)   Pre Evacuate Collection Set: 0.0ms
[2023-11-18T13:07:06.238+0000][gc,phases     ] GC(1023)   Evacuate Collection Set: 17.4ms
[2023-11-18T13:07:06.238+0000][gc,phases     ] GC(1023)   Post Evacuate Collection Set: 0.7ms
[2023-11-18T13:07:06.238+0000][gc,phases     ] GC(1023)   Other: 0.4ms
[2023-11-18T13:07:06.238+0000][gc,heap       ] GC(1023) Eden regions: 23->0(22)
[2023-11-18T13:07:06.238+0000][gc,heap       ] GC(1023) Survivor regions: 2->4(4)
[2023-11-18T13:07:06.238+0000][gc,heap       ] GC(1023) Old regions: 243->243
[2023-11-18T13:07:06.238+0000][gc,heap       ] GC(1023) Humongous regions: 147->147
[2023-11-18T13:07:06.238+0000][gc,metaspace  ] GC(1023) Metaspace: 44902K(47768K)->44902K(47768K) NonClass: 39635K(41216K)->39635K(41216K) Class: 5266K(6552K)->5266K(6552K)
[2023-11-18T13:07:06.238+0000][gc            ] GC(1023) Pause Young (Normal) (G1 Evacuation Pause) 413M->392M(512M) 18.600ms
[2023-11-18T13:07:06.238+0000][gc,cpu        ] GC(1023) User=0.03s Sys=0.00s Real=0.02s
[2023-11-18T13:08:08.500+0000][gc,start      ] GC(1024) Pause Young (Normal) (G1 Evacuation Pause)
[2023-11-18T13:08:08.500+0000][gc,task       ] GC(1024) Using 2 workers of 2 for evacuation
[2023-11-18T13:08:08.516+0000][gc,phases     ] GC(1024)   Pre Evacuate Collection Set: 0.0ms
[2023-11-18T13:08:08.516+0000][gc,phases     ] GC(1024)   Evacuate Collection Set: 15.6ms
[2023-11-18T13:08:08.516+0000][gc,phases     ] GC(1024)   Post Evacuate Collection Set: 0.3ms
[2023-11-18T13:08:08.516+0000][gc,phases     ] GC(1024)   Other: 0.2ms
[2023-11-18T13:08:08.516+0000][gc,heap       ] GC(1024) Eden regions: 21->0(21)
[2023-11-18T13:08:08.516+0000][gc,heap       ] GC(1024) Survivor regions: 4->4(4)
[2023-11-18T13:08:08.516+0000][gc,heap       ] GC(1024) Old regions: 243->245
[2023-11-18T13:08:08.516+0000][gc,heap       ] GC(1024) Humongous regions: 147->147
[2023-11-18T13:08:08.516+0000][gc,metaspace  ] GC(1024) Metaspace: 44925K(47768K)->44925K(47768K) NonClass: 39658K(41216K)->39658K(41216K) Class: 5266K(6552K)->5266K(6552K)
[2023-11-18T13:08:08.516+0000][gc            ] GC(1024) Pause Young (Normal) (G1 Evacuation Pause) 413M->394M(512M) 16.302ms
[2023-11-18T13:08:08.516+0000][gc,cpu        ] GC(1024) User=0.03s Sys=0.00s Real=0.02s
[2023-11-18T13:09:26.219+0000][gc,start      ] GC(1025) Pause Young (Normal) (G1 Evacuation Pause)
[2023-11-18T13:09:26.220+0000][gc,task       ] GC(1025) Using 2 workers of 2 for evacuation
[2023-11-18T13:09:26.235+0000][gc,phases     ] GC(1025)   Pre Evacuate Collection Set: 0.0ms
[2023-11-18T13:09:26.235+0000][gc,phases     ] GC(1025)   Evacuate Collection Set: 15.0ms
[2023-11-18T13:09:26.235+0000][gc,phases     ] GC(1025)   Post Evacuate Collection Set: 0.3ms
[2023-11-18T13:09:26.235+0000][gc,phases     ] GC(1025)   Other: 0.2ms
[2023-11-18T13:09:26.235+0000][gc,heap       ] GC(1025) Eden regions: 21->0(22)
[2023-11-18T13:09:26.235+0000][gc,heap       ] GC(1025) Survivor regions: 4->3(4)
[2023-11-18T13:09:26.235+0000][gc,heap       ] GC(1025) Old regions: 245->249
[2023-11-18T13:09:26.235+0000][gc,heap       ] GC(1025) Humongous regions: 147->147
[2023-11-18T13:09:26.235+0000][gc,metaspace  ] GC(1025) Metaspace: 44925K(47768K)->44925K(47768K) NonClass: 39658K(41216K)->39658K(41216K) Class: 5266K(6552K)->5266K(6552K)
[2023-11-18T13:09:26.235+0000][gc            ] GC(1025) Pause Young (Normal) (G1 Evacuation Pause) 415M->397M(512M) 15.652ms
[2023-11-18T13:09:26.235+0000][gc,cpu        ] GC(1025) User=0.03s Sys=0.00s Real=0.02s
[2023-11-18T13:10:50.921+0000][gc,start      ] GC(1026) Pause Young (Normal) (G1 Evacuation Pause)
[2023-11-18T13:10:50.921+0000][gc,task       ] GC(1026) Using 2 workers of 2 for evacuation
[2023-11-18T13:10:50.931+0000][gc,phases     ] GC(1026)   Pre Evacuate Collection Set: 0.0ms
[2023-11-18T13:10:50.931+0000][gc,phases     ] GC(1026)   Evacuate Collection Set: 9.5ms
[2023-11-18T13:10:50.931+0000][gc,phases     ] GC(1026)   Post Evacuate Collection Set: 0.3ms
[2023-11-18T13:10:50.931+0000][gc,phases     ] GC(1026)   Other: 0.2ms
[2023-11-18T13:10:50.931+0000][gc,heap       ] GC(1026) Eden regions: 22->0(25)
[2023-11-18T13:10:50.931+0000][gc,heap       ] GC(1026) Survivor regions: 3->2(4)
[2023-11-18T13:10:50.931+0000][gc,heap       ] GC(1026) Old regions: 249->250
[2023-11-18T13:10:50.931+0000][gc,heap       ] GC(1026) Humongous regions: 147->147
[2023-11-18T13:10:50.931+0000][gc,metaspace  ] GC(1026) Metaspace: 44925K(47768K)->44925K(47768K) NonClass: 39658K(41216K)->39658K(41216K) Class: 5266K(6552K)->5266K(6552K)
[2023-11-18T13:10:50.931+0000][gc            ] GC(1026) Pause Young (Normal) (G1 Evacuation Pause) 419M->397M(512M) 10.125ms
[2023-11-18T13:10:50.931+0000][gc,cpu        ] GC(1026) User=0.02s Sys=0.00s Real=0.01s
[2023-11-18T13:12:27.655+0000][gc,start      ] GC(1027) Pause Young (Normal) (G1 Evacuation Pause)
[2023-11-18T13:12:27.655+0000][gc,task       ] GC(1027) Using 2 workers of 2 for evacuation
[2023-11-18T13:12:27.669+0000][gc,phases     ] GC(1027)   Pre Evacuate Collection Set: 0.0ms
[2023-11-18T13:12:27.669+0000][gc,phases     ] GC(1027)   Evacuate Collection Set: 13.7ms
[2023-11-18T13:12:27.669+0000][gc,phases     ] GC(1027)   Post Evacuate Collection Set: 0.3ms
[2023-11-18T13:12:27.669+0000][gc,phases     ] GC(1027)   Other: 0.2ms
[2023-11-18T13:12:27.669+0000][gc,heap       ] GC(1027) Eden regions: 25->0(24)
[2023-11-18T13:12:27.669+0000][gc,heap       ] GC(1027) Survivor regions: 2->4(4)
[2023-11-18T13:12:27.669+0000][gc,heap       ] GC(1027) Old regions: 250->251
[2023-11-18T13:12:27.669+0000][gc,heap       ] GC(1027) Humongous regions: 147->147
[2023-11-18T13:12:27.669+0000][gc,metaspace  ] GC(1027) Metaspace: 44925K(47768K)->44925K(47768K) NonClass: 39658K(41216K)->39658K(41216K) Class: 5266K(6552K)->5266K(6552K)
[2023-11-18T13:12:27.669+0000][gc            ] GC(1027) Pause Young (Normal) (G1 Evacuation Pause) 422M->399M(512M) 14.375ms
[2023-11-18T13:12:27.669+0000][gc,cpu        ] GC(1027) User=0.03s Sys=0.00s Real=0.01s
[2023-11-18T13:14:00.338+0000][gc,start      ] GC(1028) Pause Young (Normal) (G1 Evacuation Pause)
[2023-11-18T13:14:00.338+0000][gc,task       ] GC(1028) Using 2 workers of 2 for evacuation
[2023-11-18T13:14:00.349+0000][gc,phases     ] GC(1028)   Pre Evacuate Collection Set: 0.0ms
[2023-11-18T13:14:00.349+0000][gc,phases     ] GC(1028)   Evacuate Collection Set: 10.3ms
[2023-11-18T13:14:00.349+0000][gc,phases     ] GC(1028)   Post Evacuate Collection Set: 0.3ms
[2023-11-18T13:14:00.349+0000][gc,phases     ] GC(1028)   Other: 0.2ms
[2023-11-18T13:14:00.349+0000][gc,heap       ] GC(1028) Eden regions: 24->0(26)
[2023-11-18T13:14:00.349+0000][gc,heap       ] GC(1028) Survivor regions: 4->2(4)
[2023-11-18T13:14:00.349+0000][gc,heap       ] GC(1028) Old regions: 251->253
[2023-11-18T13:14:00.349+0000][gc,heap       ] GC(1028) Humongous regions: 147->147
[2023-11-18T13:14:00.349+0000][gc,metaspace  ] GC(1028) Metaspace: 44925K(47768K)->44925K(47768K) NonClass: 39658K(41216K)->39658K(41216K) Class: 5266K(6552K)->5266K(6552K)
[2023-11-18T13:14:00.349+0000][gc            ] GC(1028) Pause Young (Normal) (G1 Evacuation Pause) 423M->400M(512M) 10.920ms
[2023-11-18T13:14:00.349+0000][gc,cpu        ] GC(1028) User=0.02s Sys=0.00s Real=0.01s
[2023-11-18T13:15:41.219+0000][gc,start      ] GC(1029) Pause Young (Normal) (G1 Evacuation Pause)
[2023-11-18T13:15:41.219+0000][gc,task       ] GC(1029) Using 2 workers of 2 for evacuation
[2023-11-18T13:15:41.238+0000][gc,phases     ] GC(1029)   Pre Evacuate Collection Set: 0.0ms
[2023-11-18T13:15:41.238+0000][gc,phases     ] GC(1029)   Evacuate Collection Set: 17.5ms
[2023-11-18T13:15:41.238+0000][gc,phases     ] GC(1029)   Post Evacuate Collection Set: 0.5ms
[2023-11-18T13:15:41.238+0000][gc,phases     ] GC(1029)   Other: 0.2ms
[2023-11-18T13:15:41.238+0000][gc,heap       ] GC(1029) Eden regions: 26->0(25)
[2023-11-18T13:15:41.238+0000][gc,heap       ] GC(1029) Survivor regions: 2->4(4)
[2023-11-18T13:15:41.238+0000][gc,heap       ] GC(1029) Old regions: 253->253
[2023-11-18T13:15:41.238+0000][gc,heap       ] GC(1029) Humongous regions: 147->147
[2023-11-18T13:15:41.238+0000][gc,metaspace  ] GC(1029) Metaspace: 44925K(47768K)->44925K(47768K) NonClass: 39658K(41216K)->39658K(41216K) Class: 5266K(6552K)->5266K(6552K)
[2023-11-18T13:15:41.238+0000][gc            ] GC(1029) Pause Young (Normal) (G1 Evacuation Pause) 426M->402M(512M) 18.271ms
[2023-11-18T13:15:41.238+0000][gc,cpu        ] GC(1029) User=0.04s Sys=0.00s Real=0.02s
[2023-11-18T13:17:18.488+0000][gc,start      ] GC(1030) Pause Young (Normal) (G1 Evacuation Pause)
[2023-11-18T13:17:18.488+0000][gc,task       ] GC(1030) Using 2 workers of 2 for evacuation
[2023-11-18T13:17:18.502+0000][gc,phases     ] GC(1030)   Pre Evacuate Collection Set: 0.0ms
[2023-11-18T13:17:18.502+0000][gc,phases     ] GC(1030)   Evacuate Collection Set: 12.8ms
[2023-11-18T13:17:18.502+0000][gc,phases     ] GC(1030)   Post Evacuate Collection Set: 0.3ms
[2023-11-18T13:17:18.502+0000][gc,phases     ] GC(1030)   Other: 0.3ms
[2023-11-18T13:17:18.502+0000][gc,heap       ] GC(1030) Eden regions: 25->0(26)
[2023-11-18T13:17:18.502+0000][gc,heap       ] GC(1030) Survivor regions: 4->3(4)
[2023-11-18T13:17:18.502+0000][gc,heap       ] GC(1030) Old regions: 253->255
[2023-11-18T13:17:18.502+0000][gc,heap       ] GC(1030) Humongous regions: 147->147
[2023-11-18T13:17:18.502+0000][gc,metaspace  ] GC(1030) Metaspace: 44925K(47768K)->44925K(47768K) NonClass: 39658K(41216K)->39658K(41216K) Class: 5266K(6552K)->5266K(6552K)
[2023-11-18T13:17:18.502+0000][gc            ] GC(1030) Pause Young (Normal) (G1 Evacuation Pause) 427M->403M(512M) 13.451ms
[2023-11-18T13:17:18.502+0000][gc,cpu        ] GC(1030) User=0.02s Sys=0.00s Real=0.01s
[2023-11-18T13:18:55.312+0000][gc,start      ] GC(1031) Pause Young (Concurrent Start) (G1 Evacuation Pause)
[2023-11-18T13:18:55.312+0000][gc,task       ] GC(1031) Using 2 workers of 2 for evacuation
[2023-11-18T13:18:55.326+0000][gc,phases     ] GC(1031)   Pre Evacuate Collection Set: 0.2ms
[2023-11-18T13:18:55.326+0000][gc,phases     ] GC(1031)   Evacuate Collection Set: 13.2ms
[2023-11-18T13:18:55.326+0000][gc,phases     ] GC(1031)   Post Evacuate Collection Set: 0.5ms
[2023-11-18T13:18:55.326+0000][gc,phases     ] GC(1031)   Other: 0.2ms
[2023-11-18T13:18:55.326+0000][gc,heap       ] GC(1031) Eden regions: 25->0(26)
[2023-11-18T13:18:55.326+0000][gc,heap       ] GC(1031) Survivor regions: 3->3(4)
[2023-11-18T13:18:55.326+0000][gc,heap       ] GC(1031) Old regions: 255->257
[2023-11-18T13:18:55.326+0000][gc,heap       ] GC(1031) Humongous regions: 147->147
[2023-11-18T13:18:55.326+0000][gc,metaspace  ] GC(1031) Metaspace: 44925K(47768K)->44925K(47768K) NonClass: 39658K(41216K)->39658K(41216K) Class: 5266K(6552K)->5266K(6552K)
[2023-11-18T13:18:55.326+0000][gc            ] GC(1031) Pause Young (Concurrent Start) (G1 Evacuation Pause) 428M->405M(512M) 14.252ms
[2023-11-18T13:18:55.326+0000][gc,cpu        ] GC(1031) User=0.02s Sys=0.00s Real=0.02s
[2023-11-18T13:18:55.326+0000][gc            ] GC(1032) Concurrent Cycle
[2023-11-18T13:18:55.326+0000][gc,marking    ] GC(1032) Concurrent Clear Claimed Marks
[2023-11-18T13:18:55.327+0000][gc,marking    ] GC(1032) Concurrent Clear Claimed Marks 0.207ms
[2023-11-18T13:18:55.327+0000][gc,marking    ] GC(1032) Concurrent Scan Root Regions
[2023-11-18T13:18:55.330+0000][gc,marking    ] GC(1032) Concurrent Scan Root Regions 3.721ms
[2023-11-18T13:18:55.330+0000][gc,marking    ] GC(1032) Concurrent Mark (108685.363s)
[2023-11-18T13:18:55.330+0000][gc,marking    ] GC(1032) Concurrent Mark From Roots
[2023-11-18T13:18:55.330+0000][gc,task       ] GC(1032) Using 1 workers of 1 for marking
[2023-11-18T13:18:55.381+0000][gc,marking    ] GC(1032) Concurrent Mark From Roots 50.266ms
[2023-11-18T13:18:55.381+0000][gc,marking    ] GC(1032) Concurrent Preclean
[2023-11-18T13:18:55.381+0000][gc,marking    ] GC(1032) Concurrent Preclean 0.195ms
[2023-11-18T13:18:55.381+0000][gc,marking    ] GC(1032) Concurrent Mark (108685.363s, 108685.413s) 50.518ms
[2023-11-18T13:18:55.381+0000][gc,start      ] GC(1032) Pause Remark
[2023-11-18T13:18:55.410+0000][gc,stringtable] GC(1032) Cleaned string and symbol table, strings: 13097 processed, 0 removed, symbols: 93086 processed, 0 removed
[2023-11-18T13:18:55.411+0000][gc,mmu        ] GC(1032) MMU target violated: 21.0ms (20.0ms/21.0ms)
[2023-11-18T13:18:55.411+0000][gc            ] GC(1032) Pause Remark 405M->255M(512M) 29.261ms
[2023-11-18T13:18:55.411+0000][gc,cpu        ] GC(1032) User=0.05s Sys=0.01s Real=0.03s
[2023-11-18T13:18:55.411+0000][gc,marking    ] GC(1032) Concurrent Rebuild Remembered Sets
[2023-11-18T13:18:55.437+0000][gc,marking    ] GC(1032) Concurrent Rebuild Remembered Sets 26.650ms
[2023-11-18T13:18:55.438+0000][gc,start      ] GC(1032) Pause Cleanup
[2023-11-18T13:18:55.438+0000][gc            ] GC(1032) Pause Cleanup 255M->255M(512M) 0.204ms
[2023-11-18T13:18:55.438+0000][gc,cpu        ] GC(1032) User=0.00s Sys=0.00s Real=0.00s
[2023-11-18T13:18:55.438+0000][gc,marking    ] GC(1032) Concurrent Cleanup for Next Mark
[2023-11-18T13:18:55.439+0000][gc,marking    ] GC(1032) Concurrent Cleanup for Next Mark 1.366ms
[2023-11-18T13:18:55.439+0000][gc            ] GC(1032) Concurrent Cycle 113.037ms
[2023-11-18T13:20:31.593+0000][gc,start      ] GC(1033) Pause Young (Prepare Mixed) (G1 Evacuation Pause)
[2023-11-18T13:20:31.593+0000][gc,task       ] GC(1033) Using 2 workers of 2 for evacuation
[2023-11-18T13:20:31.608+0000][gc,phases     ] GC(1033)   Pre Evacuate Collection Set: 0.0ms
[2023-11-18T13:20:31.608+0000][gc,phases     ] GC(1033)   Evacuate Collection Set: 13.8ms
[2023-11-18T13:20:31.608+0000][gc,phases     ] GC(1033)   Post Evacuate Collection Set: 0.4ms
[2023-11-18T13:20:31.608+0000][gc,phases     ] GC(1033)   Other: 0.2ms
[2023-11-18T13:20:31.608+0000][gc,heap       ] GC(1033) Eden regions: 25->0(22)
[2023-11-18T13:20:31.608+0000][gc,heap       ] GC(1033) Survivor regions: 3->3(4)
[2023-11-18T13:20:31.608+0000][gc,heap       ] GC(1033) Old regions: 107->109
[2023-11-18T13:20:31.608+0000][gc,heap       ] GC(1033) Humongous regions: 147->147
[2023-11-18T13:20:31.608+0000][gc,metaspace  ] GC(1033) Metaspace: 44925K(47768K)->44925K(47768K) NonClass: 39658K(41216K)->39658K(41216K) Class: 5266K(6552K)->5266K(6552K)
[2023-11-18T13:20:31.608+0000][gc            ] GC(1033) Pause Young (Prepare Mixed) (G1 Evacuation Pause) 280M->256M(512M) 14.524ms
[2023-11-18T13:20:31.608+0000][gc,cpu        ] GC(1033) User=0.02s Sys=0.00s Real=0.01s
[2023-11-18T13:21:57.084+0000][gc,start      ] GC(1034) Pause Young (Mixed) (G1 Evacuation Pause)
[2023-11-18T13:21:57.084+0000][gc,task       ] GC(1034) Using 2 workers of 2 for evacuation
[2023-11-18T13:21:57.098+0000][gc,phases     ] GC(1034)   Pre Evacuate Collection Set: 0.0ms
[2023-11-18T13:21:57.098+0000][gc,phases     ] GC(1034)   Evacuate Collection Set: 12.7ms
[2023-11-18T13:21:57.098+0000][gc,phases     ] GC(1034)   Post Evacuate Collection Set: 0.5ms
[2023-11-18T13:21:57.098+0000][gc,phases     ] GC(1034)   Other: 0.3ms
[2023-11-18T13:21:57.098+0000][gc,heap       ] GC(1034) Eden regions: 22->0(23)
[2023-11-18T13:21:57.098+0000][gc,heap       ] GC(1034) Survivor regions: 3->2(4)
[2023-11-18T13:21:57.098+0000][gc,heap       ] GC(1034) Old regions: 109->58
[2023-11-18T13:21:57.098+0000][gc,heap       ] GC(1034) Humongous regions: 147->147
[2023-11-18T13:21:57.098+0000][gc,metaspace  ] GC(1034) Metaspace: 44925K(47768K)->44925K(47768K) NonClass: 39658K(41216K)->39658K(41216K) Class: 5266K(6552K)->5266K(6552K)
[2023-11-18T13:21:57.098+0000][gc            ] GC(1034) Pause Young (Mixed) (G1 Evacuation Pause) 278M->204M(512M) 13.633ms
[2023-11-18T13:21:57.098+0000][gc,cpu        ] GC(1034) User=0.02s Sys=0.00s Real=0.02s
[2023-11-18T13:23:26.220+0000][gc,start      ] GC(1035) Pause Young (Mixed) (G1 Evacuation Pause)
[2023-11-18T13:23:26.220+0000][gc,task       ] GC(1035) Using 2 workers of 2 for evacuation
[2023-11-18T13:23:26.232+0000][gc,phases     ] GC(1035)   Pre Evacuate Collection Set: 0.0ms
[2023-11-18T13:23:26.232+0000][gc,phases     ] GC(1035)   Evacuate Collection Set: 11.2ms
[2023-11-18T13:23:26.232+0000][gc,phases     ] GC(1035)   Post Evacuate Collection Set: 0.4ms
[2023-11-18T13:23:26.232+0000][gc,phases     ] GC(1035)   Other: 0.3ms
[2023-11-18T13:23:26.232+0000][gc,heap       ] GC(1035) Eden regions: 23->0(27)
[2023-11-18T13:23:26.232+0000][gc,heap       ] GC(1035) Survivor regions: 2->4(4)
[2023-11-18T13:23:26.232+0000][gc,heap       ] GC(1035) Old regions: 58->51
[2023-11-18T13:23:26.232+0000][gc,heap       ] GC(1035) Humongous regions: 147->147
[2023-11-18T13:23:26.232+0000][gc,metaspace  ] GC(1035) Metaspace: 44925K(47768K)->44925K(47768K) NonClass: 39658K(41216K)->39658K(41216K) Class: 5266K(6552K)->5266K(6552K)
[2023-11-18T13:23:26.232+0000][gc            ] GC(1035) Pause Young (Mixed) (G1 Evacuation Pause) 227M->199M(512M) 11.943ms
[2023-11-18T13:23:26.232+0000][gc,cpu        ] GC(1035) User=0.02s Sys=0.00s Real=0.01s
[2023-11-18T13:25:11.220+0000][gc,start      ] GC(1036) Pause Young (Normal) (G1 Evacuation Pause)
[2023-11-18T13:25:11.220+0000][gc,task       ] GC(1036) Using 2 workers of 2 for evacuation
[2023-11-18T13:25:11.241+0000][gc,mmu        ] GC(1036) MMU target violated: 21.0ms (20.0ms/21.0ms)
[2023-11-18T13:25:11.241+0000][gc,phases     ] GC(1036)   Pre Evacuate Collection Set: 0.0ms
[2023-11-18T13:25:11.241+0000][gc,phases     ] GC(1036)   Evacuate Collection Set: 16.6ms
[2023-11-18T13:25:11.241+0000][gc,phases     ] GC(1036)   Post Evacuate Collection Set: 4.4ms
[2023-11-18T13:25:11.241+0000][gc,phases     ] GC(1036)   Other: 0.4ms
[2023-11-18T13:25:11.241+0000][gc,heap       ] GC(1036) Eden regions: 27->0(26)
[2023-11-18T13:25:11.241+0000][gc,heap       ] GC(1036) Survivor regions: 4->2(4)
[2023-11-18T13:25:11.241+0000][gc,heap       ] GC(1036) Old regions: 51->53
[2023-11-18T13:25:11.241+0000][gc,heap       ] GC(1036) Humongous regions: 147->147
[2023-11-18T13:25:11.241+0000][gc,metaspace  ] GC(1036) Metaspace: 44925K(47768K)->44925K(47768K) NonClass: 39658K(41216K)->39658K(41216K) Class: 5266K(6552K)->5266K(6552K)
[2023-11-18T13:25:11.241+0000][gc            ] GC(1036) Pause Young (Normal) (G1 Evacuation Pause) 226M->200M(512M) 21.393ms
[2023-11-18T13:25:11.241+0000][gc,cpu        ] GC(1036) User=0.03s Sys=0.00s Real=0.02s
[2023-11-18T13:26:40.611+0000][gc,start      ] GC(1037) Pause Young (Normal) (G1 Evacuation Pause)
[2023-11-18T13:26:40.611+0000][gc,task       ] GC(1037) Using 2 workers of 2 for evacuation
[2023-11-18T13:26:40.627+0000][gc,phases     ] GC(1037)   Pre Evacuate Collection Set: 0.0ms
[2023-11-18T13:26:40.627+0000][gc,phases     ] GC(1037)   Evacuate Collection Set: 15.7ms
[2023-11-18T13:26:40.627+0000][gc,phases     ] GC(1037)   Post Evacuate Collection Set: 0.3ms
[2023-11-18T13:26:40.627+0000][gc,phases     ] GC(1037)   Other: 0.5ms
[2023-11-18T13:26:40.627+0000][gc,heap       ] GC(1037) Eden regions: 23->0(24)
[2023-11-18T13:26:40.627+0000][gc,heap       ] GC(1037) Survivor regions: 2->4(4)
[2023-11-18T13:26:40.627+0000][gc,heap       ] GC(1037) Old regions: 53->53
[2023-11-18T13:26:40.627+0000][gc,heap       ] GC(1037) Humongous regions: 147->147
[2023-11-18T13:26:40.627+0000][gc,metaspace  ] GC(1037) Metaspace: 44925K(47768K)->44925K(47768K) NonClass: 39658K(41216K)->39658K(41216K) Class: 5266K(6552K)->5266K(6552K)
[2023-11-18T13:26:40.627+0000][gc            ] GC(1037) Pause Young (Normal) (G1 Evacuation Pause) 223M->202M(512M) 16.635ms
[2023-11-18T13:26:40.627+0000][gc,cpu        ] GC(1037) User=0.03s Sys=0.00s Real=0.02s
[2023-11-18T13:28:12.726+0000][gc,start      ] GC(1038) Pause Young (Normal) (G1 Evacuation Pause)
[2023-11-18T13:28:12.726+0000][gc,task       ] GC(1038) Using 2 workers of 2 for evacuation
[2023-11-18T13:28:12.744+0000][gc,phases     ] GC(1038)   Pre Evacuate Collection Set: 0.0ms
[2023-11-18T13:28:12.744+0000][gc,phases     ] GC(1038)   Evacuate Collection Set: 16.9ms
[2023-11-18T13:28:12.744+0000][gc,phases     ] GC(1038)   Post Evacuate Collection Set: 0.4ms
[2023-11-18T13:28:12.744+0000][gc,phases     ] GC(1038)   Other: 0.2ms
[2023-11-18T13:28:12.744+0000][gc,heap       ] GC(1038) Eden regions: 24->0(24)
[2023-11-18T13:28:12.744+0000][gc,heap       ] GC(1038) Survivor regions: 4->2(4)
[2023-11-18T13:28:12.744+0000][gc,heap       ] GC(1038) Old regions: 53->55
[2023-11-18T13:28:12.744+0000][gc,heap       ] GC(1038) Humongous regions: 147->147
[2023-11-18T13:28:12.744+0000][gc,metaspace  ] GC(1038) Metaspace: 44925K(47768K)->44925K(47768K) NonClass: 39658K(41216K)->39658K(41216K) Class: 5266K(6552K)->5266K(6552K)
[2023-11-18T13:28:12.744+0000][gc            ] GC(1038) Pause Young (Normal) (G1 Evacuation Pause) 226M->202M(512M) 17.648ms
[2023-11-18T13:28:12.744+0000][gc,cpu        ] GC(1038) User=0.03s Sys=0.00s Real=0.01s
[2023-11-18T13:29:42.284+0000][gc,start      ] GC(1039) Pause Young (Normal) (G1 Evacuation Pause)
[2023-11-18T13:29:42.284+0000][gc,task       ] GC(1039) Using 2 workers of 2 for evacuation
[2023-11-18T13:29:42.296+0000][gc,phases     ] GC(1039)   Pre Evacuate Collection Set: 0.0ms
[2023-11-18T13:29:42.296+0000][gc,phases     ] GC(1039)   Evacuate Collection Set: 11.9ms
[2023-11-18T13:29:42.296+0000][gc,phases     ] GC(1039)   Post Evacuate Collection Set: 0.3ms
[2023-11-18T13:29:42.296+0000][gc,phases     ] GC(1039)   Other: 0.2ms
[2023-11-18T13:29:42.296+0000][gc,heap       ] GC(1039) Eden regions: 23->0(24)
[2023-11-18T13:29:42.296+0000][gc,heap       ] GC(1039) Survivor regions: 2->4(4)
[2023-11-18T13:29:42.296+0000][gc,heap       ] GC(1039) Old regions: 55->56
[2023-11-18T13:29:42.296+0000][gc,heap       ] GC(1039) Humongous regions: 147->147
[2023-11-18T13:29:42.296+0000][gc,metaspace  ] GC(1039) Metaspace: 44925K(47768K)->44925K(47768K) NonClass: 39658K(41216K)->39658K(41216K) Class: 5266K(6552K)->5266K(6552K)
[2023-11-18T13:29:42.296+0000][gc            ] GC(1039) Pause Young (Normal) (G1 Evacuation Pause) 225M->205M(512M) 12.574ms
[2023-11-18T13:29:42.296+0000][gc,cpu        ] GC(1039) User=0.02s Sys=0.00s Real=0.02s
[2023-11-18T13:31:15.607+0000][gc,start      ] GC(1040) Pause Young (Normal) (G1 Evacuation Pause)
[2023-11-18T13:31:15.607+0000][gc,task       ] GC(1040) Using 2 workers of 2 for evacuation
[2023-11-18T13:31:15.619+0000][gc,phases     ] GC(1040)   Pre Evacuate Collection Set: 0.0ms
[2023-11-18T13:31:15.619+0000][gc,phases     ] GC(1040)   Evacuate Collection Set: 11.9ms
[2023-11-18T13:31:15.619+0000][gc,phases     ] GC(1040)   Post Evacuate Collection Set: 0.6ms
[2023-11-18T13:31:15.619+0000][gc,phases     ] GC(1040)   Other: 0.3ms
[2023-11-18T13:31:15.619+0000][gc,heap       ] GC(1040) Eden regions: 24->0(26)
[2023-11-18T13:31:15.619+0000][gc,heap       ] GC(1040) Survivor regions: 4->3(4)
[2023-11-18T13:31:15.619+0000][gc,heap       ] GC(1040) Old regions: 56->57
[2023-11-18T13:31:15.619+0000][gc,heap       ] GC(1040) Humongous regions: 147->147
[2023-11-18T13:31:15.619+0000][gc,metaspace  ] GC(1040) Metaspace: 44925K(47768K)->44925K(47768K) NonClass: 39658K(41216K)->39658K(41216K) Class: 5266K(6552K)->5266K(6552K)
[2023-11-18T13:31:15.620+0000][gc            ] GC(1040) Pause Young (Normal) (G1 Evacuation Pause) 229M->205M(512M) 12.986ms
[2023-11-18T13:31:15.620+0000][gc,cpu        ] GC(1040) User=0.03s Sys=0.00s Real=0.01s
[2023-11-18T13:32:53.232+0000][gc,start      ] GC(1041) Pause Young (Normal) (G1 Evacuation Pause)
[2023-11-18T13:32:53.232+0000][gc,task       ] GC(1041) Using 2 workers of 2 for evacuation
[2023-11-18T13:32:53.246+0000][gc,phases     ] GC(1041)   Pre Evacuate Collection Set: 0.0ms
[2023-11-18T13:32:53.246+0000][gc,phases     ] GC(1041)   Evacuate Collection Set: 13.6ms
[2023-11-18T13:32:53.246+0000][gc,phases     ] GC(1041)   Post Evacuate Collection Set: 0.3ms
[2023-11-18T13:32:53.246+0000][gc,phases     ] GC(1041)   Other: 0.2ms
[2023-11-18T13:32:53.246+0000][gc,heap       ] GC(1041) Eden regions: 25->0(26)
[2023-11-18T13:32:53.246+0000][gc,heap       ] GC(1041) Survivor regions: 3->3(4)
[2023-11-18T13:32:53.246+0000][gc,heap       ] GC(1041) Old regions: 57->60
[2023-11-18T13:32:53.246+0000][gc,heap       ] GC(1041) Humongous regions: 147->147
[2023-11-18T13:32:53.246+0000][gc,metaspace  ] GC(1041) Metaspace: 44925K(47768K)->44925K(47768K) NonClass: 39658K(41216K)->39658K(41216K) Class: 5266K(6552K)->5266K(6552K)
[2023-11-18T13:32:53.246+0000][gc            ] GC(1041) Pause Young (Normal) (G1 Evacuation Pause) 230M->207M(512M) 14.257ms
[2023-11-18T13:32:53.246+0000][gc,cpu        ] GC(1041) User=0.02s Sys=0.00s Real=0.02s
[2023-11-18T13:34:32.997+0000][gc,start      ] GC(1042) Pause Young (Normal) (G1 Evacuation Pause)
[2023-11-18T13:34:32.997+0000][gc,task       ] GC(1042) Using 2 workers of 2 for evacuation
[2023-11-18T13:34:33.013+0000][gc,phases     ] GC(1042)   Pre Evacuate Collection Set: 0.0ms
[2023-11-18T13:34:33.013+0000][gc,phases     ] GC(1042)   Evacuate Collection Set: 15.2ms
[2023-11-18T13:34:33.013+0000][gc,phases     ] GC(1042)   Post Evacuate Collection Set: 0.3ms
[2023-11-18T13:34:33.013+0000][gc,phases     ] GC(1042)   Other: 0.3ms
[2023-11-18T13:34:33.013+0000][gc,heap       ] GC(1042) Eden regions: 26->0(27)
[2023-11-18T13:34:33.013+0000][gc,heap       ] GC(1042) Survivor regions: 3->3(4)
[2023-11-18T13:34:33.013+0000][gc,heap       ] GC(1042) Old regions: 60->61
[2023-11-18T13:34:33.013+0000][gc,heap       ] GC(1042) Humongous regions: 147->147
[2023-11-18T13:34:33.013+0000][gc,metaspace  ] GC(1042) Metaspace: 44926K(47768K)->44926K(47768K) NonClass: 39659K(41216K)->39659K(41216K) Class: 5266K(6552K)->5266K(6552K)
[2023-11-18T13:34:33.013+0000][gc            ] GC(1042) Pause Young (Normal) (G1 Evacuation Pause) 233M->209M(512M) 15.850ms
[2023-11-18T13:34:33.013+0000][gc,cpu        ] GC(1042) User=0.03s Sys=0.00s Real=0.01s
[2023-11-18T13:36:10.044+0000][gc,start      ] GC(1043) Pause Young (Normal) (G1 Evacuation Pause)
[2023-11-18T13:36:10.044+0000][gc,task       ] GC(1043) Using 2 workers of 2 for evacuation
[2023-11-18T13:36:10.064+0000][gc,phases     ] GC(1043)   Pre Evacuate Collection Set: 0.0ms
[2023-11-18T13:36:10.064+0000][gc,phases     ] GC(1043)   Evacuate Collection Set: 19.3ms
[2023-11-18T13:36:10.064+0000][gc,phases     ] GC(1043)   Post Evacuate Collection Set: 0.4ms
[2023-11-18T13:36:10.064+0000][gc,phases     ] GC(1043)   Other: 0.2ms
[2023-11-18T13:36:10.064+0000][gc,heap       ] GC(1043) Eden regions: 25->0(24)
[2023-11-18T13:36:10.064+0000][gc,heap       ] GC(1043) Survivor regions: 3->2(4)
[2023-11-18T13:36:10.064+0000][gc,heap       ] GC(1043) Old regions: 61->62
[2023-11-18T13:36:10.064+0000][gc,heap       ] GC(1043) Humongous regions: 147->147
[2023-11-18T13:36:10.064+0000][gc,metaspace  ] GC(1043) Metaspace: 44926K(47768K)->44926K(47768K) NonClass: 39659K(41216K)->39659K(41216K) Class: 5266K(6552K)->5266K(6552K)
[2023-11-18T13:36:10.064+0000][gc            ] GC(1043) Pause Young (Normal) (G1 Evacuation Pause) 234M->209M(512M) 20.039ms
[2023-11-18T13:36:10.064+0000][gc,cpu        ] GC(1043) User=0.03s Sys=0.00s Real=0.02s
[2023-11-18T13:37:39.736+0000][gc,start      ] GC(1044) Pause Young (Normal) (G1 Evacuation Pause)
[2023-11-18T13:37:39.736+0000][gc,task       ] GC(1044) Using 2 workers of 2 for evacuation
[2023-11-18T13:37:39.749+0000][gc,phases     ] GC(1044)   Pre Evacuate Collection Set: 0.0ms
[2023-11-18T13:37:39.749+0000][gc,phases     ] GC(1044)   Evacuate Collection Set: 12.3ms
[2023-11-18T13:37:39.749+0000][gc,phases     ] GC(1044)   Post Evacuate Collection Set: 0.4ms
[2023-11-18T13:37:39.749+0000][gc,phases     ] GC(1044)   Other: 0.2ms
[2023-11-18T13:37:39.749+0000][gc,heap       ] GC(1044) Eden regions: 23->0(24)
[2023-11-18T13:37:39.749+0000][gc,heap       ] GC(1044) Survivor regions: 2->4(4)
[2023-11-18T13:37:39.749+0000][gc,heap       ] GC(1044) Old regions: 62->62
[2023-11-18T13:37:39.749+0000][gc,heap       ] GC(1044) Humongous regions: 147->147
[2023-11-18T13:37:39.749+0000][gc,metaspace  ] GC(1044) Metaspace: 44926K(47768K)->44926K(47768K) NonClass: 39659K(41216K)->39659K(41216K) Class: 5266K(6552K)->5266K(6552K)
[2023-11-18T13:37:39.749+0000][gc            ] GC(1044) Pause Young (Normal) (G1 Evacuation Pause) 232M->211M(512M) 12.932ms
[2023-11-18T13:37:39.749+0000][gc,cpu        ] GC(1044) User=0.02s Sys=0.00s Real=0.01s
[2023-11-18T13:39:11.399+0000][gc,start      ] GC(1045) Pause Young (Normal) (G1 Evacuation Pause)
[2023-11-18T13:39:11.399+0000][gc,task       ] GC(1045) Using 2 workers of 2 for evacuation
[2023-11-18T13:39:11.412+0000][gc,phases     ] GC(1045)   Pre Evacuate Collection Set: 0.0ms
[2023-11-18T13:39:11.412+0000][gc,phases     ] GC(1045)   Evacuate Collection Set: 12.4ms
[2023-11-18T13:39:11.412+0000][gc,phases     ] GC(1045)   Post Evacuate Collection Set: 0.4ms
[2023-11-18T13:39:11.412+0000][gc,phases     ] GC(1045)   Other: 0.2ms
[2023-11-18T13:39:11.412+0000][gc,heap       ] GC(1045) Eden regions: 24->0(26)
[2023-11-18T13:39:11.412+0000][gc,heap       ] GC(1045) Survivor regions: 4->2(4)
[2023-11-18T13:39:11.412+0000][gc,heap       ] GC(1045) Old regions: 62->64
[2023-11-18T13:39:11.412+0000][gc,heap       ] GC(1045) Humongous regions: 147->147
[2023-11-18T13:39:11.412+0000][gc,metaspace  ] GC(1045) Metaspace: 44926K(47768K)->44926K(47768K) NonClass: 39659K(41216K)->39659K(41216K) Class: 5266K(6552K)->5266K(6552K)
[2023-11-18T13:39:11.412+0000][gc            ] GC(1045) Pause Young (Normal) (G1 Evacuation Pause) 235M->211M(512M) 13.125ms
[2023-11-18T13:39:11.412+0000][gc,cpu        ] GC(1045) User=0.03s Sys=0.00s Real=0.01s
[2023-11-18T13:40:54.087+0000][gc,start      ] GC(1046) Pause Young (Normal) (G1 Evacuation Pause)
[2023-11-18T13:40:54.087+0000][gc,task       ] GC(1046) Using 2 workers of 2 for evacuation
[2023-11-18T13:40:54.105+0000][gc,phases     ] GC(1046)   Pre Evacuate Collection Set: 0.0ms
[2023-11-18T13:40:54.105+0000][gc,phases     ] GC(1046)   Evacuate Collection Set: 17.7ms
[2023-11-18T13:40:54.105+0000][gc,phases     ] GC(1046)   Post Evacuate Collection Set: 0.4ms
[2023-11-18T13:40:54.105+0000][gc,phases     ] GC(1046)   Other: 0.2ms
[2023-11-18T13:40:54.105+0000][gc,heap       ] GC(1046) Eden regions: 26->0(25)
[2023-11-18T13:40:54.105+0000][gc,heap       ] GC(1046) Survivor regions: 2->4(4)
[2023-11-18T13:40:54.105+0000][gc,heap       ] GC(1046) Old regions: 64->65
[2023-11-18T13:40:54.105+0000][gc,heap       ] GC(1046) Humongous regions: 147->147
[2023-11-18T13:40:54.105+0000][gc,metaspace  ] GC(1046) Metaspace: 44926K(47768K)->44926K(47768K) NonClass: 39659K(41216K)->39659K(41216K) Class: 5266K(6552K)->5266K(6552K)
[2023-11-18T13:40:54.105+0000][gc            ] GC(1046) Pause Young (Normal) (G1 Evacuation Pause) 237M->214M(512M) 18.362ms
[2023-11-18T13:40:54.105+0000][gc,cpu        ] GC(1046) User=0.03s Sys=0.00s Real=0.01s
[2023-11-18T13:42:30.938+0000][gc,start      ] GC(1047) Pause Young (Normal) (G1 Evacuation Pause)
[2023-11-18T13:42:30.938+0000][gc,task       ] GC(1047) Using 2 workers of 2 for evacuation
[2023-11-18T13:42:30.949+0000][gc,phases     ] GC(1047)   Pre Evacuate Collection Set: 0.0ms
[2023-11-18T13:42:30.949+0000][gc,phases     ] GC(1047)   Evacuate Collection Set: 10.8ms
[2023-11-18T13:42:30.949+0000][gc,phases     ] GC(1047)   Post Evacuate Collection Set: 0.3ms
[2023-11-18T13:42:30.949+0000][gc,phases     ] GC(1047)   Other: 0.2ms
[2023-11-18T13:42:30.949+0000][gc,heap       ] GC(1047) Eden regions: 25->0(27)
[2023-11-18T13:42:30.949+0000][gc,heap       ] GC(1047) Survivor regions: 4->3(4)
[2023-11-18T13:42:30.949+0000][gc,heap       ] GC(1047) Old regions: 65->67
[2023-11-18T13:42:30.949+0000][gc,heap       ] GC(1047) Humongous regions: 147->147
[2023-11-18T13:42:30.949+0000][gc,metaspace  ] GC(1047) Metaspace: 44926K(47768K)->44926K(47768K) NonClass: 39659K(41216K)->39659K(41216K) Class: 5266K(6552K)->5266K(6552K)
[2023-11-18T13:42:30.949+0000][gc            ] GC(1047) Pause Young (Normal) (G1 Evacuation Pause) 239M->214M(512M) 11.383ms
[2023-11-18T13:42:30.949+0000][gc,cpu        ] GC(1047) User=0.02s Sys=0.00s Real=0.01s
[2023-11-18T13:44:10.985+0000][gc,start      ] GC(1048) Pause Young (Normal) (G1 Evacuation Pause)
[2023-11-18T13:44:10.986+0000][gc,task       ] GC(1048) Using 2 workers of 2 for evacuation
[2023-11-18T13:44:10.994+0000][gc,phases     ] GC(1048)   Pre Evacuate Collection Set: 0.0ms
[2023-11-18T13:44:10.994+0000][gc,phases     ] GC(1048)   Evacuate Collection Set: 8.4ms
[2023-11-18T13:44:10.994+0000][gc,phases     ] GC(1048)   Post Evacuate Collection Set: 0.3ms
[2023-11-18T13:44:10.994+0000][gc,phases     ] GC(1048)   Other: 0.2ms
[2023-11-18T13:44:10.994+0000][gc,heap       ] GC(1048) Eden regions: 26->0(31)
[2023-11-18T13:44:10.994+0000][gc,heap       ] GC(1048) Survivor regions: 3->2(4)
[2023-11-18T13:44:10.994+0000][gc,heap       ] GC(1048) Old regions: 67->68
[2023-11-18T13:44:10.994+0000][gc,heap       ] GC(1048) Humongous regions: 147->147
[2023-11-18T13:44:10.994+0000][gc,metaspace  ] GC(1048) Metaspace: 44926K(47768K)->44926K(47768K) NonClass: 39659K(41216K)->39659K(41216K) Class: 5266K(6552K)->5266K(6552K)
[2023-11-18T13:44:10.994+0000][gc            ] GC(1048) Pause Young (Normal) (G1 Evacuation Pause) 240M->214M(512M) 8.997ms
[2023-11-18T13:44:10.995+0000][gc,cpu        ] GC(1048) User=0.02s Sys=0.00s Real=0.01s
[2023-11-18T13:46:12.109+0000][gc,start      ] GC(1049) Pause Young (Normal) (G1 Evacuation Pause)
[2023-11-18T13:46:12.109+0000][gc,task       ] GC(1049) Using 2 workers of 2 for evacuation
[2023-11-18T13:46:12.125+0000][gc,phases     ] GC(1049)   Pre Evacuate Collection Set: 0.0ms
[2023-11-18T13:46:12.125+0000][gc,phases     ] GC(1049)   Evacuate Collection Set: 15.6ms
[2023-11-18T13:46:12.125+0000][gc,phases     ] GC(1049)   Post Evacuate Collection Set: 0.4ms
[2023-11-18T13:46:12.125+0000][gc,phases     ] GC(1049)   Other: 0.3ms
[2023-11-18T13:46:12.125+0000][gc,heap       ] GC(1049) Eden regions: 31->0(31)
[2023-11-18T13:46:12.125+0000][gc,heap       ] GC(1049) Survivor regions: 2->5(5)
[2023-11-18T13:46:12.125+0000][gc,heap       ] GC(1049) Old regions: 68->68
[2023-11-18T13:46:12.125+0000][gc,heap       ] GC(1049) Humongous regions: 147->147
[2023-11-18T13:46:12.125+0000][gc,metaspace  ] GC(1049) Metaspace: 44926K(47768K)->44926K(47768K) NonClass: 39659K(41216K)->39659K(41216K) Class: 5266K(6552K)->5266K(6552K)
[2023-11-18T13:46:12.125+0000][gc            ] GC(1049) Pause Young (Normal) (G1 Evacuation Pause) 245M->217M(512M) 16.657ms
[2023-11-18T13:46:12.126+0000][gc,cpu        ] GC(1049) User=0.03s Sys=0.00s Real=0.02s
[2023-11-18T13:48:12.796+0000][gc,start      ] GC(1050) Pause Young (Normal) (G1 Evacuation Pause)
[2023-11-18T13:48:12.796+0000][gc,task       ] GC(1050) Using 2 workers of 2 for evacuation
[2023-11-18T13:48:12.810+0000][gc,phases     ] GC(1050)   Pre Evacuate Collection Set: 0.0ms
[2023-11-18T13:48:12.810+0000][gc,phases     ] GC(1050)   Evacuate Collection Set: 13.7ms
[2023-11-18T13:48:12.810+0000][gc,phases     ] GC(1050)   Post Evacuate Collection Set: 0.3ms
[2023-11-18T13:48:12.810+0000][gc,phases     ] GC(1050)   Other: 0.2ms
[2023-11-18T13:48:12.810+0000][gc,heap       ] GC(1050) Eden regions: 31->0(32)
[2023-11-18T13:48:12.810+0000][gc,heap       ] GC(1050) Survivor regions: 5->3(5)
[2023-11-18T13:48:12.810+0000][gc,heap       ] GC(1050) Old regions: 68->70
[2023-11-18T13:48:12.810+0000][gc,heap       ] GC(1050) Humongous regions: 147->147
[2023-11-18T13:48:12.810+0000][gc,metaspace  ] GC(1050) Metaspace: 44926K(47768K)->44926K(47768K) NonClass: 39659K(41216K)->39659K(41216K) Class: 5266K(6552K)->5266K(6552K)
[2023-11-18T13:48:12.810+0000][gc            ] GC(1050) Pause Young (Normal) (G1 Evacuation Pause) 248M->218M(512M) 14.315ms
[2023-11-18T13:48:12.810+0000][gc,cpu        ] GC(1050) User=0.03s Sys=0.00s Real=0.01s
[2023-11-18T13:50:18.026+0000][gc,start      ] GC(1051) Pause Young (Normal) (G1 Evacuation Pause)
[2023-11-18T13:50:18.026+0000][gc,task       ] GC(1051) Using 2 workers of 2 for evacuation
[2023-11-18T13:50:18.039+0000][gc,phases     ] GC(1051)   Pre Evacuate Collection Set: 0.0ms
[2023-11-18T13:50:18.039+0000][gc,phases     ] GC(1051)   Evacuate Collection Set: 12.4ms
[2023-11-18T13:50:18.039+0000][gc,phases     ] GC(1051)   Post Evacuate Collection Set: 0.5ms
[2023-11-18T13:50:18.039+0000][gc,phases     ] GC(1051)   Other: 0.2ms
[2023-11-18T13:50:18.039+0000][gc,heap       ] GC(1051) Eden regions: 32->0(36)
[2023-11-18T13:50:18.039+0000][gc,heap       ] GC(1051) Survivor regions: 3->3(5)
[2023-11-18T13:50:18.039+0000][gc,heap       ] GC(1051) Old regions: 70->72
[2023-11-18T13:50:18.039+0000][gc,heap       ] GC(1051) Humongous regions: 147->147
[2023-11-18T13:50:18.039+0000][gc,metaspace  ] GC(1051) Metaspace: 44926K(47768K)->44926K(47768K) NonClass: 39659K(41216K)->39659K(41216K) Class: 5266K(6552K)->5266K(6552K)
[2023-11-18T13:50:18.039+0000][gc            ] GC(1051) Pause Young (Normal) (G1 Evacuation Pause) 250M->219M(512M) 13.167ms
[2023-11-18T13:50:18.039+0000][gc,cpu        ] GC(1051) User=0.03s Sys=0.00s Real=0.01s
[2023-11-18T13:52:31.245+0000][gc,start      ] GC(1052) Pause Young (Normal) (G1 Evacuation Pause)
[2023-11-18T13:52:31.245+0000][gc,task       ] GC(1052) Using 2 workers of 2 for evacuation
[2023-11-18T13:52:31.255+0000][gc,phases     ] GC(1052)   Pre Evacuate Collection Set: 0.0ms
[2023-11-18T13:52:31.255+0000][gc,phases     ] GC(1052)   Evacuate Collection Set: 9.6ms
[2023-11-18T13:52:31.255+0000][gc,phases     ] GC(1052)   Post Evacuate Collection Set: 0.4ms
[2023-11-18T13:52:31.255+0000][gc,phases     ] GC(1052)   Other: 0.2ms
[2023-11-18T13:52:31.255+0000][gc,heap       ] GC(1052) Eden regions: 34->0(39)
[2023-11-18T13:52:31.255+0000][gc,heap       ] GC(1052) Survivor regions: 3->3(5)
[2023-11-18T13:52:31.255+0000][gc,heap       ] GC(1052) Old regions: 72->72
[2023-11-18T13:52:31.255+0000][gc,heap       ] GC(1052) Humongous regions: 147->147
[2023-11-18T13:52:31.255+0000][gc,metaspace  ] GC(1052) Metaspace: 44926K(47768K)->44926K(47768K) NonClass: 39659K(41216K)->39659K(41216K) Class: 5266K(6552K)->5266K(6552K)
[2023-11-18T13:52:31.255+0000][gc            ] GC(1052) Pause Young (Normal) (G1 Evacuation Pause) 253M->219M(512M) 10.353ms
[2023-11-18T13:52:31.255+0000][gc,cpu        ] GC(1052) User=0.02s Sys=0.00s Real=0.02s
[2023-11-18T13:55:05.791+0000][gc,start      ] GC(1053) Pause Young (Normal) (G1 Evacuation Pause)
[2023-11-18T13:55:05.791+0000][gc,task       ] GC(1053) Using 2 workers of 2 for evacuation
[2023-11-18T13:55:05.809+0000][gc,phases     ] GC(1053)   Pre Evacuate Collection Set: 0.0ms
[2023-11-18T13:55:05.809+0000][gc,phases     ] GC(1053)   Evacuate Collection Set: 17.5ms
[2023-11-18T13:55:05.809+0000][gc,phases     ] GC(1053)   Post Evacuate Collection Set: 0.4ms
[2023-11-18T13:55:05.809+0000][gc,phases     ] GC(1053)   Other: 0.2ms
[2023-11-18T13:55:05.809+0000][gc,heap       ] GC(1053) Eden regions: 39->0(38)
[2023-11-18T13:55:05.809+0000][gc,heap       ] GC(1053) Survivor regions: 3->6(6)
[2023-11-18T13:55:05.809+0000][gc,heap       ] GC(1053) Old regions: 72->73
[2023-11-18T13:55:05.809+0000][gc,heap       ] GC(1053) Humongous regions: 147->147
[2023-11-18T13:55:05.809+0000][gc,metaspace  ] GC(1053) Metaspace: 44926K(47768K)->44926K(47768K) NonClass: 39659K(41216K)->39659K(41216K) Class: 5266K(6552K)->5266K(6552K)
[2023-11-18T13:55:05.809+0000][gc            ] GC(1053) Pause Young (Normal) (G1 Evacuation Pause) 258M->224M(512M) 18.379ms
[2023-11-18T13:55:05.809+0000][gc,cpu        ] GC(1053) User=0.03s Sys=0.00s Real=0.02s
[2023-11-18T13:57:34.263+0000][gc,start      ] GC(1054) Pause Young (Normal) (G1 Evacuation Pause)
[2023-11-18T13:57:34.263+0000][gc,task       ] GC(1054) Using 2 workers of 2 for evacuation
[2023-11-18T13:57:34.285+0000][gc,mmu        ] GC(1054) MMU target violated: 21.0ms (20.0ms/21.0ms)
[2023-11-18T13:57:34.285+0000][gc,phases     ] GC(1054)   Pre Evacuate Collection Set: 0.0ms
[2023-11-18T13:57:34.285+0000][gc,phases     ] GC(1054)   Evacuate Collection Set: 21.2ms
[2023-11-18T13:57:34.285+0000][gc,phases     ] GC(1054)   Post Evacuate Collection Set: 0.5ms
[2023-11-18T13:57:34.285+0000][gc,phases     ] GC(1054)   Other: 0.3ms
[2023-11-18T13:57:34.285+0000][gc,heap       ] GC(1054) Eden regions: 38->0(38)
[2023-11-18T13:57:34.285+0000][gc,heap       ] GC(1054) Survivor regions: 6->5(6)
[2023-11-18T13:57:34.285+0000][gc,heap       ] GC(1054) Old regions: 73->76
[2023-11-18T13:57:34.285+0000][gc,heap       ] GC(1054) Humongous regions: 147->147
[2023-11-18T13:57:34.285+0000][gc,metaspace  ] GC(1054) Metaspace: 44926K(47768K)->44926K(47768K) NonClass: 39659K(41216K)->39659K(41216K) Class: 5266K(6552K)->5266K(6552K)
[2023-11-18T13:57:34.285+0000][gc            ] GC(1054) Pause Young (Normal) (G1 Evacuation Pause) 262M->225M(512M) 21.973ms
[2023-11-18T13:57:34.285+0000][gc,cpu        ] GC(1054) User=0.04s Sys=0.00s Real=0.02s
[2023-11-18T14:00:02.534+0000][gc,start      ] GC(1055) Pause Young (Normal) (G1 Evacuation Pause)
[2023-11-18T14:00:02.534+0000][gc,task       ] GC(1055) Using 2 workers of 2 for evacuation
[2023-11-18T14:00:02.559+0000][gc,mmu        ] GC(1055) MMU target violated: 21.0ms (20.0ms/21.0ms)
[2023-11-18T14:00:02.559+0000][gc,phases     ] GC(1055)   Pre Evacuate Collection Set: 0.0ms
[2023-11-18T14:00:02.559+0000][gc,phases     ] GC(1055)   Evacuate Collection Set: 21.0ms
[2023-11-18T14:00:02.559+0000][gc,phases     ] GC(1055)   Post Evacuate Collection Set: 1.4ms
[2023-11-18T14:00:02.559+0000][gc,phases     ] GC(1055)   Other: 2.6ms
[2023-11-18T14:00:02.559+0000][gc,heap       ] GC(1055) Eden regions: 38->0(30)
[2023-11-18T14:00:02.559+0000][gc,heap       ] GC(1055) Survivor regions: 5->4(6)
[2023-11-18T14:00:02.559+0000][gc,heap       ] GC(1055) Old regions: 76->78
[2023-11-18T14:00:02.559+0000][gc,heap       ] GC(1055) Humongous regions: 147->147
[2023-11-18T14:00:02.559+0000][gc,metaspace  ] GC(1055) Metaspace: 44926K(47768K)->44926K(47768K) NonClass: 39659K(41216K)->39659K(41216K) Class: 5266K(6552K)->5266K(6552K)
[2023-11-18T14:00:02.559+0000][gc            ] GC(1055) Pause Young (Normal) (G1 Evacuation Pause) 263M->227M(512M) 25.112ms
[2023-11-18T14:00:02.559+0000][gc,cpu        ] GC(1055) User=0.04s Sys=0.00s Real=0.02s
[2023-11-18T14:01:47.237+0000][gc,start      ] GC(1056) Pause Young (Normal) (G1 Evacuation Pause)
[2023-11-18T14:01:47.237+0000][gc,task       ] GC(1056) Using 2 workers of 2 for evacuation
[2023-11-18T14:01:47.256+0000][gc,phases     ] GC(1056)   Pre Evacuate Collection Set: 0.0ms
[2023-11-18T14:01:47.257+0000][gc,phases     ] GC(1056)   Evacuate Collection Set: 17.8ms
[2023-11-18T14:01:47.257+0000][gc,phases     ] GC(1056)   Post Evacuate Collection Set: 1.0ms
[2023-11-18T14:01:47.257+0000][gc,phases     ] GC(1056)   Other: 0.2ms
[2023-11-18T14:01:47.257+0000][gc,heap       ] GC(1056) Eden regions: 27->0(31)
[2023-11-18T14:01:47.257+0000][gc,heap       ] GC(1056) Survivor regions: 4->3(4)
[2023-11-18T14:01:47.257+0000][gc,heap       ] GC(1056) Old regions: 78->80
[2023-11-18T14:01:47.257+0000][gc,heap       ] GC(1056) Humongous regions: 147->147
[2023-11-18T14:01:47.257+0000][gc,metaspace  ] GC(1056) Metaspace: 44926K(47768K)->44926K(47768K) NonClass: 39659K(41216K)->39659K(41216K) Class: 5266K(6552K)->5266K(6552K)
[2023-11-18T14:01:47.257+0000][gc            ] GC(1056) Pause Young (Normal) (G1 Evacuation Pause) 254M->227M(512M) 19.175ms
[2023-11-18T14:01:47.257+0000][gc,cpu        ] GC(1056) User=0.04s Sys=0.00s Real=0.02s
[2023-11-18T14:03:25.055+0000][gc,start      ] GC(1057) Pause Young (Normal) (G1 Evacuation Pause)
[2023-11-18T14:03:25.055+0000][gc,task       ] GC(1057) Using 2 workers of 2 for evacuation
[2023-11-18T14:03:25.066+0000][gc,phases     ] GC(1057)   Pre Evacuate Collection Set: 0.0ms
[2023-11-18T14:03:25.066+0000][gc,phases     ] GC(1057)   Evacuate Collection Set: 10.3ms
[2023-11-18T14:03:25.066+0000][gc,phases     ] GC(1057)   Post Evacuate Collection Set: 0.4ms
[2023-11-18T14:03:25.066+0000][gc,phases     ] GC(1057)   Other: 0.2ms
[2023-11-18T14:03:25.066+0000][gc,heap       ] GC(1057) Eden regions: 25->0(33)
[2023-11-18T14:03:25.066+0000][gc,heap       ] GC(1057) Survivor regions: 3->3(4)
[2023-11-18T14:03:25.066+0000][gc,heap       ] GC(1057) Old regions: 80->82
[2023-11-18T14:03:25.066+0000][gc,heap       ] GC(1057) Humongous regions: 147->147
[2023-11-18T14:03:25.066+0000][gc,metaspace  ] GC(1057) Metaspace: 44926K(47768K)->44926K(47768K) NonClass: 39659K(41216K)->39659K(41216K) Class: 5266K(6552K)->5266K(6552K)
[2023-11-18T14:03:25.066+0000][gc            ] GC(1057) Pause Young (Normal) (G1 Evacuation Pause) 252M->230M(512M) 11.002ms
[2023-11-18T14:03:25.066+0000][gc,cpu        ] GC(1057) User=0.02s Sys=0.00s Real=0.01s
[2023-11-18T14:05:13.605+0000][gc,start      ] GC(1058) Pause Young (Normal) (G1 Evacuation Pause)
[2023-11-18T14:05:13.605+0000][gc,task       ] GC(1058) Using 2 workers of 2 for evacuation
[2023-11-18T14:05:13.618+0000][gc,phases     ] GC(1058)   Pre Evacuate Collection Set: 0.0ms
[2023-11-18T14:05:13.618+0000][gc,phases     ] GC(1058)   Evacuate Collection Set: 12.3ms
[2023-11-18T14:05:13.618+0000][gc,phases     ] GC(1058)   Post Evacuate Collection Set: 0.3ms
[2023-11-18T14:05:13.618+0000][gc,phases     ] GC(1058)   Other: 0.2ms
[2023-11-18T14:05:13.618+0000][gc,heap       ] GC(1058) Eden regions: 28->0(36)
[2023-11-18T14:05:13.618+0000][gc,heap       ] GC(1058) Survivor regions: 3->4(4)
[2023-11-18T14:05:13.618+0000][gc,heap       ] GC(1058) Old regions: 82->83
[2023-11-18T14:05:13.618+0000][gc,heap       ] GC(1058) Humongous regions: 147->147
[2023-11-18T14:05:13.618+0000][gc,metaspace  ] GC(1058) Metaspace: 44926K(47768K)->44926K(47768K) NonClass: 39659K(41216K)->39659K(41216K) Class: 5266K(6552K)->5266K(6552K)
[2023-11-18T14:05:13.618+0000][gc            ] GC(1058) Pause Young (Normal) (G1 Evacuation Pause) 258M->231M(512M) 12.965ms
[2023-11-18T14:05:13.618+0000][gc,cpu        ] GC(1058) User=0.02s Sys=0.00s Real=0.02s
[2023-11-18T14:07:14.473+0000][gc,start      ] GC(1059) Pause Young (Normal) (G1 Evacuation Pause)
[2023-11-18T14:07:14.473+0000][gc,task       ] GC(1059) Using 2 workers of 2 for evacuation
[2023-11-18T14:07:14.484+0000][gc,phases     ] GC(1059)   Pre Evacuate Collection Set: 0.0ms
[2023-11-18T14:07:14.484+0000][gc,phases     ] GC(1059)   Evacuate Collection Set: 11.2ms
[2023-11-18T14:07:14.484+0000][gc,phases     ] GC(1059)   Post Evacuate Collection Set: 0.3ms
[2023-11-18T14:07:14.484+0000][gc,phases     ] GC(1059)   Other: 0.2ms
[2023-11-18T14:07:14.484+0000][gc,heap       ] GC(1059) Eden regions: 31->0(39)
[2023-11-18T14:07:14.484+0000][gc,heap       ] GC(1059) Survivor regions: 4->3(5)
[2023-11-18T14:07:14.484+0000][gc,heap       ] GC(1059) Old regions: 83->85
[2023-11-18T14:07:14.484+0000][gc,heap       ] GC(1059) Humongous regions: 147->147
[2023-11-18T14:07:14.484+0000][gc,metaspace  ] GC(1059) Metaspace: 44926K(47768K)->44926K(47768K) NonClass: 39659K(41216K)->39659K(41216K) Class: 5266K(6552K)->5266K(6552K)
[2023-11-18T14:07:14.484+0000][gc            ] GC(1059) Pause Young (Normal) (G1 Evacuation Pause) 262M->232M(512M) 11.829ms
[2023-11-18T14:07:14.484+0000][gc,cpu        ] GC(1059) User=0.02s Sys=0.00s Real=0.01s
[2023-11-18T14:08:46.550+0000][gc,start      ] GC(1060) Pause Young (Normal) (G1 Evacuation Pause)
[2023-11-18T14:08:46.550+0000][gc,task       ] GC(1060) Using 2 workers of 2 for evacuation
[2023-11-18T14:08:46.572+0000][gc,mmu        ] GC(1060) MMU target violated: 21.0ms (20.0ms/21.0ms)
[2023-11-18T14:08:46.572+0000][gc,phases     ] GC(1060)   Pre Evacuate Collection Set: 0.0ms
[2023-11-18T14:08:46.572+0000][gc,phases     ] GC(1060)   Evacuate Collection Set: 21.4ms
[2023-11-18T14:08:46.572+0000][gc,phases     ] GC(1060)   Post Evacuate Collection Set: 0.4ms
[2023-11-18T14:08:46.572+0000][gc,phases     ] GC(1060)   Other: 0.3ms
[2023-11-18T14:08:46.572+0000][gc,heap       ] GC(1060) Eden regions: 29->0(29)
[2023-11-18T14:08:46.572+0000][gc,heap       ] GC(1060) Survivor regions: 3->4(4)
[2023-11-18T14:08:46.572+0000][gc,heap       ] GC(1060) Old regions: 85->89
[2023-11-18T14:08:46.572+0000][gc,heap       ] GC(1060) Humongous regions: 147->147
[2023-11-18T14:08:46.572+0000][gc,metaspace  ] GC(1060) Metaspace: 44927K(47768K)->44927K(47768K) NonClass: 39661K(41216K)->39661K(41216K) Class: 5266K(6552K)->5266K(6552K)
[2023-11-18T14:08:46.572+0000][gc            ] GC(1060) Pause Young (Normal) (G1 Evacuation Pause) 261M->238M(512M) 22.050ms
[2023-11-18T14:08:46.572+0000][gc,cpu        ] GC(1060) User=0.04s Sys=0.00s Real=0.02s
[2023-11-18T14:10:39.679+0000][gc,start      ] GC(1061) Pause Young (Normal) (G1 Evacuation Pause)
[2023-11-18T14:10:39.679+0000][gc,task       ] GC(1061) Using 2 workers of 2 for evacuation
[2023-11-18T14:10:39.695+0000][gc,phases     ] GC(1061)   Pre Evacuate Collection Set: 0.0ms
[2023-11-18T14:10:39.695+0000][gc,phases     ] GC(1061)   Evacuate Collection Set: 15.4ms
[2023-11-18T14:10:39.695+0000][gc,phases     ] GC(1061)   Post Evacuate Collection Set: 0.5ms
[2023-11-18T14:10:39.695+0000][gc,phases     ] GC(1061)   Other: 0.2ms
[2023-11-18T14:10:39.695+0000][gc,heap       ] GC(1061) Eden regions: 29->0(31)
[2023-11-18T14:10:39.695+0000][gc,heap       ] GC(1061) Survivor regions: 4->4(5)
[2023-11-18T14:10:39.695+0000][gc,heap       ] GC(1061) Old regions: 89->92
[2023-11-18T14:10:39.695+0000][gc,heap       ] GC(1061) Humongous regions: 147->147
[2023-11-18T14:10:39.695+0000][gc,metaspace  ] GC(1061) Metaspace: 44927K(47768K)->44927K(47768K) NonClass: 39661K(41216K)->39661K(41216K) Class: 5266K(6552K)->5266K(6552K)
[2023-11-18T14:10:39.695+0000][gc            ] GC(1061) Pause Young (Normal) (G1 Evacuation Pause) 267M->240M(512M) 16.317ms
[2023-11-18T14:10:39.695+0000][gc,cpu        ] GC(1061) User=0.03s Sys=0.00s Real=0.02s
[2023-11-18T14:12:40.387+0000][gc,start      ] GC(1062) Pause Young (Normal) (G1 Evacuation Pause)
[2023-11-18T14:12:40.387+0000][gc,task       ] GC(1062) Using 2 workers of 2 for evacuation
[2023-11-18T14:12:40.398+0000][gc,phases     ] GC(1062)   Pre Evacuate Collection Set: 0.0ms
[2023-11-18T14:12:40.398+0000][gc,phases     ] GC(1062)   Evacuate Collection Set: 10.6ms
[2023-11-18T14:12:40.398+0000][gc,phases     ] GC(1062)   Post Evacuate Collection Set: 0.4ms
[2023-11-18T14:12:40.398+0000][gc,phases     ] GC(1062)   Other: 0.3ms
[2023-11-18T14:12:40.398+0000][gc,heap       ] GC(1062) Eden regions: 31->0(34)
[2023-11-18T14:12:40.398+0000][gc,heap       ] GC(1062) Survivor regions: 4->3(5)
[2023-11-18T14:12:40.398+0000][gc,heap       ] GC(1062) Old regions: 92->93
[2023-11-18T14:12:40.398+0000][gc,heap       ] GC(1062) Humongous regions: 147->147
[2023-11-18T14:12:40.398+0000][gc,metaspace  ] GC(1062) Metaspace: 44927K(47768K)->44927K(47768K) NonClass: 39661K(41216K)->39661K(41216K) Class: 5266K(6552K)->5266K(6552K)
[2023-11-18T14:12:40.398+0000][gc            ] GC(1062) Pause Young (Normal) (G1 Evacuation Pause) 271M->240M(512M) 11.374ms
[2023-11-18T14:12:40.398+0000][gc,cpu        ] GC(1062) User=0.02s Sys=0.00s Real=0.01s
[2023-11-18T14:14:54.119+0000][gc,start      ] GC(1063) Pause Young (Normal) (G1 Evacuation Pause)
[2023-11-18T14:14:54.119+0000][gc,task       ] GC(1063) Using 2 workers of 2 for evacuation
[2023-11-18T14:14:54.138+0000][gc,phases     ] GC(1063)   Pre Evacuate Collection Set: 0.0ms
[2023-11-18T14:14:54.138+0000][gc,phases     ] GC(1063)   Evacuate Collection Set: 18.4ms
[2023-11-18T14:14:54.138+0000][gc,phases     ] GC(1063)   Post Evacuate Collection Set: 0.3ms
[2023-11-18T14:14:54.138+0000][gc,phases     ] GC(1063)   Other: 0.3ms
[2023-11-18T14:14:54.138+0000][gc,heap       ] GC(1063) Eden regions: 34->0(27)
[2023-11-18T14:14:54.138+0000][gc,heap       ] GC(1063) Survivor regions: 3->3(5)
[2023-11-18T14:14:54.138+0000][gc,heap       ] GC(1063) Old regions: 93->93
[2023-11-18T14:14:54.138+0000][gc,heap       ] GC(1063) Humongous regions: 147->147
[2023-11-18T14:14:54.138+0000][gc,metaspace  ] GC(1063) Metaspace: 44927K(47768K)->44927K(47768K) NonClass: 39661K(41216K)->39661K(41216K) Class: 5266K(6552K)->5266K(6552K)
[2023-11-18T14:14:54.138+0000][gc            ] GC(1063) Pause Young (Normal) (G1 Evacuation Pause) 274M->241M(512M) 19.032ms
[2023-11-18T14:14:54.138+0000][gc,cpu        ] GC(1063) User=0.03s Sys=0.00s Real=0.02s
[2023-11-18T14:16:39.309+0000][gc,start      ] GC(1064) Pause Young (Normal) (G1 Evacuation Pause)
[2023-11-18T14:16:39.309+0000][gc,task       ] GC(1064) Using 2 workers of 2 for evacuation
[2023-11-18T14:16:39.327+0000][gc,phases     ] GC(1064)   Pre Evacuate Collection Set: 0.0ms
[2023-11-18T14:16:39.327+0000][gc,phases     ] GC(1064)   Evacuate Collection Set: 17.4ms
[2023-11-18T14:16:39.327+0000][gc,phases     ] GC(1064)   Post Evacuate Collection Set: 0.4ms
[2023-11-18T14:16:39.327+0000][gc,phases     ] GC(1064)   Other: 0.2ms
[2023-11-18T14:16:39.327+0000][gc,heap       ] GC(1064) Eden regions: 27->0(26)
[2023-11-18T14:16:39.327+0000][gc,heap       ] GC(1064) Survivor regions: 3->4(4)
[2023-11-18T14:16:39.327+0000][gc,heap       ] GC(1064) Old regions: 93->95
[2023-11-18T14:16:39.327+0000][gc,heap       ] GC(1064) Humongous regions: 147->147
[2023-11-18T14:16:39.327+0000][gc,metaspace  ] GC(1064) Metaspace: 44927K(47768K)->44927K(47768K) NonClass: 39661K(41216K)->39661K(41216K) Class: 5266K(6552K)->5266K(6552K)
[2023-11-18T14:16:39.327+0000][gc            ] GC(1064) Pause Young (Normal) (G1 Evacuation Pause) 268M->244M(512M) 18.078ms
[2023-11-18T14:16:39.327+0000][gc,cpu        ] GC(1064) User=0.04s Sys=0.00s Real=0.02s
[2023-11-18T14:18:19.496+0000][gc,start      ] GC(1065) Pause Young (Normal) (G1 Evacuation Pause)
[2023-11-18T14:18:19.497+0000][gc,task       ] GC(1065) Using 2 workers of 2 for evacuation
[2023-11-18T14:18:19.508+0000][gc,phases     ] GC(1065)   Pre Evacuate Collection Set: 0.0ms
[2023-11-18T14:18:19.508+0000][gc,phases     ] GC(1065)   Evacuate Collection Set: 10.5ms
[2023-11-18T14:18:19.508+0000][gc,phases     ] GC(1065)   Post Evacuate Collection Set: 0.3ms
[2023-11-18T14:18:19.508+0000][gc,phases     ] GC(1065)   Other: 0.2ms
[2023-11-18T14:18:19.508+0000][gc,heap       ] GC(1065) Eden regions: 26->0(28)
[2023-11-18T14:18:19.508+0000][gc,heap       ] GC(1065) Survivor regions: 4->3(4)
[2023-11-18T14:18:19.508+0000][gc,heap       ] GC(1065) Old regions: 95->97
[2023-11-18T14:18:19.508+0000][gc,heap       ] GC(1065) Humongous regions: 147->147
[2023-11-18T14:18:19.508+0000][gc,metaspace  ] GC(1065) Metaspace: 44927K(47768K)->44927K(47768K) NonClass: 39661K(41216K)->39661K(41216K) Class: 5266K(6552K)->5266K(6552K)
[2023-11-18T14:18:19.508+0000][gc            ] GC(1065) Pause Young (Normal) (G1 Evacuation Pause) 270M->245M(512M) 11.126ms
[2023-11-18T14:18:19.508+0000][gc,cpu        ] GC(1065) User=0.02s Sys=0.00s Real=0.01s
[2023-11-18T14:20:05.182+0000][gc,start      ] GC(1066) Pause Young (Normal) (G1 Evacuation Pause)
[2023-11-18T14:20:05.182+0000][gc,task       ] GC(1066) Using 2 workers of 2 for evacuation
[2023-11-18T14:20:05.196+0000][gc,phases     ] GC(1066)   Pre Evacuate Collection Set: 0.0ms
[2023-11-18T14:20:05.196+0000][gc,phases     ] GC(1066)   Evacuate Collection Set: 14.2ms
[2023-11-18T14:20:05.196+0000][gc,phases     ] GC(1066)   Post Evacuate Collection Set: 0.3ms
[2023-11-18T14:20:05.196+0000][gc,phases     ] GC(1066)   Other: 0.2ms
[2023-11-18T14:20:05.196+0000][gc,heap       ] GC(1066) Eden regions: 27->0(28)
[2023-11-18T14:20:05.196+0000][gc,heap       ] GC(1066) Survivor regions: 3->4(4)
[2023-11-18T14:20:05.196+0000][gc,heap       ] GC(1066) Old regions: 97->98
[2023-11-18T14:20:05.196+0000][gc,heap       ] GC(1066) Humongous regions: 147->147
[2023-11-18T14:20:05.196+0000][gc,metaspace  ] GC(1066) Metaspace: 44927K(47768K)->44927K(47768K) NonClass: 39661K(41216K)->39661K(41216K) Class: 5266K(6552K)->5266K(6552K)
[2023-11-18T14:20:05.196+0000][gc            ] GC(1066) Pause Young (Normal) (G1 Evacuation Pause) 272M->247M(512M) 14.829ms
[2023-11-18T14:20:05.196+0000][gc,cpu        ] GC(1066) User=0.02s Sys=0.00s Real=0.02s
[2023-11-18T14:21:53.888+0000][gc,start      ] GC(1067) Pause Young (Normal) (G1 Evacuation Pause)
[2023-11-18T14:21:53.888+0000][gc,task       ] GC(1067) Using 2 workers of 2 for evacuation
[2023-11-18T14:21:53.902+0000][gc,phases     ] GC(1067)   Pre Evacuate Collection Set: 0.0ms
[2023-11-18T14:21:53.902+0000][gc,phases     ] GC(1067)   Evacuate Collection Set: 13.4ms
[2023-11-18T14:21:53.902+0000][gc,phases     ] GC(1067)   Post Evacuate Collection Set: 0.3ms
[2023-11-18T14:21:53.902+0000][gc,phases     ] GC(1067)   Other: 0.2ms
[2023-11-18T14:21:53.902+0000][gc,heap       ] GC(1067) Eden regions: 28->0(29)
[2023-11-18T14:21:53.902+0000][gc,heap       ] GC(1067) Survivor regions: 4->3(4)
[2023-11-18T14:21:53.902+0000][gc,heap       ] GC(1067) Old regions: 98->100
[2023-11-18T14:21:53.902+0000][gc,heap       ] GC(1067) Humongous regions: 147->147
[2023-11-18T14:21:53.902+0000][gc,metaspace  ] GC(1067) Metaspace: 44927K(47768K)->44927K(47768K) NonClass: 39661K(41216K)->39661K(41216K) Class: 5266K(6552K)->5266K(6552K)
[2023-11-18T14:21:53.902+0000][gc            ] GC(1067) Pause Young (Normal) (G1 Evacuation Pause) 275M->248M(512M) 14.064ms
[2023-11-18T14:21:53.902+0000][gc,cpu        ] GC(1067) User=0.03s Sys=0.00s Real=0.01s
[2023-11-18T14:23:38.415+0000][gc,start      ] GC(1068) Pause Young (Normal) (G1 Evacuation Pause)
[2023-11-18T14:23:38.415+0000][gc,task       ] GC(1068) Using 2 workers of 2 for evacuation
[2023-11-18T14:23:38.428+0000][gc,phases     ] GC(1068)   Pre Evacuate Collection Set: 0.0ms
[2023-11-18T14:23:38.428+0000][gc,phases     ] GC(1068)   Evacuate Collection Set: 12.3ms
[2023-11-18T14:23:38.428+0000][gc,phases     ] GC(1068)   Post Evacuate Collection Set: 0.3ms
[2023-11-18T14:23:38.428+0000][gc,phases     ] GC(1068)   Other: 0.5ms
[2023-11-18T14:23:38.428+0000][gc,heap       ] GC(1068) Eden regions: 27->0(31)
[2023-11-18T14:23:38.428+0000][gc,heap       ] GC(1068) Survivor regions: 3->2(4)
[2023-11-18T14:23:38.428+0000][gc,heap       ] GC(1068) Old regions: 100->102
[2023-11-18T14:23:38.428+0000][gc,heap       ] GC(1068) Humongous regions: 147->147
[2023-11-18T14:23:38.428+0000][gc,metaspace  ] GC(1068) Metaspace: 44927K(47768K)->44927K(47768K) NonClass: 39661K(41216K)->39661K(41216K) Class: 5266K(6552K)->5266K(6552K)
[2023-11-18T14:23:38.428+0000][gc            ] GC(1068) Pause Young (Normal) (G1 Evacuation Pause) 275M->248M(512M) 13.274ms
[2023-11-18T14:23:38.428+0000][gc,cpu        ] GC(1068) User=0.02s Sys=0.00s Real=0.01s
[2023-11-18T14:25:31.960+0000][gc,start      ] GC(1069) Pause Young (Normal) (G1 Evacuation Pause)
[2023-11-18T14:25:31.960+0000][gc,task       ] GC(1069) Using 2 workers of 2 for evacuation
[2023-11-18T14:25:31.974+0000][gc,phases     ] GC(1069)   Pre Evacuate Collection Set: 0.0ms
[2023-11-18T14:25:31.974+0000][gc,phases     ] GC(1069)   Evacuate Collection Set: 13.4ms
[2023-11-18T14:25:31.974+0000][gc,phases     ] GC(1069)   Post Evacuate Collection Set: 0.4ms
[2023-11-18T14:25:31.974+0000][gc,phases     ] GC(1069)   Other: 0.2ms
[2023-11-18T14:25:31.974+0000][gc,heap       ] GC(1069) Eden regions: 29->0(30)
[2023-11-18T14:25:31.974+0000][gc,heap       ] GC(1069) Survivor regions: 2->4(4)
[2023-11-18T14:25:31.974+0000][gc,heap       ] GC(1069) Old regions: 102->103
[2023-11-18T14:25:31.974+0000][gc,heap       ] GC(1069) Humongous regions: 147->147
[2023-11-18T14:25:31.974+0000][gc,metaspace  ] GC(1069) Metaspace: 44927K(47768K)->44927K(47768K) NonClass: 39661K(41216K)->39661K(41216K) Class: 5266K(6552K)->5266K(6552K)
[2023-11-18T14:25:31.974+0000][gc            ] GC(1069) Pause Young (Normal) (G1 Evacuation Pause) 277M->251M(512M) 14.084ms
[2023-11-18T14:25:31.974+0000][gc,cpu        ] GC(1069) User=0.03s Sys=0.00s Real=0.02s
[2023-11-18T14:27:29.255+0000][gc,start      ] GC(1070) Pause Young (Normal) (G1 Evacuation Pause)
[2023-11-18T14:27:29.255+0000][gc,task       ] GC(1070) Using 2 workers of 2 for evacuation
[2023-11-18T14:27:29.269+0000][gc,phases     ] GC(1070)   Pre Evacuate Collection Set: 0.0ms
[2023-11-18T14:27:29.269+0000][gc,phases     ] GC(1070)   Evacuate Collection Set: 12.9ms
[2023-11-18T14:27:29.269+0000][gc,phases     ] GC(1070)   Post Evacuate Collection Set: 0.3ms
[2023-11-18T14:27:29.269+0000][gc,phases     ] GC(1070)   Other: 0.2ms
[2023-11-18T14:27:29.269+0000][gc,heap       ] GC(1070) Eden regions: 30->0(32)
[2023-11-18T14:27:29.269+0000][gc,heap       ] GC(1070) Survivor regions: 4->4(5)
[2023-11-18T14:27:29.269+0000][gc,heap       ] GC(1070) Old regions: 103->105
[2023-11-18T14:27:29.269+0000][gc,heap       ] GC(1070) Humongous regions: 147->147
[2023-11-18T14:27:29.269+0000][gc,metaspace  ] GC(1070) Metaspace: 44927K(47768K)->44927K(47768K) NonClass: 39661K(41216K)->39661K(41216K) Class: 5266K(6552K)->5266K(6552K)
[2023-11-18T14:27:29.269+0000][gc            ] GC(1070) Pause Young (Normal) (G1 Evacuation Pause) 281M->253M(512M) 13.496ms
[2023-11-18T14:27:29.269+0000][gc,cpu        ] GC(1070) User=0.02s Sys=0.00s Real=0.01s
[2023-11-18T14:29:25.151+0000][gc,start      ] GC(1071) Pause Young (Normal) (G1 Evacuation Pause)
[2023-11-18T14:29:25.151+0000][gc,task       ] GC(1071) Using 2 workers of 2 for evacuation
[2023-11-18T14:29:25.163+0000][gc,phases     ] GC(1071)   Pre Evacuate Collection Set: 0.0ms
[2023-11-18T14:29:25.163+0000][gc,phases     ] GC(1071)   Evacuate Collection Set: 11.8ms
[2023-11-18T14:29:25.163+0000][gc,phases     ] GC(1071)   Post Evacuate Collection Set: 0.3ms
[2023-11-18T14:29:25.163+0000][gc,phases     ] GC(1071)   Other: 0.2ms
[2023-11-18T14:29:25.163+0000][gc,heap       ] GC(1071) Eden regions: 30->0(33)
[2023-11-18T14:29:25.163+0000][gc,heap       ] GC(1071) Survivor regions: 4->3(5)
[2023-11-18T14:29:25.163+0000][gc,heap       ] GC(1071) Old regions: 105->106
[2023-11-18T14:29:25.163+0000][gc,heap       ] GC(1071) Humongous regions: 147->147
[2023-11-18T14:29:25.163+0000][gc,metaspace  ] GC(1071) Metaspace: 44927K(47768K)->44927K(47768K) NonClass: 39661K(41216K)->39661K(41216K) Class: 5266K(6552K)->5266K(6552K)
[2023-11-18T14:29:25.163+0000][gc            ] GC(1071) Pause Young (Normal) (G1 Evacuation Pause) 283M->253M(512M) 12.415ms
[2023-11-18T14:29:25.163+0000][gc,cpu        ] GC(1071) User=0.03s Sys=0.00s Real=0.01s
[2023-11-18T14:31:26.724+0000][gc,start      ] GC(1072) Pause Young (Normal) (G1 Evacuation Pause)
[2023-11-18T14:31:26.724+0000][gc,task       ] GC(1072) Using 2 workers of 2 for evacuation
[2023-11-18T14:31:26.740+0000][gc,phases     ] GC(1072)   Pre Evacuate Collection Set: 0.0ms
[2023-11-18T14:31:26.740+0000][gc,phases     ] GC(1072)   Evacuate Collection Set: 15.9ms
[2023-11-18T14:31:26.740+0000][gc,phases     ] GC(1072)   Post Evacuate Collection Set: 0.3ms
[2023-11-18T14:31:26.740+0000][gc,phases     ] GC(1072)   Other: 0.2ms
[2023-11-18T14:31:26.740+0000][gc,heap       ] GC(1072) Eden regions: 31->0(33)
[2023-11-18T14:31:26.740+0000][gc,heap       ] GC(1072) Survivor regions: 3->5(5)
[2023-11-18T14:31:26.740+0000][gc,heap       ] GC(1072) Old regions: 106->106
[2023-11-18T14:31:26.740+0000][gc,heap       ] GC(1072) Humongous regions: 147->147
[2023-11-18T14:31:26.740+0000][gc,metaspace  ] GC(1072) Metaspace: 44927K(47768K)->44927K(47768K) NonClass: 39661K(41216K)->39661K(41216K) Class: 5266K(6552K)->5266K(6552K)
[2023-11-18T14:31:26.740+0000][gc            ] GC(1072) Pause Young (Normal) (G1 Evacuation Pause) 284M->256M(512M) 16.585ms
[2023-11-18T14:31:26.740+0000][gc,cpu        ] GC(1072) User=0.03s Sys=0.00s Real=0.02s
[2023-11-18T14:33:35.921+0000][gc,start      ] GC(1073) Pause Young (Normal) (G1 Evacuation Pause)
[2023-11-18T14:33:35.921+0000][gc,task       ] GC(1073) Using 2 workers of 2 for evacuation
[2023-11-18T14:33:35.940+0000][gc,phases     ] GC(1073)   Pre Evacuate Collection Set: 0.0ms
[2023-11-18T14:33:35.940+0000][gc,phases     ] GC(1073)   Evacuate Collection Set: 18.2ms
[2023-11-18T14:33:35.940+0000][gc,phases     ] GC(1073)   Post Evacuate Collection Set: 0.4ms
[2023-11-18T14:33:35.940+0000][gc,phases     ] GC(1073)   Other: 0.2ms
[2023-11-18T14:33:35.940+0000][gc,heap       ] GC(1073) Eden regions: 33->0(33)
[2023-11-18T14:33:35.940+0000][gc,heap       ] GC(1073) Survivor regions: 5->4(5)
[2023-11-18T14:33:35.940+0000][gc,heap       ] GC(1073) Old regions: 106->109
[2023-11-18T14:33:35.940+0000][gc,heap       ] GC(1073) Humongous regions: 147->147
[2023-11-18T14:33:35.940+0000][gc,metaspace  ] GC(1073) Metaspace: 44928K(47768K)->44928K(47768K) NonClass: 39662K(41216K)->39662K(41216K) Class: 5266K(6552K)->5266K(6552K)
[2023-11-18T14:33:35.940+0000][gc            ] GC(1073) Pause Young (Normal) (G1 Evacuation Pause) 289M->257M(512M) 18.939ms
[2023-11-18T14:33:35.940+0000][gc,cpu        ] GC(1073) User=0.03s Sys=0.00s Real=0.02s
[2023-11-18T14:35:44.775+0000][gc,start      ] GC(1074) Pause Young (Normal) (G1 Evacuation Pause)
[2023-11-18T14:35:44.775+0000][gc,task       ] GC(1074) Using 2 workers of 2 for evacuation
[2023-11-18T14:35:44.791+0000][gc,phases     ] GC(1074)   Pre Evacuate Collection Set: 0.0ms
[2023-11-18T14:35:44.791+0000][gc,phases     ] GC(1074)   Evacuate Collection Set: 16.1ms
[2023-11-18T14:35:44.791+0000][gc,phases     ] GC(1074)   Post Evacuate Collection Set: 0.3ms
[2023-11-18T14:35:44.791+0000][gc,phases     ] GC(1074)   Other: 0.3ms
[2023-11-18T14:35:44.791+0000][gc,heap       ] GC(1074) Eden regions: 33->0(34)
[2023-11-18T14:35:44.791+0000][gc,heap       ] GC(1074) Survivor regions: 4->4(5)
[2023-11-18T14:35:44.791+0000][gc,heap       ] GC(1074) Old regions: 109->110
[2023-11-18T14:35:44.791+0000][gc,heap       ] GC(1074) Humongous regions: 147->147
[2023-11-18T14:35:44.791+0000][gc,metaspace  ] GC(1074) Metaspace: 44928K(47768K)->44928K(47768K) NonClass: 39662K(41216K)->39662K(41216K) Class: 5266K(6552K)->5266K(6552K)
[2023-11-18T14:35:44.791+0000][gc            ] GC(1074) Pause Young (Normal) (G1 Evacuation Pause) 290M->258M(512M) 16.840ms
[2023-11-18T14:35:44.791+0000][gc,cpu        ] GC(1074) User=0.03s Sys=0.00s Real=0.01s
[2023-11-18T14:37:50.327+0000][gc,start      ] GC(1075) Pause Young (Normal) (G1 Evacuation Pause)
[2023-11-18T14:37:50.327+0000][gc,task       ] GC(1075) Using 2 workers of 2 for evacuation
[2023-11-18T14:37:50.354+0000][gc,mmu        ] GC(1075) MMU target violated: 21.0ms (20.0ms/21.0ms)
[2023-11-18T14:37:50.354+0000][gc,phases     ] GC(1075)   Pre Evacuate Collection Set: 0.0ms
[2023-11-18T14:37:50.354+0000][gc,phases     ] GC(1075)   Evacuate Collection Set: 23.9ms
[2023-11-18T14:37:50.354+0000][gc,phases     ] GC(1075)   Post Evacuate Collection Set: 2.4ms
[2023-11-18T14:37:50.354+0000][gc,phases     ] GC(1075)   Other: 0.3ms
[2023-11-18T14:37:50.354+0000][gc,heap       ] GC(1075) Eden regions: 32->0(27)
[2023-11-18T14:37:50.354+0000][gc,heap       ] GC(1075) Survivor regions: 4->3(5)
[2023-11-18T14:37:50.354+0000][gc,heap       ] GC(1075) Old regions: 110->112
[2023-11-18T14:37:50.354+0000][gc,heap       ] GC(1075) Humongous regions: 147->147
[2023-11-18T14:37:50.354+0000][gc,metaspace  ] GC(1075) Metaspace: 44928K(47768K)->44928K(47768K) NonClass: 39662K(41216K)->39662K(41216K) Class: 5266K(6552K)->5266K(6552K)
[2023-11-18T14:37:50.354+0000][gc            ] GC(1075) Pause Young (Normal) (G1 Evacuation Pause) 290M->259M(512M) 26.649ms
[2023-11-18T14:37:50.354+0000][gc,cpu        ] GC(1075) User=0.04s Sys=0.01s Real=0.03s
[2023-11-18T14:39:15.137+0000][gc,start      ] GC(1076) Pause Young (Normal) (G1 Evacuation Pause)
[2023-11-18T14:39:15.137+0000][gc,task       ] GC(1076) Using 2 workers of 2 for evacuation
[2023-11-18T14:39:15.149+0000][gc,phases     ] GC(1076)   Pre Evacuate Collection Set: 0.0ms
[2023-11-18T14:39:15.149+0000][gc,phases     ] GC(1076)   Evacuate Collection Set: 11.8ms
[2023-11-18T14:39:15.149+0000][gc,phases     ] GC(1076)   Post Evacuate Collection Set: 0.3ms
[2023-11-18T14:39:15.149+0000][gc,phases     ] GC(1076)   Other: 0.2ms
[2023-11-18T14:39:15.149+0000][gc,heap       ] GC(1076) Eden regions: 22->0(27)
[2023-11-18T14:39:15.149+0000][gc,heap       ] GC(1076) Survivor regions: 3->3(4)
[2023-11-18T14:39:15.149+0000][gc,heap       ] GC(1076) Old regions: 112->114
[2023-11-18T14:39:15.149+0000][gc,heap       ] GC(1076) Humongous regions: 147->147
[2023-11-18T14:39:15.149+0000][gc,metaspace  ] GC(1076) Metaspace: 44928K(47768K)->44928K(47768K) NonClass: 39662K(41216K)->39662K(41216K) Class: 5266K(6552K)->5266K(6552K)
[2023-11-18T14:39:15.149+0000][gc            ] GC(1076) Pause Young (Normal) (G1 Evacuation Pause) 281M->261M(512M) 12.441ms
[2023-11-18T14:39:15.149+0000][gc,cpu        ] GC(1076) User=0.02s Sys=0.00s Real=0.01s
[2023-11-18T14:40:40.181+0000][gc,start      ] GC(1077) Pause Young (Normal) (G1 Evacuation Pause)
[2023-11-18T14:40:40.181+0000][gc,task       ] GC(1077) Using 2 workers of 2 for evacuation
[2023-11-18T14:40:40.194+0000][gc,phases     ] GC(1077)   Pre Evacuate Collection Set: 0.0ms
[2023-11-18T14:40:40.194+0000][gc,phases     ] GC(1077)   Evacuate Collection Set: 12.4ms
[2023-11-18T14:40:40.194+0000][gc,phases     ] GC(1077)   Post Evacuate Collection Set: 0.5ms
[2023-11-18T14:40:40.194+0000][gc,phases     ] GC(1077)   Other: 0.3ms
[2023-11-18T14:40:40.194+0000][gc,heap       ] GC(1077) Eden regions: 22->0(32)
[2023-11-18T14:40:40.194+0000][gc,heap       ] GC(1077) Survivor regions: 3->2(4)
[2023-11-18T14:40:40.194+0000][gc,heap       ] GC(1077) Old regions: 114->115
[2023-11-18T14:40:40.194+0000][gc,heap       ] GC(1077) Humongous regions: 147->147
[2023-11-18T14:40:40.194+0000][gc,metaspace  ] GC(1077) Metaspace: 44928K(47768K)->44928K(47768K) NonClass: 39662K(41216K)->39662K(41216K) Class: 5266K(6552K)->5266K(6552K)
[2023-11-18T14:40:40.194+0000][gc            ] GC(1077) Pause Young (Normal) (G1 Evacuation Pause) 283M->262M(512M) 13.157ms
[2023-11-18T14:40:40.194+0000][gc,cpu        ] GC(1077) User=0.02s Sys=0.00s Real=0.02s
[2023-11-18T14:42:17.453+0000][gc,start      ] GC(1078) Pause Young (Normal) (G1 Evacuation Pause)
[2023-11-18T14:42:17.453+0000][gc,task       ] GC(1078) Using 2 workers of 2 for evacuation
[2023-11-18T14:42:17.469+0000][gc,phases     ] GC(1078)   Pre Evacuate Collection Set: 0.0ms
[2023-11-18T14:42:17.469+0000][gc,phases     ] GC(1078)   Evacuate Collection Set: 15.0ms
[2023-11-18T14:42:17.469+0000][gc,phases     ] GC(1078)   Post Evacuate Collection Set: 0.3ms
[2023-11-18T14:42:17.469+0000][gc,phases     ] GC(1078)   Other: 0.2ms
[2023-11-18T14:42:17.469+0000][gc,heap       ] GC(1078) Eden regions: 25->0(27)
[2023-11-18T14:42:17.469+0000][gc,heap       ] GC(1078) Survivor regions: 2->4(4)
[2023-11-18T14:42:17.469+0000][gc,heap       ] GC(1078) Old regions: 115->116
[2023-11-18T14:42:17.469+0000][gc,heap       ] GC(1078) Humongous regions: 147->147
[2023-11-18T14:42:17.469+0000][gc,metaspace  ] GC(1078) Metaspace: 44928K(47768K)->44928K(47768K) NonClass: 39662K(41216K)->39662K(41216K) Class: 5266K(6552K)->5266K(6552K)
[2023-11-18T14:42:17.469+0000][gc            ] GC(1078) Pause Young (Normal) (G1 Evacuation Pause) 287M->265M(512M) 15.625ms
[2023-11-18T14:42:17.469+0000][gc,cpu        ] GC(1078) User=0.03s Sys=0.00s Real=0.02s
[2023-11-18T14:44:02.284+0000][gc,start      ] GC(1079) Pause Young (Normal) (G1 Evacuation Pause)
[2023-11-18T14:44:02.284+0000][gc,task       ] GC(1079) Using 2 workers of 2 for evacuation
[2023-11-18T14:44:02.308+0000][gc,mmu        ] GC(1079) MMU target violated: 21.0ms (20.0ms/21.0ms)
[2023-11-18T14:44:02.308+0000][gc,phases     ] GC(1079)   Pre Evacuate Collection Set: 0.0ms
[2023-11-18T14:44:02.308+0000][gc,phases     ] GC(1079)   Evacuate Collection Set: 20.8ms
[2023-11-18T14:44:02.308+0000][gc,phases     ] GC(1079)   Post Evacuate Collection Set: 3.2ms
[2023-11-18T14:44:02.308+0000][gc,phases     ] GC(1079)   Other: 0.3ms
[2023-11-18T14:44:02.308+0000][gc,heap       ] GC(1079) Eden regions: 27->0(24)
[2023-11-18T14:44:02.308+0000][gc,heap       ] GC(1079) Survivor regions: 4->3(4)
[2023-11-18T14:44:02.308+0000][gc,heap       ] GC(1079) Old regions: 116->118
[2023-11-18T14:44:02.308+0000][gc,heap       ] GC(1079) Humongous regions: 147->147
[2023-11-18T14:44:02.308+0000][gc,metaspace  ] GC(1079) Metaspace: 44928K(47768K)->44928K(47768K) NonClass: 39662K(41216K)->39662K(41216K) Class: 5266K(6552K)->5266K(6552K)
[2023-11-18T14:44:02.308+0000][gc            ] GC(1079) Pause Young (Normal) (G1 Evacuation Pause) 292M->265M(512M) 24.413ms
[2023-11-18T14:44:02.308+0000][gc,cpu        ] GC(1079) User=0.03s Sys=0.01s Real=0.03s
[2023-11-18T14:45:27.309+0000][gc,start      ] GC(1080) Pause Young (Normal) (G1 Evacuation Pause)
[2023-11-18T14:45:27.309+0000][gc,task       ] GC(1080) Using 2 workers of 2 for evacuation
[2023-11-18T14:45:27.341+0000][gc,mmu        ] GC(1080) MMU target violated: 21.0ms (20.0ms/21.0ms)
[2023-11-18T14:45:27.341+0000][gc,phases     ] GC(1080)   Pre Evacuate Collection Set: 0.0ms
[2023-11-18T14:45:27.342+0000][gc,phases     ] GC(1080)   Evacuate Collection Set: 32.1ms
[2023-11-18T14:45:27.342+0000][gc,phases     ] GC(1080)   Post Evacuate Collection Set: 0.4ms
[2023-11-18T14:45:27.342+0000][gc,phases     ] GC(1080)   Other: 0.5ms
[2023-11-18T14:45:27.342+0000][gc,heap       ] GC(1080) Eden regions: 22->0(23)
[2023-11-18T14:45:27.342+0000][gc,heap       ] GC(1080) Survivor regions: 3->2(4)
[2023-11-18T14:45:27.342+0000][gc,heap       ] GC(1080) Old regions: 118->119
[2023-11-18T14:45:27.342+0000][gc,heap       ] GC(1080) Humongous regions: 147->147
[2023-11-18T14:45:27.342+0000][gc,metaspace  ] GC(1080) Metaspace: 44928K(47768K)->44928K(47768K) NonClass: 39662K(41216K)->39662K(41216K) Class: 5266K(6552K)->5266K(6552K)
[2023-11-18T14:45:27.342+0000][gc            ] GC(1080) Pause Young (Normal) (G1 Evacuation Pause) 287M->265M(512M) 33.009ms
[2023-11-18T14:45:27.342+0000][gc,cpu        ] GC(1080) User=0.05s Sys=0.01s Real=0.03s
[2023-11-18T14:46:57.059+0000][gc,start      ] GC(1081) Pause Young (Normal) (G1 Evacuation Pause)
[2023-11-18T14:46:57.059+0000][gc,task       ] GC(1081) Using 2 workers of 2 for evacuation
[2023-11-18T14:46:57.070+0000][gc,phases     ] GC(1081)   Pre Evacuate Collection Set: 0.0ms
[2023-11-18T14:46:57.070+0000][gc,phases     ] GC(1081)   Evacuate Collection Set: 10.5ms
[2023-11-18T14:46:57.070+0000][gc,phases     ] GC(1081)   Post Evacuate Collection Set: 0.3ms
[2023-11-18T14:46:57.070+0000][gc,phases     ] GC(1081)   Other: 0.3ms
[2023-11-18T14:46:57.070+0000][gc,heap       ] GC(1081) Eden regions: 23->0(21)
[2023-11-18T14:46:57.070+0000][gc,heap       ] GC(1081) Survivor regions: 2->4(4)
[2023-11-18T14:46:57.070+0000][gc,heap       ] GC(1081) Old regions: 119->119
[2023-11-18T14:46:57.070+0000][gc,heap       ] GC(1081) Humongous regions: 147->147
[2023-11-18T14:46:57.070+0000][gc,metaspace  ] GC(1081) Metaspace: 44928K(47768K)->44928K(47768K) NonClass: 39662K(41216K)->39662K(41216K) Class: 5266K(6552K)->5266K(6552K)
[2023-11-18T14:46:57.070+0000][gc            ] GC(1081) Pause Young (Normal) (G1 Evacuation Pause) 288M->267M(512M) 11.195ms
[2023-11-18T14:46:57.070+0000][gc,cpu        ] GC(1081) User=0.02s Sys=0.00s Real=0.01s
[2023-11-18T14:48:16.764+0000][gc,start      ] GC(1082) Pause Young (Normal) (G1 Evacuation Pause)
[2023-11-18T14:48:16.764+0000][gc,task       ] GC(1082) Using 2 workers of 2 for evacuation
[2023-11-18T14:48:16.775+0000][gc,phases     ] GC(1082)   Pre Evacuate Collection Set: 0.0ms
[2023-11-18T14:48:16.775+0000][gc,phases     ] GC(1082)   Evacuate Collection Set: 10.5ms
[2023-11-18T14:48:16.775+0000][gc,phases     ] GC(1082)   Post Evacuate Collection Set: 0.3ms
[2023-11-18T14:48:16.775+0000][gc,phases     ] GC(1082)   Other: 0.2ms
[2023-11-18T14:48:16.776+0000][gc,heap       ] GC(1082) Eden regions: 21->0(23)
[2023-11-18T14:48:16.776+0000][gc,heap       ] GC(1082) Survivor regions: 4->2(4)
[2023-11-18T14:48:16.776+0000][gc,heap       ] GC(1082) Old regions: 119->121
[2023-11-18T14:48:16.776+0000][gc,heap       ] GC(1082) Humongous regions: 147->147
[2023-11-18T14:48:16.776+0000][gc,metaspace  ] GC(1082) Metaspace: 44928K(47768K)->44928K(47768K) NonClass: 39662K(41216K)->39662K(41216K) Class: 5266K(6552K)->5266K(6552K)
[2023-11-18T14:48:16.776+0000][gc            ] GC(1082) Pause Young (Normal) (G1 Evacuation Pause) 288M->267M(512M) 11.229ms
[2023-11-18T14:48:16.776+0000][gc,cpu        ] GC(1082) User=0.03s Sys=0.00s Real=0.02s
[2023-11-18T14:49:46.426+0000][gc,start      ] GC(1083) Pause Young (Normal) (G1 Evacuation Pause)
[2023-11-18T14:49:46.426+0000][gc,task       ] GC(1083) Using 2 workers of 2 for evacuation
[2023-11-18T14:49:46.440+0000][gc,phases     ] GC(1083)   Pre Evacuate Collection Set: 0.0ms
[2023-11-18T14:49:46.440+0000][gc,phases     ] GC(1083)   Evacuate Collection Set: 13.5ms
[2023-11-18T14:49:46.440+0000][gc,phases     ] GC(1083)   Post Evacuate Collection Set: 0.4ms
[2023-11-18T14:49:46.440+0000][gc,phases     ] GC(1083)   Other: 0.2ms
[2023-11-18T14:49:46.440+0000][gc,heap       ] GC(1083) Eden regions: 23->0(21)
[2023-11-18T14:49:46.440+0000][gc,heap       ] GC(1083) Survivor regions: 2->4(4)
[2023-11-18T14:49:46.440+0000][gc,heap       ] GC(1083) Old regions: 121->121
[2023-11-18T14:49:46.440+0000][gc,heap       ] GC(1083) Humongous regions: 147->147
[2023-11-18T14:49:46.440+0000][gc,metaspace  ] GC(1083) Metaspace: 44928K(47768K)->44928K(47768K) NonClass: 39662K(41216K)->39662K(41216K) Class: 5266K(6552K)->5266K(6552K)
[2023-11-18T14:49:46.440+0000][gc            ] GC(1083) Pause Young (Normal) (G1 Evacuation Pause) 290M->269M(512M) 14.253ms
[2023-11-18T14:49:46.440+0000][gc,cpu        ] GC(1083) User=0.03s Sys=0.00s Real=0.01s
[2023-11-18T14:51:07.173+0000][gc,start      ] GC(1084) Pause Young (Normal) (G1 Evacuation Pause)
[2023-11-18T14:51:07.174+0000][gc,task       ] GC(1084) Using 2 workers of 2 for evacuation
[2023-11-18T14:51:07.186+0000][gc,phases     ] GC(1084)   Pre Evacuate Collection Set: 0.0ms
[2023-11-18T14:51:07.186+0000][gc,phases     ] GC(1084)   Evacuate Collection Set: 11.8ms
[2023-11-18T14:51:07.186+0000][gc,phases     ] GC(1084)   Post Evacuate Collection Set: 0.3ms
[2023-11-18T14:51:07.186+0000][gc,phases     ] GC(1084)   Other: 0.2ms
[2023-11-18T14:51:07.186+0000][gc,heap       ] GC(1084) Eden regions: 21->0(26)
[2023-11-18T14:51:07.186+0000][gc,heap       ] GC(1084) Survivor regions: 4->2(4)
[2023-11-18T14:51:07.186+0000][gc,heap       ] GC(1084) Old regions: 121->122
[2023-11-18T14:51:07.186+0000][gc,heap       ] GC(1084) Humongous regions: 147->147
[2023-11-18T14:51:07.186+0000][gc,metaspace  ] GC(1084) Metaspace: 44928K(47768K)->44928K(47768K) NonClass: 39662K(41216K)->39662K(41216K) Class: 5266K(6552K)->5266K(6552K)
[2023-11-18T14:51:07.186+0000][gc            ] GC(1084) Pause Young (Normal) (G1 Evacuation Pause) 290M->268M(512M) 12.517ms
[2023-11-18T14:51:07.186+0000][gc,cpu        ] GC(1084) User=0.02s Sys=0.01s Real=0.01s
[2023-11-18T14:52:48.779+0000][gc,start      ] GC(1085) Pause Young (Normal) (G1 Evacuation Pause)
[2023-11-18T14:52:48.779+0000][gc,task       ] GC(1085) Using 2 workers of 2 for evacuation
[2023-11-18T14:52:48.794+0000][gc,phases     ] GC(1085)   Pre Evacuate Collection Set: 0.0ms
[2023-11-18T14:52:48.794+0000][gc,phases     ] GC(1085)   Evacuate Collection Set: 14.0ms
[2023-11-18T14:52:48.794+0000][gc,phases     ] GC(1085)   Post Evacuate Collection Set: 0.4ms
[2023-11-18T14:52:48.794+0000][gc,phases     ] GC(1085)   Other: 0.2ms
[2023-11-18T14:52:48.794+0000][gc,heap       ] GC(1085) Eden regions: 26->0(24)
[2023-11-18T14:52:48.794+0000][gc,heap       ] GC(1085) Survivor regions: 2->4(4)
[2023-11-18T14:52:48.794+0000][gc,heap       ] GC(1085) Old regions: 122->122
[2023-11-18T14:52:48.794+0000][gc,heap       ] GC(1085) Humongous regions: 147->147
[2023-11-18T14:52:48.794+0000][gc,metaspace  ] GC(1085) Metaspace: 44928K(47768K)->44928K(47768K) NonClass: 39662K(41216K)->39662K(41216K) Class: 5266K(6552K)->5266K(6552K)
[2023-11-18T14:52:48.794+0000][gc            ] GC(1085) Pause Young (Normal) (G1 Evacuation Pause) 294M->271M(512M) 14.632ms
[2023-11-18T14:52:48.794+0000][gc,cpu        ] GC(1085) User=0.03s Sys=0.00s Real=0.02s
[2023-11-18T14:54:21.226+0000][gc,start      ] GC(1086) Pause Young (Normal) (G1 Evacuation Pause)
[2023-11-18T14:54:21.226+0000][gc,task       ] GC(1086) Using 2 workers of 2 for evacuation
[2023-11-18T14:54:21.237+0000][gc,phases     ] GC(1086)   Pre Evacuate Collection Set: 0.0ms
[2023-11-18T14:54:21.237+0000][gc,phases     ] GC(1086)   Evacuate Collection Set: 10.4ms
[2023-11-18T14:54:21.237+0000][gc,phases     ] GC(1086)   Post Evacuate Collection Set: 0.3ms
[2023-11-18T14:54:21.237+0000][gc,phases     ] GC(1086)   Other: 0.2ms
[2023-11-18T14:54:21.237+0000][gc,heap       ] GC(1086) Eden regions: 24->0(26)
[2023-11-18T14:54:21.237+0000][gc,heap       ] GC(1086) Survivor regions: 4->2(4)
[2023-11-18T14:54:21.237+0000][gc,heap       ] GC(1086) Old regions: 122->124
[2023-11-18T14:54:21.237+0000][gc,heap       ] GC(1086) Humongous regions: 147->147
[2023-11-18T14:54:21.237+0000][gc,metaspace  ] GC(1086) Metaspace: 44928K(47768K)->44928K(47768K) NonClass: 39662K(41216K)->39662K(41216K) Class: 5266K(6552K)->5266K(6552K)
[2023-11-18T14:54:21.237+0000][gc            ] GC(1086) Pause Young (Normal) (G1 Evacuation Pause) 295M->271M(512M) 11.082ms
[2023-11-18T14:54:21.238+0000][gc,cpu        ] GC(1086) User=0.03s Sys=0.00s Real=0.01s
[2023-11-18T14:56:02.878+0000][gc,start      ] GC(1087) Pause Young (Normal) (G1 Evacuation Pause)
[2023-11-18T14:56:02.878+0000][gc,task       ] GC(1087) Using 2 workers of 2 for evacuation
[2023-11-18T14:56:02.893+0000][gc,phases     ] GC(1087)   Pre Evacuate Collection Set: 0.0ms
[2023-11-18T14:56:02.893+0000][gc,phases     ] GC(1087)   Evacuate Collection Set: 14.8ms
[2023-11-18T14:56:02.893+0000][gc,phases     ] GC(1087)   Post Evacuate Collection Set: 0.4ms
[2023-11-18T14:56:02.893+0000][gc,phases     ] GC(1087)   Other: 0.2ms
[2023-11-18T14:56:02.893+0000][gc,heap       ] GC(1087) Eden regions: 26->0(26)
[2023-11-18T14:56:02.893+0000][gc,heap       ] GC(1087) Survivor regions: 2->4(4)
[2023-11-18T14:56:02.893+0000][gc,heap       ] GC(1087) Old regions: 124->125
[2023-11-18T14:56:02.893+0000][gc,heap       ] GC(1087) Humongous regions: 147->147
[2023-11-18T14:56:02.893+0000][gc,metaspace  ] GC(1087) Metaspace: 44928K(47768K)->44928K(47768K) NonClass: 39662K(41216K)->39662K(41216K) Class: 5266K(6552K)->5266K(6552K)
[2023-11-18T14:56:02.893+0000][gc            ] GC(1087) Pause Young (Normal) (G1 Evacuation Pause) 297M->274M(512M) 15.532ms
[2023-11-18T14:56:02.893+0000][gc,cpu        ] GC(1087) User=0.02s Sys=0.00s Real=0.01s
[2023-11-18T14:57:43.052+0000][gc,start      ] GC(1088) Pause Young (Normal) (G1 Evacuation Pause)
[2023-11-18T14:57:43.052+0000][gc,task       ] GC(1088) Using 2 workers of 2 for evacuation
[2023-11-18T14:57:43.070+0000][gc,phases     ] GC(1088)   Pre Evacuate Collection Set: 0.0ms
[2023-11-18T14:57:43.070+0000][gc,phases     ] GC(1088)   Evacuate Collection Set: 17.0ms
[2023-11-18T14:57:43.070+0000][gc,phases     ] GC(1088)   Post Evacuate Collection Set: 0.8ms
[2023-11-18T14:57:43.070+0000][gc,phases     ] GC(1088)   Other: 0.3ms
[2023-11-18T14:57:43.070+0000][gc,heap       ] GC(1088) Eden regions: 26->0(26)
[2023-11-18T14:57:43.070+0000][gc,heap       ] GC(1088) Survivor regions: 4->3(4)
[2023-11-18T14:57:43.070+0000][gc,heap       ] GC(1088) Old regions: 125->127
[2023-11-18T14:57:43.070+0000][gc,heap       ] GC(1088) Humongous regions: 147->147
[2023-11-18T14:57:43.070+0000][gc,metaspace  ] GC(1088) Metaspace: 44928K(47768K)->44928K(47768K) NonClass: 39662K(41216K)->39662K(41216K) Class: 5266K(6552K)->5266K(6552K)
[2023-11-18T14:57:43.070+0000][gc            ] GC(1088) Pause Young (Normal) (G1 Evacuation Pause) 300M->274M(512M) 18.168ms
[2023-11-18T14:57:43.070+0000][gc,cpu        ] GC(1088) User=0.04s Sys=0.00s Real=0.02s
[2023-11-18T14:59:19.730+0000][gc,start      ] GC(1089) Pause Young (Normal) (G1 Evacuation Pause)
[2023-11-18T14:59:19.730+0000][gc,task       ] GC(1089) Using 2 workers of 2 for evacuation
[2023-11-18T14:59:19.750+0000][gc,phases     ] GC(1089)   Pre Evacuate Collection Set: 0.0ms
[2023-11-18T14:59:19.750+0000][gc,phases     ] GC(1089)   Evacuate Collection Set: 19.4ms
[2023-11-18T14:59:19.750+0000][gc,phases     ] GC(1089)   Post Evacuate Collection Set: 0.3ms
[2023-11-18T14:59:19.750+0000][gc,phases     ] GC(1089)   Other: 0.2ms
[2023-11-18T14:59:19.750+0000][gc,heap       ] GC(1089) Eden regions: 25->0(25)
[2023-11-18T14:59:19.750+0000][gc,heap       ] GC(1089) Survivor regions: 3->2(4)
[2023-11-18T14:59:19.750+0000][gc,heap       ] GC(1089) Old regions: 127->128
[2023-11-18T14:59:19.750+0000][gc,heap       ] GC(1089) Humongous regions: 147->147
[2023-11-18T14:59:19.750+0000][gc,metaspace  ] GC(1089) Metaspace: 44929K(47768K)->44929K(47768K) NonClass: 39662K(41216K)->39662K(41216K) Class: 5266K(6552K)->5266K(6552K)
[2023-11-18T14:59:19.750+0000][gc            ] GC(1089) Pause Young (Normal) (G1 Evacuation Pause) 299M->274M(512M) 20.090ms
[2023-11-18T14:59:19.750+0000][gc,cpu        ] GC(1089) User=0.03s Sys=0.00s Real=0.02s
[2023-11-18T15:00:49.398+0000][gc,start      ] GC(1090) Pause Young (Normal) (G1 Evacuation Pause)
[2023-11-18T15:00:49.398+0000][gc,task       ] GC(1090) Using 2 workers of 2 for evacuation
[2023-11-18T15:00:49.410+0000][gc,phases     ] GC(1090)   Pre Evacuate Collection Set: 0.0ms
[2023-11-18T15:00:49.410+0000][gc,phases     ] GC(1090)   Evacuate Collection Set: 10.8ms
[2023-11-18T15:00:49.410+0000][gc,phases     ] GC(1090)   Post Evacuate Collection Set: 0.3ms
[2023-11-18T15:00:49.410+0000][gc,phases     ] GC(1090)   Other: 0.2ms
[2023-11-18T15:00:49.410+0000][gc,heap       ] GC(1090) Eden regions: 23->0(26)
[2023-11-18T15:00:49.410+0000][gc,heap       ] GC(1090) Survivor regions: 2->4(4)
[2023-11-18T15:00:49.410+0000][gc,heap       ] GC(1090) Old regions: 128->128
[2023-11-18T15:00:49.410+0000][gc,heap       ] GC(1090) Humongous regions: 147->147
[2023-11-18T15:00:49.410+0000][gc,metaspace  ] GC(1090) Metaspace: 44929K(47768K)->44929K(47768K) NonClass: 39662K(41216K)->39662K(41216K) Class: 5266K(6552K)->5266K(6552K)
[2023-11-18T15:00:49.410+0000][gc            ] GC(1090) Pause Young (Normal) (G1 Evacuation Pause) 297M->277M(512M) 11.427ms
[2023-11-18T15:00:49.410+0000][gc,cpu        ] GC(1090) User=0.02s Sys=0.00s Real=0.01s
[2023-11-18T15:02:30.227+0000][gc,start      ] GC(1091) Pause Young (Normal) (G1 Evacuation Pause)
[2023-11-18T15:02:30.227+0000][gc,task       ] GC(1091) Using 2 workers of 2 for evacuation
[2023-11-18T15:02:30.264+0000][gc,mmu        ] GC(1091) MMU target violated: 21.0ms (20.0ms/21.0ms)
[2023-11-18T15:02:30.264+0000][gc,phases     ] GC(1091)   Pre Evacuate Collection Set: 0.0ms
[2023-11-18T15:02:30.264+0000][gc,phases     ] GC(1091)   Evacuate Collection Set: 36.0ms
[2023-11-18T15:02:30.264+0000][gc,phases     ] GC(1091)   Post Evacuate Collection Set: 0.6ms
[2023-11-18T15:02:30.264+0000][gc,phases     ] GC(1091)   Other: 0.3ms
[2023-11-18T15:02:30.264+0000][gc,heap       ] GC(1091) Eden regions: 26->0(23)
[2023-11-18T15:02:30.264+0000][gc,heap       ] GC(1091) Survivor regions: 4->2(4)
[2023-11-18T15:02:30.264+0000][gc,heap       ] GC(1091) Old regions: 128->130
[2023-11-18T15:02:30.264+0000][gc,heap       ] GC(1091) Humongous regions: 147->147
[2023-11-18T15:02:30.264+0000][gc,metaspace  ] GC(1091) Metaspace: 44929K(47768K)->44929K(47768K) NonClass: 39662K(41216K)->39662K(41216K) Class: 5266K(6552K)->5266K(6552K)
[2023-11-18T15:02:30.264+0000][gc            ] GC(1091) Pause Young (Normal) (G1 Evacuation Pause) 303M->276M(512M) 37.062ms
[2023-11-18T15:02:30.264+0000][gc,cpu        ] GC(1091) User=0.06s Sys=0.01s Real=0.03s
[2023-11-18T15:03:59.553+0000][gc,start      ] GC(1092) Pause Young (Normal) (G1 Evacuation Pause)
[2023-11-18T15:03:59.553+0000][gc,task       ] GC(1092) Using 2 workers of 2 for evacuation
[2023-11-18T15:03:59.565+0000][gc,phases     ] GC(1092)   Pre Evacuate Collection Set: 0.0ms
[2023-11-18T15:03:59.565+0000][gc,phases     ] GC(1092)   Evacuate Collection Set: 11.5ms
[2023-11-18T15:03:59.565+0000][gc,phases     ] GC(1092)   Post Evacuate Collection Set: 0.3ms
[2023-11-18T15:03:59.565+0000][gc,phases     ] GC(1092)   Other: 0.2ms
[2023-11-18T15:03:59.565+0000][gc,heap       ] GC(1092) Eden regions: 23->0(21)
[2023-11-18T15:03:59.565+0000][gc,heap       ] GC(1092) Survivor regions: 2->4(4)
[2023-11-18T15:03:59.565+0000][gc,heap       ] GC(1092) Old regions: 130->130
[2023-11-18T15:03:59.565+0000][gc,heap       ] GC(1092) Humongous regions: 147->147
[2023-11-18T15:03:59.565+0000][gc,metaspace  ] GC(1092) Metaspace: 44935K(47768K)->44935K(47768K) NonClass: 39668K(41216K)->39668K(41216K) Class: 5266K(6552K)->5266K(6552K)
[2023-11-18T15:03:59.565+0000][gc            ] GC(1092) Pause Young (Normal) (G1 Evacuation Pause) 299M->279M(512M) 12.039ms
[2023-11-18T15:03:59.565+0000][gc,cpu        ] GC(1092) User=0.02s Sys=0.00s Real=0.01s
[2023-11-18T15:05:20.197+0000][gc,start      ] GC(1093) Pause Young (Normal) (G1 Evacuation Pause)
[2023-11-18T15:05:20.197+0000][gc,task       ] GC(1093) Using 2 workers of 2 for evacuation
[2023-11-18T15:05:20.209+0000][gc,phases     ] GC(1093)   Pre Evacuate Collection Set: 0.0ms
[2023-11-18T15:05:20.209+0000][gc,phases     ] GC(1093)   Evacuate Collection Set: 10.9ms
[2023-11-18T15:05:20.209+0000][gc,phases     ] GC(1093)   Post Evacuate Collection Set: 0.3ms
[2023-11-18T15:05:20.209+0000][gc,phases     ] GC(1093)   Other: 0.2ms
[2023-11-18T15:05:20.209+0000][gc,heap       ] GC(1093) Eden regions: 21->0(23)
[2023-11-18T15:05:20.209+0000][gc,heap       ] GC(1093) Survivor regions: 4->2(4)
[2023-11-18T15:05:20.209+0000][gc,heap       ] GC(1093) Old regions: 130->132
[2023-11-18T15:05:20.209+0000][gc,heap       ] GC(1093) Humongous regions: 147->147
[2023-11-18T15:05:20.209+0000][gc,metaspace  ] GC(1093) Metaspace: 44935K(47768K)->44935K(47768K) NonClass: 39668K(41216K)->39668K(41216K) Class: 5266K(6552K)->5266K(6552K)
[2023-11-18T15:05:20.209+0000][gc            ] GC(1093) Pause Young (Normal) (G1 Evacuation Pause) 300M->279M(512M) 11.541ms
[2023-11-18T15:05:20.209+0000][gc,cpu        ] GC(1093) User=0.02s Sys=0.00s Real=0.01s
[2023-11-18T15:06:49.515+0000][gc,start      ] GC(1094) Pause Young (Normal) (G1 Evacuation Pause)
[2023-11-18T15:06:49.515+0000][gc,task       ] GC(1094) Using 2 workers of 2 for evacuation
[2023-11-18T15:06:49.527+0000][gc,phases     ] GC(1094)   Pre Evacuate Collection Set: 0.0ms
[2023-11-18T15:06:49.527+0000][gc,phases     ] GC(1094)   Evacuate Collection Set: 10.8ms
[2023-11-18T15:06:49.527+0000][gc,phases     ] GC(1094)   Post Evacuate Collection Set: 0.3ms
[2023-11-18T15:06:49.527+0000][gc,phases     ] GC(1094)   Other: 0.2ms
[2023-11-18T15:06:49.527+0000][gc,heap       ] GC(1094) Eden regions: 23->0(22)
[2023-11-18T15:06:49.527+0000][gc,heap       ] GC(1094) Survivor regions: 2->4(4)
[2023-11-18T15:06:49.527+0000][gc,heap       ] GC(1094) Old regions: 132->132
[2023-11-18T15:06:49.527+0000][gc,heap       ] GC(1094) Humongous regions: 147->147
[2023-11-18T15:06:49.527+0000][gc,metaspace  ] GC(1094) Metaspace: 44935K(47768K)->44935K(47768K) NonClass: 39668K(41216K)->39668K(41216K) Class: 5266K(6552K)->5266K(6552K)
[2023-11-18T15:06:49.527+0000][gc            ] GC(1094) Pause Young (Normal) (G1 Evacuation Pause) 302M->281M(512M) 11.463ms
[2023-11-18T15:06:49.527+0000][gc,cpu        ] GC(1094) User=0.02s Sys=0.00s Real=0.01s
[2023-11-18T15:07:55.948+0000][gc,start      ] GC(1095) Pause Young (Normal) (G1 Evacuation Pause)
[2023-11-18T15:07:55.948+0000][gc,task       ] GC(1095) Using 2 workers of 2 for evacuation
[2023-11-18T15:07:55.965+0000][gc,phases     ] GC(1095)   Pre Evacuate Collection Set: 0.0ms
[2023-11-18T15:07:55.965+0000][gc,phases     ] GC(1095)   Evacuate Collection Set: 16.6ms
[2023-11-18T15:07:55.965+0000][gc,phases     ] GC(1095)   Post Evacuate Collection Set: 0.3ms
[2023-11-18T15:07:55.965+0000][gc,phases     ] GC(1095)   Other: 0.2ms
[2023-11-18T15:07:55.965+0000][gc,heap       ] GC(1095) Eden regions: 21->0(22)
[2023-11-18T15:07:55.965+0000][gc,heap       ] GC(1095) Survivor regions: 4->4(4)
[2023-11-18T15:07:55.965+0000][gc,heap       ] GC(1095) Old regions: 132->134
[2023-11-18T15:07:55.965+0000][gc,heap       ] GC(1095) Humongous regions: 147->147
[2023-11-18T15:07:55.965+0000][gc,metaspace  ] GC(1095) Metaspace: 44936K(47768K)->44936K(47768K) NonClass: 39669K(41216K)->39669K(41216K) Class: 5266K(6552K)->5266K(6552K)
[2023-11-18T15:07:55.965+0000][gc            ] GC(1095) Pause Young (Normal) (G1 Evacuation Pause) 302M->282M(512M) 17.239ms
[2023-11-18T15:07:55.965+0000][gc,cpu        ] GC(1095) User=0.03s Sys=0.00s Real=0.01s
[2023-11-18T15:09:09.692+0000][gc,start      ] GC(1096) Pause Young (Normal) (G1 Evacuation Pause)
[2023-11-18T15:09:09.692+0000][gc,task       ] GC(1096) Using 2 workers of 2 for evacuation
[2023-11-18T15:09:09.712+0000][gc,phases     ] GC(1096)   Pre Evacuate Collection Set: 0.0ms
[2023-11-18T15:09:09.712+0000][gc,phases     ] GC(1096)   Evacuate Collection Set: 18.8ms
[2023-11-18T15:09:09.712+0000][gc,phases     ] GC(1096)   Post Evacuate Collection Set: 0.5ms
[2023-11-18T15:09:09.712+0000][gc,phases     ] GC(1096)   Other: 0.3ms
[2023-11-18T15:09:09.712+0000][gc,heap       ] GC(1096) Eden regions: 21->0(21)
[2023-11-18T15:09:09.712+0000][gc,heap       ] GC(1096) Survivor regions: 4->4(4)
[2023-11-18T15:09:09.712+0000][gc,heap       ] GC(1096) Old regions: 134->137
[2023-11-18T15:09:09.712+0000][gc,heap       ] GC(1096) Humongous regions: 147->147
[2023-11-18T15:09:09.712+0000][gc,metaspace  ] GC(1096) Metaspace: 44936K(47768K)->44936K(47768K) NonClass: 39669K(41216K)->39669K(41216K) Class: 5266K(6552K)->5266K(6552K)
[2023-11-18T15:09:09.712+0000][gc            ] GC(1096) Pause Young (Normal) (G1 Evacuation Pause) 303M->285M(512M) 19.576ms
[2023-11-18T15:09:09.712+0000][gc,cpu        ] GC(1096) User=0.04s Sys=0.00s Real=0.02s
[2023-11-18T15:10:29.658+0000][gc,start      ] GC(1097) Pause Young (Normal) (G1 Evacuation Pause)
[2023-11-18T15:10:29.658+0000][gc,task       ] GC(1097) Using 2 workers of 2 for evacuation
[2023-11-18T15:10:29.671+0000][gc,phases     ] GC(1097)   Pre Evacuate Collection Set: 0.0ms
[2023-11-18T15:10:29.671+0000][gc,phases     ] GC(1097)   Evacuate Collection Set: 12.7ms
[2023-11-18T15:10:29.671+0000][gc,phases     ] GC(1097)   Post Evacuate Collection Set: 0.3ms
[2023-11-18T15:10:29.671+0000][gc,phases     ] GC(1097)   Other: 0.2ms
[2023-11-18T15:10:29.671+0000][gc,heap       ] GC(1097) Eden regions: 21->0(25)
[2023-11-18T15:10:29.671+0000][gc,heap       ] GC(1097) Survivor regions: 4->2(4)
[2023-11-18T15:10:29.671+0000][gc,heap       ] GC(1097) Old regions: 137->139
[2023-11-18T15:10:29.671+0000][gc,heap       ] GC(1097) Humongous regions: 147->147
[2023-11-18T15:10:29.671+0000][gc,metaspace  ] GC(1097) Metaspace: 44936K(47768K)->44936K(47768K) NonClass: 39669K(41216K)->39669K(41216K) Class: 5266K(6552K)->5266K(6552K)
[2023-11-18T15:10:29.671+0000][gc            ] GC(1097) Pause Young (Normal) (G1 Evacuation Pause) 306M->286M(512M) 13.293ms
[2023-11-18T15:10:29.671+0000][gc,cpu        ] GC(1097) User=0.02s Sys=0.00s Real=0.01s
[2023-11-18T15:12:07.510+0000][gc,start      ] GC(1098) Pause Young (Normal) (G1 Evacuation Pause)
[2023-11-18T15:12:07.510+0000][gc,task       ] GC(1098) Using 2 workers of 2 for evacuation
[2023-11-18T15:12:07.526+0000][gc,phases     ] GC(1098)   Pre Evacuate Collection Set: 0.0ms
[2023-11-18T15:12:07.526+0000][gc,phases     ] GC(1098)   Evacuate Collection Set: 16.1ms
[2023-11-18T15:12:07.526+0000][gc,phases     ] GC(1098)   Post Evacuate Collection Set: 0.3ms
[2023-11-18T15:12:07.526+0000][gc,phases     ] GC(1098)   Other: 0.3ms
[2023-11-18T15:12:07.526+0000][gc,heap       ] GC(1098) Eden regions: 25->0(22)
[2023-11-18T15:12:07.526+0000][gc,heap       ] GC(1098) Survivor regions: 2->4(4)
[2023-11-18T15:12:07.526+0000][gc,heap       ] GC(1098) Old regions: 139->139
[2023-11-18T15:12:07.526+0000][gc,heap       ] GC(1098) Humongous regions: 147->147
[2023-11-18T15:12:07.526+0000][gc,metaspace  ] GC(1098) Metaspace: 44936K(47768K)->44936K(47768K) NonClass: 39669K(41216K)->39669K(41216K) Class: 5266K(6552K)->5266K(6552K)
[2023-11-18T15:12:07.526+0000][gc            ] GC(1098) Pause Young (Normal) (G1 Evacuation Pause) 311M->288M(512M) 16.736ms
[2023-11-18T15:12:07.526+0000][gc,cpu        ] GC(1098) User=0.03s Sys=0.00s Real=0.02s
[2023-11-18T15:13:32.484+0000][gc,start      ] GC(1099) Pause Young (Normal) (G1 Evacuation Pause)
[2023-11-18T15:13:32.484+0000][gc,task       ] GC(1099) Using 2 workers of 2 for evacuation
[2023-11-18T15:13:32.507+0000][gc,mmu        ] GC(1099) MMU target violated: 21.0ms (20.0ms/21.0ms)
[2023-11-18T15:13:32.507+0000][gc,phases     ] GC(1099)   Pre Evacuate Collection Set: 0.0ms
[2023-11-18T15:13:32.507+0000][gc,phases     ] GC(1099)   Evacuate Collection Set: 19.0ms
[2023-11-18T15:13:32.507+0000][gc,phases     ] GC(1099)   Post Evacuate Collection Set: 2.7ms
[2023-11-18T15:13:32.507+0000][gc,phases     ] GC(1099)   Other: 1.3ms
[2023-11-18T15:13:32.507+0000][gc,heap       ] GC(1099) Eden regions: 22->0(23)
[2023-11-18T15:13:32.507+0000][gc,heap       ] GC(1099) Survivor regions: 4->2(4)
[2023-11-18T15:13:32.507+0000][gc,heap       ] GC(1099) Old regions: 139->142
[2023-11-18T15:13:32.507+0000][gc,heap       ] GC(1099) Humongous regions: 147->147
[2023-11-18T15:13:32.507+0000][gc,metaspace  ] GC(1099) Metaspace: 44936K(47768K)->44936K(47768K) NonClass: 39669K(41216K)->39669K(41216K) Class: 5266K(6552K)->5266K(6552K)
[2023-11-18T15:13:32.507+0000][gc            ] GC(1099) Pause Young (Normal) (G1 Evacuation Pause) 310M->288M(512M) 22.979ms
[2023-11-18T15:13:32.507+0000][gc,cpu        ] GC(1099) User=0.03s Sys=0.00s Real=0.03s
[2023-11-18T15:15:02.310+0000][gc,start      ] GC(1100) Pause Young (Normal) (G1 Evacuation Pause)
[2023-11-18T15:15:02.310+0000][gc,task       ] GC(1100) Using 2 workers of 2 for evacuation
[2023-11-18T15:15:02.337+0000][gc,mmu        ] GC(1100) MMU target violated: 21.0ms (20.0ms/21.0ms)
[2023-11-18T15:15:02.337+0000][gc,phases     ] GC(1100)   Pre Evacuate Collection Set: 0.0ms
[2023-11-18T15:15:02.337+0000][gc,phases     ] GC(1100)   Evacuate Collection Set: 23.3ms
[2023-11-18T15:15:02.337+0000][gc,phases     ] GC(1100)   Post Evacuate Collection Set: 3.7ms
[2023-11-18T15:15:02.337+0000][gc,phases     ] GC(1100)   Other: 0.3ms
[2023-11-18T15:15:02.337+0000][gc,heap       ] GC(1100) Eden regions: 23->0(21)
[2023-11-18T15:15:02.337+0000][gc,heap       ] GC(1100) Survivor regions: 2->4(4)
[2023-11-18T15:15:02.337+0000][gc,heap       ] GC(1100) Old regions: 142->142
[2023-11-18T15:15:02.337+0000][gc,heap       ] GC(1100) Humongous regions: 147->147
[2023-11-18T15:15:02.337+0000][gc,metaspace  ] GC(1100) Metaspace: 44936K(47768K)->44936K(47768K) NonClass: 39669K(41216K)->39669K(41216K) Class: 5266K(6552K)->5266K(6552K)
[2023-11-18T15:15:02.337+0000][gc            ] GC(1100) Pause Young (Normal) (G1 Evacuation Pause) 311M->290M(512M) 27.380ms
[2023-11-18T15:15:02.337+0000][gc,cpu        ] GC(1100) User=0.04s Sys=0.01s Real=0.03s
[2023-11-18T15:16:23.467+0000][gc,start      ] GC(1101) Pause Young (Normal) (G1 Evacuation Pause)
[2023-11-18T15:16:23.467+0000][gc,task       ] GC(1101) Using 2 workers of 2 for evacuation
[2023-11-18T15:16:23.478+0000][gc,phases     ] GC(1101)   Pre Evacuate Collection Set: 0.0ms
[2023-11-18T15:16:23.479+0000][gc,phases     ] GC(1101)   Evacuate Collection Set: 11.3ms
[2023-11-18T15:16:23.479+0000][gc,phases     ] GC(1101)   Post Evacuate Collection Set: 0.3ms
[2023-11-18T15:16:23.479+0000][gc,phases     ] GC(1101)   Other: 0.2ms
[2023-11-18T15:16:23.479+0000][gc,heap       ] GC(1101) Eden regions: 21->0(23)
[2023-11-18T15:16:23.479+0000][gc,heap       ] GC(1101) Survivor regions: 4->2(4)
[2023-11-18T15:16:23.479+0000][gc,heap       ] GC(1101) Old regions: 142->143
[2023-11-18T15:16:23.479+0000][gc,heap       ] GC(1101) Humongous regions: 147->147
[2023-11-18T15:16:23.479+0000][gc,metaspace  ] GC(1101) Metaspace: 44936K(47768K)->44936K(47768K) NonClass: 39669K(41216K)->39669K(41216K) Class: 5266K(6552K)->5266K(6552K)
[2023-11-18T15:16:23.479+0000][gc            ] GC(1101) Pause Young (Normal) (G1 Evacuation Pause) 311M->290M(512M) 11.829ms
[2023-11-18T15:16:23.479+0000][gc,cpu        ] GC(1101) User=0.03s Sys=0.00s Real=0.01s
[2023-11-18T15:17:52.942+0000][gc,start      ] GC(1102) Pause Young (Normal) (G1 Evacuation Pause)
[2023-11-18T15:17:52.942+0000][gc,task       ] GC(1102) Using 2 workers of 2 for evacuation
[2023-11-18T15:17:52.966+0000][gc,mmu        ] GC(1102) MMU target violated: 21.0ms (20.0ms/21.0ms)
[2023-11-18T15:17:52.966+0000][gc,phases     ] GC(1102)   Pre Evacuate Collection Set: 0.0ms
[2023-11-18T15:17:52.966+0000][gc,phases     ] GC(1102)   Evacuate Collection Set: 18.6ms
[2023-11-18T15:17:52.966+0000][gc,phases     ] GC(1102)   Post Evacuate Collection Set: 3.9ms
[2023-11-18T15:17:52.966+0000][gc,phases     ] GC(1102)   Other: 1.6ms
[2023-11-18T15:17:52.966+0000][gc,heap       ] GC(1102) Eden regions: 23->0(21)
[2023-11-18T15:17:52.966+0000][gc,heap       ] GC(1102) Survivor regions: 2->4(4)
[2023-11-18T15:17:52.966+0000][gc,heap       ] GC(1102) Old regions: 143->143
[2023-11-18T15:17:52.966+0000][gc,heap       ] GC(1102) Humongous regions: 147->147
[2023-11-18T15:17:52.967+0000][gc,metaspace  ] GC(1102) Metaspace: 44936K(47768K)->44936K(47768K) NonClass: 39669K(41216K)->39669K(41216K) Class: 5266K(6552K)->5266K(6552K)
[2023-11-18T15:17:52.967+0000][gc            ] GC(1102) Pause Young (Normal) (G1 Evacuation Pause) 313M->292M(512M) 24.225ms
[2023-11-18T15:17:52.967+0000][gc,cpu        ] GC(1102) User=0.03s Sys=0.01s Real=0.03s
[2023-11-18T15:19:13.241+0000][gc,start      ] GC(1103) Pause Young (Normal) (G1 Evacuation Pause)
[2023-11-18T15:19:13.241+0000][gc,task       ] GC(1103) Using 2 workers of 2 for evacuation
[2023-11-18T15:19:13.251+0000][gc,phases     ] GC(1103)   Pre Evacuate Collection Set: 0.0ms
[2023-11-18T15:19:13.251+0000][gc,phases     ] GC(1103)   Evacuate Collection Set: 10.0ms
[2023-11-18T15:19:13.251+0000][gc,phases     ] GC(1103)   Post Evacuate Collection Set: 0.3ms
[2023-11-18T15:19:13.251+0000][gc,phases     ] GC(1103)   Other: 0.4ms
[2023-11-18T15:19:13.251+0000][gc,heap       ] GC(1103) Eden regions: 21->0(23)
[2023-11-18T15:19:13.251+0000][gc,heap       ] GC(1103) Survivor regions: 4->2(4)
[2023-11-18T15:19:13.251+0000][gc,heap       ] GC(1103) Old regions: 143->145
[2023-11-18T15:19:13.251+0000][gc,heap       ] GC(1103) Humongous regions: 147->147
[2023-11-18T15:19:13.251+0000][gc,metaspace  ] GC(1103) Metaspace: 44936K(47768K)->44936K(47768K) NonClass: 39669K(41216K)->39669K(41216K) Class: 5266K(6552K)->5266K(6552K)
[2023-11-18T15:19:13.251+0000][gc            ] GC(1103) Pause Young (Normal) (G1 Evacuation Pause) 313M->292M(512M) 10.784ms
[2023-11-18T15:19:13.251+0000][gc,cpu        ] GC(1103) User=0.02s Sys=0.00s Real=0.01s
[2023-11-18T15:20:42.512+0000][gc,start      ] GC(1104) Pause Young (Normal) (G1 Evacuation Pause)
[2023-11-18T15:20:42.512+0000][gc,task       ] GC(1104) Using 2 workers of 2 for evacuation
[2023-11-18T15:20:42.529+0000][gc,phases     ] GC(1104)   Pre Evacuate Collection Set: 0.0ms
[2023-11-18T15:20:42.529+0000][gc,phases     ] GC(1104)   Evacuate Collection Set: 16.5ms
[2023-11-18T15:20:42.529+0000][gc,phases     ] GC(1104)   Post Evacuate Collection Set: 0.3ms
[2023-11-18T15:20:42.529+0000][gc,phases     ] GC(1104)   Other: 0.3ms
[2023-11-18T15:20:42.529+0000][gc,heap       ] GC(1104) Eden regions: 23->0(21)
[2023-11-18T15:20:42.529+0000][gc,heap       ] GC(1104) Survivor regions: 2->4(4)
[2023-11-18T15:20:42.529+0000][gc,heap       ] GC(1104) Old regions: 145->145
[2023-11-18T15:20:42.529+0000][gc,heap       ] GC(1104) Humongous regions: 147->147
[2023-11-18T15:20:42.529+0000][gc,metaspace  ] GC(1104) Metaspace: 44936K(47768K)->44936K(47768K) NonClass: 39669K(41216K)->39669K(41216K) Class: 5266K(6552K)->5266K(6552K)
[2023-11-18T15:20:42.529+0000][gc            ] GC(1104) Pause Young (Normal) (G1 Evacuation Pause) 315M->294M(512M) 17.217ms
[2023-11-18T15:20:42.529+0000][gc,cpu        ] GC(1104) User=0.03s Sys=0.01s Real=0.02s
[2023-11-18T15:22:04.230+0000][gc,start      ] GC(1105) Pause Young (Normal) (G1 Evacuation Pause)
[2023-11-18T15:22:04.230+0000][gc,task       ] GC(1105) Using 2 workers of 2 for evacuation
[2023-11-18T15:22:04.247+0000][gc,phases     ] GC(1105)   Pre Evacuate Collection Set: 0.0ms
[2023-11-18T15:22:04.247+0000][gc,phases     ] GC(1105)   Evacuate Collection Set: 16.5ms
[2023-11-18T15:22:04.247+0000][gc,phases     ] GC(1105)   Post Evacuate Collection Set: 0.3ms
[2023-11-18T15:22:04.247+0000][gc,phases     ] GC(1105)   Other: 0.2ms
[2023-11-18T15:22:04.247+0000][gc,heap       ] GC(1105) Eden regions: 21->0(23)
[2023-11-18T15:22:04.247+0000][gc,heap       ] GC(1105) Survivor regions: 4->2(4)
[2023-11-18T15:22:04.247+0000][gc,heap       ] GC(1105) Old regions: 145->147
[2023-11-18T15:22:04.247+0000][gc,heap       ] GC(1105) Humongous regions: 147->147
[2023-11-18T15:22:04.247+0000][gc,metaspace  ] GC(1105) Metaspace: 44936K(47768K)->44936K(47768K) NonClass: 39669K(41216K)->39669K(41216K) Class: 5266K(6552K)->5266K(6552K)
[2023-11-18T15:22:04.247+0000][gc            ] GC(1105) Pause Young (Normal) (G1 Evacuation Pause) 315M->294M(512M) 17.151ms
[2023-11-18T15:22:04.247+0000][gc,cpu        ] GC(1105) User=0.03s Sys=0.01s Real=0.02s
[2023-11-18T15:23:33.449+0000][gc,start      ] GC(1106) Pause Young (Normal) (G1 Evacuation Pause)
[2023-11-18T15:23:33.449+0000][gc,task       ] GC(1106) Using 2 workers of 2 for evacuation
[2023-11-18T15:23:33.461+0000][gc,phases     ] GC(1106)   Pre Evacuate Collection Set: 0.0ms
[2023-11-18T15:23:33.461+0000][gc,phases     ] GC(1106)   Evacuate Collection Set: 11.8ms
[2023-11-18T15:23:33.461+0000][gc,phases     ] GC(1106)   Post Evacuate Collection Set: 0.3ms
[2023-11-18T15:23:33.461+0000][gc,phases     ] GC(1106)   Other: 0.2ms
[2023-11-18T15:23:33.461+0000][gc,heap       ] GC(1106) Eden regions: 23->0(23)
[2023-11-18T15:23:33.461+0000][gc,heap       ] GC(1106) Survivor regions: 2->4(4)
[2023-11-18T15:23:33.461+0000][gc,heap       ] GC(1106) Old regions: 147->147
[2023-11-18T15:23:33.461+0000][gc,heap       ] GC(1106) Humongous regions: 147->147
[2023-11-18T15:23:33.461+0000][gc,metaspace  ] GC(1106) Metaspace: 44936K(47768K)->44936K(47768K) NonClass: 39669K(41216K)->39669K(41216K) Class: 5266K(6552K)->5266K(6552K)
[2023-11-18T15:23:33.461+0000][gc            ] GC(1106) Pause Young (Normal) (G1 Evacuation Pause) 317M->296M(512M) 12.426ms
[2023-11-18T15:23:33.461+0000][gc,cpu        ] GC(1106) User=0.03s Sys=0.00s Real=0.01s
[2023-11-18T15:25:02.583+0000][gc,start      ] GC(1107) Pause Young (Normal) (G1 Evacuation Pause)
[2023-11-18T15:25:02.583+0000][gc,task       ] GC(1107) Using 2 workers of 2 for evacuation
[2023-11-18T15:25:02.606+0000][gc,mmu        ] GC(1107) MMU target violated: 21.0ms (20.0ms/21.0ms)
[2023-11-18T15:25:02.606+0000][gc,phases     ] GC(1107)   Pre Evacuate Collection Set: 0.0ms
[2023-11-18T15:25:02.606+0000][gc,phases     ] GC(1107)   Evacuate Collection Set: 19.4ms
[2023-11-18T15:25:02.606+0000][gc,phases     ] GC(1107)   Post Evacuate Collection Set: 4.0ms
[2023-11-18T15:25:02.606+0000][gc,phases     ] GC(1107)   Other: 0.3ms
[2023-11-18T15:25:02.606+0000][gc,heap       ] GC(1107) Eden regions: 23->0(23)
[2023-11-18T15:25:02.606+0000][gc,heap       ] GC(1107) Survivor regions: 4->2(4)
[2023-11-18T15:25:02.606+0000][gc,heap       ] GC(1107) Old regions: 147->149
[2023-11-18T15:25:02.606+0000][gc,heap       ] GC(1107) Humongous regions: 147->147
[2023-11-18T15:25:02.606+0000][gc,metaspace  ] GC(1107) Metaspace: 44936K(47768K)->44936K(47768K) NonClass: 39669K(41216K)->39669K(41216K) Class: 5266K(6552K)->5266K(6552K)
[2023-11-18T15:25:02.607+0000][gc            ] GC(1107) Pause Young (Normal) (G1 Evacuation Pause) 319M->296M(512M) 24.169ms
[2023-11-18T15:25:02.607+0000][gc,cpu        ] GC(1107) User=0.04s Sys=0.00s Real=0.03s
[2023-11-18T15:26:32.004+0000][gc,start      ] GC(1108) Pause Young (Normal) (G1 Evacuation Pause)
[2023-11-18T15:26:32.004+0000][gc,task       ] GC(1108) Using 2 workers of 2 for evacuation
[2023-11-18T15:26:32.021+0000][gc,phases     ] GC(1108)   Pre Evacuate Collection Set: 0.0ms
[2023-11-18T15:26:32.021+0000][gc,phases     ] GC(1108)   Evacuate Collection Set: 15.6ms
[2023-11-18T15:26:32.021+0000][gc,phases     ] GC(1108)   Post Evacuate Collection Set: 0.8ms
[2023-11-18T15:26:32.021+0000][gc,phases     ] GC(1108)   Other: 0.3ms
[2023-11-18T15:26:32.021+0000][gc,heap       ] GC(1108) Eden regions: 23->0(22)
[2023-11-18T15:26:32.021+0000][gc,heap       ] GC(1108) Survivor regions: 2->4(4)
[2023-11-18T15:26:32.021+0000][gc,heap       ] GC(1108) Old regions: 149->149
[2023-11-18T15:26:32.021+0000][gc,heap       ] GC(1108) Humongous regions: 147->147
[2023-11-18T15:26:32.021+0000][gc,metaspace  ] GC(1108) Metaspace: 44936K(47768K)->44936K(47768K) NonClass: 39669K(41216K)->39669K(41216K) Class: 5266K(6552K)->5266K(6552K)
[2023-11-18T15:26:32.021+0000][gc            ] GC(1108) Pause Young (Normal) (G1 Evacuation Pause) 319M->298M(512M) 16.834ms
[2023-11-18T15:26:32.021+0000][gc,cpu        ] GC(1108) User=0.03s Sys=0.00s Real=0.02s
[2023-11-18T15:27:56.668+0000][gc,start      ] GC(1109) Pause Young (Normal) (G1 Evacuation Pause)
[2023-11-18T15:27:56.668+0000][gc,task       ] GC(1109) Using 2 workers of 2 for evacuation
[2023-11-18T15:27:56.681+0000][gc,phases     ] GC(1109)   Pre Evacuate Collection Set: 0.0ms
[2023-11-18T15:27:56.681+0000][gc,phases     ] GC(1109)   Evacuate Collection Set: 12.3ms
[2023-11-18T15:27:56.681+0000][gc,phases     ] GC(1109)   Post Evacuate Collection Set: 0.3ms
[2023-11-18T15:27:56.681+0000][gc,phases     ] GC(1109)   Other: 0.3ms
[2023-11-18T15:27:56.681+0000][gc,heap       ] GC(1109) Eden regions: 22->0(23)
[2023-11-18T15:27:56.681+0000][gc,heap       ] GC(1109) Survivor regions: 4->2(4)
[2023-11-18T15:27:56.681+0000][gc,heap       ] GC(1109) Old regions: 149->151
[2023-11-18T15:27:56.681+0000][gc,heap       ] GC(1109) Humongous regions: 147->147
[2023-11-18T15:27:56.681+0000][gc,metaspace  ] GC(1109) Metaspace: 44936K(47768K)->44936K(47768K) NonClass: 39669K(41216K)->39669K(41216K) Class: 5266K(6552K)->5266K(6552K)
[2023-11-18T15:27:56.681+0000][gc            ] GC(1109) Pause Young (Normal) (G1 Evacuation Pause) 320M->298M(512M) 12.930ms
[2023-11-18T15:27:56.681+0000][gc,cpu        ] GC(1109) User=0.02s Sys=0.01s Real=0.01s
[2023-11-18T15:29:25.837+0000][gc,start      ] GC(1110) Pause Young (Normal) (G1 Evacuation Pause)
[2023-11-18T15:29:25.837+0000][gc,task       ] GC(1110) Using 2 workers of 2 for evacuation
[2023-11-18T15:29:25.853+0000][gc,phases     ] GC(1110)   Pre Evacuate Collection Set: 0.0ms
[2023-11-18T15:29:25.853+0000][gc,phases     ] GC(1110)   Evacuate Collection Set: 14.9ms
[2023-11-18T15:29:25.853+0000][gc,phases     ] GC(1110)   Post Evacuate Collection Set: 0.3ms
[2023-11-18T15:29:25.853+0000][gc,phases     ] GC(1110)   Other: 0.2ms
[2023-11-18T15:29:25.853+0000][gc,heap       ] GC(1110) Eden regions: 23->0(23)
[2023-11-18T15:29:25.853+0000][gc,heap       ] GC(1110) Survivor regions: 2->4(4)
[2023-11-18T15:29:25.853+0000][gc,heap       ] GC(1110) Old regions: 151->151
[2023-11-18T15:29:25.853+0000][gc,heap       ] GC(1110) Humongous regions: 147->147
[2023-11-18T15:29:25.853+0000][gc,metaspace  ] GC(1110) Metaspace: 44936K(47768K)->44936K(47768K) NonClass: 39669K(41216K)->39669K(41216K) Class: 5266K(6552K)->5266K(6552K)
[2023-11-18T15:29:25.853+0000][gc            ] GC(1110) Pause Young (Normal) (G1 Evacuation Pause) 321M->300M(512M) 16.007ms
[2023-11-18T15:29:25.853+0000][gc,cpu        ] GC(1110) User=0.03s Sys=0.00s Real=0.01s
[2023-11-18T15:30:55.274+0000][gc,start      ] GC(1111) Pause Young (Normal) (G1 Evacuation Pause)
[2023-11-18T15:30:55.274+0000][gc,task       ] GC(1111) Using 2 workers of 2 for evacuation
[2023-11-18T15:30:55.289+0000][gc,phases     ] GC(1111)   Pre Evacuate Collection Set: 0.0ms
[2023-11-18T15:30:55.289+0000][gc,phases     ] GC(1111)   Evacuate Collection Set: 14.0ms
[2023-11-18T15:30:55.289+0000][gc,phases     ] GC(1111)   Post Evacuate Collection Set: 0.3ms
[2023-11-18T15:30:55.289+0000][gc,phases     ] GC(1111)   Other: 0.2ms
[2023-11-18T15:30:55.289+0000][gc,heap       ] GC(1111) Eden regions: 23->0(25)
[2023-11-18T15:30:55.289+0000][gc,heap       ] GC(1111) Survivor regions: 4->3(4)
[2023-11-18T15:30:55.289+0000][gc,heap       ] GC(1111) Old regions: 151->153
[2023-11-18T15:30:55.289+0000][gc,heap       ] GC(1111) Humongous regions: 147->147
[2023-11-18T15:30:55.289+0000][gc,metaspace  ] GC(1111) Metaspace: 44936K(47768K)->44936K(47768K) NonClass: 39669K(41216K)->39669K(41216K) Class: 5266K(6552K)->5266K(6552K)
[2023-11-18T15:30:55.289+0000][gc            ] GC(1111) Pause Young (Normal) (G1 Evacuation Pause) 323M->300M(512M) 14.732ms
[2023-11-18T15:30:55.289+0000][gc,cpu        ] GC(1111) User=0.03s Sys=0.01s Real=0.01s
[2023-11-18T15:32:24.940+0000][gc,start      ] GC(1112) Pause Young (Normal) (G1 Evacuation Pause)
[2023-11-18T15:32:24.940+0000][gc,task       ] GC(1112) Using 2 workers of 2 for evacuation
[2023-11-18T15:32:24.952+0000][gc,phases     ] GC(1112)   Pre Evacuate Collection Set: 0.0ms
[2023-11-18T15:32:24.952+0000][gc,phases     ] GC(1112)   Evacuate Collection Set: 11.6ms
[2023-11-18T15:32:24.952+0000][gc,phases     ] GC(1112)   Post Evacuate Collection Set: 0.5ms
[2023-11-18T15:32:24.952+0000][gc,phases     ] GC(1112)   Other: 0.2ms
[2023-11-18T15:32:24.952+0000][gc,heap       ] GC(1112) Eden regions: 23->0(26)
[2023-11-18T15:32:24.952+0000][gc,heap       ] GC(1112) Survivor regions: 3->3(4)
[2023-11-18T15:32:24.952+0000][gc,heap       ] GC(1112) Old regions: 153->155
[2023-11-18T15:32:24.952+0000][gc,heap       ] GC(1112) Humongous regions: 147->147
[2023-11-18T15:32:24.952+0000][gc,metaspace  ] GC(1112) Metaspace: 44936K(47768K)->44936K(47768K) NonClass: 39669K(41216K)->39669K(41216K) Class: 5266K(6552K)->5266K(6552K)
[2023-11-18T15:32:24.952+0000][gc            ] GC(1112) Pause Young (Normal) (G1 Evacuation Pause) 323M->303M(512M) 12.437ms
[2023-11-18T15:32:24.952+0000][gc,cpu        ] GC(1112) User=0.02s Sys=0.00s Real=0.01s
[2023-11-18T15:33:56.783+0000][gc,start      ] GC(1113) Pause Young (Normal) (G1 Evacuation Pause)
[2023-11-18T15:33:56.783+0000][gc,task       ] GC(1113) Using 2 workers of 2 for evacuation
[2023-11-18T15:33:56.795+0000][gc,phases     ] GC(1113)   Pre Evacuate Collection Set: 0.0ms
[2023-11-18T15:33:56.795+0000][gc,phases     ] GC(1113)   Evacuate Collection Set: 11.1ms
[2023-11-18T15:33:56.795+0000][gc,phases     ] GC(1113)   Post Evacuate Collection Set: 0.3ms
[2023-11-18T15:33:56.795+0000][gc,phases     ] GC(1113)   Other: 0.2ms
[2023-11-18T15:33:56.795+0000][gc,heap       ] GC(1113) Eden regions: 24->0(29)
[2023-11-18T15:33:56.795+0000][gc,heap       ] GC(1113) Survivor regions: 3->3(4)
[2023-11-18T15:33:56.795+0000][gc,heap       ] GC(1113) Old regions: 155->156
[2023-11-18T15:33:56.795+0000][gc,heap       ] GC(1113) Humongous regions: 147->147
[2023-11-18T15:33:56.795+0000][gc,metaspace  ] GC(1113) Metaspace: 44936K(47768K)->44936K(47768K) NonClass: 39669K(41216K)->39669K(41216K) Class: 5266K(6552K)->5266K(6552K)
[2023-11-18T15:33:56.795+0000][gc            ] GC(1113) Pause Young (Normal) (G1 Evacuation Pause) 327M->304M(512M) 11.694ms
[2023-11-18T15:33:56.795+0000][gc,cpu        ] GC(1113) User=0.03s Sys=0.00s Real=0.02s
[2023-11-18T15:35:37.963+0000][gc,start      ] GC(1114) Pause Young (Normal) (G1 Evacuation Pause)
[2023-11-18T15:35:37.963+0000][gc,task       ] GC(1114) Using 2 workers of 2 for evacuation
[2023-11-18T15:35:37.974+0000][gc,phases     ] GC(1114)   Pre Evacuate Collection Set: 0.0ms
[2023-11-18T15:35:37.974+0000][gc,phases     ] GC(1114)   Evacuate Collection Set: 9.6ms
[2023-11-18T15:35:37.974+0000][gc,phases     ] GC(1114)   Post Evacuate Collection Set: 0.4ms
[2023-11-18T15:35:37.974+0000][gc,phases     ] GC(1114)   Other: 0.2ms
[2023-11-18T15:35:37.974+0000][gc,heap       ] GC(1114) Eden regions: 26->0(35)
[2023-11-18T15:35:37.974+0000][gc,heap       ] GC(1114) Survivor regions: 3->2(4)
[2023-11-18T15:35:37.974+0000][gc,heap       ] GC(1114) Old regions: 156->158
[2023-11-18T15:35:37.974+0000][gc,heap       ] GC(1114) Humongous regions: 147->147
[2023-11-18T15:35:37.974+0000][gc,metaspace  ] GC(1114) Metaspace: 44936K(47768K)->44936K(47768K) NonClass: 39669K(41216K)->39669K(41216K) Class: 5266K(6552K)->5266K(6552K)
[2023-11-18T15:35:37.974+0000][gc            ] GC(1114) Pause Young (Normal) (G1 Evacuation Pause) 330M->304M(512M) 10.305ms
[2023-11-18T15:35:37.974+0000][gc,cpu        ] GC(1114) User=0.02s Sys=0.00s Real=0.02s
[2023-11-18T15:37:39.648+0000][gc,start      ] GC(1115) Pause Young (Normal) (G1 Evacuation Pause)
[2023-11-18T15:37:39.648+0000][gc,task       ] GC(1115) Using 2 workers of 2 for evacuation
[2023-11-18T15:37:39.664+0000][gc,phases     ] GC(1115)   Pre Evacuate Collection Set: 0.0ms
[2023-11-18T15:37:39.664+0000][gc,phases     ] GC(1115)   Evacuate Collection Set: 15.2ms
[2023-11-18T15:37:39.664+0000][gc,phases     ] GC(1115)   Post Evacuate Collection Set: 0.4ms
[2023-11-18T15:37:39.664+0000][gc,phases     ] GC(1115)   Other: 0.2ms
[2023-11-18T15:37:39.664+0000][gc,heap       ] GC(1115) Eden regions: 31->0(34)
[2023-11-18T15:37:39.664+0000][gc,heap       ] GC(1115) Survivor regions: 2->5(5)
[2023-11-18T15:37:39.664+0000][gc,heap       ] GC(1115) Old regions: 158->158
[2023-11-18T15:37:39.664+0000][gc,heap       ] GC(1115) Humongous regions: 147->147
[2023-11-18T15:37:39.664+0000][gc,metaspace  ] GC(1115) Metaspace: 44936K(47768K)->44936K(47768K) NonClass: 39669K(41216K)->39669K(41216K) Class: 5266K(6552K)->5266K(6552K)
[2023-11-18T15:37:39.664+0000][gc            ] GC(1115) Pause Young (Normal) (G1 Evacuation Pause) 335M->307M(512M) 15.929ms
[2023-11-18T15:37:39.664+0000][gc,cpu        ] GC(1115) User=0.03s Sys=0.00s Real=0.01s
[2023-11-18T15:39:51.875+0000][gc,start      ] GC(1116) Pause Young (Normal) (G1 Evacuation Pause)
[2023-11-18T15:39:51.875+0000][gc,task       ] GC(1116) Using 2 workers of 2 for evacuation
[2023-11-18T15:39:51.891+0000][gc,phases     ] GC(1116)   Pre Evacuate Collection Set: 0.0ms
[2023-11-18T15:39:51.891+0000][gc,phases     ] GC(1116)   Evacuate Collection Set: 15.3ms
[2023-11-18T15:39:51.891+0000][gc,phases     ] GC(1116)   Post Evacuate Collection Set: 0.4ms
[2023-11-18T15:39:51.891+0000][gc,phases     ] GC(1116)   Other: 0.2ms
[2023-11-18T15:39:51.891+0000][gc,heap       ] GC(1116) Eden regions: 34->0(37)
[2023-11-18T15:39:51.891+0000][gc,heap       ] GC(1116) Survivor regions: 5->4(5)
[2023-11-18T15:39:51.891+0000][gc,heap       ] GC(1116) Old regions: 158->160
[2023-11-18T15:39:51.891+0000][gc,heap       ] GC(1116) Humongous regions: 147->147
[2023-11-18T15:39:51.891+0000][gc,metaspace  ] GC(1116) Metaspace: 44936K(47768K)->44936K(47768K) NonClass: 39669K(41216K)->39669K(41216K) Class: 5266K(6552K)->5266K(6552K)
[2023-11-18T15:39:51.891+0000][gc            ] GC(1116) Pause Young (Normal) (G1 Evacuation Pause) 341M->308M(512M) 15.975ms
[2023-11-18T15:39:51.891+0000][gc,cpu        ] GC(1116) User=0.03s Sys=0.00s Real=0.01s
[2023-11-18T15:42:16.220+0000][gc,start      ] GC(1117) Pause Young (Normal) (G1 Evacuation Pause)
[2023-11-18T15:42:16.220+0000][gc,task       ] GC(1117) Using 2 workers of 2 for evacuation
[2023-11-18T15:42:16.233+0000][gc,phases     ] GC(1117)   Pre Evacuate Collection Set: 0.0ms
[2023-11-18T15:42:16.233+0000][gc,phases     ] GC(1117)   Evacuate Collection Set: 12.4ms
[2023-11-18T15:42:16.233+0000][gc,phases     ] GC(1117)   Post Evacuate Collection Set: 0.3ms
[2023-11-18T15:42:16.233+0000][gc,phases     ] GC(1117)   Other: 0.2ms
[2023-11-18T15:42:16.233+0000][gc,heap       ] GC(1117) Eden regions: 37->0(38)
[2023-11-18T15:42:16.233+0000][gc,heap       ] GC(1117) Survivor regions: 4->3(6)
[2023-11-18T15:42:16.233+0000][gc,heap       ] GC(1117) Old regions: 160->161
[2023-11-18T15:42:16.233+0000][gc,heap       ] GC(1117) Humongous regions: 147->147
[2023-11-18T15:42:16.233+0000][gc,metaspace  ] GC(1117) Metaspace: 44936K(47768K)->44936K(47768K) NonClass: 39669K(41216K)->39669K(41216K) Class: 5266K(6552K)->5266K(6552K)
[2023-11-18T15:42:16.233+0000][gc            ] GC(1117) Pause Young (Normal) (G1 Evacuation Pause) 345M->309M(512M) 12.988ms
[2023-11-18T15:42:16.233+0000][gc,cpu        ] GC(1117) User=0.03s Sys=0.00s Real=0.01s
[2023-11-18T15:44:44.950+0000][gc,start      ] GC(1118) Pause Young (Normal) (G1 Evacuation Pause)
[2023-11-18T15:44:44.950+0000][gc,task       ] GC(1118) Using 2 workers of 2 for evacuation
[2023-11-18T15:44:44.962+0000][gc,phases     ] GC(1118)   Pre Evacuate Collection Set: 0.0ms
[2023-11-18T15:44:44.962+0000][gc,phases     ] GC(1118)   Evacuate Collection Set: 11.9ms
[2023-11-18T15:44:44.962+0000][gc,phases     ] GC(1118)   Post Evacuate Collection Set: 0.3ms
[2023-11-18T15:44:44.962+0000][gc,phases     ] GC(1118)   Other: 0.2ms
[2023-11-18T15:44:44.962+0000][gc,heap       ] GC(1118) Eden regions: 38->0(45)
[2023-11-18T15:44:44.962+0000][gc,heap       ] GC(1118) Survivor regions: 3->5(6)
[2023-11-18T15:44:44.962+0000][gc,heap       ] GC(1118) Old regions: 161->161
[2023-11-18T15:44:44.962+0000][gc,heap       ] GC(1118) Humongous regions: 147->147
[2023-11-18T15:44:44.962+0000][gc,metaspace  ] GC(1118) Metaspace: 44936K(47768K)->44936K(47768K) NonClass: 39669K(41216K)->39669K(41216K) Class: 5266K(6552K)->5266K(6552K)
[2023-11-18T15:44:44.962+0000][gc            ] GC(1118) Pause Young (Normal) (G1 Evacuation Pause) 347M->310M(512M) 12.591ms
[2023-11-18T15:44:44.962+0000][gc,cpu        ] GC(1118) User=0.02s Sys=0.00s Real=0.01s
[2023-11-18T15:47:41.991+0000][gc,start      ] GC(1119) Pause Young (Normal) (G1 Evacuation Pause)
[2023-11-18T15:47:41.991+0000][gc,task       ] GC(1119) Using 2 workers of 2 for evacuation
[2023-11-18T15:47:42.010+0000][gc,phases     ] GC(1119)   Pre Evacuate Collection Set: 0.0ms
[2023-11-18T15:47:42.010+0000][gc,phases     ] GC(1119)   Evacuate Collection Set: 18.5ms
[2023-11-18T15:47:42.010+0000][gc,phases     ] GC(1119)   Post Evacuate Collection Set: 0.4ms
[2023-11-18T15:47:42.010+0000][gc,phases     ] GC(1119)   Other: 0.2ms
[2023-11-18T15:47:42.010+0000][gc,heap       ] GC(1119) Eden regions: 45->0(43)
[2023-11-18T15:47:42.010+0000][gc,heap       ] GC(1119) Survivor regions: 5->5(7)
[2023-11-18T15:47:42.010+0000][gc,heap       ] GC(1119) Old regions: 161->163
[2023-11-18T15:47:42.010+0000][gc,heap       ] GC(1119) Humongous regions: 147->147
[2023-11-18T15:47:42.010+0000][gc,metaspace  ] GC(1119) Metaspace: 44936K(47768K)->44936K(47768K) NonClass: 39669K(41216K)->39669K(41216K) Class: 5266K(6552K)->5266K(6552K)
[2023-11-18T15:47:42.010+0000][gc            ] GC(1119) Pause Young (Normal) (G1 Evacuation Pause) 355M->312M(512M) 19.211ms
[2023-11-18T15:47:42.010+0000][gc,cpu        ] GC(1119) User=0.03s Sys=0.00s Real=0.02s
[2023-11-18T15:50:31.220+0000][gc,start      ] GC(1120) Pause Young (Normal) (G1 Evacuation Pause)
[2023-11-18T15:50:31.220+0000][gc,task       ] GC(1120) Using 2 workers of 2 for evacuation
[2023-11-18T15:50:31.239+0000][gc,phases     ] GC(1120)   Pre Evacuate Collection Set: 0.0ms
[2023-11-18T15:50:31.239+0000][gc,phases     ] GC(1120)   Evacuate Collection Set: 18.8ms
[2023-11-18T15:50:31.239+0000][gc,phases     ] GC(1120)   Post Evacuate Collection Set: 0.4ms
[2023-11-18T15:50:31.239+0000][gc,phases     ] GC(1120)   Other: 0.2ms
[2023-11-18T15:50:31.239+0000][gc,heap       ] GC(1120) Eden regions: 43->0(43)
[2023-11-18T15:50:31.239+0000][gc,heap       ] GC(1120) Survivor regions: 5->4(6)
[2023-11-18T15:50:31.239+0000][gc,heap       ] GC(1120) Old regions: 163->166
[2023-11-18T15:50:31.239+0000][gc,heap       ] GC(1120) Humongous regions: 147->147
[2023-11-18T15:50:31.239+0000][gc,metaspace  ] GC(1120) Metaspace: 44936K(47768K)->44936K(47768K) NonClass: 39669K(41216K)->39669K(41216K) Class: 5266K(6552K)->5266K(6552K)
[2023-11-18T15:50:31.239+0000][gc            ] GC(1120) Pause Young (Normal) (G1 Evacuation Pause) 355M->315M(512M) 19.678ms
[2023-11-18T15:50:31.239+0000][gc,cpu        ] GC(1120) User=0.04s Sys=0.00s Real=0.02s
[2023-11-18T15:53:20.230+0000][gc,start      ] GC(1121) Pause Young (Normal) (G1 Evacuation Pause)
[2023-11-18T15:53:20.230+0000][gc,task       ] GC(1121) Using 2 workers of 2 for evacuation
[2023-11-18T15:53:20.247+0000][gc,phases     ] GC(1121)   Pre Evacuate Collection Set: 0.0ms
[2023-11-18T15:53:20.247+0000][gc,phases     ] GC(1121)   Evacuate Collection Set: 16.1ms
[2023-11-18T15:53:20.247+0000][gc,phases     ] GC(1121)   Post Evacuate Collection Set: 0.4ms
[2023-11-18T15:53:20.247+0000][gc,phases     ] GC(1121)   Other: 0.2ms
[2023-11-18T15:53:20.247+0000][gc,heap       ] GC(1121) Eden regions: 43->0(43)
[2023-11-18T15:53:20.247+0000][gc,heap       ] GC(1121) Survivor regions: 4->5(6)
[2023-11-18T15:53:20.247+0000][gc,heap       ] GC(1121) Old regions: 166->166
[2023-11-18T15:53:20.247+0000][gc,heap       ] GC(1121) Humongous regions: 147->147
[2023-11-18T15:53:20.247+0000][gc,metaspace  ] GC(1121) Metaspace: 44936K(47768K)->44936K(47768K) NonClass: 39669K(41216K)->39669K(41216K) Class: 5266K(6552K)->5266K(6552K)
[2023-11-18T15:53:20.247+0000][gc            ] GC(1121) Pause Young (Normal) (G1 Evacuation Pause) 358M->316M(512M) 16.845ms
[2023-11-18T15:53:20.247+0000][gc,cpu        ] GC(1121) User=0.03s Sys=0.00s Real=0.02s
[2023-11-18T15:56:09.555+0000][gc,start      ] GC(1122) Pause Young (Normal) (G1 Evacuation Pause)
[2023-11-18T15:56:09.555+0000][gc,task       ] GC(1122) Using 2 workers of 2 for evacuation
[2023-11-18T15:56:09.575+0000][gc,mmu        ] GC(1122) MMU target violated: 20.2ms (20.0ms/21.0ms)
[2023-11-18T15:56:09.575+0000][gc,phases     ] GC(1122)   Pre Evacuate Collection Set: 0.0ms
[2023-11-18T15:56:09.575+0000][gc,phases     ] GC(1122)   Evacuate Collection Set: 19.6ms
[2023-11-18T15:56:09.575+0000][gc,phases     ] GC(1122)   Post Evacuate Collection Set: 0.4ms
[2023-11-18T15:56:09.575+0000][gc,phases     ] GC(1122)   Other: 0.3ms
[2023-11-18T15:56:09.575+0000][gc,heap       ] GC(1122) Eden regions: 43->0(44)
[2023-11-18T15:56:09.575+0000][gc,heap       ] GC(1122) Survivor regions: 5->4(6)
[2023-11-18T15:56:09.575+0000][gc,heap       ] GC(1122) Old regions: 166->170
[2023-11-18T15:56:09.575+0000][gc,heap       ] GC(1122) Humongous regions: 147->147
[2023-11-18T15:56:09.575+0000][gc,metaspace  ] GC(1122) Metaspace: 44936K(47768K)->44936K(47768K) NonClass: 39669K(41216K)->39669K(41216K) Class: 5266K(6552K)->5266K(6552K)
[2023-11-18T15:56:09.575+0000][gc            ] GC(1122) Pause Young (Normal) (G1 Evacuation Pause) 359M->318M(512M) 20.366ms
[2023-11-18T15:56:09.575+0000][gc,cpu        ] GC(1122) User=0.04s Sys=0.00s Real=0.02s
[2023-11-18T15:59:02.353+0000][gc,start      ] GC(1123) Pause Young (Normal) (G1 Evacuation Pause)
[2023-11-18T15:59:02.354+0000][gc,task       ] GC(1123) Using 2 workers of 2 for evacuation
[2023-11-18T15:59:02.369+0000][gc,phases     ] GC(1123)   Pre Evacuate Collection Set: 0.0ms
[2023-11-18T15:59:02.369+0000][gc,phases     ] GC(1123)   Evacuate Collection Set: 15.2ms
[2023-11-18T15:59:02.369+0000][gc,phases     ] GC(1123)   Post Evacuate Collection Set: 0.3ms
[2023-11-18T15:59:02.369+0000][gc,phases     ] GC(1123)   Other: 0.2ms
[2023-11-18T15:59:02.369+0000][gc,heap       ] GC(1123) Eden regions: 44->0(45)
[2023-11-18T15:59:02.369+0000][gc,heap       ] GC(1123) Survivor regions: 4->4(6)
[2023-11-18T15:59:02.369+0000][gc,heap       ] GC(1123) Old regions: 170->172
[2023-11-18T15:59:02.369+0000][gc,heap       ] GC(1123) Humongous regions: 147->147
[2023-11-18T15:59:02.369+0000][gc,metaspace  ] GC(1123) Metaspace: 44936K(47768K)->44936K(47768K) NonClass: 39669K(41216K)->39669K(41216K) Class: 5266K(6552K)->5266K(6552K)
[2023-11-18T15:59:02.369+0000][gc            ] GC(1123) Pause Young (Normal) (G1 Evacuation Pause) 362M->320M(512M) 15.743ms
[2023-11-18T15:59:02.369+0000][gc,cpu        ] GC(1123) User=0.02s Sys=0.00s Real=0.01s
[2023-11-18T16:01:55.670+0000][gc,start      ] GC(1124) Pause Young (Normal) (G1 Evacuation Pause)
[2023-11-18T16:01:55.670+0000][gc,task       ] GC(1124) Using 2 workers of 2 for evacuation
[2023-11-18T16:01:55.685+0000][gc,phases     ] GC(1124)   Pre Evacuate Collection Set: 0.0ms
[2023-11-18T16:01:55.685+0000][gc,phases     ] GC(1124)   Evacuate Collection Set: 13.5ms
[2023-11-18T16:01:55.685+0000][gc,phases     ] GC(1124)   Post Evacuate Collection Set: 0.3ms
[2023-11-18T16:01:55.685+0000][gc,phases     ] GC(1124)   Other: 0.8ms
[2023-11-18T16:01:55.685+0000][gc,heap       ] GC(1124) Eden regions: 44->0(47)
[2023-11-18T16:01:55.685+0000][gc,heap       ] GC(1124) Survivor regions: 4->4(6)
[2023-11-18T16:01:55.685+0000][gc,heap       ] GC(1124) Old regions: 172->174
[2023-11-18T16:01:55.685+0000][gc,heap       ] GC(1124) Humongous regions: 147->147
[2023-11-18T16:01:55.685+0000][gc,metaspace  ] GC(1124) Metaspace: 44936K(47768K)->44936K(47768K) NonClass: 39669K(41216K)->39669K(41216K) Class: 5266K(6552K)->5266K(6552K)
[2023-11-18T16:01:55.685+0000][gc            ] GC(1124) Pause Young (Normal) (G1 Evacuation Pause) 364M->322M(512M) 14.772ms
[2023-11-18T16:01:55.685+0000][gc,cpu        ] GC(1124) User=0.03s Sys=0.00s Real=0.01s
[2023-11-18T16:05:00.538+0000][gc,start      ] GC(1125) Pause Young (Normal) (G1 Evacuation Pause)
[2023-11-18T16:05:00.538+0000][gc,task       ] GC(1125) Using 2 workers of 2 for evacuation
[2023-11-18T16:05:00.574+0000][gc,mmu        ] GC(1125) MMU target violated: 21.0ms (20.0ms/21.0ms)
[2023-11-18T16:05:00.574+0000][gc,phases     ] GC(1125)   Pre Evacuate Collection Set: 0.0ms
[2023-11-18T16:05:00.574+0000][gc,phases     ] GC(1125)   Evacuate Collection Set: 34.7ms
[2023-11-18T16:05:00.574+0000][gc,phases     ] GC(1125)   Post Evacuate Collection Set: 0.4ms
[2023-11-18T16:05:00.574+0000][gc,phases     ] GC(1125)   Other: 0.4ms
[2023-11-18T16:05:00.574+0000][gc,heap       ] GC(1125) Eden regions: 47->0(20)
[2023-11-18T16:05:00.574+0000][gc,heap       ] GC(1125) Survivor regions: 4->6(7)
[2023-11-18T16:05:00.574+0000][gc,heap       ] GC(1125) Old regions: 174->174
[2023-11-18T16:05:00.574+0000][gc,heap       ] GC(1125) Humongous regions: 147->147
[2023-11-18T16:05:00.574+0000][gc,metaspace  ] GC(1125) Metaspace: 44936K(47768K)->44936K(47768K) NonClass: 39669K(41216K)->39669K(41216K) Class: 5266K(6552K)->5266K(6552K)
[2023-11-18T16:05:00.574+0000][gc            ] GC(1125) Pause Young (Normal) (G1 Evacuation Pause) 369M->325M(512M) 35.489ms
[2023-11-18T16:05:00.574+0000][gc,cpu        ] GC(1125) User=0.06s Sys=0.01s Real=0.04s
[2023-11-18T16:06:13.101+0000][gc,start      ] GC(1126) Pause Young (Normal) (G1 Evacuation Pause)
[2023-11-18T16:06:13.101+0000][gc,task       ] GC(1126) Using 2 workers of 2 for evacuation
[2023-11-18T16:06:13.115+0000][gc,phases     ] GC(1126)   Pre Evacuate Collection Set: 0.0ms
[2023-11-18T16:06:13.115+0000][gc,phases     ] GC(1126)   Evacuate Collection Set: 13.3ms
[2023-11-18T16:06:13.115+0000][gc,phases     ] GC(1126)   Post Evacuate Collection Set: 0.3ms
[2023-11-18T16:06:13.115+0000][gc,phases     ] GC(1126)   Other: 0.2ms
[2023-11-18T16:06:13.115+0000][gc,heap       ] GC(1126) Eden regions: 19->0(26)
[2023-11-18T16:06:13.115+0000][gc,heap       ] GC(1126) Survivor regions: 6->1(4)
[2023-11-18T16:06:13.115+0000][gc,heap       ] GC(1126) Old regions: 174->178
[2023-11-18T16:06:13.115+0000][gc,heap       ] GC(1126) Humongous regions: 147->147
[2023-11-18T16:06:13.115+0000][gc,metaspace  ] GC(1126) Metaspace: 44936K(47768K)->44936K(47768K) NonClass: 39669K(41216K)->39669K(41216K) Class: 5266K(6552K)->5266K(6552K)
[2023-11-18T16:06:13.115+0000][gc            ] GC(1126) Pause Young (Normal) (G1 Evacuation Pause) 344M->324M(512M) 13.933ms
[2023-11-18T16:06:13.115+0000][gc,cpu        ] GC(1126) User=0.03s Sys=0.00s Real=0.02s
