[2023-11-17T02:02:43.126+0000][gc,heap] Heap region size: 1M
[2023-11-17T02:02:43.138+0000][gc     ] Using G1
[2023-11-17T02:02:43.138+0000][gc,heap,coops] Heap address: 0x00000000e0000000, size: 512 MB, Compressed Oops mode: 32-bit
[2023-11-17T02:02:43.138+0000][gc,cds       ] Mark closed archive regions in map: [0x00000000fff00000, 0x00000000fff6bff8]
[2023-11-17T02:02:43.138+0000][gc,cds       ] Mark open archive regions in map: [0x00000000ffe00000, 0x00000000ffe47ff8]
[2023-11-17T02:02:44.134+0000][gc,start     ] GC(0) Pause Young (Normal) (G1 Evacuation Pause)
[2023-11-17T02:02:44.134+0000][gc,task      ] GC(0) Using 2 workers of 2 for evacuation
[2023-11-17T02:02:44.152+0000][gc,phases    ] GC(0)   Pre Evacuate Collection Set: 0.0ms
[2023-11-17T02:02:44.152+0000][gc,phases    ] GC(0)   Evacuate Collection Set: 17.3ms
[2023-11-17T02:02:44.152+0000][gc,phases    ] GC(0)   Post Evacuate Collection Set: 0.3ms
[2023-11-17T02:02:44.152+0000][gc,phases    ] GC(0)   Other: 0.3ms
[2023-11-17T02:02:44.152+0000][gc,heap      ] GC(0) Eden regions: 25->0(21)
[2023-11-17T02:02:44.152+0000][gc,heap      ] GC(0) Survivor regions: 0->4(4)
[2023-11-17T02:02:44.152+0000][gc,heap      ] GC(0) Old regions: 2->5
[2023-11-17T02:02:44.152+0000][gc,heap      ] GC(0) Humongous regions: 0->0
[2023-11-17T02:02:44.152+0000][gc,metaspace ] GC(0) Metaspace: 7823K(8448K)->7823K(8448K) NonClass: 6969K(7424K)->6969K(7424K) Class: 854K(1024K)->854K(1024K)
[2023-11-17T02:02:44.152+0000][gc           ] GC(0) Pause Young (Normal) (G1 Evacuation Pause) 25M->6M(512M) 18.097ms
[2023-11-17T02:02:44.152+0000][gc,cpu       ] GC(0) User=0.03s Sys=0.01s Real=0.01s
[2023-11-17T02:02:44.535+0000][gc,start     ] GC(1) Pause Young (Normal) (G1 Evacuation Pause)
[2023-11-17T02:02:44.535+0000][gc,task      ] GC(1) Using 2 workers of 2 for evacuation
[2023-11-17T02:02:44.550+0000][gc,phases    ] GC(1)   Pre Evacuate Collection Set: 0.0ms
[2023-11-17T02:02:44.550+0000][gc,phases    ] GC(1)   Evacuate Collection Set: 14.6ms
[2023-11-17T02:02:44.550+0000][gc,phases    ] GC(1)   Post Evacuate Collection Set: 0.3ms
[2023-11-17T02:02:44.550+0000][gc,phases    ] GC(1)   Other: 0.2ms
[2023-11-17T02:02:44.550+0000][gc,heap      ] GC(1) Eden regions: 21->0(24)
[2023-11-17T02:02:44.550+0000][gc,heap      ] GC(1) Survivor regions: 4->1(4)
[2023-11-17T02:02:44.550+0000][gc,heap      ] GC(1) Old regions: 5->9
[2023-11-17T02:02:44.550+0000][gc,heap      ] GC(1) Humongous regions: 0->0
[2023-11-17T02:02:44.550+0000][gc,metaspace ] GC(1) Metaspace: 13098K(13824K)->13098K(13824K) NonClass: 11534K(12032K)->11534K(12032K) Class: 1563K(1792K)->1563K(1792K)
[2023-11-17T02:02:44.550+0000][gc           ] GC(1) Pause Young (Normal) (G1 Evacuation Pause) 27M->7M(512M) 15.139ms
[2023-11-17T02:02:44.550+0000][gc,cpu       ] GC(1) User=0.03s Sys=0.00s Real=0.01s
[2023-11-17T02:02:44.904+0000][gc,start     ] GC(2) Pause Young (Normal) (G1 Evacuation Pause)
[2023-11-17T02:02:44.904+0000][gc,task      ] GC(2) Using 2 workers of 2 for evacuation
[2023-11-17T02:02:44.910+0000][gc,phases    ] GC(2)   Pre Evacuate Collection Set: 0.0ms
[2023-11-17T02:02:44.910+0000][gc,phases    ] GC(2)   Evacuate Collection Set: 4.8ms
[2023-11-17T02:02:44.910+0000][gc,phases    ] GC(2)   Post Evacuate Collection Set: 0.3ms
[2023-11-17T02:02:44.910+0000][gc,phases    ] GC(2)   Other: 0.1ms
[2023-11-17T02:02:44.910+0000][gc,heap      ] GC(2) Eden regions: 24->0(23)
[2023-11-17T02:02:44.910+0000][gc,heap      ] GC(2) Survivor regions: 1->2(4)
[2023-11-17T02:02:44.910+0000][gc,heap      ] GC(2) Old regions: 9->9
[2023-11-17T02:02:44.910+0000][gc,heap      ] GC(2) Humongous regions: 0->0
[2023-11-17T02:02:44.910+0000][gc,metaspace ] GC(2) Metaspace: 17812K(18688K)->17812K(18688K) NonClass: 15766K(16384K)->15766K(16384K) Class: 2046K(2304K)->2046K(2304K)
[2023-11-17T02:02:44.910+0000][gc           ] GC(2) Pause Young (Normal) (G1 Evacuation Pause) 31M->8M(512M) 5.337ms
[2023-11-17T02:02:44.910+0000][gc,cpu       ] GC(2) User=0.01s Sys=0.00s Real=0.01s
[2023-11-17T02:02:45.094+0000][gc,start     ] GC(3) Pause Young (Concurrent Start) (Metadata GC Threshold)
[2023-11-17T02:02:45.094+0000][gc,task      ] GC(3) Using 2 workers of 2 for evacuation
[2023-11-17T02:02:45.105+0000][gc,phases    ] GC(3)   Pre Evacuate Collection Set: 0.1ms
[2023-11-17T02:02:45.105+0000][gc,phases    ] GC(3)   Evacuate Collection Set: 9.7ms
[2023-11-17T02:02:45.105+0000][gc,phases    ] GC(3)   Post Evacuate Collection Set: 0.2ms
[2023-11-17T02:02:45.105+0000][gc,phases    ] GC(3)   Other: 0.2ms
[2023-11-17T02:02:45.105+0000][gc,heap      ] GC(3) Eden regions: 15->0(23)
[2023-11-17T02:02:45.105+0000][gc,heap      ] GC(3) Survivor regions: 2->2(4)
[2023-11-17T02:02:45.105+0000][gc,heap      ] GC(3) Old regions: 9->9
[2023-11-17T02:02:45.105+0000][gc,heap      ] GC(3) Humongous regions: 0->0
[2023-11-17T02:02:45.105+0000][gc,metaspace ] GC(3) Metaspace: 20396K(21248K)->20396K(21248K) NonClass: 18152K(18688K)->18152K(18688K) Class: 2244K(2560K)->2244K(2560K)
[2023-11-17T02:02:45.105+0000][gc           ] GC(3) Pause Young (Concurrent Start) (Metadata GC Threshold) 23M->9M(512M) 10.360ms
[2023-11-17T02:02:45.105+0000][gc,cpu       ] GC(3) User=0.02s Sys=0.00s Real=0.00s
[2023-11-17T02:02:45.105+0000][gc           ] GC(4) Concurrent Cycle
[2023-11-17T02:02:45.105+0000][gc,marking   ] GC(4) Concurrent Clear Claimed Marks
[2023-11-17T02:02:45.105+0000][gc,marking   ] GC(4) Concurrent Clear Claimed Marks 0.033ms
[2023-11-17T02:02:45.105+0000][gc,marking   ] GC(4) Concurrent Scan Root Regions
[2023-11-17T02:02:45.107+0000][gc,marking   ] GC(4) Concurrent Scan Root Regions 2.225ms
[2023-11-17T02:02:45.107+0000][gc,marking   ] GC(4) Concurrent Mark (1.986s)
[2023-11-17T02:02:45.107+0000][gc,marking   ] GC(4) Concurrent Mark From Roots
[2023-11-17T02:02:45.107+0000][gc,task      ] GC(4) Using 1 workers of 1 for marking
[2023-11-17T02:02:45.122+0000][gc,marking   ] GC(4) Concurrent Mark From Roots 15.362ms
[2023-11-17T02:02:45.123+0000][gc,marking   ] GC(4) Concurrent Preclean
[2023-11-17T02:02:45.123+0000][gc,marking   ] GC(4) Concurrent Preclean 0.106ms
[2023-11-17T02:02:45.123+0000][gc,marking   ] GC(4) Concurrent Mark (1.986s, 2.001s) 15.527ms
[2023-11-17T02:02:45.123+0000][gc,start     ] GC(4) Pause Remark
[2023-11-17T02:02:45.128+0000][gc,stringtable] GC(4) Cleaned string and symbol table, strings: 5755 processed, 10 removed, symbols: 47349 processed, 39 removed
[2023-11-17T02:02:45.130+0000][gc            ] GC(4) Pause Remark 9M->9M(512M) 7.024ms
[2023-11-17T02:02:45.130+0000][gc,cpu        ] GC(4) User=0.01s Sys=0.01s Real=0.01s
[2023-11-17T02:02:45.130+0000][gc,marking    ] GC(4) Concurrent Rebuild Remembered Sets
[2023-11-17T02:02:45.144+0000][gc,marking    ] GC(4) Concurrent Rebuild Remembered Sets 14.363ms
[2023-11-17T02:02:45.145+0000][gc,start      ] GC(4) Pause Cleanup
[2023-11-17T02:02:45.145+0000][gc            ] GC(4) Pause Cleanup 10M->10M(512M) 0.170ms
[2023-11-17T02:02:45.145+0000][gc,cpu        ] GC(4) User=0.00s Sys=0.00s Real=0.00s
[2023-11-17T02:02:45.145+0000][gc,marking    ] GC(4) Concurrent Cleanup for Next Mark
[2023-11-17T02:02:45.165+0000][gc,marking    ] GC(4) Concurrent Cleanup for Next Mark 19.515ms
[2023-11-17T02:02:45.165+0000][gc            ] GC(4) Concurrent Cycle 60.112ms
[2023-11-17T02:02:45.894+0000][gc,start      ] GC(5) Pause Young (Normal) (G1 Evacuation Pause)
[2023-11-17T02:02:45.894+0000][gc,task       ] GC(5) Using 2 workers of 2 for evacuation
[2023-11-17T02:02:45.905+0000][gc,phases     ] GC(5)   Pre Evacuate Collection Set: 0.0ms
[2023-11-17T02:02:45.905+0000][gc,phases     ] GC(5)   Evacuate Collection Set: 10.3ms
[2023-11-17T02:02:45.905+0000][gc,phases     ] GC(5)   Post Evacuate Collection Set: 0.5ms
[2023-11-17T02:02:45.905+0000][gc,phases     ] GC(5)   Other: 0.1ms
[2023-11-17T02:02:45.905+0000][gc,heap       ] GC(5) Eden regions: 23->0(21)
[2023-11-17T02:02:45.905+0000][gc,heap       ] GC(5) Survivor regions: 2->4(4)
[2023-11-17T02:02:45.905+0000][gc,heap       ] GC(5) Old regions: 9->9
[2023-11-17T02:02:45.905+0000][gc,heap       ] GC(5) Humongous regions: 0->0
[2023-11-17T02:02:45.905+0000][gc,metaspace  ] GC(5) Metaspace: 23286K(24448K)->23286K(24448K) NonClass: 20559K(21248K)->20559K(21248K) Class: 2726K(3200K)->2726K(3200K)
[2023-11-17T02:02:45.905+0000][gc            ] GC(5) Pause Young (Normal) (G1 Evacuation Pause) 32M->10M(512M) 11.027ms
[2023-11-17T02:02:45.905+0000][gc,cpu        ] GC(5) User=0.02s Sys=0.00s Real=0.00s
[2023-11-17T02:02:46.186+0000][gc,start      ] GC(6) Pause Young (Normal) (G1 Evacuation Pause)
[2023-11-17T02:02:46.186+0000][gc,task       ] GC(6) Using 2 workers of 2 for evacuation
[2023-11-17T02:02:46.196+0000][gc,phases     ] GC(6)   Pre Evacuate Collection Set: 0.0ms
[2023-11-17T02:02:46.196+0000][gc,phases     ] GC(6)   Evacuate Collection Set: 9.6ms
[2023-11-17T02:02:46.196+0000][gc,phases     ] GC(6)   Post Evacuate Collection Set: 0.4ms
[2023-11-17T02:02:46.196+0000][gc,phases     ] GC(6)   Other: 0.2ms
[2023-11-17T02:02:46.196+0000][gc,heap       ] GC(6) Eden regions: 21->0(22)
[2023-11-17T02:02:46.196+0000][gc,heap       ] GC(6) Survivor regions: 4->3(4)
[2023-11-17T02:02:46.196+0000][gc,heap       ] GC(6) Old regions: 9->10
[2023-11-17T02:02:46.196+0000][gc,heap       ] GC(6) Humongous regions: 0->0
[2023-11-17T02:02:46.196+0000][gc,metaspace  ] GC(6) Metaspace: 23304K(24448K)->23304K(24448K) NonClass: 20578K(21248K)->20578K(21248K) Class: 2726K(3200K)->2726K(3200K)
[2023-11-17T02:02:46.196+0000][gc            ] GC(6) Pause Young (Normal) (G1 Evacuation Pause) 31M->10M(512M) 10.177ms
[2023-11-17T02:02:46.196+0000][gc,cpu        ] GC(6) User=0.02s Sys=0.00s Real=0.01s
[2023-11-17T02:02:46.538+0000][gc,start      ] GC(7) Pause Young (Normal) (G1 Evacuation Pause)
[2023-11-17T02:02:46.538+0000][gc,task       ] GC(7) Using 2 workers of 2 for evacuation
[2023-11-17T02:02:46.544+0000][gc,phases     ] GC(7)   Pre Evacuate Collection Set: 0.0ms
[2023-11-17T02:02:46.544+0000][gc,phases     ] GC(7)   Evacuate Collection Set: 5.0ms
[2023-11-17T02:02:46.544+0000][gc,phases     ] GC(7)   Post Evacuate Collection Set: 0.3ms
[2023-11-17T02:02:46.544+0000][gc,phases     ] GC(7)   Other: 0.2ms
[2023-11-17T02:02:46.544+0000][gc,heap       ] GC(7) Eden regions: 22->0(22)
[2023-11-17T02:02:46.544+0000][gc,heap       ] GC(7) Survivor regions: 3->3(4)
[2023-11-17T02:02:46.544+0000][gc,heap       ] GC(7) Old regions: 10->10
[2023-11-17T02:02:46.544+0000][gc,heap       ] GC(7) Humongous regions: 0->0
[2023-11-17T02:02:46.544+0000][gc,metaspace  ] GC(7) Metaspace: 25061K(26112K)->25061K(26112K) NonClass: 22158K(22784K)->22158K(22784K) Class: 2903K(3328K)->2903K(3328K)
[2023-11-17T02:02:46.544+0000][gc            ] GC(7) Pause Young (Normal) (G1 Evacuation Pause) 32M->11M(512M) 5.577ms
[2023-11-17T02:02:46.544+0000][gc,cpu        ] GC(7) User=0.01s Sys=0.00s Real=0.00s
[2023-11-17T02:02:46.961+0000][gc,start      ] GC(8) Pause Young (Normal) (G1 Evacuation Pause)
[2023-11-17T02:02:46.961+0000][gc,task       ] GC(8) Using 2 workers of 2 for evacuation
[2023-11-17T02:02:46.977+0000][gc,phases     ] GC(8)   Pre Evacuate Collection Set: 0.0ms
[2023-11-17T02:02:46.977+0000][gc,phases     ] GC(8)   Evacuate Collection Set: 15.1ms
[2023-11-17T02:02:46.977+0000][gc,phases     ] GC(8)   Post Evacuate Collection Set: 0.4ms
[2023-11-17T02:02:46.977+0000][gc,phases     ] GC(8)   Other: 0.2ms
[2023-11-17T02:02:46.977+0000][gc,heap       ] GC(8) Eden regions: 22->0(22)
[2023-11-17T02:02:46.977+0000][gc,heap       ] GC(8) Survivor regions: 3->3(4)
[2023-11-17T02:02:46.977+0000][gc,heap       ] GC(8) Old regions: 10->11
[2023-11-17T02:02:46.977+0000][gc,heap       ] GC(8) Humongous regions: 9->9
[2023-11-17T02:02:46.977+0000][gc,metaspace  ] GC(8) Metaspace: 29730K(31104K)->29730K(31104K) NonClass: 26289K(27136K)->26289K(27136K) Class: 3440K(3968K)->3440K(3968K)
[2023-11-17T02:02:46.977+0000][gc            ] GC(8) Pause Young (Normal) (G1 Evacuation Pause) 42M->20M(512M) 15.810ms
[2023-11-17T02:02:46.977+0000][gc,cpu        ] GC(8) User=0.03s Sys=0.00s Real=0.02s
[2023-11-17T02:02:47.493+0000][gc,start      ] GC(9) Pause Young (Normal) (G1 Evacuation Pause)
[2023-11-17T02:02:47.493+0000][gc,task       ] GC(9) Using 2 workers of 2 for evacuation
[2023-11-17T02:02:47.510+0000][gc,phases     ] GC(9)   Pre Evacuate Collection Set: 0.0ms
[2023-11-17T02:02:47.510+0000][gc,phases     ] GC(9)   Evacuate Collection Set: 16.3ms
[2023-11-17T02:02:47.510+0000][gc,phases     ] GC(9)   Post Evacuate Collection Set: 0.4ms
[2023-11-17T02:02:47.510+0000][gc,phases     ] GC(9)   Other: 0.2ms
[2023-11-17T02:02:47.510+0000][gc,heap       ] GC(9) Eden regions: 22->0(22)
[2023-11-17T02:02:47.510+0000][gc,heap       ] GC(9) Survivor regions: 3->3(4)
[2023-11-17T02:02:47.510+0000][gc,heap       ] GC(9) Old regions: 11->12
[2023-11-17T02:02:47.510+0000][gc,heap       ] GC(9) Humongous regions: 9->9
[2023-11-17T02:02:47.510+0000][gc,metaspace  ] GC(9) Metaspace: 32390K(33664K)->32390K(33664K) NonClass: 28689K(29440K)->28689K(29440K) Class: 3701K(4224K)->3701K(4224K)
[2023-11-17T02:02:47.510+0000][gc            ] GC(9) Pause Young (Normal) (G1 Evacuation Pause) 42M->22M(512M) 16.958ms
[2023-11-17T02:02:47.510+0000][gc,cpu        ] GC(9) User=0.03s Sys=0.01s Real=0.02s
[2023-11-17T02:02:47.736+0000][gc,start      ] GC(10) Pause Young (Concurrent Start) (Metadata GC Threshold)
[2023-11-17T02:02:47.736+0000][gc,task       ] GC(10) Using 2 workers of 2 for evacuation
[2023-11-17T02:02:47.747+0000][gc,phases     ] GC(10)   Pre Evacuate Collection Set: 0.1ms
[2023-11-17T02:02:47.747+0000][gc,phases     ] GC(10)   Evacuate Collection Set: 10.6ms
[2023-11-17T02:02:47.747+0000][gc,phases     ] GC(10)   Post Evacuate Collection Set: 0.3ms
[2023-11-17T02:02:47.747+0000][gc,phases     ] GC(10)   Other: 0.2ms
[2023-11-17T02:02:47.747+0000][gc,heap       ] GC(10) Eden regions: 11->0(24)
[2023-11-17T02:02:47.747+0000][gc,heap       ] GC(10) Survivor regions: 3->1(4)
[2023-11-17T02:02:47.747+0000][gc,heap       ] GC(10) Old regions: 12->15
[2023-11-17T02:02:47.747+0000][gc,heap       ] GC(10) Humongous regions: 9->9
[2023-11-17T02:02:47.747+0000][gc,metaspace  ] GC(10) Metaspace: 34556K(35840K)->34556K(35840K) NonClass: 30738K(31488K)->30738K(31488K) Class: 3817K(4352K)->3817K(4352K)
[2023-11-17T02:02:47.747+0000][gc            ] GC(10) Pause Young (Concurrent Start) (Metadata GC Threshold) 32M->23M(512M) 11.298ms
[2023-11-17T02:02:47.748+0000][gc,cpu        ] GC(10) User=0.02s Sys=0.00s Real=0.01s
[2023-11-17T02:02:47.748+0000][gc            ] GC(11) Concurrent Cycle
[2023-11-17T02:02:47.748+0000][gc,marking    ] GC(11) Concurrent Clear Claimed Marks
[2023-11-17T02:02:47.748+0000][gc,marking    ] GC(11) Concurrent Clear Claimed Marks 0.107ms
[2023-11-17T02:02:47.748+0000][gc,marking    ] GC(11) Concurrent Scan Root Regions
[2023-11-17T02:02:47.751+0000][gc,marking    ] GC(11) Concurrent Scan Root Regions 2.829ms
[2023-11-17T02:02:47.751+0000][gc,marking    ] GC(11) Concurrent Mark (4.629s)
[2023-11-17T02:02:47.751+0000][gc,marking    ] GC(11) Concurrent Mark From Roots
[2023-11-17T02:02:47.751+0000][gc,task       ] GC(11) Using 1 workers of 1 for marking
[2023-11-17T02:02:47.821+0000][gc,marking    ] GC(11) Concurrent Mark From Roots 70.221ms
[2023-11-17T02:02:47.821+0000][gc,marking    ] GC(11) Concurrent Preclean
[2023-11-17T02:02:47.821+0000][gc,marking    ] GC(11) Concurrent Preclean 0.092ms
[2023-11-17T02:02:47.821+0000][gc,marking    ] GC(11) Concurrent Mark (4.629s, 4.700s) 70.367ms
[2023-11-17T02:02:47.821+0000][gc,start      ] GC(11) Pause Remark
[2023-11-17T02:02:47.829+0000][gc,stringtable] GC(11) Cleaned string and symbol table, strings: 9374 processed, 9 removed, symbols: 86441 processed, 25 removed
[2023-11-17T02:02:47.829+0000][gc            ] GC(11) Pause Remark 27M->27M(512M) 7.960ms
[2023-11-17T02:02:47.829+0000][gc,cpu        ] GC(11) User=0.01s Sys=0.00s Real=0.01s
[2023-11-17T02:02:47.833+0000][gc,marking    ] GC(11) Concurrent Rebuild Remembered Sets
[2023-11-17T02:02:47.872+0000][gc,marking    ] GC(11) Concurrent Rebuild Remembered Sets 38.906ms
[2023-11-17T02:02:47.874+0000][gc,start      ] GC(11) Pause Cleanup
[2023-11-17T02:02:47.874+0000][gc            ] GC(11) Pause Cleanup 31M->31M(512M) 0.139ms
[2023-11-17T02:02:47.874+0000][gc,cpu        ] GC(11) User=0.00s Sys=0.00s Real=0.00s
[2023-11-17T02:02:47.874+0000][gc,marking    ] GC(11) Concurrent Cleanup for Next Mark
[2023-11-17T02:02:47.885+0000][gc,marking    ] GC(11) Concurrent Cleanup for Next Mark 10.748ms
[2023-11-17T02:02:47.885+0000][gc            ] GC(11) Concurrent Cycle 137.162ms
[2023-11-17T02:02:48.719+0000][gc,start      ] GC(12) Pause Young (Concurrent Start) (G1 Evacuation Pause)
[2023-11-17T02:02:48.719+0000][gc,task       ] GC(12) Using 2 workers of 2 for evacuation
[2023-11-17T02:02:48.730+0000][gc,phases     ] GC(12)   Pre Evacuate Collection Set: 0.1ms
[2023-11-17T02:02:48.730+0000][gc,phases     ] GC(12)   Evacuate Collection Set: 9.0ms
[2023-11-17T02:02:48.730+0000][gc,phases     ] GC(12)   Post Evacuate Collection Set: 2.4ms
[2023-11-17T02:02:48.730+0000][gc,phases     ] GC(12)   Other: 0.2ms
[2023-11-17T02:02:48.730+0000][gc,heap       ] GC(12) Eden regions: 24->0(22)
[2023-11-17T02:02:48.730+0000][gc,heap       ] GC(12) Survivor regions: 1->3(4)
[2023-11-17T02:02:48.730+0000][gc,heap       ] GC(12) Old regions: 15->15
[2023-11-17T02:02:48.730+0000][gc,heap       ] GC(12) Humongous regions: 9->9
[2023-11-17T02:02:48.730+0000][gc,metaspace  ] GC(12) Metaspace: 36287K(37784K)->36287K(37784K) NonClass: 32236K(33024K)->32236K(33024K) Class: 4051K(4760K)->4051K(4760K)
[2023-11-17T02:02:48.730+0000][gc            ] GC(12) Pause Young (Concurrent Start) (G1 Evacuation Pause) 47M->24M(512M) 11.862ms
[2023-11-17T02:02:48.730+0000][gc,cpu        ] GC(12) User=0.02s Sys=0.00s Real=0.01s
[2023-11-17T02:02:48.730+0000][gc            ] GC(13) Concurrent Cycle
[2023-11-17T02:02:48.730+0000][gc,marking    ] GC(13) Concurrent Clear Claimed Marks
[2023-11-17T02:02:48.731+0000][gc,marking    ] GC(13) Concurrent Clear Claimed Marks 0.125ms
[2023-11-17T02:02:48.731+0000][gc,marking    ] GC(13) Concurrent Scan Root Regions
[2023-11-17T02:02:48.734+0000][gc,marking    ] GC(13) Concurrent Scan Root Regions 2.973ms
[2023-11-17T02:02:48.734+0000][gc,marking    ] GC(13) Concurrent Mark (5.612s)
[2023-11-17T02:02:48.734+0000][gc,marking    ] GC(13) Concurrent Mark From Roots
[2023-11-17T02:02:48.734+0000][gc,task       ] GC(13) Using 1 workers of 1 for marking
[2023-11-17T02:02:48.825+0000][gc,marking    ] GC(13) Concurrent Mark From Roots 90.960ms
[2023-11-17T02:02:48.825+0000][gc,marking    ] GC(13) Concurrent Preclean
[2023-11-17T02:02:48.825+0000][gc,marking    ] GC(13) Concurrent Preclean 0.143ms
[2023-11-17T02:02:48.825+0000][gc,marking    ] GC(13) Concurrent Mark (5.612s, 5.704s) 91.151ms
[2023-11-17T02:02:48.825+0000][gc,start      ] GC(13) Pause Remark
[2023-11-17T02:02:48.837+0000][gc,stringtable] GC(13) Cleaned string and symbol table, strings: 9938 processed, 7 removed, symbols: 87465 processed, 0 removed
[2023-11-17T02:02:48.837+0000][gc            ] GC(13) Pause Remark 26M->26M(512M) 12.294ms
[2023-11-17T02:02:48.837+0000][gc,cpu        ] GC(13) User=0.02s Sys=0.00s Real=0.02s
[2023-11-17T02:02:48.837+0000][gc,marking    ] GC(13) Concurrent Rebuild Remembered Sets
[2023-11-17T02:02:48.881+0000][gc,marking    ] GC(13) Concurrent Rebuild Remembered Sets 43.383ms
[2023-11-17T02:02:48.881+0000][gc,start      ] GC(13) Pause Cleanup
[2023-11-17T02:02:48.881+0000][gc            ] GC(13) Pause Cleanup 28M->28M(512M) 0.142ms
[2023-11-17T02:02:48.881+0000][gc,cpu        ] GC(13) User=0.00s Sys=0.00s Real=0.00s
[2023-11-17T02:02:48.881+0000][gc,marking    ] GC(13) Concurrent Cleanup for Next Mark
[2023-11-17T02:02:48.884+0000][gc,marking    ] GC(13) Concurrent Cleanup for Next Mark 2.779ms
[2023-11-17T02:02:48.884+0000][gc            ] GC(13) Concurrent Cycle 153.649ms
[2023-11-17T02:02:50.014+0000][gc,start      ] GC(14) Pause Young (Normal) (G1 Evacuation Pause)
[2023-11-17T02:02:50.014+0000][gc,task       ] GC(14) Using 2 workers of 2 for evacuation
[2023-11-17T02:02:50.034+0000][gc,mmu        ] GC(14) MMU target violated: 20.3ms (20.0ms/21.0ms)
[2023-11-17T02:02:50.035+0000][gc,phases     ] GC(14)   Pre Evacuate Collection Set: 0.0ms
[2023-11-17T02:02:50.035+0000][gc,phases     ] GC(14)   Evacuate Collection Set: 19.8ms
[2023-11-17T02:02:50.035+0000][gc,phases     ] GC(14)   Post Evacuate Collection Set: 0.4ms
[2023-11-17T02:02:50.035+0000][gc,phases     ] GC(14)   Other: 0.3ms
[2023-11-17T02:02:50.035+0000][gc,heap       ] GC(14) Eden regions: 22->0(22)
[2023-11-17T02:02:50.035+0000][gc,heap       ] GC(14) Survivor regions: 3->3(4)
[2023-11-17T02:02:50.035+0000][gc,heap       ] GC(14) Old regions: 15->16
[2023-11-17T02:02:50.035+0000][gc,heap       ] GC(14) Humongous regions: 138->138
[2023-11-17T02:02:50.035+0000][gc,metaspace  ] GC(14) Metaspace: 38413K(40344K)->38413K(40344K) NonClass: 33993K(35072K)->33993K(35072K) Class: 4420K(5272K)->4420K(5272K)
[2023-11-17T02:02:50.035+0000][gc            ] GC(14) Pause Young (Normal) (G1 Evacuation Pause) 175M->155M(512M) 20.600ms
[2023-11-17T02:02:50.035+0000][gc,cpu        ] GC(14) User=0.02s Sys=0.00s Real=0.02s
[2023-11-17T02:02:50.806+0000][gc,start      ] GC(15) Pause Young (Concurrent Start) (G1 Humongous Allocation)
[2023-11-17T02:02:50.806+0000][gc,task       ] GC(15) Using 2 workers of 2 for evacuation
[2023-11-17T02:02:50.827+0000][gc,mmu        ] GC(15) MMU target violated: 20.7ms (20.0ms/21.0ms)
[2023-11-17T02:02:50.827+0000][gc,phases     ] GC(15)   Pre Evacuate Collection Set: 0.3ms
[2023-11-17T02:02:50.827+0000][gc,phases     ] GC(15)   Evacuate Collection Set: 19.9ms
[2023-11-17T02:02:50.827+0000][gc,phases     ] GC(15)   Post Evacuate Collection Set: 0.4ms
[2023-11-17T02:02:50.827+0000][gc,phases     ] GC(15)   Other: 0.3ms
[2023-11-17T02:02:50.827+0000][gc,heap       ] GC(15) Eden regions: 7->0(23)
[2023-11-17T02:02:50.827+0000][gc,heap       ] GC(15) Survivor regions: 3->2(4)
[2023-11-17T02:02:50.827+0000][gc,heap       ] GC(15) Old regions: 16->17
[2023-11-17T02:02:50.827+0000][gc,heap       ] GC(15) Humongous regions: 162->138
[2023-11-17T02:02:50.827+0000][gc,metaspace  ] GC(15) Metaspace: 38951K(40728K)->38951K(40728K) NonClass: 34410K(35328K)->34410K(35328K) Class: 4540K(5400K)->4540K(5400K)
[2023-11-17T02:02:50.827+0000][gc            ] GC(15) Pause Young (Concurrent Start) (G1 Humongous Allocation) 186M->155M(512M) 21.001ms
[2023-11-17T02:02:50.827+0000][gc,cpu        ] GC(15) User=0.03s Sys=0.00s Real=0.02s
[2023-11-17T02:02:50.827+0000][gc            ] GC(16) Concurrent Cycle
[2023-11-17T02:02:50.827+0000][gc,marking    ] GC(16) Concurrent Clear Claimed Marks
[2023-11-17T02:02:50.827+0000][gc,marking    ] GC(16) Concurrent Clear Claimed Marks 0.169ms
[2023-11-17T02:02:50.827+0000][gc,marking    ] GC(16) Concurrent Scan Root Regions
[2023-11-17T02:02:50.830+0000][gc,marking    ] GC(16) Concurrent Scan Root Regions 2.454ms
[2023-11-17T02:02:50.830+0000][gc,marking    ] GC(16) Concurrent Mark (7.709s)
[2023-11-17T02:02:50.830+0000][gc,marking    ] GC(16) Concurrent Mark From Roots
[2023-11-17T02:02:50.830+0000][gc,task       ] GC(16) Using 1 workers of 1 for marking
[2023-11-17T02:02:50.981+0000][gc,marking    ] GC(16) Concurrent Mark From Roots 151.159ms
[2023-11-17T02:02:50.981+0000][gc,marking    ] GC(16) Concurrent Preclean
[2023-11-17T02:02:50.981+0000][gc,marking    ] GC(16) Concurrent Preclean 0.092ms
[2023-11-17T02:02:50.981+0000][gc,marking    ] GC(16) Concurrent Mark (7.709s, 7.860s) 151.308ms
[2023-11-17T02:02:50.985+0000][gc,start      ] GC(16) Pause Remark
[2023-11-17T02:02:50.992+0000][gc,stringtable] GC(16) Cleaned string and symbol table, strings: 10875 processed, 1 removed, symbols: 90910 processed, 4 removed
[2023-11-17T02:02:50.998+0000][gc            ] GC(16) Pause Remark 216M->216M(512M) 12.418ms
[2023-11-17T02:02:50.998+0000][gc,cpu        ] GC(16) User=0.01s Sys=0.00s Real=0.02s
[2023-11-17T02:02:50.998+0000][gc,marking    ] GC(16) Concurrent Rebuild Remembered Sets
[2023-11-17T02:02:51.062+0000][gc,marking    ] GC(16) Concurrent Rebuild Remembered Sets 64.620ms
[2023-11-17T02:02:51.063+0000][gc,start      ] GC(16) Pause Cleanup
[2023-11-17T02:02:51.063+0000][gc            ] GC(16) Pause Cleanup 228M->228M(512M) 0.135ms
[2023-11-17T02:02:51.063+0000][gc,cpu        ] GC(16) User=0.00s Sys=0.00s Real=0.00s
[2023-11-17T02:02:51.063+0000][gc,marking    ] GC(16) Concurrent Cleanup for Next Mark
[2023-11-17T02:02:51.064+0000][gc,marking    ] GC(16) Concurrent Cleanup for Next Mark 1.667ms
[2023-11-17T02:02:51.064+0000][gc            ] GC(16) Concurrent Cycle 237.288ms
[2023-11-17T02:03:19.012+0000][gc,start      ] GC(17) Pause Young (Normal) (G1 Evacuation Pause)
[2023-11-17T02:03:19.013+0000][gc,task       ] GC(17) Using 2 workers of 2 for evacuation
[2023-11-17T02:03:19.024+0000][gc,phases     ] GC(17)   Pre Evacuate Collection Set: 0.0ms
[2023-11-17T02:03:19.024+0000][gc,phases     ] GC(17)   Evacuate Collection Set: 10.3ms
[2023-11-17T02:03:19.024+0000][gc,phases     ] GC(17)   Post Evacuate Collection Set: 0.6ms
[2023-11-17T02:03:19.024+0000][gc,phases     ] GC(17)   Other: 0.2ms
[2023-11-17T02:03:19.024+0000][gc,heap       ] GC(17) Eden regions: 23->0(21)
[2023-11-17T02:03:19.024+0000][gc,heap       ] GC(17) Survivor regions: 2->4(4)
[2023-11-17T02:03:19.024+0000][gc,heap       ] GC(17) Old regions: 17->17
[2023-11-17T02:03:19.024+0000][gc,heap       ] GC(17) Humongous regions: 210->138
[2023-11-17T02:03:19.024+0000][gc,metaspace  ] GC(17) Metaspace: 41942K(44440K)->41942K(44440K) NonClass: 36805K(38144K)->36805K(38144K) Class: 5136K(6296K)->5136K(6296K)
[2023-11-17T02:03:19.024+0000][gc            ] GC(17) Pause Young (Normal) (G1 Evacuation Pause) 250M->157M(512M) 11.119ms
[2023-11-17T02:03:19.024+0000][gc,cpu        ] GC(17) User=0.02s Sys=0.00s Real=0.01s
[2023-11-17T02:04:21.209+0000][gc,start      ] GC(18) Pause Young (Normal) (G1 Evacuation Pause)
[2023-11-17T02:04:21.210+0000][gc,task       ] GC(18) Using 2 workers of 2 for evacuation
[2023-11-17T02:04:21.227+0000][gc,phases     ] GC(18)   Pre Evacuate Collection Set: 0.0ms
[2023-11-17T02:04:21.227+0000][gc,phases     ] GC(18)   Evacuate Collection Set: 16.3ms
[2023-11-17T02:04:21.227+0000][gc,phases     ] GC(18)   Post Evacuate Collection Set: 0.6ms
[2023-11-17T02:04:21.227+0000][gc,phases     ] GC(18)   Other: 0.4ms
[2023-11-17T02:04:21.227+0000][gc,heap       ] GC(18) Eden regions: 21->0(21)
[2023-11-17T02:04:21.227+0000][gc,heap       ] GC(18) Survivor regions: 4->4(4)
[2023-11-17T02:04:21.227+0000][gc,heap       ] GC(18) Old regions: 17->19
[2023-11-17T02:04:21.227+0000][gc,heap       ] GC(18) Humongous regions: 138->138
[2023-11-17T02:04:21.227+0000][gc,metaspace  ] GC(18) Metaspace: 42801K(45208K)->42801K(45208K) NonClass: 37627K(38912K)->37627K(38912K) Class: 5174K(6296K)->5174K(6296K)
[2023-11-17T02:04:21.227+0000][gc            ] GC(18) Pause Young (Normal) (G1 Evacuation Pause) 178M->158M(512M) 17.334ms
[2023-11-17T02:04:21.227+0000][gc,cpu        ] GC(18) User=0.03s Sys=0.01s Real=0.02s
[2023-11-17T02:04:32.879+0000][gc,heap,exit  ] Heap
[2023-11-17T02:04:32.879+0000][gc,heap,exit  ]  garbage-first heap   total 524288K, used 178992K [0x00000000e0000000, 0x0000000100000000)
[2023-11-17T02:04:32.879+0000][gc,heap,exit  ]   region size 1024K, 21 young (21504K), 4 survivors (4096K)
[2023-11-17T02:04:32.879+0000][gc,heap,exit  ]  Metaspace       used 43801K, capacity 46370K, committed 46616K, reserved 1089536K
[2023-11-17T02:04:32.879+0000][gc,heap,exit  ]   class space    used 5420K, capacity 6647K, committed 6680K, reserved 1048576K
