[2023-11-14T06:46:28.569+0000][gc,heap] Heap region size: 1M
[2023-11-14T06:46:28.578+0000][gc     ] Using G1
[2023-11-14T06:46:28.578+0000][gc,heap,coops] Heap address: 0x00000000e0000000, size: 512 MB, Compressed Oops mode: 32-bit
[2023-11-14T06:46:29.865+0000][gc,start     ] GC(0) Pause Young (Normal) (G1 Evacuation Pause)
[2023-11-14T06:46:29.865+0000][gc,task      ] GC(0) Using 1 workers of 1 for evacuation
[2023-11-14T06:46:29.880+0000][gc,phases    ] GC(0)   Pre Evacuate Collection Set: 0.0ms
[2023-11-14T06:46:29.880+0000][gc,phases    ] GC(0)   Evacuate Collection Set: 14.5ms
[2023-11-14T06:46:29.880+0000][gc,phases    ] GC(0)   Post Evacuate Collection Set: 0.3ms
[2023-11-14T06:46:29.880+0000][gc,phases    ] GC(0)   Other: 0.2ms
[2023-11-14T06:46:29.880+0000][gc,heap      ] GC(0) Eden regions: 25->0(21)
[2023-11-14T06:46:29.880+0000][gc,heap      ] GC(0) Survivor regions: 0->4(4)
[2023-11-14T06:46:29.880+0000][gc,heap      ] GC(0) Old regions: 0->3
[2023-11-14T06:46:29.880+0000][gc,heap      ] GC(0) Humongous regions: 0->0
[2023-11-14T06:46:29.880+0000][gc,metaspace ] GC(0) Metaspace: 15479K(16000K)->15479K(16000K) NonClass: 13982K(14336K)->13982K(14336K) Class: 1496K(1664K)->1496K(1664K)
[2023-11-14T06:46:29.880+0000][gc           ] GC(0) Pause Young (Normal) (G1 Evacuation Pause) 25M->6M(512M) 15.024ms
[2023-11-14T06:46:29.880+0000][gc,cpu       ] GC(0) User=0.02s Sys=0.00s Real=0.01s
[2023-11-14T06:46:30.373+0000][gc,start     ] GC(1) Pause Young (Normal) (G1 Evacuation Pause)
[2023-11-14T06:46:30.373+0000][gc,task      ] GC(1) Using 1 workers of 1 for evacuation
[2023-11-14T06:46:30.383+0000][gc,phases    ] GC(1)   Pre Evacuate Collection Set: 0.0ms
[2023-11-14T06:46:30.383+0000][gc,phases    ] GC(1)   Evacuate Collection Set: 10.3ms
[2023-11-14T06:46:30.383+0000][gc,phases    ] GC(1)   Post Evacuate Collection Set: 0.2ms
[2023-11-14T06:46:30.383+0000][gc,phases    ] GC(1)   Other: 0.1ms
[2023-11-14T06:46:30.383+0000][gc,heap      ] GC(1) Eden regions: 21->0(24)
[2023-11-14T06:46:30.383+0000][gc,heap      ] GC(1) Survivor regions: 4->1(4)
[2023-11-14T06:46:30.383+0000][gc,heap      ] GC(1) Old regions: 3->7
[2023-11-14T06:46:30.383+0000][gc,heap      ] GC(1) Humongous regions: 0->0
[2023-11-14T06:46:30.383+0000][gc,metaspace ] GC(1) Metaspace: 20813K(21296K)->20813K(21296K) NonClass: 18599K(18864K)->18599K(18864K) Class: 2213K(2432K)->2213K(2432K)
[2023-11-14T06:46:30.383+0000][gc           ] GC(1) Pause Young (Normal) (G1 Evacuation Pause) 27M->7M(512M) 10.734ms
[2023-11-14T06:46:30.383+0000][gc,cpu       ] GC(1) User=0.01s Sys=0.00s Real=0.02s
[2023-11-14T06:46:30.392+0000][gc,start     ] GC(2) Pause Young (Concurrent Start) (Metadata GC Threshold)
[2023-11-14T06:46:30.392+0000][gc,task      ] GC(2) Using 1 workers of 1 for evacuation
[2023-11-14T06:46:30.395+0000][gc,phases    ] GC(2)   Pre Evacuate Collection Set: 0.0ms
[2023-11-14T06:46:30.395+0000][gc,phases    ] GC(2)   Evacuate Collection Set: 2.6ms
[2023-11-14T06:46:30.395+0000][gc,phases    ] GC(2)   Post Evacuate Collection Set: 0.1ms
[2023-11-14T06:46:30.395+0000][gc,phases    ] GC(2)   Other: 0.2ms
[2023-11-14T06:46:30.395+0000][gc,heap      ] GC(2) Eden regions: 1->0(24)
[2023-11-14T06:46:30.395+0000][gc,heap      ] GC(2) Survivor regions: 1->1(4)
[2023-11-14T06:46:30.395+0000][gc,heap      ] GC(2) Old regions: 7->7
[2023-11-14T06:46:30.395+0000][gc,heap      ] GC(2) Humongous regions: 0->0
[2023-11-14T06:46:30.395+0000][gc,metaspace ] GC(2) Metaspace: 20818K(21296K)->20818K(21296K) NonClass: 18603K(18864K)->18603K(18864K) Class: 2214K(2432K)->2214K(2432K)
[2023-11-14T06:46:30.395+0000][gc           ] GC(2) Pause Young (Concurrent Start) (Metadata GC Threshold) 8M->7M(512M) 2.994ms
[2023-11-14T06:46:30.395+0000][gc,cpu       ] GC(2) User=0.00s Sys=0.01s Real=0.01s
[2023-11-14T06:46:30.395+0000][gc           ] GC(3) Concurrent Cycle
[2023-11-14T06:46:30.395+0000][gc,marking   ] GC(3) Concurrent Clear Claimed Marks
[2023-11-14T06:46:30.395+0000][gc,marking   ] GC(3) Concurrent Clear Claimed Marks 0.016ms
[2023-11-14T06:46:30.395+0000][gc,marking   ] GC(3) Concurrent Scan Root Regions
[2023-11-14T06:46:30.396+0000][gc,marking   ] GC(3) Concurrent Scan Root Regions 0.506ms
[2023-11-14T06:46:30.396+0000][gc,marking   ] GC(3) Concurrent Mark (1.831s)
[2023-11-14T06:46:30.396+0000][gc,marking   ] GC(3) Concurrent Mark From Roots
[2023-11-14T06:46:30.396+0000][gc,task      ] GC(3) Using 1 workers of 1 for marking
[2023-11-14T06:46:30.415+0000][gc,marking   ] GC(3) Concurrent Mark From Roots 18.715ms
[2023-11-14T06:46:30.415+0000][gc,marking   ] GC(3) Concurrent Preclean
[2023-11-14T06:46:30.415+0000][gc,marking   ] GC(3) Concurrent Preclean 0.046ms
[2023-11-14T06:46:30.415+0000][gc,marking   ] GC(3) Concurrent Mark (1.831s, 1.849s) 18.807ms
[2023-11-14T06:46:30.415+0000][gc,start     ] GC(3) Pause Remark
[2023-11-14T06:46:30.419+0000][gc,stringtable] GC(3) Cleaned string and symbol table, strings: 7961 processed, 10 removed, symbols: 66533 processed, 31 removed
[2023-11-14T06:46:30.419+0000][gc            ] GC(3) Pause Remark 8M->8M(512M) 4.010ms
[2023-11-14T06:46:30.419+0000][gc,cpu        ] GC(3) User=0.00s Sys=0.00s Real=0.00s
[2023-11-14T06:46:30.419+0000][gc,marking    ] GC(3) Concurrent Rebuild Remembered Sets
[2023-11-14T06:46:30.422+0000][gc,marking    ] GC(3) Concurrent Rebuild Remembered Sets 3.696ms
[2023-11-14T06:46:30.423+0000][gc,start      ] GC(3) Pause Cleanup
[2023-11-14T06:46:30.423+0000][gc            ] GC(3) Pause Cleanup 8M->8M(512M) 0.095ms
[2023-11-14T06:46:30.423+0000][gc,cpu        ] GC(3) User=0.00s Sys=0.00s Real=0.00s
[2023-11-14T06:46:30.423+0000][gc,marking    ] GC(3) Concurrent Cleanup for Next Mark
[2023-11-14T06:46:30.441+0000][gc,marking    ] GC(3) Concurrent Cleanup for Next Mark 18.831ms
[2023-11-14T06:46:30.442+0000][gc            ] GC(3) Concurrent Cycle 46.241ms
[2023-11-14T06:46:30.917+0000][gc,start      ] GC(4) Pause Young (Normal) (G1 Evacuation Pause)
[2023-11-14T06:46:30.917+0000][gc,task       ] GC(4) Using 1 workers of 1 for evacuation
[2023-11-14T06:46:30.923+0000][gc,phases     ] GC(4)   Pre Evacuate Collection Set: 0.0ms
[2023-11-14T06:46:30.923+0000][gc,phases     ] GC(4)   Evacuate Collection Set: 5.5ms
[2023-11-14T06:46:30.923+0000][gc,phases     ] GC(4)   Post Evacuate Collection Set: 0.2ms
[2023-11-14T06:46:30.923+0000][gc,phases     ] GC(4)   Other: 0.1ms
[2023-11-14T06:46:30.923+0000][gc,heap       ] GC(4) Eden regions: 24->0(23)
[2023-11-14T06:46:30.923+0000][gc,heap       ] GC(4) Survivor regions: 1->2(4)
[2023-11-14T06:46:30.923+0000][gc,heap       ] GC(4) Old regions: 7->7
[2023-11-14T06:46:30.923+0000][gc,heap       ] GC(4) Humongous regions: 0->0
[2023-11-14T06:46:30.923+0000][gc,metaspace  ] GC(4) Metaspace: 25348K(26032K)->25348K(26032K) NonClass: 22628K(22960K)->22628K(22960K) Class: 2720K(3072K)->2720K(3072K)
[2023-11-14T06:46:30.923+0000][gc            ] GC(4) Pause Young (Normal) (G1 Evacuation Pause) 31M->8M(512M) 5.964ms
[2023-11-14T06:46:30.923+0000][gc,cpu        ] GC(4) User=0.00s Sys=0.01s Real=0.00s
[2023-11-14T06:46:31.350+0000][gc,start      ] GC(5) Pause Young (Normal) (G1 Evacuation Pause)
[2023-11-14T06:46:31.350+0000][gc,task       ] GC(5) Using 1 workers of 1 for evacuation
[2023-11-14T06:46:31.357+0000][gc,phases     ] GC(5)   Pre Evacuate Collection Set: 0.0ms
[2023-11-14T06:46:31.357+0000][gc,phases     ] GC(5)   Evacuate Collection Set: 7.6ms
[2023-11-14T06:46:31.357+0000][gc,phases     ] GC(5)   Post Evacuate Collection Set: 0.2ms
[2023-11-14T06:46:31.358+0000][gc,phases     ] GC(5)   Other: 0.2ms
[2023-11-14T06:46:31.358+0000][gc,heap       ] GC(5) Eden regions: 23->0(22)
[2023-11-14T06:46:31.358+0000][gc,heap       ] GC(5) Survivor regions: 2->3(4)
[2023-11-14T06:46:31.358+0000][gc,heap       ] GC(5) Old regions: 7->7
[2023-11-14T06:46:31.358+0000][gc,heap       ] GC(5) Humongous regions: 0->0
[2023-11-14T06:46:31.358+0000][gc,metaspace  ] GC(5) Metaspace: 29024K(30000K)->29024K(30000K) NonClass: 25908K(26544K)->25908K(26544K) Class: 3116K(3456K)->3116K(3456K)
[2023-11-14T06:46:31.358+0000][gc            ] GC(5) Pause Young (Normal) (G1 Evacuation Pause) 31M->9M(512M) 8.016ms
[2023-11-14T06:46:31.358+0000][gc,cpu        ] GC(5) User=0.01s Sys=0.00s Real=0.01s
[2023-11-14T06:46:31.985+0000][gc,start      ] GC(6) Pause Young (Normal) (G1 Evacuation Pause)
[2023-11-14T06:46:31.985+0000][gc,task       ] GC(6) Using 1 workers of 1 for evacuation
[2023-11-14T06:46:31.997+0000][gc,phases     ] GC(6)   Pre Evacuate Collection Set: 0.0ms
[2023-11-14T06:46:31.997+0000][gc,phases     ] GC(6)   Evacuate Collection Set: 11.4ms
[2023-11-14T06:46:31.997+0000][gc,phases     ] GC(6)   Post Evacuate Collection Set: 0.2ms
[2023-11-14T06:46:31.997+0000][gc,phases     ] GC(6)   Other: 0.2ms
[2023-11-14T06:46:31.997+0000][gc,heap       ] GC(6) Eden regions: 22->0(21)
[2023-11-14T06:46:31.997+0000][gc,heap       ] GC(6) Survivor regions: 3->4(4)
[2023-11-14T06:46:31.997+0000][gc,heap       ] GC(6) Old regions: 7->8
[2023-11-14T06:46:31.997+0000][gc,heap       ] GC(6) Humongous regions: 0->0
[2023-11-14T06:46:31.997+0000][gc,metaspace  ] GC(6) Metaspace: 33397K(34480K)->33397K(34480K) NonClass: 29769K(30384K)->29769K(30384K) Class: 3628K(4096K)->3628K(4096K)
[2023-11-14T06:46:31.997+0000][gc            ] GC(6) Pause Young (Normal) (G1 Evacuation Pause) 31M->10M(512M) 11.861ms
[2023-11-14T06:46:31.997+0000][gc,cpu        ] GC(6) User=0.01s Sys=0.00s Real=0.01s
[2023-11-14T06:46:32.164+0000][gc,start      ] GC(7) Pause Young (Concurrent Start) (Metadata GC Threshold)
[2023-11-14T06:46:32.164+0000][gc,task       ] GC(7) Using 1 workers of 1 for evacuation
[2023-11-14T06:46:32.185+0000][gc,mmu        ] GC(7) MMU target violated: 20.7ms (20.0ms/21.0ms)
[2023-11-14T06:46:32.185+0000][gc,phases     ] GC(7)   Pre Evacuate Collection Set: 0.1ms
[2023-11-14T06:46:32.185+0000][gc,phases     ] GC(7)   Evacuate Collection Set: 20.4ms
[2023-11-14T06:46:32.185+0000][gc,phases     ] GC(7)   Post Evacuate Collection Set: 0.1ms
[2023-11-14T06:46:32.185+0000][gc,phases     ] GC(7)   Other: 0.3ms
[2023-11-14T06:46:32.185+0000][gc,heap       ] GC(7) Eden regions: 7->0(23)
[2023-11-14T06:46:32.185+0000][gc,heap       ] GC(7) Survivor regions: 4->2(4)
[2023-11-14T06:46:32.185+0000][gc,heap       ] GC(7) Old regions: 8->10
[2023-11-14T06:46:32.185+0000][gc,heap       ] GC(7) Humongous regions: 0->0
[2023-11-14T06:46:32.185+0000][gc,metaspace  ] GC(7) Metaspace: 34846K(35888K)->34846K(35888K) NonClass: 31078K(31664K)->31078K(31664K) Class: 3768K(4224K)->3768K(4224K)
[2023-11-14T06:46:32.185+0000][gc            ] GC(7) Pause Young (Concurrent Start) (Metadata GC Threshold) 17M->10M(512M) 20.941ms
[2023-11-14T06:46:32.185+0000][gc,cpu        ] GC(7) User=0.02s Sys=0.00s Real=0.02s
[2023-11-14T06:46:32.185+0000][gc            ] GC(8) Concurrent Cycle
[2023-11-14T06:46:32.185+0000][gc,marking    ] GC(8) Concurrent Clear Claimed Marks
[2023-11-14T06:46:32.185+0000][gc,marking    ] GC(8) Concurrent Clear Claimed Marks 0.032ms
[2023-11-14T06:46:32.185+0000][gc,marking    ] GC(8) Concurrent Scan Root Regions
[2023-11-14T06:46:32.186+0000][gc,marking    ] GC(8) Concurrent Scan Root Regions 1.138ms
[2023-11-14T06:46:32.186+0000][gc,marking    ] GC(8) Concurrent Mark (3.621s)
[2023-11-14T06:46:32.186+0000][gc,marking    ] GC(8) Concurrent Mark From Roots
[2023-11-14T06:46:32.186+0000][gc,task       ] GC(8) Using 1 workers of 1 for marking
[2023-11-14T06:46:32.225+0000][gc,marking    ] GC(8) Concurrent Mark From Roots 38.931ms
[2023-11-14T06:46:32.225+0000][gc,marking    ] GC(8) Concurrent Preclean
[2023-11-14T06:46:32.225+0000][gc,marking    ] GC(8) Concurrent Preclean 0.042ms
[2023-11-14T06:46:32.225+0000][gc,marking    ] GC(8) Concurrent Mark (3.621s, 3.660s) 39.016ms
[2023-11-14T06:46:32.225+0000][gc,start      ] GC(8) Pause Remark
[2023-11-14T06:46:32.231+0000][gc,stringtable] GC(8) Cleaned string and symbol table, strings: 12185 processed, 2 removed, symbols: 100345 processed, 24 removed
[2023-11-14T06:46:32.243+0000][gc            ] GC(8) Pause Remark 12M->12M(512M) 18.089ms
[2023-11-14T06:46:32.243+0000][gc,cpu        ] GC(8) User=0.02s Sys=0.00s Real=0.02s
[2023-11-14T06:46:32.243+0000][gc,marking    ] GC(8) Concurrent Rebuild Remembered Sets
[2023-11-14T06:46:32.250+0000][gc,marking    ] GC(8) Concurrent Rebuild Remembered Sets 6.983ms
[2023-11-14T06:46:32.253+0000][gc,start      ] GC(8) Pause Cleanup
[2023-11-14T06:46:32.253+0000][gc            ] GC(8) Pause Cleanup 12M->12M(512M) 0.113ms
[2023-11-14T06:46:32.253+0000][gc,cpu        ] GC(8) User=0.00s Sys=0.00s Real=0.01s
[2023-11-14T06:46:32.253+0000][gc,marking    ] GC(8) Concurrent Cleanup for Next Mark
[2023-11-14T06:46:32.267+0000][gc,marking    ] GC(8) Concurrent Cleanup for Next Mark 14.097ms
[2023-11-14T06:46:32.267+0000][gc            ] GC(8) Concurrent Cycle 82.518ms
[2023-11-14T06:46:32.748+0000][gc,start      ] GC(9) Pause Young (Concurrent Start) (G1 Evacuation Pause)
[2023-11-14T06:46:32.748+0000][gc,task       ] GC(9) Using 1 workers of 1 for evacuation
[2023-11-14T06:46:32.757+0000][gc,phases     ] GC(9)   Pre Evacuate Collection Set: 0.1ms
[2023-11-14T06:46:32.757+0000][gc,phases     ] GC(9)   Evacuate Collection Set: 8.8ms
[2023-11-14T06:46:32.757+0000][gc,phases     ] GC(9)   Post Evacuate Collection Set: 0.2ms
[2023-11-14T06:46:32.757+0000][gc,phases     ] GC(9)   Other: 0.2ms
[2023-11-14T06:46:32.757+0000][gc,heap       ] GC(9) Eden regions: 23->0(22)
[2023-11-14T06:46:32.757+0000][gc,heap       ] GC(9) Survivor regions: 2->3(4)
[2023-11-14T06:46:32.757+0000][gc,heap       ] GC(9) Old regions: 10->10
[2023-11-14T06:46:32.757+0000][gc,heap       ] GC(9) Humongous regions: 9->9
[2023-11-14T06:46:32.757+0000][gc,metaspace  ] GC(9) Metaspace: 38825K(40368K)->38825K(40368K) NonClass: 34569K(35504K)->34569K(35504K) Class: 4256K(4864K)->4256K(4864K)
[2023-11-14T06:46:32.757+0000][gc            ] GC(9) Pause Young (Concurrent Start) (G1 Evacuation Pause) 42M->20M(512M) 9.331ms
[2023-11-14T06:46:32.757+0000][gc,cpu        ] GC(9) User=0.01s Sys=0.00s Real=0.01s
[2023-11-14T06:46:32.757+0000][gc            ] GC(10) Concurrent Cycle
[2023-11-14T06:46:32.757+0000][gc,marking    ] GC(10) Concurrent Clear Claimed Marks
[2023-11-14T06:46:32.757+0000][gc,marking    ] GC(10) Concurrent Clear Claimed Marks 0.033ms
[2023-11-14T06:46:32.757+0000][gc,marking    ] GC(10) Concurrent Scan Root Regions
[2023-11-14T06:46:32.759+0000][gc,marking    ] GC(10) Concurrent Scan Root Regions 1.663ms
[2023-11-14T06:46:32.759+0000][gc,marking    ] GC(10) Concurrent Mark (4.194s)
[2023-11-14T06:46:32.759+0000][gc,marking    ] GC(10) Concurrent Mark From Roots
[2023-11-14T06:46:32.759+0000][gc,task       ] GC(10) Using 1 workers of 1 for marking
[2023-11-14T06:46:32.786+0000][gc,marking    ] GC(10) Concurrent Mark From Roots 27.194ms
[2023-11-14T06:46:32.786+0000][gc,marking    ] GC(10) Concurrent Preclean
[2023-11-14T06:46:32.786+0000][gc,marking    ] GC(10) Concurrent Preclean 0.044ms
[2023-11-14T06:46:32.786+0000][gc,marking    ] GC(10) Concurrent Mark (4.194s, 4.221s) 27.272ms
[2023-11-14T06:46:32.786+0000][gc,start      ] GC(10) Pause Remark
[2023-11-14T06:46:32.793+0000][gc,stringtable] GC(10) Cleaned string and symbol table, strings: 12930 processed, 8 removed, symbols: 110278 processed, 11 removed
[2023-11-14T06:46:32.793+0000][gc            ] GC(10) Pause Remark 22M->22M(512M) 6.393ms
[2023-11-14T06:46:32.793+0000][gc,cpu        ] GC(10) User=0.01s Sys=0.00s Real=0.00s
[2023-11-14T06:46:32.793+0000][gc,marking    ] GC(10) Concurrent Rebuild Remembered Sets
[2023-11-14T06:46:32.806+0000][gc,marking    ] GC(10) Concurrent Rebuild Remembered Sets 12.948ms
[2023-11-14T06:46:32.806+0000][gc,start      ] GC(10) Pause Cleanup
[2023-11-14T06:46:32.806+0000][gc            ] GC(10) Pause Cleanup 22M->22M(512M) 0.082ms
[2023-11-14T06:46:32.806+0000][gc,cpu        ] GC(10) User=0.00s Sys=0.00s Real=0.00s
[2023-11-14T06:46:32.806+0000][gc,marking    ] GC(10) Concurrent Cleanup for Next Mark
[2023-11-14T06:46:32.817+0000][gc,marking    ] GC(10) Concurrent Cleanup for Next Mark 10.619ms
[2023-11-14T06:46:32.817+0000][gc            ] GC(10) Concurrent Cycle 59.670ms
[2023-11-14T06:46:33.290+0000][gc,start      ] GC(11) Pause Young (Normal) (G1 Evacuation Pause)
[2023-11-14T06:46:33.290+0000][gc,task       ] GC(11) Using 1 workers of 1 for evacuation
[2023-11-14T06:46:33.306+0000][gc,phases     ] GC(11)   Pre Evacuate Collection Set: 0.0ms
[2023-11-14T06:46:33.306+0000][gc,phases     ] GC(11)   Evacuate Collection Set: 15.1ms
[2023-11-14T06:46:33.306+0000][gc,phases     ] GC(11)   Post Evacuate Collection Set: 0.2ms
[2023-11-14T06:46:33.306+0000][gc,phases     ] GC(11)   Other: 0.2ms
[2023-11-14T06:46:33.306+0000][gc,heap       ] GC(11) Eden regions: 22->0(21)
[2023-11-14T06:46:33.306+0000][gc,heap       ] GC(11) Survivor regions: 3->4(4)
[2023-11-14T06:46:33.306+0000][gc,heap       ] GC(11) Old regions: 10->11
[2023-11-14T06:46:33.306+0000][gc,heap       ] GC(11) Humongous regions: 9->9
[2023-11-14T06:46:33.306+0000][gc,metaspace  ] GC(11) Metaspace: 42140K(43696K)->42140K(43696K) NonClass: 37641K(38576K)->37641K(38576K) Class: 4499K(5120K)->4499K(5120K)
[2023-11-14T06:46:33.306+0000][gc            ] GC(11) Pause Young (Normal) (G1 Evacuation Pause) 42M->23M(512M) 15.589ms
[2023-11-14T06:46:33.306+0000][gc,cpu        ] GC(11) User=0.01s Sys=0.00s Real=0.02s
[2023-11-14T06:48:03.653+0000][gc,start      ] GC(12) Pause Young (Normal) (G1 Evacuation Pause)
[2023-11-14T06:48:03.653+0000][gc,task       ] GC(12) Using 1 workers of 1 for evacuation
[2023-11-14T06:48:03.668+0000][gc,phases     ] GC(12)   Pre Evacuate Collection Set: 0.0ms
[2023-11-14T06:48:03.668+0000][gc,phases     ] GC(12)   Evacuate Collection Set: 15.2ms
[2023-11-14T06:48:03.668+0000][gc,phases     ] GC(12)   Post Evacuate Collection Set: 0.3ms
[2023-11-14T06:48:03.668+0000][gc,phases     ] GC(12)   Other: 0.2ms
[2023-11-14T06:48:03.668+0000][gc,heap       ] GC(12) Eden regions: 21->0(23)
[2023-11-14T06:48:03.669+0000][gc,heap       ] GC(12) Survivor regions: 4->2(4)
[2023-11-14T06:48:03.669+0000][gc,heap       ] GC(12) Old regions: 11->15
[2023-11-14T06:48:03.669+0000][gc,heap       ] GC(12) Humongous regions: 138->138
[2023-11-14T06:48:03.669+0000][gc,metaspace  ] GC(12) Metaspace: 45163K(46896K)->45163K(46896K) NonClass: 40230K(41136K)->40230K(41136K) Class: 4933K(5760K)->4933K(5760K)
[2023-11-14T06:48:03.669+0000][gc            ] GC(12) Pause Young (Normal) (G1 Evacuation Pause) 173M->153M(512M) 15.813ms
[2023-11-14T06:48:03.669+0000][gc,cpu        ] GC(12) User=0.01s Sys=0.00s Real=0.02s
[2023-11-14T06:48:58.170+0000][gc,heap,exit  ] Heap
[2023-11-14T06:48:58.170+0000][gc,heap,exit  ]  garbage-first heap   total 524288K, used 171971K [0x00000000e0000000, 0x0000000100000000)
[2023-11-14T06:48:58.170+0000][gc,heap,exit  ]   region size 1024K, 17 young (17408K), 2 survivors (2048K)
[2023-11-14T06:48:58.170+0000][gc,heap,exit  ]  Metaspace       used 46303K, capacity 48031K, committed 48176K, reserved 1091584K
[2023-11-14T06:48:58.170+0000][gc,heap,exit  ]   class space    used 5145K, capacity 5938K, committed 6016K, reserved 1048576K
