[2023-11-17T01:53:43.537+0000][gc,heap] Heap region size: 1M
[2023-11-17T01:53:43.548+0000][gc     ] Using G1
[2023-11-17T01:53:43.548+0000][gc,heap,coops] Heap address: 0x00000000e0000000, size: 512 MB, Compressed Oops mode: 32-bit
[2023-11-17T01:53:43.548+0000][gc,cds       ] Mark closed archive regions in map: [0x00000000fff00000, 0x00000000fff6bff8]
[2023-11-17T01:53:43.548+0000][gc,cds       ] Mark open archive regions in map: [0x00000000ffe00000, 0x00000000ffe47ff8]
[2023-11-17T01:53:44.455+0000][gc,start     ] GC(0) Pause Young (Normal) (G1 Evacuation Pause)
[2023-11-17T01:53:44.455+0000][gc,task      ] GC(0) Using 2 workers of 2 for evacuation
[2023-11-17T01:53:44.469+0000][gc,phases    ] GC(0)   Pre Evacuate Collection Set: 0.0ms
[2023-11-17T01:53:44.469+0000][gc,phases    ] GC(0)   Evacuate Collection Set: 13.8ms
[2023-11-17T01:53:44.469+0000][gc,phases    ] GC(0)   Post Evacuate Collection Set: 0.4ms
[2023-11-17T01:53:44.469+0000][gc,phases    ] GC(0)   Other: 0.3ms
[2023-11-17T01:53:44.469+0000][gc,heap      ] GC(0) Eden regions: 25->0(21)
[2023-11-17T01:53:44.469+0000][gc,heap      ] GC(0) Survivor regions: 0->4(4)
[2023-11-17T01:53:44.469+0000][gc,heap      ] GC(0) Old regions: 2->5
[2023-11-17T01:53:44.469+0000][gc,heap      ] GC(0) Humongous regions: 0->0
[2023-11-17T01:53:44.469+0000][gc,metaspace ] GC(0) Metaspace: 7745K(8192K)->7745K(8192K) NonClass: 6909K(7168K)->6909K(7168K) Class: 835K(1024K)->835K(1024K)
[2023-11-17T01:53:44.469+0000][gc           ] GC(0) Pause Young (Normal) (G1 Evacuation Pause) 25M->6M(512M) 14.530ms
[2023-11-17T01:53:44.469+0000][gc,cpu       ] GC(0) User=0.03s Sys=0.00s Real=0.01s
[2023-11-17T01:53:44.789+0000][gc,start     ] GC(1) Pause Young (Normal) (G1 Evacuation Pause)
[2023-11-17T01:53:44.789+0000][gc,task      ] GC(1) Using 2 workers of 2 for evacuation
[2023-11-17T01:53:44.803+0000][gc,phases    ] GC(1)   Pre Evacuate Collection Set: 0.0ms
[2023-11-17T01:53:44.803+0000][gc,phases    ] GC(1)   Evacuate Collection Set: 13.3ms
[2023-11-17T01:53:44.803+0000][gc,phases    ] GC(1)   Post Evacuate Collection Set: 0.3ms
[2023-11-17T01:53:44.803+0000][gc,phases    ] GC(1)   Other: 0.1ms
[2023-11-17T01:53:44.803+0000][gc,heap      ] GC(1) Eden regions: 21->0(24)
[2023-11-17T01:53:44.803+0000][gc,heap      ] GC(1) Survivor regions: 4->1(4)
[2023-11-17T01:53:44.803+0000][gc,heap      ] GC(1) Old regions: 5->9
[2023-11-17T01:53:44.803+0000][gc,heap      ] GC(1) Humongous regions: 0->0
[2023-11-17T01:53:44.803+0000][gc,metaspace ] GC(1) Metaspace: 13000K(13568K)->13000K(13568K) NonClass: 11453K(11776K)->11453K(11776K) Class: 1546K(1792K)->1546K(1792K)
[2023-11-17T01:53:44.803+0000][gc           ] GC(1) Pause Young (Normal) (G1 Evacuation Pause) 27M->7M(512M) 13.845ms
[2023-11-17T01:53:44.803+0000][gc,cpu       ] GC(1) User=0.03s Sys=0.00s Real=0.01s
[2023-11-17T01:53:45.222+0000][gc,start     ] GC(2) Pause Young (Normal) (G1 Evacuation Pause)
[2023-11-17T01:53:45.223+0000][gc,task      ] GC(2) Using 2 workers of 2 for evacuation
[2023-11-17T01:53:45.234+0000][gc,phases    ] GC(2)   Pre Evacuate Collection Set: 0.0ms
[2023-11-17T01:53:45.234+0000][gc,phases    ] GC(2)   Evacuate Collection Set: 10.9ms
[2023-11-17T01:53:45.234+0000][gc,phases    ] GC(2)   Post Evacuate Collection Set: 0.3ms
[2023-11-17T01:53:45.234+0000][gc,phases    ] GC(2)   Other: 2.2ms
[2023-11-17T01:53:45.234+0000][gc,heap      ] GC(2) Eden regions: 24->0(23)
[2023-11-17T01:53:45.234+0000][gc,heap      ] GC(2) Survivor regions: 1->2(4)
[2023-11-17T01:53:45.234+0000][gc,heap      ] GC(2) Old regions: 9->9
[2023-11-17T01:53:45.234+0000][gc,heap      ] GC(2) Humongous regions: 0->0
[2023-11-17T01:53:45.234+0000][gc,metaspace ] GC(2) Metaspace: 17696K(18432K)->17696K(18432K) NonClass: 15656K(16128K)->15656K(16128K) Class: 2040K(2304K)->2040K(2304K)
[2023-11-17T01:53:45.234+0000][gc           ] GC(2) Pause Young (Normal) (G1 Evacuation Pause) 31M->8M(512M) 11.508ms
[2023-11-17T01:53:45.234+0000][gc,cpu       ] GC(2) User=0.02s Sys=0.00s Real=0.02s
[2023-11-17T01:53:45.407+0000][gc,start     ] GC(3) Pause Young (Concurrent Start) (Metadata GC Threshold)
[2023-11-17T01:53:45.407+0000][gc,task      ] GC(3) Using 2 workers of 2 for evacuation
[2023-11-17T01:53:45.418+0000][gc,phases    ] GC(3)   Pre Evacuate Collection Set: 0.2ms
[2023-11-17T01:53:45.418+0000][gc,phases    ] GC(3)   Evacuate Collection Set: 10.4ms
[2023-11-17T01:53:45.418+0000][gc,phases    ] GC(3)   Post Evacuate Collection Set: 0.2ms
[2023-11-17T01:53:45.418+0000][gc,phases    ] GC(3)   Other: 0.2ms
[2023-11-17T01:53:45.418+0000][gc,heap      ] GC(3) Eden regions: 15->0(23)
[2023-11-17T01:53:45.418+0000][gc,heap      ] GC(3) Survivor regions: 2->2(4)
[2023-11-17T01:53:45.418+0000][gc,heap      ] GC(3) Old regions: 9->9
[2023-11-17T01:53:45.418+0000][gc,heap      ] GC(3) Humongous regions: 0->0
[2023-11-17T01:53:45.418+0000][gc,metaspace ] GC(3) Metaspace: 20392K(21248K)->20392K(21248K) NonClass: 18143K(18688K)->18143K(18688K) Class: 2248K(2560K)->2248K(2560K)
[2023-11-17T01:53:45.418+0000][gc           ] GC(3) Pause Young (Concurrent Start) (Metadata GC Threshold) 23M->9M(512M) 11.146ms
[2023-11-17T01:53:45.418+0000][gc,cpu       ] GC(3) User=0.02s Sys=0.01s Real=0.01s
[2023-11-17T01:53:45.421+0000][gc           ] GC(4) Concurrent Cycle
[2023-11-17T01:53:45.421+0000][gc,marking   ] GC(4) Concurrent Clear Claimed Marks
[2023-11-17T01:53:45.421+0000][gc,marking   ] GC(4) Concurrent Clear Claimed Marks 0.043ms
[2023-11-17T01:53:45.421+0000][gc,marking   ] GC(4) Concurrent Scan Root Regions
[2023-11-17T01:53:45.423+0000][gc,marking   ] GC(4) Concurrent Scan Root Regions 2.258ms
[2023-11-17T01:53:45.423+0000][gc,marking   ] GC(4) Concurrent Mark (1.889s)
[2023-11-17T01:53:45.423+0000][gc,marking   ] GC(4) Concurrent Mark From Roots
[2023-11-17T01:53:45.423+0000][gc,task      ] GC(4) Using 1 workers of 1 for marking
[2023-11-17T01:53:45.464+0000][gc,marking   ] GC(4) Concurrent Mark From Roots 40.896ms
[2023-11-17T01:53:45.464+0000][gc,marking   ] GC(4) Concurrent Preclean
[2023-11-17T01:53:45.464+0000][gc,marking   ] GC(4) Concurrent Preclean 0.130ms
[2023-11-17T01:53:45.464+0000][gc,marking   ] GC(4) Concurrent Mark (1.889s, 1.930s) 41.084ms
[2023-11-17T01:53:45.467+0000][gc,start     ] GC(4) Pause Remark
[2023-11-17T01:53:45.472+0000][gc,stringtable] GC(4) Cleaned string and symbol table, strings: 5855 processed, 9 removed, symbols: 48067 processed, 40 removed
[2023-11-17T01:53:45.473+0000][gc            ] GC(4) Pause Remark 11M->11M(512M) 5.052ms
[2023-11-17T01:53:45.473+0000][gc,cpu        ] GC(4) User=0.01s Sys=0.00s Real=0.00s
[2023-11-17T01:53:45.473+0000][gc,marking    ] GC(4) Concurrent Rebuild Remembered Sets
[2023-11-17T01:53:45.479+0000][gc,marking    ] GC(4) Concurrent Rebuild Remembered Sets 6.748ms
[2023-11-17T01:53:45.480+0000][gc,start      ] GC(4) Pause Cleanup
[2023-11-17T01:53:45.480+0000][gc            ] GC(4) Pause Cleanup 11M->11M(512M) 0.127ms
[2023-11-17T01:53:45.480+0000][gc,cpu        ] GC(4) User=0.00s Sys=0.00s Real=0.00s
[2023-11-17T01:53:45.480+0000][gc,marking    ] GC(4) Concurrent Cleanup for Next Mark
[2023-11-17T01:53:45.494+0000][gc,marking    ] GC(4) Concurrent Cleanup for Next Mark 14.497ms
[2023-11-17T01:53:45.494+0000][gc            ] GC(4) Concurrent Cycle 73.722ms
[2023-11-17T01:53:46.038+0000][gc,start      ] GC(5) Pause Young (Concurrent Start) (G1 Evacuation Pause)
[2023-11-17T01:53:46.038+0000][gc,task       ] GC(5) Using 2 workers of 2 for evacuation
[2023-11-17T01:53:46.054+0000][gc,phases     ] GC(5)   Pre Evacuate Collection Set: 0.1ms
[2023-11-17T01:53:46.054+0000][gc,phases     ] GC(5)   Evacuate Collection Set: 15.2ms
[2023-11-17T01:53:46.054+0000][gc,phases     ] GC(5)   Post Evacuate Collection Set: 0.4ms
[2023-11-17T01:53:46.054+0000][gc,phases     ] GC(5)   Other: 0.2ms
[2023-11-17T01:53:46.054+0000][gc,heap       ] GC(5) Eden regions: 23->0(21)
[2023-11-17T01:53:46.054+0000][gc,heap       ] GC(5) Survivor regions: 2->4(4)
[2023-11-17T01:53:46.054+0000][gc,heap       ] GC(5) Old regions: 9->9
[2023-11-17T01:53:46.054+0000][gc,heap       ] GC(5) Humongous regions: 0->0
[2023-11-17T01:53:46.054+0000][gc,metaspace  ] GC(5) Metaspace: 23280K(24448K)->23280K(24448K) NonClass: 20554K(21248K)->20554K(21248K) Class: 2726K(3200K)->2726K(3200K)
[2023-11-17T01:53:46.054+0000][gc            ] GC(5) Pause Young (Concurrent Start) (G1 Evacuation Pause) 32M->10M(512M) 15.997ms
[2023-11-17T01:53:46.054+0000][gc,cpu        ] GC(5) User=0.03s Sys=0.00s Real=0.02s
[2023-11-17T01:53:46.054+0000][gc            ] GC(6) Concurrent Cycle
[2023-11-17T01:53:46.054+0000][gc,marking    ] GC(6) Concurrent Clear Claimed Marks
[2023-11-17T01:53:46.054+0000][gc,marking    ] GC(6) Concurrent Clear Claimed Marks 0.075ms
[2023-11-17T01:53:46.054+0000][gc,marking    ] GC(6) Concurrent Scan Root Regions
[2023-11-17T01:53:46.058+0000][gc,marking    ] GC(6) Concurrent Scan Root Regions 4.090ms
[2023-11-17T01:53:46.058+0000][gc,marking    ] GC(6) Concurrent Mark (2.525s)
[2023-11-17T01:53:46.058+0000][gc,marking    ] GC(6) Concurrent Mark From Roots
[2023-11-17T01:53:46.058+0000][gc,task       ] GC(6) Using 1 workers of 1 for marking
[2023-11-17T01:53:46.069+0000][gc,marking    ] GC(6) Concurrent Mark From Roots 10.987ms
[2023-11-17T01:53:46.069+0000][gc,marking    ] GC(6) Concurrent Preclean
[2023-11-17T01:53:46.070+0000][gc,marking    ] GC(6) Concurrent Preclean 0.223ms
[2023-11-17T01:53:46.070+0000][gc,marking    ] GC(6) Concurrent Mark (2.525s, 2.536s) 11.276ms
[2023-11-17T01:53:46.070+0000][gc,start      ] GC(6) Pause Remark
[2023-11-17T01:53:46.073+0000][gc,stringtable] GC(6) Cleaned string and symbol table, strings: 6988 processed, 1 removed, symbols: 52563 processed, 5 removed
[2023-11-17T01:53:46.073+0000][gc            ] GC(6) Pause Remark 11M->11M(512M) 3.518ms
[2023-11-17T01:53:46.073+0000][gc,cpu        ] GC(6) User=0.01s Sys=0.00s Real=0.00s
[2023-11-17T01:53:46.073+0000][gc,marking    ] GC(6) Concurrent Rebuild Remembered Sets
[2023-11-17T01:53:46.079+0000][gc,marking    ] GC(6) Concurrent Rebuild Remembered Sets 5.612ms
[2023-11-17T01:53:46.079+0000][gc,start      ] GC(6) Pause Cleanup
[2023-11-17T01:53:46.079+0000][gc            ] GC(6) Pause Cleanup 12M->12M(512M) 0.133ms
[2023-11-17T01:53:46.079+0000][gc,cpu        ] GC(6) User=0.00s Sys=0.00s Real=0.00s
[2023-11-17T01:53:46.079+0000][gc,marking    ] GC(6) Concurrent Cleanup for Next Mark
[2023-11-17T01:53:46.092+0000][gc,marking    ] GC(6) Concurrent Cleanup for Next Mark 12.983ms
[2023-11-17T01:53:46.092+0000][gc            ] GC(6) Concurrent Cycle 38.133ms
[2023-11-17T01:53:46.402+0000][gc,start      ] GC(7) Pause Young (Normal) (G1 Evacuation Pause)
[2023-11-17T01:53:46.402+0000][gc,task       ] GC(7) Using 2 workers of 2 for evacuation
[2023-11-17T01:53:46.413+0000][gc,phases     ] GC(7)   Pre Evacuate Collection Set: 0.0ms
[2023-11-17T01:53:46.413+0000][gc,phases     ] GC(7)   Evacuate Collection Set: 10.8ms
[2023-11-17T01:53:46.413+0000][gc,phases     ] GC(7)   Post Evacuate Collection Set: 0.3ms
[2023-11-17T01:53:46.413+0000][gc,phases     ] GC(7)   Other: 0.1ms
[2023-11-17T01:53:46.413+0000][gc,heap       ] GC(7) Eden regions: 21->0(23)
[2023-11-17T01:53:46.413+0000][gc,heap       ] GC(7) Survivor regions: 4->2(4)
[2023-11-17T01:53:46.413+0000][gc,heap       ] GC(7) Old regions: 9->11
[2023-11-17T01:53:46.413+0000][gc,heap       ] GC(7) Humongous regions: 0->0
[2023-11-17T01:53:46.413+0000][gc,metaspace  ] GC(7) Metaspace: 23293K(24448K)->23293K(24448K) NonClass: 20567K(21248K)->20567K(21248K) Class: 2726K(3200K)->2726K(3200K)
[2023-11-17T01:53:46.413+0000][gc            ] GC(7) Pause Young (Normal) (G1 Evacuation Pause) 31M->10M(512M) 11.383ms
[2023-11-17T01:53:46.413+0000][gc,cpu        ] GC(7) User=0.02s Sys=0.00s Real=0.01s
[2023-11-17T01:53:46.725+0000][gc,start      ] GC(8) Pause Young (Normal) (G1 Evacuation Pause)
[2023-11-17T01:53:46.725+0000][gc,task       ] GC(8) Using 2 workers of 2 for evacuation
[2023-11-17T01:53:46.730+0000][gc,phases     ] GC(8)   Pre Evacuate Collection Set: 0.0ms
[2023-11-17T01:53:46.730+0000][gc,phases     ] GC(8)   Evacuate Collection Set: 4.9ms
[2023-11-17T01:53:46.730+0000][gc,phases     ] GC(8)   Post Evacuate Collection Set: 0.3ms
[2023-11-17T01:53:46.730+0000][gc,phases     ] GC(8)   Other: 0.1ms
[2023-11-17T01:53:46.730+0000][gc,heap       ] GC(8) Eden regions: 23->0(23)
[2023-11-17T01:53:46.730+0000][gc,heap       ] GC(8) Survivor regions: 2->2(4)
[2023-11-17T01:53:46.730+0000][gc,heap       ] GC(8) Old regions: 11->11
[2023-11-17T01:53:46.730+0000][gc,heap       ] GC(8) Humongous regions: 0->0
[2023-11-17T01:53:46.730+0000][gc,metaspace  ] GC(8) Metaspace: 24806K(25856K)->24806K(25856K) NonClass: 21915K(22528K)->21915K(22528K) Class: 2890K(3328K)->2890K(3328K)
[2023-11-17T01:53:46.730+0000][gc            ] GC(8) Pause Young (Normal) (G1 Evacuation Pause) 33M->11M(512M) 5.471ms
[2023-11-17T01:53:46.730+0000][gc,cpu        ] GC(8) User=0.01s Sys=0.00s Real=0.01s
[2023-11-17T01:53:47.105+0000][gc,start      ] GC(9) Pause Young (Normal) (G1 Evacuation Pause)
[2023-11-17T01:53:47.105+0000][gc,task       ] GC(9) Using 2 workers of 2 for evacuation
[2023-11-17T01:53:47.119+0000][gc,phases     ] GC(9)   Pre Evacuate Collection Set: 0.0ms
[2023-11-17T01:53:47.120+0000][gc,phases     ] GC(9)   Evacuate Collection Set: 13.5ms
[2023-11-17T01:53:47.120+0000][gc,phases     ] GC(9)   Post Evacuate Collection Set: 0.3ms
[2023-11-17T01:53:47.120+0000][gc,phases     ] GC(9)   Other: 0.1ms
[2023-11-17T01:53:47.120+0000][gc,heap       ] GC(9) Eden regions: 23->0(22)
[2023-11-17T01:53:47.120+0000][gc,heap       ] GC(9) Survivor regions: 2->3(4)
[2023-11-17T01:53:47.120+0000][gc,heap       ] GC(9) Old regions: 11->11
[2023-11-17T01:53:47.120+0000][gc,heap       ] GC(9) Humongous regions: 9->9
[2023-11-17T01:53:47.120+0000][gc,metaspace  ] GC(9) Metaspace: 29687K(30848K)->29687K(30848K) NonClass: 26259K(26880K)->26259K(26880K) Class: 3427K(3968K)->3427K(3968K)
[2023-11-17T01:53:47.120+0000][gc            ] GC(9) Pause Young (Normal) (G1 Evacuation Pause) 43M->20M(512M) 14.155ms
[2023-11-17T01:53:47.120+0000][gc,cpu        ] GC(9) User=0.03s Sys=0.00s Real=0.01s
[2023-11-17T01:53:47.733+0000][gc,start      ] GC(10) Pause Young (Normal) (G1 Evacuation Pause)
[2023-11-17T01:53:47.733+0000][gc,task       ] GC(10) Using 2 workers of 2 for evacuation
[2023-11-17T01:53:47.750+0000][gc,phases     ] GC(10)   Pre Evacuate Collection Set: 0.0ms
[2023-11-17T01:53:47.750+0000][gc,phases     ] GC(10)   Evacuate Collection Set: 16.3ms
[2023-11-17T01:53:47.750+0000][gc,phases     ] GC(10)   Post Evacuate Collection Set: 0.4ms
[2023-11-17T01:53:47.750+0000][gc,phases     ] GC(10)   Other: 0.2ms
[2023-11-17T01:53:47.750+0000][gc,heap       ] GC(10) Eden regions: 22->0(22)
[2023-11-17T01:53:47.750+0000][gc,heap       ] GC(10) Survivor regions: 3->3(4)
[2023-11-17T01:53:47.750+0000][gc,heap       ] GC(10) Old regions: 11->12
[2023-11-17T01:53:47.750+0000][gc,heap       ] GC(10) Humongous regions: 9->9
[2023-11-17T01:53:47.750+0000][gc,metaspace  ] GC(10) Metaspace: 32583K(33920K)->32583K(33920K) NonClass: 28876K(29696K)->28876K(29696K) Class: 3706K(4224K)->3706K(4224K)
[2023-11-17T01:53:47.750+0000][gc            ] GC(10) Pause Young (Normal) (G1 Evacuation Pause) 42M->22M(512M) 17.036ms
[2023-11-17T01:53:47.750+0000][gc,cpu        ] GC(10) User=0.03s Sys=0.00s Real=0.02s
[2023-11-17T01:53:48.344+0000][gc,start      ] GC(11) Pause Young (Normal) (G1 Evacuation Pause)
[2023-11-17T01:53:48.344+0000][gc,task       ] GC(11) Using 2 workers of 2 for evacuation
[2023-11-17T01:53:48.360+0000][gc,phases     ] GC(11)   Pre Evacuate Collection Set: 0.0ms
[2023-11-17T01:53:48.360+0000][gc,phases     ] GC(11)   Evacuate Collection Set: 15.4ms
[2023-11-17T01:53:48.360+0000][gc,phases     ] GC(11)   Post Evacuate Collection Set: 0.4ms
[2023-11-17T01:53:48.360+0000][gc,phases     ] GC(11)   Other: 0.2ms
[2023-11-17T01:53:48.360+0000][gc,heap       ] GC(11) Eden regions: 22->0(21)
[2023-11-17T01:53:48.360+0000][gc,heap       ] GC(11) Survivor regions: 3->4(4)
[2023-11-17T01:53:48.360+0000][gc,heap       ] GC(11) Old regions: 12->13
[2023-11-17T01:53:48.360+0000][gc,heap       ] GC(11) Humongous regions: 9->9
[2023-11-17T01:53:48.360+0000][gc,metaspace  ] GC(11) Metaspace: 35963K(37504K)->35963K(37504K) NonClass: 31924K(32768K)->31924K(32768K) Class: 4038K(4736K)->4038K(4736K)
[2023-11-17T01:53:48.360+0000][gc            ] GC(11) Pause Young (Normal) (G1 Evacuation Pause) 44M->24M(512M) 16.074ms
[2023-11-17T01:53:48.361+0000][gc,cpu        ] GC(11) User=0.02s Sys=0.00s Real=0.02s
[2023-11-17T01:53:49.620+0000][gc,start      ] GC(12) Pause Young (Normal) (G1 Evacuation Pause)
[2023-11-17T01:53:49.620+0000][gc,task       ] GC(12) Using 2 workers of 2 for evacuation
[2023-11-17T01:53:49.639+0000][gc,phases     ] GC(12)   Pre Evacuate Collection Set: 0.0ms
[2023-11-17T01:53:49.639+0000][gc,phases     ] GC(12)   Evacuate Collection Set: 17.9ms
[2023-11-17T01:53:49.639+0000][gc,phases     ] GC(12)   Post Evacuate Collection Set: 0.4ms
[2023-11-17T01:53:49.639+0000][gc,phases     ] GC(12)   Other: 0.2ms
[2023-11-17T01:53:49.639+0000][gc,heap       ] GC(12) Eden regions: 21->0(21)
[2023-11-17T01:53:49.639+0000][gc,heap       ] GC(12) Survivor regions: 4->4(4)
[2023-11-17T01:53:49.639+0000][gc,heap       ] GC(12) Old regions: 13->15
[2023-11-17T01:53:49.639+0000][gc,heap       ] GC(12) Humongous regions: 138->138
[2023-11-17T01:53:49.639+0000][gc,metaspace  ] GC(12) Metaspace: 37504K(39296K)->37504K(39296K) NonClass: 33232K(34304K)->33232K(34304K) Class: 4272K(4992K)->4272K(4992K)
[2023-11-17T01:53:49.639+0000][gc            ] GC(12) Pause Young (Normal) (G1 Evacuation Pause) 174M->154M(512M) 18.673ms
[2023-11-17T01:53:49.639+0000][gc,cpu        ] GC(12) User=0.02s Sys=0.00s Real=0.02s
[2023-11-17T01:53:50.289+0000][gc,start      ] GC(13) Pause Young (Concurrent Start) (G1 Humongous Allocation)
[2023-11-17T01:53:50.289+0000][gc,task       ] GC(13) Using 2 workers of 2 for evacuation
[2023-11-17T01:53:50.306+0000][gc,phases     ] GC(13)   Pre Evacuate Collection Set: 0.2ms
[2023-11-17T01:53:50.306+0000][gc,phases     ] GC(13)   Evacuate Collection Set: 16.2ms
[2023-11-17T01:53:50.306+0000][gc,phases     ] GC(13)   Post Evacuate Collection Set: 0.4ms
[2023-11-17T01:53:50.306+0000][gc,phases     ] GC(13)   Other: 0.2ms
[2023-11-17T01:53:50.306+0000][gc,heap       ] GC(13) Eden regions: 12->0(22)
[2023-11-17T01:53:50.306+0000][gc,heap       ] GC(13) Survivor regions: 4->3(4)
[2023-11-17T01:53:50.306+0000][gc,heap       ] GC(13) Old regions: 15->17
[2023-11-17T01:53:50.306+0000][gc,heap       ] GC(13) Humongous regions: 162->138
[2023-11-17T01:53:50.306+0000][gc,metaspace  ] GC(13) Metaspace: 38306K(40064K)->38306K(40064K) NonClass: 33856K(34816K)->33856K(34816K) Class: 4449K(5248K)->4449K(5248K)
[2023-11-17T01:53:50.306+0000][gc            ] GC(13) Pause Young (Concurrent Start) (G1 Humongous Allocation) 190M->155M(512M) 17.151ms
[2023-11-17T01:53:50.306+0000][gc,cpu        ] GC(13) User=0.01s Sys=0.00s Real=0.02s
[2023-11-17T01:53:50.306+0000][gc            ] GC(14) Concurrent Cycle
[2023-11-17T01:53:50.306+0000][gc,marking    ] GC(14) Concurrent Clear Claimed Marks
[2023-11-17T01:53:50.306+0000][gc,marking    ] GC(14) Concurrent Clear Claimed Marks 0.143ms
[2023-11-17T01:53:50.307+0000][gc,marking    ] GC(14) Concurrent Scan Root Regions
[2023-11-17T01:53:50.311+0000][gc,marking    ] GC(14) Concurrent Scan Root Regions 4.931ms
[2023-11-17T01:53:50.311+0000][gc,marking    ] GC(14) Concurrent Mark (6.778s)
[2023-11-17T01:53:50.311+0000][gc,marking    ] GC(14) Concurrent Mark From Roots
[2023-11-17T01:53:50.311+0000][gc,task       ] GC(14) Using 1 workers of 1 for marking
[2023-11-17T01:53:50.422+0000][gc,marking    ] GC(14) Concurrent Mark From Roots 110.886ms
[2023-11-17T01:53:50.422+0000][gc,marking    ] GC(14) Concurrent Preclean
[2023-11-17T01:53:50.422+0000][gc,marking    ] GC(14) Concurrent Preclean 0.085ms
[2023-11-17T01:53:50.422+0000][gc,marking    ] GC(14) Concurrent Mark (6.778s, 6.889s) 111.013ms
[2023-11-17T01:53:50.437+0000][gc,start      ] GC(14) Pause Remark
[2023-11-17T01:53:50.454+0000][gc,stringtable] GC(14) Cleaned string and symbol table, strings: 10717 processed, 16 removed, symbols: 90685 processed, 18 removed
[2023-11-17T01:53:50.458+0000][gc,mmu        ] GC(14) MMU target violated: 20.7ms (20.0ms/21.0ms)
[2023-11-17T01:53:50.458+0000][gc            ] GC(14) Pause Remark 204M->204M(512M) 20.796ms
[2023-11-17T01:53:50.458+0000][gc,cpu        ] GC(14) User=0.03s Sys=0.00s Real=0.02s
[2023-11-17T01:53:50.458+0000][gc,marking    ] GC(14) Concurrent Rebuild Remembered Sets
[2023-11-17T01:53:50.508+0000][gc,marking    ] GC(14) Concurrent Rebuild Remembered Sets 49.847ms
[2023-11-17T01:53:50.512+0000][gc,start      ] GC(14) Pause Cleanup
[2023-11-17T01:53:50.512+0000][gc            ] GC(14) Pause Cleanup 222M->222M(512M) 0.325ms
[2023-11-17T01:53:50.512+0000][gc,cpu        ] GC(14) User=0.00s Sys=0.00s Real=0.00s
[2023-11-17T01:53:50.512+0000][gc,marking    ] GC(14) Concurrent Cleanup for Next Mark
[2023-11-17T01:53:50.535+0000][gc,marking    ] GC(14) Concurrent Cleanup for Next Mark 22.321ms
[2023-11-17T01:53:50.535+0000][gc            ] GC(14) Concurrent Cycle 228.496ms
[2023-11-17T01:54:15.923+0000][gc,start      ] GC(15) Pause Young (Normal) (G1 Evacuation Pause)
[2023-11-17T01:54:15.923+0000][gc,task       ] GC(15) Using 2 workers of 2 for evacuation
[2023-11-17T01:54:15.940+0000][gc,phases     ] GC(15)   Pre Evacuate Collection Set: 0.0ms
[2023-11-17T01:54:15.940+0000][gc,phases     ] GC(15)   Evacuate Collection Set: 16.8ms
[2023-11-17T01:54:15.940+0000][gc,phases     ] GC(15)   Post Evacuate Collection Set: 0.7ms
[2023-11-17T01:54:15.940+0000][gc,phases     ] GC(15)   Other: 0.2ms
[2023-11-17T01:54:15.940+0000][gc,heap       ] GC(15) Eden regions: 22->0(22)
[2023-11-17T01:54:15.940+0000][gc,heap       ] GC(15) Survivor regions: 3->3(4)
[2023-11-17T01:54:15.940+0000][gc,heap       ] GC(15) Old regions: 17->19
[2023-11-17T01:54:15.940+0000][gc,heap       ] GC(15) Humongous regions: 210->138
[2023-11-17T01:54:15.940+0000][gc,metaspace  ] GC(15) Metaspace: 41344K(43776K)->41344K(43776K) NonClass: 36297K(37632K)->36297K(37632K) Class: 5047K(6144K)->5047K(6144K)
[2023-11-17T01:54:15.940+0000][gc            ] GC(15) Pause Young (Normal) (G1 Evacuation Pause) 249M->157M(512M) 17.733ms
[2023-11-17T01:54:15.940+0000][gc,cpu        ] GC(15) User=0.03s Sys=0.00s Real=0.02s
[2023-11-17T01:55:18.556+0000][gc,start      ] GC(16) Pause Young (Normal) (G1 Evacuation Pause)
[2023-11-17T01:55:18.556+0000][gc,task       ] GC(16) Using 2 workers of 2 for evacuation
[2023-11-17T01:55:18.568+0000][gc,phases     ] GC(16)   Pre Evacuate Collection Set: 0.0ms
[2023-11-17T01:55:18.569+0000][gc,phases     ] GC(16)   Evacuate Collection Set: 11.6ms
[2023-11-17T01:55:18.569+0000][gc,phases     ] GC(16)   Post Evacuate Collection Set: 0.4ms
[2023-11-17T01:55:18.569+0000][gc,phases     ] GC(16)   Other: 0.3ms
[2023-11-17T01:55:18.569+0000][gc,heap       ] GC(16) Eden regions: 22->0(21)
[2023-11-17T01:55:18.569+0000][gc,heap       ] GC(16) Survivor regions: 3->4(4)
[2023-11-17T01:55:18.569+0000][gc,heap       ] GC(16) Old regions: 19->19
[2023-11-17T01:55:18.569+0000][gc,heap       ] GC(16) Humongous regions: 138->138
[2023-11-17T01:55:18.569+0000][gc,metaspace  ] GC(16) Metaspace: 42485K(44928K)->42485K(44928K) NonClass: 37355K(38656K)->37355K(38656K) Class: 5130K(6272K)->5130K(6272K)
[2023-11-17T01:55:18.569+0000][gc            ] GC(16) Pause Young (Normal) (G1 Evacuation Pause) 179M->158M(512M) 12.484ms
[2023-11-17T01:55:18.569+0000][gc,cpu        ] GC(16) User=0.02s Sys=0.00s Real=0.01s
[2023-11-17T01:56:28.256+0000][gc,start      ] GC(17) Pause Young (Normal) (G1 Evacuation Pause)
[2023-11-17T01:56:28.256+0000][gc,task       ] GC(17) Using 2 workers of 2 for evacuation
[2023-11-17T01:56:28.274+0000][gc,phases     ] GC(17)   Pre Evacuate Collection Set: 0.0ms
[2023-11-17T01:56:28.274+0000][gc,phases     ] GC(17)   Evacuate Collection Set: 17.3ms
[2023-11-17T01:56:28.274+0000][gc,phases     ] GC(17)   Post Evacuate Collection Set: 0.4ms
[2023-11-17T01:56:28.274+0000][gc,phases     ] GC(17)   Other: 0.3ms
[2023-11-17T01:56:28.274+0000][gc,heap       ] GC(17) Eden regions: 21->0(21)
[2023-11-17T01:56:28.274+0000][gc,heap       ] GC(17) Survivor regions: 4->4(4)
[2023-11-17T01:56:28.274+0000][gc,heap       ] GC(17) Old regions: 19->21
[2023-11-17T01:56:28.274+0000][gc,heap       ] GC(17) Humongous regions: 138->138
[2023-11-17T01:56:28.274+0000][gc,metaspace  ] GC(17) Metaspace: 42799K(45184K)->42799K(45184K) NonClass: 37669K(38912K)->37669K(38912K) Class: 5130K(6272K)->5130K(6272K)
[2023-11-17T01:56:28.274+0000][gc            ] GC(17) Pause Young (Normal) (G1 Evacuation Pause) 179M->160M(512M) 18.105ms
[2023-11-17T01:56:28.274+0000][gc,cpu        ] GC(17) User=0.04s Sys=0.00s Real=0.02s
[2023-11-17T01:57:40.202+0000][gc,start      ] GC(18) Pause Young (Normal) (G1 Evacuation Pause)
[2023-11-17T01:57:40.202+0000][gc,task       ] GC(18) Using 2 workers of 2 for evacuation
[2023-11-17T01:57:40.213+0000][gc,phases     ] GC(18)   Pre Evacuate Collection Set: 0.0ms
[2023-11-17T01:57:40.213+0000][gc,phases     ] GC(18)   Evacuate Collection Set: 10.0ms
[2023-11-17T01:57:40.213+0000][gc,phases     ] GC(18)   Post Evacuate Collection Set: 0.7ms
[2023-11-17T01:57:40.213+0000][gc,phases     ] GC(18)   Other: 0.2ms
[2023-11-17T01:57:40.213+0000][gc,heap       ] GC(18) Eden regions: 21->0(22)
[2023-11-17T01:57:40.213+0000][gc,heap       ] GC(18) Survivor regions: 4->3(4)
[2023-11-17T01:57:40.213+0000][gc,heap       ] GC(18) Old regions: 21->21
[2023-11-17T01:57:40.213+0000][gc,heap       ] GC(18) Humongous regions: 138->138
[2023-11-17T01:57:40.213+0000][gc,metaspace  ] GC(18) Metaspace: 42971K(45440K)->42971K(45440K) NonClass: 37834K(39168K)->37834K(39168K) Class: 5136K(6272K)->5136K(6272K)
[2023-11-17T01:57:40.213+0000][gc            ] GC(18) Pause Young (Normal) (G1 Evacuation Pause) 181M->160M(512M) 11.041ms
[2023-11-17T01:57:40.214+0000][gc,cpu        ] GC(18) User=0.02s Sys=0.00s Real=0.02s
[2023-11-17T01:58:40.937+0000][gc,start      ] GC(19) Pause Young (Normal) (G1 Evacuation Pause)
[2023-11-17T01:58:40.937+0000][gc,task       ] GC(19) Using 2 workers of 2 for evacuation
[2023-11-17T01:58:40.949+0000][gc,phases     ] GC(19)   Pre Evacuate Collection Set: 0.0ms
[2023-11-17T01:58:40.949+0000][gc,phases     ] GC(19)   Evacuate Collection Set: 11.5ms
[2023-11-17T01:58:40.949+0000][gc,phases     ] GC(19)   Post Evacuate Collection Set: 0.4ms
[2023-11-17T01:58:40.949+0000][gc,phases     ] GC(19)   Other: 0.3ms
[2023-11-17T01:58:40.949+0000][gc,heap       ] GC(19) Eden regions: 22->0(23)
[2023-11-17T01:58:40.949+0000][gc,heap       ] GC(19) Survivor regions: 3->2(4)
[2023-11-17T01:58:40.949+0000][gc,heap       ] GC(19) Old regions: 21->22
[2023-11-17T01:58:40.949+0000][gc,heap       ] GC(19) Humongous regions: 138->138
[2023-11-17T01:58:40.949+0000][gc,metaspace  ] GC(19) Metaspace: 43495K(46080K)->43495K(46080K) NonClass: 38264K(39680K)->38264K(39680K) Class: 5230K(6400K)->5230K(6400K)
[2023-11-17T01:58:40.949+0000][gc            ] GC(19) Pause Young (Normal) (G1 Evacuation Pause) 182M->160M(512M) 12.326ms
[2023-11-17T01:58:40.949+0000][gc,cpu        ] GC(19) User=0.02s Sys=0.01s Real=0.01s
[2023-11-17T01:58:41.438+0000][gc,heap,exit  ] Heap
[2023-11-17T01:58:41.438+0000][gc,heap,exit  ]  garbage-first heap   total 524288K, used 174257K [0x00000000e0000000, 0x0000000100000000)
[2023-11-17T01:58:41.438+0000][gc,heap,exit  ]   region size 1024K, 13 young (13312K), 2 survivors (2048K)
[2023-11-17T01:58:41.438+0000][gc,heap,exit  ]  Metaspace       used 44118K, capacity 46778K, committed 46976K, reserved 1089536K
[2023-11-17T01:58:41.438+0000][gc,heap,exit  ]   class space    used 5412K, capacity 6661K, committed 6784K, reserved 1048576K
