[2023-11-17T02:04:52.076+0000][gc,heap] Heap region size: 1M
[2023-11-17T02:04:52.089+0000][gc     ] Using G1
[2023-11-17T02:04:52.089+0000][gc,heap,coops] Heap address: 0x00000000e0000000, size: 512 MB, Compressed Oops mode: 32-bit
[2023-11-17T02:04:52.089+0000][gc,cds       ] Mark closed archive regions in map: [0x00000000fff00000, 0x00000000fff6bff8]
[2023-11-17T02:04:52.089+0000][gc,cds       ] Mark open archive regions in map: [0x00000000ffe00000, 0x00000000ffe47ff8]
[2023-11-17T02:04:53.010+0000][gc,start     ] GC(0) Pause Young (Normal) (G1 Evacuation Pause)
[2023-11-17T02:04:53.010+0000][gc,task      ] GC(0) Using 2 workers of 2 for evacuation
[2023-11-17T02:04:53.026+0000][gc,phases    ] GC(0)   Pre Evacuate Collection Set: 0.0ms
[2023-11-17T02:04:53.026+0000][gc,phases    ] GC(0)   Evacuate Collection Set: 15.4ms
[2023-11-17T02:04:53.026+0000][gc,phases    ] GC(0)   Post Evacuate Collection Set: 0.4ms
[2023-11-17T02:04:53.026+0000][gc,phases    ] GC(0)   Other: 0.3ms
[2023-11-17T02:04:53.026+0000][gc,heap      ] GC(0) Eden regions: 25->0(21)
[2023-11-17T02:04:53.026+0000][gc,heap      ] GC(0) Survivor regions: 0->4(4)
[2023-11-17T02:04:53.026+0000][gc,heap      ] GC(0) Old regions: 2->5
[2023-11-17T02:04:53.026+0000][gc,heap      ] GC(0) Humongous regions: 0->0
[2023-11-17T02:04:53.026+0000][gc,metaspace ] GC(0) Metaspace: 7568K(8192K)->7568K(8192K) NonClass: 6762K(7168K)->6762K(7168K) Class: 806K(1024K)->806K(1024K)
[2023-11-17T02:04:53.026+0000][gc           ] GC(0) Pause Young (Normal) (G1 Evacuation Pause) 25M->7M(512M) 16.146ms
[2023-11-17T02:04:53.026+0000][gc,cpu       ] GC(0) User=0.02s Sys=0.01s Real=0.02s
[2023-11-17T02:04:53.432+0000][gc,start     ] GC(1) Pause Young (Normal) (G1 Evacuation Pause)
[2023-11-17T02:04:53.432+0000][gc,task      ] GC(1) Using 2 workers of 2 for evacuation
[2023-11-17T02:04:53.444+0000][gc,phases    ] GC(1)   Pre Evacuate Collection Set: 0.0ms
[2023-11-17T02:04:53.444+0000][gc,phases    ] GC(1)   Evacuate Collection Set: 11.4ms
[2023-11-17T02:04:53.444+0000][gc,phases    ] GC(1)   Post Evacuate Collection Set: 0.4ms
[2023-11-17T02:04:53.444+0000][gc,phases    ] GC(1)   Other: 0.1ms
[2023-11-17T02:04:53.444+0000][gc,heap      ] GC(1) Eden regions: 21->0(24)
[2023-11-17T02:04:53.444+0000][gc,heap      ] GC(1) Survivor regions: 4->1(4)
[2023-11-17T02:04:53.444+0000][gc,heap      ] GC(1) Old regions: 5->9
[2023-11-17T02:04:53.444+0000][gc,heap      ] GC(1) Humongous regions: 0->0
[2023-11-17T02:04:53.444+0000][gc,metaspace ] GC(1) Metaspace: 12896K(13568K)->12896K(13568K) NonClass: 11361K(11776K)->11361K(11776K) Class: 1534K(1792K)->1534K(1792K)
[2023-11-17T02:04:53.444+0000][gc           ] GC(1) Pause Young (Normal) (G1 Evacuation Pause) 28M->7M(512M) 12.038ms
[2023-11-17T02:04:53.444+0000][gc,cpu       ] GC(1) User=0.01s Sys=0.01s Real=0.01s
[2023-11-17T02:04:53.832+0000][gc,start     ] GC(2) Pause Young (Normal) (G1 Evacuation Pause)
[2023-11-17T02:04:53.832+0000][gc,task      ] GC(2) Using 2 workers of 2 for evacuation
[2023-11-17T02:04:53.838+0000][gc,phases    ] GC(2)   Pre Evacuate Collection Set: 0.0ms
[2023-11-17T02:04:53.838+0000][gc,phases    ] GC(2)   Evacuate Collection Set: 5.9ms
[2023-11-17T02:04:53.838+0000][gc,phases    ] GC(2)   Post Evacuate Collection Set: 0.3ms
[2023-11-17T02:04:53.838+0000][gc,phases    ] GC(2)   Other: 0.1ms
[2023-11-17T02:04:53.838+0000][gc,heap      ] GC(2) Eden regions: 24->0(23)
[2023-11-17T02:04:53.838+0000][gc,heap      ] GC(2) Survivor regions: 1->2(4)
[2023-11-17T02:04:53.838+0000][gc,heap      ] GC(2) Old regions: 9->9
[2023-11-17T02:04:53.838+0000][gc,heap      ] GC(2) Humongous regions: 0->0
[2023-11-17T02:04:53.838+0000][gc,metaspace ] GC(2) Metaspace: 17639K(18432K)->17639K(18432K) NonClass: 15601K(16128K)->15601K(16128K) Class: 2038K(2304K)->2038K(2304K)
[2023-11-17T02:04:53.838+0000][gc           ] GC(2) Pause Young (Normal) (G1 Evacuation Pause) 31M->8M(512M) 6.372ms
[2023-11-17T02:04:53.838+0000][gc,cpu       ] GC(2) User=0.01s Sys=0.00s Real=0.01s
[2023-11-17T02:04:53.979+0000][gc,start     ] GC(3) Pause Young (Concurrent Start) (Metadata GC Threshold)
[2023-11-17T02:04:53.979+0000][gc,task      ] GC(3) Using 2 workers of 2 for evacuation
[2023-11-17T02:04:53.987+0000][gc,phases    ] GC(3)   Pre Evacuate Collection Set: 0.1ms
[2023-11-17T02:04:53.987+0000][gc,phases    ] GC(3)   Evacuate Collection Set: 8.0ms
[2023-11-17T02:04:53.987+0000][gc,phases    ] GC(3)   Post Evacuate Collection Set: 0.3ms
[2023-11-17T02:04:53.987+0000][gc,phases    ] GC(3)   Other: 0.2ms
[2023-11-17T02:04:53.987+0000][gc,heap      ] GC(3) Eden regions: 16->0(23)
[2023-11-17T02:04:53.987+0000][gc,heap      ] GC(3) Survivor regions: 2->2(4)
[2023-11-17T02:04:53.987+0000][gc,heap      ] GC(3) Old regions: 9->9
[2023-11-17T02:04:53.987+0000][gc,heap      ] GC(3) Humongous regions: 0->0
[2023-11-17T02:04:53.987+0000][gc,metaspace ] GC(3) Metaspace: 20362K(21248K)->20362K(21248K) NonClass: 18117K(18688K)->18117K(18688K) Class: 2244K(2560K)->2244K(2560K)
[2023-11-17T02:04:53.987+0000][gc           ] GC(3) Pause Young (Concurrent Start) (Metadata GC Threshold) 24M->9M(512M) 8.699ms
[2023-11-17T02:04:53.987+0000][gc,cpu       ] GC(3) User=0.01s Sys=0.00s Real=0.01s
[2023-11-17T02:04:53.988+0000][gc           ] GC(4) Concurrent Cycle
[2023-11-17T02:04:53.988+0000][gc,marking   ] GC(4) Concurrent Clear Claimed Marks
[2023-11-17T02:04:53.988+0000][gc,marking   ] GC(4) Concurrent Clear Claimed Marks 0.044ms
[2023-11-17T02:04:53.988+0000][gc,marking   ] GC(4) Concurrent Scan Root Regions
[2023-11-17T02:04:53.992+0000][gc,marking   ] GC(4) Concurrent Scan Root Regions 4.317ms
[2023-11-17T02:04:53.992+0000][gc,marking   ] GC(4) Concurrent Mark (1.922s)
[2023-11-17T02:04:53.992+0000][gc,marking   ] GC(4) Concurrent Mark From Roots
[2023-11-17T02:04:53.992+0000][gc,task      ] GC(4) Using 1 workers of 1 for marking
[2023-11-17T02:04:54.017+0000][gc,marking   ] GC(4) Concurrent Mark From Roots 25.346ms
[2023-11-17T02:04:54.017+0000][gc,marking   ] GC(4) Concurrent Preclean
[2023-11-17T02:04:54.018+0000][gc,marking   ] GC(4) Concurrent Preclean 0.145ms
[2023-11-17T02:04:54.018+0000][gc,marking   ] GC(4) Concurrent Mark (1.922s, 1.948s) 25.591ms
[2023-11-17T02:04:54.018+0000][gc,start     ] GC(4) Pause Remark
[2023-11-17T02:04:54.023+0000][gc,stringtable] GC(4) Cleaned string and symbol table, strings: 5784 processed, 9 removed, symbols: 47514 processed, 41 removed
[2023-11-17T02:04:54.024+0000][gc            ] GC(4) Pause Remark 10M->10M(512M) 6.031ms
[2023-11-17T02:04:54.024+0000][gc,cpu        ] GC(4) User=0.01s Sys=0.00s Real=0.00s
[2023-11-17T02:04:54.024+0000][gc,marking    ] GC(4) Concurrent Rebuild Remembered Sets
[2023-11-17T02:04:54.033+0000][gc,marking    ] GC(4) Concurrent Rebuild Remembered Sets 9.084ms
[2023-11-17T02:04:54.033+0000][gc,start      ] GC(4) Pause Cleanup
[2023-11-17T02:04:54.033+0000][gc            ] GC(4) Pause Cleanup 11M->11M(512M) 0.144ms
[2023-11-17T02:04:54.033+0000][gc,cpu        ] GC(4) User=0.00s Sys=0.00s Real=0.00s
[2023-11-17T02:04:54.033+0000][gc,marking    ] GC(4) Concurrent Cleanup for Next Mark
[2023-11-17T02:04:54.046+0000][gc,marking    ] GC(4) Concurrent Cleanup for Next Mark 12.807ms
[2023-11-17T02:04:54.046+0000][gc            ] GC(4) Concurrent Cycle 58.609ms
[2023-11-17T02:04:54.603+0000][gc,start      ] GC(5) Pause Young (Normal) (G1 Evacuation Pause)
[2023-11-17T02:04:54.603+0000][gc,task       ] GC(5) Using 2 workers of 2 for evacuation
[2023-11-17T02:04:54.619+0000][gc,phases     ] GC(5)   Pre Evacuate Collection Set: 0.0ms
[2023-11-17T02:04:54.619+0000][gc,phases     ] GC(5)   Evacuate Collection Set: 14.6ms
[2023-11-17T02:04:54.619+0000][gc,phases     ] GC(5)   Post Evacuate Collection Set: 0.8ms
[2023-11-17T02:04:54.619+0000][gc,phases     ] GC(5)   Other: 0.1ms
[2023-11-17T02:04:54.619+0000][gc,heap       ] GC(5) Eden regions: 23->0(21)
[2023-11-17T02:04:54.619+0000][gc,heap       ] GC(5) Survivor regions: 2->4(4)
[2023-11-17T02:04:54.619+0000][gc,heap       ] GC(5) Old regions: 9->9
[2023-11-17T02:04:54.619+0000][gc,heap       ] GC(5) Humongous regions: 0->0
[2023-11-17T02:04:54.619+0000][gc,metaspace  ] GC(5) Metaspace: 23300K(24448K)->23300K(24448K) NonClass: 20574K(21248K)->20574K(21248K) Class: 2726K(3200K)->2726K(3200K)
[2023-11-17T02:04:54.619+0000][gc            ] GC(5) Pause Young (Normal) (G1 Evacuation Pause) 32M->10M(512M) 15.584ms
[2023-11-17T02:04:54.619+0000][gc,cpu        ] GC(5) User=0.03s Sys=0.00s Real=0.02s
[2023-11-17T02:04:54.971+0000][gc,start      ] GC(6) Pause Young (Normal) (G1 Evacuation Pause)
[2023-11-17T02:04:54.971+0000][gc,task       ] GC(6) Using 2 workers of 2 for evacuation
[2023-11-17T02:04:54.982+0000][gc,phases     ] GC(6)   Pre Evacuate Collection Set: 0.0ms
[2023-11-17T02:04:54.982+0000][gc,phases     ] GC(6)   Evacuate Collection Set: 9.5ms
[2023-11-17T02:04:54.982+0000][gc,phases     ] GC(6)   Post Evacuate Collection Set: 0.4ms
[2023-11-17T02:04:54.982+0000][gc,phases     ] GC(6)   Other: 0.4ms
[2023-11-17T02:04:54.982+0000][gc,heap       ] GC(6) Eden regions: 21->0(23)
[2023-11-17T02:04:54.982+0000][gc,heap       ] GC(6) Survivor regions: 4->2(4)
[2023-11-17T02:04:54.982+0000][gc,heap       ] GC(6) Old regions: 9->11
[2023-11-17T02:04:54.982+0000][gc,heap       ] GC(6) Humongous regions: 0->0
[2023-11-17T02:04:54.982+0000][gc,metaspace  ] GC(6) Metaspace: 23318K(24448K)->23318K(24448K) NonClass: 20592K(21248K)->20592K(21248K) Class: 2726K(3200K)->2726K(3200K)
[2023-11-17T02:04:54.982+0000][gc            ] GC(6) Pause Young (Normal) (G1 Evacuation Pause) 31M->11M(512M) 10.283ms
[2023-11-17T02:04:54.982+0000][gc,cpu        ] GC(6) User=0.02s Sys=0.00s Real=0.01s
[2023-11-17T02:04:55.306+0000][gc,start      ] GC(7) Pause Young (Normal) (G1 Evacuation Pause)
[2023-11-17T02:04:55.306+0000][gc,task       ] GC(7) Using 2 workers of 2 for evacuation
[2023-11-17T02:04:55.319+0000][gc,phases     ] GC(7)   Pre Evacuate Collection Set: 0.0ms
[2023-11-17T02:04:55.319+0000][gc,phases     ] GC(7)   Evacuate Collection Set: 12.7ms
[2023-11-17T02:04:55.319+0000][gc,phases     ] GC(7)   Post Evacuate Collection Set: 0.4ms
[2023-11-17T02:04:55.319+0000][gc,phases     ] GC(7)   Other: 0.1ms
[2023-11-17T02:04:55.319+0000][gc,heap       ] GC(7) Eden regions: 23->0(23)
[2023-11-17T02:04:55.319+0000][gc,heap       ] GC(7) Survivor regions: 2->2(4)
[2023-11-17T02:04:55.319+0000][gc,heap       ] GC(7) Old regions: 11->11
[2023-11-17T02:04:55.319+0000][gc,heap       ] GC(7) Humongous regions: 0->0
[2023-11-17T02:04:55.319+0000][gc,metaspace  ] GC(7) Metaspace: 25868K(27008K)->25868K(27008K) NonClass: 22894K(23552K)->22894K(23552K) Class: 2973K(3456K)->2973K(3456K)
[2023-11-17T02:04:55.319+0000][gc            ] GC(7) Pause Young (Normal) (G1 Evacuation Pause) 34M->11M(512M) 13.324ms
[2023-11-17T02:04:55.319+0000][gc,cpu        ] GC(7) User=0.02s Sys=0.00s Real=0.01s
[2023-11-17T02:04:55.775+0000][gc,start      ] GC(8) Pause Young (Normal) (G1 Evacuation Pause)
[2023-11-17T02:04:55.775+0000][gc,task       ] GC(8) Using 2 workers of 2 for evacuation
[2023-11-17T02:04:55.790+0000][gc,phases     ] GC(8)   Pre Evacuate Collection Set: 0.0ms
[2023-11-17T02:04:55.790+0000][gc,phases     ] GC(8)   Evacuate Collection Set: 13.9ms
[2023-11-17T02:04:55.790+0000][gc,phases     ] GC(8)   Post Evacuate Collection Set: 0.4ms
[2023-11-17T02:04:55.790+0000][gc,phases     ] GC(8)   Other: 0.2ms
[2023-11-17T02:04:55.790+0000][gc,heap       ] GC(8) Eden regions: 23->0(22)
[2023-11-17T02:04:55.790+0000][gc,heap       ] GC(8) Survivor regions: 2->3(4)
[2023-11-17T02:04:55.790+0000][gc,heap       ] GC(8) Old regions: 11->11
[2023-11-17T02:04:55.790+0000][gc,heap       ] GC(8) Humongous regions: 9->9
[2023-11-17T02:04:55.790+0000][gc,metaspace  ] GC(8) Metaspace: 30407K(31616K)->30407K(31616K) NonClass: 26903K(27648K)->26903K(27648K) Class: 3503K(3968K)->3503K(3968K)
[2023-11-17T02:04:55.790+0000][gc            ] GC(8) Pause Young (Normal) (G1 Evacuation Pause) 43M->21M(512M) 14.538ms
[2023-11-17T02:04:55.790+0000][gc,cpu        ] GC(8) User=0.03s Sys=0.00s Real=0.01s
[2023-11-17T02:04:56.314+0000][gc,start      ] GC(9) Pause Young (Normal) (G1 Evacuation Pause)
[2023-11-17T02:04:56.314+0000][gc,task       ] GC(9) Using 2 workers of 2 for evacuation
[2023-11-17T02:04:56.327+0000][gc,phases     ] GC(9)   Pre Evacuate Collection Set: 0.0ms
[2023-11-17T02:04:56.327+0000][gc,phases     ] GC(9)   Evacuate Collection Set: 12.6ms
[2023-11-17T02:04:56.327+0000][gc,phases     ] GC(9)   Post Evacuate Collection Set: 0.4ms
[2023-11-17T02:04:56.327+0000][gc,phases     ] GC(9)   Other: 0.1ms
[2023-11-17T02:04:56.327+0000][gc,heap       ] GC(9) Eden regions: 22->0(21)
[2023-11-17T02:04:56.327+0000][gc,heap       ] GC(9) Survivor regions: 3->4(4)
[2023-11-17T02:04:56.327+0000][gc,heap       ] GC(9) Old regions: 11->12
[2023-11-17T02:04:56.327+0000][gc,heap       ] GC(9) Humongous regions: 9->9
[2023-11-17T02:04:56.327+0000][gc,metaspace  ] GC(9) Metaspace: 32888K(34304K)->32888K(34304K) NonClass: 29160K(29952K)->29160K(29952K) Class: 3727K(4352K)->3727K(4352K)
[2023-11-17T02:04:56.328+0000][gc            ] GC(9) Pause Young (Normal) (G1 Evacuation Pause) 43M->23M(512M) 13.272ms
[2023-11-17T02:04:56.328+0000][gc,cpu        ] GC(9) User=0.02s Sys=0.00s Real=0.01s
[2023-11-17T02:04:56.459+0000][gc,start      ] GC(10) Pause Young (Concurrent Start) (Metadata GC Threshold)
[2023-11-17T02:04:56.459+0000][gc,task       ] GC(10) Using 2 workers of 2 for evacuation
[2023-11-17T02:04:56.478+0000][gc,phases     ] GC(10)   Pre Evacuate Collection Set: 0.1ms
[2023-11-17T02:04:56.478+0000][gc,phases     ] GC(10)   Evacuate Collection Set: 18.4ms
[2023-11-17T02:04:56.478+0000][gc,phases     ] GC(10)   Post Evacuate Collection Set: 0.3ms
[2023-11-17T02:04:56.478+0000][gc,phases     ] GC(10)   Other: 0.2ms
[2023-11-17T02:04:56.478+0000][gc,heap       ] GC(10) Eden regions: 9->0(24)
[2023-11-17T02:04:56.478+0000][gc,heap       ] GC(10) Survivor regions: 4->1(4)
[2023-11-17T02:04:56.478+0000][gc,heap       ] GC(10) Old regions: 12->16
[2023-11-17T02:04:56.478+0000][gc,heap       ] GC(10) Humongous regions: 9->9
[2023-11-17T02:04:56.478+0000][gc,metaspace  ] GC(10) Metaspace: 34616K(35840K)->34616K(35840K) NonClass: 30775K(31488K)->30775K(31488K) Class: 3840K(4352K)->3840K(4352K)
[2023-11-17T02:04:56.478+0000][gc            ] GC(10) Pause Young (Concurrent Start) (Metadata GC Threshold) 32M->23M(512M) 19.145ms
[2023-11-17T02:04:56.478+0000][gc,cpu        ] GC(10) User=0.03s Sys=0.01s Real=0.02s
[2023-11-17T02:04:56.478+0000][gc            ] GC(11) Concurrent Cycle
[2023-11-17T02:04:56.478+0000][gc,marking    ] GC(11) Concurrent Clear Claimed Marks
[2023-11-17T02:04:56.478+0000][gc,marking    ] GC(11) Concurrent Clear Claimed Marks 0.097ms
[2023-11-17T02:04:56.478+0000][gc,marking    ] GC(11) Concurrent Scan Root Regions
[2023-11-17T02:04:56.479+0000][gc,marking    ] GC(11) Concurrent Scan Root Regions 0.937ms
[2023-11-17T02:04:56.479+0000][gc,marking    ] GC(11) Concurrent Mark (4.409s)
[2023-11-17T02:04:56.479+0000][gc,marking    ] GC(11) Concurrent Mark From Roots
[2023-11-17T02:04:56.479+0000][gc,task       ] GC(11) Using 1 workers of 1 for marking
[2023-11-17T02:04:56.533+0000][gc,marking    ] GC(11) Concurrent Mark From Roots 53.674ms
[2023-11-17T02:04:56.533+0000][gc,marking    ] GC(11) Concurrent Preclean
[2023-11-17T02:04:56.533+0000][gc,marking    ] GC(11) Concurrent Preclean 0.094ms
[2023-11-17T02:04:56.533+0000][gc,marking    ] GC(11) Concurrent Mark (4.409s, 4.463s) 53.818ms
[2023-11-17T02:04:56.553+0000][gc,start      ] GC(11) Pause Remark
[2023-11-17T02:04:56.560+0000][gc,stringtable] GC(11) Cleaned string and symbol table, strings: 9469 processed, 11 removed, symbols: 86857 processed, 26 removed
[2023-11-17T02:04:56.560+0000][gc            ] GC(11) Pause Remark 28M->28M(512M) 6.695ms
[2023-11-17T02:04:56.560+0000][gc,cpu        ] GC(11) User=0.01s Sys=0.00s Real=0.01s
[2023-11-17T02:04:56.560+0000][gc,marking    ] GC(11) Concurrent Rebuild Remembered Sets
[2023-11-17T02:04:56.637+0000][gc,marking    ] GC(11) Concurrent Rebuild Remembered Sets 76.675ms
[2023-11-17T02:04:56.637+0000][gc,start      ] GC(11) Pause Cleanup
[2023-11-17T02:04:56.637+0000][gc            ] GC(11) Pause Cleanup 32M->32M(512M) 0.170ms
[2023-11-17T02:04:56.637+0000][gc,cpu        ] GC(11) User=0.00s Sys=0.00s Real=0.00s
[2023-11-17T02:04:56.638+0000][gc,marking    ] GC(11) Concurrent Cleanup for Next Mark
[2023-11-17T02:04:56.644+0000][gc,marking    ] GC(11) Concurrent Cleanup for Next Mark 6.195ms
[2023-11-17T02:04:56.644+0000][gc            ] GC(11) Concurrent Cycle 165.873ms
[2023-11-17T02:04:57.618+0000][gc,start      ] GC(12) Pause Young (Concurrent Start) (G1 Evacuation Pause)
[2023-11-17T02:04:57.618+0000][gc,task       ] GC(12) Using 2 workers of 2 for evacuation
[2023-11-17T02:04:57.627+0000][gc,phases     ] GC(12)   Pre Evacuate Collection Set: 0.1ms
[2023-11-17T02:04:57.627+0000][gc,phases     ] GC(12)   Evacuate Collection Set: 8.2ms
[2023-11-17T02:04:57.627+0000][gc,phases     ] GC(12)   Post Evacuate Collection Set: 0.3ms
[2023-11-17T02:04:57.627+0000][gc,phases     ] GC(12)   Other: 0.2ms
[2023-11-17T02:04:57.627+0000][gc,heap       ] GC(12) Eden regions: 24->0(23)
[2023-11-17T02:04:57.627+0000][gc,heap       ] GC(12) Survivor regions: 1->2(4)
[2023-11-17T02:04:57.627+0000][gc,heap       ] GC(12) Old regions: 16->16
[2023-11-17T02:04:57.627+0000][gc,heap       ] GC(12) Humongous regions: 9->9
[2023-11-17T02:04:57.627+0000][gc,metaspace  ] GC(12) Metaspace: 36386K(37964K)->36386K(37964K) NonClass: 32334K(33228K)->32334K(33228K) Class: 4051K(4736K)->4051K(4736K)
[2023-11-17T02:04:57.627+0000][gc            ] GC(12) Pause Young (Concurrent Start) (G1 Evacuation Pause) 47M->24M(512M) 8.954ms
[2023-11-17T02:04:57.627+0000][gc,cpu        ] GC(12) User=0.02s Sys=0.00s Real=0.01s
[2023-11-17T02:04:57.627+0000][gc            ] GC(13) Concurrent Cycle
[2023-11-17T02:04:57.627+0000][gc,marking    ] GC(13) Concurrent Clear Claimed Marks
[2023-11-17T02:04:57.627+0000][gc,marking    ] GC(13) Concurrent Clear Claimed Marks 0.104ms
[2023-11-17T02:04:57.627+0000][gc,marking    ] GC(13) Concurrent Scan Root Regions
[2023-11-17T02:04:57.629+0000][gc,marking    ] GC(13) Concurrent Scan Root Regions 2.345ms
[2023-11-17T02:04:57.629+0000][gc,marking    ] GC(13) Concurrent Mark (5.560s)
[2023-11-17T02:04:57.629+0000][gc,marking    ] GC(13) Concurrent Mark From Roots
[2023-11-17T02:04:57.629+0000][gc,task       ] GC(13) Using 1 workers of 1 for marking
[2023-11-17T02:04:57.689+0000][gc,marking    ] GC(13) Concurrent Mark From Roots 59.903ms
[2023-11-17T02:04:57.689+0000][gc,marking    ] GC(13) Concurrent Preclean
[2023-11-17T02:04:57.689+0000][gc,marking    ] GC(13) Concurrent Preclean 0.259ms
[2023-11-17T02:04:57.689+0000][gc,marking    ] GC(13) Concurrent Mark (5.560s, 5.620s) 60.221ms
[2023-11-17T02:04:57.690+0000][gc,start      ] GC(13) Pause Remark
[2023-11-17T02:04:57.696+0000][gc,stringtable] GC(13) Cleaned string and symbol table, strings: 9967 processed, 5 removed, symbols: 87465 processed, 0 removed
[2023-11-17T02:04:57.697+0000][gc            ] GC(13) Pause Remark 26M->26M(512M) 7.006ms
[2023-11-17T02:04:57.697+0000][gc,cpu        ] GC(13) User=0.01s Sys=0.00s Real=0.01s
[2023-11-17T02:04:57.697+0000][gc,marking    ] GC(13) Concurrent Rebuild Remembered Sets
[2023-11-17T02:04:57.732+0000][gc,marking    ] GC(13) Concurrent Rebuild Remembered Sets 34.108ms
[2023-11-17T02:04:57.732+0000][gc,start      ] GC(13) Pause Cleanup
[2023-11-17T02:04:57.732+0000][gc            ] GC(13) Pause Cleanup 26M->26M(512M) 0.132ms
[2023-11-17T02:04:57.732+0000][gc,cpu        ] GC(13) User=0.00s Sys=0.00s Real=0.00s
[2023-11-17T02:04:57.732+0000][gc,marking    ] GC(13) Concurrent Cleanup for Next Mark
[2023-11-17T02:04:57.734+0000][gc,marking    ] GC(13) Concurrent Cleanup for Next Mark 1.542ms
[2023-11-17T02:04:57.735+0000][gc            ] GC(13) Concurrent Cycle 107.997ms
[2023-11-17T02:04:58.514+0000][gc,start      ] GC(14) Pause Young (Normal) (G1 Evacuation Pause)
[2023-11-17T02:04:58.514+0000][gc,task       ] GC(14) Using 2 workers of 2 for evacuation
[2023-11-17T02:04:58.523+0000][gc,phases     ] GC(14)   Pre Evacuate Collection Set: 0.0ms
[2023-11-17T02:04:58.523+0000][gc,phases     ] GC(14)   Evacuate Collection Set: 8.4ms
[2023-11-17T02:04:58.523+0000][gc,phases     ] GC(14)   Post Evacuate Collection Set: 0.4ms
[2023-11-17T02:04:58.523+0000][gc,phases     ] GC(14)   Other: 0.2ms
[2023-11-17T02:04:58.523+0000][gc,heap       ] GC(14) Eden regions: 23->0(21)
[2023-11-17T02:04:58.523+0000][gc,heap       ] GC(14) Survivor regions: 2->4(4)
[2023-11-17T02:04:58.523+0000][gc,heap       ] GC(14) Old regions: 16->16
[2023-11-17T02:04:58.523+0000][gc,heap       ] GC(14) Humongous regions: 138->138
[2023-11-17T02:04:58.523+0000][gc,metaspace  ] GC(14) Metaspace: 38537K(40268K)->38537K(40268K) NonClass: 34075K(35020K)->34075K(35020K) Class: 4461K(5248K)->4461K(5248K)
[2023-11-17T02:04:58.523+0000][gc            ] GC(14) Pause Young (Normal) (G1 Evacuation Pause) 176M->155M(512M) 9.048ms
[2023-11-17T02:04:58.523+0000][gc,cpu        ] GC(14) User=0.01s Sys=0.00s Real=0.00s
[2023-11-17T02:04:59.007+0000][gc,start      ] GC(15) Pause Young (Concurrent Start) (G1 Humongous Allocation)
[2023-11-17T02:04:59.007+0000][gc,task       ] GC(15) Using 2 workers of 2 for evacuation
[2023-11-17T02:04:59.030+0000][gc,mmu        ] GC(15) MMU target violated: 21.0ms (20.0ms/21.0ms)
[2023-11-17T02:04:59.030+0000][gc,phases     ] GC(15)   Pre Evacuate Collection Set: 0.2ms
[2023-11-17T02:04:59.030+0000][gc,phases     ] GC(15)   Evacuate Collection Set: 22.8ms
[2023-11-17T02:04:59.030+0000][gc,phases     ] GC(15)   Post Evacuate Collection Set: 0.4ms
[2023-11-17T02:04:59.030+0000][gc,phases     ] GC(15)   Other: 0.3ms
[2023-11-17T02:04:59.030+0000][gc,heap       ] GC(15) Eden regions: 6->0(23)
[2023-11-17T02:04:59.030+0000][gc,heap       ] GC(15) Survivor regions: 4->2(4)
[2023-11-17T02:04:59.030+0000][gc,heap       ] GC(15) Old regions: 16->17
[2023-11-17T02:04:59.030+0000][gc,heap       ] GC(15) Humongous regions: 162->138
[2023-11-17T02:04:59.030+0000][gc,metaspace  ] GC(15) Metaspace: 38941K(40652K)->38941K(40652K) NonClass: 34399K(35276K)->34399K(35276K) Class: 4542K(5376K)->4542K(5376K)
[2023-11-17T02:04:59.030+0000][gc            ] GC(15) Pause Young (Concurrent Start) (G1 Humongous Allocation) 184M->155M(512M) 23.647ms
[2023-11-17T02:04:59.030+0000][gc,cpu        ] GC(15) User=0.05s Sys=0.00s Real=0.02s
[2023-11-17T02:04:59.030+0000][gc            ] GC(16) Concurrent Cycle
[2023-11-17T02:04:59.030+0000][gc,marking    ] GC(16) Concurrent Clear Claimed Marks
[2023-11-17T02:04:59.030+0000][gc,marking    ] GC(16) Concurrent Clear Claimed Marks 0.147ms
[2023-11-17T02:04:59.030+0000][gc,marking    ] GC(16) Concurrent Scan Root Regions
[2023-11-17T02:04:59.033+0000][gc,marking    ] GC(16) Concurrent Scan Root Regions 2.821ms
[2023-11-17T02:04:59.033+0000][gc,marking    ] GC(16) Concurrent Mark (6.964s)
[2023-11-17T02:04:59.033+0000][gc,marking    ] GC(16) Concurrent Mark From Roots
[2023-11-17T02:04:59.033+0000][gc,task       ] GC(16) Using 1 workers of 1 for marking
[2023-11-17T02:04:59.102+0000][gc,marking    ] GC(16) Concurrent Mark From Roots 69.102ms
[2023-11-17T02:04:59.102+0000][gc,marking    ] GC(16) Concurrent Preclean
[2023-11-17T02:04:59.103+0000][gc,marking    ] GC(16) Concurrent Preclean 0.073ms
[2023-11-17T02:04:59.103+0000][gc,marking    ] GC(16) Concurrent Mark (6.964s, 7.033s) 69.223ms
[2023-11-17T02:04:59.103+0000][gc,start      ] GC(16) Pause Remark
[2023-11-17T02:04:59.111+0000][gc,stringtable] GC(16) Cleaned string and symbol table, strings: 10892 processed, 0 removed, symbols: 90910 processed, 3 removed
[2023-11-17T02:04:59.111+0000][gc            ] GC(16) Pause Remark 228M->228M(512M) 8.288ms
[2023-11-17T02:04:59.111+0000][gc,cpu        ] GC(16) User=0.01s Sys=0.00s Real=0.01s
[2023-11-17T02:04:59.111+0000][gc,marking    ] GC(16) Concurrent Rebuild Remembered Sets
[2023-11-17T02:04:59.131+0000][gc,marking    ] GC(16) Concurrent Rebuild Remembered Sets 19.896ms
[2023-11-17T02:04:59.131+0000][gc,start      ] GC(16) Pause Cleanup
[2023-11-17T02:04:59.131+0000][gc            ] GC(16) Pause Cleanup 228M->228M(512M) 0.140ms
[2023-11-17T02:04:59.131+0000][gc,cpu        ] GC(16) User=0.00s Sys=0.00s Real=0.00s
[2023-11-17T02:04:59.131+0000][gc,marking    ] GC(16) Concurrent Cleanup for Next Mark
[2023-11-17T02:04:59.133+0000][gc,marking    ] GC(16) Concurrent Cleanup for Next Mark 1.434ms
[2023-11-17T02:04:59.133+0000][gc            ] GC(16) Concurrent Cycle 102.633ms
[2023-11-17T02:06:07.149+0000][gc,start      ] GC(17) Pause Young (Normal) (G1 Evacuation Pause)
[2023-11-17T02:06:07.149+0000][gc,task       ] GC(17) Using 2 workers of 2 for evacuation
[2023-11-17T02:06:07.158+0000][gc,phases     ] GC(17)   Pre Evacuate Collection Set: 0.0ms
[2023-11-17T02:06:07.158+0000][gc,phases     ] GC(17)   Evacuate Collection Set: 8.8ms
[2023-11-17T02:06:07.158+0000][gc,phases     ] GC(17)   Post Evacuate Collection Set: 0.5ms
[2023-11-17T02:06:07.158+0000][gc,phases     ] GC(17)   Other: 0.2ms
[2023-11-17T02:06:07.158+0000][gc,heap       ] GC(17) Eden regions: 23->0(21)
[2023-11-17T02:06:07.159+0000][gc,heap       ] GC(17) Survivor regions: 2->4(4)
[2023-11-17T02:06:07.159+0000][gc,heap       ] GC(17) Old regions: 17->17
[2023-11-17T02:06:07.159+0000][gc,heap       ] GC(17) Humongous regions: 210->138
[2023-11-17T02:06:07.159+0000][gc,metaspace  ] GC(17) Metaspace: 42192K(44748K)->42192K(44748K) NonClass: 37016K(38348K)->37016K(38348K) Class: 5176K(6400K)->5176K(6400K)
[2023-11-17T02:06:07.159+0000][gc            ] GC(17) Pause Young (Normal) (G1 Evacuation Pause) 250M->156M(512M) 9.638ms
[2023-11-17T02:06:07.159+0000][gc,cpu        ] GC(17) User=0.02s Sys=0.00s Real=0.01s
[2023-11-17T02:07:09.199+0000][gc,start      ] GC(18) Pause Young (Normal) (G1 Evacuation Pause)
[2023-11-17T02:07:09.199+0000][gc,task       ] GC(18) Using 2 workers of 2 for evacuation
[2023-11-17T02:07:09.214+0000][gc,phases     ] GC(18)   Pre Evacuate Collection Set: 0.0ms
[2023-11-17T02:07:09.214+0000][gc,phases     ] GC(18)   Evacuate Collection Set: 13.5ms
[2023-11-17T02:07:09.214+0000][gc,phases     ] GC(18)   Post Evacuate Collection Set: 0.7ms
[2023-11-17T02:07:09.214+0000][gc,phases     ] GC(18)   Other: 0.2ms
[2023-11-17T02:07:09.214+0000][gc,heap       ] GC(18) Eden regions: 21->0(22)
[2023-11-17T02:07:09.214+0000][gc,heap       ] GC(18) Survivor regions: 4->3(4)
[2023-11-17T02:07:09.214+0000][gc,heap       ] GC(18) Old regions: 17->19
[2023-11-17T02:07:09.214+0000][gc,heap       ] GC(18) Humongous regions: 138->138
[2023-11-17T02:07:09.214+0000][gc,metaspace  ] GC(18) Metaspace: 42982K(45516K)->42982K(45516K) NonClass: 37803K(39116K)->37803K(39116K) Class: 5179K(6400K)->5179K(6400K)
[2023-11-17T02:07:09.214+0000][gc            ] GC(18) Pause Young (Normal) (G1 Evacuation Pause) 177M->158M(512M) 14.515ms
[2023-11-17T02:07:09.214+0000][gc,cpu        ] GC(18) User=0.02s Sys=0.00s Real=0.02s
[2023-11-17T02:08:22.929+0000][gc,start      ] GC(19) Pause Young (Normal) (G1 Evacuation Pause)
[2023-11-17T02:08:22.929+0000][gc,task       ] GC(19) Using 2 workers of 2 for evacuation
[2023-11-17T02:08:22.942+0000][gc,phases     ] GC(19)   Pre Evacuate Collection Set: 0.0ms
[2023-11-17T02:08:22.942+0000][gc,phases     ] GC(19)   Evacuate Collection Set: 12.4ms
[2023-11-17T02:08:22.942+0000][gc,phases     ] GC(19)   Post Evacuate Collection Set: 0.4ms
[2023-11-17T02:08:22.942+0000][gc,phases     ] GC(19)   Other: 0.2ms
[2023-11-17T02:08:22.942+0000][gc,heap       ] GC(19) Eden regions: 22->0(21)
[2023-11-17T02:08:22.942+0000][gc,heap       ] GC(19) Survivor regions: 3->4(4)
[2023-11-17T02:08:22.942+0000][gc,heap       ] GC(19) Old regions: 19->20
[2023-11-17T02:08:22.942+0000][gc,heap       ] GC(19) Humongous regions: 138->138
[2023-11-17T02:08:22.942+0000][gc,metaspace  ] GC(19) Metaspace: 43110K(45772K)->43110K(45772K) NonClass: 37931K(39372K)->37931K(39372K) Class: 5179K(6400K)->5179K(6400K)
[2023-11-17T02:08:22.942+0000][gc            ] GC(19) Pause Young (Normal) (G1 Evacuation Pause) 180M->160M(512M) 13.163ms
[2023-11-17T02:08:22.942+0000][gc,cpu        ] GC(19) User=0.02s Sys=0.00s Real=0.01s
[2023-11-17T02:09:34.690+0000][gc,start      ] GC(20) Pause Young (Normal) (G1 Evacuation Pause)
[2023-11-17T02:09:34.690+0000][gc,task       ] GC(20) Using 2 workers of 2 for evacuation
[2023-11-17T02:09:34.699+0000][gc,phases     ] GC(20)   Pre Evacuate Collection Set: 0.0ms
[2023-11-17T02:09:34.699+0000][gc,phases     ] GC(20)   Evacuate Collection Set: 8.0ms
[2023-11-17T02:09:34.699+0000][gc,phases     ] GC(20)   Post Evacuate Collection Set: 0.3ms
[2023-11-17T02:09:34.699+0000][gc,phases     ] GC(20)   Other: 0.2ms
[2023-11-17T02:09:34.699+0000][gc,heap       ] GC(20) Eden regions: 21->0(24)
[2023-11-17T02:09:34.699+0000][gc,heap       ] GC(20) Survivor regions: 4->3(4)
[2023-11-17T02:09:34.699+0000][gc,heap       ] GC(20) Old regions: 20->21
[2023-11-17T02:09:34.699+0000][gc,heap       ] GC(20) Humongous regions: 138->138
[2023-11-17T02:09:34.699+0000][gc,metaspace  ] GC(20) Metaspace: 43384K(46028K)->43384K(46028K) NonClass: 38198K(39628K)->38198K(39628K) Class: 5186K(6400K)->5186K(6400K)
[2023-11-17T02:09:34.699+0000][gc            ] GC(20) Pause Young (Normal) (G1 Evacuation Pause) 181M->159M(512M) 8.622ms
[2023-11-17T02:09:34.699+0000][gc,cpu        ] GC(20) User=0.01s Sys=0.00s Real=0.01s
[2023-11-17T02:10:59.840+0000][gc,start      ] GC(21) Pause Young (Normal) (G1 Evacuation Pause)
[2023-11-17T02:10:59.840+0000][gc,task       ] GC(21) Using 2 workers of 2 for evacuation
[2023-11-17T02:10:59.853+0000][gc,phases     ] GC(21)   Pre Evacuate Collection Set: 0.0ms
[2023-11-17T02:10:59.854+0000][gc,phases     ] GC(21)   Evacuate Collection Set: 12.5ms
[2023-11-17T02:10:59.854+0000][gc,phases     ] GC(21)   Post Evacuate Collection Set: 0.4ms
[2023-11-17T02:10:59.854+0000][gc,phases     ] GC(21)   Other: 0.3ms
[2023-11-17T02:10:59.854+0000][gc,heap       ] GC(21) Eden regions: 24->0(24)
[2023-11-17T02:10:59.854+0000][gc,heap       ] GC(21) Survivor regions: 3->4(4)
[2023-11-17T02:10:59.854+0000][gc,heap       ] GC(21) Old regions: 21->22
[2023-11-17T02:10:59.854+0000][gc,heap       ] GC(21) Humongous regions: 138->138
[2023-11-17T02:10:59.854+0000][gc,metaspace  ] GC(21) Metaspace: 43417K(46028K)->43417K(46028K) NonClass: 38230K(39628K)->38230K(39628K) Class: 5187K(6400K)->5187K(6400K)
[2023-11-17T02:10:59.854+0000][gc            ] GC(21) Pause Young (Normal) (G1 Evacuation Pause) 183M->162M(512M) 13.445ms
[2023-11-17T02:10:59.854+0000][gc,cpu        ] GC(21) User=0.02s Sys=0.00s Real=0.02s
[2023-11-17T02:12:25.572+0000][gc,start      ] GC(22) Pause Young (Normal) (G1 Evacuation Pause)
[2023-11-17T02:12:25.572+0000][gc,task       ] GC(22) Using 2 workers of 2 for evacuation
[2023-11-17T02:12:25.584+0000][gc,phases     ] GC(22)   Pre Evacuate Collection Set: 0.0ms
[2023-11-17T02:12:25.584+0000][gc,phases     ] GC(22)   Evacuate Collection Set: 11.4ms
[2023-11-17T02:12:25.584+0000][gc,phases     ] GC(22)   Post Evacuate Collection Set: 0.3ms
[2023-11-17T02:12:25.584+0000][gc,phases     ] GC(22)   Other: 0.2ms
[2023-11-17T02:12:25.584+0000][gc,heap       ] GC(22) Eden regions: 24->0(27)
[2023-11-17T02:12:25.584+0000][gc,heap       ] GC(22) Survivor regions: 4->3(4)
[2023-11-17T02:12:25.584+0000][gc,heap       ] GC(22) Old regions: 22->23
[2023-11-17T02:12:25.584+0000][gc,heap       ] GC(22) Humongous regions: 138->138
[2023-11-17T02:12:25.584+0000][gc,metaspace  ] GC(22) Metaspace: 43450K(46028K)->43450K(46028K) NonClass: 38263K(39628K)->38263K(39628K) Class: 5187K(6400K)->5187K(6400K)
[2023-11-17T02:12:25.584+0000][gc            ] GC(22) Pause Young (Normal) (G1 Evacuation Pause) 186M->162M(512M) 12.106ms
[2023-11-17T02:12:25.584+0000][gc,cpu        ] GC(22) User=0.02s Sys=0.00s Real=0.01s
[2023-11-17T02:13:55.782+0000][gc,start      ] GC(23) Pause Young (Normal) (G1 Evacuation Pause)
[2023-11-17T02:13:55.782+0000][gc,task       ] GC(23) Using 2 workers of 2 for evacuation
[2023-11-17T02:13:55.794+0000][gc,phases     ] GC(23)   Pre Evacuate Collection Set: 0.0ms
[2023-11-17T02:13:55.794+0000][gc,phases     ] GC(23)   Evacuate Collection Set: 11.6ms
[2023-11-17T02:13:55.794+0000][gc,phases     ] GC(23)   Post Evacuate Collection Set: 0.4ms
[2023-11-17T02:13:55.794+0000][gc,phases     ] GC(23)   Other: 0.2ms
[2023-11-17T02:13:55.794+0000][gc,heap       ] GC(23) Eden regions: 25->0(26)
[2023-11-17T02:13:55.794+0000][gc,heap       ] GC(23) Survivor regions: 3->4(4)
[2023-11-17T02:13:55.794+0000][gc,heap       ] GC(23) Old regions: 23->24
[2023-11-17T02:13:55.794+0000][gc,heap       ] GC(23) Humongous regions: 138->138
[2023-11-17T02:13:55.794+0000][gc,metaspace  ] GC(23) Metaspace: 43484K(46028K)->43484K(46028K) NonClass: 38297K(39628K)->38297K(39628K) Class: 5187K(6400K)->5187K(6400K)
[2023-11-17T02:13:55.794+0000][gc            ] GC(23) Pause Young (Normal) (G1 Evacuation Pause) 187M->164M(512M) 12.280ms
[2023-11-17T02:13:55.794+0000][gc,cpu        ] GC(23) User=0.03s Sys=0.00s Real=0.02s
[2023-11-17T02:15:18.811+0000][gc,start      ] GC(24) Pause Young (Normal) (G1 Evacuation Pause)
[2023-11-17T02:15:18.811+0000][gc,task       ] GC(24) Using 2 workers of 2 for evacuation
[2023-11-17T02:15:18.822+0000][gc,phases     ] GC(24)   Pre Evacuate Collection Set: 0.0ms
[2023-11-17T02:15:18.822+0000][gc,phases     ] GC(24)   Evacuate Collection Set: 10.3ms
[2023-11-17T02:15:18.822+0000][gc,phases     ] GC(24)   Post Evacuate Collection Set: 0.3ms
[2023-11-17T02:15:18.822+0000][gc,phases     ] GC(24)   Other: 0.2ms
[2023-11-17T02:15:18.822+0000][gc,heap       ] GC(24) Eden regions: 24->0(28)
[2023-11-17T02:15:18.822+0000][gc,heap       ] GC(24) Survivor regions: 4->3(4)
[2023-11-17T02:15:18.822+0000][gc,heap       ] GC(24) Old regions: 24->26
[2023-11-17T02:15:18.822+0000][gc,heap       ] GC(24) Humongous regions: 138->138
[2023-11-17T02:15:18.822+0000][gc,metaspace  ] GC(24) Metaspace: 43603K(46028K)->43603K(46028K) NonClass: 38388K(39628K)->38388K(39628K) Class: 5214K(6400K)->5214K(6400K)
[2023-11-17T02:15:18.822+0000][gc            ] GC(24) Pause Young (Normal) (G1 Evacuation Pause) 188M->164M(512M) 10.931ms
[2023-11-17T02:15:18.822+0000][gc,cpu        ] GC(24) User=0.02s Sys=0.00s Real=0.01s
[2023-11-17T02:16:36.884+0000][gc,start      ] GC(25) Pause Young (Normal) (G1 Evacuation Pause)
[2023-11-17T02:16:36.884+0000][gc,task       ] GC(25) Using 2 workers of 2 for evacuation
[2023-11-17T02:16:36.892+0000][gc,phases     ] GC(25)   Pre Evacuate Collection Set: 0.0ms
[2023-11-17T02:16:36.892+0000][gc,phases     ] GC(25)   Evacuate Collection Set: 7.6ms
[2023-11-17T02:16:36.892+0000][gc,phases     ] GC(25)   Post Evacuate Collection Set: 0.4ms
[2023-11-17T02:16:36.892+0000][gc,phases     ] GC(25)   Other: 0.2ms
[2023-11-17T02:16:36.892+0000][gc,heap       ] GC(25) Eden regions: 26->0(286)
[2023-11-17T02:16:36.892+0000][gc,heap       ] GC(25) Survivor regions: 3->2(4)
[2023-11-17T02:16:36.892+0000][gc,heap       ] GC(25) Old regions: 26->26
[2023-11-17T02:16:36.892+0000][gc,heap       ] GC(25) Humongous regions: 138->138
[2023-11-17T02:16:36.892+0000][gc,metaspace  ] GC(25) Metaspace: 43973K(46668K)->43973K(46668K) NonClass: 38671K(40140K)->38671K(40140K) Class: 5301K(6528K)->5301K(6528K)
[2023-11-17T02:16:36.893+0000][gc            ] GC(25) Pause Young (Normal) (G1 Evacuation Pause) 190M->163M(512M) 8.266ms
[2023-11-17T02:16:36.893+0000][gc,cpu        ] GC(25) User=0.02s Sys=0.00s Real=0.01s
[2023-11-17T02:16:37.428+0000][gc,heap,exit  ] Heap
[2023-11-17T02:16:37.428+0000][gc,heap,exit  ]  garbage-first heap   total 524288K, used 178953K [0x00000000e0000000, 0x0000000100000000)
[2023-11-17T02:16:37.428+0000][gc,heap,exit  ]   region size 1024K, 14 young (14336K), 2 survivors (2048K)
[2023-11-17T02:16:37.428+0000][gc,heap,exit  ]  Metaspace       used 44523K, capacity 47115K, committed 47436K, reserved 1089536K
[2023-11-17T02:16:37.428+0000][gc,heap,exit  ]   class space    used 5457K, capacity 6697K, committed 6784K, reserved 1048576K
