[2023-11-14T07:11:57.009+0000][gc,heap] Heap region size: 1M
[2023-11-14T07:11:57.047+0000][gc     ] Using G1
[2023-11-14T07:11:57.047+0000][gc,heap,coops] Heap address: 0x00000000e0000000, size: 512 MB, Compressed Oops mode: 32-bit
[2023-11-14T07:12:04.377+0000][gc,start     ] GC(0) Pause Young (Normal) (G1 Evacuation Pause)
[2023-11-14T07:12:04.377+0000][gc,task      ] GC(0) Using 1 workers of 1 for evacuation
[2023-11-14T07:12:04.474+0000][gc,mmu       ] GC(0) MMU target violated: 21.0ms (20.0ms/21.0ms)
[2023-11-14T07:12:04.474+0000][gc,phases    ] GC(0)   Pre Evacuate Collection Set: 0.0ms
[2023-11-14T07:12:04.474+0000][gc,phases    ] GC(0)   Evacuate Collection Set: 94.3ms
[2023-11-14T07:12:04.474+0000][gc,phases    ] GC(0)   Post Evacuate Collection Set: 1.7ms
[2023-11-14T07:12:04.474+0000][gc,phases    ] GC(0)   Other: 0.5ms
[2023-11-14T07:12:04.474+0000][gc,heap      ] GC(0) Eden regions: 25->0(21)
[2023-11-14T07:12:04.474+0000][gc,heap      ] GC(0) Survivor regions: 0->4(4)
[2023-11-14T07:12:04.474+0000][gc,heap      ] GC(0) Old regions: 0->3
[2023-11-14T07:12:04.474+0000][gc,heap      ] GC(0) Humongous regions: 0->0
[2023-11-14T07:12:04.474+0000][gc,metaspace ] GC(0) Metaspace: 15532K(16000K)->15532K(16000K) NonClass: 14026K(14336K)->14026K(14336K) Class: 1505K(1664K)->1505K(1664K)
[2023-11-14T07:12:04.474+0000][gc           ] GC(0) Pause Young (Normal) (G1 Evacuation Pause) 25M->6M(512M) 96.682ms
[2023-11-14T07:12:04.474+0000][gc,cpu       ] GC(0) User=0.02s Sys=0.00s Real=0.09s
[2023-11-14T07:12:06.294+0000][gc,start     ] GC(1) Pause Young (Concurrent Start) (Metadata GC Threshold)
[2023-11-14T07:12:06.294+0000][gc,task      ] GC(1) Using 1 workers of 1 for evacuation
[2023-11-14T07:12:06.330+0000][gc,mmu       ] GC(1) MMU target violated: 21.0ms (20.0ms/21.0ms)
[2023-11-14T07:12:06.330+0000][gc,phases    ] GC(1)   Pre Evacuate Collection Set: 0.0ms
[2023-11-14T07:12:06.330+0000][gc,phases    ] GC(1)   Evacuate Collection Set: 35.8ms
[2023-11-14T07:12:06.330+0000][gc,phases    ] GC(1)   Post Evacuate Collection Set: 0.2ms
[2023-11-14T07:12:06.346+0000][gc,phases    ] GC(1)   Other: 0.3ms
[2023-11-14T07:12:06.346+0000][gc,heap      ] GC(1) Eden regions: 21->0(24)
[2023-11-14T07:12:06.346+0000][gc,heap      ] GC(1) Survivor regions: 4->1(4)
[2023-11-14T07:12:06.346+0000][gc,heap      ] GC(1) Old regions: 3->7
[2023-11-14T07:12:06.346+0000][gc,heap      ] GC(1) Humongous regions: 0->0
[2023-11-14T07:12:06.347+0000][gc,metaspace ] GC(1) Metaspace: 20665K(21248K)->20665K(21248K) NonClass: 18479K(18944K)->18479K(18944K) Class: 2185K(2304K)->2185K(2304K)
[2023-11-14T07:12:06.347+0000][gc           ] GC(1) Pause Young (Concurrent Start) (Metadata GC Threshold) 27M->7M(512M) 52.554ms
[2023-11-14T07:12:06.347+0000][gc,cpu       ] GC(1) User=0.01s Sys=0.00s Real=0.06s
[2023-11-14T07:12:06.347+0000][gc           ] GC(2) Concurrent Cycle
[2023-11-14T07:12:06.347+0000][gc,marking   ] GC(2) Concurrent Clear Claimed Marks
[2023-11-14T07:12:06.347+0000][gc,marking   ] GC(2) Concurrent Clear Claimed Marks 0.028ms
[2023-11-14T07:12:06.347+0000][gc,marking   ] GC(2) Concurrent Scan Root Regions
[2023-11-14T07:12:06.347+0000][gc,marking   ] GC(2) Concurrent Scan Root Regions 0.593ms
[2023-11-14T07:12:06.347+0000][gc,marking   ] GC(2) Concurrent Mark (9.360s)
[2023-11-14T07:12:06.347+0000][gc,marking   ] GC(2) Concurrent Mark From Roots
[2023-11-14T07:12:06.347+0000][gc,task      ] GC(2) Using 1 workers of 1 for marking
[2023-11-14T07:12:06.380+0000][gc,marking   ] GC(2) Concurrent Mark From Roots 32.504ms
[2023-11-14T07:12:06.380+0000][gc,marking   ] GC(2) Concurrent Preclean
[2023-11-14T07:12:06.380+0000][gc,marking   ] GC(2) Concurrent Preclean 0.065ms
[2023-11-14T07:12:06.380+0000][gc,marking   ] GC(2) Concurrent Mark (9.360s, 9.393s) 32.617ms
[2023-11-14T07:12:06.381+0000][gc,start     ] GC(2) Pause Remark
[2023-11-14T07:12:06.407+0000][gc,stringtable] GC(2) Cleaned string and symbol table, strings: 7857 processed, 11 removed, symbols: 66205 processed, 29 removed
[2023-11-14T07:12:06.408+0000][gc,mmu        ] GC(2) MMU target violated: 21.0ms (20.0ms/21.0ms)
[2023-11-14T07:12:06.408+0000][gc            ] GC(2) Pause Remark 8M->8M(512M) 26.910ms
[2023-11-14T07:12:06.408+0000][gc,cpu        ] GC(2) User=0.00s Sys=0.00s Real=0.03s
[2023-11-14T07:12:06.408+0000][gc,marking    ] GC(2) Concurrent Rebuild Remembered Sets
[2023-11-14T07:12:06.427+0000][gc,marking    ] GC(2) Concurrent Rebuild Remembered Sets 18.905ms
[2023-11-14T07:12:06.427+0000][gc,start      ] GC(2) Pause Cleanup
[2023-11-14T07:12:06.427+0000][gc            ] GC(2) Pause Cleanup 8M->8M(512M) 0.123ms
[2023-11-14T07:12:06.427+0000][gc,cpu        ] GC(2) User=0.00s Sys=0.00s Real=0.00s
[2023-11-14T07:12:06.427+0000][gc,marking    ] GC(2) Concurrent Cleanup for Next Mark
[2023-11-14T07:12:06.550+0000][gc,marking    ] GC(2) Concurrent Cleanup for Next Mark 123.286ms
[2023-11-14T07:12:06.550+0000][gc            ] GC(2) Concurrent Cycle 203.663ms
[2023-11-14T07:12:07.691+0000][gc,start      ] GC(3) Pause Young (Normal) (G1 Evacuation Pause)
[2023-11-14T07:12:07.691+0000][gc,task       ] GC(3) Using 1 workers of 1 for evacuation
[2023-11-14T07:12:07.707+0000][gc,phases     ] GC(3)   Pre Evacuate Collection Set: 0.0ms
[2023-11-14T07:12:07.707+0000][gc,phases     ] GC(3)   Evacuate Collection Set: 15.3ms
[2023-11-14T07:12:07.707+0000][gc,phases     ] GC(3)   Post Evacuate Collection Set: 0.2ms
[2023-11-14T07:12:07.707+0000][gc,phases     ] GC(3)   Other: 0.1ms
[2023-11-14T07:12:07.707+0000][gc,heap       ] GC(3) Eden regions: 24->0(23)
[2023-11-14T07:12:07.707+0000][gc,heap       ] GC(3) Survivor regions: 1->2(4)
[2023-11-14T07:12:07.707+0000][gc,heap       ] GC(3) Old regions: 7->7
[2023-11-14T07:12:07.707+0000][gc,heap       ] GC(3) Humongous regions: 0->0
[2023-11-14T07:12:07.707+0000][gc,metaspace  ] GC(3) Metaspace: 25216K(26112K)->25216K(26112K) NonClass: 22503K(23040K)->22503K(23040K) Class: 2712K(3072K)->2712K(3072K)
[2023-11-14T07:12:07.707+0000][gc            ] GC(3) Pause Young (Normal) (G1 Evacuation Pause) 31M->8M(512M) 15.667ms
[2023-11-14T07:12:07.707+0000][gc,cpu        ] GC(3) User=0.01s Sys=0.00s Real=0.02s
[2023-11-14T07:12:08.543+0000][gc,start      ] GC(4) Pause Young (Normal) (G1 Evacuation Pause)
[2023-11-14T07:12:08.543+0000][gc,task       ] GC(4) Using 1 workers of 1 for evacuation
[2023-11-14T07:12:08.566+0000][gc,mmu        ] GC(4) MMU target violated: 21.0ms (20.0ms/21.0ms)
[2023-11-14T07:12:08.566+0000][gc,phases     ] GC(4)   Pre Evacuate Collection Set: 0.0ms
[2023-11-14T07:12:08.566+0000][gc,phases     ] GC(4)   Evacuate Collection Set: 23.1ms
[2023-11-14T07:12:08.566+0000][gc,phases     ] GC(4)   Post Evacuate Collection Set: 0.2ms
[2023-11-14T07:12:08.566+0000][gc,phases     ] GC(4)   Other: 0.2ms
[2023-11-14T07:12:08.566+0000][gc,heap       ] GC(4) Eden regions: 23->0(22)
[2023-11-14T07:12:08.566+0000][gc,heap       ] GC(4) Survivor regions: 2->3(4)
[2023-11-14T07:12:08.566+0000][gc,heap       ] GC(4) Old regions: 7->7
[2023-11-14T07:12:08.566+0000][gc,heap       ] GC(4) Humongous regions: 0->0
[2023-11-14T07:12:08.566+0000][gc,metaspace  ] GC(4) Metaspace: 29003K(30080K)->29003K(30080K) NonClass: 25886K(26624K)->25886K(26624K) Class: 3116K(3456K)->3116K(3456K)
[2023-11-14T07:12:08.566+0000][gc            ] GC(4) Pause Young (Normal) (G1 Evacuation Pause) 31M->9M(512M) 23.561ms
[2023-11-14T07:12:08.566+0000][gc,cpu        ] GC(4) User=0.01s Sys=0.00s Real=0.03s
[2023-11-14T07:12:09.937+0000][gc,start      ] GC(5) Pause Young (Normal) (G1 Evacuation Pause)
[2023-11-14T07:12:09.937+0000][gc,task       ] GC(5) Using 1 workers of 1 for evacuation
[2023-11-14T07:12:09.976+0000][gc,mmu        ] GC(5) MMU target violated: 21.0ms (20.0ms/21.0ms)
[2023-11-14T07:12:09.976+0000][gc,phases     ] GC(5)   Pre Evacuate Collection Set: 0.0ms
[2023-11-14T07:12:09.976+0000][gc,phases     ] GC(5)   Evacuate Collection Set: 36.3ms
[2023-11-14T07:12:09.976+0000][gc,phases     ] GC(5)   Post Evacuate Collection Set: 2.9ms
[2023-11-14T07:12:09.976+0000][gc,phases     ] GC(5)   Other: 0.2ms
[2023-11-14T07:12:09.976+0000][gc,heap       ] GC(5) Eden regions: 22->0(21)
[2023-11-14T07:12:09.976+0000][gc,heap       ] GC(5) Survivor regions: 3->4(4)
[2023-11-14T07:12:09.976+0000][gc,heap       ] GC(5) Old regions: 7->8
[2023-11-14T07:12:09.976+0000][gc,heap       ] GC(5) Humongous regions: 0->0
[2023-11-14T07:12:09.976+0000][gc,metaspace  ] GC(5) Metaspace: 33415K(34560K)->33415K(34560K) NonClass: 29800K(30464K)->29800K(30464K) Class: 3615K(4096K)->3615K(4096K)
[2023-11-14T07:12:09.976+0000][gc            ] GC(5) Pause Young (Normal) (G1 Evacuation Pause) 31M->10M(512M) 39.499ms
[2023-11-14T07:12:09.977+0000][gc,cpu        ] GC(5) User=0.02s Sys=0.00s Real=0.04s
[2023-11-14T07:12:10.217+0000][gc,start      ] GC(6) Pause Young (Concurrent Start) (Metadata GC Threshold)
[2023-11-14T07:12:10.217+0000][gc,task       ] GC(6) Using 1 workers of 1 for evacuation
[2023-11-14T07:12:10.245+0000][gc,mmu        ] GC(6) MMU target violated: 21.0ms (20.0ms/21.0ms)
[2023-11-14T07:12:10.245+0000][gc,phases     ] GC(6)   Pre Evacuate Collection Set: 0.1ms
[2023-11-14T07:12:10.245+0000][gc,phases     ] GC(6)   Evacuate Collection Set: 27.2ms
[2023-11-14T07:12:10.245+0000][gc,phases     ] GC(6)   Post Evacuate Collection Set: 0.2ms
[2023-11-14T07:12:10.245+0000][gc,phases     ] GC(6)   Other: 0.3ms
[2023-11-14T07:12:10.245+0000][gc,heap       ] GC(6) Eden regions: 5->0(23)
[2023-11-14T07:12:10.245+0000][gc,heap       ] GC(6) Survivor regions: 4->2(4)
[2023-11-14T07:12:10.245+0000][gc,heap       ] GC(6) Old regions: 8->10
[2023-11-14T07:12:10.245+0000][gc,heap       ] GC(6) Humongous regions: 0->0
[2023-11-14T07:12:10.245+0000][gc,metaspace  ] GC(6) Metaspace: 34561K(35628K)->34561K(35628K) NonClass: 30843K(31404K)->30843K(31404K) Class: 3717K(4224K)->3717K(4224K)
[2023-11-14T07:12:10.245+0000][gc            ] GC(6) Pause Young (Concurrent Start) (Metadata GC Threshold) 15M->10M(512M) 27.804ms
[2023-11-14T07:12:10.245+0000][gc,cpu        ] GC(6) User=0.01s Sys=0.00s Real=0.02s
[2023-11-14T07:12:10.245+0000][gc            ] GC(7) Concurrent Cycle
[2023-11-14T07:12:10.245+0000][gc,marking    ] GC(7) Concurrent Clear Claimed Marks
[2023-11-14T07:12:10.245+0000][gc,marking    ] GC(7) Concurrent Clear Claimed Marks 0.041ms
[2023-11-14T07:12:10.245+0000][gc,marking    ] GC(7) Concurrent Scan Root Regions
[2023-11-14T07:12:10.248+0000][gc,marking    ] GC(7) Concurrent Scan Root Regions 3.058ms
[2023-11-14T07:12:10.248+0000][gc,marking    ] GC(7) Concurrent Mark (13.261s)
[2023-11-14T07:12:10.248+0000][gc,marking    ] GC(7) Concurrent Mark From Roots
[2023-11-14T07:12:10.248+0000][gc,task       ] GC(7) Using 1 workers of 1 for marking
[2023-11-14T07:12:10.299+0000][gc,marking    ] GC(7) Concurrent Mark From Roots 51.237ms
[2023-11-14T07:12:10.299+0000][gc,marking    ] GC(7) Concurrent Preclean
[2023-11-14T07:12:10.299+0000][gc,marking    ] GC(7) Concurrent Preclean 0.051ms
[2023-11-14T07:12:10.299+0000][gc,marking    ] GC(7) Concurrent Mark (13.261s, 13.312s) 51.336ms
[2023-11-14T07:12:10.299+0000][gc,start      ] GC(7) Pause Remark
[2023-11-14T07:12:10.316+0000][gc,stringtable] GC(7) Cleaned string and symbol table, strings: 12134 processed, 1 removed, symbols: 98785 processed, 23 removed
[2023-11-14T07:12:10.316+0000][gc            ] GC(7) Pause Remark 11M->11M(512M) 16.964ms
[2023-11-14T07:12:10.316+0000][gc,cpu        ] GC(7) User=0.01s Sys=0.00s Real=0.02s
[2023-11-14T07:12:10.319+0000][gc,marking    ] GC(7) Concurrent Rebuild Remembered Sets
[2023-11-14T07:12:10.333+0000][gc,marking    ] GC(7) Concurrent Rebuild Remembered Sets 14.868ms
[2023-11-14T07:12:10.334+0000][gc,start      ] GC(7) Pause Cleanup
[2023-11-14T07:12:10.334+0000][gc            ] GC(7) Pause Cleanup 12M->12M(512M) 0.097ms
[2023-11-14T07:12:10.334+0000][gc,cpu        ] GC(7) User=0.00s Sys=0.00s Real=0.00s
[2023-11-14T07:12:10.334+0000][gc,marking    ] GC(7) Concurrent Cleanup for Next Mark
[2023-11-14T07:12:10.356+0000][gc,marking    ] GC(7) Concurrent Cleanup for Next Mark 22.400ms
[2023-11-14T07:12:10.356+0000][gc            ] GC(7) Concurrent Cycle 111.333ms
[2023-11-14T07:12:11.489+0000][gc,start      ] GC(8) Pause Young (Normal) (G1 Evacuation Pause)
[2023-11-14T07:12:11.489+0000][gc,task       ] GC(8) Using 1 workers of 1 for evacuation
[2023-11-14T07:12:11.509+0000][gc,phases     ] GC(8)   Pre Evacuate Collection Set: 0.0ms
[2023-11-14T07:12:11.509+0000][gc,phases     ] GC(8)   Evacuate Collection Set: 19.6ms
[2023-11-14T07:12:11.509+0000][gc,phases     ] GC(8)   Post Evacuate Collection Set: 0.2ms
[2023-11-14T07:12:11.509+0000][gc,phases     ] GC(8)   Other: 0.2ms
[2023-11-14T07:12:11.509+0000][gc,heap       ] GC(8) Eden regions: 23->0(22)
[2023-11-14T07:12:11.509+0000][gc,heap       ] GC(8) Survivor regions: 2->3(4)
[2023-11-14T07:12:11.509+0000][gc,heap       ] GC(8) Old regions: 10->10
[2023-11-14T07:12:11.509+0000][gc,heap       ] GC(8) Humongous regions: 9->9
[2023-11-14T07:12:11.509+0000][gc,metaspace  ] GC(8) Metaspace: 38731K(39980K)->38731K(39980K) NonClass: 34516K(35244K)->34516K(35244K) Class: 4214K(4736K)->4214K(4736K)
[2023-11-14T07:12:11.509+0000][gc            ] GC(8) Pause Young (Normal) (G1 Evacuation Pause) 42M->20M(512M) 20.098ms
[2023-11-14T07:12:11.509+0000][gc,cpu        ] GC(8) User=0.01s Sys=0.00s Real=0.02s
[2023-11-14T07:12:12.645+0000][gc,start      ] GC(9) Pause Young (Normal) (G1 Evacuation Pause)
[2023-11-14T07:12:12.645+0000][gc,task       ] GC(9) Using 1 workers of 1 for evacuation
[2023-11-14T07:12:12.671+0000][gc,mmu        ] GC(9) MMU target violated: 21.0ms (20.0ms/21.0ms)
[2023-11-14T07:12:12.671+0000][gc,phases     ] GC(9)   Pre Evacuate Collection Set: 0.0ms
[2023-11-14T07:12:12.671+0000][gc,phases     ] GC(9)   Evacuate Collection Set: 25.4ms
[2023-11-14T07:12:12.671+0000][gc,phases     ] GC(9)   Post Evacuate Collection Set: 0.2ms
[2023-11-14T07:12:12.671+0000][gc,phases     ] GC(9)   Other: 0.2ms
[2023-11-14T07:12:12.671+0000][gc,heap       ] GC(9) Eden regions: 22->0(21)
[2023-11-14T07:12:12.671+0000][gc,heap       ] GC(9) Survivor regions: 3->4(4)
[2023-11-14T07:12:12.671+0000][gc,heap       ] GC(9) Old regions: 10->11
[2023-11-14T07:12:12.671+0000][gc,heap       ] GC(9) Humongous regions: 9->9
[2023-11-14T07:12:12.671+0000][gc,metaspace  ] GC(9) Metaspace: 41765K(43180K)->41765K(43180K) NonClass: 37277K(38060K)->37277K(38060K) Class: 4487K(5120K)->4487K(5120K)
[2023-11-14T07:12:12.671+0000][gc            ] GC(9) Pause Young (Normal) (G1 Evacuation Pause) 42M->23M(512M) 25.963ms
[2023-11-14T07:12:12.671+0000][gc,cpu        ] GC(9) User=0.01s Sys=0.00s Real=0.03s
[2023-11-14T07:13:05.054+0000][gc,start      ] GC(10) Pause Young (Normal) (G1 Evacuation Pause)
[2023-11-14T07:13:05.054+0000][gc,task       ] GC(10) Using 1 workers of 1 for evacuation
[2023-11-14T07:13:05.070+0000][gc,phases     ] GC(10)   Pre Evacuate Collection Set: 0.0ms
[2023-11-14T07:13:05.070+0000][gc,phases     ] GC(10)   Evacuate Collection Set: 15.2ms
[2023-11-14T07:13:05.070+0000][gc,phases     ] GC(10)   Post Evacuate Collection Set: 0.3ms
[2023-11-14T07:13:05.070+0000][gc,phases     ] GC(10)   Other: 0.2ms
[2023-11-14T07:13:05.070+0000][gc,heap       ] GC(10) Eden regions: 21->0(23)
[2023-11-14T07:13:05.070+0000][gc,heap       ] GC(10) Survivor regions: 4->2(4)
[2023-11-14T07:13:05.070+0000][gc,heap       ] GC(10) Old regions: 11->15
[2023-11-14T07:13:05.070+0000][gc,heap       ] GC(10) Humongous regions: 138->138
[2023-11-14T07:13:05.070+0000][gc,metaspace  ] GC(10) Metaspace: 45336K(47148K)->45336K(47148K) NonClass: 40383K(41388K)->40383K(41388K) Class: 4953K(5760K)->4953K(5760K)
[2023-11-14T07:13:05.070+0000][gc            ] GC(10) Pause Young (Normal) (G1 Evacuation Pause) 173M->153M(512M) 15.784ms
[2023-11-14T07:13:05.070+0000][gc,cpu        ] GC(10) User=0.01s Sys=0.00s Real=0.02s
[2023-11-14T07:19:55.676+0000][gc,start      ] GC(11) Pause Young (Normal) (G1 Evacuation Pause)
[2023-11-14T07:19:55.676+0000][gc,task       ] GC(11) Using 1 workers of 1 for evacuation
[2023-11-14T07:19:55.685+0000][gc,phases     ] GC(11)   Pre Evacuate Collection Set: 0.0ms
[2023-11-14T07:19:55.685+0000][gc,phases     ] GC(11)   Evacuate Collection Set: 7.8ms
[2023-11-14T07:19:55.685+0000][gc,phases     ] GC(11)   Post Evacuate Collection Set: 0.2ms
[2023-11-14T07:19:55.685+0000][gc,phases     ] GC(11)   Other: 0.2ms
[2023-11-14T07:19:55.685+0000][gc,heap       ] GC(11) Eden regions: 23->0(23)
[2023-11-14T07:19:55.685+0000][gc,heap       ] GC(11) Survivor regions: 2->2(4)
[2023-11-14T07:19:55.685+0000][gc,heap       ] GC(11) Old regions: 15->15
[2023-11-14T07:19:55.685+0000][gc,heap       ] GC(11) Humongous regions: 138->138
[2023-11-14T07:19:55.685+0000][gc,metaspace  ] GC(11) Metaspace: 46235K(47916K)->46235K(47916K) NonClass: 41272K(42156K)->41272K(42156K) Class: 4963K(5760K)->4963K(5760K)
[2023-11-14T07:19:55.685+0000][gc            ] GC(11) Pause Young (Normal) (G1 Evacuation Pause) 176M->154M(512M) 8.330ms
[2023-11-14T07:19:55.685+0000][gc,cpu        ] GC(11) User=0.01s Sys=0.01s Real=0.00s
[2023-11-14T07:27:17.326+0000][gc,start      ] GC(12) Pause Young (Normal) (G1 Evacuation Pause)
[2023-11-14T07:27:17.326+0000][gc,task       ] GC(12) Using 1 workers of 1 for evacuation
[2023-11-14T07:27:17.346+0000][gc,phases     ] GC(12)   Pre Evacuate Collection Set: 0.0ms
[2023-11-14T07:27:17.346+0000][gc,phases     ] GC(12)   Evacuate Collection Set: 19.4ms
[2023-11-14T07:27:17.346+0000][gc,phases     ] GC(12)   Post Evacuate Collection Set: 0.2ms
[2023-11-14T07:27:17.346+0000][gc,phases     ] GC(12)   Other: 0.2ms
[2023-11-14T07:27:17.346+0000][gc,heap       ] GC(12) Eden regions: 23->0(22)
[2023-11-14T07:27:17.346+0000][gc,heap       ] GC(12) Survivor regions: 2->3(4)
[2023-11-14T07:27:17.346+0000][gc,heap       ] GC(12) Old regions: 15->15
[2023-11-14T07:27:17.346+0000][gc,heap       ] GC(12) Humongous regions: 138->138
[2023-11-14T07:27:17.346+0000][gc,metaspace  ] GC(12) Metaspace: 46406K(48172K)->46406K(48172K) NonClass: 41443K(42412K)->41443K(42412K) Class: 4963K(5760K)->4963K(5760K)
[2023-11-14T07:27:17.346+0000][gc            ] GC(12) Pause Young (Normal) (G1 Evacuation Pause) 177M->154M(512M) 19.868ms
[2023-11-14T07:27:17.346+0000][gc,cpu        ] GC(12) User=0.01s Sys=0.00s Real=0.02s
