[2023-11-17T01:09:09.917+0000][gc,heap] Heap region size: 1M
[2023-11-17T01:09:09.929+0000][gc     ] Using G1
[2023-11-17T01:09:09.929+0000][gc,heap,coops] Heap address: 0x00000000e0000000, size: 512 MB, Compressed Oops mode: 32-bit
[2023-11-17T01:09:09.929+0000][gc,cds       ] Mark closed archive regions in map: [0x00000000fff00000, 0x00000000fff6bff8]
[2023-11-17T01:09:09.929+0000][gc,cds       ] Mark open archive regions in map: [0x00000000ffe00000, 0x00000000ffe47ff8]
[2023-11-17T01:09:10.878+0000][gc,start     ] GC(0) Pause Young (Normal) (G1 Evacuation Pause)
[2023-11-17T01:09:10.878+0000][gc,task      ] GC(0) Using 2 workers of 2 for evacuation
[2023-11-17T01:09:10.894+0000][gc,phases    ] GC(0)   Pre Evacuate Collection Set: 0.0ms
[2023-11-17T01:09:10.894+0000][gc,phases    ] GC(0)   Evacuate Collection Set: 16.1ms
[2023-11-17T01:09:10.894+0000][gc,phases    ] GC(0)   Post Evacuate Collection Set: 0.4ms
[2023-11-17T01:09:10.894+0000][gc,phases    ] GC(0)   Other: 0.3ms
[2023-11-17T01:09:10.894+0000][gc,heap      ] GC(0) Eden regions: 25->0(21)
[2023-11-17T01:09:10.894+0000][gc,heap      ] GC(0) Survivor regions: 0->4(4)
[2023-11-17T01:09:10.894+0000][gc,heap      ] GC(0) Old regions: 2->5
[2023-11-17T01:09:10.894+0000][gc,heap      ] GC(0) Humongous regions: 0->0
[2023-11-17T01:09:10.894+0000][gc,metaspace ] GC(0) Metaspace: 7765K(8192K)->7765K(8192K) NonClass: 6916K(7168K)->6916K(7168K) Class: 848K(1024K)->848K(1024K)
[2023-11-17T01:09:10.894+0000][gc           ] GC(0) Pause Young (Normal) (G1 Evacuation Pause) 25M->6M(512M) 16.942ms
[2023-11-17T01:09:10.894+0000][gc,cpu       ] GC(0) User=0.03s Sys=0.01s Real=0.02s
[2023-11-17T01:09:11.306+0000][gc,start     ] GC(1) Pause Young (Normal) (G1 Evacuation Pause)
[2023-11-17T01:09:11.306+0000][gc,task      ] GC(1) Using 2 workers of 2 for evacuation
[2023-11-17T01:09:11.320+0000][gc,phases    ] GC(1)   Pre Evacuate Collection Set: 0.0ms
[2023-11-17T01:09:11.320+0000][gc,phases    ] GC(1)   Evacuate Collection Set: 14.3ms
[2023-11-17T01:09:11.320+0000][gc,phases    ] GC(1)   Post Evacuate Collection Set: 0.3ms
[2023-11-17T01:09:11.320+0000][gc,phases    ] GC(1)   Other: 0.1ms
[2023-11-17T01:09:11.320+0000][gc,heap      ] GC(1) Eden regions: 21->0(24)
[2023-11-17T01:09:11.320+0000][gc,heap      ] GC(1) Survivor regions: 4->1(4)
[2023-11-17T01:09:11.320+0000][gc,heap      ] GC(1) Old regions: 5->9
[2023-11-17T01:09:11.320+0000][gc,heap      ] GC(1) Humongous regions: 0->0
[2023-11-17T01:09:11.320+0000][gc,metaspace ] GC(1) Metaspace: 13046K(13568K)->13046K(13568K) NonClass: 11488K(11776K)->11488K(11776K) Class: 1557K(1792K)->1557K(1792K)
[2023-11-17T01:09:11.320+0000][gc           ] GC(1) Pause Young (Normal) (G1 Evacuation Pause) 27M->7M(512M) 14.764ms
[2023-11-17T01:09:11.320+0000][gc,cpu       ] GC(1) User=0.02s Sys=0.01s Real=0.01s
[2023-11-17T01:09:11.693+0000][gc,start     ] GC(2) Pause Young (Normal) (G1 Evacuation Pause)
[2023-11-17T01:09:11.693+0000][gc,task      ] GC(2) Using 2 workers of 2 for evacuation
[2023-11-17T01:09:11.698+0000][gc,phases    ] GC(2)   Pre Evacuate Collection Set: 0.0ms
[2023-11-17T01:09:11.698+0000][gc,phases    ] GC(2)   Evacuate Collection Set: 4.6ms
[2023-11-17T01:09:11.698+0000][gc,phases    ] GC(2)   Post Evacuate Collection Set: 0.4ms
[2023-11-17T01:09:11.698+0000][gc,phases    ] GC(2)   Other: 0.1ms
[2023-11-17T01:09:11.698+0000][gc,heap      ] GC(2) Eden regions: 24->0(23)
[2023-11-17T01:09:11.698+0000][gc,heap      ] GC(2) Survivor regions: 1->2(4)
[2023-11-17T01:09:11.698+0000][gc,heap      ] GC(2) Old regions: 9->9
[2023-11-17T01:09:11.698+0000][gc,heap      ] GC(2) Humongous regions: 0->0
[2023-11-17T01:09:11.698+0000][gc,metaspace ] GC(2) Metaspace: 17799K(18688K)->17799K(18688K) NonClass: 15753K(16384K)->15753K(16384K) Class: 2045K(2304K)->2045K(2304K)
[2023-11-17T01:09:11.698+0000][gc           ] GC(2) Pause Young (Normal) (G1 Evacuation Pause) 31M->8M(512M) 5.182ms
[2023-11-17T01:09:11.698+0000][gc,cpu       ] GC(2) User=0.00s Sys=0.01s Real=0.01s
[2023-11-17T01:09:11.850+0000][gc,start     ] GC(3) Pause Young (Concurrent Start) (Metadata GC Threshold)
[2023-11-17T01:09:11.850+0000][gc,task      ] GC(3) Using 2 workers of 2 for evacuation
[2023-11-17T01:09:11.856+0000][gc,phases    ] GC(3)   Pre Evacuate Collection Set: 0.1ms
[2023-11-17T01:09:11.856+0000][gc,phases    ] GC(3)   Evacuate Collection Set: 5.6ms
[2023-11-17T01:09:11.856+0000][gc,phases    ] GC(3)   Post Evacuate Collection Set: 0.3ms
[2023-11-17T01:09:11.856+0000][gc,phases    ] GC(3)   Other: 0.2ms
[2023-11-17T01:09:11.856+0000][gc,heap      ] GC(3) Eden regions: 15->0(23)
[2023-11-17T01:09:11.856+0000][gc,heap      ] GC(3) Survivor regions: 2->2(4)
[2023-11-17T01:09:11.856+0000][gc,heap      ] GC(3) Old regions: 9->9
[2023-11-17T01:09:11.856+0000][gc,heap      ] GC(3) Humongous regions: 0->0
[2023-11-17T01:09:11.856+0000][gc,metaspace ] GC(3) Metaspace: 20389K(21248K)->20389K(21248K) NonClass: 18144K(18688K)->18144K(18688K) Class: 2244K(2560K)->2244K(2560K)
[2023-11-17T01:09:11.856+0000][gc           ] GC(3) Pause Young (Concurrent Start) (Metadata GC Threshold) 23M->8M(512M) 6.201ms
[2023-11-17T01:09:11.856+0000][gc,cpu       ] GC(3) User=0.01s Sys=0.00s Real=0.01s
[2023-11-17T01:09:11.856+0000][gc           ] GC(4) Concurrent Cycle
[2023-11-17T01:09:11.856+0000][gc,marking   ] GC(4) Concurrent Clear Claimed Marks
[2023-11-17T01:09:11.856+0000][gc,marking   ] GC(4) Concurrent Clear Claimed Marks 0.043ms
[2023-11-17T01:09:11.856+0000][gc,marking   ] GC(4) Concurrent Scan Root Regions
[2023-11-17T01:09:11.858+0000][gc,marking   ] GC(4) Concurrent Scan Root Regions 2.374ms
[2023-11-17T01:09:11.858+0000][gc,marking   ] GC(4) Concurrent Mark (1.946s)
[2023-11-17T01:09:11.858+0000][gc,marking   ] GC(4) Concurrent Mark From Roots
[2023-11-17T01:09:11.858+0000][gc,task      ] GC(4) Using 1 workers of 1 for marking
[2023-11-17T01:09:11.873+0000][gc,marking   ] GC(4) Concurrent Mark From Roots 15.025ms
[2023-11-17T01:09:11.873+0000][gc,marking   ] GC(4) Concurrent Preclean
[2023-11-17T01:09:11.874+0000][gc,marking   ] GC(4) Concurrent Preclean 0.095ms
[2023-11-17T01:09:11.874+0000][gc,marking   ] GC(4) Concurrent Mark (1.946s, 1.961s) 15.181ms
[2023-11-17T01:09:11.878+0000][gc,start     ] GC(4) Pause Remark
[2023-11-17T01:09:11.881+0000][gc,stringtable] GC(4) Cleaned string and symbol table, strings: 5759 processed, 10 removed, symbols: 47354 processed, 40 removed
[2023-11-17T01:09:11.882+0000][gc            ] GC(4) Pause Remark 9M->9M(512M) 3.653ms
[2023-11-17T01:09:11.882+0000][gc,cpu        ] GC(4) User=0.00s Sys=0.00s Real=0.00s
[2023-11-17T01:09:11.882+0000][gc,marking    ] GC(4) Concurrent Rebuild Remembered Sets
[2023-11-17T01:09:11.891+0000][gc,marking    ] GC(4) Concurrent Rebuild Remembered Sets 9.382ms
[2023-11-17T01:09:11.895+0000][gc,start      ] GC(4) Pause Cleanup
[2023-11-17T01:09:11.895+0000][gc            ] GC(4) Pause Cleanup 10M->10M(512M) 0.232ms
[2023-11-17T01:09:11.895+0000][gc,cpu        ] GC(4) User=0.00s Sys=0.00s Real=0.00s
[2023-11-17T01:09:11.895+0000][gc,marking    ] GC(4) Concurrent Cleanup for Next Mark
[2023-11-17T01:09:11.911+0000][gc,marking    ] GC(4) Concurrent Cleanup for Next Mark 15.168ms
[2023-11-17T01:09:11.911+0000][gc            ] GC(4) Concurrent Cycle 54.681ms
[2023-11-17T01:09:13.033+0000][gc,start      ] GC(5) Pause Young (Normal) (G1 Evacuation Pause)
[2023-11-17T01:09:13.033+0000][gc,task       ] GC(5) Using 2 workers of 2 for evacuation
[2023-11-17T01:09:13.054+0000][gc,mmu        ] GC(5) MMU target violated: 20.4ms (20.0ms/21.0ms)
[2023-11-17T01:09:13.054+0000][gc,phases     ] GC(5)   Pre Evacuate Collection Set: 0.0ms
[2023-11-17T01:09:13.054+0000][gc,phases     ] GC(5)   Evacuate Collection Set: 19.9ms
[2023-11-17T01:09:13.054+0000][gc,phases     ] GC(5)   Post Evacuate Collection Set: 0.4ms
[2023-11-17T01:09:13.054+0000][gc,phases     ] GC(5)   Other: 0.2ms
[2023-11-17T01:09:13.054+0000][gc,heap       ] GC(5) Eden regions: 23->0(21)
[2023-11-17T01:09:13.054+0000][gc,heap       ] GC(5) Survivor regions: 2->4(4)
[2023-11-17T01:09:13.054+0000][gc,heap       ] GC(5) Old regions: 9->9
[2023-11-17T01:09:13.054+0000][gc,heap       ] GC(5) Humongous regions: 0->0
[2023-11-17T01:09:13.054+0000][gc,metaspace  ] GC(5) Metaspace: 23377K(24448K)->23377K(24448K) NonClass: 20651K(21248K)->20651K(21248K) Class: 2726K(3200K)->2726K(3200K)
[2023-11-17T01:09:13.054+0000][gc            ] GC(5) Pause Young (Normal) (G1 Evacuation Pause) 31M->10M(512M) 20.593ms
[2023-11-17T01:09:13.054+0000][gc,cpu        ] GC(5) User=0.03s Sys=0.00s Real=0.02s
[2023-11-17T01:09:13.591+0000][gc,start      ] GC(6) Pause Young (Normal) (G1 Evacuation Pause)
[2023-11-17T01:09:13.591+0000][gc,task       ] GC(6) Using 2 workers of 2 for evacuation
[2023-11-17T01:09:13.622+0000][gc,mmu        ] GC(6) MMU target violated: 21.0ms (20.0ms/21.0ms)
[2023-11-17T01:09:13.622+0000][gc,phases     ] GC(6)   Pre Evacuate Collection Set: 0.0ms
[2023-11-17T01:09:13.622+0000][gc,phases     ] GC(6)   Evacuate Collection Set: 30.0ms
[2023-11-17T01:09:13.622+0000][gc,phases     ] GC(6)   Post Evacuate Collection Set: 0.4ms
[2023-11-17T01:09:13.622+0000][gc,phases     ] GC(6)   Other: 0.2ms
[2023-11-17T01:09:13.622+0000][gc,heap       ] GC(6) Eden regions: 21->0(22)
[2023-11-17T01:09:13.622+0000][gc,heap       ] GC(6) Survivor regions: 4->3(4)
[2023-11-17T01:09:13.622+0000][gc,heap       ] GC(6) Old regions: 9->10
[2023-11-17T01:09:13.622+0000][gc,heap       ] GC(6) Humongous regions: 0->0
[2023-11-17T01:09:13.622+0000][gc,metaspace  ] GC(6) Metaspace: 23402K(24448K)->23402K(24448K) NonClass: 20676K(21248K)->20676K(21248K) Class: 2726K(3200K)->2726K(3200K)
[2023-11-17T01:09:13.622+0000][gc            ] GC(6) Pause Young (Normal) (G1 Evacuation Pause) 31M->10M(512M) 30.718ms
[2023-11-17T01:09:13.622+0000][gc,cpu        ] GC(6) User=0.04s Sys=0.00s Real=0.03s
[2023-11-17T01:09:14.462+0000][gc,start      ] GC(7) Pause Young (Normal) (G1 Evacuation Pause)
[2023-11-17T01:09:14.462+0000][gc,task       ] GC(7) Using 2 workers of 2 for evacuation
[2023-11-17T01:09:14.467+0000][gc,phases     ] GC(7)   Pre Evacuate Collection Set: 0.0ms
[2023-11-17T01:09:14.467+0000][gc,phases     ] GC(7)   Evacuate Collection Set: 5.1ms
[2023-11-17T01:09:14.467+0000][gc,phases     ] GC(7)   Post Evacuate Collection Set: 0.3ms
[2023-11-17T01:09:14.467+0000][gc,phases     ] GC(7)   Other: 0.2ms
[2023-11-17T01:09:14.467+0000][gc,heap       ] GC(7) Eden regions: 22->0(22)
[2023-11-17T01:09:14.467+0000][gc,heap       ] GC(7) Survivor regions: 3->3(4)
[2023-11-17T01:09:14.467+0000][gc,heap       ] GC(7) Old regions: 10->10
[2023-11-17T01:09:14.467+0000][gc,heap       ] GC(7) Humongous regions: 0->0
[2023-11-17T01:09:14.467+0000][gc,metaspace  ] GC(7) Metaspace: 25750K(27008K)->25750K(27008K) NonClass: 22798K(23552K)->22798K(23552K) Class: 2952K(3456K)->2952K(3456K)
[2023-11-17T01:09:14.467+0000][gc            ] GC(7) Pause Young (Normal) (G1 Evacuation Pause) 32M->10M(512M) 5.641ms
[2023-11-17T01:09:14.467+0000][gc,cpu        ] GC(7) User=0.01s Sys=0.00s Real=0.01s
[2023-11-17T01:09:15.295+0000][gc,start      ] GC(8) Pause Young (Normal) (G1 Evacuation Pause)
[2023-11-17T01:09:15.295+0000][gc,task       ] GC(8) Using 2 workers of 2 for evacuation
[2023-11-17T01:09:15.326+0000][gc,mmu        ] GC(8) MMU target violated: 21.0ms (20.0ms/21.0ms)
[2023-11-17T01:09:15.326+0000][gc,phases     ] GC(8)   Pre Evacuate Collection Set: 0.0ms
[2023-11-17T01:09:15.326+0000][gc,phases     ] GC(8)   Evacuate Collection Set: 30.5ms
[2023-11-17T01:09:15.326+0000][gc,phases     ] GC(8)   Post Evacuate Collection Set: 0.4ms
[2023-11-17T01:09:15.326+0000][gc,phases     ] GC(8)   Other: 0.2ms
[2023-11-17T01:09:15.326+0000][gc,heap       ] GC(8) Eden regions: 22->0(22)
[2023-11-17T01:09:15.326+0000][gc,heap       ] GC(8) Survivor regions: 3->3(4)
[2023-11-17T01:09:15.326+0000][gc,heap       ] GC(8) Old regions: 10->11
[2023-11-17T01:09:15.326+0000][gc,heap       ] GC(8) Humongous regions: 9->9
[2023-11-17T01:09:15.326+0000][gc,metaspace  ] GC(8) Metaspace: 30061K(31360K)->30061K(31360K) NonClass: 26596K(27392K)->26596K(27392K) Class: 3465K(3968K)->3465K(3968K)
[2023-11-17T01:09:15.326+0000][gc            ] GC(8) Pause Young (Normal) (G1 Evacuation Pause) 41M->20M(512M) 31.192ms
[2023-11-17T01:09:15.326+0000][gc,cpu        ] GC(8) User=0.03s Sys=0.00s Real=0.03s
[2023-11-17T01:09:15.713+0000][gc,heap,exit  ] Heap
[2023-11-17T01:09:15.713+0000][gc,heap,exit  ]  garbage-first heap   total 524288K, used 30211K [0x00000000e0000000, 0x0000000100000000)
[2023-11-17T01:09:15.713+0000][gc,heap,exit  ]   region size 1024K, 13 young (13312K), 3 survivors (3072K)
[2023-11-17T01:09:15.713+0000][gc,heap,exit  ]  Metaspace       used 31533K, capacity 32628K, committed 32768K, reserved 1077248K
[2023-11-17T01:09:15.713+0000][gc,heap,exit  ]   class space    used 3606K, capacity 4096K, committed 4096K, reserved 1048576K
