[2023-11-17T02:16:44.823+0000][gc,heap] Heap region size: 1M
[2023-11-17T02:16:44.834+0000][gc     ] Using G1
[2023-11-17T02:16:44.834+0000][gc,heap,coops] Heap address: 0x00000000e0000000, size: 512 MB, Compressed Oops mode: 32-bit
[2023-11-17T02:16:44.834+0000][gc,cds       ] Mark closed archive regions in map: [0x00000000fff00000, 0x00000000fff6bff8]
[2023-11-17T02:16:44.834+0000][gc,cds       ] Mark open archive regions in map: [0x00000000ffe00000, 0x00000000ffe47ff8]
[2023-11-17T02:16:45.676+0000][gc,start     ] GC(0) Pause Young (Normal) (G1 Evacuation Pause)
[2023-11-17T02:16:45.676+0000][gc,task      ] GC(0) Using 2 workers of 2 for evacuation
[2023-11-17T02:16:45.694+0000][gc,phases    ] GC(0)   Pre Evacuate Collection Set: 0.0ms
[2023-11-17T02:16:45.694+0000][gc,phases    ] GC(0)   Evacuate Collection Set: 17.2ms
[2023-11-17T02:16:45.694+0000][gc,phases    ] GC(0)   Post Evacuate Collection Set: 0.4ms
[2023-11-17T02:16:45.694+0000][gc,phases    ] GC(0)   Other: 0.3ms
[2023-11-17T02:16:45.694+0000][gc,heap      ] GC(0) Eden regions: 25->0(21)
[2023-11-17T02:16:45.694+0000][gc,heap      ] GC(0) Survivor regions: 0->4(4)
[2023-11-17T02:16:45.694+0000][gc,heap      ] GC(0) Old regions: 2->5
[2023-11-17T02:16:45.694+0000][gc,heap      ] GC(0) Humongous regions: 0->0
[2023-11-17T02:16:45.694+0000][gc,metaspace ] GC(0) Metaspace: 7774K(8192K)->7774K(8192K) NonClass: 6928K(7168K)->6928K(7168K) Class: 845K(1024K)->845K(1024K)
[2023-11-17T02:16:45.694+0000][gc           ] GC(0) Pause Young (Normal) (G1 Evacuation Pause) 25M->7M(512M) 18.032ms
[2023-11-17T02:16:45.694+0000][gc,cpu       ] GC(0) User=0.03s Sys=0.00s Real=0.02s
[2023-11-17T02:16:46.076+0000][gc,start     ] GC(1) Pause Young (Normal) (G1 Evacuation Pause)
[2023-11-17T02:16:46.076+0000][gc,task      ] GC(1) Using 2 workers of 2 for evacuation
[2023-11-17T02:16:46.090+0000][gc,phases    ] GC(1)   Pre Evacuate Collection Set: 0.0ms
[2023-11-17T02:16:46.090+0000][gc,phases    ] GC(1)   Evacuate Collection Set: 13.6ms
[2023-11-17T02:16:46.090+0000][gc,phases    ] GC(1)   Post Evacuate Collection Set: 0.3ms
[2023-11-17T02:16:46.090+0000][gc,phases    ] GC(1)   Other: 0.1ms
[2023-11-17T02:16:46.090+0000][gc,heap      ] GC(1) Eden regions: 21->0(24)
[2023-11-17T02:16:46.090+0000][gc,heap      ] GC(1) Survivor regions: 4->1(4)
[2023-11-17T02:16:46.090+0000][gc,heap      ] GC(1) Old regions: 5->9
[2023-11-17T02:16:46.090+0000][gc,heap      ] GC(1) Humongous regions: 0->0
[2023-11-17T02:16:46.090+0000][gc,metaspace ] GC(1) Metaspace: 13074K(13824K)->13074K(13824K) NonClass: 11514K(12032K)->11514K(12032K) Class: 1560K(1792K)->1560K(1792K)
[2023-11-17T02:16:46.090+0000][gc           ] GC(1) Pause Young (Normal) (G1 Evacuation Pause) 28M->7M(512M) 14.164ms
[2023-11-17T02:16:46.090+0000][gc,cpu       ] GC(1) User=0.02s Sys=0.00s Real=0.01s
[2023-11-17T02:16:46.464+0000][gc,start     ] GC(2) Pause Young (Normal) (G1 Evacuation Pause)
[2023-11-17T02:16:46.464+0000][gc,task      ] GC(2) Using 2 workers of 2 for evacuation
[2023-11-17T02:16:46.470+0000][gc,phases    ] GC(2)   Pre Evacuate Collection Set: 0.0ms
[2023-11-17T02:16:46.470+0000][gc,phases    ] GC(2)   Evacuate Collection Set: 5.1ms
[2023-11-17T02:16:46.470+0000][gc,phases    ] GC(2)   Post Evacuate Collection Set: 0.4ms
[2023-11-17T02:16:46.470+0000][gc,phases    ] GC(2)   Other: 0.1ms
[2023-11-17T02:16:46.470+0000][gc,heap      ] GC(2) Eden regions: 24->0(23)
[2023-11-17T02:16:46.470+0000][gc,heap      ] GC(2) Survivor regions: 1->2(4)
[2023-11-17T02:16:46.470+0000][gc,heap      ] GC(2) Old regions: 9->9
[2023-11-17T02:16:46.470+0000][gc,heap      ] GC(2) Humongous regions: 0->0
[2023-11-17T02:16:46.470+0000][gc,metaspace ] GC(2) Metaspace: 17786K(18688K)->17786K(18688K) NonClass: 15740K(16384K)->15740K(16384K) Class: 2045K(2304K)->2045K(2304K)
[2023-11-17T02:16:46.470+0000][gc           ] GC(2) Pause Young (Normal) (G1 Evacuation Pause) 31M->8M(512M) 5.657ms
[2023-11-17T02:16:46.470+0000][gc,cpu       ] GC(2) User=0.01s Sys=0.00s Real=0.01s
[2023-11-17T02:16:46.620+0000][gc,start     ] GC(3) Pause Young (Concurrent Start) (Metadata GC Threshold)
[2023-11-17T02:16:46.620+0000][gc,task      ] GC(3) Using 2 workers of 2 for evacuation
[2023-11-17T02:16:46.629+0000][gc,phases    ] GC(3)   Pre Evacuate Collection Set: 0.1ms
[2023-11-17T02:16:46.629+0000][gc,phases    ] GC(3)   Evacuate Collection Set: 8.5ms
[2023-11-17T02:16:46.629+0000][gc,phases    ] GC(3)   Post Evacuate Collection Set: 0.2ms
[2023-11-17T02:16:46.629+0000][gc,phases    ] GC(3)   Other: 0.2ms
[2023-11-17T02:16:46.629+0000][gc,heap      ] GC(3) Eden regions: 15->0(23)
[2023-11-17T02:16:46.629+0000][gc,heap      ] GC(3) Survivor regions: 2->2(4)
[2023-11-17T02:16:46.629+0000][gc,heap      ] GC(3) Old regions: 9->9
[2023-11-17T02:16:46.629+0000][gc,heap      ] GC(3) Humongous regions: 0->0
[2023-11-17T02:16:46.629+0000][gc,metaspace ] GC(3) Metaspace: 20383K(21248K)->20383K(21248K) NonClass: 18138K(18688K)->18138K(18688K) Class: 2244K(2560K)->2244K(2560K)
[2023-11-17T02:16:46.629+0000][gc           ] GC(3) Pause Young (Concurrent Start) (Metadata GC Threshold) 23M->9M(512M) 9.174ms
[2023-11-17T02:16:46.629+0000][gc,cpu       ] GC(3) User=0.01s Sys=0.00s Real=0.01s
[2023-11-17T02:16:46.630+0000][gc           ] GC(4) Concurrent Cycle
[2023-11-17T02:16:46.630+0000][gc,marking   ] GC(4) Concurrent Clear Claimed Marks
[2023-11-17T02:16:46.630+0000][gc,marking   ] GC(4) Concurrent Clear Claimed Marks 0.136ms
[2023-11-17T02:16:46.630+0000][gc,marking   ] GC(4) Concurrent Scan Root Regions
[2023-11-17T02:16:46.633+0000][gc,marking   ] GC(4) Concurrent Scan Root Regions 2.941ms
[2023-11-17T02:16:46.633+0000][gc,marking   ] GC(4) Concurrent Mark (1.816s)
[2023-11-17T02:16:46.633+0000][gc,marking   ] GC(4) Concurrent Mark From Roots
[2023-11-17T02:16:46.633+0000][gc,task      ] GC(4) Using 1 workers of 1 for marking
[2023-11-17T02:16:46.669+0000][gc,marking   ] GC(4) Concurrent Mark From Roots 36.584ms
[2023-11-17T02:16:46.669+0000][gc,marking   ] GC(4) Concurrent Preclean
[2023-11-17T02:16:46.669+0000][gc,marking   ] GC(4) Concurrent Preclean 0.150ms
[2023-11-17T02:16:46.669+0000][gc,marking   ] GC(4) Concurrent Mark (1.816s, 1.852s) 36.799ms
[2023-11-17T02:16:46.670+0000][gc,start     ] GC(4) Pause Remark
[2023-11-17T02:16:46.674+0000][gc,stringtable] GC(4) Cleaned string and symbol table, strings: 5839 processed, 9 removed, symbols: 48046 processed, 40 removed
[2023-11-17T02:16:46.675+0000][gc            ] GC(4) Pause Remark 11M->11M(512M) 5.121ms
[2023-11-17T02:16:46.675+0000][gc,cpu        ] GC(4) User=0.01s Sys=0.00s Real=0.01s
[2023-11-17T02:16:46.680+0000][gc,marking    ] GC(4) Concurrent Rebuild Remembered Sets
[2023-11-17T02:16:46.694+0000][gc,marking    ] GC(4) Concurrent Rebuild Remembered Sets 14.248ms
[2023-11-17T02:16:46.695+0000][gc,start      ] GC(4) Pause Cleanup
[2023-11-17T02:16:46.695+0000][gc            ] GC(4) Pause Cleanup 12M->12M(512M) 0.178ms
[2023-11-17T02:16:46.695+0000][gc,cpu        ] GC(4) User=0.00s Sys=0.00s Real=0.00s
[2023-11-17T02:16:46.695+0000][gc,marking    ] GC(4) Concurrent Cleanup for Next Mark
[2023-11-17T02:16:46.724+0000][gc,marking    ] GC(4) Concurrent Cleanup for Next Mark 28.849ms
[2023-11-17T02:16:46.724+0000][gc            ] GC(4) Concurrent Cycle 94.332ms
[2023-11-17T02:16:47.364+0000][gc,start      ] GC(5) Pause Young (Concurrent Start) (G1 Evacuation Pause)
[2023-11-17T02:16:47.364+0000][gc,task       ] GC(5) Using 2 workers of 2 for evacuation
[2023-11-17T02:16:47.390+0000][gc,mmu        ] GC(5) MMU target violated: 21.0ms (20.0ms/21.0ms)
[2023-11-17T02:16:47.390+0000][gc,phases     ] GC(5)   Pre Evacuate Collection Set: 0.1ms
[2023-11-17T02:16:47.390+0000][gc,phases     ] GC(5)   Evacuate Collection Set: 25.7ms
[2023-11-17T02:16:47.390+0000][gc,phases     ] GC(5)   Post Evacuate Collection Set: 0.4ms
[2023-11-17T02:16:47.391+0000][gc,phases     ] GC(5)   Other: 0.2ms
[2023-11-17T02:16:47.391+0000][gc,heap       ] GC(5) Eden regions: 23->0(21)
[2023-11-17T02:16:47.391+0000][gc,heap       ] GC(5) Survivor regions: 2->4(4)
[2023-11-17T02:16:47.391+0000][gc,heap       ] GC(5) Old regions: 9->9
[2023-11-17T02:16:47.391+0000][gc,heap       ] GC(5) Humongous regions: 0->0
[2023-11-17T02:16:47.391+0000][gc,metaspace  ] GC(5) Metaspace: 23327K(24448K)->23327K(24448K) NonClass: 20601K(21248K)->20601K(21248K) Class: 2726K(3200K)->2726K(3200K)
[2023-11-17T02:16:47.391+0000][gc            ] GC(5) Pause Young (Concurrent Start) (G1 Evacuation Pause) 32M->10M(512M) 26.588ms
[2023-11-17T02:16:47.391+0000][gc,cpu        ] GC(5) User=0.05s Sys=0.00s Real=0.03s
[2023-11-17T02:16:47.391+0000][gc            ] GC(6) Concurrent Cycle
[2023-11-17T02:16:47.391+0000][gc,marking    ] GC(6) Concurrent Clear Claimed Marks
[2023-11-17T02:16:47.391+0000][gc,marking    ] GC(6) Concurrent Clear Claimed Marks 0.077ms
[2023-11-17T02:16:47.391+0000][gc,marking    ] GC(6) Concurrent Scan Root Regions
[2023-11-17T02:16:47.396+0000][gc,marking    ] GC(6) Concurrent Scan Root Regions 4.777ms
[2023-11-17T02:16:47.396+0000][gc,marking    ] GC(6) Concurrent Mark (2.579s)
[2023-11-17T02:16:47.396+0000][gc,marking    ] GC(6) Concurrent Mark From Roots
[2023-11-17T02:16:47.396+0000][gc,task       ] GC(6) Using 1 workers of 1 for marking
[2023-11-17T02:16:47.417+0000][gc,marking    ] GC(6) Concurrent Mark From Roots 20.920ms
[2023-11-17T02:16:47.417+0000][gc,marking    ] GC(6) Concurrent Preclean
[2023-11-17T02:16:47.417+0000][gc,marking    ] GC(6) Concurrent Preclean 0.103ms
[2023-11-17T02:16:47.417+0000][gc,marking    ] GC(6) Concurrent Mark (2.579s, 2.600s) 21.090ms
[2023-11-17T02:16:47.417+0000][gc,start      ] GC(6) Pause Remark
[2023-11-17T02:16:47.424+0000][gc,stringtable] GC(6) Cleaned string and symbol table, strings: 6990 processed, 1 removed, symbols: 52563 processed, 5 removed
[2023-11-17T02:16:47.424+0000][gc            ] GC(6) Pause Remark 12M->12M(512M) 7.401ms
[2023-11-17T02:16:47.424+0000][gc,cpu        ] GC(6) User=0.01s Sys=0.00s Real=0.00s
[2023-11-17T02:16:47.424+0000][gc,marking    ] GC(6) Concurrent Rebuild Remembered Sets
[2023-11-17T02:16:47.431+0000][gc,marking    ] GC(6) Concurrent Rebuild Remembered Sets 6.160ms
[2023-11-17T02:16:47.431+0000][gc,start      ] GC(6) Pause Cleanup
[2023-11-17T02:16:47.431+0000][gc            ] GC(6) Pause Cleanup 12M->12M(512M) 0.260ms
[2023-11-17T02:16:47.431+0000][gc,cpu        ] GC(6) User=0.00s Sys=0.00s Real=0.00s
[2023-11-17T02:16:47.431+0000][gc,marking    ] GC(6) Concurrent Cleanup for Next Mark
[2023-11-17T02:16:47.441+0000][gc,marking    ] GC(6) Concurrent Cleanup for Next Mark 10.141ms
[2023-11-17T02:16:47.441+0000][gc            ] GC(6) Concurrent Cycle 50.379ms
[2023-11-17T02:16:47.779+0000][gc,start      ] GC(7) Pause Young (Normal) (G1 Evacuation Pause)
[2023-11-17T02:16:47.779+0000][gc,task       ] GC(7) Using 2 workers of 2 for evacuation
[2023-11-17T02:16:47.789+0000][gc,phases     ] GC(7)   Pre Evacuate Collection Set: 0.0ms
[2023-11-17T02:16:47.789+0000][gc,phases     ] GC(7)   Evacuate Collection Set: 9.8ms
[2023-11-17T02:16:47.789+0000][gc,phases     ] GC(7)   Post Evacuate Collection Set: 0.3ms
[2023-11-17T02:16:47.789+0000][gc,phases     ] GC(7)   Other: 0.2ms
[2023-11-17T02:16:47.789+0000][gc,heap       ] GC(7) Eden regions: 21->0(22)
[2023-11-17T02:16:47.789+0000][gc,heap       ] GC(7) Survivor regions: 4->3(4)
[2023-11-17T02:16:47.789+0000][gc,heap       ] GC(7) Old regions: 9->10
[2023-11-17T02:16:47.789+0000][gc,heap       ] GC(7) Humongous regions: 0->0
[2023-11-17T02:16:47.789+0000][gc,metaspace  ] GC(7) Metaspace: 23341K(24448K)->23341K(24448K) NonClass: 20615K(21248K)->20615K(21248K) Class: 2726K(3200K)->2726K(3200K)
[2023-11-17T02:16:47.789+0000][gc            ] GC(7) Pause Young (Normal) (G1 Evacuation Pause) 31M->10M(512M) 10.364ms
[2023-11-17T02:16:47.789+0000][gc,cpu        ] GC(7) User=0.02s Sys=0.00s Real=0.01s
[2023-11-17T02:16:48.145+0000][gc,start      ] GC(8) Pause Young (Normal) (G1 Evacuation Pause)
[2023-11-17T02:16:48.145+0000][gc,task       ] GC(8) Using 2 workers of 2 for evacuation
[2023-11-17T02:16:48.153+0000][gc,phases     ] GC(8)   Pre Evacuate Collection Set: 0.0ms
[2023-11-17T02:16:48.153+0000][gc,phases     ] GC(8)   Evacuate Collection Set: 7.5ms
[2023-11-17T02:16:48.153+0000][gc,phases     ] GC(8)   Post Evacuate Collection Set: 0.4ms
[2023-11-17T02:16:48.153+0000][gc,phases     ] GC(8)   Other: 0.1ms
[2023-11-17T02:16:48.153+0000][gc,heap       ] GC(8) Eden regions: 22->0(22)
[2023-11-17T02:16:48.153+0000][gc,heap       ] GC(8) Survivor regions: 3->3(4)
[2023-11-17T02:16:48.153+0000][gc,heap       ] GC(8) Old regions: 10->10
[2023-11-17T02:16:48.153+0000][gc,heap       ] GC(8) Humongous regions: 0->0
[2023-11-17T02:16:48.153+0000][gc,metaspace  ] GC(8) Metaspace: 24481K(25600K)->24481K(25600K) NonClass: 21630K(22272K)->21630K(22272K) Class: 2851K(3328K)->2851K(3328K)
[2023-11-17T02:16:48.153+0000][gc            ] GC(8) Pause Young (Normal) (G1 Evacuation Pause) 32M->10M(512M) 8.174ms
[2023-11-17T02:16:48.153+0000][gc,cpu        ] GC(8) User=0.01s Sys=0.00s Real=0.01s
[2023-11-17T02:16:48.615+0000][gc,start      ] GC(9) Pause Young (Normal) (G1 Evacuation Pause)
[2023-11-17T02:16:48.615+0000][gc,task       ] GC(9) Using 2 workers of 2 for evacuation
[2023-11-17T02:16:48.623+0000][gc,phases     ] GC(9)   Pre Evacuate Collection Set: 0.0ms
[2023-11-17T02:16:48.623+0000][gc,phases     ] GC(9)   Evacuate Collection Set: 7.6ms
[2023-11-17T02:16:48.623+0000][gc,phases     ] GC(9)   Post Evacuate Collection Set: 0.4ms
[2023-11-17T02:16:48.623+0000][gc,phases     ] GC(9)   Other: 0.1ms
[2023-11-17T02:16:48.623+0000][gc,heap       ] GC(9) Eden regions: 22->0(22)
[2023-11-17T02:16:48.623+0000][gc,heap       ] GC(9) Survivor regions: 3->3(4)
[2023-11-17T02:16:48.623+0000][gc,heap       ] GC(9) Old regions: 10->11
[2023-11-17T02:16:48.623+0000][gc,heap       ] GC(9) Humongous regions: 9->9
[2023-11-17T02:16:48.623+0000][gc,metaspace  ] GC(9) Metaspace: 29213K(30464K)->29213K(30464K) NonClass: 25829K(26624K)->25829K(26624K) Class: 3384K(3840K)->3384K(3840K)
[2023-11-17T02:16:48.623+0000][gc            ] GC(9) Pause Young (Normal) (G1 Evacuation Pause) 41M->20M(512M) 8.169ms
[2023-11-17T02:16:48.623+0000][gc,cpu        ] GC(9) User=0.01s Sys=0.00s Real=0.00s
[2023-11-17T02:16:49.120+0000][gc,start      ] GC(10) Pause Young (Normal) (G1 Evacuation Pause)
[2023-11-17T02:16:49.120+0000][gc,task       ] GC(10) Using 2 workers of 2 for evacuation
[2023-11-17T02:16:49.130+0000][gc,phases     ] GC(10)   Pre Evacuate Collection Set: 0.0ms
[2023-11-17T02:16:49.130+0000][gc,phases     ] GC(10)   Evacuate Collection Set: 9.9ms
[2023-11-17T02:16:49.130+0000][gc,phases     ] GC(10)   Post Evacuate Collection Set: 0.5ms
[2023-11-17T02:16:49.130+0000][gc,phases     ] GC(10)   Other: 0.1ms
[2023-11-17T02:16:49.130+0000][gc,heap       ] GC(10) Eden regions: 22->0(23)
[2023-11-17T02:16:49.130+0000][gc,heap       ] GC(10) Survivor regions: 3->2(4)
[2023-11-17T02:16:49.130+0000][gc,heap       ] GC(10) Old regions: 11->12
[2023-11-17T02:16:49.130+0000][gc,heap       ] GC(10) Humongous regions: 9->9
[2023-11-17T02:16:49.130+0000][gc,metaspace  ] GC(10) Metaspace: 32180K(33408K)->32180K(33408K) NonClass: 28501K(29184K)->28501K(29184K) Class: 3678K(4224K)->3678K(4224K)
[2023-11-17T02:16:49.130+0000][gc            ] GC(10) Pause Young (Normal) (G1 Evacuation Pause) 42M->21M(512M) 10.629ms
[2023-11-17T02:16:49.130+0000][gc,cpu        ] GC(10) User=0.02s Sys=0.00s Real=0.01s
[2023-11-17T02:16:49.549+0000][gc,start      ] GC(11) Pause Young (Normal) (G1 Evacuation Pause)
[2023-11-17T02:16:49.549+0000][gc,task       ] GC(11) Using 2 workers of 2 for evacuation
[2023-11-17T02:16:49.564+0000][gc,phases     ] GC(11)   Pre Evacuate Collection Set: 0.0ms
[2023-11-17T02:16:49.564+0000][gc,phases     ] GC(11)   Evacuate Collection Set: 14.2ms
[2023-11-17T02:16:49.564+0000][gc,phases     ] GC(11)   Post Evacuate Collection Set: 0.4ms
[2023-11-17T02:16:49.564+0000][gc,phases     ] GC(11)   Other: 0.2ms
[2023-11-17T02:16:49.564+0000][gc,heap       ] GC(11) Eden regions: 23->0(21)
[2023-11-17T02:16:49.564+0000][gc,heap       ] GC(11) Survivor regions: 2->4(4)
[2023-11-17T02:16:49.564+0000][gc,heap       ] GC(11) Old regions: 12->13
[2023-11-17T02:16:49.564+0000][gc,heap       ] GC(11) Humongous regions: 9->9
[2023-11-17T02:16:49.564+0000][gc,metaspace  ] GC(11) Metaspace: 35349K(36864K)->35349K(36864K) NonClass: 31425K(32256K)->31425K(32256K) Class: 3924K(4608K)->3924K(4608K)
[2023-11-17T02:16:49.564+0000][gc            ] GC(11) Pause Young (Normal) (G1 Evacuation Pause) 44M->23M(512M) 14.847ms
[2023-11-17T02:16:49.564+0000][gc,cpu        ] GC(11) User=0.02s Sys=0.00s Real=0.01s
[2023-11-17T02:16:50.662+0000][gc,start      ] GC(12) Pause Young (Normal) (G1 Evacuation Pause)
[2023-11-17T02:16:50.662+0000][gc,task       ] GC(12) Using 2 workers of 2 for evacuation
[2023-11-17T02:16:50.676+0000][gc,phases     ] GC(12)   Pre Evacuate Collection Set: 0.0ms
[2023-11-17T02:16:50.676+0000][gc,phases     ] GC(12)   Evacuate Collection Set: 13.6ms
[2023-11-17T02:16:50.676+0000][gc,phases     ] GC(12)   Post Evacuate Collection Set: 0.4ms
[2023-11-17T02:16:50.676+0000][gc,phases     ] GC(12)   Other: 0.2ms
[2023-11-17T02:16:50.676+0000][gc,heap       ] GC(12) Eden regions: 21->0(23)
[2023-11-17T02:16:50.676+0000][gc,heap       ] GC(12) Survivor regions: 4->2(4)
[2023-11-17T02:16:50.676+0000][gc,heap       ] GC(12) Old regions: 13->17
[2023-11-17T02:16:50.676+0000][gc,heap       ] GC(12) Humongous regions: 9->9
[2023-11-17T02:16:50.676+0000][gc,metaspace  ] GC(12) Metaspace: 36491K(38016K)->36491K(38016K) NonClass: 32440K(33280K)->32440K(33280K) Class: 4050K(4736K)->4050K(4736K)
[2023-11-17T02:16:50.676+0000][gc            ] GC(12) Pause Young (Normal) (G1 Evacuation Pause) 44M->25M(512M) 14.243ms
[2023-11-17T02:16:50.676+0000][gc,cpu        ] GC(12) User=0.03s Sys=0.00s Real=0.02s
[2023-11-17T02:16:51.895+0000][gc,start      ] GC(13) Pause Young (Normal) (G1 Evacuation Pause)
[2023-11-17T02:16:51.895+0000][gc,task       ] GC(13) Using 2 workers of 2 for evacuation
[2023-11-17T02:16:51.903+0000][gc,phases     ] GC(13)   Pre Evacuate Collection Set: 0.0ms
[2023-11-17T02:16:51.903+0000][gc,phases     ] GC(13)   Evacuate Collection Set: 7.4ms
[2023-11-17T02:16:51.903+0000][gc,phases     ] GC(13)   Post Evacuate Collection Set: 0.5ms
[2023-11-17T02:16:51.903+0000][gc,phases     ] GC(13)   Other: 0.3ms
[2023-11-17T02:16:51.903+0000][gc,heap       ] GC(13) Eden regions: 23->0(22)
[2023-11-17T02:16:51.903+0000][gc,heap       ] GC(13) Survivor regions: 2->3(4)
[2023-11-17T02:16:51.903+0000][gc,heap       ] GC(13) Old regions: 17->17
[2023-11-17T02:16:51.903+0000][gc,heap       ] GC(13) Humongous regions: 144->144
[2023-11-17T02:16:51.903+0000][gc,metaspace  ] GC(13) Metaspace: 38677K(40704K)->38677K(40704K) NonClass: 34203K(35328K)->34203K(35328K) Class: 4473K(5376K)->4473K(5376K)
[2023-11-17T02:16:51.903+0000][gc            ] GC(13) Pause Young (Normal) (G1 Evacuation Pause) 183M->161M(512M) 8.191ms
[2023-11-17T02:16:51.903+0000][gc,cpu        ] GC(13) User=0.02s Sys=0.00s Real=0.00s
[2023-11-17T02:16:51.974+0000][gc,start      ] GC(14) Pause Young (Concurrent Start) (Metadata GC Threshold)
[2023-11-17T02:16:51.974+0000][gc,task       ] GC(14) Using 2 workers of 2 for evacuation
[2023-11-17T02:16:51.981+0000][gc,phases     ] GC(14)   Pre Evacuate Collection Set: 0.3ms
[2023-11-17T02:16:51.981+0000][gc,phases     ] GC(14)   Evacuate Collection Set: 5.9ms
[2023-11-17T02:16:51.981+0000][gc,phases     ] GC(14)   Post Evacuate Collection Set: 0.3ms
[2023-11-17T02:16:51.981+0000][gc,phases     ] GC(14)   Other: 0.2ms
[2023-11-17T02:16:51.981+0000][gc,heap       ] GC(14) Eden regions: 3->0(23)
[2023-11-17T02:16:51.981+0000][gc,heap       ] GC(14) Survivor regions: 3->2(4)
[2023-11-17T02:16:51.981+0000][gc,heap       ] GC(14) Old regions: 17->18
[2023-11-17T02:16:51.981+0000][gc,heap       ] GC(14) Humongous regions: 156->138
[2023-11-17T02:16:51.981+0000][gc,metaspace  ] GC(14) Metaspace: 38999K(40704K)->38999K(40704K) NonClass: 34458K(35328K)->34458K(35328K) Class: 4541K(5376K)->4541K(5376K)
[2023-11-17T02:16:51.981+0000][gc            ] GC(14) Pause Young (Concurrent Start) (Metadata GC Threshold) 175M->155M(512M) 6.720ms
[2023-11-17T02:16:51.981+0000][gc,cpu        ] GC(14) User=0.01s Sys=0.00s Real=0.00s
[2023-11-17T02:16:51.981+0000][gc            ] GC(15) Concurrent Cycle
[2023-11-17T02:16:51.981+0000][gc,marking    ] GC(15) Concurrent Clear Claimed Marks
[2023-11-17T02:16:51.981+0000][gc,marking    ] GC(15) Concurrent Clear Claimed Marks 0.110ms
[2023-11-17T02:16:51.981+0000][gc,marking    ] GC(15) Concurrent Scan Root Regions
[2023-11-17T02:16:51.983+0000][gc,marking    ] GC(15) Concurrent Scan Root Regions 1.703ms
[2023-11-17T02:16:51.983+0000][gc,marking    ] GC(15) Concurrent Mark (7.166s)
[2023-11-17T02:16:51.983+0000][gc,marking    ] GC(15) Concurrent Mark From Roots
[2023-11-17T02:16:51.983+0000][gc,task       ] GC(15) Using 1 workers of 1 for marking
[2023-11-17T02:16:52.043+0000][gc,marking    ] GC(15) Concurrent Mark From Roots 60.053ms
[2023-11-17T02:16:52.043+0000][gc,marking    ] GC(15) Concurrent Preclean
[2023-11-17T02:16:52.043+0000][gc,marking    ] GC(15) Concurrent Preclean 0.075ms
[2023-11-17T02:16:52.043+0000][gc,marking    ] GC(15) Concurrent Mark (7.166s, 7.226s) 60.166ms
[2023-11-17T02:16:52.043+0000][gc,start      ] GC(15) Pause Remark
[2023-11-17T02:16:52.053+0000][gc,stringtable] GC(15) Cleaned string and symbol table, strings: 10883 processed, 17 removed, symbols: 90923 processed, 18 removed
[2023-11-17T02:16:52.053+0000][gc            ] GC(15) Pause Remark 191M->191M(512M) 9.702ms
[2023-11-17T02:16:52.053+0000][gc,cpu        ] GC(15) User=0.01s Sys=0.00s Real=0.01s
[2023-11-17T02:16:52.053+0000][gc,marking    ] GC(15) Concurrent Rebuild Remembered Sets
[2023-11-17T02:16:52.082+0000][gc,marking    ] GC(15) Concurrent Rebuild Remembered Sets 29.231ms
[2023-11-17T02:16:52.083+0000][gc,start      ] GC(15) Pause Cleanup
[2023-11-17T02:16:52.083+0000][gc            ] GC(15) Pause Cleanup 216M->216M(512M) 0.136ms
[2023-11-17T02:16:52.083+0000][gc,cpu        ] GC(15) User=0.00s Sys=0.00s Real=0.00s
[2023-11-17T02:16:52.083+0000][gc,marking    ] GC(15) Concurrent Cleanup for Next Mark
[2023-11-17T02:16:52.085+0000][gc,marking    ] GC(15) Concurrent Cleanup for Next Mark 1.815ms
[2023-11-17T02:16:52.085+0000][gc            ] GC(15) Concurrent Cycle 104.343ms
[2023-11-17T02:16:52.085+0000][gc,start      ] GC(16) Pause Young (Concurrent Start) (G1 Humongous Allocation)
[2023-11-17T02:16:52.085+0000][gc,task       ] GC(16) Using 2 workers of 2 for evacuation
[2023-11-17T02:16:52.091+0000][gc,phases     ] GC(16)   Pre Evacuate Collection Set: 0.2ms
[2023-11-17T02:16:52.091+0000][gc,phases     ] GC(16)   Evacuate Collection Set: 5.1ms
[2023-11-17T02:16:52.091+0000][gc,phases     ] GC(16)   Post Evacuate Collection Set: 0.3ms
[2023-11-17T02:16:52.091+0000][gc,phases     ] GC(16)   Other: 0.3ms
[2023-11-17T02:16:52.091+0000][gc,heap       ] GC(16) Eden regions: 1->0(23)
[2023-11-17T02:16:52.091+0000][gc,heap       ] GC(16) Survivor regions: 2->2(4)
[2023-11-17T02:16:52.091+0000][gc,heap       ] GC(16) Old regions: 18->18
[2023-11-17T02:16:52.091+0000][gc,heap       ] GC(16) Humongous regions: 198->138
[2023-11-17T02:16:52.091+0000][gc,metaspace  ] GC(16) Metaspace: 39017K(40960K)->39017K(40960K) NonClass: 34476K(35584K)->34476K(35584K) Class: 4541K(5376K)->4541K(5376K)
[2023-11-17T02:16:52.091+0000][gc            ] GC(16) Pause Young (Concurrent Start) (G1 Humongous Allocation) 216M->155M(512M) 5.926ms
[2023-11-17T02:16:52.091+0000][gc,cpu        ] GC(16) User=0.02s Sys=0.00s Real=0.00s
[2023-11-17T02:16:52.091+0000][gc            ] GC(17) Concurrent Cycle
[2023-11-17T02:16:52.091+0000][gc,marking    ] GC(17) Concurrent Clear Claimed Marks
[2023-11-17T02:16:52.092+0000][gc,marking    ] GC(17) Concurrent Clear Claimed Marks 0.161ms
[2023-11-17T02:16:52.092+0000][gc,marking    ] GC(17) Concurrent Scan Root Regions
[2023-11-17T02:16:52.095+0000][gc,marking    ] GC(17) Concurrent Scan Root Regions 3.088ms
[2023-11-17T02:16:52.095+0000][gc,marking    ] GC(17) Concurrent Mark (7.278s)
[2023-11-17T02:16:52.095+0000][gc,marking    ] GC(17) Concurrent Mark From Roots
[2023-11-17T02:16:52.095+0000][gc,task       ] GC(17) Using 1 workers of 1 for marking
[2023-11-17T02:16:52.122+0000][gc,marking    ] GC(17) Concurrent Mark From Roots 26.893ms
[2023-11-17T02:16:52.122+0000][gc,marking    ] GC(17) Concurrent Preclean
[2023-11-17T02:16:52.122+0000][gc,marking    ] GC(17) Concurrent Preclean 0.081ms
[2023-11-17T02:16:52.122+0000][gc,marking    ] GC(17) Concurrent Mark (7.278s, 7.305s) 27.021ms
[2023-11-17T02:16:52.122+0000][gc,start      ] GC(17) Pause Remark
[2023-11-17T02:16:52.130+0000][gc,stringtable] GC(17) Cleaned string and symbol table, strings: 10866 processed, 3 removed, symbols: 90905 processed, 0 removed
[2023-11-17T02:16:52.131+0000][gc            ] GC(17) Pause Remark 173M->173M(512M) 8.811ms
[2023-11-17T02:16:52.131+0000][gc,cpu        ] GC(17) User=0.01s Sys=0.00s Real=0.01s
[2023-11-17T02:16:52.131+0000][gc,marking    ] GC(17) Concurrent Rebuild Remembered Sets
[2023-11-17T02:16:52.146+0000][gc,marking    ] GC(17) Concurrent Rebuild Remembered Sets 15.643ms
[2023-11-17T02:16:52.147+0000][gc,start      ] GC(17) Pause Cleanup
[2023-11-17T02:16:52.147+0000][gc            ] GC(17) Pause Cleanup 173M->173M(512M) 0.187ms
[2023-11-17T02:16:52.147+0000][gc,cpu        ] GC(17) User=0.00s Sys=0.00s Real=0.00s
[2023-11-17T02:16:52.147+0000][gc,marking    ] GC(17) Concurrent Cleanup for Next Mark
[2023-11-17T02:16:52.148+0000][gc,marking    ] GC(17) Concurrent Cleanup for Next Mark 1.346ms
[2023-11-17T02:16:52.148+0000][gc            ] GC(17) Concurrent Cycle 56.873ms
[2023-11-17T02:17:25.802+0000][gc,start      ] GC(18) Pause Young (Normal) (G1 Evacuation Pause)
[2023-11-17T02:17:25.802+0000][gc,task       ] GC(18) Using 2 workers of 2 for evacuation
[2023-11-17T02:17:25.815+0000][gc,phases     ] GC(18)   Pre Evacuate Collection Set: 0.0ms
[2023-11-17T02:17:25.815+0000][gc,phases     ] GC(18)   Evacuate Collection Set: 12.4ms
[2023-11-17T02:17:25.815+0000][gc,phases     ] GC(18)   Post Evacuate Collection Set: 0.5ms
[2023-11-17T02:17:25.815+0000][gc,phases     ] GC(18)   Other: 0.2ms
[2023-11-17T02:17:25.815+0000][gc,heap       ] GC(18) Eden regions: 23->0(21)
[2023-11-17T02:17:25.815+0000][gc,heap       ] GC(18) Survivor regions: 2->4(4)
[2023-11-17T02:17:25.815+0000][gc,heap       ] GC(18) Old regions: 18->18
[2023-11-17T02:17:25.815+0000][gc,heap       ] GC(18) Humongous regions: 156->138
[2023-11-17T02:17:25.815+0000][gc,metaspace  ] GC(18) Metaspace: 42117K(44544K)->42117K(44544K) NonClass: 36931K(38144K)->36931K(38144K) Class: 5185K(6400K)->5185K(6400K)
[2023-11-17T02:17:25.815+0000][gc            ] GC(18) Pause Young (Normal) (G1 Evacuation Pause) 196M->157M(512M) 13.209ms
[2023-11-17T02:17:25.815+0000][gc,cpu        ] GC(18) User=0.02s Sys=0.00s Real=0.02s
[2023-11-17T02:18:24.049+0000][gc,start      ] GC(19) Pause Young (Normal) (G1 Evacuation Pause)
[2023-11-17T02:18:24.049+0000][gc,task       ] GC(19) Using 2 workers of 2 for evacuation
[2023-11-17T02:18:24.064+0000][gc,phases     ] GC(19)   Pre Evacuate Collection Set: 0.0ms
[2023-11-17T02:18:24.064+0000][gc,phases     ] GC(19)   Evacuate Collection Set: 14.0ms
[2023-11-17T02:18:24.064+0000][gc,phases     ] GC(19)   Post Evacuate Collection Set: 0.5ms
[2023-11-17T02:18:24.064+0000][gc,phases     ] GC(19)   Other: 0.2ms
[2023-11-17T02:18:24.064+0000][gc,heap       ] GC(19) Eden regions: 21->0(21)
[2023-11-17T02:18:24.064+0000][gc,heap       ] GC(19) Survivor regions: 4->4(4)
[2023-11-17T02:18:24.064+0000][gc,heap       ] GC(19) Old regions: 18->19
[2023-11-17T02:18:24.064+0000][gc,heap       ] GC(19) Humongous regions: 138->138
[2023-11-17T02:18:24.064+0000][gc,metaspace  ] GC(19) Metaspace: 43133K(45568K)->43133K(45568K) NonClass: 37892K(39168K)->37892K(39168K) Class: 5241K(6400K)->5241K(6400K)
[2023-11-17T02:18:24.064+0000][gc            ] GC(19) Pause Young (Normal) (G1 Evacuation Pause) 178M->158M(512M) 14.784ms
[2023-11-17T02:18:24.064+0000][gc,cpu        ] GC(19) User=0.02s Sys=0.00s Real=0.01s
[2023-11-17T02:19:27.333+0000][gc,start      ] GC(20) Pause Young (Normal) (G1 Evacuation Pause)
[2023-11-17T02:19:27.333+0000][gc,task       ] GC(20) Using 2 workers of 2 for evacuation
[2023-11-17T02:19:27.349+0000][gc,phases     ] GC(20)   Pre Evacuate Collection Set: 0.0ms
[2023-11-17T02:19:27.349+0000][gc,phases     ] GC(20)   Evacuate Collection Set: 14.8ms
[2023-11-17T02:19:27.349+0000][gc,phases     ] GC(20)   Post Evacuate Collection Set: 0.7ms
[2023-11-17T02:19:27.349+0000][gc,phases     ] GC(20)   Other: 0.2ms
[2023-11-17T02:19:27.349+0000][gc,heap       ] GC(20) Eden regions: 21->0(21)
[2023-11-17T02:19:27.349+0000][gc,heap       ] GC(20) Survivor regions: 4->4(4)
[2023-11-17T02:19:27.349+0000][gc,heap       ] GC(20) Old regions: 19->21
[2023-11-17T02:19:27.349+0000][gc,heap       ] GC(20) Humongous regions: 138->138
[2023-11-17T02:19:27.349+0000][gc,metaspace  ] GC(20) Metaspace: 43317K(45824K)->43317K(45824K) NonClass: 38075K(39424K)->38075K(39424K) Class: 5241K(6400K)->5241K(6400K)
[2023-11-17T02:19:27.349+0000][gc            ] GC(20) Pause Young (Normal) (G1 Evacuation Pause) 179M->160M(512M) 15.835ms
[2023-11-17T02:19:27.349+0000][gc,cpu        ] GC(20) User=0.03s Sys=0.00s Real=0.02s
[2023-11-17T02:20:32.336+0000][gc,start      ] GC(21) Pause Young (Normal) (G1 Evacuation Pause)
[2023-11-17T02:20:32.336+0000][gc,task       ] GC(21) Using 2 workers of 2 for evacuation
[2023-11-17T02:20:32.351+0000][gc,phases     ] GC(21)   Pre Evacuate Collection Set: 0.0ms
[2023-11-17T02:20:32.351+0000][gc,phases     ] GC(21)   Evacuate Collection Set: 13.9ms
[2023-11-17T02:20:32.351+0000][gc,phases     ] GC(21)   Post Evacuate Collection Set: 0.6ms
[2023-11-17T02:20:32.351+0000][gc,phases     ] GC(21)   Other: 0.3ms
[2023-11-17T02:20:32.351+0000][gc,heap       ] GC(21) Eden regions: 21->0(22)
[2023-11-17T02:20:32.351+0000][gc,heap       ] GC(21) Survivor regions: 4->3(4)
[2023-11-17T02:20:32.351+0000][gc,heap       ] GC(21) Old regions: 21->21
[2023-11-17T02:20:32.351+0000][gc,heap       ] GC(21) Humongous regions: 138->138
[2023-11-17T02:20:32.351+0000][gc,metaspace  ] GC(21) Metaspace: 43455K(46080K)->43455K(46080K) NonClass: 38207K(39680K)->38207K(39680K) Class: 5248K(6400K)->5248K(6400K)
[2023-11-17T02:20:32.351+0000][gc            ] GC(21) Pause Young (Normal) (G1 Evacuation Pause) 181M->160M(512M) 14.921ms
[2023-11-17T02:20:32.351+0000][gc,cpu        ] GC(21) User=0.03s Sys=0.00s Real=0.01s
[2023-11-17T02:21:41.286+0000][gc,start      ] GC(22) Pause Young (Normal) (G1 Evacuation Pause)
[2023-11-17T02:21:41.286+0000][gc,task       ] GC(22) Using 2 workers of 2 for evacuation
[2023-11-17T02:21:41.295+0000][gc,phases     ] GC(22)   Pre Evacuate Collection Set: 0.0ms
[2023-11-17T02:21:41.295+0000][gc,phases     ] GC(22)   Evacuate Collection Set: 7.9ms
[2023-11-17T02:21:41.295+0000][gc,phases     ] GC(22)   Post Evacuate Collection Set: 0.3ms
[2023-11-17T02:21:41.295+0000][gc,phases     ] GC(22)   Other: 0.2ms
[2023-11-17T02:21:41.295+0000][gc,heap       ] GC(22) Eden regions: 22->0(23)
[2023-11-17T02:21:41.295+0000][gc,heap       ] GC(22) Survivor regions: 3->2(4)
[2023-11-17T02:21:41.295+0000][gc,heap       ] GC(22) Old regions: 21->23
[2023-11-17T02:21:41.295+0000][gc,heap       ] GC(22) Humongous regions: 138->138
[2023-11-17T02:21:41.295+0000][gc,metaspace  ] GC(22) Metaspace: 43645K(46080K)->43645K(46080K) NonClass: 38396K(39680K)->38396K(39680K) Class: 5248K(6400K)->5248K(6400K)
[2023-11-17T02:21:41.295+0000][gc            ] GC(22) Pause Young (Normal) (G1 Evacuation Pause) 182M->160M(512M) 8.601ms
[2023-11-17T02:21:41.295+0000][gc,cpu        ] GC(22) User=0.02s Sys=0.00s Real=0.01s
[2023-11-17T02:22:54.715+0000][gc,start      ] GC(23) Pause Young (Normal) (G1 Evacuation Pause)
[2023-11-17T02:22:54.715+0000][gc,task       ] GC(23) Using 2 workers of 2 for evacuation
[2023-11-17T02:22:54.727+0000][gc,phases     ] GC(23)   Pre Evacuate Collection Set: 0.0ms
[2023-11-17T02:22:54.727+0000][gc,phases     ] GC(23)   Evacuate Collection Set: 11.4ms
[2023-11-17T02:22:54.727+0000][gc,phases     ] GC(23)   Post Evacuate Collection Set: 0.3ms
[2023-11-17T02:22:54.727+0000][gc,phases     ] GC(23)   Other: 0.3ms
[2023-11-17T02:22:54.727+0000][gc,heap       ] GC(23) Eden regions: 23->0(22)
[2023-11-17T02:22:54.727+0000][gc,heap       ] GC(23) Survivor regions: 2->4(4)
[2023-11-17T02:22:54.727+0000][gc,heap       ] GC(23) Old regions: 23->23
[2023-11-17T02:22:54.727+0000][gc,heap       ] GC(23) Humongous regions: 138->138
[2023-11-17T02:22:54.727+0000][gc,metaspace  ] GC(23) Metaspace: 43708K(46336K)->43708K(46336K) NonClass: 38458K(39936K)->38458K(39936K) Class: 5250K(6400K)->5250K(6400K)
[2023-11-17T02:22:54.727+0000][gc            ] GC(23) Pause Young (Normal) (G1 Evacuation Pause) 183M->162M(512M) 12.237ms
[2023-11-17T02:22:54.727+0000][gc,cpu        ] GC(23) User=0.02s Sys=0.00s Real=0.01s
[2023-11-17T02:24:02.877+0000][gc,start      ] GC(24) Pause Young (Normal) (G1 Evacuation Pause)
[2023-11-17T02:24:02.877+0000][gc,task       ] GC(24) Using 2 workers of 2 for evacuation
[2023-11-17T02:24:02.888+0000][gc,phases     ] GC(24)   Pre Evacuate Collection Set: 0.0ms
[2023-11-17T02:24:02.888+0000][gc,phases     ] GC(24)   Evacuate Collection Set: 10.5ms
[2023-11-17T02:24:02.888+0000][gc,phases     ] GC(24)   Post Evacuate Collection Set: 0.3ms
[2023-11-17T02:24:02.888+0000][gc,phases     ] GC(24)   Other: 0.2ms
[2023-11-17T02:24:02.888+0000][gc,heap       ] GC(24) Eden regions: 21->0(28)
[2023-11-17T02:24:02.888+0000][gc,heap       ] GC(24) Survivor regions: 4->2(4)
[2023-11-17T02:24:02.888+0000][gc,heap       ] GC(24) Old regions: 23->25
[2023-11-17T02:24:02.888+0000][gc,heap       ] GC(24) Humongous regions: 138->138
[2023-11-17T02:24:02.888+0000][gc,metaspace  ] GC(24) Metaspace: 43733K(46336K)->43733K(46336K) NonClass: 38482K(39936K)->38482K(39936K) Class: 5250K(6400K)->5250K(6400K)
[2023-11-17T02:24:02.888+0000][gc            ] GC(24) Pause Young (Normal) (G1 Evacuation Pause) 183M->162M(512M) 11.118ms
[2023-11-17T02:24:02.888+0000][gc,cpu        ] GC(24) User=0.02s Sys=0.00s Real=0.01s
[2023-11-17T02:25:17.021+0000][gc,start      ] GC(25) Pause Young (Normal) (G1 Evacuation Pause)
[2023-11-17T02:25:17.021+0000][gc,task       ] GC(25) Using 2 workers of 2 for evacuation
[2023-11-17T02:25:17.044+0000][gc,mmu        ] GC(25) MMU target violated: 21.0ms (20.0ms/21.0ms)
[2023-11-17T02:25:17.044+0000][gc,phases     ] GC(25)   Pre Evacuate Collection Set: 0.0ms
[2023-11-17T02:25:17.044+0000][gc,phases     ] GC(25)   Evacuate Collection Set: 10.5ms
[2023-11-17T02:25:17.044+0000][gc,phases     ] GC(25)   Post Evacuate Collection Set: 12.5ms
[2023-11-17T02:25:17.044+0000][gc,phases     ] GC(25)   Other: 0.3ms
[2023-11-17T02:25:17.044+0000][gc,heap       ] GC(25) Eden regions: 23->0(21)
[2023-11-17T02:25:17.044+0000][gc,heap       ] GC(25) Survivor regions: 2->4(4)
[2023-11-17T02:25:17.044+0000][gc,heap       ] GC(25) Old regions: 25->25
[2023-11-17T02:25:17.044+0000][gc,heap       ] GC(25) Humongous regions: 138->138
[2023-11-17T02:25:17.044+0000][gc,metaspace  ] GC(25) Metaspace: 43846K(46336K)->43846K(46336K) NonClass: 38577K(39936K)->38577K(39936K) Class: 5269K(6400K)->5269K(6400K)
[2023-11-17T02:25:17.044+0000][gc            ] GC(25) Pause Young (Normal) (G1 Evacuation Pause) 185M->165M(512M) 23.345ms
[2023-11-17T02:25:17.044+0000][gc,cpu        ] GC(25) User=0.03s Sys=0.00s Real=0.02s
[2023-11-17T02:26:23.784+0000][gc,start      ] GC(26) Pause Young (Normal) (G1 Evacuation Pause)
[2023-11-17T02:26:23.784+0000][gc,task       ] GC(26) Using 2 workers of 2 for evacuation
[2023-11-17T02:26:23.813+0000][gc,mmu        ] GC(26) MMU target violated: 21.0ms (20.0ms/21.0ms)
[2023-11-17T02:26:23.813+0000][gc,phases     ] GC(26)   Pre Evacuate Collection Set: 0.0ms
[2023-11-17T02:26:23.813+0000][gc,phases     ] GC(26)   Evacuate Collection Set: 19.0ms
[2023-11-17T02:26:23.813+0000][gc,phases     ] GC(26)   Post Evacuate Collection Set: 9.3ms
[2023-11-17T02:26:23.813+0000][gc,phases     ] GC(26)   Other: 0.7ms
[2023-11-17T02:26:23.813+0000][gc,heap       ] GC(26) Eden regions: 21->0(23)
[2023-11-17T02:26:23.813+0000][gc,heap       ] GC(26) Survivor regions: 4->2(4)
[2023-11-17T02:26:23.813+0000][gc,heap       ] GC(26) Old regions: 25->27
[2023-11-17T02:26:23.813+0000][gc,heap       ] GC(26) Humongous regions: 138->138
[2023-11-17T02:26:23.813+0000][gc,metaspace  ] GC(26) Metaspace: 43942K(46336K)->43942K(46336K) NonClass: 38673K(39936K)->38673K(39936K) Class: 5269K(6400K)->5269K(6400K)
[2023-11-17T02:26:23.813+0000][gc            ] GC(26) Pause Young (Normal) (G1 Evacuation Pause) 186M->164M(512M) 29.081ms
[2023-11-17T02:26:23.813+0000][gc,cpu        ] GC(26) User=0.05s Sys=0.00s Real=0.03s
[2023-11-17T02:27:38.347+0000][gc,start      ] GC(27) Pause Young (Normal) (G1 Evacuation Pause)
[2023-11-17T02:27:38.347+0000][gc,task       ] GC(27) Using 2 workers of 2 for evacuation
[2023-11-17T02:27:38.362+0000][gc,phases     ] GC(27)   Pre Evacuate Collection Set: 0.0ms
[2023-11-17T02:27:38.362+0000][gc,phases     ] GC(27)   Evacuate Collection Set: 14.6ms
[2023-11-17T02:27:38.362+0000][gc,phases     ] GC(27)   Post Evacuate Collection Set: 0.5ms
[2023-11-17T02:27:38.363+0000][gc,phases     ] GC(27)   Other: 0.2ms
[2023-11-17T02:27:38.363+0000][gc,heap       ] GC(27) Eden regions: 23->0(21)
[2023-11-17T02:27:38.363+0000][gc,heap       ] GC(27) Survivor regions: 2->4(4)
[2023-11-17T02:27:38.363+0000][gc,heap       ] GC(27) Old regions: 27->27
[2023-11-17T02:27:38.363+0000][gc,heap       ] GC(27) Humongous regions: 138->138
[2023-11-17T02:27:38.363+0000][gc,metaspace  ] GC(27) Metaspace: 44054K(46720K)->44054K(46720K) NonClass: 38751K(40192K)->38751K(40192K) Class: 5303K(6528K)->5303K(6528K)
[2023-11-17T02:27:38.363+0000][gc            ] GC(27) Pause Young (Normal) (G1 Evacuation Pause) 187M->167M(512M) 15.503ms
[2023-11-17T02:27:38.363+0000][gc,cpu        ] GC(27) User=0.03s Sys=0.00s Real=0.01s
[2023-11-17T02:28:56.026+0000][gc,start      ] GC(28) Pause Young (Normal) (G1 Evacuation Pause)
[2023-11-17T02:28:56.026+0000][gc,task       ] GC(28) Using 2 workers of 2 for evacuation
[2023-11-17T02:28:56.038+0000][gc,phases     ] GC(28)   Pre Evacuate Collection Set: 0.0ms
[2023-11-17T02:28:56.038+0000][gc,phases     ] GC(28)   Evacuate Collection Set: 11.7ms
[2023-11-17T02:28:56.038+0000][gc,phases     ] GC(28)   Post Evacuate Collection Set: 0.3ms
[2023-11-17T02:28:56.038+0000][gc,phases     ] GC(28)   Other: 0.2ms
[2023-11-17T02:28:56.038+0000][gc,heap       ] GC(28) Eden regions: 21->0(23)
[2023-11-17T02:28:56.038+0000][gc,heap       ] GC(28) Survivor regions: 4->2(4)
[2023-11-17T02:28:56.038+0000][gc,heap       ] GC(28) Old regions: 27->29
[2023-11-17T02:28:56.038+0000][gc,heap       ] GC(28) Humongous regions: 138->138
[2023-11-17T02:28:56.038+0000][gc,metaspace  ] GC(28) Metaspace: 44060K(46720K)->44060K(46720K) NonClass: 38757K(40192K)->38757K(40192K) Class: 5303K(6528K)->5303K(6528K)
[2023-11-17T02:28:56.038+0000][gc            ] GC(28) Pause Young (Normal) (G1 Evacuation Pause) 188M->167M(512M) 12.305ms
[2023-11-17T02:28:56.038+0000][gc,cpu        ] GC(28) User=0.02s Sys=0.00s Real=0.01s
[2023-11-17T02:30:21.925+0000][gc,start      ] GC(29) Pause Young (Normal) (G1 Evacuation Pause)
[2023-11-17T02:30:21.925+0000][gc,task       ] GC(29) Using 2 workers of 2 for evacuation
[2023-11-17T02:30:21.946+0000][gc,mmu        ] GC(29) MMU target violated: 20.8ms (20.0ms/21.0ms)
[2023-11-17T02:30:21.946+0000][gc,phases     ] GC(29)   Pre Evacuate Collection Set: 0.1ms
[2023-11-17T02:30:21.946+0000][gc,phases     ] GC(29)   Evacuate Collection Set: 20.2ms
[2023-11-17T02:30:21.946+0000][gc,phases     ] GC(29)   Post Evacuate Collection Set: 0.4ms
[2023-11-17T02:30:21.946+0000][gc,phases     ] GC(29)   Other: 0.5ms
[2023-11-17T02:30:21.946+0000][gc,heap       ] GC(29) Eden regions: 23->0(21)
[2023-11-17T02:30:21.946+0000][gc,heap       ] GC(29) Survivor regions: 2->4(4)
[2023-11-17T02:30:21.946+0000][gc,heap       ] GC(29) Old regions: 29->29
[2023-11-17T02:30:21.946+0000][gc,heap       ] GC(29) Humongous regions: 138->138
[2023-11-17T02:30:21.946+0000][gc,metaspace  ] GC(29) Metaspace: 44165K(46976K)->44165K(46976K) NonClass: 38861K(40448K)->38861K(40448K) Class: 5303K(6528K)->5303K(6528K)
[2023-11-17T02:30:21.946+0000][gc            ] GC(29) Pause Young (Normal) (G1 Evacuation Pause) 190M->169M(512M) 21.186ms
[2023-11-17T02:30:21.946+0000][gc,cpu        ] GC(29) User=0.04s Sys=0.00s Real=0.03s
[2023-11-17T02:31:40.304+0000][gc,start      ] GC(30) Pause Young (Normal) (G1 Evacuation Pause)
[2023-11-17T02:31:40.304+0000][gc,task       ] GC(30) Using 2 workers of 2 for evacuation
[2023-11-17T02:31:40.316+0000][gc,phases     ] GC(30)   Pre Evacuate Collection Set: 0.0ms
[2023-11-17T02:31:40.316+0000][gc,phases     ] GC(30)   Evacuate Collection Set: 11.7ms
[2023-11-17T02:31:40.316+0000][gc,phases     ] GC(30)   Post Evacuate Collection Set: 0.4ms
[2023-11-17T02:31:40.316+0000][gc,phases     ] GC(30)   Other: 0.2ms
[2023-11-17T02:31:40.316+0000][gc,heap       ] GC(30) Eden regions: 21->0(23)
[2023-11-17T02:31:40.316+0000][gc,heap       ] GC(30) Survivor regions: 4->2(4)
[2023-11-17T02:31:40.316+0000][gc,heap       ] GC(30) Old regions: 29->31
[2023-11-17T02:31:40.316+0000][gc,heap       ] GC(30) Humongous regions: 138->138
[2023-11-17T02:31:40.316+0000][gc,metaspace  ] GC(30) Metaspace: 44172K(46976K)->44172K(46976K) NonClass: 38869K(40448K)->38869K(40448K) Class: 5303K(6528K)->5303K(6528K)
[2023-11-17T02:31:40.316+0000][gc            ] GC(30) Pause Young (Normal) (G1 Evacuation Pause) 190M->169M(512M) 12.399ms
[2023-11-17T02:31:40.316+0000][gc,cpu        ] GC(30) User=0.03s Sys=0.00s Real=0.02s
[2023-11-17T02:33:06.192+0000][gc,start      ] GC(31) Pause Young (Normal) (G1 Evacuation Pause)
[2023-11-17T02:33:06.192+0000][gc,task       ] GC(31) Using 2 workers of 2 for evacuation
[2023-11-17T02:33:06.205+0000][gc,phases     ] GC(31)   Pre Evacuate Collection Set: 0.0ms
[2023-11-17T02:33:06.205+0000][gc,phases     ] GC(31)   Evacuate Collection Set: 12.0ms
[2023-11-17T02:33:06.205+0000][gc,phases     ] GC(31)   Post Evacuate Collection Set: 0.3ms
[2023-11-17T02:33:06.205+0000][gc,phases     ] GC(31)   Other: 0.2ms
[2023-11-17T02:33:06.205+0000][gc,heap       ] GC(31) Eden regions: 23->0(23)
[2023-11-17T02:33:06.205+0000][gc,heap       ] GC(31) Survivor regions: 2->4(4)
[2023-11-17T02:33:06.205+0000][gc,heap       ] GC(31) Old regions: 31->31
[2023-11-17T02:33:06.205+0000][gc,heap       ] GC(31) Humongous regions: 138->138
[2023-11-17T02:33:06.205+0000][gc,metaspace  ] GC(31) Metaspace: 44181K(46976K)->44181K(46976K) NonClass: 38877K(40448K)->38877K(40448K) Class: 5303K(6528K)->5303K(6528K)
[2023-11-17T02:33:06.205+0000][gc            ] GC(31) Pause Young (Normal) (G1 Evacuation Pause) 192M->171M(512M) 12.639ms
[2023-11-17T02:33:06.205+0000][gc,cpu        ] GC(31) User=0.02s Sys=0.00s Real=0.01s
[2023-11-17T02:34:30.674+0000][gc,start      ] GC(32) Pause Young (Normal) (G1 Evacuation Pause)
[2023-11-17T02:34:30.674+0000][gc,task       ] GC(32) Using 2 workers of 2 for evacuation
[2023-11-17T02:34:30.686+0000][gc,phases     ] GC(32)   Pre Evacuate Collection Set: 0.0ms
[2023-11-17T02:34:30.686+0000][gc,phases     ] GC(32)   Evacuate Collection Set: 12.1ms
[2023-11-17T02:34:30.686+0000][gc,phases     ] GC(32)   Post Evacuate Collection Set: 0.3ms
[2023-11-17T02:34:30.686+0000][gc,phases     ] GC(32)   Other: 0.2ms
[2023-11-17T02:34:30.686+0000][gc,heap       ] GC(32) Eden regions: 23->0(25)
[2023-11-17T02:34:30.686+0000][gc,heap       ] GC(32) Survivor regions: 4->2(4)
[2023-11-17T02:34:30.686+0000][gc,heap       ] GC(32) Old regions: 31->33
[2023-11-17T02:34:30.686+0000][gc,heap       ] GC(32) Humongous regions: 138->138
[2023-11-17T02:34:30.686+0000][gc,metaspace  ] GC(32) Metaspace: 44210K(46976K)->44210K(46976K) NonClass: 38906K(40448K)->38906K(40448K) Class: 5303K(6528K)->5303K(6528K)
[2023-11-17T02:34:30.686+0000][gc            ] GC(32) Pause Young (Normal) (G1 Evacuation Pause) 194M->171M(512M) 12.736ms
[2023-11-17T02:34:30.686+0000][gc,cpu        ] GC(32) User=0.02s Sys=0.00s Real=0.01s
[2023-11-17T02:36:03.018+0000][gc,start      ] GC(33) Pause Young (Normal) (G1 Evacuation Pause)
[2023-11-17T02:36:03.018+0000][gc,task       ] GC(33) Using 2 workers of 2 for evacuation
[2023-11-17T02:36:03.049+0000][gc,mmu        ] GC(33) MMU target violated: 21.0ms (20.0ms/21.0ms)
[2023-11-17T02:36:03.049+0000][gc,phases     ] GC(33)   Pre Evacuate Collection Set: 0.0ms
[2023-11-17T02:36:03.049+0000][gc,phases     ] GC(33)   Evacuate Collection Set: 29.7ms
[2023-11-17T02:36:03.049+0000][gc,phases     ] GC(33)   Post Evacuate Collection Set: 0.3ms
[2023-11-17T02:36:03.049+0000][gc,phases     ] GC(33)   Other: 0.5ms
[2023-11-17T02:36:03.049+0000][gc,heap       ] GC(33) Eden regions: 25->0(21)
[2023-11-17T02:36:03.049+0000][gc,heap       ] GC(33) Survivor regions: 2->4(4)
[2023-11-17T02:36:03.049+0000][gc,heap       ] GC(33) Old regions: 33->34
[2023-11-17T02:36:03.049+0000][gc,heap       ] GC(33) Humongous regions: 138->138
[2023-11-17T02:36:03.049+0000][gc,metaspace  ] GC(33) Metaspace: 44226K(46976K)->44226K(46976K) NonClass: 38922K(40448K)->38922K(40448K) Class: 5303K(6528K)->5303K(6528K)
[2023-11-17T02:36:03.049+0000][gc            ] GC(33) Pause Young (Normal) (G1 Evacuation Pause) 196M->173M(512M) 30.764ms
[2023-11-17T02:36:03.049+0000][gc,cpu        ] GC(33) User=0.03s Sys=0.00s Real=0.03s
[2023-11-17T02:37:12.174+0000][gc,start      ] GC(34) Pause Young (Normal) (G1 Evacuation Pause)
[2023-11-17T02:37:12.174+0000][gc,task       ] GC(34) Using 2 workers of 2 for evacuation
[2023-11-17T02:37:12.186+0000][gc,phases     ] GC(34)   Pre Evacuate Collection Set: 0.0ms
[2023-11-17T02:37:12.186+0000][gc,phases     ] GC(34)   Evacuate Collection Set: 11.5ms
[2023-11-17T02:37:12.186+0000][gc,phases     ] GC(34)   Post Evacuate Collection Set: 0.5ms
[2023-11-17T02:37:12.186+0000][gc,phases     ] GC(34)   Other: 0.2ms
[2023-11-17T02:37:12.186+0000][gc,heap       ] GC(34) Eden regions: 21->0(22)
[2023-11-17T02:37:12.186+0000][gc,heap       ] GC(34) Survivor regions: 4->3(4)
[2023-11-17T02:37:12.186+0000][gc,heap       ] GC(34) Old regions: 34->35
[2023-11-17T02:37:12.186+0000][gc,heap       ] GC(34) Humongous regions: 138->138
[2023-11-17T02:37:12.186+0000][gc,metaspace  ] GC(34) Metaspace: 44243K(46976K)->44243K(46976K) NonClass: 38939K(40448K)->38939K(40448K) Class: 5303K(6528K)->5303K(6528K)
[2023-11-17T02:37:12.186+0000][gc            ] GC(34) Pause Young (Normal) (G1 Evacuation Pause) 194M->173M(512M) 12.429ms
[2023-11-17T02:37:12.186+0000][gc,cpu        ] GC(34) User=0.03s Sys=0.00s Real=0.01s
[2023-11-17T02:38:26.519+0000][gc,start      ] GC(35) Pause Young (Normal) (G1 Evacuation Pause)
[2023-11-17T02:38:26.519+0000][gc,task       ] GC(35) Using 2 workers of 2 for evacuation
[2023-11-17T02:38:26.529+0000][gc,phases     ] GC(35)   Pre Evacuate Collection Set: 0.0ms
[2023-11-17T02:38:26.529+0000][gc,phases     ] GC(35)   Evacuate Collection Set: 9.9ms
[2023-11-17T02:38:26.529+0000][gc,phases     ] GC(35)   Post Evacuate Collection Set: 0.4ms
[2023-11-17T02:38:26.529+0000][gc,phases     ] GC(35)   Other: 0.6ms
[2023-11-17T02:38:26.529+0000][gc,heap       ] GC(35) Eden regions: 22->0(24)
[2023-11-17T02:38:26.529+0000][gc,heap       ] GC(35) Survivor regions: 3->2(4)
[2023-11-17T02:38:26.529+0000][gc,heap       ] GC(35) Old regions: 35->36
[2023-11-17T02:38:26.529+0000][gc,heap       ] GC(35) Humongous regions: 138->138
[2023-11-17T02:38:26.529+0000][gc,metaspace  ] GC(35) Metaspace: 44250K(46976K)->44250K(46976K) NonClass: 38947K(40448K)->38947K(40448K) Class: 5303K(6528K)->5303K(6528K)
[2023-11-17T02:38:26.529+0000][gc            ] GC(35) Pause Young (Normal) (G1 Evacuation Pause) 195M->173M(512M) 10.888ms
[2023-11-17T02:38:26.529+0000][gc,cpu        ] GC(35) User=0.02s Sys=0.01s Real=0.01s
[2023-11-17T02:39:45.976+0000][gc,start      ] GC(36) Pause Young (Normal) (G1 Evacuation Pause)
[2023-11-17T02:39:45.976+0000][gc,task       ] GC(36) Using 2 workers of 2 for evacuation
[2023-11-17T02:39:45.989+0000][gc,phases     ] GC(36)   Pre Evacuate Collection Set: 0.0ms
[2023-11-17T02:39:45.989+0000][gc,phases     ] GC(36)   Evacuate Collection Set: 12.8ms
[2023-11-17T02:39:45.989+0000][gc,phases     ] GC(36)   Post Evacuate Collection Set: 0.3ms
[2023-11-17T02:39:45.989+0000][gc,phases     ] GC(36)   Other: 0.2ms
[2023-11-17T02:39:45.989+0000][gc,heap       ] GC(36) Eden regions: 23->0(24)
[2023-11-17T02:39:45.989+0000][gc,heap       ] GC(36) Survivor regions: 2->4(4)
[2023-11-17T02:39:45.989+0000][gc,heap       ] GC(36) Old regions: 36->36
[2023-11-17T02:39:45.989+0000][gc,heap       ] GC(36) Humongous regions: 138->138
[2023-11-17T02:39:45.989+0000][gc,metaspace  ] GC(36) Metaspace: 44251K(46976K)->44251K(46976K) NonClass: 38947K(40448K)->38947K(40448K) Class: 5303K(6528K)->5303K(6528K)
[2023-11-17T02:39:45.989+0000][gc            ] GC(36) Pause Young (Normal) (G1 Evacuation Pause) 196M->176M(512M) 13.466ms
[2023-11-17T02:39:45.989+0000][gc,cpu        ] GC(36) User=0.02s Sys=0.00s Real=0.01s
[2023-11-17T02:41:06.635+0000][gc,start      ] GC(37) Pause Young (Normal) (G1 Evacuation Pause)
[2023-11-17T02:41:06.635+0000][gc,task       ] GC(37) Using 2 workers of 2 for evacuation
[2023-11-17T02:41:06.650+0000][gc,phases     ] GC(37)   Pre Evacuate Collection Set: 0.0ms
[2023-11-17T02:41:06.650+0000][gc,phases     ] GC(37)   Evacuate Collection Set: 13.9ms
[2023-11-17T02:41:06.650+0000][gc,phases     ] GC(37)   Post Evacuate Collection Set: 0.8ms
[2023-11-17T02:41:06.650+0000][gc,phases     ] GC(37)   Other: 0.3ms
[2023-11-17T02:41:06.650+0000][gc,heap       ] GC(37) Eden regions: 24->0(25)
[2023-11-17T02:41:06.650+0000][gc,heap       ] GC(37) Survivor regions: 4->2(4)
[2023-11-17T02:41:06.650+0000][gc,heap       ] GC(37) Old regions: 36->38
[2023-11-17T02:41:06.650+0000][gc,heap       ] GC(37) Humongous regions: 138->138
[2023-11-17T02:41:06.650+0000][gc,metaspace  ] GC(37) Metaspace: 44262K(46976K)->44262K(46976K) NonClass: 38958K(40448K)->38958K(40448K) Class: 5304K(6528K)->5304K(6528K)
[2023-11-17T02:41:06.650+0000][gc            ] GC(37) Pause Young (Normal) (G1 Evacuation Pause) 200M->176M(512M) 15.191ms
[2023-11-17T02:41:06.650+0000][gc,cpu        ] GC(37) User=0.02s Sys=0.01s Real=0.01s
[2023-11-17T02:42:31.791+0000][gc,start      ] GC(38) Pause Young (Normal) (G1 Evacuation Pause)
[2023-11-17T02:42:31.791+0000][gc,task       ] GC(38) Using 2 workers of 2 for evacuation
[2023-11-17T02:42:31.815+0000][gc,mmu        ] GC(38) MMU target violated: 21.0ms (20.0ms/21.0ms)
[2023-11-17T02:42:31.815+0000][gc,phases     ] GC(38)   Pre Evacuate Collection Set: 0.0ms
[2023-11-17T02:42:31.815+0000][gc,phases     ] GC(38)   Evacuate Collection Set: 22.4ms
[2023-11-17T02:42:31.815+0000][gc,phases     ] GC(38)   Post Evacuate Collection Set: 1.4ms
[2023-11-17T02:42:31.815+0000][gc,phases     ] GC(38)   Other: 0.4ms
[2023-11-17T02:42:31.815+0000][gc,heap       ] GC(38) Eden regions: 25->0(23)
[2023-11-17T02:42:31.815+0000][gc,heap       ] GC(38) Survivor regions: 2->4(4)
[2023-11-17T02:42:31.815+0000][gc,heap       ] GC(38) Old regions: 38->39
[2023-11-17T02:42:31.815+0000][gc,heap       ] GC(38) Humongous regions: 138->138
[2023-11-17T02:42:31.815+0000][gc,metaspace  ] GC(38) Metaspace: 44267K(46976K)->44267K(46976K) NonClass: 38963K(40448K)->38963K(40448K) Class: 5304K(6528K)->5304K(6528K)
[2023-11-17T02:42:31.815+0000][gc            ] GC(38) Pause Young (Normal) (G1 Evacuation Pause) 201M->179M(512M) 24.236ms
[2023-11-17T02:42:31.815+0000][gc,cpu        ] GC(38) User=0.04s Sys=0.00s Real=0.03s
[2023-11-17T02:43:50.000+0000][gc,start      ] GC(39) Pause Young (Normal) (G1 Evacuation Pause)
[2023-11-17T02:43:50.000+0000][gc,task       ] GC(39) Using 2 workers of 2 for evacuation
[2023-11-17T02:43:50.033+0000][gc,mmu        ] GC(39) MMU target violated: 21.0ms (20.0ms/21.0ms)
[2023-11-17T02:43:50.034+0000][gc,phases     ] GC(39)   Pre Evacuate Collection Set: 0.0ms
[2023-11-17T02:43:50.034+0000][gc,phases     ] GC(39)   Evacuate Collection Set: 30.3ms
[2023-11-17T02:43:50.034+0000][gc,phases     ] GC(39)   Post Evacuate Collection Set: 0.7ms
[2023-11-17T02:43:50.034+0000][gc,phases     ] GC(39)   Other: 3.0ms
[2023-11-17T02:43:50.034+0000][gc,heap       ] GC(39) Eden regions: 23->0(22)
[2023-11-17T02:43:50.034+0000][gc,heap       ] GC(39) Survivor regions: 4->3(4)
[2023-11-17T02:43:50.034+0000][gc,heap       ] GC(39) Old regions: 39->41
[2023-11-17T02:43:50.034+0000][gc,heap       ] GC(39) Humongous regions: 138->138
[2023-11-17T02:43:50.034+0000][gc,metaspace  ] GC(39) Metaspace: 44270K(46976K)->44270K(46976K) NonClass: 38966K(40448K)->38966K(40448K) Class: 5304K(6528K)->5304K(6528K)
[2023-11-17T02:43:50.034+0000][gc            ] GC(39) Pause Young (Normal) (G1 Evacuation Pause) 202M->180M(512M) 34.057ms
[2023-11-17T02:43:50.034+0000][gc,cpu        ] GC(39) User=0.06s Sys=0.00s Real=0.04s
[2023-11-17T02:45:04.590+0000][gc,start      ] GC(40) Pause Young (Normal) (G1 Evacuation Pause)
[2023-11-17T02:45:04.590+0000][gc,task       ] GC(40) Using 2 workers of 2 for evacuation
[2023-11-17T02:45:04.609+0000][gc,phases     ] GC(40)   Pre Evacuate Collection Set: 0.0ms
[2023-11-17T02:45:04.609+0000][gc,phases     ] GC(40)   Evacuate Collection Set: 16.1ms
[2023-11-17T02:45:04.609+0000][gc,phases     ] GC(40)   Post Evacuate Collection Set: 1.9ms
[2023-11-17T02:45:04.609+0000][gc,phases     ] GC(40)   Other: 0.9ms
[2023-11-17T02:45:04.609+0000][gc,heap       ] GC(40) Eden regions: 22->0(23)
[2023-11-17T02:45:04.609+0000][gc,heap       ] GC(40) Survivor regions: 3->2(4)
[2023-11-17T02:45:04.609+0000][gc,heap       ] GC(40) Old regions: 41->42
[2023-11-17T02:45:04.609+0000][gc,heap       ] GC(40) Humongous regions: 138->138
[2023-11-17T02:45:04.609+0000][gc,metaspace  ] GC(40) Metaspace: 44271K(46976K)->44271K(46976K) NonClass: 38967K(40448K)->38967K(40448K) Class: 5304K(6528K)->5304K(6528K)
[2023-11-17T02:45:04.609+0000][gc            ] GC(40) Pause Young (Normal) (G1 Evacuation Pause) 202M->180M(512M) 18.583ms
[2023-11-17T02:45:04.609+0000][gc,cpu        ] GC(40) User=0.03s Sys=0.00s Real=0.02s
[2023-11-17T02:46:21.747+0000][gc,start      ] GC(41) Pause Young (Concurrent Start) (G1 Evacuation Pause)
[2023-11-17T02:46:21.747+0000][gc,task       ] GC(41) Using 2 workers of 2 for evacuation
[2023-11-17T02:46:21.761+0000][gc,phases     ] GC(41)   Pre Evacuate Collection Set: 0.2ms
[2023-11-17T02:46:21.761+0000][gc,phases     ] GC(41)   Evacuate Collection Set: 13.1ms
[2023-11-17T02:46:21.761+0000][gc,phases     ] GC(41)   Post Evacuate Collection Set: 0.3ms
[2023-11-17T02:46:21.761+0000][gc,phases     ] GC(41)   Other: 0.2ms
[2023-11-17T02:46:21.761+0000][gc,heap       ] GC(41) Eden regions: 23->0(21)
[2023-11-17T02:46:21.761+0000][gc,heap       ] GC(41) Survivor regions: 2->4(4)
[2023-11-17T02:46:21.761+0000][gc,heap       ] GC(41) Old regions: 42->43
[2023-11-17T02:46:21.761+0000][gc,heap       ] GC(41) Humongous regions: 138->138
[2023-11-17T02:46:21.761+0000][gc,metaspace  ] GC(41) Metaspace: 44275K(46976K)->44275K(46976K) NonClass: 38971K(40448K)->38971K(40448K) Class: 5304K(6528K)->5304K(6528K)
[2023-11-17T02:46:21.761+0000][gc            ] GC(41) Pause Young (Concurrent Start) (G1 Evacuation Pause) 203M->182M(512M) 13.967ms
[2023-11-17T02:46:21.761+0000][gc,cpu        ] GC(41) User=0.03s Sys=0.00s Real=0.01s
[2023-11-17T02:46:21.761+0000][gc            ] GC(42) Concurrent Cycle
[2023-11-17T02:46:21.761+0000][gc,marking    ] GC(42) Concurrent Clear Claimed Marks
[2023-11-17T02:46:21.761+0000][gc,marking    ] GC(42) Concurrent Clear Claimed Marks 0.284ms
[2023-11-17T02:46:21.761+0000][gc,marking    ] GC(42) Concurrent Scan Root Regions
[2023-11-17T02:46:21.765+0000][gc,marking    ] GC(42) Concurrent Scan Root Regions 4.096ms
[2023-11-17T02:46:21.765+0000][gc,marking    ] GC(42) Concurrent Mark (1776.948s)
[2023-11-17T02:46:21.765+0000][gc,marking    ] GC(42) Concurrent Mark From Roots
[2023-11-17T02:46:21.765+0000][gc,task       ] GC(42) Using 1 workers of 1 for marking
[2023-11-17T02:46:21.800+0000][gc,marking    ] GC(42) Concurrent Mark From Roots 35.109ms
[2023-11-17T02:46:21.800+0000][gc,marking    ] GC(42) Concurrent Preclean
[2023-11-17T02:46:21.801+0000][gc,marking    ] GC(42) Concurrent Preclean 0.300ms
[2023-11-17T02:46:21.801+0000][gc,marking    ] GC(42) Concurrent Mark (1776.948s, 1776.984s) 35.470ms
[2023-11-17T02:46:21.801+0000][gc,start      ] GC(42) Pause Remark
[2023-11-17T02:46:21.822+0000][gc,stringtable] GC(42) Cleaned string and symbol table, strings: 12708 processed, 251 removed, symbols: 93031 processed, 3 removed
[2023-11-17T02:46:21.823+0000][gc,mmu        ] GC(42) MMU target violated: 21.0ms (20.0ms/21.0ms)
[2023-11-17T02:46:21.823+0000][gc            ] GC(42) Pause Remark 183M->183M(512M) 21.757ms
[2023-11-17T02:46:21.823+0000][gc,cpu        ] GC(42) User=0.04s Sys=0.00s Real=0.02s
[2023-11-17T02:46:21.823+0000][gc,marking    ] GC(42) Concurrent Rebuild Remembered Sets
[2023-11-17T02:46:21.845+0000][gc,marking    ] GC(42) Concurrent Rebuild Remembered Sets 21.744ms
[2023-11-17T02:46:21.845+0000][gc,start      ] GC(42) Pause Cleanup
[2023-11-17T02:46:21.845+0000][gc            ] GC(42) Pause Cleanup 183M->183M(512M) 0.164ms
[2023-11-17T02:46:21.845+0000][gc,cpu        ] GC(42) User=0.00s Sys=0.00s Real=0.00s
[2023-11-17T02:46:21.845+0000][gc,marking    ] GC(42) Concurrent Cleanup for Next Mark
[2023-11-17T02:46:21.847+0000][gc,marking    ] GC(42) Concurrent Cleanup for Next Mark 1.398ms
[2023-11-17T02:46:21.847+0000][gc            ] GC(42) Concurrent Cycle 85.755ms
[2023-11-17T02:47:32.322+0000][gc,start      ] GC(43) Pause Young (Normal) (G1 Evacuation Pause)
[2023-11-17T02:47:32.322+0000][gc,task       ] GC(43) Using 2 workers of 2 for evacuation
[2023-11-17T02:47:32.337+0000][gc,phases     ] GC(43)   Pre Evacuate Collection Set: 0.0ms
[2023-11-17T02:47:32.337+0000][gc,phases     ] GC(43)   Evacuate Collection Set: 14.3ms
[2023-11-17T02:47:32.337+0000][gc,phases     ] GC(43)   Post Evacuate Collection Set: 0.5ms
[2023-11-17T02:47:32.337+0000][gc,phases     ] GC(43)   Other: 0.2ms
[2023-11-17T02:47:32.337+0000][gc,heap       ] GC(43) Eden regions: 21->0(23)
[2023-11-17T02:47:32.337+0000][gc,heap       ] GC(43) Survivor regions: 4->2(4)
[2023-11-17T02:47:32.337+0000][gc,heap       ] GC(43) Old regions: 43->45
[2023-11-17T02:47:32.337+0000][gc,heap       ] GC(43) Humongous regions: 138->138
[2023-11-17T02:47:32.337+0000][gc,metaspace  ] GC(43) Metaspace: 44138K(46976K)->44138K(46976K) NonClass: 38872K(40448K)->38872K(40448K) Class: 5266K(6528K)->5266K(6528K)
[2023-11-17T02:47:32.337+0000][gc            ] GC(43) Pause Young (Normal) (G1 Evacuation Pause) 203M->182M(512M) 15.128ms
[2023-11-17T02:47:32.337+0000][gc,cpu        ] GC(43) User=0.02s Sys=0.00s Real=0.02s
[2023-11-17T02:48:51.029+0000][gc,start      ] GC(44) Pause Young (Concurrent Start) (G1 Evacuation Pause)
[2023-11-17T02:48:51.029+0000][gc,task       ] GC(44) Using 2 workers of 2 for evacuation
[2023-11-17T02:48:51.043+0000][gc,phases     ] GC(44)   Pre Evacuate Collection Set: 0.2ms
[2023-11-17T02:48:51.043+0000][gc,phases     ] GC(44)   Evacuate Collection Set: 13.4ms
[2023-11-17T02:48:51.043+0000][gc,phases     ] GC(44)   Post Evacuate Collection Set: 0.3ms
[2023-11-17T02:48:51.043+0000][gc,phases     ] GC(44)   Other: 0.2ms
[2023-11-17T02:48:51.043+0000][gc,heap       ] GC(44) Eden regions: 23->0(21)
[2023-11-17T02:48:51.043+0000][gc,heap       ] GC(44) Survivor regions: 2->4(4)
[2023-11-17T02:48:51.043+0000][gc,heap       ] GC(44) Old regions: 45->45
[2023-11-17T02:48:51.043+0000][gc,heap       ] GC(44) Humongous regions: 138->138
[2023-11-17T02:48:51.043+0000][gc,metaspace  ] GC(44) Metaspace: 44139K(46976K)->44139K(46976K) NonClass: 38873K(40448K)->38873K(40448K) Class: 5266K(6528K)->5266K(6528K)
[2023-11-17T02:48:51.043+0000][gc            ] GC(44) Pause Young (Concurrent Start) (G1 Evacuation Pause) 205M->185M(512M) 14.222ms
[2023-11-17T02:48:51.043+0000][gc,cpu        ] GC(44) User=0.02s Sys=0.00s Real=0.01s
[2023-11-17T02:48:51.043+0000][gc            ] GC(45) Concurrent Cycle
[2023-11-17T02:48:51.043+0000][gc,marking    ] GC(45) Concurrent Clear Claimed Marks
[2023-11-17T02:48:51.043+0000][gc,marking    ] GC(45) Concurrent Clear Claimed Marks 0.391ms
[2023-11-17T02:48:51.043+0000][gc,marking    ] GC(45) Concurrent Scan Root Regions
[2023-11-17T02:48:51.048+0000][gc,marking    ] GC(45) Concurrent Scan Root Regions 4.312ms
[2023-11-17T02:48:51.048+0000][gc,marking    ] GC(45) Concurrent Mark (1926.231s)
[2023-11-17T02:48:51.048+0000][gc,marking    ] GC(45) Concurrent Mark From Roots
[2023-11-17T02:48:51.048+0000][gc,task       ] GC(45) Using 1 workers of 1 for marking
[2023-11-17T02:48:51.101+0000][gc,marking    ] GC(45) Concurrent Mark From Roots 53.310ms
[2023-11-17T02:48:51.101+0000][gc,marking    ] GC(45) Concurrent Preclean
[2023-11-17T02:48:51.101+0000][gc,marking    ] GC(45) Concurrent Preclean 0.179ms
[2023-11-17T02:48:51.101+0000][gc,marking    ] GC(45) Concurrent Mark (1926.231s, 1926.284s) 53.544ms
[2023-11-17T02:48:51.103+0000][gc,start      ] GC(45) Pause Remark
[2023-11-17T02:48:51.119+0000][gc,stringtable] GC(45) Cleaned string and symbol table, strings: 12508 processed, 0 removed, symbols: 93028 processed, 18 removed
[2023-11-17T02:48:51.119+0000][gc            ] GC(45) Pause Remark 185M->185M(512M) 16.142ms
[2023-11-17T02:48:51.119+0000][gc,cpu        ] GC(45) User=0.03s Sys=0.00s Real=0.02s
[2023-11-17T02:48:51.120+0000][gc,marking    ] GC(45) Concurrent Rebuild Remembered Sets
[2023-11-17T02:48:51.146+0000][gc,marking    ] GC(45) Concurrent Rebuild Remembered Sets 26.884ms
[2023-11-17T02:48:51.147+0000][gc,start      ] GC(45) Pause Cleanup
[2023-11-17T02:48:51.147+0000][gc            ] GC(45) Pause Cleanup 185M->185M(512M) 0.184ms
[2023-11-17T02:48:51.147+0000][gc,cpu        ] GC(45) User=0.00s Sys=0.00s Real=0.00s
[2023-11-17T02:48:51.147+0000][gc,marking    ] GC(45) Concurrent Cleanup for Next Mark
[2023-11-17T02:48:51.148+0000][gc,marking    ] GC(45) Concurrent Cleanup for Next Mark 1.360ms
[2023-11-17T02:48:51.148+0000][gc            ] GC(45) Concurrent Cycle 105.306ms
[2023-11-17T02:50:01.658+0000][gc,start      ] GC(46) Pause Young (Normal) (G1 Evacuation Pause)
[2023-11-17T02:50:01.658+0000][gc,task       ] GC(46) Using 2 workers of 2 for evacuation
[2023-11-17T02:50:01.680+0000][gc,mmu        ] GC(46) MMU target violated: 21.0ms (20.0ms/21.0ms)
[2023-11-17T02:50:01.680+0000][gc,phases     ] GC(46)   Pre Evacuate Collection Set: 0.0ms
[2023-11-17T02:50:01.680+0000][gc,phases     ] GC(46)   Evacuate Collection Set: 21.1ms
[2023-11-17T02:50:01.680+0000][gc,phases     ] GC(46)   Post Evacuate Collection Set: 0.3ms
[2023-11-17T02:50:01.680+0000][gc,phases     ] GC(46)   Other: 0.4ms
[2023-11-17T02:50:01.680+0000][gc,heap       ] GC(46) Eden regions: 21->0(22)
[2023-11-17T02:50:01.680+0000][gc,heap       ] GC(46) Survivor regions: 4->3(4)
[2023-11-17T02:50:01.680+0000][gc,heap       ] GC(46) Old regions: 45->47
[2023-11-17T02:50:01.680+0000][gc,heap       ] GC(46) Humongous regions: 138->138
[2023-11-17T02:50:01.680+0000][gc,metaspace  ] GC(46) Metaspace: 44140K(46976K)->44140K(46976K) NonClass: 38874K(40448K)->38874K(40448K) Class: 5266K(6528K)->5266K(6528K)
[2023-11-17T02:50:01.680+0000][gc            ] GC(46) Pause Young (Normal) (G1 Evacuation Pause) 206M->186M(512M) 21.967ms
[2023-11-17T02:50:01.680+0000][gc,cpu        ] GC(46) User=0.04s Sys=0.01s Real=0.02s
[2023-11-17T02:51:21.316+0000][gc,start      ] GC(47) Pause Young (Concurrent Start) (G1 Evacuation Pause)
[2023-11-17T02:51:21.316+0000][gc,task       ] GC(47) Using 2 workers of 2 for evacuation
[2023-11-17T02:51:21.327+0000][gc,phases     ] GC(47)   Pre Evacuate Collection Set: 0.3ms
[2023-11-17T02:51:21.327+0000][gc,phases     ] GC(47)   Evacuate Collection Set: 10.0ms
[2023-11-17T02:51:21.327+0000][gc,phases     ] GC(47)   Post Evacuate Collection Set: 0.3ms
[2023-11-17T02:51:21.327+0000][gc,phases     ] GC(47)   Other: 0.6ms
[2023-11-17T02:51:21.327+0000][gc,heap       ] GC(47) Eden regions: 22->0(23)
[2023-11-17T02:51:21.327+0000][gc,heap       ] GC(47) Survivor regions: 3->2(4)
[2023-11-17T02:51:21.327+0000][gc,heap       ] GC(47) Old regions: 47->48
[2023-11-17T02:51:21.327+0000][gc,heap       ] GC(47) Humongous regions: 138->138
[2023-11-17T02:51:21.327+0000][gc,metaspace  ] GC(47) Metaspace: 44156K(46976K)->44156K(46976K) NonClass: 38890K(40448K)->38890K(40448K) Class: 5266K(6528K)->5266K(6528K)
[2023-11-17T02:51:21.327+0000][gc            ] GC(47) Pause Young (Concurrent Start) (G1 Evacuation Pause) 208M->185M(512M) 10.964ms
[2023-11-17T02:51:21.327+0000][gc,cpu        ] GC(47) User=0.02s Sys=0.00s Real=0.01s
[2023-11-17T02:51:21.328+0000][gc            ] GC(48) Concurrent Cycle
[2023-11-17T02:51:21.328+0000][gc,marking    ] GC(48) Concurrent Clear Claimed Marks
[2023-11-17T02:51:21.328+0000][gc,marking    ] GC(48) Concurrent Clear Claimed Marks 0.222ms
[2023-11-17T02:51:21.328+0000][gc,marking    ] GC(48) Concurrent Scan Root Regions
[2023-11-17T02:51:21.331+0000][gc,marking    ] GC(48) Concurrent Scan Root Regions 2.741ms
[2023-11-17T02:51:21.331+0000][gc,marking    ] GC(48) Concurrent Mark (2076.513s)
[2023-11-17T02:51:21.331+0000][gc,marking    ] GC(48) Concurrent Mark From Roots
[2023-11-17T02:51:21.331+0000][gc,task       ] GC(48) Using 1 workers of 1 for marking
[2023-11-17T02:51:21.378+0000][gc,marking    ] GC(48) Concurrent Mark From Roots 47.127ms
[2023-11-17T02:51:21.378+0000][gc,marking    ] GC(48) Concurrent Preclean
[2023-11-17T02:51:21.378+0000][gc,marking    ] GC(48) Concurrent Preclean 0.183ms
[2023-11-17T02:51:21.378+0000][gc,marking    ] GC(48) Concurrent Mark (2076.513s, 2076.561s) 47.493ms
[2023-11-17T02:51:21.378+0000][gc,start      ] GC(48) Pause Remark
[2023-11-17T02:51:21.393+0000][gc,stringtable] GC(48) Cleaned string and symbol table, strings: 12509 processed, 0 removed, symbols: 93011 processed, 1 removed
[2023-11-17T02:51:21.393+0000][gc            ] GC(48) Pause Remark 186M->186M(512M) 15.142ms
[2023-11-17T02:51:21.393+0000][gc,cpu        ] GC(48) User=0.03s Sys=0.00s Real=0.02s
[2023-11-17T02:51:21.394+0000][gc,marking    ] GC(48) Concurrent Rebuild Remembered Sets
[2023-11-17T02:51:21.418+0000][gc,marking    ] GC(48) Concurrent Rebuild Remembered Sets 24.314ms
[2023-11-17T02:51:21.418+0000][gc,start      ] GC(48) Pause Cleanup
[2023-11-17T02:51:21.418+0000][gc            ] GC(48) Pause Cleanup 186M->186M(512M) 0.239ms
[2023-11-17T02:51:21.418+0000][gc,cpu        ] GC(48) User=0.00s Sys=0.00s Real=0.00s
[2023-11-17T02:51:21.418+0000][gc,marking    ] GC(48) Concurrent Cleanup for Next Mark
[2023-11-17T02:51:21.420+0000][gc,marking    ] GC(48) Concurrent Cleanup for Next Mark 1.586ms
[2023-11-17T02:51:21.420+0000][gc            ] GC(48) Concurrent Cycle 92.513ms
[2023-11-17T02:52:48.579+0000][gc,start      ] GC(49) Pause Young (Prepare Mixed) (G1 Evacuation Pause)
[2023-11-17T02:52:48.579+0000][gc,task       ] GC(49) Using 2 workers of 2 for evacuation
[2023-11-17T02:52:48.615+0000][gc,mmu        ] GC(49) MMU target violated: 21.0ms (20.0ms/21.0ms)
[2023-11-17T02:52:48.615+0000][gc,phases     ] GC(49)   Pre Evacuate Collection Set: 0.0ms
[2023-11-17T02:52:48.615+0000][gc,phases     ] GC(49)   Evacuate Collection Set: 35.7ms
[2023-11-17T02:52:48.615+0000][gc,phases     ] GC(49)   Post Evacuate Collection Set: 0.4ms
[2023-11-17T02:52:48.615+0000][gc,phases     ] GC(49)   Other: 0.3ms
[2023-11-17T02:52:48.615+0000][gc,heap       ] GC(49) Eden regions: 23->0(21)
[2023-11-17T02:52:48.616+0000][gc,heap       ] GC(49) Survivor regions: 2->4(4)
[2023-11-17T02:52:48.616+0000][gc,heap       ] GC(49) Old regions: 48->48
[2023-11-17T02:52:48.616+0000][gc,heap       ] GC(49) Humongous regions: 138->138
[2023-11-17T02:52:48.616+0000][gc,metaspace  ] GC(49) Metaspace: 44166K(46976K)->44166K(46976K) NonClass: 38900K(40448K)->38900K(40448K) Class: 5266K(6528K)->5266K(6528K)
[2023-11-17T02:52:48.616+0000][gc            ] GC(49) Pause Young (Prepare Mixed) (G1 Evacuation Pause) 208M->187M(512M) 36.526ms
[2023-11-17T02:52:48.616+0000][gc,cpu        ] GC(49) User=0.03s Sys=0.00s Real=0.04s
[2023-11-17T02:54:01.366+0000][gc,start      ] GC(50) Pause Young (Mixed) (G1 Evacuation Pause)
[2023-11-17T02:54:01.366+0000][gc,task       ] GC(50) Using 2 workers of 2 for evacuation
[2023-11-17T02:54:01.377+0000][gc,phases     ] GC(50)   Pre Evacuate Collection Set: 0.0ms
[2023-11-17T02:54:01.377+0000][gc,phases     ] GC(50)   Evacuate Collection Set: 10.4ms
[2023-11-17T02:54:01.377+0000][gc,phases     ] GC(50)   Post Evacuate Collection Set: 0.4ms
[2023-11-17T02:54:01.377+0000][gc,phases     ] GC(50)   Other: 0.3ms
[2023-11-17T02:54:01.377+0000][gc,heap       ] GC(50) Eden regions: 21->0(23)
[2023-11-17T02:54:01.377+0000][gc,heap       ] GC(50) Survivor regions: 4->2(4)
[2023-11-17T02:54:01.377+0000][gc,heap       ] GC(50) Old regions: 48->49
[2023-11-17T02:54:01.377+0000][gc,heap       ] GC(50) Humongous regions: 138->138
[2023-11-17T02:54:01.377+0000][gc,metaspace  ] GC(50) Metaspace: 44196K(46976K)->44196K(46976K) NonClass: 38929K(40448K)->38929K(40448K) Class: 5266K(6528K)->5266K(6528K)
[2023-11-17T02:54:01.377+0000][gc            ] GC(50) Pause Young (Mixed) (G1 Evacuation Pause) 208M->186M(512M) 11.205ms
[2023-11-17T02:54:01.377+0000][gc,cpu        ] GC(50) User=0.02s Sys=0.00s Real=0.01s
[2023-11-17T02:55:28.330+0000][gc,start      ] GC(51) Pause Young (Concurrent Start) (G1 Evacuation Pause)
[2023-11-17T02:55:28.330+0000][gc,task       ] GC(51) Using 2 workers of 2 for evacuation
[2023-11-17T02:55:28.345+0000][gc,phases     ] GC(51)   Pre Evacuate Collection Set: 0.2ms
[2023-11-17T02:55:28.345+0000][gc,phases     ] GC(51)   Evacuate Collection Set: 13.9ms
[2023-11-17T02:55:28.345+0000][gc,phases     ] GC(51)   Post Evacuate Collection Set: 0.3ms
[2023-11-17T02:55:28.345+0000][gc,phases     ] GC(51)   Other: 0.2ms
[2023-11-17T02:55:28.345+0000][gc,heap       ] GC(51) Eden regions: 23->0(21)
[2023-11-17T02:55:28.345+0000][gc,heap       ] GC(51) Survivor regions: 2->4(4)
[2023-11-17T02:55:28.345+0000][gc,heap       ] GC(51) Old regions: 49->49
[2023-11-17T02:55:28.345+0000][gc,heap       ] GC(51) Humongous regions: 138->138
[2023-11-17T02:55:28.345+0000][gc,metaspace  ] GC(51) Metaspace: 44199K(46976K)->44199K(46976K) NonClass: 38933K(40448K)->38933K(40448K) Class: 5266K(6528K)->5266K(6528K)
[2023-11-17T02:55:28.345+0000][gc            ] GC(51) Pause Young (Concurrent Start) (G1 Evacuation Pause) 209M->188M(512M) 14.707ms
[2023-11-17T02:55:28.345+0000][gc,cpu        ] GC(51) User=0.03s Sys=0.00s Real=0.01s
[2023-11-17T02:55:28.345+0000][gc            ] GC(52) Concurrent Cycle
[2023-11-17T02:55:28.345+0000][gc,marking    ] GC(52) Concurrent Clear Claimed Marks
[2023-11-17T02:55:28.345+0000][gc,marking    ] GC(52) Concurrent Clear Claimed Marks 0.249ms
[2023-11-17T02:55:28.345+0000][gc,marking    ] GC(52) Concurrent Scan Root Regions
[2023-11-17T02:55:28.350+0000][gc,marking    ] GC(52) Concurrent Scan Root Regions 4.952ms
[2023-11-17T02:55:28.350+0000][gc,marking    ] GC(52) Concurrent Mark (2323.533s)
[2023-11-17T02:55:28.350+0000][gc,marking    ] GC(52) Concurrent Mark From Roots
[2023-11-17T02:55:28.350+0000][gc,task       ] GC(52) Using 1 workers of 1 for marking
[2023-11-17T02:55:28.392+0000][gc,marking    ] GC(52) Concurrent Mark From Roots 41.649ms
[2023-11-17T02:55:28.392+0000][gc,marking    ] GC(52) Concurrent Preclean
[2023-11-17T02:55:28.392+0000][gc,marking    ] GC(52) Concurrent Preclean 0.299ms
[2023-11-17T02:55:28.392+0000][gc,marking    ] GC(52) Concurrent Mark (2323.533s, 2323.575s) 42.017ms
[2023-11-17T02:55:28.393+0000][gc,start      ] GC(52) Pause Remark
[2023-11-17T02:55:28.409+0000][gc,stringtable] GC(52) Cleaned string and symbol table, strings: 12530 processed, 0 removed, symbols: 93010 processed, 0 removed
[2023-11-17T02:55:28.409+0000][gc            ] GC(52) Pause Remark 189M->189M(512M) 16.660ms
[2023-11-17T02:55:28.409+0000][gc,cpu        ] GC(52) User=0.03s Sys=0.00s Real=0.02s
[2023-11-17T02:55:28.409+0000][gc,marking    ] GC(52) Concurrent Rebuild Remembered Sets
[2023-11-17T02:55:28.449+0000][gc,marking    ] GC(52) Concurrent Rebuild Remembered Sets 39.364ms
[2023-11-17T02:55:28.449+0000][gc,start      ] GC(52) Pause Cleanup
[2023-11-17T02:55:28.449+0000][gc            ] GC(52) Pause Cleanup 189M->189M(512M) 0.149ms
[2023-11-17T02:55:28.449+0000][gc,cpu        ] GC(52) User=0.00s Sys=0.00s Real=0.00s
[2023-11-17T02:55:28.449+0000][gc,marking    ] GC(52) Concurrent Cleanup for Next Mark
[2023-11-17T02:55:28.451+0000][gc,marking    ] GC(52) Concurrent Cleanup for Next Mark 1.416ms
[2023-11-17T02:55:28.451+0000][gc            ] GC(52) Concurrent Cycle 105.561ms
[2023-11-17T02:56:47.145+0000][gc,start      ] GC(53) Pause Young (Prepare Mixed) (G1 Evacuation Pause)
[2023-11-17T02:56:47.145+0000][gc,task       ] GC(53) Using 2 workers of 2 for evacuation
[2023-11-17T02:56:47.158+0000][gc,phases     ] GC(53)   Pre Evacuate Collection Set: 0.0ms
[2023-11-17T02:56:47.158+0000][gc,phases     ] GC(53)   Evacuate Collection Set: 11.8ms
[2023-11-17T02:56:47.158+0000][gc,phases     ] GC(53)   Post Evacuate Collection Set: 0.4ms
[2023-11-17T02:56:47.158+0000][gc,phases     ] GC(53)   Other: 0.2ms
[2023-11-17T02:56:47.158+0000][gc,heap       ] GC(53) Eden regions: 21->0(23)
[2023-11-17T02:56:47.158+0000][gc,heap       ] GC(53) Survivor regions: 4->2(4)
[2023-11-17T02:56:47.158+0000][gc,heap       ] GC(53) Old regions: 49->51
[2023-11-17T02:56:47.158+0000][gc,heap       ] GC(53) Humongous regions: 138->138
[2023-11-17T02:56:47.158+0000][gc,metaspace  ] GC(53) Metaspace: 44206K(46976K)->44206K(46976K) NonClass: 38939K(40448K)->38939K(40448K) Class: 5266K(6528K)->5266K(6528K)
[2023-11-17T02:56:47.158+0000][gc            ] GC(53) Pause Young (Prepare Mixed) (G1 Evacuation Pause) 209M->188M(512M) 12.533ms
[2023-11-17T02:56:47.158+0000][gc,cpu        ] GC(53) User=0.02s Sys=0.00s Real=0.02s
[2023-11-17T02:58:07.160+0000][gc,start      ] GC(54) Pause Young (Mixed) (G1 Evacuation Pause)
[2023-11-17T02:58:07.160+0000][gc,task       ] GC(54) Using 2 workers of 2 for evacuation
[2023-11-17T02:58:07.177+0000][gc,phases     ] GC(54)   Pre Evacuate Collection Set: 0.0ms
[2023-11-17T02:58:07.177+0000][gc,phases     ] GC(54)   Evacuate Collection Set: 16.4ms
[2023-11-17T02:58:07.177+0000][gc,phases     ] GC(54)   Post Evacuate Collection Set: 0.3ms
[2023-11-17T02:58:07.177+0000][gc,phases     ] GC(54)   Other: 0.3ms
[2023-11-17T02:58:07.177+0000][gc,heap       ] GC(54) Eden regions: 23->0(23)
[2023-11-17T02:58:07.177+0000][gc,heap       ] GC(54) Survivor regions: 2->4(4)
[2023-11-17T02:58:07.177+0000][gc,heap       ] GC(54) Old regions: 51->49
[2023-11-17T02:58:07.177+0000][gc,heap       ] GC(54) Humongous regions: 138->138
[2023-11-17T02:58:07.177+0000][gc,metaspace  ] GC(54) Metaspace: 44219K(46976K)->44219K(46976K) NonClass: 38953K(40448K)->38953K(40448K) Class: 5266K(6528K)->5266K(6528K)
[2023-11-17T02:58:07.177+0000][gc            ] GC(54) Pause Young (Mixed) (G1 Evacuation Pause) 211M->189M(512M) 17.107ms
[2023-11-17T02:58:07.177+0000][gc,cpu        ] GC(54) User=0.03s Sys=0.01s Real=0.02s
[2023-11-17T02:59:25.925+0000][gc,start      ] GC(55) Pause Young (Concurrent Start) (G1 Evacuation Pause)
[2023-11-17T02:59:25.925+0000][gc,task       ] GC(55) Using 2 workers of 2 for evacuation
[2023-11-17T02:59:25.937+0000][gc,phases     ] GC(55)   Pre Evacuate Collection Set: 0.2ms
[2023-11-17T02:59:25.937+0000][gc,phases     ] GC(55)   Evacuate Collection Set: 10.5ms
[2023-11-17T02:59:25.937+0000][gc,phases     ] GC(55)   Post Evacuate Collection Set: 0.3ms
[2023-11-17T02:59:25.937+0000][gc,phases     ] GC(55)   Other: 0.3ms
[2023-11-17T02:59:25.937+0000][gc,heap       ] GC(55) Eden regions: 23->0(24)
[2023-11-17T02:59:25.937+0000][gc,heap       ] GC(55) Survivor regions: 4->2(4)
[2023-11-17T02:59:25.937+0000][gc,heap       ] GC(55) Old regions: 49->51
[2023-11-17T02:59:25.937+0000][gc,heap       ] GC(55) Humongous regions: 138->138
[2023-11-17T02:59:25.937+0000][gc,metaspace  ] GC(55) Metaspace: 44222K(46976K)->44222K(46976K) NonClass: 38956K(40448K)->38956K(40448K) Class: 5266K(6528K)->5266K(6528K)
[2023-11-17T02:59:25.937+0000][gc            ] GC(55) Pause Young (Concurrent Start) (G1 Evacuation Pause) 212M->189M(512M) 11.350ms
[2023-11-17T02:59:25.937+0000][gc,cpu        ] GC(55) User=0.02s Sys=0.00s Real=0.01s
[2023-11-17T02:59:25.937+0000][gc            ] GC(56) Concurrent Cycle
[2023-11-17T02:59:25.937+0000][gc,marking    ] GC(56) Concurrent Clear Claimed Marks
[2023-11-17T02:59:25.937+0000][gc,marking    ] GC(56) Concurrent Clear Claimed Marks 0.196ms
[2023-11-17T02:59:25.937+0000][gc,marking    ] GC(56) Concurrent Scan Root Regions
[2023-11-17T02:59:25.940+0000][gc,marking    ] GC(56) Concurrent Scan Root Regions 3.171ms
[2023-11-17T02:59:25.941+0000][gc,marking    ] GC(56) Concurrent Mark (2561.124s)
[2023-11-17T02:59:25.941+0000][gc,marking    ] GC(56) Concurrent Mark From Roots
[2023-11-17T02:59:25.941+0000][gc,task       ] GC(56) Using 1 workers of 1 for marking
[2023-11-17T02:59:25.979+0000][gc,marking    ] GC(56) Concurrent Mark From Roots 38.765ms
[2023-11-17T02:59:25.979+0000][gc,marking    ] GC(56) Concurrent Preclean
[2023-11-17T02:59:25.980+0000][gc,marking    ] GC(56) Concurrent Preclean 0.178ms
[2023-11-17T02:59:25.980+0000][gc,marking    ] GC(56) Concurrent Mark (2561.124s, 2561.163s) 39.011ms
[2023-11-17T02:59:25.980+0000][gc,start      ] GC(56) Pause Remark
[2023-11-17T02:59:25.993+0000][gc,stringtable] GC(56) Cleaned string and symbol table, strings: 12604 processed, 0 removed, symbols: 93011 processed, 1 removed
[2023-11-17T02:59:25.993+0000][gc            ] GC(56) Pause Remark 189M->189M(512M) 13.308ms
[2023-11-17T02:59:25.993+0000][gc,cpu        ] GC(56) User=0.02s Sys=0.00s Real=0.01s
[2023-11-17T02:59:25.993+0000][gc,marking    ] GC(56) Concurrent Rebuild Remembered Sets
[2023-11-17T02:59:26.024+0000][gc,marking    ] GC(56) Concurrent Rebuild Remembered Sets 30.918ms
[2023-11-17T02:59:26.026+0000][gc,start      ] GC(56) Pause Cleanup
[2023-11-17T02:59:26.026+0000][gc            ] GC(56) Pause Cleanup 189M->189M(512M) 0.432ms
[2023-11-17T02:59:26.026+0000][gc,cpu        ] GC(56) User=0.00s Sys=0.00s Real=0.00s
[2023-11-17T02:59:26.027+0000][gc,marking    ] GC(56) Concurrent Cleanup for Next Mark
[2023-11-17T02:59:26.028+0000][gc,marking    ] GC(56) Concurrent Cleanup for Next Mark 1.513ms
[2023-11-17T02:59:26.028+0000][gc            ] GC(56) Concurrent Cycle 91.228ms
[2023-11-17T03:00:54.057+0000][gc,start      ] GC(57) Pause Young (Prepare Mixed) (G1 Evacuation Pause)
[2023-11-17T03:00:54.057+0000][gc,task       ] GC(57) Using 2 workers of 2 for evacuation
[2023-11-17T03:00:54.071+0000][gc,phases     ] GC(57)   Pre Evacuate Collection Set: 0.0ms
[2023-11-17T03:00:54.071+0000][gc,phases     ] GC(57)   Evacuate Collection Set: 13.2ms
[2023-11-17T03:00:54.071+0000][gc,phases     ] GC(57)   Post Evacuate Collection Set: 0.3ms
[2023-11-17T03:00:54.071+0000][gc,phases     ] GC(57)   Other: 0.2ms
[2023-11-17T03:00:54.071+0000][gc,heap       ] GC(57) Eden regions: 23->0(21)
[2023-11-17T03:00:54.071+0000][gc,heap       ] GC(57) Survivor regions: 2->4(4)
[2023-11-17T03:00:54.071+0000][gc,heap       ] GC(57) Old regions: 51->51
[2023-11-17T03:00:54.071+0000][gc,heap       ] GC(57) Humongous regions: 138->138
[2023-11-17T03:00:54.071+0000][gc,metaspace  ] GC(57) Metaspace: 44231K(46976K)->44231K(46976K) NonClass: 38965K(40448K)->38965K(40448K) Class: 5266K(6528K)->5266K(6528K)
[2023-11-17T03:00:54.071+0000][gc            ] GC(57) Pause Young (Prepare Mixed) (G1 Evacuation Pause) 212M->191M(512M) 13.855ms
[2023-11-17T03:00:54.071+0000][gc,cpu        ] GC(57) User=0.03s Sys=0.00s Real=0.01s
[2023-11-17T03:02:00.410+0000][gc,start      ] GC(58) Pause Young (Mixed) (G1 Evacuation Pause)
[2023-11-17T03:02:00.410+0000][gc,task       ] GC(58) Using 2 workers of 2 for evacuation
[2023-11-17T03:02:00.423+0000][gc,phases     ] GC(58)   Pre Evacuate Collection Set: 0.0ms
[2023-11-17T03:02:00.423+0000][gc,phases     ] GC(58)   Evacuate Collection Set: 12.2ms
[2023-11-17T03:02:00.423+0000][gc,phases     ] GC(58)   Post Evacuate Collection Set: 0.5ms
[2023-11-17T03:02:00.423+0000][gc,phases     ] GC(58)   Other: 0.2ms
[2023-11-17T03:02:00.423+0000][gc,heap       ] GC(58) Eden regions: 21->0(26)
[2023-11-17T03:02:00.423+0000][gc,heap       ] GC(58) Survivor regions: 4->2(4)
[2023-11-17T03:02:00.423+0000][gc,heap       ] GC(58) Old regions: 51->49
[2023-11-17T03:02:00.423+0000][gc,heap       ] GC(58) Humongous regions: 138->138
[2023-11-17T03:02:00.423+0000][gc,metaspace  ] GC(58) Metaspace: 44502K(47360K)->44502K(47360K) NonClass: 39159K(40704K)->39159K(40704K) Class: 5342K(6656K)->5342K(6656K)
[2023-11-17T03:02:00.423+0000][gc            ] GC(58) Pause Young (Mixed) (G1 Evacuation Pause) 212M->187M(512M) 12.988ms
[2023-11-17T03:02:00.423+0000][gc,cpu        ] GC(58) User=0.02s Sys=0.00s Real=0.01s
[2023-11-17T03:03:30.075+0000][gc,start      ] GC(59) Pause Young (Concurrent Start) (G1 Evacuation Pause)
[2023-11-17T03:03:30.075+0000][gc,task       ] GC(59) Using 2 workers of 2 for evacuation
[2023-11-17T03:03:30.097+0000][gc,mmu        ] GC(59) MMU target violated: 21.0ms (20.0ms/21.0ms)
[2023-11-17T03:03:30.097+0000][gc,phases     ] GC(59)   Pre Evacuate Collection Set: 0.2ms
[2023-11-17T03:03:30.097+0000][gc,phases     ] GC(59)   Evacuate Collection Set: 21.5ms
[2023-11-17T03:03:30.097+0000][gc,phases     ] GC(59)   Post Evacuate Collection Set: 0.4ms
[2023-11-17T03:03:30.097+0000][gc,phases     ] GC(59)   Other: 0.3ms
[2023-11-17T03:03:30.097+0000][gc,heap       ] GC(59) Eden regions: 26->0(23)
[2023-11-17T03:03:30.097+0000][gc,heap       ] GC(59) Survivor regions: 2->4(4)
[2023-11-17T03:03:30.097+0000][gc,heap       ] GC(59) Old regions: 49->49
[2023-11-17T03:03:30.097+0000][gc,heap       ] GC(59) Humongous regions: 138->138
[2023-11-17T03:03:30.097+0000][gc,metaspace  ] GC(59) Metaspace: 44658K(47360K)->44658K(47360K) NonClass: 39285K(40704K)->39285K(40704K) Class: 5373K(6656K)->5373K(6656K)
[2023-11-17T03:03:30.097+0000][gc            ] GC(59) Pause Young (Concurrent Start) (G1 Evacuation Pause) 213M->189M(512M) 22.739ms
[2023-11-17T03:03:30.097+0000][gc,cpu        ] GC(59) User=0.04s Sys=0.00s Real=0.02s
[2023-11-17T03:03:30.097+0000][gc            ] GC(60) Concurrent Cycle
[2023-11-17T03:03:30.097+0000][gc,marking    ] GC(60) Concurrent Clear Claimed Marks
[2023-11-17T03:03:30.098+0000][gc,marking    ] GC(60) Concurrent Clear Claimed Marks 0.745ms
[2023-11-17T03:03:30.098+0000][gc,marking    ] GC(60) Concurrent Scan Root Regions
[2023-11-17T03:03:30.104+0000][gc,marking    ] GC(60) Concurrent Scan Root Regions 5.775ms
[2023-11-17T03:03:30.104+0000][gc,marking    ] GC(60) Concurrent Mark (2805.287s)
[2023-11-17T03:03:30.104+0000][gc,marking    ] GC(60) Concurrent Mark From Roots
[2023-11-17T03:03:30.104+0000][gc,task       ] GC(60) Using 1 workers of 1 for marking
[2023-11-17T03:03:30.148+0000][gc,marking    ] GC(60) Concurrent Mark From Roots 44.378ms
[2023-11-17T03:03:30.148+0000][gc,marking    ] GC(60) Concurrent Preclean
[2023-11-17T03:03:30.149+0000][gc,marking    ] GC(60) Concurrent Preclean 0.178ms
[2023-11-17T03:03:30.149+0000][gc,marking    ] GC(60) Concurrent Mark (2805.287s, 2805.332s) 44.609ms
[2023-11-17T03:03:30.149+0000][gc,start      ] GC(60) Pause Remark
[2023-11-17T03:03:30.170+0000][gc,stringtable] GC(60) Cleaned string and symbol table, strings: 12739 processed, 0 removed, symbols: 93237 processed, 1 removed
[2023-11-17T03:03:30.170+0000][gc,mmu        ] GC(60) MMU target violated: 21.0ms (20.0ms/21.0ms)
[2023-11-17T03:03:30.170+0000][gc            ] GC(60) Pause Remark 189M->189M(512M) 21.483ms
[2023-11-17T03:03:30.170+0000][gc,cpu        ] GC(60) User=0.04s Sys=0.00s Real=0.02s
[2023-11-17T03:03:30.170+0000][gc,marking    ] GC(60) Concurrent Rebuild Remembered Sets
[2023-11-17T03:03:30.207+0000][gc,marking    ] GC(60) Concurrent Rebuild Remembered Sets 37.082ms
[2023-11-17T03:03:30.208+0000][gc,start      ] GC(60) Pause Cleanup
[2023-11-17T03:03:30.208+0000][gc            ] GC(60) Pause Cleanup 189M->189M(512M) 0.286ms
[2023-11-17T03:03:30.208+0000][gc,cpu        ] GC(60) User=0.00s Sys=0.00s Real=0.00s
[2023-11-17T03:03:30.208+0000][gc,marking    ] GC(60) Concurrent Cleanup for Next Mark
[2023-11-17T03:03:30.211+0000][gc,marking    ] GC(60) Concurrent Cleanup for Next Mark 2.925ms
[2023-11-17T03:03:30.211+0000][gc            ] GC(60) Concurrent Cycle 113.833ms
[2023-11-17T03:04:41.225+0000][gc,start      ] GC(61) Pause Young (Prepare Mixed) (G1 Evacuation Pause)
[2023-11-17T03:04:41.225+0000][gc,task       ] GC(61) Using 2 workers of 2 for evacuation
[2023-11-17T03:04:41.242+0000][gc,phases     ] GC(61)   Pre Evacuate Collection Set: 0.0ms
[2023-11-17T03:04:41.242+0000][gc,phases     ] GC(61)   Evacuate Collection Set: 15.6ms
[2023-11-17T03:04:41.242+0000][gc,phases     ] GC(61)   Post Evacuate Collection Set: 0.4ms
[2023-11-17T03:04:41.242+0000][gc,phases     ] GC(61)   Other: 0.3ms
[2023-11-17T03:04:41.242+0000][gc,heap       ] GC(61) Eden regions: 21->0(23)
[2023-11-17T03:04:41.242+0000][gc,heap       ] GC(61) Survivor regions: 4->2(4)
[2023-11-17T03:04:41.242+0000][gc,heap       ] GC(61) Old regions: 49->51
[2023-11-17T03:04:41.242+0000][gc,heap       ] GC(61) Humongous regions: 138->138
[2023-11-17T03:04:41.242+0000][gc,metaspace  ] GC(61) Metaspace: 44659K(47360K)->44659K(47360K) NonClass: 39286K(40704K)->39286K(40704K) Class: 5373K(6656K)->5373K(6656K)
[2023-11-17T03:04:41.242+0000][gc            ] GC(61) Pause Young (Prepare Mixed) (G1 Evacuation Pause) 210M->189M(512M) 16.520ms
[2023-11-17T03:04:41.242+0000][gc,cpu        ] GC(61) User=0.02s Sys=0.01s Real=0.02s
[2023-11-17T03:06:00.054+0000][gc,start      ] GC(62) Pause Young (Mixed) (G1 Evacuation Pause)
[2023-11-17T03:06:00.054+0000][gc,task       ] GC(62) Using 2 workers of 2 for evacuation
[2023-11-17T03:06:00.094+0000][gc,mmu        ] GC(62) MMU target violated: 21.0ms (20.0ms/21.0ms)
[2023-11-17T03:06:00.094+0000][gc,phases     ] GC(62)   Pre Evacuate Collection Set: 0.0ms
[2023-11-17T03:06:00.094+0000][gc,phases     ] GC(62)   Evacuate Collection Set: 36.5ms
[2023-11-17T03:06:00.094+0000][gc,phases     ] GC(62)   Post Evacuate Collection Set: 3.6ms
[2023-11-17T03:06:00.094+0000][gc,phases     ] GC(62)   Other: 0.3ms
[2023-11-17T03:06:00.094+0000][gc,heap       ] GC(62) Eden regions: 23->0(21)
[2023-11-17T03:06:00.094+0000][gc,heap       ] GC(62) Survivor regions: 2->4(4)
[2023-11-17T03:06:00.094+0000][gc,heap       ] GC(62) Old regions: 51->50
[2023-11-17T03:06:00.094+0000][gc,heap       ] GC(62) Humongous regions: 138->138
[2023-11-17T03:06:00.094+0000][gc,metaspace  ] GC(62) Metaspace: 44690K(47360K)->44690K(47360K) NonClass: 39316K(40704K)->39316K(40704K) Class: 5373K(6656K)->5373K(6656K)
[2023-11-17T03:06:00.094+0000][gc            ] GC(62) Pause Young (Mixed) (G1 Evacuation Pause) 212M->189M(512M) 40.475ms
[2023-11-17T03:06:00.094+0000][gc,cpu        ] GC(62) User=0.07s Sys=0.01s Real=0.04s
[2023-11-17T03:07:11.287+0000][gc,start      ] GC(63) Pause Young (Concurrent Start) (G1 Evacuation Pause)
[2023-11-17T03:07:11.287+0000][gc,task       ] GC(63) Using 2 workers of 2 for evacuation
[2023-11-17T03:07:11.301+0000][gc,phases     ] GC(63)   Pre Evacuate Collection Set: 0.2ms
[2023-11-17T03:07:11.301+0000][gc,phases     ] GC(63)   Evacuate Collection Set: 12.8ms
[2023-11-17T03:07:11.301+0000][gc,phases     ] GC(63)   Post Evacuate Collection Set: 0.3ms
[2023-11-17T03:07:11.301+0000][gc,phases     ] GC(63)   Other: 0.3ms
[2023-11-17T03:07:11.301+0000][gc,heap       ] GC(63) Eden regions: 21->0(22)
[2023-11-17T03:07:11.301+0000][gc,heap       ] GC(63) Survivor regions: 4->3(4)
[2023-11-17T03:07:11.301+0000][gc,heap       ] GC(63) Old regions: 50->52
[2023-11-17T03:07:11.301+0000][gc,heap       ] GC(63) Humongous regions: 138->138
[2023-11-17T03:07:11.301+0000][gc,metaspace  ] GC(63) Metaspace: 44720K(47360K)->44720K(47360K) NonClass: 39346K(40704K)->39346K(40704K) Class: 5373K(6656K)->5373K(6656K)
[2023-11-17T03:07:11.301+0000][gc            ] GC(63) Pause Young (Concurrent Start) (G1 Evacuation Pause) 210M->190M(512M) 13.789ms
[2023-11-17T03:07:11.301+0000][gc,cpu        ] GC(63) User=0.02s Sys=0.00s Real=0.01s
[2023-11-17T03:07:11.301+0000][gc            ] GC(64) Concurrent Cycle
[2023-11-17T03:07:11.301+0000][gc,marking    ] GC(64) Concurrent Clear Claimed Marks
[2023-11-17T03:07:11.301+0000][gc,marking    ] GC(64) Concurrent Clear Claimed Marks 0.222ms
[2023-11-17T03:07:11.301+0000][gc,marking    ] GC(64) Concurrent Scan Root Regions
[2023-11-17T03:07:11.304+0000][gc,marking    ] GC(64) Concurrent Scan Root Regions 3.263ms
[2023-11-17T03:07:11.304+0000][gc,marking    ] GC(64) Concurrent Mark (3026.487s)
[2023-11-17T03:07:11.304+0000][gc,marking    ] GC(64) Concurrent Mark From Roots
[2023-11-17T03:07:11.304+0000][gc,task       ] GC(64) Using 1 workers of 1 for marking
[2023-11-17T03:07:11.349+0000][gc,marking    ] GC(64) Concurrent Mark From Roots 44.394ms
[2023-11-17T03:07:11.349+0000][gc,marking    ] GC(64) Concurrent Preclean
[2023-11-17T03:07:11.349+0000][gc,marking    ] GC(64) Concurrent Preclean 0.173ms
[2023-11-17T03:07:11.349+0000][gc,marking    ] GC(64) Concurrent Mark (3026.487s, 3026.532s) 44.620ms
[2023-11-17T03:07:11.349+0000][gc,start      ] GC(64) Pause Remark
[2023-11-17T03:07:11.366+0000][gc,stringtable] GC(64) Cleaned string and symbol table, strings: 12764 processed, 6 removed, symbols: 93240 processed, 1 removed
[2023-11-17T03:07:11.366+0000][gc            ] GC(64) Pause Remark 190M->190M(512M) 16.745ms
[2023-11-17T03:07:11.366+0000][gc,cpu        ] GC(64) User=0.03s Sys=0.00s Real=0.02s
[2023-11-17T03:07:11.366+0000][gc,marking    ] GC(64) Concurrent Rebuild Remembered Sets
[2023-11-17T03:07:11.392+0000][gc,marking    ] GC(64) Concurrent Rebuild Remembered Sets 26.264ms
[2023-11-17T03:07:11.393+0000][gc,start      ] GC(64) Pause Cleanup
[2023-11-17T03:07:11.393+0000][gc            ] GC(64) Pause Cleanup 190M->190M(512M) 0.312ms
[2023-11-17T03:07:11.393+0000][gc,cpu        ] GC(64) User=0.00s Sys=0.00s Real=0.00s
[2023-11-17T03:07:11.393+0000][gc,marking    ] GC(64) Concurrent Cleanup for Next Mark
[2023-11-17T03:07:11.395+0000][gc,marking    ] GC(64) Concurrent Cleanup for Next Mark 2.302ms
[2023-11-17T03:07:11.395+0000][gc            ] GC(64) Concurrent Cycle 94.499ms
[2023-11-17T03:08:35.342+0000][gc,start      ] GC(65) Pause Young (Prepare Mixed) (G1 Evacuation Pause)
[2023-11-17T03:08:35.342+0000][gc,task       ] GC(65) Using 2 workers of 2 for evacuation
[2023-11-17T03:08:35.356+0000][gc,phases     ] GC(65)   Pre Evacuate Collection Set: 0.0ms
[2023-11-17T03:08:35.356+0000][gc,phases     ] GC(65)   Evacuate Collection Set: 13.2ms
[2023-11-17T03:08:35.356+0000][gc,phases     ] GC(65)   Post Evacuate Collection Set: 0.4ms
[2023-11-17T03:08:35.356+0000][gc,phases     ] GC(65)   Other: 0.2ms
[2023-11-17T03:08:35.356+0000][gc,heap       ] GC(65) Eden regions: 22->0(21)
[2023-11-17T03:08:35.356+0000][gc,heap       ] GC(65) Survivor regions: 3->4(4)
[2023-11-17T03:08:35.356+0000][gc,heap       ] GC(65) Old regions: 52->52
[2023-11-17T03:08:35.356+0000][gc,heap       ] GC(65) Humongous regions: 138->138
[2023-11-17T03:08:35.356+0000][gc,metaspace  ] GC(65) Metaspace: 44728K(47360K)->44728K(47360K) NonClass: 39354K(40704K)->39354K(40704K) Class: 5373K(6656K)->5373K(6656K)
[2023-11-17T03:08:35.356+0000][gc            ] GC(65) Pause Young (Prepare Mixed) (G1 Evacuation Pause) 212M->192M(512M) 13.937ms
[2023-11-17T03:08:35.356+0000][gc,cpu        ] GC(65) User=0.03s Sys=0.00s Real=0.02s
[2023-11-17T03:09:54.453+0000][gc,start      ] GC(66) Pause Young (Mixed) (G1 Evacuation Pause)
[2023-11-17T03:09:54.453+0000][gc,task       ] GC(66) Using 2 workers of 2 for evacuation
[2023-11-17T03:09:54.467+0000][gc,phases     ] GC(66)   Pre Evacuate Collection Set: 0.0ms
[2023-11-17T03:09:54.467+0000][gc,phases     ] GC(66)   Evacuate Collection Set: 13.0ms
[2023-11-17T03:09:54.467+0000][gc,phases     ] GC(66)   Post Evacuate Collection Set: 0.5ms
[2023-11-17T03:09:54.467+0000][gc,phases     ] GC(66)   Other: 0.2ms
[2023-11-17T03:09:54.467+0000][gc,heap       ] GC(66) Eden regions: 21->0(23)
[2023-11-17T03:09:54.467+0000][gc,heap       ] GC(66) Survivor regions: 4->2(4)
[2023-11-17T03:09:54.467+0000][gc,heap       ] GC(66) Old regions: 52->49
[2023-11-17T03:09:54.467+0000][gc,heap       ] GC(66) Humongous regions: 138->138
[2023-11-17T03:09:54.467+0000][gc,metaspace  ] GC(66) Metaspace: 44728K(47360K)->44728K(47360K) NonClass: 39354K(40704K)->39354K(40704K) Class: 5373K(6656K)->5373K(6656K)
[2023-11-17T03:09:54.467+0000][gc            ] GC(66) Pause Young (Mixed) (G1 Evacuation Pause) 213M->186M(512M) 13.857ms
[2023-11-17T03:09:54.467+0000][gc,cpu        ] GC(66) User=0.03s Sys=0.00s Real=0.02s
[2023-11-17T03:11:21.308+0000][gc,start      ] GC(67) Pause Young (Concurrent Start) (G1 Evacuation Pause)
[2023-11-17T03:11:21.308+0000][gc,task       ] GC(67) Using 2 workers of 2 for evacuation
[2023-11-17T03:11:21.322+0000][gc,phases     ] GC(67)   Pre Evacuate Collection Set: 0.2ms
[2023-11-17T03:11:21.323+0000][gc,phases     ] GC(67)   Evacuate Collection Set: 13.8ms
[2023-11-17T03:11:21.323+0000][gc,phases     ] GC(67)   Post Evacuate Collection Set: 0.3ms
[2023-11-17T03:11:21.323+0000][gc,phases     ] GC(67)   Other: 0.4ms
[2023-11-17T03:11:21.323+0000][gc,heap       ] GC(67) Eden regions: 23->0(22)
[2023-11-17T03:11:21.323+0000][gc,heap       ] GC(67) Survivor regions: 2->4(4)
[2023-11-17T03:11:21.323+0000][gc,heap       ] GC(67) Old regions: 49->49
[2023-11-17T03:11:21.323+0000][gc,heap       ] GC(67) Humongous regions: 138->138
[2023-11-17T03:11:21.323+0000][gc,metaspace  ] GC(67) Metaspace: 44744K(47360K)->44744K(47360K) NonClass: 39370K(40704K)->39370K(40704K) Class: 5373K(6656K)->5373K(6656K)
[2023-11-17T03:11:21.323+0000][gc            ] GC(67) Pause Young (Concurrent Start) (G1 Evacuation Pause) 209M->189M(512M) 14.921ms
[2023-11-17T03:11:21.323+0000][gc,cpu        ] GC(67) User=0.03s Sys=0.01s Real=0.01s
[2023-11-17T03:11:21.323+0000][gc            ] GC(68) Concurrent Cycle
[2023-11-17T03:11:21.323+0000][gc,marking    ] GC(68) Concurrent Clear Claimed Marks
[2023-11-17T03:11:21.323+0000][gc,marking    ] GC(68) Concurrent Clear Claimed Marks 0.222ms
[2023-11-17T03:11:21.323+0000][gc,marking    ] GC(68) Concurrent Scan Root Regions
[2023-11-17T03:11:21.328+0000][gc,marking    ] GC(68) Concurrent Scan Root Regions 4.611ms
[2023-11-17T03:11:21.328+0000][gc,marking    ] GC(68) Concurrent Mark (3276.510s)
[2023-11-17T03:11:21.328+0000][gc,marking    ] GC(68) Concurrent Mark From Roots
[2023-11-17T03:11:21.328+0000][gc,task       ] GC(68) Using 1 workers of 1 for marking
[2023-11-17T03:11:21.376+0000][gc,marking    ] GC(68) Concurrent Mark From Roots 48.241ms
[2023-11-17T03:11:21.376+0000][gc,marking    ] GC(68) Concurrent Preclean
[2023-11-17T03:11:21.376+0000][gc,marking    ] GC(68) Concurrent Preclean 0.181ms
[2023-11-17T03:11:21.376+0000][gc,marking    ] GC(68) Concurrent Mark (3276.510s, 3276.559s) 48.475ms
[2023-11-17T03:11:21.376+0000][gc,start      ] GC(68) Pause Remark
[2023-11-17T03:11:21.390+0000][gc,stringtable] GC(68) Cleaned string and symbol table, strings: 12775 processed, 22 removed, symbols: 93240 processed, 1 removed
[2023-11-17T03:11:21.391+0000][gc            ] GC(68) Pause Remark 189M->189M(512M) 14.405ms
[2023-11-17T03:11:21.391+0000][gc,cpu        ] GC(68) User=0.03s Sys=0.00s Real=0.01s
[2023-11-17T03:11:21.391+0000][gc,marking    ] GC(68) Concurrent Rebuild Remembered Sets
[2023-11-17T03:11:21.414+0000][gc,marking    ] GC(68) Concurrent Rebuild Remembered Sets 22.929ms
[2023-11-17T03:11:21.414+0000][gc,start      ] GC(68) Pause Cleanup
[2023-11-17T03:11:21.414+0000][gc            ] GC(68) Pause Cleanup 189M->189M(512M) 0.192ms
[2023-11-17T03:11:21.414+0000][gc,cpu        ] GC(68) User=0.00s Sys=0.00s Real=0.00s
[2023-11-17T03:11:21.414+0000][gc,marking    ] GC(68) Concurrent Cleanup for Next Mark
[2023-11-17T03:11:21.418+0000][gc,marking    ] GC(68) Concurrent Cleanup for Next Mark 2.997ms
[2023-11-17T03:11:21.418+0000][gc            ] GC(68) Concurrent Cycle 94.843ms
[2023-11-17T03:12:45.284+0000][gc,start      ] GC(69) Pause Young (Prepare Mixed) (G1 Evacuation Pause)
[2023-11-17T03:12:45.284+0000][gc,task       ] GC(69) Using 2 workers of 2 for evacuation
[2023-11-17T03:12:45.297+0000][gc,phases     ] GC(69)   Pre Evacuate Collection Set: 0.0ms
[2023-11-17T03:12:45.297+0000][gc,phases     ] GC(69)   Evacuate Collection Set: 12.3ms
[2023-11-17T03:12:45.297+0000][gc,phases     ] GC(69)   Post Evacuate Collection Set: 0.3ms
[2023-11-17T03:12:45.297+0000][gc,phases     ] GC(69)   Other: 0.2ms
[2023-11-17T03:12:45.297+0000][gc,heap       ] GC(69) Eden regions: 22->0(23)
[2023-11-17T03:12:45.297+0000][gc,heap       ] GC(69) Survivor regions: 4->2(4)
[2023-11-17T03:12:45.297+0000][gc,heap       ] GC(69) Old regions: 49->51
[2023-11-17T03:12:45.297+0000][gc,heap       ] GC(69) Humongous regions: 138->138
[2023-11-17T03:12:45.297+0000][gc,metaspace  ] GC(69) Metaspace: 44745K(47360K)->44745K(47360K) NonClass: 39371K(40704K)->39371K(40704K) Class: 5373K(6656K)->5373K(6656K)
[2023-11-17T03:12:45.297+0000][gc            ] GC(69) Pause Young (Prepare Mixed) (G1 Evacuation Pause) 211M->188M(512M) 12.957ms
[2023-11-17T03:12:45.297+0000][gc,cpu        ] GC(69) User=0.02s Sys=0.00s Real=0.02s
[2023-11-17T03:14:13.871+0000][gc,start      ] GC(70) Pause Young (Mixed) (G1 Evacuation Pause)
[2023-11-17T03:14:13.872+0000][gc,task       ] GC(70) Using 2 workers of 2 for evacuation
[2023-11-17T03:14:13.886+0000][gc,phases     ] GC(70)   Pre Evacuate Collection Set: 0.0ms
[2023-11-17T03:14:13.886+0000][gc,phases     ] GC(70)   Evacuate Collection Set: 13.9ms
[2023-11-17T03:14:13.886+0000][gc,phases     ] GC(70)   Post Evacuate Collection Set: 0.4ms
[2023-11-17T03:14:13.886+0000][gc,phases     ] GC(70)   Other: 0.3ms
[2023-11-17T03:14:13.886+0000][gc,heap       ] GC(70) Eden regions: 23->0(24)
[2023-11-17T03:14:13.886+0000][gc,heap       ] GC(70) Survivor regions: 2->4(4)
[2023-11-17T03:14:13.886+0000][gc,heap       ] GC(70) Old regions: 51->49
[2023-11-17T03:14:13.886+0000][gc,heap       ] GC(70) Humongous regions: 138->138
[2023-11-17T03:14:13.886+0000][gc,metaspace  ] GC(70) Metaspace: 44750K(47360K)->44750K(47360K) NonClass: 39376K(40704K)->39376K(40704K) Class: 5373K(6656K)->5373K(6656K)
[2023-11-17T03:14:13.886+0000][gc            ] GC(70) Pause Young (Mixed) (G1 Evacuation Pause) 211M->189M(512M) 14.680ms
[2023-11-17T03:14:13.886+0000][gc,cpu        ] GC(70) User=0.03s Sys=0.00s Real=0.02s
[2023-11-17T03:15:45.015+0000][gc,start      ] GC(71) Pause Young (Concurrent Start) (G1 Evacuation Pause)
[2023-11-17T03:15:45.015+0000][gc,task       ] GC(71) Using 2 workers of 2 for evacuation
[2023-11-17T03:15:45.028+0000][gc,phases     ] GC(71)   Pre Evacuate Collection Set: 0.2ms
[2023-11-17T03:15:45.028+0000][gc,phases     ] GC(71)   Evacuate Collection Set: 12.1ms
[2023-11-17T03:15:45.028+0000][gc,phases     ] GC(71)   Post Evacuate Collection Set: 0.3ms
[2023-11-17T03:15:45.028+0000][gc,phases     ] GC(71)   Other: 0.3ms
[2023-11-17T03:15:45.028+0000][gc,heap       ] GC(71) Eden regions: 24->0(25)
[2023-11-17T03:15:45.028+0000][gc,heap       ] GC(71) Survivor regions: 4->3(4)
[2023-11-17T03:15:45.028+0000][gc,heap       ] GC(71) Old regions: 49->51
[2023-11-17T03:15:45.028+0000][gc,heap       ] GC(71) Humongous regions: 138->138
[2023-11-17T03:15:45.028+0000][gc,metaspace  ] GC(71) Metaspace: 44751K(47360K)->44751K(47360K) NonClass: 39377K(40704K)->39377K(40704K) Class: 5373K(6656K)->5373K(6656K)
[2023-11-17T03:15:45.028+0000][gc            ] GC(71) Pause Young (Concurrent Start) (G1 Evacuation Pause) 213M->189M(512M) 13.015ms
[2023-11-17T03:15:45.028+0000][gc,cpu        ] GC(71) User=0.03s Sys=0.00s Real=0.01s
[2023-11-17T03:15:45.028+0000][gc            ] GC(72) Concurrent Cycle
[2023-11-17T03:15:45.028+0000][gc,marking    ] GC(72) Concurrent Clear Claimed Marks
[2023-11-17T03:15:45.028+0000][gc,marking    ] GC(72) Concurrent Clear Claimed Marks 0.232ms
[2023-11-17T03:15:45.028+0000][gc,marking    ] GC(72) Concurrent Scan Root Regions
[2023-11-17T03:15:45.032+0000][gc,marking    ] GC(72) Concurrent Scan Root Regions 3.410ms
[2023-11-17T03:15:45.032+0000][gc,marking    ] GC(72) Concurrent Mark (3540.215s)
[2023-11-17T03:15:45.032+0000][gc,marking    ] GC(72) Concurrent Mark From Roots
[2023-11-17T03:15:45.032+0000][gc,task       ] GC(72) Using 1 workers of 1 for marking
[2023-11-17T03:15:45.069+0000][gc,marking    ] GC(72) Concurrent Mark From Roots 37.470ms
[2023-11-17T03:15:45.069+0000][gc,marking    ] GC(72) Concurrent Preclean
[2023-11-17T03:15:45.069+0000][gc,marking    ] GC(72) Concurrent Preclean 0.200ms
[2023-11-17T03:15:45.069+0000][gc,marking    ] GC(72) Concurrent Mark (3540.215s, 3540.252s) 37.728ms
[2023-11-17T03:15:45.070+0000][gc,start      ] GC(72) Pause Remark
[2023-11-17T03:15:45.083+0000][gc,stringtable] GC(72) Cleaned string and symbol table, strings: 12758 processed, 0 removed, symbols: 93240 processed, 1 removed
[2023-11-17T03:15:45.083+0000][gc            ] GC(72) Pause Remark 189M->189M(512M) 13.336ms
[2023-11-17T03:15:45.083+0000][gc,cpu        ] GC(72) User=0.03s Sys=0.00s Real=0.01s
[2023-11-17T03:15:45.083+0000][gc,marking    ] GC(72) Concurrent Rebuild Remembered Sets
[2023-11-17T03:15:45.110+0000][gc,marking    ] GC(72) Concurrent Rebuild Remembered Sets 27.245ms
[2023-11-17T03:15:45.115+0000][gc,start      ] GC(72) Pause Cleanup
[2023-11-17T03:15:45.115+0000][gc            ] GC(72) Pause Cleanup 189M->189M(512M) 0.665ms
[2023-11-17T03:15:45.115+0000][gc,cpu        ] GC(72) User=0.00s Sys=0.00s Real=0.00s
[2023-11-17T03:15:45.115+0000][gc,marking    ] GC(72) Concurrent Cleanup for Next Mark
[2023-11-17T03:15:45.117+0000][gc,marking    ] GC(72) Concurrent Cleanup for Next Mark 1.363ms
[2023-11-17T03:15:45.117+0000][gc            ] GC(72) Concurrent Cycle 88.899ms
[2023-11-17T03:16:51.715+0000][gc,start      ] GC(73) Pause Young (Prepare Mixed) (G1 Evacuation Pause)
[2023-11-17T03:16:51.715+0000][gc,task       ] GC(73) Using 2 workers of 2 for evacuation
[2023-11-17T03:16:51.736+0000][gc,mmu        ] GC(73) MMU target violated: 21.0ms (20.0ms/21.0ms)
[2023-11-17T03:16:51.736+0000][gc,phases     ] GC(73)   Pre Evacuate Collection Set: 0.0ms
[2023-11-17T03:16:51.736+0000][gc,phases     ] GC(73)   Evacuate Collection Set: 21.0ms
[2023-11-17T03:16:51.736+0000][gc,phases     ] GC(73)   Post Evacuate Collection Set: 0.4ms
[2023-11-17T03:16:51.736+0000][gc,phases     ] GC(73)   Other: 0.3ms
[2023-11-17T03:16:51.737+0000][gc,heap       ] GC(73) Eden regions: 24->0(21)
[2023-11-17T03:16:51.737+0000][gc,heap       ] GC(73) Survivor regions: 3->4(4)
[2023-11-17T03:16:51.737+0000][gc,heap       ] GC(73) Old regions: 51->55
[2023-11-17T03:16:51.737+0000][gc,heap       ] GC(73) Humongous regions: 147->147
[2023-11-17T03:16:51.737+0000][gc,metaspace  ] GC(73) Metaspace: 44881K(47616K)->44881K(47616K) NonClass: 39480K(40960K)->39480K(40960K) Class: 5401K(6656K)->5401K(6656K)
[2023-11-17T03:16:51.737+0000][gc            ] GC(73) Pause Young (Prepare Mixed) (G1 Evacuation Pause) 222M->203M(512M) 21.991ms
[2023-11-17T03:16:51.737+0000][gc,cpu        ] GC(73) User=0.04s Sys=0.00s Real=0.02s
[2023-11-17T03:18:10.366+0000][gc,start      ] GC(74) Pause Young (Mixed) (G1 Evacuation Pause)
[2023-11-17T03:18:10.366+0000][gc,task       ] GC(74) Using 2 workers of 2 for evacuation
[2023-11-17T03:18:10.381+0000][gc,phases     ] GC(74)   Pre Evacuate Collection Set: 0.0ms
[2023-11-17T03:18:10.381+0000][gc,phases     ] GC(74)   Evacuate Collection Set: 14.5ms
[2023-11-17T03:18:10.381+0000][gc,phases     ] GC(74)   Post Evacuate Collection Set: 0.5ms
[2023-11-17T03:18:10.381+0000][gc,phases     ] GC(74)   Other: 0.3ms
[2023-11-17T03:18:10.381+0000][gc,heap       ] GC(74) Eden regions: 21->0(24)
[2023-11-17T03:18:10.381+0000][gc,heap       ] GC(74) Survivor regions: 4->2(4)
[2023-11-17T03:18:10.381+0000][gc,heap       ] GC(74) Old regions: 55->54
[2023-11-17T03:18:10.381+0000][gc,heap       ] GC(74) Humongous regions: 147->147
[2023-11-17T03:18:10.381+0000][gc,metaspace  ] GC(74) Metaspace: 44883K(47616K)->44883K(47616K) NonClass: 39482K(40960K)->39482K(40960K) Class: 5401K(6656K)->5401K(6656K)
[2023-11-17T03:18:10.382+0000][gc            ] GC(74) Pause Young (Mixed) (G1 Evacuation Pause) 224M->201M(512M) 15.442ms
[2023-11-17T03:18:10.382+0000][gc,cpu        ] GC(74) User=0.03s Sys=0.00s Real=0.01s
[2023-11-17T03:19:42.531+0000][gc,start      ] GC(75) Pause Young (Concurrent Start) (G1 Evacuation Pause)
[2023-11-17T03:19:42.531+0000][gc,task       ] GC(75) Using 2 workers of 2 for evacuation
[2023-11-17T03:19:42.547+0000][gc,phases     ] GC(75)   Pre Evacuate Collection Set: 0.4ms
[2023-11-17T03:19:42.547+0000][gc,phases     ] GC(75)   Evacuate Collection Set: 14.9ms
[2023-11-17T03:19:42.547+0000][gc,phases     ] GC(75)   Post Evacuate Collection Set: 0.3ms
[2023-11-17T03:19:42.547+0000][gc,phases     ] GC(75)   Other: 0.3ms
[2023-11-17T03:19:42.547+0000][gc,heap       ] GC(75) Eden regions: 24->0(23)
[2023-11-17T03:19:42.547+0000][gc,heap       ] GC(75) Survivor regions: 2->4(4)
[2023-11-17T03:19:42.547+0000][gc,heap       ] GC(75) Old regions: 54->55
[2023-11-17T03:19:42.547+0000][gc,heap       ] GC(75) Humongous regions: 147->147
[2023-11-17T03:19:42.547+0000][gc,metaspace  ] GC(75) Metaspace: 44886K(47616K)->44886K(47616K) NonClass: 39484K(40960K)->39484K(40960K) Class: 5401K(6656K)->5401K(6656K)
[2023-11-17T03:19:42.547+0000][gc            ] GC(75) Pause Young (Concurrent Start) (G1 Evacuation Pause) 225M->204M(512M) 16.001ms
[2023-11-17T03:19:42.547+0000][gc,cpu        ] GC(75) User=0.03s Sys=0.00s Real=0.02s
[2023-11-17T03:19:42.547+0000][gc            ] GC(76) Concurrent Cycle
[2023-11-17T03:19:42.547+0000][gc,marking    ] GC(76) Concurrent Clear Claimed Marks
[2023-11-17T03:19:42.547+0000][gc,marking    ] GC(76) Concurrent Clear Claimed Marks 0.238ms
[2023-11-17T03:19:42.547+0000][gc,marking    ] GC(76) Concurrent Scan Root Regions
[2023-11-17T03:19:42.551+0000][gc,marking    ] GC(76) Concurrent Scan Root Regions 3.553ms
[2023-11-17T03:19:42.551+0000][gc,marking    ] GC(76) Concurrent Mark (3777.734s)
[2023-11-17T03:19:42.551+0000][gc,marking    ] GC(76) Concurrent Mark From Roots
[2023-11-17T03:19:42.551+0000][gc,task       ] GC(76) Using 1 workers of 1 for marking
[2023-11-17T03:19:42.588+0000][gc,marking    ] GC(76) Concurrent Mark From Roots 37.142ms
[2023-11-17T03:19:42.588+0000][gc,marking    ] GC(76) Concurrent Preclean
[2023-11-17T03:19:42.589+0000][gc,marking    ] GC(76) Concurrent Preclean 0.835ms
[2023-11-17T03:19:42.589+0000][gc,marking    ] GC(76) Concurrent Mark (3777.734s, 3777.772s) 38.050ms
[2023-11-17T03:19:42.589+0000][gc,start      ] GC(76) Pause Remark
[2023-11-17T03:19:42.604+0000][gc,stringtable] GC(76) Cleaned string and symbol table, strings: 12794 processed, 1 removed, symbols: 93384 processed, 0 removed
[2023-11-17T03:19:42.604+0000][gc            ] GC(76) Pause Remark 204M->204M(512M) 15.428ms
[2023-11-17T03:19:42.604+0000][gc,cpu        ] GC(76) User=0.03s Sys=0.00s Real=0.01s
[2023-11-17T03:19:42.604+0000][gc,marking    ] GC(76) Concurrent Rebuild Remembered Sets
[2023-11-17T03:19:42.631+0000][gc,marking    ] GC(76) Concurrent Rebuild Remembered Sets 26.504ms
[2023-11-17T03:19:42.631+0000][gc,start      ] GC(76) Pause Cleanup
[2023-11-17T03:19:42.632+0000][gc            ] GC(76) Pause Cleanup 204M->204M(512M) 0.179ms
[2023-11-17T03:19:42.632+0000][gc,cpu        ] GC(76) User=0.00s Sys=0.00s Real=0.00s
[2023-11-17T03:19:42.632+0000][gc,marking    ] GC(76) Concurrent Cleanup for Next Mark
[2023-11-17T03:19:42.634+0000][gc,marking    ] GC(76) Concurrent Cleanup for Next Mark 2.284ms
[2023-11-17T03:19:42.634+0000][gc            ] GC(76) Concurrent Cycle 87.233ms
[2023-11-17T03:21:10.697+0000][gc,start      ] GC(77) Pause Young (Prepare Mixed) (G1 Evacuation Pause)
[2023-11-17T03:21:10.697+0000][gc,task       ] GC(77) Using 2 workers of 2 for evacuation
[2023-11-17T03:21:10.711+0000][gc,phases     ] GC(77)   Pre Evacuate Collection Set: 0.0ms
[2023-11-17T03:21:10.711+0000][gc,phases     ] GC(77)   Evacuate Collection Set: 13.0ms
[2023-11-17T03:21:10.711+0000][gc,phases     ] GC(77)   Post Evacuate Collection Set: 0.3ms
[2023-11-17T03:21:10.711+0000][gc,phases     ] GC(77)   Other: 0.3ms
[2023-11-17T03:21:10.711+0000][gc,heap       ] GC(77) Eden regions: 23->0(22)
[2023-11-17T03:21:10.711+0000][gc,heap       ] GC(77) Survivor regions: 4->3(4)
[2023-11-17T03:21:10.711+0000][gc,heap       ] GC(77) Old regions: 55->57
[2023-11-17T03:21:10.711+0000][gc,heap       ] GC(77) Humongous regions: 147->147
[2023-11-17T03:21:10.711+0000][gc,metaspace  ] GC(77) Metaspace: 44904K(47616K)->44904K(47616K) NonClass: 39502K(40960K)->39502K(40960K) Class: 5401K(6656K)->5401K(6656K)
[2023-11-17T03:21:10.711+0000][gc            ] GC(77) Pause Young (Prepare Mixed) (G1 Evacuation Pause) 227M->204M(512M) 13.834ms
[2023-11-17T03:21:10.711+0000][gc,cpu        ] GC(77) User=0.03s Sys=0.00s Real=0.01s
[2023-11-17T03:22:34.346+0000][gc,start      ] GC(78) Pause Young (Mixed) (G1 Evacuation Pause)
[2023-11-17T03:22:34.346+0000][gc,task       ] GC(78) Using 2 workers of 2 for evacuation
[2023-11-17T03:22:34.360+0000][gc,phases     ] GC(78)   Pre Evacuate Collection Set: 0.0ms
[2023-11-17T03:22:34.360+0000][gc,phases     ] GC(78)   Evacuate Collection Set: 13.1ms
[2023-11-17T03:22:34.360+0000][gc,phases     ] GC(78)   Post Evacuate Collection Set: 0.4ms
[2023-11-17T03:22:34.360+0000][gc,phases     ] GC(78)   Other: 0.4ms
[2023-11-17T03:22:34.360+0000][gc,heap       ] GC(78) Eden regions: 22->0(25)
[2023-11-17T03:22:34.360+0000][gc,heap       ] GC(78) Survivor regions: 3->3(4)
[2023-11-17T03:22:34.360+0000][gc,heap       ] GC(78) Old regions: 57->52
[2023-11-17T03:22:34.360+0000][gc,heap       ] GC(78) Humongous regions: 147->147
[2023-11-17T03:22:34.360+0000][gc,metaspace  ] GC(78) Metaspace: 44904K(47616K)->44904K(47616K) NonClass: 39503K(40960K)->39503K(40960K) Class: 5401K(6656K)->5401K(6656K)
[2023-11-17T03:22:34.360+0000][gc            ] GC(78) Pause Young (Mixed) (G1 Evacuation Pause) 226M->199M(512M) 14.020ms
[2023-11-17T03:22:34.360+0000][gc,cpu        ] GC(78) User=0.03s Sys=0.00s Real=0.01s
[2023-11-17T03:24:09.714+0000][gc,start      ] GC(79) Pause Young (Concurrent Start) (G1 Evacuation Pause)
[2023-11-17T03:24:09.714+0000][gc,task       ] GC(79) Using 2 workers of 2 for evacuation
[2023-11-17T03:24:09.727+0000][gc,phases     ] GC(79)   Pre Evacuate Collection Set: 0.3ms
[2023-11-17T03:24:09.727+0000][gc,phases     ] GC(79)   Evacuate Collection Set: 11.9ms
[2023-11-17T03:24:09.727+0000][gc,phases     ] GC(79)   Post Evacuate Collection Set: 0.3ms
[2023-11-17T03:24:09.727+0000][gc,phases     ] GC(79)   Other: 0.3ms
[2023-11-17T03:24:09.727+0000][gc,heap       ] GC(79) Eden regions: 25->0(26)
[2023-11-17T03:24:09.727+0000][gc,heap       ] GC(79) Survivor regions: 3->3(4)
[2023-11-17T03:24:09.727+0000][gc,heap       ] GC(79) Old regions: 52->53
[2023-11-17T03:24:09.727+0000][gc,heap       ] GC(79) Humongous regions: 147->147
[2023-11-17T03:24:09.727+0000][gc,metaspace  ] GC(79) Metaspace: 44905K(47616K)->44905K(47616K) NonClass: 39504K(40960K)->39504K(40960K) Class: 5401K(6656K)->5401K(6656K)
[2023-11-17T03:24:09.727+0000][gc            ] GC(79) Pause Young (Concurrent Start) (G1 Evacuation Pause) 224M->200M(512M) 12.832ms
[2023-11-17T03:24:09.727+0000][gc,cpu        ] GC(79) User=0.02s Sys=0.00s Real=0.01s
[2023-11-17T03:24:09.727+0000][gc            ] GC(80) Concurrent Cycle
[2023-11-17T03:24:09.727+0000][gc,marking    ] GC(80) Concurrent Clear Claimed Marks
[2023-11-17T03:24:09.727+0000][gc,marking    ] GC(80) Concurrent Clear Claimed Marks 0.222ms
[2023-11-17T03:24:09.727+0000][gc,marking    ] GC(80) Concurrent Scan Root Regions
[2023-11-17T03:24:09.731+0000][gc,marking    ] GC(80) Concurrent Scan Root Regions 3.125ms
[2023-11-17T03:24:09.731+0000][gc,marking    ] GC(80) Concurrent Mark (4044.914s)
[2023-11-17T03:24:09.731+0000][gc,marking    ] GC(80) Concurrent Mark From Roots
[2023-11-17T03:24:09.731+0000][gc,task       ] GC(80) Using 1 workers of 1 for marking
[2023-11-17T03:24:09.764+0000][gc,marking    ] GC(80) Concurrent Mark From Roots 33.290ms
[2023-11-17T03:24:09.764+0000][gc,marking    ] GC(80) Concurrent Preclean
[2023-11-17T03:24:09.764+0000][gc,marking    ] GC(80) Concurrent Preclean 0.175ms
[2023-11-17T03:24:09.764+0000][gc,marking    ] GC(80) Concurrent Mark (4044.914s, 4044.947s) 33.518ms
[2023-11-17T03:24:09.764+0000][gc,start      ] GC(80) Pause Remark
[2023-11-17T03:24:09.778+0000][gc,stringtable] GC(80) Cleaned string and symbol table, strings: 12793 processed, 5 removed, symbols: 93384 processed, 0 removed
[2023-11-17T03:24:09.778+0000][gc            ] GC(80) Pause Remark 200M->200M(512M) 13.707ms
[2023-11-17T03:24:09.778+0000][gc,cpu        ] GC(80) User=0.03s Sys=0.00s Real=0.02s
[2023-11-17T03:24:09.778+0000][gc,marking    ] GC(80) Concurrent Rebuild Remembered Sets
[2023-11-17T03:24:09.801+0000][gc,marking    ] GC(80) Concurrent Rebuild Remembered Sets 22.563ms
[2023-11-17T03:24:09.801+0000][gc,start      ] GC(80) Pause Cleanup
[2023-11-17T03:24:09.801+0000][gc            ] GC(80) Pause Cleanup 200M->200M(512M) 0.183ms
[2023-11-17T03:24:09.801+0000][gc,cpu        ] GC(80) User=0.00s Sys=0.00s Real=0.00s
[2023-11-17T03:24:09.801+0000][gc,marking    ] GC(80) Concurrent Cleanup for Next Mark
[2023-11-17T03:24:09.803+0000][gc,marking    ] GC(80) Concurrent Cleanup for Next Mark 1.482ms
[2023-11-17T03:24:09.803+0000][gc            ] GC(80) Concurrent Cycle 75.458ms
[2023-11-17T03:25:49.323+0000][gc,start      ] GC(81) Pause Young (Prepare Mixed) (G1 Evacuation Pause)
[2023-11-17T03:25:49.323+0000][gc,task       ] GC(81) Using 2 workers of 2 for evacuation
[2023-11-17T03:25:49.337+0000][gc,phases     ] GC(81)   Pre Evacuate Collection Set: 0.0ms
[2023-11-17T03:25:49.337+0000][gc,phases     ] GC(81)   Evacuate Collection Set: 13.2ms
[2023-11-17T03:25:49.337+0000][gc,phases     ] GC(81)   Post Evacuate Collection Set: 0.3ms
[2023-11-17T03:25:49.337+0000][gc,phases     ] GC(81)   Other: 0.2ms
[2023-11-17T03:25:49.337+0000][gc,heap       ] GC(81) Eden regions: 26->0(23)
[2023-11-17T03:25:49.337+0000][gc,heap       ] GC(81) Survivor regions: 3->2(4)
[2023-11-17T03:25:49.337+0000][gc,heap       ] GC(81) Old regions: 53->54
[2023-11-17T03:25:49.337+0000][gc,heap       ] GC(81) Humongous regions: 147->147
[2023-11-17T03:25:49.337+0000][gc,metaspace  ] GC(81) Metaspace: 44905K(47616K)->44905K(47616K) NonClass: 39504K(40960K)->39504K(40960K) Class: 5401K(6656K)->5401K(6656K)
[2023-11-17T03:25:49.337+0000][gc            ] GC(81) Pause Young (Prepare Mixed) (G1 Evacuation Pause) 226M->201M(512M) 14.251ms
[2023-11-17T03:25:49.337+0000][gc,cpu        ] GC(81) User=0.02s Sys=0.00s Real=0.02s
[2023-11-17T03:27:16.286+0000][gc,start      ] GC(82) Pause Young (Mixed) (G1 Evacuation Pause)
[2023-11-17T03:27:16.286+0000][gc,task       ] GC(82) Using 2 workers of 2 for evacuation
[2023-11-17T03:27:16.300+0000][gc,phases     ] GC(82)   Pre Evacuate Collection Set: 0.0ms
[2023-11-17T03:27:16.301+0000][gc,phases     ] GC(82)   Evacuate Collection Set: 13.2ms
[2023-11-17T03:27:16.301+0000][gc,phases     ] GC(82)   Post Evacuate Collection Set: 0.6ms
[2023-11-17T03:27:16.301+0000][gc,phases     ] GC(82)   Other: 0.3ms
[2023-11-17T03:27:16.301+0000][gc,heap       ] GC(82) Eden regions: 23->0(27)
[2023-11-17T03:27:16.301+0000][gc,heap       ] GC(82) Survivor regions: 2->4(4)
[2023-11-17T03:27:16.301+0000][gc,heap       ] GC(82) Old regions: 54->48
[2023-11-17T03:27:16.301+0000][gc,heap       ] GC(82) Humongous regions: 147->147
[2023-11-17T03:27:16.301+0000][gc,metaspace  ] GC(82) Metaspace: 44907K(47616K)->44907K(47616K) NonClass: 39506K(40960K)->39506K(40960K) Class: 5401K(6656K)->5401K(6656K)
[2023-11-17T03:27:16.301+0000][gc            ] GC(82) Pause Young (Mixed) (G1 Evacuation Pause) 224M->197M(512M) 14.160ms
[2023-11-17T03:27:16.301+0000][gc,cpu        ] GC(82) User=0.03s Sys=0.00s Real=0.01s
[2023-11-17T03:28:59.536+0000][gc,start      ] GC(83) Pause Young (Concurrent Start) (G1 Evacuation Pause)
[2023-11-17T03:28:59.536+0000][gc,task       ] GC(83) Using 2 workers of 2 for evacuation
[2023-11-17T03:28:59.549+0000][gc,phases     ] GC(83)   Pre Evacuate Collection Set: 0.2ms
[2023-11-17T03:28:59.549+0000][gc,phases     ] GC(83)   Evacuate Collection Set: 12.2ms
[2023-11-17T03:28:59.549+0000][gc,phases     ] GC(83)   Post Evacuate Collection Set: 0.4ms
[2023-11-17T03:28:59.549+0000][gc,phases     ] GC(83)   Other: 0.2ms
[2023-11-17T03:28:59.549+0000][gc,heap       ] GC(83) Eden regions: 27->0(27)
[2023-11-17T03:28:59.549+0000][gc,heap       ] GC(83) Survivor regions: 4->2(4)
[2023-11-17T03:28:59.549+0000][gc,heap       ] GC(83) Old regions: 48->50
[2023-11-17T03:28:59.549+0000][gc,heap       ] GC(83) Humongous regions: 147->147
[2023-11-17T03:28:59.549+0000][gc,metaspace  ] GC(83) Metaspace: 44907K(47616K)->44907K(47616K) NonClass: 39506K(40960K)->39506K(40960K) Class: 5401K(6656K)->5401K(6656K)
[2023-11-17T03:28:59.549+0000][gc            ] GC(83) Pause Young (Concurrent Start) (G1 Evacuation Pause) 224M->197M(512M) 13.115ms
[2023-11-17T03:28:59.549+0000][gc,cpu        ] GC(83) User=0.03s Sys=0.00s Real=0.01s
[2023-11-17T03:28:59.549+0000][gc            ] GC(84) Concurrent Cycle
[2023-11-17T03:28:59.549+0000][gc,marking    ] GC(84) Concurrent Clear Claimed Marks
[2023-11-17T03:28:59.549+0000][gc,marking    ] GC(84) Concurrent Clear Claimed Marks 0.242ms
[2023-11-17T03:28:59.549+0000][gc,marking    ] GC(84) Concurrent Scan Root Regions
[2023-11-17T03:28:59.552+0000][gc,marking    ] GC(84) Concurrent Scan Root Regions 2.820ms
[2023-11-17T03:28:59.552+0000][gc,marking    ] GC(84) Concurrent Mark (4334.735s)
[2023-11-17T03:28:59.552+0000][gc,marking    ] GC(84) Concurrent Mark From Roots
[2023-11-17T03:28:59.552+0000][gc,task       ] GC(84) Using 1 workers of 1 for marking
[2023-11-17T03:28:59.588+0000][gc,marking    ] GC(84) Concurrent Mark From Roots 35.539ms
[2023-11-17T03:28:59.588+0000][gc,marking    ] GC(84) Concurrent Preclean
[2023-11-17T03:28:59.588+0000][gc,marking    ] GC(84) Concurrent Preclean 0.251ms
[2023-11-17T03:28:59.588+0000][gc,marking    ] GC(84) Concurrent Mark (4334.735s, 4334.771s) 35.853ms
[2023-11-17T03:28:59.588+0000][gc,start      ] GC(84) Pause Remark
[2023-11-17T03:28:59.603+0000][gc,stringtable] GC(84) Cleaned string and symbol table, strings: 12794 processed, 0 removed, symbols: 93384 processed, 0 removed
[2023-11-17T03:28:59.604+0000][gc            ] GC(84) Pause Remark 197M->197M(512M) 15.541ms
[2023-11-17T03:28:59.604+0000][gc,cpu        ] GC(84) User=0.03s Sys=0.00s Real=0.01s
[2023-11-17T03:28:59.604+0000][gc,marking    ] GC(84) Concurrent Rebuild Remembered Sets
[2023-11-17T03:28:59.625+0000][gc,marking    ] GC(84) Concurrent Rebuild Remembered Sets 21.804ms
[2023-11-17T03:28:59.626+0000][gc,start      ] GC(84) Pause Cleanup
[2023-11-17T03:28:59.626+0000][gc            ] GC(84) Pause Cleanup 197M->197M(512M) 0.393ms
[2023-11-17T03:28:59.626+0000][gc,cpu        ] GC(84) User=0.00s Sys=0.00s Real=0.00s
[2023-11-17T03:28:59.626+0000][gc,marking    ] GC(84) Concurrent Cleanup for Next Mark
[2023-11-17T03:28:59.628+0000][gc,marking    ] GC(84) Concurrent Cleanup for Next Mark 1.534ms
[2023-11-17T03:28:59.628+0000][gc            ] GC(84) Concurrent Cycle 78.972ms
[2023-11-17T03:30:43.237+0000][gc,start      ] GC(85) Pause Young (Prepare Mixed) (G1 Evacuation Pause)
[2023-11-17T03:30:43.237+0000][gc,task       ] GC(85) Using 2 workers of 2 for evacuation
[2023-11-17T03:30:43.252+0000][gc,phases     ] GC(85)   Pre Evacuate Collection Set: 0.0ms
[2023-11-17T03:30:43.252+0000][gc,phases     ] GC(85)   Evacuate Collection Set: 14.1ms
[2023-11-17T03:30:43.252+0000][gc,phases     ] GC(85)   Post Evacuate Collection Set: 0.4ms
[2023-11-17T03:30:43.252+0000][gc,phases     ] GC(85)   Other: 0.3ms
[2023-11-17T03:30:43.252+0000][gc,heap       ] GC(85) Eden regions: 27->0(21)
[2023-11-17T03:30:43.252+0000][gc,heap       ] GC(85) Survivor regions: 2->4(4)
[2023-11-17T03:30:43.252+0000][gc,heap       ] GC(85) Old regions: 50->51
[2023-11-17T03:30:43.252+0000][gc,heap       ] GC(85) Humongous regions: 147->147
[2023-11-17T03:30:43.252+0000][gc,metaspace  ] GC(85) Metaspace: 44909K(47616K)->44909K(47616K) NonClass: 39508K(40960K)->39508K(40960K) Class: 5401K(6656K)->5401K(6656K)
[2023-11-17T03:30:43.252+0000][gc            ] GC(85) Pause Young (Prepare Mixed) (G1 Evacuation Pause) 224M->200M(512M) 14.762ms
[2023-11-17T03:30:43.252+0000][gc,cpu        ] GC(85) User=0.02s Sys=0.00s Real=0.01s
[2023-11-17T03:32:02.892+0000][gc,start      ] GC(86) Pause Young (Mixed) (G1 Evacuation Pause)
[2023-11-17T03:32:02.892+0000][gc,task       ] GC(86) Using 2 workers of 2 for evacuation
[2023-11-17T03:32:02.920+0000][gc,mmu        ] GC(86) MMU target violated: 21.0ms (20.0ms/21.0ms)
[2023-11-17T03:32:02.920+0000][gc,phases     ] GC(86)   Pre Evacuate Collection Set: 0.0ms
[2023-11-17T03:32:02.920+0000][gc,phases     ] GC(86)   Evacuate Collection Set: 24.9ms
[2023-11-17T03:32:02.920+0000][gc,phases     ] GC(86)   Post Evacuate Collection Set: 2.4ms
[2023-11-17T03:32:02.920+0000][gc,phases     ] GC(86)   Other: 0.5ms
[2023-11-17T03:32:02.920+0000][gc,heap       ] GC(86) Eden regions: 21->0(24)
[2023-11-17T03:32:02.920+0000][gc,heap       ] GC(86) Survivor regions: 4->2(4)
[2023-11-17T03:32:02.920+0000][gc,heap       ] GC(86) Old regions: 51->50
[2023-11-17T03:32:02.920+0000][gc,heap       ] GC(86) Humongous regions: 147->147
[2023-11-17T03:32:02.920+0000][gc,metaspace  ] GC(86) Metaspace: 44914K(47616K)->44914K(47616K) NonClass: 39513K(40960K)->39513K(40960K) Class: 5401K(6656K)->5401K(6656K)
[2023-11-17T03:32:02.920+0000][gc            ] GC(86) Pause Young (Mixed) (G1 Evacuation Pause) 221M->196M(512M) 27.986ms
[2023-11-17T03:32:02.920+0000][gc,cpu        ] GC(86) User=0.05s Sys=0.00s Real=0.03s
[2023-11-17T03:33:34.560+0000][gc,start      ] GC(87) Pause Young (Concurrent Start) (G1 Evacuation Pause)
[2023-11-17T03:33:34.560+0000][gc,task       ] GC(87) Using 2 workers of 2 for evacuation
[2023-11-17T03:33:34.572+0000][gc,phases     ] GC(87)   Pre Evacuate Collection Set: 0.2ms
[2023-11-17T03:33:34.572+0000][gc,phases     ] GC(87)   Evacuate Collection Set: 11.3ms
[2023-11-17T03:33:34.572+0000][gc,phases     ] GC(87)   Post Evacuate Collection Set: 0.3ms
[2023-11-17T03:33:34.572+0000][gc,phases     ] GC(87)   Other: 0.3ms
[2023-11-17T03:33:34.572+0000][gc,heap       ] GC(87) Eden regions: 24->0(24)
[2023-11-17T03:33:34.572+0000][gc,heap       ] GC(87) Survivor regions: 2->4(4)
[2023-11-17T03:33:34.572+0000][gc,heap       ] GC(87) Old regions: 50->50
[2023-11-17T03:33:34.572+0000][gc,heap       ] GC(87) Humongous regions: 147->147
[2023-11-17T03:33:34.572+0000][gc,metaspace  ] GC(87) Metaspace: 44914K(47616K)->44914K(47616K) NonClass: 39513K(40960K)->39513K(40960K) Class: 5401K(6656K)->5401K(6656K)
[2023-11-17T03:33:34.572+0000][gc            ] GC(87) Pause Young (Concurrent Start) (G1 Evacuation Pause) 220M->199M(512M) 12.190ms
[2023-11-17T03:33:34.572+0000][gc,cpu        ] GC(87) User=0.02s Sys=0.00s Real=0.01s
[2023-11-17T03:33:34.572+0000][gc            ] GC(88) Concurrent Cycle
[2023-11-17T03:33:34.572+0000][gc,marking    ] GC(88) Concurrent Clear Claimed Marks
[2023-11-17T03:33:34.573+0000][gc,marking    ] GC(88) Concurrent Clear Claimed Marks 0.286ms
[2023-11-17T03:33:34.573+0000][gc,marking    ] GC(88) Concurrent Scan Root Regions
[2023-11-17T03:33:34.578+0000][gc,marking    ] GC(88) Concurrent Scan Root Regions 5.167ms
[2023-11-17T03:33:34.578+0000][gc,marking    ] GC(88) Concurrent Mark (4609.761s)
[2023-11-17T03:33:34.578+0000][gc,marking    ] GC(88) Concurrent Mark From Roots
[2023-11-17T03:33:34.578+0000][gc,task       ] GC(88) Using 1 workers of 1 for marking
[2023-11-17T03:33:34.621+0000][gc,marking    ] GC(88) Concurrent Mark From Roots 42.823ms
[2023-11-17T03:33:34.621+0000][gc,marking    ] GC(88) Concurrent Preclean
[2023-11-17T03:33:34.621+0000][gc,marking    ] GC(88) Concurrent Preclean 0.187ms
[2023-11-17T03:33:34.621+0000][gc,marking    ] GC(88) Concurrent Mark (4609.761s, 4609.804s) 43.072ms
[2023-11-17T03:33:34.621+0000][gc,start      ] GC(88) Pause Remark
[2023-11-17T03:33:34.635+0000][gc,stringtable] GC(88) Cleaned string and symbol table, strings: 12798 processed, 0 removed, symbols: 93384 processed, 0 removed
[2023-11-17T03:33:34.636+0000][gc            ] GC(88) Pause Remark 199M->199M(512M) 14.458ms
[2023-11-17T03:33:34.636+0000][gc,cpu        ] GC(88) User=0.02s Sys=0.00s Real=0.02s
[2023-11-17T03:33:34.636+0000][gc,marking    ] GC(88) Concurrent Rebuild Remembered Sets
[2023-11-17T03:33:34.657+0000][gc,marking    ] GC(88) Concurrent Rebuild Remembered Sets 21.451ms
[2023-11-17T03:33:34.657+0000][gc,start      ] GC(88) Pause Cleanup
[2023-11-17T03:33:34.658+0000][gc            ] GC(88) Pause Cleanup 199M->199M(512M) 0.173ms
[2023-11-17T03:33:34.658+0000][gc,cpu        ] GC(88) User=0.00s Sys=0.00s Real=0.00s
[2023-11-17T03:33:34.658+0000][gc,marking    ] GC(88) Concurrent Cleanup for Next Mark
[2023-11-17T03:33:34.659+0000][gc,marking    ] GC(88) Concurrent Cleanup for Next Mark 1.421ms
[2023-11-17T03:33:34.659+0000][gc            ] GC(88) Concurrent Cycle 87.186ms
[2023-11-17T03:35:02.228+0000][gc,start      ] GC(89) Pause Young (Prepare Mixed) (G1 Evacuation Pause)
[2023-11-17T03:35:02.228+0000][gc,task       ] GC(89) Using 2 workers of 2 for evacuation
[2023-11-17T03:35:02.251+0000][gc,mmu        ] GC(89) MMU target violated: 21.0ms (20.0ms/21.0ms)
[2023-11-17T03:35:02.251+0000][gc,phases     ] GC(89)   Pre Evacuate Collection Set: 0.0ms
[2023-11-17T03:35:02.251+0000][gc,phases     ] GC(89)   Evacuate Collection Set: 17.6ms
[2023-11-17T03:35:02.251+0000][gc,phases     ] GC(89)   Post Evacuate Collection Set: 4.3ms
[2023-11-17T03:35:02.251+0000][gc,phases     ] GC(89)   Other: 0.5ms
[2023-11-17T03:35:02.251+0000][gc,heap       ] GC(89) Eden regions: 23->0(22)
[2023-11-17T03:35:02.251+0000][gc,heap       ] GC(89) Survivor regions: 4->3(4)
[2023-11-17T03:35:02.251+0000][gc,heap       ] GC(89) Old regions: 50->52
[2023-11-17T03:35:02.251+0000][gc,heap       ] GC(89) Humongous regions: 147->147
[2023-11-17T03:35:02.251+0000][gc,metaspace  ] GC(89) Metaspace: 44914K(47616K)->44914K(47616K) NonClass: 39513K(40960K)->39513K(40960K) Class: 5401K(6656K)->5401K(6656K)
[2023-11-17T03:35:02.251+0000][gc            ] GC(89) Pause Young (Prepare Mixed) (G1 Evacuation Pause) 222M->199M(512M) 22.410ms
[2023-11-17T03:35:02.252+0000][gc,cpu        ] GC(89) User=0.04s Sys=0.00s Real=0.02s
[2023-11-17T03:36:25.585+0000][gc,start      ] GC(90) Pause Young (Mixed) (G1 Evacuation Pause)
[2023-11-17T03:36:25.585+0000][gc,task       ] GC(90) Using 2 workers of 2 for evacuation
[2023-11-17T03:36:25.597+0000][gc,phases     ] GC(90)   Pre Evacuate Collection Set: 0.0ms
[2023-11-17T03:36:25.597+0000][gc,phases     ] GC(90)   Evacuate Collection Set: 11.9ms
[2023-11-17T03:36:25.597+0000][gc,phases     ] GC(90)   Post Evacuate Collection Set: 0.4ms
[2023-11-17T03:36:25.597+0000][gc,phases     ] GC(90)   Other: 0.3ms
[2023-11-17T03:36:25.597+0000][gc,heap       ] GC(90) Eden regions: 22->0(23)
[2023-11-17T03:36:25.597+0000][gc,heap       ] GC(90) Survivor regions: 3->4(4)
[2023-11-17T03:36:25.597+0000][gc,heap       ] GC(90) Old regions: 52->49
[2023-11-17T03:36:25.597+0000][gc,heap       ] GC(90) Humongous regions: 147->147
[2023-11-17T03:36:25.597+0000][gc,metaspace  ] GC(90) Metaspace: 44916K(47616K)->44916K(47616K) NonClass: 39515K(40960K)->39515K(40960K) Class: 5401K(6656K)->5401K(6656K)
[2023-11-17T03:36:25.597+0000][gc            ] GC(90) Pause Young (Mixed) (G1 Evacuation Pause) 221M->198M(512M) 12.723ms
[2023-11-17T03:36:25.597+0000][gc,cpu        ] GC(90) User=0.02s Sys=0.00s Real=0.02s
[2023-11-17T03:37:53.020+0000][gc,start      ] GC(91) Pause Young (Concurrent Start) (G1 Evacuation Pause)
[2023-11-17T03:37:53.020+0000][gc,task       ] GC(91) Using 2 workers of 2 for evacuation
[2023-11-17T03:37:53.031+0000][gc,phases     ] GC(91)   Pre Evacuate Collection Set: 0.2ms
[2023-11-17T03:37:53.031+0000][gc,phases     ] GC(91)   Evacuate Collection Set: 10.8ms
[2023-11-17T03:37:53.031+0000][gc,phases     ] GC(91)   Post Evacuate Collection Set: 0.3ms
[2023-11-17T03:37:53.031+0000][gc,phases     ] GC(91)   Other: 0.3ms
[2023-11-17T03:37:53.031+0000][gc,heap       ] GC(91) Eden regions: 23->0(26)
[2023-11-17T03:37:53.031+0000][gc,heap       ] GC(91) Survivor regions: 4->3(4)
[2023-11-17T03:37:53.031+0000][gc,heap       ] GC(91) Old regions: 49->51
[2023-11-17T03:37:53.031+0000][gc,heap       ] GC(91) Humongous regions: 147->147
[2023-11-17T03:37:53.031+0000][gc,metaspace  ] GC(91) Metaspace: 44916K(47616K)->44916K(47616K) NonClass: 39515K(40960K)->39515K(40960K) Class: 5401K(6656K)->5401K(6656K)
[2023-11-17T03:37:53.031+0000][gc            ] GC(91) Pause Young (Concurrent Start) (G1 Evacuation Pause) 221M->198M(512M) 11.718ms
[2023-11-17T03:37:53.031+0000][gc,cpu        ] GC(91) User=0.02s Sys=0.00s Real=0.01s
[2023-11-17T03:37:53.031+0000][gc            ] GC(92) Concurrent Cycle
[2023-11-17T03:37:53.032+0000][gc,marking    ] GC(92) Concurrent Clear Claimed Marks
[2023-11-17T03:37:53.032+0000][gc,marking    ] GC(92) Concurrent Clear Claimed Marks 0.218ms
[2023-11-17T03:37:53.032+0000][gc,marking    ] GC(92) Concurrent Scan Root Regions
[2023-11-17T03:37:53.034+0000][gc,marking    ] GC(92) Concurrent Scan Root Regions 2.552ms
[2023-11-17T03:37:53.034+0000][gc,marking    ] GC(92) Concurrent Mark (4868.217s)
[2023-11-17T03:37:53.034+0000][gc,marking    ] GC(92) Concurrent Mark From Roots
[2023-11-17T03:37:53.034+0000][gc,task       ] GC(92) Using 1 workers of 1 for marking
[2023-11-17T03:37:53.068+0000][gc,marking    ] GC(92) Concurrent Mark From Roots 33.570ms
[2023-11-17T03:37:53.068+0000][gc,marking    ] GC(92) Concurrent Preclean
[2023-11-17T03:37:53.068+0000][gc,marking    ] GC(92) Concurrent Preclean 0.184ms
[2023-11-17T03:37:53.068+0000][gc,marking    ] GC(92) Concurrent Mark (4868.217s, 4868.251s) 33.804ms
[2023-11-17T03:37:53.068+0000][gc,start      ] GC(92) Pause Remark
[2023-11-17T03:37:53.083+0000][gc,stringtable] GC(92) Cleaned string and symbol table, strings: 12798 processed, 0 removed, symbols: 93384 processed, 0 removed
[2023-11-17T03:37:53.084+0000][gc            ] GC(92) Pause Remark 198M->198M(512M) 15.327ms
[2023-11-17T03:37:53.084+0000][gc,cpu        ] GC(92) User=0.03s Sys=0.00s Real=0.01s
[2023-11-17T03:37:53.084+0000][gc,marking    ] GC(92) Concurrent Rebuild Remembered Sets
[2023-11-17T03:37:53.106+0000][gc,marking    ] GC(92) Concurrent Rebuild Remembered Sets 22.178ms
[2023-11-17T03:37:53.106+0000][gc,start      ] GC(92) Pause Cleanup
[2023-11-17T03:37:53.106+0000][gc            ] GC(92) Pause Cleanup 198M->198M(512M) 0.148ms
[2023-11-17T03:37:53.106+0000][gc,cpu        ] GC(92) User=0.00s Sys=0.00s Real=0.00s
[2023-11-17T03:37:53.106+0000][gc,marking    ] GC(92) Concurrent Cleanup for Next Mark
[2023-11-17T03:37:53.108+0000][gc,marking    ] GC(92) Concurrent Cleanup for Next Mark 1.353ms
[2023-11-17T03:37:53.108+0000][gc            ] GC(92) Concurrent Cycle 76.184ms
[2023-11-17T03:39:33.208+0000][gc,start      ] GC(93) Pause Young (Prepare Mixed) (G1 Evacuation Pause)
[2023-11-17T03:39:33.208+0000][gc,task       ] GC(93) Using 2 workers of 2 for evacuation
[2023-11-17T03:39:33.222+0000][gc,phases     ] GC(93)   Pre Evacuate Collection Set: 0.0ms
[2023-11-17T03:39:33.222+0000][gc,phases     ] GC(93)   Evacuate Collection Set: 13.3ms
[2023-11-17T03:39:33.222+0000][gc,phases     ] GC(93)   Post Evacuate Collection Set: 0.3ms
[2023-11-17T03:39:33.222+0000][gc,phases     ] GC(93)   Other: 0.4ms
[2023-11-17T03:39:33.222+0000][gc,heap       ] GC(93) Eden regions: 26->0(21)
[2023-11-17T03:39:33.222+0000][gc,heap       ] GC(93) Survivor regions: 3->4(4)
[2023-11-17T03:39:33.222+0000][gc,heap       ] GC(93) Old regions: 51->52
[2023-11-17T03:39:33.222+0000][gc,heap       ] GC(93) Humongous regions: 147->147
[2023-11-17T03:39:33.222+0000][gc,metaspace  ] GC(93) Metaspace: 44916K(47616K)->44916K(47616K) NonClass: 39515K(40960K)->39515K(40960K) Class: 5401K(6656K)->5401K(6656K)
[2023-11-17T03:39:33.222+0000][gc            ] GC(93) Pause Young (Prepare Mixed) (G1 Evacuation Pause) 224M->201M(512M) 14.092ms
[2023-11-17T03:39:33.222+0000][gc,cpu        ] GC(93) User=0.02s Sys=0.00s Real=0.01s
[2023-11-17T03:40:53.159+0000][gc,start      ] GC(94) Pause Young (Mixed) (G1 Evacuation Pause)
[2023-11-17T03:40:53.159+0000][gc,task       ] GC(94) Using 2 workers of 2 for evacuation
[2023-11-17T03:40:53.175+0000][gc,phases     ] GC(94)   Pre Evacuate Collection Set: 0.0ms
[2023-11-17T03:40:53.175+0000][gc,phases     ] GC(94)   Evacuate Collection Set: 15.3ms
[2023-11-17T03:40:53.175+0000][gc,phases     ] GC(94)   Post Evacuate Collection Set: 0.3ms
[2023-11-17T03:40:53.175+0000][gc,phases     ] GC(94)   Other: 0.2ms
[2023-11-17T03:40:53.175+0000][gc,heap       ] GC(94) Eden regions: 21->0(28)
[2023-11-17T03:40:53.175+0000][gc,heap       ] GC(94) Survivor regions: 4->3(4)
[2023-11-17T03:40:53.175+0000][gc,heap       ] GC(94) Old regions: 52->50
[2023-11-17T03:40:53.175+0000][gc,heap       ] GC(94) Humongous regions: 147->147
[2023-11-17T03:40:53.175+0000][gc,metaspace  ] GC(94) Metaspace: 44917K(47616K)->44917K(47616K) NonClass: 39516K(40960K)->39516K(40960K) Class: 5401K(6656K)->5401K(6656K)
[2023-11-17T03:40:53.175+0000][gc            ] GC(94) Pause Young (Mixed) (G1 Evacuation Pause) 222M->197M(512M) 15.978ms
[2023-11-17T03:40:53.175+0000][gc,cpu        ] GC(94) User=0.02s Sys=0.00s Real=0.02s
[2023-11-17T03:42:40.378+0000][gc,start      ] GC(95) Pause Young (Concurrent Start) (G1 Evacuation Pause)
[2023-11-17T03:42:40.378+0000][gc,task       ] GC(95) Using 2 workers of 2 for evacuation
[2023-11-17T03:42:40.387+0000][gc,phases     ] GC(95)   Pre Evacuate Collection Set: 0.2ms
[2023-11-17T03:42:40.387+0000][gc,phases     ] GC(95)   Evacuate Collection Set: 8.3ms
[2023-11-17T03:42:40.387+0000][gc,phases     ] GC(95)   Post Evacuate Collection Set: 0.3ms
[2023-11-17T03:42:40.387+0000][gc,phases     ] GC(95)   Other: 0.3ms
[2023-11-17T03:42:40.387+0000][gc,heap       ] GC(95) Eden regions: 28->0(72)
[2023-11-17T03:42:40.387+0000][gc,heap       ] GC(95) Survivor regions: 3->2(4)
[2023-11-17T03:42:40.387+0000][gc,heap       ] GC(95) Old regions: 50->51
[2023-11-17T03:42:40.387+0000][gc,heap       ] GC(95) Humongous regions: 147->147
[2023-11-17T03:42:40.387+0000][gc,metaspace  ] GC(95) Metaspace: 44926K(47616K)->44926K(47616K) NonClass: 39525K(40960K)->39525K(40960K) Class: 5401K(6656K)->5401K(6656K)
[2023-11-17T03:42:40.387+0000][gc            ] GC(95) Pause Young (Concurrent Start) (G1 Evacuation Pause) 225M->197M(512M) 9.198ms
[2023-11-17T03:42:40.387+0000][gc,cpu        ] GC(95) User=0.02s Sys=0.00s Real=0.01s
[2023-11-17T03:42:40.387+0000][gc            ] GC(96) Concurrent Cycle
[2023-11-17T03:42:40.387+0000][gc,marking    ] GC(96) Concurrent Clear Claimed Marks
[2023-11-17T03:42:40.388+0000][gc,marking    ] GC(96) Concurrent Clear Claimed Marks 0.214ms
[2023-11-17T03:42:40.388+0000][gc,marking    ] GC(96) Concurrent Scan Root Regions
[2023-11-17T03:42:40.390+0000][gc,marking    ] GC(96) Concurrent Scan Root Regions 2.423ms
[2023-11-17T03:42:40.390+0000][gc,marking    ] GC(96) Concurrent Mark (5155.573s)
[2023-11-17T03:42:40.390+0000][gc,marking    ] GC(96) Concurrent Mark From Roots
[2023-11-17T03:42:40.390+0000][gc,task       ] GC(96) Using 1 workers of 1 for marking
[2023-11-17T03:42:40.423+0000][gc,marking    ] GC(96) Concurrent Mark From Roots 33.136ms
[2023-11-17T03:42:40.423+0000][gc,marking    ] GC(96) Concurrent Preclean
[2023-11-17T03:42:40.424+0000][gc,marking    ] GC(96) Concurrent Preclean 0.189ms
[2023-11-17T03:42:40.424+0000][gc,marking    ] GC(96) Concurrent Mark (5155.573s, 5155.606s) 33.374ms
[2023-11-17T03:42:40.424+0000][gc,start      ] GC(96) Pause Remark
[2023-11-17T03:42:40.437+0000][gc,stringtable] GC(96) Cleaned string and symbol table, strings: 12802 processed, 0 removed, symbols: 93384 processed, 0 removed
[2023-11-17T03:42:40.437+0000][gc            ] GC(96) Pause Remark 197M->197M(512M) 13.616ms
[2023-11-17T03:42:40.437+0000][gc,cpu        ] GC(96) User=0.03s Sys=0.00s Real=0.02s
[2023-11-17T03:42:40.437+0000][gc,marking    ] GC(96) Concurrent Rebuild Remembered Sets
[2023-11-17T03:42:40.469+0000][gc,marking    ] GC(96) Concurrent Rebuild Remembered Sets 31.934ms
[2023-11-17T03:42:40.472+0000][gc,start      ] GC(96) Pause Cleanup
[2023-11-17T03:42:40.472+0000][gc            ] GC(96) Pause Cleanup 197M->197M(512M) 0.162ms
[2023-11-17T03:42:40.472+0000][gc,cpu        ] GC(96) User=0.00s Sys=0.00s Real=0.00s
[2023-11-17T03:42:40.472+0000][gc,marking    ] GC(96) Concurrent Cleanup for Next Mark
[2023-11-17T03:42:40.474+0000][gc,marking    ] GC(96) Concurrent Cleanup for Next Mark 1.389ms
[2023-11-17T03:42:40.474+0000][gc            ] GC(96) Concurrent Cycle 86.151ms
[2023-11-17T03:47:00.824+0000][gc,start      ] GC(97) Pause Young (Prepare Mixed) (G1 Evacuation Pause)
[2023-11-17T03:47:00.824+0000][gc,task       ] GC(97) Using 2 workers of 2 for evacuation
[2023-11-17T03:47:00.844+0000][gc,mmu        ] GC(97) MMU target violated: 20.1ms (20.0ms/21.0ms)
[2023-11-17T03:47:00.844+0000][gc,phases     ] GC(97)   Pre Evacuate Collection Set: 0.0ms
[2023-11-17T03:47:00.844+0000][gc,phases     ] GC(97)   Evacuate Collection Set: 19.5ms
[2023-11-17T03:47:00.844+0000][gc,phases     ] GC(97)   Post Evacuate Collection Set: 0.4ms
[2023-11-17T03:47:00.844+0000][gc,phases     ] GC(97)   Other: 0.3ms
[2023-11-17T03:47:00.844+0000][gc,heap       ] GC(97) Eden regions: 67->0(19)
[2023-11-17T03:47:00.844+0000][gc,heap       ] GC(97) Survivor regions: 2->6(9)
[2023-11-17T03:47:00.844+0000][gc,heap       ] GC(97) Old regions: 51->51
[2023-11-17T03:47:00.844+0000][gc,heap       ] GC(97) Humongous regions: 147->147
[2023-11-17T03:47:00.844+0000][gc,metaspace  ] GC(97) Metaspace: 44926K(47616K)->44926K(47616K) NonClass: 39525K(40960K)->39525K(40960K) Class: 5401K(6656K)->5401K(6656K)
[2023-11-17T03:47:00.844+0000][gc            ] GC(97) Pause Young (Prepare Mixed) (G1 Evacuation Pause) 264M->201M(512M) 20.272ms
[2023-11-17T03:47:00.844+0000][gc,cpu        ] GC(97) User=0.04s Sys=0.01s Real=0.02s
[2023-11-17T03:48:12.575+0000][gc,start      ] GC(98) Pause Young (Mixed) (G1 Evacuation Pause)
[2023-11-17T03:48:12.575+0000][gc,task       ] GC(98) Using 2 workers of 2 for evacuation
[2023-11-17T03:48:12.593+0000][gc,phases     ] GC(98)   Pre Evacuate Collection Set: 0.0ms
[2023-11-17T03:48:12.593+0000][gc,phases     ] GC(98)   Evacuate Collection Set: 17.9ms
[2023-11-17T03:48:12.593+0000][gc,phases     ] GC(98)   Post Evacuate Collection Set: 0.4ms
[2023-11-17T03:48:12.593+0000][gc,phases     ] GC(98)   Other: 0.3ms
[2023-11-17T03:48:12.593+0000][gc,heap       ] GC(98) Eden regions: 19->0(51)
[2023-11-17T03:48:12.593+0000][gc,heap       ] GC(98) Survivor regions: 6->2(4)
[2023-11-17T03:48:12.593+0000][gc,heap       ] GC(98) Old regions: 51->51
[2023-11-17T03:48:12.593+0000][gc,heap       ] GC(98) Humongous regions: 147->147
[2023-11-17T03:48:12.593+0000][gc,metaspace  ] GC(98) Metaspace: 44927K(47616K)->44927K(47616K) NonClass: 39526K(40960K)->39526K(40960K) Class: 5401K(6656K)->5401K(6656K)
[2023-11-17T03:48:12.594+0000][gc            ] GC(98) Pause Young (Mixed) (G1 Evacuation Pause) 220M->197M(512M) 18.713ms
[2023-11-17T03:48:12.594+0000][gc,cpu        ] GC(98) User=0.03s Sys=0.01s Real=0.02s
[2023-11-17T03:51:31.286+0000][gc,start      ] GC(99) Pause Young (Concurrent Start) (G1 Evacuation Pause)
[2023-11-17T03:51:31.286+0000][gc,task       ] GC(99) Using 2 workers of 2 for evacuation
[2023-11-17T03:51:31.303+0000][gc,phases     ] GC(99)   Pre Evacuate Collection Set: 0.2ms
[2023-11-17T03:51:31.303+0000][gc,phases     ] GC(99)   Evacuate Collection Set: 15.8ms
[2023-11-17T03:51:31.303+0000][gc,phases     ] GC(99)   Post Evacuate Collection Set: 0.5ms
[2023-11-17T03:51:31.303+0000][gc,phases     ] GC(99)   Other: 0.3ms
[2023-11-17T03:51:31.303+0000][gc,heap       ] GC(99) Eden regions: 51->0(31)
[2023-11-17T03:51:31.303+0000][gc,heap       ] GC(99) Survivor regions: 2->4(7)
[2023-11-17T03:51:31.303+0000][gc,heap       ] GC(99) Old regions: 51->51
[2023-11-17T03:51:31.303+0000][gc,heap       ] GC(99) Humongous regions: 147->147
[2023-11-17T03:51:31.303+0000][gc,metaspace  ] GC(99) Metaspace: 44928K(47616K)->44928K(47616K) NonClass: 39527K(40960K)->39527K(40960K) Class: 5401K(6656K)->5401K(6656K)
[2023-11-17T03:51:31.303+0000][gc            ] GC(99) Pause Young (Concurrent Start) (G1 Evacuation Pause) 248M->199M(512M) 16.937ms
[2023-11-17T03:51:31.303+0000][gc,cpu        ] GC(99) User=0.03s Sys=0.00s Real=0.01s
[2023-11-17T03:51:31.303+0000][gc            ] GC(100) Concurrent Cycle
[2023-11-17T03:51:31.303+0000][gc,marking    ] GC(100) Concurrent Clear Claimed Marks
[2023-11-17T03:51:31.303+0000][gc,marking    ] GC(100) Concurrent Clear Claimed Marks 0.215ms
[2023-11-17T03:51:31.303+0000][gc,marking    ] GC(100) Concurrent Scan Root Regions
[2023-11-17T03:51:31.308+0000][gc,marking    ] GC(100) Concurrent Scan Root Regions 4.397ms
[2023-11-17T03:51:31.308+0000][gc,marking    ] GC(100) Concurrent Mark (5686.491s)
[2023-11-17T03:51:31.308+0000][gc,marking    ] GC(100) Concurrent Mark From Roots
[2023-11-17T03:51:31.308+0000][gc,task       ] GC(100) Using 1 workers of 1 for marking
[2023-11-17T03:51:31.346+0000][gc,marking    ] GC(100) Concurrent Mark From Roots 38.095ms
[2023-11-17T03:51:31.346+0000][gc,marking    ] GC(100) Concurrent Preclean
[2023-11-17T03:51:31.346+0000][gc,marking    ] GC(100) Concurrent Preclean 0.179ms
[2023-11-17T03:51:31.346+0000][gc,marking    ] GC(100) Concurrent Mark (5686.491s, 5686.529s) 38.335ms
[2023-11-17T03:51:31.347+0000][gc,start      ] GC(100) Pause Remark
[2023-11-17T03:51:31.363+0000][gc,stringtable] GC(100) Cleaned string and symbol table, strings: 12823 processed, 0 removed, symbols: 93384 processed, 0 removed
[2023-11-17T03:51:31.363+0000][gc            ] GC(100) Pause Remark 199M->199M(512M) 16.429ms
[2023-11-17T03:51:31.363+0000][gc,cpu        ] GC(100) User=0.03s Sys=0.00s Real=0.01s
[2023-11-17T03:51:31.363+0000][gc,marking    ] GC(100) Concurrent Rebuild Remembered Sets
[2023-11-17T03:51:31.390+0000][gc,marking    ] GC(100) Concurrent Rebuild Remembered Sets 27.040ms
[2023-11-17T03:51:31.390+0000][gc,start      ] GC(100) Pause Cleanup
[2023-11-17T03:51:31.391+0000][gc            ] GC(100) Pause Cleanup 199M->199M(512M) 0.144ms
[2023-11-17T03:51:31.391+0000][gc,cpu        ] GC(100) User=0.00s Sys=0.00s Real=0.00s
[2023-11-17T03:51:31.391+0000][gc,marking    ] GC(100) Concurrent Cleanup for Next Mark
[2023-11-17T03:51:31.392+0000][gc,marking    ] GC(100) Concurrent Cleanup for Next Mark 1.322ms
[2023-11-17T03:51:31.392+0000][gc            ] GC(100) Concurrent Cycle 88.815ms
[2023-11-17T03:53:04.082+0000][gc,start      ] GC(101) Pause Young (Prepare Mixed) (G1 Evacuation Pause)
[2023-11-17T03:53:04.082+0000][gc,task       ] GC(101) Using 2 workers of 2 for evacuation
[2023-11-17T03:53:04.105+0000][gc,mmu        ] GC(101) MMU target violated: 21.0ms (20.0ms/21.0ms)
[2023-11-17T03:53:04.105+0000][gc,phases     ] GC(101)   Pre Evacuate Collection Set: 0.0ms
[2023-11-17T03:53:04.105+0000][gc,phases     ] GC(101)   Evacuate Collection Set: 21.5ms
[2023-11-17T03:53:04.105+0000][gc,phases     ] GC(101)   Post Evacuate Collection Set: 0.4ms
[2023-11-17T03:53:04.105+0000][gc,phases     ] GC(101)   Other: 0.4ms
[2023-11-17T03:53:04.105+0000][gc,heap       ] GC(101) Eden regions: 24->0(22)
[2023-11-17T03:53:04.105+0000][gc,heap       ] GC(101) Survivor regions: 4->3(4)
[2023-11-17T03:53:04.105+0000][gc,heap       ] GC(101) Old regions: 51->54
[2023-11-17T03:53:04.105+0000][gc,heap       ] GC(101) Humongous regions: 147->147
[2023-11-17T03:53:04.105+0000][gc,metaspace  ] GC(101) Metaspace: 44946K(47616K)->44946K(47616K) NonClass: 39545K(40960K)->39545K(40960K) Class: 5401K(6656K)->5401K(6656K)
[2023-11-17T03:53:04.105+0000][gc            ] GC(101) Pause Young (Prepare Mixed) (G1 Evacuation Pause) 223M->202M(512M) 22.404ms
[2023-11-17T03:53:04.105+0000][gc,cpu        ] GC(101) User=0.04s Sys=0.00s Real=0.02s
[2023-11-17T03:54:27.360+0000][gc,start      ] GC(102) Pause Young (Mixed) (G1 Evacuation Pause)
[2023-11-17T03:54:27.360+0000][gc,task       ] GC(102) Using 2 workers of 2 for evacuation
[2023-11-17T03:54:27.384+0000][gc,mmu        ] GC(102) MMU target violated: 21.0ms (20.0ms/21.0ms)
[2023-11-17T03:54:27.384+0000][gc,phases     ] GC(102)   Pre Evacuate Collection Set: 0.0ms
[2023-11-17T03:54:27.384+0000][gc,phases     ] GC(102)   Evacuate Collection Set: 15.1ms
[2023-11-17T03:54:27.384+0000][gc,phases     ] GC(102)   Post Evacuate Collection Set: 7.6ms
[2023-11-17T03:54:27.384+0000][gc,phases     ] GC(102)   Other: 1.2ms
[2023-11-17T03:54:27.384+0000][gc,heap       ] GC(102) Eden regions: 22->0(23)
[2023-11-17T03:54:27.384+0000][gc,heap       ] GC(102) Survivor regions: 3->2(4)
[2023-11-17T03:54:27.384+0000][gc,heap       ] GC(102) Old regions: 54->52
[2023-11-17T03:54:27.384+0000][gc,heap       ] GC(102) Humongous regions: 147->147
[2023-11-17T03:54:27.384+0000][gc,metaspace  ] GC(102) Metaspace: 44946K(47616K)->44946K(47616K) NonClass: 39545K(40960K)->39545K(40960K) Class: 5401K(6656K)->5401K(6656K)
[2023-11-17T03:54:27.384+0000][gc            ] GC(102) Pause Young (Mixed) (G1 Evacuation Pause) 224M->198M(512M) 23.965ms
[2023-11-17T03:54:27.384+0000][gc,cpu        ] GC(102) User=0.03s Sys=0.00s Real=0.02s
[2023-11-17T03:55:55.960+0000][gc,start      ] GC(103) Pause Young (Concurrent Start) (G1 Evacuation Pause)
[2023-11-17T03:55:55.960+0000][gc,task       ] GC(103) Using 2 workers of 2 for evacuation
[2023-11-17T03:55:55.973+0000][gc,phases     ] GC(103)   Pre Evacuate Collection Set: 0.3ms
[2023-11-17T03:55:55.973+0000][gc,phases     ] GC(103)   Evacuate Collection Set: 12.4ms
[2023-11-17T03:55:55.973+0000][gc,phases     ] GC(103)   Post Evacuate Collection Set: 0.3ms
[2023-11-17T03:55:55.973+0000][gc,phases     ] GC(103)   Other: 0.3ms
[2023-11-17T03:55:55.973+0000][gc,heap       ] GC(103) Eden regions: 23->0(21)
[2023-11-17T03:55:55.973+0000][gc,heap       ] GC(103) Survivor regions: 2->4(4)
[2023-11-17T03:55:55.973+0000][gc,heap       ] GC(103) Old regions: 52->52
[2023-11-17T03:55:55.973+0000][gc,heap       ] GC(103) Humongous regions: 147->147
[2023-11-17T03:55:55.973+0000][gc,metaspace  ] GC(103) Metaspace: 44946K(47616K)->44946K(47616K) NonClass: 39545K(40960K)->39545K(40960K) Class: 5401K(6656K)->5401K(6656K)
[2023-11-17T03:55:55.973+0000][gc            ] GC(103) Pause Young (Concurrent Start) (G1 Evacuation Pause) 221M->201M(512M) 13.486ms
[2023-11-17T03:55:55.973+0000][gc,cpu        ] GC(103) User=0.03s Sys=0.00s Real=0.01s
[2023-11-17T03:55:55.973+0000][gc            ] GC(104) Concurrent Cycle
[2023-11-17T03:55:55.973+0000][gc,marking    ] GC(104) Concurrent Clear Claimed Marks
[2023-11-17T03:55:55.974+0000][gc,marking    ] GC(104) Concurrent Clear Claimed Marks 0.217ms
[2023-11-17T03:55:55.974+0000][gc,marking    ] GC(104) Concurrent Scan Root Regions
[2023-11-17T03:55:55.978+0000][gc,marking    ] GC(104) Concurrent Scan Root Regions 4.004ms
[2023-11-17T03:55:55.978+0000][gc,marking    ] GC(104) Concurrent Mark (5951.161s)
[2023-11-17T03:55:55.978+0000][gc,marking    ] GC(104) Concurrent Mark From Roots
[2023-11-17T03:55:55.978+0000][gc,task       ] GC(104) Using 1 workers of 1 for marking
[2023-11-17T03:55:56.015+0000][gc,marking    ] GC(104) Concurrent Mark From Roots 37.344ms
[2023-11-17T03:55:56.015+0000][gc,marking    ] GC(104) Concurrent Preclean
[2023-11-17T03:55:56.015+0000][gc,marking    ] GC(104) Concurrent Preclean 0.189ms
[2023-11-17T03:55:56.015+0000][gc,marking    ] GC(104) Concurrent Mark (5951.161s, 5951.198s) 37.593ms
[2023-11-17T03:55:56.015+0000][gc,start      ] GC(104) Pause Remark
[2023-11-17T03:55:56.029+0000][gc,stringtable] GC(104) Cleaned string and symbol table, strings: 12823 processed, 0 removed, symbols: 93384 processed, 0 removed
[2023-11-17T03:55:56.029+0000][gc            ] GC(104) Pause Remark 201M->201M(512M) 13.951ms
[2023-11-17T03:55:56.029+0000][gc,cpu        ] GC(104) User=0.03s Sys=0.00s Real=0.01s
[2023-11-17T03:55:56.030+0000][gc,marking    ] GC(104) Concurrent Rebuild Remembered Sets
[2023-11-17T03:55:56.052+0000][gc,marking    ] GC(104) Concurrent Rebuild Remembered Sets 22.695ms
[2023-11-17T03:55:56.052+0000][gc,start      ] GC(104) Pause Cleanup
[2023-11-17T03:55:56.053+0000][gc            ] GC(104) Pause Cleanup 201M->201M(512M) 0.177ms
[2023-11-17T03:55:56.053+0000][gc,cpu        ] GC(104) User=0.00s Sys=0.00s Real=0.00s
[2023-11-17T03:55:56.053+0000][gc,marking    ] GC(104) Concurrent Cleanup for Next Mark
[2023-11-17T03:55:56.054+0000][gc,marking    ] GC(104) Concurrent Cleanup for Next Mark 1.611ms
[2023-11-17T03:55:56.054+0000][gc            ] GC(104) Concurrent Cycle 80.960ms
[2023-11-17T03:57:15.020+0000][gc,start      ] GC(105) Pause Young (Prepare Mixed) (G1 Evacuation Pause)
[2023-11-17T03:57:15.020+0000][gc,task       ] GC(105) Using 2 workers of 2 for evacuation
[2023-11-17T03:57:15.033+0000][gc,phases     ] GC(105)   Pre Evacuate Collection Set: 0.0ms
[2023-11-17T03:57:15.033+0000][gc,phases     ] GC(105)   Evacuate Collection Set: 12.6ms
[2023-11-17T03:57:15.033+0000][gc,phases     ] GC(105)   Post Evacuate Collection Set: 0.4ms
[2023-11-17T03:57:15.033+0000][gc,phases     ] GC(105)   Other: 0.3ms
[2023-11-17T03:57:15.033+0000][gc,heap       ] GC(105) Eden regions: 21->0(22)
[2023-11-17T03:57:15.033+0000][gc,heap       ] GC(105) Survivor regions: 4->3(4)
[2023-11-17T03:57:15.033+0000][gc,heap       ] GC(105) Old regions: 52->54
[2023-11-17T03:57:15.033+0000][gc,heap       ] GC(105) Humongous regions: 147->147
[2023-11-17T03:57:15.034+0000][gc,metaspace  ] GC(105) Metaspace: 44948K(47616K)->44948K(47616K) NonClass: 39547K(40960K)->39547K(40960K) Class: 5401K(6656K)->5401K(6656K)
[2023-11-17T03:57:15.034+0000][gc            ] GC(105) Pause Young (Prepare Mixed) (G1 Evacuation Pause) 222M->201M(512M) 13.415ms
[2023-11-17T03:57:15.034+0000][gc,cpu        ] GC(105) User=0.02s Sys=0.00s Real=0.02s
[2023-11-17T03:58:38.849+0000][gc,start      ] GC(106) Pause Young (Mixed) (G1 Evacuation Pause)
[2023-11-17T03:58:38.849+0000][gc,task       ] GC(106) Using 2 workers of 2 for evacuation
[2023-11-17T03:58:38.864+0000][gc,phases     ] GC(106)   Pre Evacuate Collection Set: 0.0ms
[2023-11-17T03:58:38.864+0000][gc,phases     ] GC(106)   Evacuate Collection Set: 14.1ms
[2023-11-17T03:58:38.864+0000][gc,phases     ] GC(106)   Post Evacuate Collection Set: 0.3ms
[2023-11-17T03:58:38.864+0000][gc,phases     ] GC(106)   Other: 0.3ms
[2023-11-17T03:58:38.864+0000][gc,heap       ] GC(106) Eden regions: 22->0(23)
[2023-11-17T03:58:38.864+0000][gc,heap       ] GC(106) Survivor regions: 3->4(4)
[2023-11-17T03:58:38.864+0000][gc,heap       ] GC(106) Old regions: 54->49
[2023-11-17T03:58:38.864+0000][gc,heap       ] GC(106) Humongous regions: 147->147
[2023-11-17T03:58:38.864+0000][gc,metaspace  ] GC(106) Metaspace: 44950K(47616K)->44950K(47616K) NonClass: 39549K(40960K)->39549K(40960K) Class: 5401K(6656K)->5401K(6656K)
[2023-11-17T03:58:38.864+0000][gc            ] GC(106) Pause Young (Mixed) (G1 Evacuation Pause) 223M->198M(512M) 14.905ms
[2023-11-17T03:58:38.864+0000][gc,cpu        ] GC(106) User=0.02s Sys=0.01s Real=0.01s
[2023-11-17T04:00:06.839+0000][gc,start      ] GC(107) Pause Young (Concurrent Start) (G1 Evacuation Pause)
[2023-11-17T04:00:06.839+0000][gc,task       ] GC(107) Using 2 workers of 2 for evacuation
[2023-11-17T04:00:06.850+0000][gc,phases     ] GC(107)   Pre Evacuate Collection Set: 0.2ms
[2023-11-17T04:00:06.850+0000][gc,phases     ] GC(107)   Evacuate Collection Set: 10.8ms
[2023-11-17T04:00:06.850+0000][gc,phases     ] GC(107)   Post Evacuate Collection Set: 0.3ms
[2023-11-17T04:00:06.850+0000][gc,phases     ] GC(107)   Other: 0.3ms
[2023-11-17T04:00:06.850+0000][gc,heap       ] GC(107) Eden regions: 23->0(25)
[2023-11-17T04:00:06.850+0000][gc,heap       ] GC(107) Survivor regions: 4->3(4)
[2023-11-17T04:00:06.850+0000][gc,heap       ] GC(107) Old regions: 49->51
[2023-11-17T04:00:06.850+0000][gc,heap       ] GC(107) Humongous regions: 147->147
[2023-11-17T04:00:06.850+0000][gc,metaspace  ] GC(107) Metaspace: 44952K(47616K)->44952K(47616K) NonClass: 39551K(40960K)->39551K(40960K) Class: 5401K(6656K)->5401K(6656K)
[2023-11-17T04:00:06.850+0000][gc            ] GC(107) Pause Young (Concurrent Start) (G1 Evacuation Pause) 221M->198M(512M) 11.637ms
[2023-11-17T04:00:06.850+0000][gc,cpu        ] GC(107) User=0.02s Sys=0.00s Real=0.01s
[2023-11-17T04:00:06.850+0000][gc            ] GC(108) Concurrent Cycle
[2023-11-17T04:00:06.850+0000][gc,marking    ] GC(108) Concurrent Clear Claimed Marks
[2023-11-17T04:00:06.851+0000][gc,marking    ] GC(108) Concurrent Clear Claimed Marks 0.230ms
[2023-11-17T04:00:06.851+0000][gc,marking    ] GC(108) Concurrent Scan Root Regions
[2023-11-17T04:00:06.854+0000][gc,marking    ] GC(108) Concurrent Scan Root Regions 3.069ms
[2023-11-17T04:00:06.854+0000][gc,marking    ] GC(108) Concurrent Mark (6202.037s)
[2023-11-17T04:00:06.854+0000][gc,marking    ] GC(108) Concurrent Mark From Roots
[2023-11-17T04:00:06.854+0000][gc,task       ] GC(108) Using 1 workers of 1 for marking
[2023-11-17T04:00:06.891+0000][gc,marking    ] GC(108) Concurrent Mark From Roots 36.811ms
[2023-11-17T04:00:06.891+0000][gc,marking    ] GC(108) Concurrent Preclean
[2023-11-17T04:00:06.891+0000][gc,marking    ] GC(108) Concurrent Preclean 0.177ms
[2023-11-17T04:00:06.891+0000][gc,marking    ] GC(108) Concurrent Mark (6202.037s, 6202.074s) 37.041ms
[2023-11-17T04:00:06.891+0000][gc,start      ] GC(108) Pause Remark
[2023-11-17T04:00:06.906+0000][gc,stringtable] GC(108) Cleaned string and symbol table, strings: 12823 processed, 0 removed, symbols: 93384 processed, 0 removed
[2023-11-17T04:00:06.906+0000][gc            ] GC(108) Pause Remark 198M->198M(512M) 14.854ms
[2023-11-17T04:00:06.906+0000][gc,cpu        ] GC(108) User=0.02s Sys=0.00s Real=0.02s
[2023-11-17T04:00:06.906+0000][gc,marking    ] GC(108) Concurrent Rebuild Remembered Sets
[2023-11-17T04:00:06.928+0000][gc,marking    ] GC(108) Concurrent Rebuild Remembered Sets 21.704ms
[2023-11-17T04:00:06.928+0000][gc,start      ] GC(108) Pause Cleanup
[2023-11-17T04:00:06.928+0000][gc            ] GC(108) Pause Cleanup 198M->198M(512M) 0.171ms
[2023-11-17T04:00:06.928+0000][gc,cpu        ] GC(108) User=0.00s Sys=0.00s Real=0.00s
[2023-11-17T04:00:06.928+0000][gc,marking    ] GC(108) Concurrent Cleanup for Next Mark
[2023-11-17T04:00:06.930+0000][gc,marking    ] GC(108) Concurrent Cleanup for Next Mark 1.390ms
[2023-11-17T04:00:06.930+0000][gc            ] GC(108) Concurrent Cycle 79.201ms
[2023-11-17T04:01:38.536+0000][gc,start      ] GC(109) Pause Young (Prepare Mixed) (G1 Evacuation Pause)
[2023-11-17T04:01:38.536+0000][gc,task       ] GC(109) Using 2 workers of 2 for evacuation
[2023-11-17T04:01:38.549+0000][gc,phases     ] GC(109)   Pre Evacuate Collection Set: 0.0ms
[2023-11-17T04:01:38.549+0000][gc,phases     ] GC(109)   Evacuate Collection Set: 11.9ms
[2023-11-17T04:01:38.549+0000][gc,phases     ] GC(109)   Post Evacuate Collection Set: 0.5ms
[2023-11-17T04:01:38.549+0000][gc,phases     ] GC(109)   Other: 0.4ms
[2023-11-17T04:01:38.549+0000][gc,heap       ] GC(109) Eden regions: 24->0(21)
[2023-11-17T04:01:38.549+0000][gc,heap       ] GC(109) Survivor regions: 3->4(4)
[2023-11-17T04:01:38.549+0000][gc,heap       ] GC(109) Old regions: 51->51
[2023-11-17T04:01:38.549+0000][gc,heap       ] GC(109) Humongous regions: 147->147
[2023-11-17T04:01:38.549+0000][gc,metaspace  ] GC(109) Metaspace: 44959K(47616K)->44959K(47616K) NonClass: 39558K(40960K)->39558K(40960K) Class: 5401K(6656K)->5401K(6656K)
[2023-11-17T04:01:38.549+0000][gc            ] GC(109) Pause Young (Prepare Mixed) (G1 Evacuation Pause) 222M->200M(512M) 12.846ms
[2023-11-17T04:01:38.549+0000][gc,cpu        ] GC(109) User=0.02s Sys=0.00s Real=0.01s
[2023-11-17T04:02:58.639+0000][gc,start      ] GC(110) Pause Young (Mixed) (G1 Evacuation Pause)
[2023-11-17T04:02:58.639+0000][gc,task       ] GC(110) Using 2 workers of 2 for evacuation
[2023-11-17T04:02:58.654+0000][gc,phases     ] GC(110)   Pre Evacuate Collection Set: 0.0ms
[2023-11-17T04:02:58.654+0000][gc,phases     ] GC(110)   Evacuate Collection Set: 14.4ms
[2023-11-17T04:02:58.654+0000][gc,phases     ] GC(110)   Post Evacuate Collection Set: 0.3ms
[2023-11-17T04:02:58.654+0000][gc,phases     ] GC(110)   Other: 0.3ms
[2023-11-17T04:02:58.654+0000][gc,heap       ] GC(110) Eden regions: 21->0(27)
[2023-11-17T04:02:58.654+0000][gc,heap       ] GC(110) Survivor regions: 4->2(4)
[2023-11-17T04:02:58.654+0000][gc,heap       ] GC(110) Old regions: 51->49
[2023-11-17T04:02:58.654+0000][gc,heap       ] GC(110) Humongous regions: 147->147
[2023-11-17T04:02:58.654+0000][gc,metaspace  ] GC(110) Metaspace: 44960K(47616K)->44960K(47616K) NonClass: 39559K(40960K)->39559K(40960K) Class: 5401K(6656K)->5401K(6656K)
[2023-11-17T04:02:58.654+0000][gc            ] GC(110) Pause Young (Mixed) (G1 Evacuation Pause) 221M->196M(512M) 15.142ms
[2023-11-17T04:02:58.654+0000][gc,cpu        ] GC(110) User=0.03s Sys=0.00s Real=0.02s
[2023-11-17T04:04:38.321+0000][gc,start      ] GC(111) Pause Young (Concurrent Start) (G1 Evacuation Pause)
[2023-11-17T04:04:38.321+0000][gc,task       ] GC(111) Using 2 workers of 2 for evacuation
[2023-11-17T04:04:38.336+0000][gc,phases     ] GC(111)   Pre Evacuate Collection Set: 0.2ms
[2023-11-17T04:04:38.336+0000][gc,phases     ] GC(111)   Evacuate Collection Set: 14.3ms
[2023-11-17T04:04:38.336+0000][gc,phases     ] GC(111)   Post Evacuate Collection Set: 0.4ms
[2023-11-17T04:04:38.336+0000][gc,phases     ] GC(111)   Other: 0.3ms
[2023-11-17T04:04:38.336+0000][gc,heap       ] GC(111) Eden regions: 26->0(25)
[2023-11-17T04:04:38.336+0000][gc,heap       ] GC(111) Survivor regions: 2->4(4)
[2023-11-17T04:04:38.336+0000][gc,heap       ] GC(111) Old regions: 49->50
[2023-11-17T04:04:38.336+0000][gc,heap       ] GC(111) Humongous regions: 147->147
[2023-11-17T04:04:38.336+0000][gc,metaspace  ] GC(111) Metaspace: 44960K(47616K)->44960K(47616K) NonClass: 39559K(40960K)->39559K(40960K) Class: 5401K(6656K)->5401K(6656K)
[2023-11-17T04:04:38.336+0000][gc            ] GC(111) Pause Young (Concurrent Start) (G1 Evacuation Pause) 222M->199M(512M) 15.353ms
[2023-11-17T04:04:38.336+0000][gc,cpu        ] GC(111) User=0.03s Sys=0.00s Real=0.02s
[2023-11-17T04:04:38.336+0000][gc            ] GC(112) Concurrent Cycle
[2023-11-17T04:04:38.336+0000][gc,marking    ] GC(112) Concurrent Clear Claimed Marks
[2023-11-17T04:04:38.336+0000][gc,marking    ] GC(112) Concurrent Clear Claimed Marks 0.375ms
[2023-11-17T04:04:38.336+0000][gc,marking    ] GC(112) Concurrent Scan Root Regions
[2023-11-17T04:04:38.342+0000][gc,marking    ] GC(112) Concurrent Scan Root Regions 5.073ms
[2023-11-17T04:04:38.342+0000][gc,marking    ] GC(112) Concurrent Mark (6473.524s)
[2023-11-17T04:04:38.342+0000][gc,marking    ] GC(112) Concurrent Mark From Roots
[2023-11-17T04:04:38.342+0000][gc,task       ] GC(112) Using 1 workers of 1 for marking
[2023-11-17T04:04:38.386+0000][gc,marking    ] GC(112) Concurrent Mark From Roots 44.801ms
[2023-11-17T04:04:38.387+0000][gc,marking    ] GC(112) Concurrent Preclean
[2023-11-17T04:04:38.387+0000][gc,marking    ] GC(112) Concurrent Preclean 0.224ms
[2023-11-17T04:04:38.387+0000][gc,marking    ] GC(112) Concurrent Mark (6473.524s, 6473.570s) 45.370ms
[2023-11-17T04:04:38.387+0000][gc,start      ] GC(112) Pause Remark
[2023-11-17T04:04:38.406+0000][gc,stringtable] GC(112) Cleaned string and symbol table, strings: 12827 processed, 0 removed, symbols: 93384 processed, 0 removed
[2023-11-17T04:04:38.406+0000][gc            ] GC(112) Pause Remark 199M->199M(512M) 19.035ms
[2023-11-17T04:04:38.406+0000][gc,cpu        ] GC(112) User=0.03s Sys=0.00s Real=0.02s
[2023-11-17T04:04:38.406+0000][gc,marking    ] GC(112) Concurrent Rebuild Remembered Sets
[2023-11-17T04:04:38.450+0000][gc,marking    ] GC(112) Concurrent Rebuild Remembered Sets 44.157ms
[2023-11-17T04:04:38.451+0000][gc,start      ] GC(112) Pause Cleanup
[2023-11-17T04:04:38.451+0000][gc            ] GC(112) Pause Cleanup 199M->199M(512M) 0.156ms
[2023-11-17T04:04:38.451+0000][gc,cpu        ] GC(112) User=0.00s Sys=0.00s Real=0.00s
[2023-11-17T04:04:38.451+0000][gc,marking    ] GC(112) Concurrent Cleanup for Next Mark
[2023-11-17T04:04:38.455+0000][gc,marking    ] GC(112) Concurrent Cleanup for Next Mark 4.245ms
[2023-11-17T04:04:38.455+0000][gc            ] GC(112) Concurrent Cycle 119.257ms
[2023-11-17T04:06:14.831+0000][gc,start      ] GC(113) Pause Young (Prepare Mixed) (G1 Evacuation Pause)
[2023-11-17T04:06:14.831+0000][gc,task       ] GC(113) Using 2 workers of 2 for evacuation
[2023-11-17T04:06:14.845+0000][gc,phases     ] GC(113)   Pre Evacuate Collection Set: 0.0ms
[2023-11-17T04:06:14.845+0000][gc,phases     ] GC(113)   Evacuate Collection Set: 13.7ms
[2023-11-17T04:06:14.845+0000][gc,phases     ] GC(113)   Post Evacuate Collection Set: 0.6ms
[2023-11-17T04:06:14.845+0000][gc,phases     ] GC(113)   Other: 0.2ms
[2023-11-17T04:06:14.845+0000][gc,heap       ] GC(113) Eden regions: 25->0(22)
[2023-11-17T04:06:14.845+0000][gc,heap       ] GC(113) Survivor regions: 4->3(4)
[2023-11-17T04:06:14.845+0000][gc,heap       ] GC(113) Old regions: 50->52
[2023-11-17T04:06:14.845+0000][gc,heap       ] GC(113) Humongous regions: 147->147
[2023-11-17T04:06:14.845+0000][gc,metaspace  ] GC(113) Metaspace: 44962K(47616K)->44962K(47616K) NonClass: 39560K(40960K)->39560K(40960K) Class: 5401K(6656K)->5401K(6656K)
[2023-11-17T04:06:14.845+0000][gc            ] GC(113) Pause Young (Prepare Mixed) (G1 Evacuation Pause) 224M->200M(512M) 14.568ms
[2023-11-17T04:06:14.845+0000][gc,cpu        ] GC(113) User=0.03s Sys=0.00s Real=0.01s
[2023-11-17T04:07:36.645+0000][gc,start      ] GC(114) Pause Young (Mixed) (G1 Evacuation Pause)
[2023-11-17T04:07:36.645+0000][gc,task       ] GC(114) Using 2 workers of 2 for evacuation
[2023-11-17T04:07:36.659+0000][gc,phases     ] GC(114)   Pre Evacuate Collection Set: 0.0ms
[2023-11-17T04:07:36.659+0000][gc,phases     ] GC(114)   Evacuate Collection Set: 13.8ms
[2023-11-17T04:07:36.659+0000][gc,phases     ] GC(114)   Post Evacuate Collection Set: 0.6ms
[2023-11-17T04:07:36.659+0000][gc,phases     ] GC(114)   Other: 0.3ms
[2023-11-17T04:07:36.659+0000][gc,heap       ] GC(114) Eden regions: 22->0(27)
[2023-11-17T04:07:36.659+0000][gc,heap       ] GC(114) Survivor regions: 3->2(4)
[2023-11-17T04:07:36.659+0000][gc,heap       ] GC(114) Old regions: 52->51
[2023-11-17T04:07:36.659+0000][gc,heap       ] GC(114) Humongous regions: 147->147
[2023-11-17T04:07:36.660+0000][gc,metaspace  ] GC(114) Metaspace: 44963K(47616K)->44963K(47616K) NonClass: 39562K(40960K)->39562K(40960K) Class: 5401K(6656K)->5401K(6656K)
[2023-11-17T04:07:36.660+0000][gc            ] GC(114) Pause Young (Mixed) (G1 Evacuation Pause) 222M->197M(512M) 14.817ms
[2023-11-17T04:07:36.660+0000][gc,cpu        ] GC(114) User=0.03s Sys=0.00s Real=0.02s
[2023-11-17T04:09:21.286+0000][gc,start      ] GC(115) Pause Young (Concurrent Start) (G1 Evacuation Pause)
[2023-11-17T04:09:21.286+0000][gc,task       ] GC(115) Using 2 workers of 2 for evacuation
[2023-11-17T04:09:21.301+0000][gc,phases     ] GC(115)   Pre Evacuate Collection Set: 0.2ms
[2023-11-17T04:09:21.301+0000][gc,phases     ] GC(115)   Evacuate Collection Set: 13.5ms
[2023-11-17T04:09:21.301+0000][gc,phases     ] GC(115)   Post Evacuate Collection Set: 0.7ms
[2023-11-17T04:09:21.301+0000][gc,phases     ] GC(115)   Other: 0.3ms
[2023-11-17T04:09:21.301+0000][gc,heap       ] GC(115) Eden regions: 27->0(25)
[2023-11-17T04:09:21.301+0000][gc,heap       ] GC(115) Survivor regions: 2->4(4)
[2023-11-17T04:09:21.301+0000][gc,heap       ] GC(115) Old regions: 51->51
[2023-11-17T04:09:21.301+0000][gc,heap       ] GC(115) Humongous regions: 147->147
[2023-11-17T04:09:21.301+0000][gc,metaspace  ] GC(115) Metaspace: 44963K(47616K)->44963K(47616K) NonClass: 39562K(40960K)->39562K(40960K) Class: 5401K(6656K)->5401K(6656K)
[2023-11-17T04:09:21.301+0000][gc            ] GC(115) Pause Young (Concurrent Start) (G1 Evacuation Pause) 224M->200M(512M) 14.801ms
[2023-11-17T04:09:21.301+0000][gc,cpu        ] GC(115) User=0.03s Sys=0.00s Real=0.01s
[2023-11-17T04:09:21.301+0000][gc            ] GC(116) Concurrent Cycle
[2023-11-17T04:09:21.301+0000][gc,marking    ] GC(116) Concurrent Clear Claimed Marks
[2023-11-17T04:09:21.302+0000][gc,marking    ] GC(116) Concurrent Clear Claimed Marks 0.266ms
[2023-11-17T04:09:21.302+0000][gc,marking    ] GC(116) Concurrent Scan Root Regions
[2023-11-17T04:09:21.307+0000][gc,marking    ] GC(116) Concurrent Scan Root Regions 5.878ms
[2023-11-17T04:09:21.307+0000][gc,marking    ] GC(116) Concurrent Mark (6756.490s)
[2023-11-17T04:09:21.307+0000][gc,marking    ] GC(116) Concurrent Mark From Roots
[2023-11-17T04:09:21.307+0000][gc,task       ] GC(116) Using 1 workers of 1 for marking
[2023-11-17T04:09:21.345+0000][gc,marking    ] GC(116) Concurrent Mark From Roots 37.609ms
[2023-11-17T04:09:21.345+0000][gc,marking    ] GC(116) Concurrent Preclean
[2023-11-17T04:09:21.345+0000][gc,marking    ] GC(116) Concurrent Preclean 0.241ms
[2023-11-17T04:09:21.345+0000][gc,marking    ] GC(116) Concurrent Mark (6756.490s, 6756.528s) 37.914ms
[2023-11-17T04:09:21.346+0000][gc,start      ] GC(116) Pause Remark
[2023-11-17T04:09:21.362+0000][gc,stringtable] GC(116) Cleaned string and symbol table, strings: 12827 processed, 0 removed, symbols: 93384 processed, 0 removed
[2023-11-17T04:09:21.362+0000][gc            ] GC(116) Pause Remark 200M->200M(512M) 16.604ms
[2023-11-17T04:09:21.362+0000][gc,cpu        ] GC(116) User=0.03s Sys=0.00s Real=0.01s
[2023-11-17T04:09:21.362+0000][gc,marking    ] GC(116) Concurrent Rebuild Remembered Sets
[2023-11-17T04:09:21.387+0000][gc,marking    ] GC(116) Concurrent Rebuild Remembered Sets 24.446ms
[2023-11-17T04:09:21.387+0000][gc,start      ] GC(116) Pause Cleanup
[2023-11-17T04:09:21.387+0000][gc            ] GC(116) Pause Cleanup 200M->200M(512M) 0.191ms
[2023-11-17T04:09:21.387+0000][gc,cpu        ] GC(116) User=0.00s Sys=0.00s Real=0.00s
[2023-11-17T04:09:21.387+0000][gc,marking    ] GC(116) Concurrent Cleanup for Next Mark
[2023-11-17T04:09:21.389+0000][gc,marking    ] GC(116) Concurrent Cleanup for Next Mark 1.540ms
[2023-11-17T04:09:21.389+0000][gc            ] GC(116) Concurrent Cycle 87.760ms
[2023-11-17T04:10:52.514+0000][gc,start      ] GC(117) Pause Young (Prepare Mixed) (G1 Evacuation Pause)
[2023-11-17T04:10:52.514+0000][gc,task       ] GC(117) Using 2 workers of 2 for evacuation
[2023-11-17T04:10:52.528+0000][gc,phases     ] GC(117)   Pre Evacuate Collection Set: 0.0ms
[2023-11-17T04:10:52.528+0000][gc,phases     ] GC(117)   Evacuate Collection Set: 13.7ms
[2023-11-17T04:10:52.528+0000][gc,phases     ] GC(117)   Post Evacuate Collection Set: 0.3ms
[2023-11-17T04:10:52.528+0000][gc,phases     ] GC(117)   Other: 0.2ms
[2023-11-17T04:10:52.529+0000][gc,heap       ] GC(117) Eden regions: 24->0(23)
[2023-11-17T04:10:52.529+0000][gc,heap       ] GC(117) Survivor regions: 4->2(4)
[2023-11-17T04:10:52.529+0000][gc,heap       ] GC(117) Old regions: 51->53
[2023-11-17T04:10:52.529+0000][gc,heap       ] GC(117) Humongous regions: 147->147
[2023-11-17T04:10:52.529+0000][gc,metaspace  ] GC(117) Metaspace: 44964K(47616K)->44964K(47616K) NonClass: 39562K(40960K)->39562K(40960K) Class: 5401K(6656K)->5401K(6656K)
[2023-11-17T04:10:52.529+0000][gc            ] GC(117) Pause Young (Prepare Mixed) (G1 Evacuation Pause) 224M->200M(512M) 14.378ms
[2023-11-17T04:10:52.529+0000][gc,cpu        ] GC(117) User=0.03s Sys=0.00s Real=0.01s
[2023-11-17T04:12:21.162+0000][gc,start      ] GC(118) Pause Young (Mixed) (G1 Evacuation Pause)
[2023-11-17T04:12:21.162+0000][gc,task       ] GC(118) Using 2 workers of 2 for evacuation
[2023-11-17T04:12:21.179+0000][gc,phases     ] GC(118)   Pre Evacuate Collection Set: 0.0ms
[2023-11-17T04:12:21.179+0000][gc,phases     ] GC(118)   Evacuate Collection Set: 15.6ms
[2023-11-17T04:12:21.179+0000][gc,phases     ] GC(118)   Post Evacuate Collection Set: 0.7ms
[2023-11-17T04:12:21.179+0000][gc,phases     ] GC(118)   Other: 0.3ms
[2023-11-17T04:12:21.179+0000][gc,heap       ] GC(118) Eden regions: 23->0(28)
[2023-11-17T04:12:21.179+0000][gc,heap       ] GC(118) Survivor regions: 2->4(4)
[2023-11-17T04:12:21.179+0000][gc,heap       ] GC(118) Old regions: 53->49
[2023-11-17T04:12:21.179+0000][gc,heap       ] GC(118) Humongous regions: 147->147
[2023-11-17T04:12:21.179+0000][gc,metaspace  ] GC(118) Metaspace: 44965K(47616K)->44965K(47616K) NonClass: 39563K(40960K)->39563K(40960K) Class: 5401K(6656K)->5401K(6656K)
[2023-11-17T04:12:21.179+0000][gc            ] GC(118) Pause Young (Mixed) (G1 Evacuation Pause) 223M->198M(512M) 16.700ms
[2023-11-17T04:12:21.179+0000][gc,cpu        ] GC(118) User=0.03s Sys=0.00s Real=0.02s
[2023-11-17T04:14:08.358+0000][gc,start      ] GC(119) Pause Young (Concurrent Start) (G1 Evacuation Pause)
[2023-11-17T04:14:08.358+0000][gc,task       ] GC(119) Using 2 workers of 2 for evacuation
[2023-11-17T04:14:08.373+0000][gc,phases     ] GC(119)   Pre Evacuate Collection Set: 0.2ms
[2023-11-17T04:14:08.373+0000][gc,phases     ] GC(119)   Evacuate Collection Set: 14.5ms
[2023-11-17T04:14:08.373+0000][gc,phases     ] GC(119)   Post Evacuate Collection Set: 0.3ms
[2023-11-17T04:14:08.373+0000][gc,phases     ] GC(119)   Other: 0.2ms
[2023-11-17T04:14:08.373+0000][gc,heap       ] GC(119) Eden regions: 28->0(29)
[2023-11-17T04:14:08.373+0000][gc,heap       ] GC(119) Survivor regions: 4->3(4)
[2023-11-17T04:14:08.373+0000][gc,heap       ] GC(119) Old regions: 49->51
[2023-11-17T04:14:08.373+0000][gc,heap       ] GC(119) Humongous regions: 147->147
[2023-11-17T04:14:08.373+0000][gc,metaspace  ] GC(119) Metaspace: 44965K(47616K)->44965K(47616K) NonClass: 39563K(40960K)->39563K(40960K) Class: 5401K(6656K)->5401K(6656K)
[2023-11-17T04:14:08.373+0000][gc            ] GC(119) Pause Young (Concurrent Start) (G1 Evacuation Pause) 226M->199M(512M) 15.447ms
[2023-11-17T04:14:08.373+0000][gc,cpu        ] GC(119) User=0.03s Sys=0.00s Real=0.02s
[2023-11-17T04:14:08.373+0000][gc            ] GC(120) Concurrent Cycle
[2023-11-17T04:14:08.374+0000][gc,marking    ] GC(120) Concurrent Clear Claimed Marks
[2023-11-17T04:14:08.374+0000][gc,marking    ] GC(120) Concurrent Clear Claimed Marks 0.269ms
[2023-11-17T04:14:08.374+0000][gc,marking    ] GC(120) Concurrent Scan Root Regions
[2023-11-17T04:14:08.377+0000][gc,marking    ] GC(120) Concurrent Scan Root Regions 3.365ms
[2023-11-17T04:14:08.377+0000][gc,marking    ] GC(120) Concurrent Mark (7043.560s)
[2023-11-17T04:14:08.377+0000][gc,marking    ] GC(120) Concurrent Mark From Roots
[2023-11-17T04:14:08.377+0000][gc,task       ] GC(120) Using 1 workers of 1 for marking
[2023-11-17T04:14:08.423+0000][gc,marking    ] GC(120) Concurrent Mark From Roots 46.082ms
[2023-11-17T04:14:08.423+0000][gc,marking    ] GC(120) Concurrent Preclean
[2023-11-17T04:14:08.424+0000][gc,marking    ] GC(120) Concurrent Preclean 0.275ms
[2023-11-17T04:14:08.424+0000][gc,marking    ] GC(120) Concurrent Mark (7043.560s, 7043.607s) 46.422ms
[2023-11-17T04:14:08.424+0000][gc,start      ] GC(120) Pause Remark
[2023-11-17T04:14:08.443+0000][gc,stringtable] GC(120) Cleaned string and symbol table, strings: 12828 processed, 0 removed, symbols: 93384 processed, 0 removed
[2023-11-17T04:14:08.443+0000][gc            ] GC(120) Pause Remark 199M->199M(512M) 19.018ms
[2023-11-17T04:14:08.443+0000][gc,cpu        ] GC(120) User=0.04s Sys=0.00s Real=0.02s
[2023-11-17T04:14:08.443+0000][gc,marking    ] GC(120) Concurrent Rebuild Remembered Sets
[2023-11-17T04:14:08.472+0000][gc,marking    ] GC(120) Concurrent Rebuild Remembered Sets 28.690ms
[2023-11-17T04:14:08.473+0000][gc,start      ] GC(120) Pause Cleanup
[2023-11-17T04:14:08.473+0000][gc            ] GC(120) Pause Cleanup 199M->199M(512M) 0.194ms
[2023-11-17T04:14:08.473+0000][gc,cpu        ] GC(120) User=0.00s Sys=0.00s Real=0.00s
[2023-11-17T04:14:08.473+0000][gc,marking    ] GC(120) Concurrent Cleanup for Next Mark
[2023-11-17T04:14:08.475+0000][gc,marking    ] GC(120) Concurrent Cleanup for Next Mark 1.714ms
[2023-11-17T04:14:08.475+0000][gc            ] GC(120) Concurrent Cycle 101.184ms
[2023-11-17T04:15:55.872+0000][gc,start      ] GC(121) Pause Young (Prepare Mixed) (G1 Evacuation Pause)
[2023-11-17T04:15:55.872+0000][gc,task       ] GC(121) Using 2 workers of 2 for evacuation
[2023-11-17T04:15:55.895+0000][gc,mmu        ] GC(121) MMU target violated: 21.0ms (20.0ms/21.0ms)
[2023-11-17T04:15:55.895+0000][gc,phases     ] GC(121)   Pre Evacuate Collection Set: 0.0ms
[2023-11-17T04:15:55.895+0000][gc,phases     ] GC(121)   Evacuate Collection Set: 20.0ms
[2023-11-17T04:15:55.895+0000][gc,phases     ] GC(121)   Post Evacuate Collection Set: 2.6ms
[2023-11-17T04:15:55.895+0000][gc,phases     ] GC(121)   Other: 0.3ms
[2023-11-17T04:15:55.895+0000][gc,heap       ] GC(121) Eden regions: 28->0(23)
[2023-11-17T04:15:55.895+0000][gc,heap       ] GC(121) Survivor regions: 3->2(4)
[2023-11-17T04:15:55.895+0000][gc,heap       ] GC(121) Old regions: 51->53
[2023-11-17T04:15:55.895+0000][gc,heap       ] GC(121) Humongous regions: 147->147
[2023-11-17T04:15:55.895+0000][gc,metaspace  ] GC(121) Metaspace: 44965K(47616K)->44965K(47616K) NonClass: 39563K(40960K)->39563K(40960K) Class: 5401K(6656K)->5401K(6656K)
[2023-11-17T04:15:55.895+0000][gc            ] GC(121) Pause Young (Prepare Mixed) (G1 Evacuation Pause) 227M->199M(512M) 23.001ms
[2023-11-17T04:15:55.895+0000][gc,cpu        ] GC(121) User=0.04s Sys=0.01s Real=0.03s
[2023-11-17T04:17:05.187+0000][gc,start      ] GC(122) Pause Young (Mixed) (G1 Evacuation Pause)
[2023-11-17T04:17:05.187+0000][gc,task       ] GC(122) Using 2 workers of 2 for evacuation
[2023-11-17T04:17:05.210+0000][gc,mmu        ] GC(122) MMU target violated: 21.0ms (20.0ms/21.0ms)
[2023-11-17T04:17:05.210+0000][gc,phases     ] GC(122)   Pre Evacuate Collection Set: 0.0ms
[2023-11-17T04:17:05.210+0000][gc,phases     ] GC(122)   Evacuate Collection Set: 22.0ms
[2023-11-17T04:17:05.210+0000][gc,phases     ] GC(122)   Post Evacuate Collection Set: 0.5ms
[2023-11-17T04:17:05.210+0000][gc,phases     ] GC(122)   Other: 0.4ms
[2023-11-17T04:17:05.210+0000][gc,heap       ] GC(122) Eden regions: 23->0(22)
[2023-11-17T04:17:05.210+0000][gc,heap       ] GC(122) Survivor regions: 2->4(4)
[2023-11-17T04:17:05.210+0000][gc,heap       ] GC(122) Old regions: 53->51
[2023-11-17T04:17:05.210+0000][gc,heap       ] GC(122) Humongous regions: 147->147
[2023-11-17T04:17:05.210+0000][gc,metaspace  ] GC(122) Metaspace: 44969K(47616K)->44969K(47616K) NonClass: 39568K(40960K)->39568K(40960K) Class: 5401K(6656K)->5401K(6656K)
[2023-11-17T04:17:05.210+0000][gc            ] GC(122) Pause Young (Mixed) (G1 Evacuation Pause) 222M->200M(512M) 22.940ms
[2023-11-17T04:17:05.210+0000][gc,cpu        ] GC(122) User=0.04s Sys=0.00s Real=0.02s
[2023-11-17T04:18:27.337+0000][gc,start      ] GC(123) Pause Young (Concurrent Start) (G1 Evacuation Pause)
[2023-11-17T04:18:27.337+0000][gc,task       ] GC(123) Using 2 workers of 2 for evacuation
[2023-11-17T04:18:27.374+0000][gc,mmu        ] GC(123) MMU target violated: 21.0ms (20.0ms/21.0ms)
[2023-11-17T04:18:27.374+0000][gc,phases     ] GC(123)   Pre Evacuate Collection Set: 0.2ms
[2023-11-17T04:18:27.374+0000][gc,phases     ] GC(123)   Evacuate Collection Set: 35.5ms
[2023-11-17T04:18:27.374+0000][gc,phases     ] GC(123)   Post Evacuate Collection Set: 0.5ms
[2023-11-17T04:18:27.374+0000][gc,phases     ] GC(123)   Other: 0.4ms
[2023-11-17T04:18:27.374+0000][gc,heap       ] GC(123) Eden regions: 22->0(22)
[2023-11-17T04:18:27.374+0000][gc,heap       ] GC(123) Survivor regions: 4->3(4)
[2023-11-17T04:18:27.374+0000][gc,heap       ] GC(123) Old regions: 51->55
[2023-11-17T04:18:27.374+0000][gc,heap       ] GC(123) Humongous regions: 147->147
[2023-11-17T04:18:27.374+0000][gc,metaspace  ] GC(123) Metaspace: 44969K(47616K)->44969K(47616K) NonClass: 39568K(40960K)->39568K(40960K) Class: 5401K(6656K)->5401K(6656K)
[2023-11-17T04:18:27.374+0000][gc            ] GC(123) Pause Young (Concurrent Start) (G1 Evacuation Pause) 222M->202M(512M) 36.787ms
[2023-11-17T04:18:27.374+0000][gc,cpu        ] GC(123) User=0.07s Sys=0.01s Real=0.04s
[2023-11-17T04:18:27.374+0000][gc            ] GC(124) Concurrent Cycle
[2023-11-17T04:18:27.374+0000][gc,marking    ] GC(124) Concurrent Clear Claimed Marks
[2023-11-17T04:18:27.374+0000][gc,marking    ] GC(124) Concurrent Clear Claimed Marks 0.218ms
[2023-11-17T04:18:27.374+0000][gc,marking    ] GC(124) Concurrent Scan Root Regions
[2023-11-17T04:18:27.380+0000][gc,marking    ] GC(124) Concurrent Scan Root Regions 5.502ms
[2023-11-17T04:18:27.380+0000][gc,marking    ] GC(124) Concurrent Mark (7302.563s)
[2023-11-17T04:18:27.380+0000][gc,marking    ] GC(124) Concurrent Mark From Roots
[2023-11-17T04:18:27.380+0000][gc,task       ] GC(124) Using 1 workers of 1 for marking
[2023-11-17T04:18:27.419+0000][gc,marking    ] GC(124) Concurrent Mark From Roots 38.544ms
[2023-11-17T04:18:27.419+0000][gc,marking    ] GC(124) Concurrent Preclean
[2023-11-17T04:18:27.419+0000][gc,marking    ] GC(124) Concurrent Preclean 0.184ms
[2023-11-17T04:18:27.419+0000][gc,marking    ] GC(124) Concurrent Mark (7302.563s, 7302.602s) 38.787ms
[2023-11-17T04:18:27.419+0000][gc,start      ] GC(124) Pause Remark
[2023-11-17T04:18:27.434+0000][gc,stringtable] GC(124) Cleaned string and symbol table, strings: 12828 processed, 0 removed, symbols: 93384 processed, 0 removed
[2023-11-17T04:18:27.435+0000][gc            ] GC(124) Pause Remark 202M->201M(512M) 15.725ms
[2023-11-17T04:18:27.435+0000][gc,cpu        ] GC(124) User=0.03s Sys=0.00s Real=0.02s
[2023-11-17T04:18:27.435+0000][gc,marking    ] GC(124) Concurrent Rebuild Remembered Sets
[2023-11-17T04:18:27.461+0000][gc,marking    ] GC(124) Concurrent Rebuild Remembered Sets 26.673ms
[2023-11-17T04:18:27.462+0000][gc,start      ] GC(124) Pause Cleanup
[2023-11-17T04:18:27.462+0000][gc            ] GC(124) Pause Cleanup 201M->201M(512M) 0.283ms
[2023-11-17T04:18:27.462+0000][gc,cpu        ] GC(124) User=0.00s Sys=0.00s Real=0.00s
[2023-11-17T04:18:27.462+0000][gc,marking    ] GC(124) Concurrent Cleanup for Next Mark
[2023-11-17T04:18:27.464+0000][gc,marking    ] GC(124) Concurrent Cleanup for Next Mark 1.447ms
[2023-11-17T04:18:27.464+0000][gc            ] GC(124) Concurrent Cycle 89.449ms
[2023-11-17T04:19:51.476+0000][gc,start      ] GC(125) Pause Young (Prepare Mixed) (G1 Evacuation Pause)
[2023-11-17T04:19:51.476+0000][gc,task       ] GC(125) Using 2 workers of 2 for evacuation
[2023-11-17T04:19:51.488+0000][gc,phases     ] GC(125)   Pre Evacuate Collection Set: 0.0ms
[2023-11-17T04:19:51.488+0000][gc,phases     ] GC(125)   Evacuate Collection Set: 11.7ms
[2023-11-17T04:19:51.488+0000][gc,phases     ] GC(125)   Post Evacuate Collection Set: 0.3ms
[2023-11-17T04:19:51.488+0000][gc,phases     ] GC(125)   Other: 0.3ms
[2023-11-17T04:19:51.488+0000][gc,heap       ] GC(125) Eden regions: 22->0(22)
[2023-11-17T04:19:51.488+0000][gc,heap       ] GC(125) Survivor regions: 3->3(4)
[2023-11-17T04:19:51.488+0000][gc,heap       ] GC(125) Old regions: 54->55
[2023-11-17T04:19:51.488+0000][gc,heap       ] GC(125) Humongous regions: 147->147
[2023-11-17T04:19:51.488+0000][gc,metaspace  ] GC(125) Metaspace: 44969K(47616K)->44969K(47616K) NonClass: 39568K(40960K)->39568K(40960K) Class: 5401K(6656K)->5401K(6656K)
[2023-11-17T04:19:51.488+0000][gc            ] GC(125) Pause Young (Prepare Mixed) (G1 Evacuation Pause) 223M->202M(512M) 12.401ms
[2023-11-17T04:19:51.488+0000][gc,cpu        ] GC(125) User=0.02s Sys=0.00s Real=0.01s
[2023-11-17T04:21:16.150+0000][gc,start      ] GC(126) Pause Young (Mixed) (G1 Evacuation Pause)
[2023-11-17T04:21:16.150+0000][gc,task       ] GC(126) Using 2 workers of 2 for evacuation
[2023-11-17T04:21:16.166+0000][gc,phases     ] GC(126)   Pre Evacuate Collection Set: 0.0ms
[2023-11-17T04:21:16.166+0000][gc,phases     ] GC(126)   Evacuate Collection Set: 15.2ms
[2023-11-17T04:21:16.166+0000][gc,phases     ] GC(126)   Post Evacuate Collection Set: 0.4ms
[2023-11-17T04:21:16.166+0000][gc,phases     ] GC(126)   Other: 0.2ms
[2023-11-17T04:21:16.166+0000][gc,heap       ] GC(126) Eden regions: 22->0(22)
[2023-11-17T04:21:16.166+0000][gc,heap       ] GC(126) Survivor regions: 3->3(4)
[2023-11-17T04:21:16.166+0000][gc,heap       ] GC(126) Old regions: 55->52
[2023-11-17T04:21:16.166+0000][gc,heap       ] GC(126) Humongous regions: 147->147
[2023-11-17T04:21:16.166+0000][gc,metaspace  ] GC(126) Metaspace: 44971K(47616K)->44971K(47616K) NonClass: 39569K(40960K)->39569K(40960K) Class: 5401K(6656K)->5401K(6656K)
[2023-11-17T04:21:16.166+0000][gc            ] GC(126) Pause Young (Mixed) (G1 Evacuation Pause) 224M->200M(512M) 15.886ms
[2023-11-17T04:21:16.166+0000][gc,cpu        ] GC(126) User=0.03s Sys=0.00s Real=0.02s
[2023-11-17T04:22:38.897+0000][gc,start      ] GC(127) Pause Young (Mixed) (G1 Evacuation Pause)
[2023-11-17T04:22:38.897+0000][gc,task       ] GC(127) Using 2 workers of 2 for evacuation
[2023-11-17T04:22:38.911+0000][gc,phases     ] GC(127)   Pre Evacuate Collection Set: 0.0ms
[2023-11-17T04:22:38.911+0000][gc,phases     ] GC(127)   Evacuate Collection Set: 12.9ms
[2023-11-17T04:22:38.911+0000][gc,phases     ] GC(127)   Post Evacuate Collection Set: 0.3ms
[2023-11-17T04:22:38.911+0000][gc,phases     ] GC(127)   Other: 0.3ms
[2023-11-17T04:22:38.911+0000][gc,heap       ] GC(127) Eden regions: 22->0(23)
[2023-11-17T04:22:38.911+0000][gc,heap       ] GC(127) Survivor regions: 3->3(4)
[2023-11-17T04:22:38.911+0000][gc,heap       ] GC(127) Old regions: 52->53
[2023-11-17T04:22:38.911+0000][gc,heap       ] GC(127) Humongous regions: 147->147
[2023-11-17T04:22:38.911+0000][gc,metaspace  ] GC(127) Metaspace: 44971K(47616K)->44971K(47616K) NonClass: 39570K(40960K)->39570K(40960K) Class: 5401K(6656K)->5401K(6656K)
[2023-11-17T04:22:38.911+0000][gc            ] GC(127) Pause Young (Mixed) (G1 Evacuation Pause) 222M->200M(512M) 13.646ms
[2023-11-17T04:22:38.911+0000][gc,cpu        ] GC(127) User=0.03s Sys=0.00s Real=0.01s
[2023-11-17T04:24:03.898+0000][gc,start      ] GC(128) Pause Young (Concurrent Start) (G1 Evacuation Pause)
[2023-11-17T04:24:03.898+0000][gc,task       ] GC(128) Using 2 workers of 2 for evacuation
[2023-11-17T04:24:03.915+0000][gc,phases     ] GC(128)   Pre Evacuate Collection Set: 0.2ms
[2023-11-17T04:24:03.915+0000][gc,phases     ] GC(128)   Evacuate Collection Set: 15.8ms
[2023-11-17T04:24:03.915+0000][gc,phases     ] GC(128)   Post Evacuate Collection Set: 0.3ms
[2023-11-17T04:24:03.915+0000][gc,phases     ] GC(128)   Other: 0.8ms
[2023-11-17T04:24:03.916+0000][gc,heap       ] GC(128) Eden regions: 22->0(22)
[2023-11-17T04:24:03.916+0000][gc,heap       ] GC(128) Survivor regions: 3->3(4)
[2023-11-17T04:24:03.916+0000][gc,heap       ] GC(128) Old regions: 53->55
[2023-11-17T04:24:03.916+0000][gc,heap       ] GC(128) Humongous regions: 147->147
[2023-11-17T04:24:03.916+0000][gc,metaspace  ] GC(128) Metaspace: 44975K(47616K)->44975K(47616K) NonClass: 39573K(40960K)->39573K(40960K) Class: 5401K(6656K)->5401K(6656K)
[2023-11-17T04:24:03.916+0000][gc            ] GC(128) Pause Young (Concurrent Start) (G1 Evacuation Pause) 222M->202M(512M) 17.278ms
[2023-11-17T04:24:03.916+0000][gc,cpu        ] GC(128) User=0.04s Sys=0.00s Real=0.02s
[2023-11-17T04:24:03.916+0000][gc            ] GC(129) Concurrent Cycle
[2023-11-17T04:24:03.916+0000][gc,marking    ] GC(129) Concurrent Clear Claimed Marks
[2023-11-17T04:24:03.916+0000][gc,marking    ] GC(129) Concurrent Clear Claimed Marks 0.232ms
[2023-11-17T04:24:03.916+0000][gc,marking    ] GC(129) Concurrent Scan Root Regions
[2023-11-17T04:24:03.921+0000][gc,marking    ] GC(129) Concurrent Scan Root Regions 5.523ms
[2023-11-17T04:24:03.921+0000][gc,marking    ] GC(129) Concurrent Mark (7639.104s)
[2023-11-17T04:24:03.921+0000][gc,marking    ] GC(129) Concurrent Mark From Roots
[2023-11-17T04:24:03.921+0000][gc,task       ] GC(129) Using 1 workers of 1 for marking
[2023-11-17T04:24:03.973+0000][gc,marking    ] GC(129) Concurrent Mark From Roots 51.517ms
[2023-11-17T04:24:03.973+0000][gc,marking    ] GC(129) Concurrent Preclean
[2023-11-17T04:24:03.973+0000][gc,marking    ] GC(129) Concurrent Preclean 0.446ms
[2023-11-17T04:24:03.973+0000][gc,marking    ] GC(129) Concurrent Mark (7639.104s, 7639.156s) 52.040ms
[2023-11-17T04:24:03.974+0000][gc,start      ] GC(129) Pause Remark
[2023-11-17T04:24:03.990+0000][gc,stringtable] GC(129) Cleaned string and symbol table, strings: 12828 processed, 0 removed, symbols: 93384 processed, 0 removed
[2023-11-17T04:24:03.990+0000][gc            ] GC(129) Pause Remark 203M->200M(512M) 16.047ms
[2023-11-17T04:24:03.990+0000][gc,cpu        ] GC(129) User=0.03s Sys=0.00s Real=0.01s
[2023-11-17T04:24:03.990+0000][gc,marking    ] GC(129) Concurrent Rebuild Remembered Sets
[2023-11-17T04:24:04.018+0000][gc,marking    ] GC(129) Concurrent Rebuild Remembered Sets 28.223ms
[2023-11-17T04:24:04.018+0000][gc,start      ] GC(129) Pause Cleanup
[2023-11-17T04:24:04.018+0000][gc            ] GC(129) Pause Cleanup 200M->200M(512M) 0.175ms
[2023-11-17T04:24:04.019+0000][gc,cpu        ] GC(129) User=0.00s Sys=0.00s Real=0.00s
[2023-11-17T04:24:04.019+0000][gc,marking    ] GC(129) Concurrent Cleanup for Next Mark
[2023-11-17T04:24:04.020+0000][gc,marking    ] GC(129) Concurrent Cleanup for Next Mark 1.917ms
[2023-11-17T04:24:04.020+0000][gc            ] GC(129) Concurrent Cycle 104.865ms
[2023-11-17T04:25:27.099+0000][gc,start      ] GC(130) Pause Young (Prepare Mixed) (G1 Evacuation Pause)
[2023-11-17T04:25:27.099+0000][gc,task       ] GC(130) Using 2 workers of 2 for evacuation
[2023-11-17T04:25:27.111+0000][gc,phases     ] GC(130)   Pre Evacuate Collection Set: 0.0ms
[2023-11-17T04:25:27.111+0000][gc,phases     ] GC(130)   Evacuate Collection Set: 11.9ms
[2023-11-17T04:25:27.111+0000][gc,phases     ] GC(130)   Post Evacuate Collection Set: 0.4ms
[2023-11-17T04:25:27.111+0000][gc,phases     ] GC(130)   Other: 0.3ms
[2023-11-17T04:25:27.111+0000][gc,heap       ] GC(130) Eden regions: 22->0(22)
[2023-11-17T04:25:27.111+0000][gc,heap       ] GC(130) Survivor regions: 3->3(4)
[2023-11-17T04:25:27.111+0000][gc,heap       ] GC(130) Old regions: 52->53
[2023-11-17T04:25:27.111+0000][gc,heap       ] GC(130) Humongous regions: 147->147
[2023-11-17T04:25:27.111+0000][gc,metaspace  ] GC(130) Metaspace: 44999K(47616K)->44999K(47616K) NonClass: 39598K(40960K)->39598K(40960K) Class: 5401K(6656K)->5401K(6656K)
[2023-11-17T04:25:27.111+0000][gc            ] GC(130) Pause Young (Prepare Mixed) (G1 Evacuation Pause) 221M->200M(512M) 12.712ms
[2023-11-17T04:25:27.111+0000][gc,cpu        ] GC(130) User=0.02s Sys=0.00s Real=0.01s
[2023-11-17T04:26:51.260+0000][gc,start      ] GC(131) Pause Young (Mixed) (G1 Evacuation Pause)
[2023-11-17T04:26:51.260+0000][gc,task       ] GC(131) Using 2 workers of 2 for evacuation
[2023-11-17T04:26:51.275+0000][gc,phases     ] GC(131)   Pre Evacuate Collection Set: 0.0ms
[2023-11-17T04:26:51.275+0000][gc,phases     ] GC(131)   Evacuate Collection Set: 13.7ms
[2023-11-17T04:26:51.275+0000][gc,phases     ] GC(131)   Post Evacuate Collection Set: 0.4ms
[2023-11-17T04:26:51.275+0000][gc,phases     ] GC(131)   Other: 0.2ms
[2023-11-17T04:26:51.275+0000][gc,heap       ] GC(131) Eden regions: 22->0(26)
[2023-11-17T04:26:51.275+0000][gc,heap       ] GC(131) Survivor regions: 3->3(4)
[2023-11-17T04:26:51.275+0000][gc,heap       ] GC(131) Old regions: 53->52
[2023-11-17T04:26:51.275+0000][gc,heap       ] GC(131) Humongous regions: 147->147
[2023-11-17T04:26:51.275+0000][gc,metaspace  ] GC(131) Metaspace: 44999K(47616K)->44999K(47616K) NonClass: 39598K(40960K)->39598K(40960K) Class: 5401K(6656K)->5401K(6656K)
[2023-11-17T04:26:51.275+0000][gc            ] GC(131) Pause Young (Mixed) (G1 Evacuation Pause) 222M->200M(512M) 14.439ms
[2023-11-17T04:26:51.275+0000][gc,cpu        ] GC(131) User=0.03s Sys=0.00s Real=0.02s
[2023-11-17T04:28:15.023+0000][gc,start      ] GC(132) Pause Young (Concurrent Start) (G1 Evacuation Pause)
[2023-11-17T04:28:15.023+0000][gc,task       ] GC(132) Using 2 workers of 2 for evacuation
[2023-11-17T04:28:15.040+0000][gc,phases     ] GC(132)   Pre Evacuate Collection Set: 0.2ms
[2023-11-17T04:28:15.040+0000][gc,phases     ] GC(132)   Evacuate Collection Set: 15.5ms
[2023-11-17T04:28:15.040+0000][gc,phases     ] GC(132)   Post Evacuate Collection Set: 0.4ms
[2023-11-17T04:28:15.040+0000][gc,phases     ] GC(132)   Other: 0.3ms
[2023-11-17T04:28:15.040+0000][gc,heap       ] GC(132) Eden regions: 22->0(25)
[2023-11-17T04:28:15.040+0000][gc,heap       ] GC(132) Survivor regions: 3->3(4)
[2023-11-17T04:28:15.040+0000][gc,heap       ] GC(132) Old regions: 52->53
[2023-11-17T04:28:15.040+0000][gc,heap       ] GC(132) Humongous regions: 147->147
[2023-11-17T04:28:15.040+0000][gc,metaspace  ] GC(132) Metaspace: 45001K(47616K)->45001K(47616K) NonClass: 39600K(40960K)->39600K(40960K) Class: 5401K(6656K)->5401K(6656K)
[2023-11-17T04:28:15.040+0000][gc            ] GC(132) Pause Young (Concurrent Start) (G1 Evacuation Pause) 222M->201M(512M) 16.529ms
[2023-11-17T04:28:15.040+0000][gc,cpu        ] GC(132) User=0.03s Sys=0.00s Real=0.02s
[2023-11-17T04:28:15.040+0000][gc            ] GC(133) Concurrent Cycle
[2023-11-17T04:28:15.040+0000][gc,marking    ] GC(133) Concurrent Clear Claimed Marks
[2023-11-17T04:28:15.040+0000][gc,marking    ] GC(133) Concurrent Clear Claimed Marks 0.641ms
[2023-11-17T04:28:15.040+0000][gc,marking    ] GC(133) Concurrent Scan Root Regions
[2023-11-17T04:28:15.046+0000][gc,marking    ] GC(133) Concurrent Scan Root Regions 5.918ms
[2023-11-17T04:28:15.046+0000][gc,marking    ] GC(133) Concurrent Mark (7890.229s)
[2023-11-17T04:28:15.046+0000][gc,marking    ] GC(133) Concurrent Mark From Roots
[2023-11-17T04:28:15.046+0000][gc,task       ] GC(133) Using 1 workers of 1 for marking
[2023-11-17T04:28:15.105+0000][gc,marking    ] GC(133) Concurrent Mark From Roots 58.219ms
[2023-11-17T04:28:15.105+0000][gc,marking    ] GC(133) Concurrent Preclean
[2023-11-17T04:28:15.105+0000][gc,marking    ] GC(133) Concurrent Preclean 0.180ms
[2023-11-17T04:28:15.105+0000][gc,marking    ] GC(133) Concurrent Mark (7890.229s, 7890.288s) 58.461ms
[2023-11-17T04:28:15.105+0000][gc,start      ] GC(133) Pause Remark
[2023-11-17T04:28:15.129+0000][gc,stringtable] GC(133) Cleaned string and symbol table, strings: 12828 processed, 0 removed, symbols: 93384 processed, 0 removed
[2023-11-17T04:28:15.129+0000][gc,mmu        ] GC(133) MMU target violated: 21.0ms (20.0ms/21.0ms)
[2023-11-17T04:28:15.129+0000][gc            ] GC(133) Pause Remark 201M->201M(512M) 23.839ms
[2023-11-17T04:28:15.129+0000][gc,cpu        ] GC(133) User=0.04s Sys=0.00s Real=0.03s
[2023-11-17T04:28:15.129+0000][gc,marking    ] GC(133) Concurrent Rebuild Remembered Sets
[2023-11-17T04:28:15.153+0000][gc,marking    ] GC(133) Concurrent Rebuild Remembered Sets 24.296ms
[2023-11-17T04:28:15.154+0000][gc,start      ] GC(133) Pause Cleanup
[2023-11-17T04:28:15.154+0000][gc            ] GC(133) Pause Cleanup 201M->201M(512M) 0.345ms
[2023-11-17T04:28:15.154+0000][gc,cpu        ] GC(133) User=0.00s Sys=0.00s Real=0.00s
[2023-11-17T04:28:15.154+0000][gc,marking    ] GC(133) Concurrent Cleanup for Next Mark
[2023-11-17T04:28:15.156+0000][gc,marking    ] GC(133) Concurrent Cleanup for Next Mark 1.654ms
[2023-11-17T04:28:15.156+0000][gc            ] GC(133) Concurrent Cycle 115.855ms
[2023-11-17T04:29:39.546+0000][gc,start      ] GC(134) Pause Young (Prepare Mixed) (G1 Evacuation Pause)
[2023-11-17T04:29:39.546+0000][gc,task       ] GC(134) Using 2 workers of 2 for evacuation
[2023-11-17T04:29:39.562+0000][gc,phases     ] GC(134)   Pre Evacuate Collection Set: 0.0ms
[2023-11-17T04:29:39.562+0000][gc,phases     ] GC(134)   Evacuate Collection Set: 14.7ms
[2023-11-17T04:29:39.562+0000][gc,phases     ] GC(134)   Post Evacuate Collection Set: 0.3ms
[2023-11-17T04:29:39.562+0000][gc,phases     ] GC(134)   Other: 1.3ms
[2023-11-17T04:29:39.562+0000][gc,heap       ] GC(134) Eden regions: 22->0(22)
[2023-11-17T04:29:39.562+0000][gc,heap       ] GC(134) Survivor regions: 3->3(4)
[2023-11-17T04:29:39.562+0000][gc,heap       ] GC(134) Old regions: 53->56
[2023-11-17T04:29:39.562+0000][gc,heap       ] GC(134) Humongous regions: 147->147
[2023-11-17T04:29:39.562+0000][gc,metaspace  ] GC(134) Metaspace: 45001K(47616K)->45001K(47616K) NonClass: 39600K(40960K)->39600K(40960K) Class: 5401K(6656K)->5401K(6656K)
[2023-11-17T04:29:39.562+0000][gc            ] GC(134) Pause Young (Prepare Mixed) (G1 Evacuation Pause) 223M->203M(512M) 16.530ms
[2023-11-17T04:29:39.562+0000][gc,cpu        ] GC(134) User=0.03s Sys=0.00s Real=0.01s
[2023-11-17T04:31:04.185+0000][gc,start      ] GC(135) Pause Young (Mixed) (G1 Evacuation Pause)
[2023-11-17T04:31:04.185+0000][gc,task       ] GC(135) Using 2 workers of 2 for evacuation
[2023-11-17T04:31:04.210+0000][gc,mmu        ] GC(135) MMU target violated: 21.0ms (20.0ms/21.0ms)
[2023-11-17T04:31:04.211+0000][gc,phases     ] GC(135)   Pre Evacuate Collection Set: 0.0ms
[2023-11-17T04:31:04.211+0000][gc,phases     ] GC(135)   Evacuate Collection Set: 18.9ms
[2023-11-17T04:31:04.211+0000][gc,phases     ] GC(135)   Post Evacuate Collection Set: 5.8ms
[2023-11-17T04:31:04.211+0000][gc,phases     ] GC(135)   Other: 1.0ms
[2023-11-17T04:31:04.211+0000][gc,heap       ] GC(135) Eden regions: 22->0(22)
[2023-11-17T04:31:04.211+0000][gc,heap       ] GC(135) Survivor regions: 3->3(4)
[2023-11-17T04:31:04.211+0000][gc,heap       ] GC(135) Old regions: 56->52
[2023-11-17T04:31:04.211+0000][gc,heap       ] GC(135) Humongous regions: 147->147
[2023-11-17T04:31:04.211+0000][gc,metaspace  ] GC(135) Metaspace: 45002K(47616K)->45002K(47616K) NonClass: 39601K(40960K)->39601K(40960K) Class: 5401K(6656K)->5401K(6656K)
[2023-11-17T04:31:04.211+0000][gc            ] GC(135) Pause Young (Mixed) (G1 Evacuation Pause) 225M->199M(512M) 25.844ms
[2023-11-17T04:31:04.211+0000][gc,cpu        ] GC(135) User=0.05s Sys=0.00s Real=0.03s
[2023-11-17T04:32:27.354+0000][gc,start      ] GC(136) Pause Young (Mixed) (G1 Evacuation Pause)
[2023-11-17T04:32:27.354+0000][gc,task       ] GC(136) Using 2 workers of 2 for evacuation
[2023-11-17T04:32:27.382+0000][gc,mmu        ] GC(136) MMU target violated: 21.0ms (20.0ms/21.0ms)
[2023-11-17T04:32:27.382+0000][gc,phases     ] GC(136)   Pre Evacuate Collection Set: 0.0ms
[2023-11-17T04:32:27.382+0000][gc,phases     ] GC(136)   Evacuate Collection Set: 27.9ms
[2023-11-17T04:32:27.382+0000][gc,phases     ] GC(136)   Post Evacuate Collection Set: 0.4ms
[2023-11-17T04:32:27.382+0000][gc,phases     ] GC(136)   Other: 0.3ms
[2023-11-17T04:32:27.382+0000][gc,heap       ] GC(136) Eden regions: 22->0(22)
[2023-11-17T04:32:27.382+0000][gc,heap       ] GC(136) Survivor regions: 3->3(4)
[2023-11-17T04:32:27.382+0000][gc,heap       ] GC(136) Old regions: 52->53
[2023-11-17T04:32:27.382+0000][gc,heap       ] GC(136) Humongous regions: 147->147
[2023-11-17T04:32:27.382+0000][gc,metaspace  ] GC(136) Metaspace: 45003K(47616K)->45003K(47616K) NonClass: 39602K(40960K)->39602K(40960K) Class: 5401K(6656K)->5401K(6656K)
[2023-11-17T04:32:27.382+0000][gc            ] GC(136) Pause Young (Mixed) (G1 Evacuation Pause) 221M->201M(512M) 28.579ms
[2023-11-17T04:32:27.382+0000][gc,cpu        ] GC(136) User=0.05s Sys=0.00s Real=0.02s
[2023-11-17T04:33:51.519+0000][gc,start      ] GC(137) Pause Young (Concurrent Start) (G1 Evacuation Pause)
[2023-11-17T04:33:51.519+0000][gc,task       ] GC(137) Using 2 workers of 2 for evacuation
[2023-11-17T04:33:51.531+0000][gc,phases     ] GC(137)   Pre Evacuate Collection Set: 0.3ms
[2023-11-17T04:33:51.531+0000][gc,phases     ] GC(137)   Evacuate Collection Set: 10.9ms
[2023-11-17T04:33:51.531+0000][gc,phases     ] GC(137)   Post Evacuate Collection Set: 0.4ms
[2023-11-17T04:33:51.531+0000][gc,phases     ] GC(137)   Other: 0.3ms
[2023-11-17T04:33:51.531+0000][gc,heap       ] GC(137) Eden regions: 22->0(22)
[2023-11-17T04:33:51.531+0000][gc,heap       ] GC(137) Survivor regions: 3->3(4)
[2023-11-17T04:33:51.531+0000][gc,heap       ] GC(137) Old regions: 53->54
[2023-11-17T04:33:51.531+0000][gc,heap       ] GC(137) Humongous regions: 147->147
[2023-11-17T04:33:51.531+0000][gc,metaspace  ] GC(137) Metaspace: 45003K(47616K)->45003K(47616K) NonClass: 39602K(40960K)->39602K(40960K) Class: 5401K(6656K)->5401K(6656K)
[2023-11-17T04:33:51.531+0000][gc            ] GC(137) Pause Young (Concurrent Start) (G1 Evacuation Pause) 223M->202M(512M) 11.970ms
[2023-11-17T04:33:51.531+0000][gc,cpu        ] GC(137) User=0.02s Sys=0.00s Real=0.01s
[2023-11-17T04:33:51.531+0000][gc            ] GC(138) Concurrent Cycle
[2023-11-17T04:33:51.531+0000][gc,marking    ] GC(138) Concurrent Clear Claimed Marks
[2023-11-17T04:33:51.531+0000][gc,marking    ] GC(138) Concurrent Clear Claimed Marks 0.206ms
[2023-11-17T04:33:51.531+0000][gc,marking    ] GC(138) Concurrent Scan Root Regions
[2023-11-17T04:33:51.535+0000][gc,marking    ] GC(138) Concurrent Scan Root Regions 4.444ms
[2023-11-17T04:33:51.535+0000][gc,marking    ] GC(138) Concurrent Mark (8226.718s)
[2023-11-17T04:33:51.535+0000][gc,marking    ] GC(138) Concurrent Mark From Roots
[2023-11-17T04:33:51.535+0000][gc,task       ] GC(138) Using 1 workers of 1 for marking
[2023-11-17T04:33:51.572+0000][gc,marking    ] GC(138) Concurrent Mark From Roots 36.477ms
[2023-11-17T04:33:51.572+0000][gc,marking    ] GC(138) Concurrent Preclean
[2023-11-17T04:33:51.572+0000][gc,marking    ] GC(138) Concurrent Preclean 0.173ms
[2023-11-17T04:33:51.572+0000][gc,marking    ] GC(138) Concurrent Mark (8226.718s, 8226.755s) 36.699ms
[2023-11-17T04:33:51.572+0000][gc,start      ] GC(138) Pause Remark
[2023-11-17T04:33:51.586+0000][gc,stringtable] GC(138) Cleaned string and symbol table, strings: 12828 processed, 0 removed, symbols: 93384 processed, 0 removed
[2023-11-17T04:33:51.586+0000][gc            ] GC(138) Pause Remark 202M->202M(512M) 14.121ms
[2023-11-17T04:33:51.587+0000][gc,cpu        ] GC(138) User=0.03s Sys=0.00s Real=0.02s
[2023-11-17T04:33:51.587+0000][gc,marking    ] GC(138) Concurrent Rebuild Remembered Sets
[2023-11-17T04:33:51.610+0000][gc,marking    ] GC(138) Concurrent Rebuild Remembered Sets 23.365ms
[2023-11-17T04:33:51.610+0000][gc,start      ] GC(138) Pause Cleanup
[2023-11-17T04:33:51.610+0000][gc            ] GC(138) Pause Cleanup 202M->202M(512M) 0.151ms
[2023-11-17T04:33:51.610+0000][gc,cpu        ] GC(138) User=0.00s Sys=0.00s Real=0.00s
[2023-11-17T04:33:51.610+0000][gc,marking    ] GC(138) Concurrent Cleanup for Next Mark
[2023-11-17T04:33:51.612+0000][gc,marking    ] GC(138) Concurrent Cleanup for Next Mark 1.429ms
[2023-11-17T04:33:51.612+0000][gc            ] GC(138) Concurrent Cycle 81.024ms
[2023-11-17T04:35:16.170+0000][gc,start      ] GC(139) Pause Young (Prepare Mixed) (G1 Evacuation Pause)
[2023-11-17T04:35:16.170+0000][gc,task       ] GC(139) Using 2 workers of 2 for evacuation
[2023-11-17T04:35:16.188+0000][gc,phases     ] GC(139)   Pre Evacuate Collection Set: 0.0ms
[2023-11-17T04:35:16.188+0000][gc,phases     ] GC(139)   Evacuate Collection Set: 17.4ms
[2023-11-17T04:35:16.188+0000][gc,phases     ] GC(139)   Post Evacuate Collection Set: 0.4ms
[2023-11-17T04:35:16.188+0000][gc,phases     ] GC(139)   Other: 0.2ms
[2023-11-17T04:35:16.188+0000][gc,heap       ] GC(139) Eden regions: 22->0(22)
[2023-11-17T04:35:16.188+0000][gc,heap       ] GC(139) Survivor regions: 3->3(4)
[2023-11-17T04:35:16.188+0000][gc,heap       ] GC(139) Old regions: 54->57
[2023-11-17T04:35:16.188+0000][gc,heap       ] GC(139) Humongous regions: 147->147
[2023-11-17T04:35:16.188+0000][gc,metaspace  ] GC(139) Metaspace: 45003K(47616K)->45003K(47616K) NonClass: 39602K(40960K)->39602K(40960K) Class: 5401K(6656K)->5401K(6656K)
[2023-11-17T04:35:16.188+0000][gc            ] GC(139) Pause Young (Prepare Mixed) (G1 Evacuation Pause) 224M->204M(512M) 18.135ms
[2023-11-17T04:35:16.188+0000][gc,cpu        ] GC(139) User=0.03s Sys=0.00s Real=0.02s
[2023-11-17T04:36:39.101+0000][gc,start      ] GC(140) Pause Young (Mixed) (G1 Evacuation Pause)
[2023-11-17T04:36:39.101+0000][gc,task       ] GC(140) Using 2 workers of 2 for evacuation
[2023-11-17T04:36:39.112+0000][gc,phases     ] GC(140)   Pre Evacuate Collection Set: 0.0ms
[2023-11-17T04:36:39.112+0000][gc,phases     ] GC(140)   Evacuate Collection Set: 10.7ms
[2023-11-17T04:36:39.112+0000][gc,phases     ] GC(140)   Post Evacuate Collection Set: 0.4ms
[2023-11-17T04:36:39.112+0000][gc,phases     ] GC(140)   Other: 0.2ms
[2023-11-17T04:36:39.112+0000][gc,heap       ] GC(140) Eden regions: 22->0(22)
[2023-11-17T04:36:39.112+0000][gc,heap       ] GC(140) Survivor regions: 3->3(4)
[2023-11-17T04:36:39.112+0000][gc,heap       ] GC(140) Old regions: 57->53
[2023-11-17T04:36:39.112+0000][gc,heap       ] GC(140) Humongous regions: 147->147
[2023-11-17T04:36:39.112+0000][gc,metaspace  ] GC(140) Metaspace: 45003K(47616K)->45003K(47616K) NonClass: 39602K(40960K)->39602K(40960K) Class: 5401K(6656K)->5401K(6656K)
[2023-11-17T04:36:39.112+0000][gc            ] GC(140) Pause Young (Mixed) (G1 Evacuation Pause) 226M->200M(512M) 11.421ms
[2023-11-17T04:36:39.112+0000][gc,cpu        ] GC(140) User=0.02s Sys=0.00s Real=0.01s
[2023-11-17T04:38:03.463+0000][gc,start      ] GC(141) Pause Young (Mixed) (G1 Evacuation Pause)
[2023-11-17T04:38:03.463+0000][gc,task       ] GC(141) Using 2 workers of 2 for evacuation
[2023-11-17T04:38:03.481+0000][gc,phases     ] GC(141)   Pre Evacuate Collection Set: 0.0ms
[2023-11-17T04:38:03.481+0000][gc,phases     ] GC(141)   Evacuate Collection Set: 16.5ms
[2023-11-17T04:38:03.481+0000][gc,phases     ] GC(141)   Post Evacuate Collection Set: 1.6ms
[2023-11-17T04:38:03.481+0000][gc,phases     ] GC(141)   Other: 0.2ms
[2023-11-17T04:38:03.481+0000][gc,heap       ] GC(141) Eden regions: 22->0(25)
[2023-11-17T04:38:03.481+0000][gc,heap       ] GC(141) Survivor regions: 3->3(4)
[2023-11-17T04:38:03.481+0000][gc,heap       ] GC(141) Old regions: 53->53
[2023-11-17T04:38:03.481+0000][gc,heap       ] GC(141) Humongous regions: 147->147
[2023-11-17T04:38:03.481+0000][gc,metaspace  ] GC(141) Metaspace: 45003K(47616K)->45003K(47616K) NonClass: 39602K(40960K)->39602K(40960K) Class: 5401K(6656K)->5401K(6656K)
[2023-11-17T04:38:03.481+0000][gc            ] GC(141) Pause Young (Mixed) (G1 Evacuation Pause) 222M->201M(512M) 18.492ms
[2023-11-17T04:38:03.481+0000][gc,cpu        ] GC(141) User=0.02s Sys=0.01s Real=0.02s
[2023-11-17T04:39:39.147+0000][gc,start      ] GC(142) Pause Young (Concurrent Start) (G1 Evacuation Pause)
[2023-11-17T04:39:39.147+0000][gc,task       ] GC(142) Using 2 workers of 2 for evacuation
[2023-11-17T04:39:39.159+0000][gc,phases     ] GC(142)   Pre Evacuate Collection Set: 0.2ms
[2023-11-17T04:39:39.159+0000][gc,phases     ] GC(142)   Evacuate Collection Set: 11.6ms
[2023-11-17T04:39:39.159+0000][gc,phases     ] GC(142)   Post Evacuate Collection Set: 0.3ms
[2023-11-17T04:39:39.159+0000][gc,phases     ] GC(142)   Other: 0.2ms
[2023-11-17T04:39:39.159+0000][gc,heap       ] GC(142) Eden regions: 25->0(26)
[2023-11-17T04:39:39.159+0000][gc,heap       ] GC(142) Survivor regions: 3->3(4)
[2023-11-17T04:39:39.159+0000][gc,heap       ] GC(142) Old regions: 53->54
[2023-11-17T04:39:39.159+0000][gc,heap       ] GC(142) Humongous regions: 147->147
[2023-11-17T04:39:39.159+0000][gc,metaspace  ] GC(142) Metaspace: 45003K(47616K)->45003K(47616K) NonClass: 39602K(40960K)->39602K(40960K) Class: 5401K(6656K)->5401K(6656K)
[2023-11-17T04:39:39.159+0000][gc            ] GC(142) Pause Young (Concurrent Start) (G1 Evacuation Pause) 226M->202M(512M) 12.531ms
[2023-11-17T04:39:39.159+0000][gc,cpu        ] GC(142) User=0.02s Sys=0.00s Real=0.01s
[2023-11-17T04:39:39.159+0000][gc            ] GC(143) Concurrent Cycle
[2023-11-17T04:39:39.159+0000][gc,marking    ] GC(143) Concurrent Clear Claimed Marks
[2023-11-17T04:39:39.159+0000][gc,marking    ] GC(143) Concurrent Clear Claimed Marks 0.289ms
[2023-11-17T04:39:39.159+0000][gc,marking    ] GC(143) Concurrent Scan Root Regions
[2023-11-17T04:39:39.164+0000][gc,marking    ] GC(143) Concurrent Scan Root Regions 4.643ms
[2023-11-17T04:39:39.164+0000][gc,marking    ] GC(143) Concurrent Mark (8574.347s)
[2023-11-17T04:39:39.164+0000][gc,marking    ] GC(143) Concurrent Mark From Roots
[2023-11-17T04:39:39.164+0000][gc,task       ] GC(143) Using 1 workers of 1 for marking
[2023-11-17T04:39:39.198+0000][gc,marking    ] GC(143) Concurrent Mark From Roots 34.317ms
[2023-11-17T04:39:39.199+0000][gc,marking    ] GC(143) Concurrent Preclean
[2023-11-17T04:39:39.199+0000][gc,marking    ] GC(143) Concurrent Preclean 0.175ms
[2023-11-17T04:39:39.199+0000][gc,marking    ] GC(143) Concurrent Mark (8574.347s, 8574.382s) 34.542ms
[2023-11-17T04:39:39.199+0000][gc,start      ] GC(143) Pause Remark
[2023-11-17T04:39:39.213+0000][gc,stringtable] GC(143) Cleaned string and symbol table, strings: 12828 processed, 0 removed, symbols: 93384 processed, 0 removed
[2023-11-17T04:39:39.213+0000][gc            ] GC(143) Pause Remark 202M->202M(512M) 14.382ms
[2023-11-17T04:39:39.213+0000][gc,cpu        ] GC(143) User=0.03s Sys=0.00s Real=0.01s
[2023-11-17T04:39:39.213+0000][gc,marking    ] GC(143) Concurrent Rebuild Remembered Sets
[2023-11-17T04:39:39.236+0000][gc,marking    ] GC(143) Concurrent Rebuild Remembered Sets 22.691ms
[2023-11-17T04:39:39.236+0000][gc,start      ] GC(143) Pause Cleanup
[2023-11-17T04:39:39.237+0000][gc            ] GC(143) Pause Cleanup 202M->202M(512M) 0.189ms
[2023-11-17T04:39:39.237+0000][gc,cpu        ] GC(143) User=0.00s Sys=0.00s Real=0.00s
[2023-11-17T04:39:39.237+0000][gc,marking    ] GC(143) Concurrent Cleanup for Next Mark
[2023-11-17T04:39:39.238+0000][gc,marking    ] GC(143) Concurrent Cleanup for Next Mark 1.502ms
[2023-11-17T04:39:39.238+0000][gc            ] GC(143) Concurrent Cycle 79.060ms
[2023-11-17T04:41:10.818+0000][gc,start      ] GC(144) Pause Young (Prepare Mixed) (G1 Evacuation Pause)
[2023-11-17T04:41:10.818+0000][gc,task       ] GC(144) Using 2 workers of 2 for evacuation
[2023-11-17T04:41:10.836+0000][gc,phases     ] GC(144)   Pre Evacuate Collection Set: 0.0ms
[2023-11-17T04:41:10.836+0000][gc,phases     ] GC(144)   Evacuate Collection Set: 17.5ms
[2023-11-17T04:41:10.836+0000][gc,phases     ] GC(144)   Post Evacuate Collection Set: 0.3ms
[2023-11-17T04:41:10.836+0000][gc,phases     ] GC(144)   Other: 0.3ms
[2023-11-17T04:41:10.836+0000][gc,heap       ] GC(144) Eden regions: 24->0(23)
[2023-11-17T04:41:10.836+0000][gc,heap       ] GC(144) Survivor regions: 3->2(4)
[2023-11-17T04:41:10.836+0000][gc,heap       ] GC(144) Old regions: 54->56
[2023-11-17T04:41:10.836+0000][gc,heap       ] GC(144) Humongous regions: 147->147
[2023-11-17T04:41:10.836+0000][gc,metaspace  ] GC(144) Metaspace: 45003K(47616K)->45003K(47616K) NonClass: 39602K(40960K)->39602K(40960K) Class: 5401K(6656K)->5401K(6656K)
[2023-11-17T04:41:10.836+0000][gc            ] GC(144) Pause Young (Prepare Mixed) (G1 Evacuation Pause) 226M->202M(512M) 18.251ms
[2023-11-17T04:41:10.836+0000][gc,cpu        ] GC(144) User=0.02s Sys=0.00s Real=0.02s
[2023-11-17T04:42:37.992+0000][gc,start      ] GC(145) Pause Young (Mixed) (G1 Evacuation Pause)
[2023-11-17T04:42:37.992+0000][gc,task       ] GC(145) Using 2 workers of 2 for evacuation
[2023-11-17T04:42:38.008+0000][gc,phases     ] GC(145)   Pre Evacuate Collection Set: 0.0ms
[2023-11-17T04:42:38.008+0000][gc,phases     ] GC(145)   Evacuate Collection Set: 15.3ms
[2023-11-17T04:42:38.008+0000][gc,phases     ] GC(145)   Post Evacuate Collection Set: 0.5ms
[2023-11-17T04:42:38.008+0000][gc,phases     ] GC(145)   Other: 0.2ms
[2023-11-17T04:42:38.008+0000][gc,heap       ] GC(145) Eden regions: 23->0(21)
[2023-11-17T04:42:38.008+0000][gc,heap       ] GC(145) Survivor regions: 2->4(4)
[2023-11-17T04:42:38.008+0000][gc,heap       ] GC(145) Old regions: 56->51
[2023-11-17T04:42:38.008+0000][gc,heap       ] GC(145) Humongous regions: 147->147
[2023-11-17T04:42:38.008+0000][gc,metaspace  ] GC(145) Metaspace: 45007K(47616K)->45007K(47616K) NonClass: 39605K(40960K)->39605K(40960K) Class: 5401K(6656K)->5401K(6656K)
[2023-11-17T04:42:38.008+0000][gc            ] GC(145) Pause Young (Mixed) (G1 Evacuation Pause) 225M->199M(512M) 16.127ms
[2023-11-17T04:42:38.008+0000][gc,cpu        ] GC(145) User=0.03s Sys=0.00s Real=0.02s
[2023-11-17T04:43:58.147+0000][gc,start      ] GC(146) Pause Young (Mixed) (G1 Evacuation Pause)
[2023-11-17T04:43:58.147+0000][gc,task       ] GC(146) Using 2 workers of 2 for evacuation
[2023-11-17T04:43:58.158+0000][gc,phases     ] GC(146)   Pre Evacuate Collection Set: 0.0ms
[2023-11-17T04:43:58.158+0000][gc,phases     ] GC(146)   Evacuate Collection Set: 10.8ms
[2023-11-17T04:43:58.158+0000][gc,phases     ] GC(146)   Post Evacuate Collection Set: 0.4ms
[2023-11-17T04:43:58.158+0000][gc,phases     ] GC(146)   Other: 0.2ms
[2023-11-17T04:43:58.158+0000][gc,heap       ] GC(146) Eden regions: 21->0(29)
[2023-11-17T04:43:58.158+0000][gc,heap       ] GC(146) Survivor regions: 4->2(4)
[2023-11-17T04:43:58.158+0000][gc,heap       ] GC(146) Old regions: 51->51
[2023-11-17T04:43:58.158+0000][gc,heap       ] GC(146) Humongous regions: 147->147
[2023-11-17T04:43:58.158+0000][gc,metaspace  ] GC(146) Metaspace: 45007K(47616K)->45007K(47616K) NonClass: 39606K(40960K)->39606K(40960K) Class: 5401K(6656K)->5401K(6656K)
[2023-11-17T04:43:58.158+0000][gc            ] GC(146) Pause Young (Mixed) (G1 Evacuation Pause) 220M->197M(512M) 11.490ms
[2023-11-17T04:43:58.158+0000][gc,cpu        ] GC(146) User=0.02s Sys=0.00s Real=0.01s
[2023-11-17T04:45:50.739+0000][gc,start      ] GC(147) Pause Young (Concurrent Start) (G1 Evacuation Pause)
[2023-11-17T04:45:50.739+0000][gc,task       ] GC(147) Using 2 workers of 2 for evacuation
[2023-11-17T04:45:50.752+0000][gc,phases     ] GC(147)   Pre Evacuate Collection Set: 0.2ms
[2023-11-17T04:45:50.752+0000][gc,phases     ] GC(147)   Evacuate Collection Set: 12.6ms
[2023-11-17T04:45:50.752+0000][gc,phases     ] GC(147)   Post Evacuate Collection Set: 0.3ms
[2023-11-17T04:45:50.752+0000][gc,phases     ] GC(147)   Other: 0.4ms
[2023-11-17T04:45:50.752+0000][gc,heap       ] GC(147) Eden regions: 29->0(27)
[2023-11-17T04:45:50.752+0000][gc,heap       ] GC(147) Survivor regions: 2->4(4)
[2023-11-17T04:45:50.752+0000][gc,heap       ] GC(147) Old regions: 51->51
[2023-11-17T04:45:50.752+0000][gc,heap       ] GC(147) Humongous regions: 147->147
[2023-11-17T04:45:50.752+0000][gc,metaspace  ] GC(147) Metaspace: 45008K(47616K)->45008K(47616K) NonClass: 39607K(40960K)->39607K(40960K) Class: 5401K(6656K)->5401K(6656K)
[2023-11-17T04:45:50.752+0000][gc            ] GC(147) Pause Young (Concurrent Start) (G1 Evacuation Pause) 226M->200M(512M) 13.525ms
[2023-11-17T04:45:50.752+0000][gc,cpu        ] GC(147) User=0.03s Sys=0.00s Real=0.01s
[2023-11-17T04:45:50.752+0000][gc            ] GC(148) Concurrent Cycle
[2023-11-17T04:45:50.752+0000][gc,marking    ] GC(148) Concurrent Clear Claimed Marks
[2023-11-17T04:45:50.752+0000][gc,marking    ] GC(148) Concurrent Clear Claimed Marks 0.222ms
[2023-11-17T04:45:50.752+0000][gc,marking    ] GC(148) Concurrent Scan Root Regions
[2023-11-17T04:45:50.756+0000][gc,marking    ] GC(148) Concurrent Scan Root Regions 4.047ms
[2023-11-17T04:45:50.756+0000][gc,marking    ] GC(148) Concurrent Mark (8945.939s)
[2023-11-17T04:45:50.756+0000][gc,marking    ] GC(148) Concurrent Mark From Roots
[2023-11-17T04:45:50.757+0000][gc,task       ] GC(148) Using 1 workers of 1 for marking
[2023-11-17T04:45:50.793+0000][gc,marking    ] GC(148) Concurrent Mark From Roots 36.960ms
[2023-11-17T04:45:50.793+0000][gc,marking    ] GC(148) Concurrent Preclean
[2023-11-17T04:45:50.794+0000][gc,marking    ] GC(148) Concurrent Preclean 0.172ms
[2023-11-17T04:45:50.794+0000][gc,marking    ] GC(148) Concurrent Mark (8945.939s, 8945.977s) 37.184ms
[2023-11-17T04:45:50.794+0000][gc,start      ] GC(148) Pause Remark
[2023-11-17T04:45:50.809+0000][gc,stringtable] GC(148) Cleaned string and symbol table, strings: 12832 processed, 0 removed, symbols: 93385 processed, 1 removed
[2023-11-17T04:45:50.809+0000][gc            ] GC(148) Pause Remark 200M->200M(512M) 15.365ms
[2023-11-17T04:45:50.809+0000][gc,cpu        ] GC(148) User=0.03s Sys=0.00s Real=0.01s
[2023-11-17T04:45:50.809+0000][gc,marking    ] GC(148) Concurrent Rebuild Remembered Sets
[2023-11-17T04:45:50.834+0000][gc,marking    ] GC(148) Concurrent Rebuild Remembered Sets 24.278ms
[2023-11-17T04:45:50.834+0000][gc,start      ] GC(148) Pause Cleanup
[2023-11-17T04:45:50.834+0000][gc            ] GC(148) Pause Cleanup 200M->200M(512M) 0.187ms
[2023-11-17T04:45:50.834+0000][gc,cpu        ] GC(148) User=0.00s Sys=0.00s Real=0.00s
[2023-11-17T04:45:50.834+0000][gc,marking    ] GC(148) Concurrent Cleanup for Next Mark
[2023-11-17T04:45:50.836+0000][gc,marking    ] GC(148) Concurrent Cleanup for Next Mark 2.090ms
[2023-11-17T04:45:50.836+0000][gc            ] GC(148) Concurrent Cycle 84.018ms
[2023-11-17T04:47:33.007+0000][gc,start      ] GC(149) Pause Young (Prepare Mixed) (G1 Evacuation Pause)
[2023-11-17T04:47:33.007+0000][gc,task       ] GC(149) Using 2 workers of 2 for evacuation
[2023-11-17T04:47:33.022+0000][gc,phases     ] GC(149)   Pre Evacuate Collection Set: 0.0ms
[2023-11-17T04:47:33.022+0000][gc,phases     ] GC(149)   Evacuate Collection Set: 13.9ms
[2023-11-17T04:47:33.022+0000][gc,phases     ] GC(149)   Post Evacuate Collection Set: 0.4ms
[2023-11-17T04:47:33.022+0000][gc,phases     ] GC(149)   Other: 0.3ms
[2023-11-17T04:47:33.022+0000][gc,heap       ] GC(149) Eden regions: 27->0(22)
[2023-11-17T04:47:33.022+0000][gc,heap       ] GC(149) Survivor regions: 4->3(4)
[2023-11-17T04:47:33.022+0000][gc,heap       ] GC(149) Old regions: 51->53
[2023-11-17T04:47:33.022+0000][gc,heap       ] GC(149) Humongous regions: 147->147
[2023-11-17T04:47:33.022+0000][gc,metaspace  ] GC(149) Metaspace: 45012K(47616K)->45012K(47616K) NonClass: 39611K(40960K)->39611K(40960K) Class: 5401K(6656K)->5401K(6656K)
[2023-11-17T04:47:33.022+0000][gc            ] GC(149) Pause Young (Prepare Mixed) (G1 Evacuation Pause) 227M->200M(512M) 14.709ms
[2023-11-17T04:47:33.022+0000][gc,cpu        ] GC(149) User=0.03s Sys=0.00s Real=0.01s
[2023-11-17T04:48:57.672+0000][gc,start      ] GC(150) Pause Young (Mixed) (G1 Evacuation Pause)
[2023-11-17T04:48:57.672+0000][gc,task       ] GC(150) Using 2 workers of 2 for evacuation
[2023-11-17T04:48:57.686+0000][gc,phases     ] GC(150)   Pre Evacuate Collection Set: 0.0ms
[2023-11-17T04:48:57.687+0000][gc,phases     ] GC(150)   Evacuate Collection Set: 13.4ms
[2023-11-17T04:48:57.687+0000][gc,phases     ] GC(150)   Post Evacuate Collection Set: 0.4ms
[2023-11-17T04:48:57.687+0000][gc,phases     ] GC(150)   Other: 0.2ms
[2023-11-17T04:48:57.687+0000][gc,heap       ] GC(150) Eden regions: 22->0(31)
[2023-11-17T04:48:57.687+0000][gc,heap       ] GC(150) Survivor regions: 3->3(4)
[2023-11-17T04:48:57.687+0000][gc,heap       ] GC(150) Old regions: 53->51
[2023-11-17T04:48:57.687+0000][gc,heap       ] GC(150) Humongous regions: 147->147
[2023-11-17T04:48:57.687+0000][gc,metaspace  ] GC(150) Metaspace: 45012K(47616K)->45012K(47616K) NonClass: 39611K(40960K)->39611K(40960K) Class: 5401K(6656K)->5401K(6656K)
[2023-11-17T04:48:57.687+0000][gc            ] GC(150) Pause Young (Mixed) (G1 Evacuation Pause) 222M->199M(512M) 14.157ms
[2023-11-17T04:48:57.687+0000][gc,cpu        ] GC(150) User=0.02s Sys=0.00s Real=0.02s
[2023-11-17T04:50:57.061+0000][gc,start      ] GC(151) Pause Young (Concurrent Start) (G1 Evacuation Pause)
[2023-11-17T04:50:57.061+0000][gc,task       ] GC(151) Using 2 workers of 2 for evacuation
[2023-11-17T04:50:57.086+0000][gc,mmu        ] GC(151) MMU target violated: 21.0ms (20.0ms/21.0ms)
[2023-11-17T04:50:57.086+0000][gc,phases     ] GC(151)   Pre Evacuate Collection Set: 0.3ms
[2023-11-17T04:50:57.086+0000][gc,phases     ] GC(151)   Evacuate Collection Set: 20.2ms
[2023-11-17T04:50:57.086+0000][gc,phases     ] GC(151)   Post Evacuate Collection Set: 4.5ms
[2023-11-17T04:50:57.086+0000][gc,phases     ] GC(151)   Other: 0.5ms
[2023-11-17T04:50:57.086+0000][gc,heap       ] GC(151) Eden regions: 31->0(23)
[2023-11-17T04:50:57.086+0000][gc,heap       ] GC(151) Survivor regions: 3->5(5)
[2023-11-17T04:50:57.086+0000][gc,heap       ] GC(151) Old regions: 51->51
[2023-11-17T04:50:57.086+0000][gc,heap       ] GC(151) Humongous regions: 147->147
[2023-11-17T04:50:57.086+0000][gc,metaspace  ] GC(151) Metaspace: 45012K(47616K)->45012K(47616K) NonClass: 39611K(40960K)->39611K(40960K) Class: 5401K(6656K)->5401K(6656K)
[2023-11-17T04:50:57.086+0000][gc            ] GC(151) Pause Young (Concurrent Start) (G1 Evacuation Pause) 230M->201M(512M) 25.409ms
[2023-11-17T04:50:57.086+0000][gc,cpu        ] GC(151) User=0.04s Sys=0.00s Real=0.03s
[2023-11-17T04:50:57.086+0000][gc            ] GC(152) Concurrent Cycle
[2023-11-17T04:50:57.086+0000][gc,marking    ] GC(152) Concurrent Clear Claimed Marks
[2023-11-17T04:50:57.086+0000][gc,marking    ] GC(152) Concurrent Clear Claimed Marks 0.225ms
[2023-11-17T04:50:57.086+0000][gc,marking    ] GC(152) Concurrent Scan Root Regions
[2023-11-17T04:50:57.091+0000][gc,marking    ] GC(152) Concurrent Scan Root Regions 5.156ms
[2023-11-17T04:50:57.091+0000][gc,marking    ] GC(152) Concurrent Mark (9252.274s)
[2023-11-17T04:50:57.091+0000][gc,marking    ] GC(152) Concurrent Mark From Roots
[2023-11-17T04:50:57.091+0000][gc,task       ] GC(152) Using 1 workers of 1 for marking
[2023-11-17T04:50:57.133+0000][gc,marking    ] GC(152) Concurrent Mark From Roots 41.087ms
[2023-11-17T04:50:57.133+0000][gc,marking    ] GC(152) Concurrent Preclean
[2023-11-17T04:50:57.133+0000][gc,marking    ] GC(152) Concurrent Preclean 0.181ms
[2023-11-17T04:50:57.133+0000][gc,marking    ] GC(152) Concurrent Mark (9252.274s, 9252.316s) 41.323ms
[2023-11-17T04:50:57.133+0000][gc,start      ] GC(152) Pause Remark
[2023-11-17T04:50:57.150+0000][gc,stringtable] GC(152) Cleaned string and symbol table, strings: 12834 processed, 0 removed, symbols: 93384 processed, 0 removed
[2023-11-17T04:50:57.151+0000][gc            ] GC(152) Pause Remark 201M->201M(512M) 17.539ms
[2023-11-17T04:50:57.151+0000][gc,cpu        ] GC(152) User=0.03s Sys=0.00s Real=0.02s
[2023-11-17T04:50:57.151+0000][gc,marking    ] GC(152) Concurrent Rebuild Remembered Sets
[2023-11-17T04:50:57.172+0000][gc,marking    ] GC(152) Concurrent Rebuild Remembered Sets 21.763ms
[2023-11-17T04:50:57.173+0000][gc,start      ] GC(152) Pause Cleanup
[2023-11-17T04:50:57.173+0000][gc            ] GC(152) Pause Cleanup 201M->201M(512M) 0.156ms
[2023-11-17T04:50:57.173+0000][gc,cpu        ] GC(152) User=0.00s Sys=0.00s Real=0.00s
[2023-11-17T04:50:57.173+0000][gc,marking    ] GC(152) Concurrent Cleanup for Next Mark
[2023-11-17T04:50:57.174+0000][gc,marking    ] GC(152) Concurrent Cleanup for Next Mark 1.419ms
[2023-11-17T04:50:57.174+0000][gc            ] GC(152) Concurrent Cycle 88.272ms
[2023-11-17T04:52:24.147+0000][gc,start      ] GC(153) Pause Young (Prepare Mixed) (G1 Evacuation Pause)
[2023-11-17T04:52:24.147+0000][gc,task       ] GC(153) Using 2 workers of 2 for evacuation
[2023-11-17T04:52:24.162+0000][gc,phases     ] GC(153)   Pre Evacuate Collection Set: 0.0ms
[2023-11-17T04:52:24.162+0000][gc,phases     ] GC(153)   Evacuate Collection Set: 14.4ms
[2023-11-17T04:52:24.162+0000][gc,phases     ] GC(153)   Post Evacuate Collection Set: 0.4ms
[2023-11-17T04:52:24.162+0000][gc,phases     ] GC(153)   Other: 0.2ms
[2023-11-17T04:52:24.162+0000][gc,heap       ] GC(153) Eden regions: 23->0(23)
[2023-11-17T04:52:24.162+0000][gc,heap       ] GC(153) Survivor regions: 5->2(4)
[2023-11-17T04:52:24.162+0000][gc,heap       ] GC(153) Old regions: 51->54
[2023-11-17T04:52:24.162+0000][gc,heap       ] GC(153) Humongous regions: 147->147
[2023-11-17T04:52:24.162+0000][gc,metaspace  ] GC(153) Metaspace: 45012K(47616K)->45012K(47616K) NonClass: 39611K(40960K)->39611K(40960K) Class: 5401K(6656K)->5401K(6656K)
[2023-11-17T04:52:24.163+0000][gc            ] GC(153) Pause Young (Prepare Mixed) (G1 Evacuation Pause) 224M->200M(512M) 15.166ms
[2023-11-17T04:52:24.163+0000][gc,cpu        ] GC(153) User=0.03s Sys=0.00s Real=0.01s
[2023-11-17T04:53:52.669+0000][gc,start      ] GC(154) Pause Young (Mixed) (G1 Evacuation Pause)
[2023-11-17T04:53:52.669+0000][gc,task       ] GC(154) Using 2 workers of 2 for evacuation
[2023-11-17T04:53:52.686+0000][gc,phases     ] GC(154)   Pre Evacuate Collection Set: 0.0ms
[2023-11-17T04:53:52.686+0000][gc,phases     ] GC(154)   Evacuate Collection Set: 15.6ms
[2023-11-17T04:53:52.686+0000][gc,phases     ] GC(154)   Post Evacuate Collection Set: 1.3ms
[2023-11-17T04:53:52.686+0000][gc,phases     ] GC(154)   Other: 0.2ms
[2023-11-17T04:53:52.686+0000][gc,heap       ] GC(154) Eden regions: 23->0(26)
[2023-11-17T04:53:52.686+0000][gc,heap       ] GC(154) Survivor regions: 2->4(4)
[2023-11-17T04:53:52.686+0000][gc,heap       ] GC(154) Old regions: 54->50
[2023-11-17T04:53:52.686+0000][gc,heap       ] GC(154) Humongous regions: 147->147
[2023-11-17T04:53:52.686+0000][gc,metaspace  ] GC(154) Metaspace: 45012K(47616K)->45012K(47616K) NonClass: 39611K(40960K)->39611K(40960K) Class: 5401K(6656K)->5401K(6656K)
[2023-11-17T04:53:52.686+0000][gc            ] GC(154) Pause Young (Mixed) (G1 Evacuation Pause) 223M->199M(512M) 17.396ms
[2023-11-17T04:53:52.686+0000][gc,cpu        ] GC(154) User=0.04s Sys=0.00s Real=0.02s
[2023-11-17T04:55:32.847+0000][gc,start      ] GC(155) Pause Young (Concurrent Start) (G1 Evacuation Pause)
[2023-11-17T04:55:32.847+0000][gc,task       ] GC(155) Using 2 workers of 2 for evacuation
[2023-11-17T04:55:32.860+0000][gc,phases     ] GC(155)   Pre Evacuate Collection Set: 0.2ms
[2023-11-17T04:55:32.860+0000][gc,phases     ] GC(155)   Evacuate Collection Set: 12.1ms
[2023-11-17T04:55:32.860+0000][gc,phases     ] GC(155)   Post Evacuate Collection Set: 0.3ms
[2023-11-17T04:55:32.860+0000][gc,phases     ] GC(155)   Other: 0.2ms
[2023-11-17T04:55:32.860+0000][gc,heap       ] GC(155) Eden regions: 26->0(28)
[2023-11-17T04:55:32.860+0000][gc,heap       ] GC(155) Survivor regions: 4->3(4)
[2023-11-17T04:55:32.860+0000][gc,heap       ] GC(155) Old regions: 50->52
[2023-11-17T04:55:32.860+0000][gc,heap       ] GC(155) Humongous regions: 147->147
[2023-11-17T04:55:32.860+0000][gc,metaspace  ] GC(155) Metaspace: 45012K(47616K)->45012K(47616K) NonClass: 39611K(40960K)->39611K(40960K) Class: 5401K(6656K)->5401K(6656K)
[2023-11-17T04:55:32.860+0000][gc            ] GC(155) Pause Young (Concurrent Start) (G1 Evacuation Pause) 225M->199M(512M) 12.945ms
[2023-11-17T04:55:32.860+0000][gc,cpu        ] GC(155) User=0.02s Sys=0.00s Real=0.01s
[2023-11-17T04:55:32.860+0000][gc            ] GC(156) Concurrent Cycle
[2023-11-17T04:55:32.860+0000][gc,marking    ] GC(156) Concurrent Clear Claimed Marks
[2023-11-17T04:55:32.860+0000][gc,marking    ] GC(156) Concurrent Clear Claimed Marks 0.221ms
[2023-11-17T04:55:32.860+0000][gc,marking    ] GC(156) Concurrent Scan Root Regions
[2023-11-17T04:55:32.863+0000][gc,marking    ] GC(156) Concurrent Scan Root Regions 2.957ms
[2023-11-17T04:55:32.863+0000][gc,marking    ] GC(156) Concurrent Mark (9528.046s)
[2023-11-17T04:55:32.863+0000][gc,marking    ] GC(156) Concurrent Mark From Roots
[2023-11-17T04:55:32.863+0000][gc,task       ] GC(156) Using 1 workers of 1 for marking
[2023-11-17T04:55:32.917+0000][gc,marking    ] GC(156) Concurrent Mark From Roots 53.305ms
[2023-11-17T04:55:32.917+0000][gc,marking    ] GC(156) Concurrent Preclean
[2023-11-17T04:55:32.917+0000][gc,marking    ] GC(156) Concurrent Preclean 0.194ms
[2023-11-17T04:55:32.917+0000][gc,marking    ] GC(156) Concurrent Mark (9528.046s, 9528.100s) 53.572ms
[2023-11-17T04:55:32.924+0000][gc,start      ] GC(156) Pause Remark
[2023-11-17T04:55:32.949+0000][gc,stringtable] GC(156) Cleaned string and symbol table, strings: 12840 processed, 0 removed, symbols: 93384 processed, 0 removed
[2023-11-17T04:55:32.950+0000][gc,mmu        ] GC(156) MMU target violated: 21.0ms (20.0ms/21.0ms)
[2023-11-17T04:55:32.950+0000][gc            ] GC(156) Pause Remark 199M->199M(512M) 25.600ms
[2023-11-17T04:55:32.950+0000][gc,cpu        ] GC(156) User=0.05s Sys=0.01s Real=0.03s
[2023-11-17T04:55:32.950+0000][gc,marking    ] GC(156) Concurrent Rebuild Remembered Sets
[2023-11-17T04:55:32.980+0000][gc,marking    ] GC(156) Concurrent Rebuild Remembered Sets 30.172ms
[2023-11-17T04:55:32.982+0000][gc,start      ] GC(156) Pause Cleanup
[2023-11-17T04:55:32.982+0000][gc            ] GC(156) Pause Cleanup 199M->199M(512M) 0.382ms
[2023-11-17T04:55:32.982+0000][gc,cpu        ] GC(156) User=0.00s Sys=0.00s Real=0.00s
[2023-11-17T04:55:32.982+0000][gc,marking    ] GC(156) Concurrent Cleanup for Next Mark
[2023-11-17T04:55:32.984+0000][gc,marking    ] GC(156) Concurrent Cleanup for Next Mark 1.473ms
[2023-11-17T04:55:32.984+0000][gc            ] GC(156) Concurrent Cycle 123.320ms
[2023-11-17T04:57:20.410+0000][gc,start      ] GC(157) Pause Young (Prepare Mixed) (G1 Evacuation Pause)
[2023-11-17T04:57:20.410+0000][gc,task       ] GC(157) Using 2 workers of 2 for evacuation
[2023-11-17T04:57:20.425+0000][gc,phases     ] GC(157)   Pre Evacuate Collection Set: 0.0ms
[2023-11-17T04:57:20.425+0000][gc,phases     ] GC(157)   Evacuate Collection Set: 14.8ms
[2023-11-17T04:57:20.425+0000][gc,phases     ] GC(157)   Post Evacuate Collection Set: 0.4ms
[2023-11-17T04:57:20.425+0000][gc,phases     ] GC(157)   Other: 0.2ms
[2023-11-17T04:57:20.425+0000][gc,heap       ] GC(157) Eden regions: 28->0(21)
[2023-11-17T04:57:20.425+0000][gc,heap       ] GC(157) Survivor regions: 3->4(4)
[2023-11-17T04:57:20.425+0000][gc,heap       ] GC(157) Old regions: 52->53
[2023-11-17T04:57:20.425+0000][gc,heap       ] GC(157) Humongous regions: 147->147
[2023-11-17T04:57:20.425+0000][gc,metaspace  ] GC(157) Metaspace: 45012K(47616K)->45012K(47616K) NonClass: 39611K(40960K)->39611K(40960K) Class: 5401K(6656K)->5401K(6656K)
[2023-11-17T04:57:20.425+0000][gc            ] GC(157) Pause Young (Prepare Mixed) (G1 Evacuation Pause) 227M->202M(512M) 15.597ms
[2023-11-17T04:57:20.425+0000][gc,cpu        ] GC(157) User=0.02s Sys=0.00s Real=0.02s
[2023-11-17T04:58:39.677+0000][gc,start      ] GC(158) Pause Young (Mixed) (G1 Evacuation Pause)
[2023-11-17T04:58:39.677+0000][gc,task       ] GC(158) Using 2 workers of 2 for evacuation
[2023-11-17T04:58:39.689+0000][gc,phases     ] GC(158)   Pre Evacuate Collection Set: 0.0ms
[2023-11-17T04:58:39.689+0000][gc,phases     ] GC(158)   Evacuate Collection Set: 11.5ms
[2023-11-17T04:58:39.689+0000][gc,phases     ] GC(158)   Post Evacuate Collection Set: 0.3ms
[2023-11-17T04:58:39.689+0000][gc,phases     ] GC(158)   Other: 0.2ms
[2023-11-17T04:58:39.689+0000][gc,heap       ] GC(158) Eden regions: 21->0(34)
[2023-11-17T04:58:39.689+0000][gc,heap       ] GC(158) Survivor regions: 4->2(4)
[2023-11-17T04:58:39.689+0000][gc,heap       ] GC(158) Old regions: 53->50
[2023-11-17T04:58:39.689+0000][gc,heap       ] GC(158) Humongous regions: 147->147
[2023-11-17T04:58:39.689+0000][gc,metaspace  ] GC(158) Metaspace: 45012K(47616K)->45012K(47616K) NonClass: 39611K(40960K)->39611K(40960K) Class: 5401K(6656K)->5401K(6656K)
[2023-11-17T04:58:39.689+0000][gc            ] GC(158) Pause Young (Mixed) (G1 Evacuation Pause) 223M->197M(512M) 12.225ms
[2023-11-17T04:58:39.689+0000][gc,cpu        ] GC(158) User=0.02s Sys=0.00s Real=0.01s
[2023-11-17T05:00:51.585+0000][gc,start      ] GC(159) Pause Young (Concurrent Start) (G1 Evacuation Pause)
[2023-11-17T05:00:51.585+0000][gc,task       ] GC(159) Using 2 workers of 2 for evacuation
[2023-11-17T05:00:51.596+0000][gc,phases     ] GC(159)   Pre Evacuate Collection Set: 0.2ms
[2023-11-17T05:00:51.596+0000][gc,phases     ] GC(159)   Evacuate Collection Set: 10.7ms
[2023-11-17T05:00:51.596+0000][gc,phases     ] GC(159)   Post Evacuate Collection Set: 0.4ms
[2023-11-17T05:00:51.596+0000][gc,phases     ] GC(159)   Other: 0.3ms
[2023-11-17T05:00:51.596+0000][gc,heap       ] GC(159) Eden regions: 34->0(33)
[2023-11-17T05:00:51.596+0000][gc,heap       ] GC(159) Survivor regions: 2->3(5)
[2023-11-17T05:00:51.596+0000][gc,heap       ] GC(159) Old regions: 50->50
[2023-11-17T05:00:51.596+0000][gc,heap       ] GC(159) Humongous regions: 147->147
[2023-11-17T05:00:51.596+0000][gc,metaspace  ] GC(159) Metaspace: 45013K(47616K)->45013K(47616K) NonClass: 39611K(40960K)->39611K(40960K) Class: 5401K(6656K)->5401K(6656K)
[2023-11-17T05:00:51.596+0000][gc            ] GC(159) Pause Young (Concurrent Start) (G1 Evacuation Pause) 231M->198M(512M) 11.686ms
[2023-11-17T05:00:51.596+0000][gc,cpu        ] GC(159) User=0.02s Sys=0.00s Real=0.02s
[2023-11-17T05:00:51.596+0000][gc            ] GC(160) Concurrent Cycle
[2023-11-17T05:00:51.596+0000][gc,marking    ] GC(160) Concurrent Clear Claimed Marks
[2023-11-17T05:00:51.597+0000][gc,marking    ] GC(160) Concurrent Clear Claimed Marks 0.197ms
[2023-11-17T05:00:51.597+0000][gc,marking    ] GC(160) Concurrent Scan Root Regions
[2023-11-17T05:00:51.602+0000][gc,marking    ] GC(160) Concurrent Scan Root Regions 5.268ms
[2023-11-17T05:00:51.602+0000][gc,marking    ] GC(160) Concurrent Mark (9846.785s)
[2023-11-17T05:00:51.602+0000][gc,marking    ] GC(160) Concurrent Mark From Roots
[2023-11-17T05:00:51.602+0000][gc,task       ] GC(160) Using 1 workers of 1 for marking
[2023-11-17T05:00:51.644+0000][gc,marking    ] GC(160) Concurrent Mark From Roots 41.713ms
[2023-11-17T05:00:51.644+0000][gc,marking    ] GC(160) Concurrent Preclean
[2023-11-17T05:00:51.644+0000][gc,marking    ] GC(160) Concurrent Preclean 0.193ms
[2023-11-17T05:00:51.644+0000][gc,marking    ] GC(160) Concurrent Mark (9846.785s, 9846.827s) 41.980ms
[2023-11-17T05:00:51.644+0000][gc,start      ] GC(160) Pause Remark
[2023-11-17T05:00:51.661+0000][gc,stringtable] GC(160) Cleaned string and symbol table, strings: 12840 processed, 0 removed, symbols: 93384 processed, 0 removed
[2023-11-17T05:00:51.661+0000][gc            ] GC(160) Pause Remark 198M->198M(512M) 17.147ms
[2023-11-17T05:00:51.661+0000][gc,cpu        ] GC(160) User=0.03s Sys=0.00s Real=0.02s
[2023-11-17T05:00:51.662+0000][gc,marking    ] GC(160) Concurrent Rebuild Remembered Sets
[2023-11-17T05:00:51.690+0000][gc,marking    ] GC(160) Concurrent Rebuild Remembered Sets 28.257ms
[2023-11-17T05:00:51.690+0000][gc,start      ] GC(160) Pause Cleanup
[2023-11-17T05:00:51.690+0000][gc            ] GC(160) Pause Cleanup 198M->198M(512M) 0.403ms
[2023-11-17T05:00:51.691+0000][gc,cpu        ] GC(160) User=0.00s Sys=0.00s Real=0.00s
[2023-11-17T05:00:51.691+0000][gc,marking    ] GC(160) Concurrent Cleanup for Next Mark
[2023-11-17T05:00:51.692+0000][gc,marking    ] GC(160) Concurrent Cleanup for Next Mark 1.607ms
[2023-11-17T05:00:51.692+0000][gc            ] GC(160) Concurrent Cycle 95.733ms
[2023-11-17T05:02:59.312+0000][gc,start      ] GC(161) Pause Young (Prepare Mixed) (G1 Evacuation Pause)
[2023-11-17T05:02:59.312+0000][gc,task       ] GC(161) Using 2 workers of 2 for evacuation
[2023-11-17T05:02:59.329+0000][gc,phases     ] GC(161)   Pre Evacuate Collection Set: 0.0ms
[2023-11-17T05:02:59.329+0000][gc,phases     ] GC(161)   Evacuate Collection Set: 16.1ms
[2023-11-17T05:02:59.329+0000][gc,phases     ] GC(161)   Post Evacuate Collection Set: 0.5ms
[2023-11-17T05:02:59.329+0000][gc,phases     ] GC(161)   Other: 0.2ms
[2023-11-17T05:02:59.329+0000][gc,heap       ] GC(161) Eden regions: 33->0(20)
[2023-11-17T05:02:59.329+0000][gc,heap       ] GC(161) Survivor regions: 3->5(5)
[2023-11-17T05:02:59.329+0000][gc,heap       ] GC(161) Old regions: 50->51
[2023-11-17T05:02:59.329+0000][gc,heap       ] GC(161) Humongous regions: 147->147
[2023-11-17T05:02:59.329+0000][gc,metaspace  ] GC(161) Metaspace: 45013K(47616K)->45013K(47616K) NonClass: 39611K(40960K)->39611K(40960K) Class: 5401K(6656K)->5401K(6656K)
[2023-11-17T05:02:59.329+0000][gc            ] GC(161) Pause Young (Prepare Mixed) (G1 Evacuation Pause) 231M->201M(512M) 17.005ms
[2023-11-17T05:02:59.329+0000][gc,cpu        ] GC(161) User=0.03s Sys=0.00s Real=0.02s
[2023-11-17T05:04:15.747+0000][gc,start      ] GC(162) Pause Young (Mixed) (G1 Evacuation Pause)
[2023-11-17T05:04:15.747+0000][gc,task       ] GC(162) Using 2 workers of 2 for evacuation
[2023-11-17T05:04:15.760+0000][gc,phases     ] GC(162)   Pre Evacuate Collection Set: 0.0ms
[2023-11-17T05:04:15.760+0000][gc,phases     ] GC(162)   Evacuate Collection Set: 12.2ms
[2023-11-17T05:04:15.760+0000][gc,phases     ] GC(162)   Post Evacuate Collection Set: 0.5ms
[2023-11-17T05:04:15.760+0000][gc,phases     ] GC(162)   Other: 0.3ms
[2023-11-17T05:04:15.760+0000][gc,heap       ] GC(162) Eden regions: 20->0(35)
[2023-11-17T05:04:15.760+0000][gc,heap       ] GC(162) Survivor regions: 5->3(4)
[2023-11-17T05:04:15.760+0000][gc,heap       ] GC(162) Old regions: 51->51
[2023-11-17T05:04:15.760+0000][gc,heap       ] GC(162) Humongous regions: 147->147
[2023-11-17T05:04:15.760+0000][gc,metaspace  ] GC(162) Metaspace: 45013K(47616K)->45013K(47616K) NonClass: 39611K(40960K)->39611K(40960K) Class: 5401K(6656K)->5401K(6656K)
[2023-11-17T05:04:15.760+0000][gc            ] GC(162) Pause Young (Mixed) (G1 Evacuation Pause) 221M->198M(512M) 13.121ms
[2023-11-17T05:04:15.760+0000][gc,cpu        ] GC(162) User=0.03s Sys=0.00s Real=0.01s
[2023-11-17T05:06:30.059+0000][gc,start      ] GC(163) Pause Young (Concurrent Start) (G1 Evacuation Pause)
[2023-11-17T05:06:30.059+0000][gc,task       ] GC(163) Using 2 workers of 2 for evacuation
[2023-11-17T05:06:30.070+0000][gc,phases     ] GC(163)   Pre Evacuate Collection Set: 0.2ms
[2023-11-17T05:06:30.071+0000][gc,phases     ] GC(163)   Evacuate Collection Set: 11.0ms
[2023-11-17T05:06:30.071+0000][gc,phases     ] GC(163)   Post Evacuate Collection Set: 0.4ms
[2023-11-17T05:06:30.071+0000][gc,phases     ] GC(163)   Other: 0.3ms
[2023-11-17T05:06:30.071+0000][gc,heap       ] GC(163) Eden regions: 35->0(34)
[2023-11-17T05:06:30.071+0000][gc,heap       ] GC(163) Survivor regions: 3->3(5)
[2023-11-17T05:06:30.071+0000][gc,heap       ] GC(163) Old regions: 51->51
[2023-11-17T05:06:30.071+0000][gc,heap       ] GC(163) Humongous regions: 147->147
[2023-11-17T05:06:30.071+0000][gc,metaspace  ] GC(163) Metaspace: 45027K(47616K)->45027K(47616K) NonClass: 39625K(40960K)->39625K(40960K) Class: 5401K(6656K)->5401K(6656K)
[2023-11-17T05:06:30.071+0000][gc            ] GC(163) Pause Young (Concurrent Start) (G1 Evacuation Pause) 233M->198M(512M) 12.003ms
[2023-11-17T05:06:30.071+0000][gc,cpu        ] GC(163) User=0.02s Sys=0.00s Real=0.01s
[2023-11-17T05:06:30.071+0000][gc            ] GC(164) Concurrent Cycle
[2023-11-17T05:06:30.071+0000][gc,marking    ] GC(164) Concurrent Clear Claimed Marks
[2023-11-17T05:06:30.071+0000][gc,marking    ] GC(164) Concurrent Clear Claimed Marks 0.449ms
[2023-11-17T05:06:30.071+0000][gc,marking    ] GC(164) Concurrent Scan Root Regions
[2023-11-17T05:06:30.075+0000][gc,marking    ] GC(164) Concurrent Scan Root Regions 3.859ms
[2023-11-17T05:06:30.075+0000][gc,marking    ] GC(164) Concurrent Mark (10185.258s)
[2023-11-17T05:06:30.075+0000][gc,marking    ] GC(164) Concurrent Mark From Roots
[2023-11-17T05:06:30.075+0000][gc,task       ] GC(164) Using 1 workers of 1 for marking
[2023-11-17T05:06:30.130+0000][gc,marking    ] GC(164) Concurrent Mark From Roots 55.388ms
[2023-11-17T05:06:30.131+0000][gc,marking    ] GC(164) Concurrent Preclean
[2023-11-17T05:06:30.131+0000][gc,marking    ] GC(164) Concurrent Preclean 0.298ms
[2023-11-17T05:06:30.131+0000][gc,marking    ] GC(164) Concurrent Mark (10185.258s, 10185.314s) 55.800ms
[2023-11-17T05:06:30.131+0000][gc,start      ] GC(164) Pause Remark
[2023-11-17T05:06:30.147+0000][gc,stringtable] GC(164) Cleaned string and symbol table, strings: 12848 processed, 0 removed, symbols: 93384 processed, 0 removed
[2023-11-17T05:06:30.148+0000][gc            ] GC(164) Pause Remark 199M->199M(512M) 16.542ms
[2023-11-17T05:06:30.148+0000][gc,cpu        ] GC(164) User=0.03s Sys=0.00s Real=0.02s
[2023-11-17T05:06:30.148+0000][gc,marking    ] GC(164) Concurrent Rebuild Remembered Sets
[2023-11-17T05:06:30.174+0000][gc,marking    ] GC(164) Concurrent Rebuild Remembered Sets 25.844ms
[2023-11-17T05:06:30.174+0000][gc,start      ] GC(164) Pause Cleanup
[2023-11-17T05:06:30.174+0000][gc            ] GC(164) Pause Cleanup 199M->199M(512M) 0.184ms
[2023-11-17T05:06:30.174+0000][gc,cpu        ] GC(164) User=0.00s Sys=0.00s Real=0.00s
[2023-11-17T05:06:30.174+0000][gc,marking    ] GC(164) Concurrent Cleanup for Next Mark
[2023-11-17T05:06:30.176+0000][gc,marking    ] GC(164) Concurrent Cleanup for Next Mark 1.509ms
[2023-11-17T05:06:30.176+0000][gc            ] GC(164) Concurrent Cycle 104.980ms
[2023-11-17T05:08:37.695+0000][gc,start      ] GC(165) Pause Young (Prepare Mixed) (G1 Evacuation Pause)
[2023-11-17T05:08:37.695+0000][gc,task       ] GC(165) Using 2 workers of 2 for evacuation
[2023-11-17T05:08:37.711+0000][gc,phases     ] GC(165)   Pre Evacuate Collection Set: 0.0ms
[2023-11-17T05:08:37.711+0000][gc,phases     ] GC(165)   Evacuate Collection Set: 15.5ms
[2023-11-17T05:08:37.711+0000][gc,phases     ] GC(165)   Post Evacuate Collection Set: 0.4ms
[2023-11-17T05:08:37.711+0000][gc,phases     ] GC(165)   Other: 0.2ms
[2023-11-17T05:08:37.711+0000][gc,heap       ] GC(165) Eden regions: 33->0(20)
[2023-11-17T05:08:37.711+0000][gc,heap       ] GC(165) Survivor regions: 3->5(5)
[2023-11-17T05:08:37.711+0000][gc,heap       ] GC(165) Old regions: 51->52
[2023-11-17T05:08:37.711+0000][gc,heap       ] GC(165) Humongous regions: 147->147
[2023-11-17T05:08:37.711+0000][gc,metaspace  ] GC(165) Metaspace: 45027K(47616K)->45027K(47616K) NonClass: 39625K(40960K)->39625K(40960K) Class: 5401K(6656K)->5401K(6656K)
[2023-11-17T05:08:37.711+0000][gc            ] GC(165) Pause Young (Prepare Mixed) (G1 Evacuation Pause) 231M->202M(512M) 16.188ms
[2023-11-17T05:08:37.711+0000][gc,cpu        ] GC(165) User=0.03s Sys=0.00s Real=0.01s
[2023-11-17T05:09:53.831+0000][gc,start      ] GC(166) Pause Young (Mixed) (G1 Evacuation Pause)
[2023-11-17T05:09:53.831+0000][gc,task       ] GC(166) Using 2 workers of 2 for evacuation
[2023-11-17T05:09:53.850+0000][gc,phases     ] GC(166)   Pre Evacuate Collection Set: 0.0ms
[2023-11-17T05:09:53.850+0000][gc,phases     ] GC(166)   Evacuate Collection Set: 17.8ms
[2023-11-17T05:09:53.850+0000][gc,phases     ] GC(166)   Post Evacuate Collection Set: 0.4ms
[2023-11-17T05:09:53.850+0000][gc,phases     ] GC(166)   Other: 0.3ms
[2023-11-17T05:09:53.850+0000][gc,heap       ] GC(166) Eden regions: 20->0(33)
[2023-11-17T05:09:53.850+0000][gc,heap       ] GC(166) Survivor regions: 5->2(4)
[2023-11-17T05:09:53.850+0000][gc,heap       ] GC(166) Old regions: 52->50
[2023-11-17T05:09:53.850+0000][gc,heap       ] GC(166) Humongous regions: 147->147
[2023-11-17T05:09:53.850+0000][gc,metaspace  ] GC(166) Metaspace: 45027K(47616K)->45027K(47616K) NonClass: 39625K(40960K)->39625K(40960K) Class: 5401K(6656K)->5401K(6656K)
[2023-11-17T05:09:53.850+0000][gc            ] GC(166) Pause Young (Mixed) (G1 Evacuation Pause) 222M->197M(512M) 18.581ms
[2023-11-17T05:09:53.850+0000][gc,cpu        ] GC(166) User=0.04s Sys=0.01s Real=0.02s
[2023-11-17T05:12:01.126+0000][gc,start      ] GC(167) Pause Young (Concurrent Start) (G1 Evacuation Pause)
[2023-11-17T05:12:01.126+0000][gc,task       ] GC(167) Using 2 workers of 2 for evacuation
[2023-11-17T05:12:01.147+0000][gc,mmu        ] GC(167) MMU target violated: 21.0ms (20.0ms/21.0ms)
[2023-11-17T05:12:01.147+0000][gc,phases     ] GC(167)   Pre Evacuate Collection Set: 0.3ms
[2023-11-17T05:12:01.147+0000][gc,phases     ] GC(167)   Evacuate Collection Set: 16.5ms
[2023-11-17T05:12:01.147+0000][gc,phases     ] GC(167)   Post Evacuate Collection Set: 4.3ms
[2023-11-17T05:12:01.147+0000][gc,phases     ] GC(167)   Other: 0.3ms
[2023-11-17T05:12:01.147+0000][gc,heap       ] GC(167) Eden regions: 33->0(22)
[2023-11-17T05:12:01.147+0000][gc,heap       ] GC(167) Survivor regions: 2->3(5)
[2023-11-17T05:12:01.147+0000][gc,heap       ] GC(167) Old regions: 50->50
[2023-11-17T05:12:01.147+0000][gc,heap       ] GC(167) Humongous regions: 147->147
[2023-11-17T05:12:01.147+0000][gc,metaspace  ] GC(167) Metaspace: 45027K(47616K)->45027K(47616K) NonClass: 39625K(40960K)->39625K(40960K) Class: 5401K(6656K)->5401K(6656K)
[2023-11-17T05:12:01.147+0000][gc            ] GC(167) Pause Young (Concurrent Start) (G1 Evacuation Pause) 230M->198M(512M) 21.509ms
[2023-11-17T05:12:01.147+0000][gc,cpu        ] GC(167) User=0.04s Sys=0.00s Real=0.02s
[2023-11-17T05:12:01.147+0000][gc            ] GC(168) Concurrent Cycle
[2023-11-17T05:12:01.147+0000][gc,marking    ] GC(168) Concurrent Clear Claimed Marks
[2023-11-17T05:12:01.148+0000][gc,marking    ] GC(168) Concurrent Clear Claimed Marks 0.971ms
[2023-11-17T05:12:01.148+0000][gc,marking    ] GC(168) Concurrent Scan Root Regions
[2023-11-17T05:12:01.152+0000][gc,marking    ] GC(168) Concurrent Scan Root Regions 3.635ms
[2023-11-17T05:12:01.152+0000][gc,marking    ] GC(168) Concurrent Mark (10516.335s)
[2023-11-17T05:12:01.152+0000][gc,marking    ] GC(168) Concurrent Mark From Roots
[2023-11-17T05:12:01.152+0000][gc,task       ] GC(168) Using 1 workers of 1 for marking
[2023-11-17T05:12:01.188+0000][gc,marking    ] GC(168) Concurrent Mark From Roots 36.045ms
[2023-11-17T05:12:01.188+0000][gc,marking    ] GC(168) Concurrent Preclean
[2023-11-17T05:12:01.188+0000][gc,marking    ] GC(168) Concurrent Preclean 0.204ms
[2023-11-17T05:12:01.188+0000][gc,marking    ] GC(168) Concurrent Mark (10516.335s, 10516.371s) 36.307ms
[2023-11-17T05:12:01.189+0000][gc,start      ] GC(168) Pause Remark
[2023-11-17T05:12:01.206+0000][gc,stringtable] GC(168) Cleaned string and symbol table, strings: 12856 processed, 0 removed, symbols: 93384 processed, 0 removed
[2023-11-17T05:12:01.207+0000][gc            ] GC(168) Pause Remark 198M->198M(512M) 18.029ms
[2023-11-17T05:12:01.207+0000][gc,cpu        ] GC(168) User=0.03s Sys=0.00s Real=0.02s
[2023-11-17T05:12:01.207+0000][gc,marking    ] GC(168) Concurrent Rebuild Remembered Sets
[2023-11-17T05:12:01.231+0000][gc,marking    ] GC(168) Concurrent Rebuild Remembered Sets 24.206ms
[2023-11-17T05:12:01.231+0000][gc,start      ] GC(168) Pause Cleanup
[2023-11-17T05:12:01.231+0000][gc            ] GC(168) Pause Cleanup 198M->198M(512M) 0.199ms
[2023-11-17T05:12:01.231+0000][gc,cpu        ] GC(168) User=0.00s Sys=0.00s Real=0.00s
[2023-11-17T05:12:01.231+0000][gc,marking    ] GC(168) Concurrent Cleanup for Next Mark
[2023-11-17T05:12:01.233+0000][gc,marking    ] GC(168) Concurrent Cleanup for Next Mark 1.359ms
[2023-11-17T05:12:01.233+0000][gc            ] GC(168) Concurrent Cycle 85.465ms
[2023-11-17T05:13:25.387+0000][gc,start      ] GC(169) Pause Young (Prepare Mixed) (G1 Evacuation Pause)
[2023-11-17T05:13:25.387+0000][gc,task       ] GC(169) Using 2 workers of 2 for evacuation
[2023-11-17T05:13:25.403+0000][gc,phases     ] GC(169)   Pre Evacuate Collection Set: 0.0ms
[2023-11-17T05:13:25.403+0000][gc,phases     ] GC(169)   Evacuate Collection Set: 15.1ms
[2023-11-17T05:13:25.403+0000][gc,phases     ] GC(169)   Post Evacuate Collection Set: 0.4ms
[2023-11-17T05:13:25.403+0000][gc,phases     ] GC(169)   Other: 0.3ms
[2023-11-17T05:13:25.403+0000][gc,heap       ] GC(169) Eden regions: 22->0(21)
[2023-11-17T05:13:25.403+0000][gc,heap       ] GC(169) Survivor regions: 3->4(4)
[2023-11-17T05:13:25.403+0000][gc,heap       ] GC(169) Old regions: 50->51
[2023-11-17T05:13:25.403+0000][gc,heap       ] GC(169) Humongous regions: 147->147
[2023-11-17T05:13:25.403+0000][gc,metaspace  ] GC(169) Metaspace: 45027K(47616K)->45027K(47616K) NonClass: 39625K(40960K)->39625K(40960K) Class: 5401K(6656K)->5401K(6656K)
[2023-11-17T05:13:25.403+0000][gc            ] GC(169) Pause Young (Prepare Mixed) (G1 Evacuation Pause) 220M->200M(512M) 15.836ms
[2023-11-17T05:13:25.403+0000][gc,cpu        ] GC(169) User=0.03s Sys=0.00s Real=0.01s
[2023-11-17T05:14:45.827+0000][gc,start      ] GC(170) Pause Young (Mixed) (G1 Evacuation Pause)
[2023-11-17T05:14:45.827+0000][gc,task       ] GC(170) Using 2 workers of 2 for evacuation
[2023-11-17T05:14:45.838+0000][gc,phases     ] GC(170)   Pre Evacuate Collection Set: 0.0ms
[2023-11-17T05:14:45.838+0000][gc,phases     ] GC(170)   Evacuate Collection Set: 10.6ms
[2023-11-17T05:14:45.838+0000][gc,phases     ] GC(170)   Post Evacuate Collection Set: 0.3ms
[2023-11-17T05:14:45.838+0000][gc,phases     ] GC(170)   Other: 0.2ms
[2023-11-17T05:14:45.838+0000][gc,heap       ] GC(170) Eden regions: 21->0(25)
[2023-11-17T05:14:45.838+0000][gc,heap       ] GC(170) Survivor regions: 4->2(4)
[2023-11-17T05:14:45.838+0000][gc,heap       ] GC(170) Old regions: 51->51
[2023-11-17T05:14:45.838+0000][gc,heap       ] GC(170) Humongous regions: 147->147
[2023-11-17T05:14:45.838+0000][gc,metaspace  ] GC(170) Metaspace: 45027K(47616K)->45027K(47616K) NonClass: 39625K(40960K)->39625K(40960K) Class: 5401K(6656K)->5401K(6656K)
[2023-11-17T05:14:45.838+0000][gc            ] GC(170) Pause Young (Mixed) (G1 Evacuation Pause) 221M->197M(512M) 11.217ms
[2023-11-17T05:14:45.838+0000][gc,cpu        ] GC(170) User=0.02s Sys=0.00s Real=0.01s
[2023-11-17T05:16:21.455+0000][gc,start      ] GC(171) Pause Young (Concurrent Start) (G1 Evacuation Pause)
[2023-11-17T05:16:21.455+0000][gc,task       ] GC(171) Using 2 workers of 2 for evacuation
[2023-11-17T05:16:21.468+0000][gc,phases     ] GC(171)   Pre Evacuate Collection Set: 0.2ms
[2023-11-17T05:16:21.468+0000][gc,phases     ] GC(171)   Evacuate Collection Set: 12.5ms
[2023-11-17T05:16:21.468+0000][gc,phases     ] GC(171)   Post Evacuate Collection Set: 0.4ms
[2023-11-17T05:16:21.468+0000][gc,phases     ] GC(171)   Other: 0.4ms
[2023-11-17T05:16:21.468+0000][gc,heap       ] GC(171) Eden regions: 25->0(24)
[2023-11-17T05:16:21.468+0000][gc,heap       ] GC(171) Survivor regions: 2->4(4)
[2023-11-17T05:16:21.468+0000][gc,heap       ] GC(171) Old regions: 51->51
[2023-11-17T05:16:21.468+0000][gc,heap       ] GC(171) Humongous regions: 147->147
[2023-11-17T05:16:21.468+0000][gc,metaspace  ] GC(171) Metaspace: 45027K(47616K)->45027K(47616K) NonClass: 39625K(40960K)->39625K(40960K) Class: 5401K(6656K)->5401K(6656K)
[2023-11-17T05:16:21.468+0000][gc            ] GC(171) Pause Young (Concurrent Start) (G1 Evacuation Pause) 222M->200M(512M) 13.560ms
[2023-11-17T05:16:21.468+0000][gc,cpu        ] GC(171) User=0.03s Sys=0.00s Real=0.01s
[2023-11-17T05:16:21.469+0000][gc            ] GC(172) Concurrent Cycle
[2023-11-17T05:16:21.469+0000][gc,marking    ] GC(172) Concurrent Clear Claimed Marks
[2023-11-17T05:16:21.469+0000][gc,marking    ] GC(172) Concurrent Clear Claimed Marks 0.220ms
[2023-11-17T05:16:21.469+0000][gc,marking    ] GC(172) Concurrent Scan Root Regions
[2023-11-17T05:16:21.473+0000][gc,marking    ] GC(172) Concurrent Scan Root Regions 4.152ms
[2023-11-17T05:16:21.473+0000][gc,marking    ] GC(172) Concurrent Mark (10776.656s)
[2023-11-17T05:16:21.473+0000][gc,marking    ] GC(172) Concurrent Mark From Roots
[2023-11-17T05:16:21.473+0000][gc,task       ] GC(172) Using 1 workers of 1 for marking
[2023-11-17T05:16:21.510+0000][gc,marking    ] GC(172) Concurrent Mark From Roots 37.178ms
[2023-11-17T05:16:21.510+0000][gc,marking    ] GC(172) Concurrent Preclean
[2023-11-17T05:16:21.510+0000][gc,marking    ] GC(172) Concurrent Preclean 0.178ms
[2023-11-17T05:16:21.510+0000][gc,marking    ] GC(172) Concurrent Mark (10776.656s, 10776.693s) 37.411ms
[2023-11-17T05:16:21.511+0000][gc,start      ] GC(172) Pause Remark
[2023-11-17T05:16:21.525+0000][gc,stringtable] GC(172) Cleaned string and symbol table, strings: 12882 processed, 0 removed, symbols: 93384 processed, 0 removed
[2023-11-17T05:16:21.526+0000][gc            ] GC(172) Pause Remark 200M->200M(512M) 14.773ms
[2023-11-17T05:16:21.526+0000][gc,cpu        ] GC(172) User=0.03s Sys=0.00s Real=0.02s
[2023-11-17T05:16:21.526+0000][gc,marking    ] GC(172) Concurrent Rebuild Remembered Sets
[2023-11-17T05:16:21.549+0000][gc,marking    ] GC(172) Concurrent Rebuild Remembered Sets 23.243ms
[2023-11-17T05:16:21.549+0000][gc,start      ] GC(172) Pause Cleanup
[2023-11-17T05:16:21.549+0000][gc            ] GC(172) Pause Cleanup 200M->200M(512M) 0.140ms
[2023-11-17T05:16:21.549+0000][gc,cpu        ] GC(172) User=0.00s Sys=0.00s Real=0.00s
[2023-11-17T05:16:21.549+0000][gc,marking    ] GC(172) Concurrent Cleanup for Next Mark
[2023-11-17T05:16:21.551+0000][gc,marking    ] GC(172) Concurrent Cleanup for Next Mark 1.923ms
[2023-11-17T05:16:21.551+0000][gc            ] GC(172) Concurrent Cycle 82.757ms
[2023-11-17T05:17:27.730+0000][gc,start      ] GC(173) Pause Young (Prepare Mixed) (G1 Evacuation Pause)
[2023-11-17T05:17:27.730+0000][gc,task       ] GC(173) Using 2 workers of 2 for evacuation
[2023-11-17T05:17:27.749+0000][gc,phases     ] GC(173)   Pre Evacuate Collection Set: 0.0ms
[2023-11-17T05:17:27.749+0000][gc,phases     ] GC(173)   Evacuate Collection Set: 17.9ms
[2023-11-17T05:17:27.749+0000][gc,phases     ] GC(173)   Post Evacuate Collection Set: 0.4ms
[2023-11-17T05:17:27.749+0000][gc,phases     ] GC(173)   Other: 0.3ms
[2023-11-17T05:17:27.749+0000][gc,heap       ] GC(173) Eden regions: 23->0(21)
[2023-11-17T05:17:27.749+0000][gc,heap       ] GC(173) Survivor regions: 4->4(4)
[2023-11-17T05:17:27.749+0000][gc,heap       ] GC(173) Old regions: 51->53
[2023-11-17T05:17:27.749+0000][gc,heap       ] GC(173) Humongous regions: 147->147
[2023-11-17T05:17:27.749+0000][gc,metaspace  ] GC(173) Metaspace: 45046K(47872K)->45046K(47872K) NonClass: 39645K(41216K)->39645K(41216K) Class: 5401K(6656K)->5401K(6656K)
[2023-11-17T05:17:27.749+0000][gc            ] GC(173) Pause Young (Prepare Mixed) (G1 Evacuation Pause) 223M->202M(512M) 18.615ms
[2023-11-17T05:17:27.749+0000][gc,cpu        ] GC(173) User=0.04s Sys=0.00s Real=0.02s
[2023-11-17T05:18:48.747+0000][gc,start      ] GC(174) Pause Young (Mixed) (G1 Evacuation Pause)
[2023-11-17T05:18:48.747+0000][gc,task       ] GC(174) Using 2 workers of 2 for evacuation
[2023-11-17T05:18:48.764+0000][gc,phases     ] GC(174)   Pre Evacuate Collection Set: 0.0ms
[2023-11-17T05:18:48.764+0000][gc,phases     ] GC(174)   Evacuate Collection Set: 15.9ms
[2023-11-17T05:18:48.764+0000][gc,phases     ] GC(174)   Post Evacuate Collection Set: 0.4ms
[2023-11-17T05:18:48.764+0000][gc,phases     ] GC(174)   Other: 0.3ms
[2023-11-17T05:18:48.764+0000][gc,heap       ] GC(174) Eden regions: 21->0(24)
[2023-11-17T05:18:48.764+0000][gc,heap       ] GC(174) Survivor regions: 4->3(4)
[2023-11-17T05:18:48.764+0000][gc,heap       ] GC(174) Old regions: 53->53
[2023-11-17T05:18:48.764+0000][gc,heap       ] GC(174) Humongous regions: 147->147
[2023-11-17T05:18:48.764+0000][gc,metaspace  ] GC(174) Metaspace: 45046K(47872K)->45046K(47872K) NonClass: 39645K(41216K)->39645K(41216K) Class: 5401K(6656K)->5401K(6656K)
[2023-11-17T05:18:48.764+0000][gc            ] GC(174) Pause Young (Mixed) (G1 Evacuation Pause) 223M->200M(512M) 16.724ms
[2023-11-17T05:18:48.764+0000][gc,cpu        ] GC(174) User=0.03s Sys=0.00s Real=0.01s
[2023-11-17T05:20:20.814+0000][gc,start      ] GC(175) Pause Young (Concurrent Start) (G1 Evacuation Pause)
[2023-11-17T05:20:20.814+0000][gc,task       ] GC(175) Using 2 workers of 2 for evacuation
[2023-11-17T05:20:20.825+0000][gc,phases     ] GC(175)   Pre Evacuate Collection Set: 0.2ms
[2023-11-17T05:20:20.825+0000][gc,phases     ] GC(175)   Evacuate Collection Set: 10.3ms
[2023-11-17T05:20:20.825+0000][gc,phases     ] GC(175)   Post Evacuate Collection Set: 0.3ms
[2023-11-17T05:20:20.825+0000][gc,phases     ] GC(175)   Other: 0.2ms
[2023-11-17T05:20:20.825+0000][gc,heap       ] GC(175) Eden regions: 24->0(26)
[2023-11-17T05:20:20.825+0000][gc,heap       ] GC(175) Survivor regions: 3->2(4)
[2023-11-17T05:20:20.825+0000][gc,heap       ] GC(175) Old regions: 53->54
[2023-11-17T05:20:20.825+0000][gc,heap       ] GC(175) Humongous regions: 147->147
[2023-11-17T05:20:20.825+0000][gc,metaspace  ] GC(175) Metaspace: 45046K(47872K)->45046K(47872K) NonClass: 39645K(41216K)->39645K(41216K) Class: 5401K(6656K)->5401K(6656K)
[2023-11-17T05:20:20.825+0000][gc            ] GC(175) Pause Young (Concurrent Start) (G1 Evacuation Pause) 224M->201M(512M) 11.176ms
[2023-11-17T05:20:20.825+0000][gc,cpu        ] GC(175) User=0.02s Sys=0.00s Real=0.01s
[2023-11-17T05:20:20.825+0000][gc            ] GC(176) Concurrent Cycle
[2023-11-17T05:20:20.825+0000][gc,marking    ] GC(176) Concurrent Clear Claimed Marks
[2023-11-17T05:20:20.826+0000][gc,marking    ] GC(176) Concurrent Clear Claimed Marks 0.208ms
[2023-11-17T05:20:20.826+0000][gc,marking    ] GC(176) Concurrent Scan Root Regions
[2023-11-17T05:20:20.828+0000][gc,marking    ] GC(176) Concurrent Scan Root Regions 2.002ms
[2023-11-17T05:20:20.828+0000][gc,marking    ] GC(176) Concurrent Mark (11016.011s)
[2023-11-17T05:20:20.828+0000][gc,marking    ] GC(176) Concurrent Mark From Roots
[2023-11-17T05:20:20.828+0000][gc,task       ] GC(176) Using 1 workers of 1 for marking
[2023-11-17T05:20:20.862+0000][gc,marking    ] GC(176) Concurrent Mark From Roots 34.752ms
[2023-11-17T05:20:20.863+0000][gc,marking    ] GC(176) Concurrent Preclean
[2023-11-17T05:20:20.863+0000][gc,marking    ] GC(176) Concurrent Preclean 0.173ms
[2023-11-17T05:20:20.863+0000][gc,marking    ] GC(176) Concurrent Mark (11016.011s, 11016.046s) 34.986ms
[2023-11-17T05:20:20.863+0000][gc,start      ] GC(176) Pause Remark
[2023-11-17T05:20:20.879+0000][gc,stringtable] GC(176) Cleaned string and symbol table, strings: 12907 processed, 0 removed, symbols: 93384 processed, 0 removed
[2023-11-17T05:20:20.880+0000][gc            ] GC(176) Pause Remark 201M->197M(512M) 16.720ms
[2023-11-17T05:20:20.880+0000][gc,cpu        ] GC(176) User=0.03s Sys=0.00s Real=0.02s
[2023-11-17T05:20:20.880+0000][gc,marking    ] GC(176) Concurrent Rebuild Remembered Sets
[2023-11-17T05:20:20.906+0000][gc,marking    ] GC(176) Concurrent Rebuild Remembered Sets 26.390ms
[2023-11-17T05:20:20.907+0000][gc,start      ] GC(176) Pause Cleanup
[2023-11-17T05:20:20.907+0000][gc            ] GC(176) Pause Cleanup 197M->197M(512M) 0.158ms
[2023-11-17T05:20:20.907+0000][gc,cpu        ] GC(176) User=0.00s Sys=0.00s Real=0.00s
[2023-11-17T05:20:20.907+0000][gc,marking    ] GC(176) Concurrent Cleanup for Next Mark
[2023-11-17T05:20:20.918+0000][gc,marking    ] GC(176) Concurrent Cleanup for Next Mark 10.974ms
[2023-11-17T05:20:20.918+0000][gc            ] GC(176) Concurrent Cycle 92.601ms
[2023-11-17T05:22:01.094+0000][gc,start      ] GC(177) Pause Young (Prepare Mixed) (G1 Evacuation Pause)
[2023-11-17T05:22:01.094+0000][gc,task       ] GC(177) Using 2 workers of 2 for evacuation
[2023-11-17T05:22:01.117+0000][gc,mmu        ] GC(177) MMU target violated: 21.0ms (20.0ms/21.0ms)
[2023-11-17T05:22:01.117+0000][gc,phases     ] GC(177)   Pre Evacuate Collection Set: 0.0ms
[2023-11-17T05:22:01.117+0000][gc,phases     ] GC(177)   Evacuate Collection Set: 22.9ms
[2023-11-17T05:22:01.117+0000][gc,phases     ] GC(177)   Post Evacuate Collection Set: 0.4ms
[2023-11-17T05:22:01.117+0000][gc,phases     ] GC(177)   Other: 0.3ms
[2023-11-17T05:22:01.117+0000][gc,heap       ] GC(177) Eden regions: 26->0(21)
[2023-11-17T05:22:01.117+0000][gc,heap       ] GC(177) Survivor regions: 2->4(4)
[2023-11-17T05:22:01.117+0000][gc,heap       ] GC(177) Old regions: 50->50
[2023-11-17T05:22:01.117+0000][gc,heap       ] GC(177) Humongous regions: 147->147
[2023-11-17T05:22:01.117+0000][gc,metaspace  ] GC(177) Metaspace: 45048K(47872K)->45048K(47872K) NonClass: 39647K(41216K)->39647K(41216K) Class: 5401K(6656K)->5401K(6656K)
[2023-11-17T05:22:01.117+0000][gc            ] GC(177) Pause Young (Prepare Mixed) (G1 Evacuation Pause) 223M->199M(512M) 23.621ms
[2023-11-17T05:22:01.117+0000][gc,cpu        ] GC(177) User=0.04s Sys=0.00s Real=0.02s
[2023-11-17T05:23:20.974+0000][gc,start      ] GC(178) Pause Young (Mixed) (G1 Evacuation Pause)
[2023-11-17T05:23:20.974+0000][gc,task       ] GC(178) Using 2 workers of 2 for evacuation
[2023-11-17T05:23:20.991+0000][gc,phases     ] GC(178)   Pre Evacuate Collection Set: 0.0ms
[2023-11-17T05:23:20.991+0000][gc,phases     ] GC(178)   Evacuate Collection Set: 15.3ms
[2023-11-17T05:23:20.991+0000][gc,phases     ] GC(178)   Post Evacuate Collection Set: 1.3ms
[2023-11-17T05:23:20.991+0000][gc,phases     ] GC(178)   Other: 0.4ms
[2023-11-17T05:23:20.991+0000][gc,heap       ] GC(178) Eden regions: 21->0(24)
[2023-11-17T05:23:20.991+0000][gc,heap       ] GC(178) Survivor regions: 4->2(4)
[2023-11-17T05:23:20.991+0000][gc,heap       ] GC(178) Old regions: 50->49
[2023-11-17T05:23:20.991+0000][gc,heap       ] GC(178) Humongous regions: 147->147
[2023-11-17T05:23:20.991+0000][gc,metaspace  ] GC(178) Metaspace: 45063K(47872K)->45063K(47872K) NonClass: 39661K(41216K)->39661K(41216K) Class: 5401K(6656K)->5401K(6656K)
[2023-11-17T05:23:20.991+0000][gc            ] GC(178) Pause Young (Mixed) (G1 Evacuation Pause) 220M->196M(512M) 17.048ms
[2023-11-17T05:23:20.991+0000][gc,cpu        ] GC(178) User=0.02s Sys=0.01s Real=0.01s
[2023-11-17T05:24:52.898+0000][gc,start      ] GC(179) Pause Young (Normal) (G1 Evacuation Pause)
[2023-11-17T05:24:52.898+0000][gc,task       ] GC(179) Using 2 workers of 2 for evacuation
[2023-11-17T05:24:52.910+0000][gc,phases     ] GC(179)   Pre Evacuate Collection Set: 0.0ms
[2023-11-17T05:24:52.910+0000][gc,phases     ] GC(179)   Evacuate Collection Set: 11.7ms
[2023-11-17T05:24:52.910+0000][gc,phases     ] GC(179)   Post Evacuate Collection Set: 0.3ms
[2023-11-17T05:24:52.910+0000][gc,phases     ] GC(179)   Other: 0.2ms
[2023-11-17T05:24:52.910+0000][gc,heap       ] GC(179) Eden regions: 24->0(24)
[2023-11-17T05:24:52.910+0000][gc,heap       ] GC(179) Survivor regions: 2->4(4)
[2023-11-17T05:24:52.910+0000][gc,heap       ] GC(179) Old regions: 49->50
[2023-11-17T05:24:52.910+0000][gc,heap       ] GC(179) Humongous regions: 147->147
[2023-11-17T05:24:52.910+0000][gc,metaspace  ] GC(179) Metaspace: 45063K(47872K)->45063K(47872K) NonClass: 39661K(41216K)->39661K(41216K) Class: 5401K(6656K)->5401K(6656K)
[2023-11-17T05:24:52.910+0000][gc            ] GC(179) Pause Young (Normal) (G1 Evacuation Pause) 220M->198M(512M) 12.353ms
[2023-11-17T05:24:52.910+0000][gc,cpu        ] GC(179) User=0.02s Sys=0.00s Real=0.01s
[2023-11-17T05:26:24.066+0000][gc,start      ] GC(180) Pause Young (Normal) (G1 Evacuation Pause)
[2023-11-17T05:26:24.066+0000][gc,task       ] GC(180) Using 2 workers of 2 for evacuation
[2023-11-17T05:26:24.080+0000][gc,phases     ] GC(180)   Pre Evacuate Collection Set: 0.0ms
[2023-11-17T05:26:24.080+0000][gc,phases     ] GC(180)   Evacuate Collection Set: 14.2ms
[2023-11-17T05:26:24.080+0000][gc,phases     ] GC(180)   Post Evacuate Collection Set: 0.4ms
[2023-11-17T05:26:24.080+0000][gc,phases     ] GC(180)   Other: 0.3ms
[2023-11-17T05:26:24.080+0000][gc,heap       ] GC(180) Eden regions: 24->0(26)
[2023-11-17T05:26:24.080+0000][gc,heap       ] GC(180) Survivor regions: 4->3(4)
[2023-11-17T05:26:24.080+0000][gc,heap       ] GC(180) Old regions: 50->51
[2023-11-17T05:26:24.080+0000][gc,heap       ] GC(180) Humongous regions: 147->147
[2023-11-17T05:26:24.080+0000][gc,metaspace  ] GC(180) Metaspace: 45063K(47872K)->45063K(47872K) NonClass: 39661K(41216K)->39661K(41216K) Class: 5401K(6656K)->5401K(6656K)
[2023-11-17T05:26:24.080+0000][gc            ] GC(180) Pause Young (Normal) (G1 Evacuation Pause) 222M->198M(512M) 14.976ms
[2023-11-17T05:26:24.080+0000][gc,cpu        ] GC(180) User=0.03s Sys=0.00s Real=0.01s
[2023-11-17T05:28:04.740+0000][gc,start      ] GC(181) Pause Young (Concurrent Start) (G1 Evacuation Pause)
[2023-11-17T05:28:04.740+0000][gc,task       ] GC(181) Using 2 workers of 2 for evacuation
[2023-11-17T05:28:04.756+0000][gc,phases     ] GC(181)   Pre Evacuate Collection Set: 0.2ms
[2023-11-17T05:28:04.756+0000][gc,phases     ] GC(181)   Evacuate Collection Set: 15.1ms
[2023-11-17T05:28:04.756+0000][gc,phases     ] GC(181)   Post Evacuate Collection Set: 0.3ms
[2023-11-17T05:28:04.756+0000][gc,phases     ] GC(181)   Other: 0.3ms
[2023-11-17T05:28:04.756+0000][gc,heap       ] GC(181) Eden regions: 26->0(24)
[2023-11-17T05:28:04.756+0000][gc,heap       ] GC(181) Survivor regions: 3->4(4)
[2023-11-17T05:28:04.756+0000][gc,heap       ] GC(181) Old regions: 51->52
[2023-11-17T05:28:04.756+0000][gc,heap       ] GC(181) Humongous regions: 147->147
[2023-11-17T05:28:04.756+0000][gc,metaspace  ] GC(181) Metaspace: 45063K(47872K)->45063K(47872K) NonClass: 39661K(41216K)->39661K(41216K) Class: 5401K(6656K)->5401K(6656K)
[2023-11-17T05:28:04.756+0000][gc            ] GC(181) Pause Young (Concurrent Start) (G1 Evacuation Pause) 224M->201M(512M) 15.962ms
[2023-11-17T05:28:04.756+0000][gc,cpu        ] GC(181) User=0.03s Sys=0.00s Real=0.02s
[2023-11-17T05:28:04.756+0000][gc            ] GC(182) Concurrent Cycle
[2023-11-17T05:28:04.756+0000][gc,marking    ] GC(182) Concurrent Clear Claimed Marks
[2023-11-17T05:28:04.757+0000][gc,marking    ] GC(182) Concurrent Clear Claimed Marks 0.223ms
[2023-11-17T05:28:04.757+0000][gc,marking    ] GC(182) Concurrent Scan Root Regions
[2023-11-17T05:28:04.760+0000][gc,marking    ] GC(182) Concurrent Scan Root Regions 3.760ms
[2023-11-17T05:28:04.760+0000][gc,marking    ] GC(182) Concurrent Mark (11479.943s)
[2023-11-17T05:28:04.760+0000][gc,marking    ] GC(182) Concurrent Mark From Roots
[2023-11-17T05:28:04.760+0000][gc,task       ] GC(182) Using 1 workers of 1 for marking
[2023-11-17T05:28:04.800+0000][gc,marking    ] GC(182) Concurrent Mark From Roots 39.870ms
[2023-11-17T05:28:04.800+0000][gc,marking    ] GC(182) Concurrent Preclean
[2023-11-17T05:28:04.801+0000][gc,marking    ] GC(182) Concurrent Preclean 0.178ms
[2023-11-17T05:28:04.801+0000][gc,marking    ] GC(182) Concurrent Mark (11479.943s, 11479.983s) 40.164ms
[2023-11-17T05:28:04.801+0000][gc,start      ] GC(182) Pause Remark
[2023-11-17T05:28:04.817+0000][gc,stringtable] GC(182) Cleaned string and symbol table, strings: 12912 processed, 0 removed, symbols: 93384 processed, 0 removed
[2023-11-17T05:28:04.818+0000][gc            ] GC(182) Pause Remark 201M->200M(512M) 16.851ms
[2023-11-17T05:28:04.818+0000][gc,cpu        ] GC(182) User=0.02s Sys=0.01s Real=0.02s
[2023-11-17T05:28:04.818+0000][gc,marking    ] GC(182) Concurrent Rebuild Remembered Sets
[2023-11-17T05:28:04.842+0000][gc,marking    ] GC(182) Concurrent Rebuild Remembered Sets 24.779ms
[2023-11-17T05:28:04.843+0000][gc,start      ] GC(182) Pause Cleanup
[2023-11-17T05:28:04.843+0000][gc            ] GC(182) Pause Cleanup 200M->200M(512M) 0.178ms
[2023-11-17T05:28:04.843+0000][gc,cpu        ] GC(182) User=0.00s Sys=0.00s Real=0.00s
[2023-11-17T05:28:04.843+0000][gc,marking    ] GC(182) Concurrent Cleanup for Next Mark
[2023-11-17T05:28:04.844+0000][gc,marking    ] GC(182) Concurrent Cleanup for Next Mark 1.360ms
[2023-11-17T05:28:04.844+0000][gc            ] GC(182) Concurrent Cycle 88.001ms
[2023-11-17T05:29:36.376+0000][gc,start      ] GC(183) Pause Young (Prepare Mixed) (G1 Evacuation Pause)
[2023-11-17T05:29:36.376+0000][gc,task       ] GC(183) Using 2 workers of 2 for evacuation
[2023-11-17T05:29:36.390+0000][gc,phases     ] GC(183)   Pre Evacuate Collection Set: 0.0ms
[2023-11-17T05:29:36.390+0000][gc,phases     ] GC(183)   Evacuate Collection Set: 13.0ms
[2023-11-17T05:29:36.390+0000][gc,phases     ] GC(183)   Post Evacuate Collection Set: 0.9ms
[2023-11-17T05:29:36.390+0000][gc,phases     ] GC(183)   Other: 0.2ms
[2023-11-17T05:29:36.390+0000][gc,heap       ] GC(183) Eden regions: 24->0(22)
[2023-11-17T05:29:36.390+0000][gc,heap       ] GC(183) Survivor regions: 4->3(4)
[2023-11-17T05:29:36.390+0000][gc,heap       ] GC(183) Old regions: 51->53
[2023-11-17T05:29:36.390+0000][gc,heap       ] GC(183) Humongous regions: 147->147
[2023-11-17T05:29:36.390+0000][gc,metaspace  ] GC(183) Metaspace: 45067K(47872K)->45067K(47872K) NonClass: 39666K(41216K)->39666K(41216K) Class: 5401K(6656K)->5401K(6656K)
[2023-11-17T05:29:36.390+0000][gc            ] GC(183) Pause Young (Prepare Mixed) (G1 Evacuation Pause) 224M->200M(512M) 14.281ms
[2023-11-17T05:29:36.390+0000][gc,cpu        ] GC(183) User=0.02s Sys=0.00s Real=0.01s
[2023-11-17T05:31:00.853+0000][gc,start      ] GC(184) Pause Young (Mixed) (G1 Evacuation Pause)
[2023-11-17T05:31:00.854+0000][gc,task       ] GC(184) Using 2 workers of 2 for evacuation
[2023-11-17T05:31:00.871+0000][gc,phases     ] GC(184)   Pre Evacuate Collection Set: 0.0ms
[2023-11-17T05:31:00.871+0000][gc,phases     ] GC(184)   Evacuate Collection Set: 17.1ms
[2023-11-17T05:31:00.871+0000][gc,phases     ] GC(184)   Post Evacuate Collection Set: 0.3ms
[2023-11-17T05:31:00.871+0000][gc,phases     ] GC(184)   Other: 0.3ms
[2023-11-17T05:31:00.871+0000][gc,heap       ] GC(184) Eden regions: 22->0(25)
[2023-11-17T05:31:00.871+0000][gc,heap       ] GC(184) Survivor regions: 3->3(4)
[2023-11-17T05:31:00.871+0000][gc,heap       ] GC(184) Old regions: 53->52
[2023-11-17T05:31:00.871+0000][gc,heap       ] GC(184) Humongous regions: 147->147
[2023-11-17T05:31:00.871+0000][gc,metaspace  ] GC(184) Metaspace: 45067K(47872K)->45067K(47872K) NonClass: 39666K(41216K)->39666K(41216K) Class: 5401K(6656K)->5401K(6656K)
[2023-11-17T05:31:00.871+0000][gc            ] GC(184) Pause Young (Mixed) (G1 Evacuation Pause) 222M->200M(512M) 17.830ms
[2023-11-17T05:31:00.871+0000][gc,cpu        ] GC(184) User=0.03s Sys=0.00s Real=0.01s
[2023-11-17T05:32:36.206+0000][gc,start      ] GC(185) Pause Young (Normal) (G1 Evacuation Pause)
[2023-11-17T05:32:36.206+0000][gc,task       ] GC(185) Using 2 workers of 2 for evacuation
[2023-11-17T05:32:36.218+0000][gc,phases     ] GC(185)   Pre Evacuate Collection Set: 0.0ms
[2023-11-17T05:32:36.218+0000][gc,phases     ] GC(185)   Evacuate Collection Set: 10.6ms
[2023-11-17T05:32:36.218+0000][gc,phases     ] GC(185)   Post Evacuate Collection Set: 0.4ms
[2023-11-17T05:32:36.218+0000][gc,phases     ] GC(185)   Other: 0.3ms
[2023-11-17T05:32:36.218+0000][gc,heap       ] GC(185) Eden regions: 25->0(26)
[2023-11-17T05:32:36.218+0000][gc,heap       ] GC(185) Survivor regions: 3->3(4)
[2023-11-17T05:32:36.218+0000][gc,heap       ] GC(185) Old regions: 52->54
[2023-11-17T05:32:36.218+0000][gc,heap       ] GC(185) Humongous regions: 147->147
[2023-11-17T05:32:36.218+0000][gc,metaspace  ] GC(185) Metaspace: 45067K(47872K)->45067K(47872K) NonClass: 39666K(41216K)->39666K(41216K) Class: 5401K(6656K)->5401K(6656K)
[2023-11-17T05:32:36.218+0000][gc            ] GC(185) Pause Young (Normal) (G1 Evacuation Pause) 225M->201M(512M) 11.273ms
[2023-11-17T05:32:36.218+0000][gc,cpu        ] GC(185) User=0.02s Sys=0.00s Real=0.01s
[2023-11-17T05:34:15.403+0000][gc,start      ] GC(186) Pause Young (Normal) (G1 Evacuation Pause)
[2023-11-17T05:34:15.403+0000][gc,task       ] GC(186) Using 2 workers of 2 for evacuation
[2023-11-17T05:34:15.414+0000][gc,phases     ] GC(186)   Pre Evacuate Collection Set: 0.0ms
[2023-11-17T05:34:15.414+0000][gc,phases     ] GC(186)   Evacuate Collection Set: 10.7ms
[2023-11-17T05:34:15.414+0000][gc,phases     ] GC(186)   Post Evacuate Collection Set: 0.3ms
[2023-11-17T05:34:15.415+0000][gc,phases     ] GC(186)   Other: 0.2ms
[2023-11-17T05:34:15.415+0000][gc,heap       ] GC(186) Eden regions: 26->0(29)
[2023-11-17T05:34:15.415+0000][gc,heap       ] GC(186) Survivor regions: 3->2(4)
[2023-11-17T05:34:15.415+0000][gc,heap       ] GC(186) Old regions: 54->55
[2023-11-17T05:34:15.415+0000][gc,heap       ] GC(186) Humongous regions: 147->147
[2023-11-17T05:34:15.415+0000][gc,metaspace  ] GC(186) Metaspace: 45067K(47872K)->45067K(47872K) NonClass: 39666K(41216K)->39666K(41216K) Class: 5401K(6656K)->5401K(6656K)
[2023-11-17T05:34:15.415+0000][gc            ] GC(186) Pause Young (Normal) (G1 Evacuation Pause) 227M->202M(512M) 11.303ms
[2023-11-17T05:34:15.415+0000][gc,cpu        ] GC(186) User=0.02s Sys=0.00s Real=0.02s
[2023-11-17T05:36:03.400+0000][gc,start      ] GC(187) Pause Young (Normal) (G1 Evacuation Pause)
[2023-11-17T05:36:03.400+0000][gc,task       ] GC(187) Using 2 workers of 2 for evacuation
[2023-11-17T05:36:03.416+0000][gc,phases     ] GC(187)   Pre Evacuate Collection Set: 0.0ms
[2023-11-17T05:36:03.416+0000][gc,phases     ] GC(187)   Evacuate Collection Set: 15.6ms
[2023-11-17T05:36:03.416+0000][gc,phases     ] GC(187)   Post Evacuate Collection Set: 0.3ms
[2023-11-17T05:36:03.416+0000][gc,phases     ] GC(187)   Other: 0.2ms
[2023-11-17T05:36:03.416+0000][gc,heap       ] GC(187) Eden regions: 28->0(29)
[2023-11-17T05:36:03.416+0000][gc,heap       ] GC(187) Survivor regions: 2->4(4)
[2023-11-17T05:36:03.416+0000][gc,heap       ] GC(187) Old regions: 55->55
[2023-11-17T05:36:03.416+0000][gc,heap       ] GC(187) Humongous regions: 147->147
[2023-11-17T05:36:03.416+0000][gc,metaspace  ] GC(187) Metaspace: 45067K(47872K)->45067K(47872K) NonClass: 39666K(41216K)->39666K(41216K) Class: 5401K(6656K)->5401K(6656K)
[2023-11-17T05:36:03.416+0000][gc            ] GC(187) Pause Young (Normal) (G1 Evacuation Pause) 230M->204M(512M) 16.258ms
[2023-11-17T05:36:03.416+0000][gc,cpu        ] GC(187) User=0.04s Sys=0.00s Real=0.02s
[2023-11-17T05:37:45.931+0000][gc,start      ] GC(188) Pause Young (Normal) (G1 Evacuation Pause)
[2023-11-17T05:37:45.931+0000][gc,task       ] GC(188) Using 2 workers of 2 for evacuation
[2023-11-17T05:37:45.944+0000][gc,phases     ] GC(188)   Pre Evacuate Collection Set: 0.0ms
[2023-11-17T05:37:45.944+0000][gc,phases     ] GC(188)   Evacuate Collection Set: 12.3ms
[2023-11-17T05:37:45.944+0000][gc,phases     ] GC(188)   Post Evacuate Collection Set: 0.5ms
[2023-11-17T05:37:45.944+0000][gc,phases     ] GC(188)   Other: 0.2ms
[2023-11-17T05:37:45.944+0000][gc,heap       ] GC(188) Eden regions: 27->0(31)
[2023-11-17T05:37:45.944+0000][gc,heap       ] GC(188) Survivor regions: 4->3(4)
[2023-11-17T05:37:45.944+0000][gc,heap       ] GC(188) Old regions: 55->58
[2023-11-17T05:37:45.944+0000][gc,heap       ] GC(188) Humongous regions: 147->147
[2023-11-17T05:37:45.944+0000][gc,metaspace  ] GC(188) Metaspace: 45067K(47872K)->45067K(47872K) NonClass: 39666K(41216K)->39666K(41216K) Class: 5401K(6656K)->5401K(6656K)
[2023-11-17T05:37:45.944+0000][gc            ] GC(188) Pause Young (Normal) (G1 Evacuation Pause) 231M->205M(512M) 13.129ms
[2023-11-17T05:37:45.944+0000][gc,cpu        ] GC(188) User=0.02s Sys=0.00s Real=0.01s
[2023-11-17T05:39:45.194+0000][gc,start      ] GC(189) Pause Young (Normal) (G1 Evacuation Pause)
[2023-11-17T05:39:45.195+0000][gc,task       ] GC(189) Using 2 workers of 2 for evacuation
[2023-11-17T05:39:45.207+0000][gc,phases     ] GC(189)   Pre Evacuate Collection Set: 0.0ms
[2023-11-17T05:39:45.207+0000][gc,phases     ] GC(189)   Evacuate Collection Set: 11.7ms
[2023-11-17T05:39:45.207+0000][gc,phases     ] GC(189)   Post Evacuate Collection Set: 0.3ms
[2023-11-17T05:39:45.207+0000][gc,phases     ] GC(189)   Other: 0.2ms
[2023-11-17T05:39:45.207+0000][gc,heap       ] GC(189) Eden regions: 31->0(31)
[2023-11-17T05:39:45.207+0000][gc,heap       ] GC(189) Survivor regions: 3->3(5)
[2023-11-17T05:39:45.207+0000][gc,heap       ] GC(189) Old regions: 58->58
[2023-11-17T05:39:45.207+0000][gc,heap       ] GC(189) Humongous regions: 147->147
[2023-11-17T05:39:45.207+0000][gc,metaspace  ] GC(189) Metaspace: 45067K(47872K)->45067K(47872K) NonClass: 39666K(41216K)->39666K(41216K) Class: 5401K(6656K)->5401K(6656K)
[2023-11-17T05:39:45.207+0000][gc            ] GC(189) Pause Young (Normal) (G1 Evacuation Pause) 236M->205M(512M) 12.322ms
[2023-11-17T05:39:45.207+0000][gc,cpu        ] GC(189) User=0.02s Sys=0.00s Real=0.01s
[2023-11-17T05:41:44.613+0000][gc,start      ] GC(190) Pause Young (Normal) (G1 Evacuation Pause)
[2023-11-17T05:41:44.613+0000][gc,task       ] GC(190) Using 2 workers of 2 for evacuation
[2023-11-17T05:41:44.640+0000][gc,mmu        ] GC(190) MMU target violated: 21.0ms (20.0ms/21.0ms)
[2023-11-17T05:41:44.640+0000][gc,phases     ] GC(190)   Pre Evacuate Collection Set: 0.0ms
[2023-11-17T05:41:44.640+0000][gc,phases     ] GC(190)   Evacuate Collection Set: 25.3ms
[2023-11-17T05:41:44.640+0000][gc,phases     ] GC(190)   Post Evacuate Collection Set: 1.6ms
[2023-11-17T05:41:44.640+0000][gc,phases     ] GC(190)   Other: 0.3ms
[2023-11-17T05:41:44.640+0000][gc,heap       ] GC(190) Eden regions: 31->0(27)
[2023-11-17T05:41:44.640+0000][gc,heap       ] GC(190) Survivor regions: 3->5(5)
[2023-11-17T05:41:44.640+0000][gc,heap       ] GC(190) Old regions: 58->59
[2023-11-17T05:41:44.640+0000][gc,heap       ] GC(190) Humongous regions: 147->147
[2023-11-17T05:41:44.640+0000][gc,metaspace  ] GC(190) Metaspace: 45067K(47872K)->45067K(47872K) NonClass: 39666K(41216K)->39666K(41216K) Class: 5401K(6656K)->5401K(6656K)
[2023-11-17T05:41:44.640+0000][gc            ] GC(190) Pause Young (Normal) (G1 Evacuation Pause) 236M->209M(512M) 27.279ms
[2023-11-17T05:41:44.640+0000][gc,cpu        ] GC(190) User=0.04s Sys=0.00s Real=0.03s
[2023-11-17T05:43:27.957+0000][gc,start      ] GC(191) Pause Young (Normal) (G1 Evacuation Pause)
[2023-11-17T05:43:27.957+0000][gc,task       ] GC(191) Using 2 workers of 2 for evacuation
[2023-11-17T05:43:27.971+0000][gc,phases     ] GC(191)   Pre Evacuate Collection Set: 0.0ms
[2023-11-17T05:43:27.971+0000][gc,phases     ] GC(191)   Evacuate Collection Set: 13.7ms
[2023-11-17T05:43:27.971+0000][gc,phases     ] GC(191)   Post Evacuate Collection Set: 0.4ms
[2023-11-17T05:43:27.971+0000][gc,phases     ] GC(191)   Other: 0.2ms
[2023-11-17T05:43:27.971+0000][gc,heap       ] GC(191) Eden regions: 27->0(29)
[2023-11-17T05:43:27.971+0000][gc,heap       ] GC(191) Survivor regions: 5->3(4)
[2023-11-17T05:43:27.971+0000][gc,heap       ] GC(191) Old regions: 59->61
[2023-11-17T05:43:27.971+0000][gc,heap       ] GC(191) Humongous regions: 147->147
[2023-11-17T05:43:27.971+0000][gc,metaspace  ] GC(191) Metaspace: 45067K(47872K)->45067K(47872K) NonClass: 39666K(41216K)->39666K(41216K) Class: 5401K(6656K)->5401K(6656K)
[2023-11-17T05:43:27.971+0000][gc            ] GC(191) Pause Young (Normal) (G1 Evacuation Pause) 236M->209M(512M) 14.368ms
[2023-11-17T05:43:27.971+0000][gc,cpu        ] GC(191) User=0.03s Sys=0.00s Real=0.01s
[2023-11-17T05:45:20.508+0000][gc,start      ] GC(192) Pause Young (Normal) (G1 Evacuation Pause)
[2023-11-17T05:45:20.508+0000][gc,task       ] GC(192) Using 2 workers of 2 for evacuation
[2023-11-17T05:45:20.518+0000][gc,phases     ] GC(192)   Pre Evacuate Collection Set: 0.0ms
[2023-11-17T05:45:20.518+0000][gc,phases     ] GC(192)   Evacuate Collection Set: 9.2ms
[2023-11-17T05:45:20.518+0000][gc,phases     ] GC(192)   Post Evacuate Collection Set: 0.3ms
[2023-11-17T05:45:20.518+0000][gc,phases     ] GC(192)   Other: 0.2ms
[2023-11-17T05:45:20.518+0000][gc,heap       ] GC(192) Eden regions: 29->0(32)
[2023-11-17T05:45:20.518+0000][gc,heap       ] GC(192) Survivor regions: 3->2(4)
[2023-11-17T05:45:20.518+0000][gc,heap       ] GC(192) Old regions: 61->63
[2023-11-17T05:45:20.518+0000][gc,heap       ] GC(192) Humongous regions: 147->147
[2023-11-17T05:45:20.518+0000][gc,metaspace  ] GC(192) Metaspace: 45067K(47872K)->45067K(47872K) NonClass: 39666K(41216K)->39666K(41216K) Class: 5401K(6656K)->5401K(6656K)
[2023-11-17T05:45:20.518+0000][gc            ] GC(192) Pause Young (Normal) (G1 Evacuation Pause) 238M->209M(512M) 9.793ms
[2023-11-17T05:45:20.518+0000][gc,cpu        ] GC(192) User=0.02s Sys=0.00s Real=0.01s
[2023-11-17T05:47:22.436+0000][gc,start      ] GC(193) Pause Young (Normal) (G1 Evacuation Pause)
[2023-11-17T05:47:22.436+0000][gc,task       ] GC(193) Using 2 workers of 2 for evacuation
[2023-11-17T05:47:22.450+0000][gc,phases     ] GC(193)   Pre Evacuate Collection Set: 0.0ms
[2023-11-17T05:47:22.450+0000][gc,phases     ] GC(193)   Evacuate Collection Set: 13.3ms
[2023-11-17T05:47:22.450+0000][gc,phases     ] GC(193)   Post Evacuate Collection Set: 0.4ms
[2023-11-17T05:47:22.450+0000][gc,phases     ] GC(193)   Other: 0.3ms
[2023-11-17T05:47:22.450+0000][gc,heap       ] GC(193) Eden regions: 32->0(32)
[2023-11-17T05:47:22.450+0000][gc,heap       ] GC(193) Survivor regions: 2->5(5)
[2023-11-17T05:47:22.450+0000][gc,heap       ] GC(193) Old regions: 63->63
[2023-11-17T05:47:22.450+0000][gc,heap       ] GC(193) Humongous regions: 147->147
[2023-11-17T05:47:22.450+0000][gc,metaspace  ] GC(193) Metaspace: 45067K(47872K)->45067K(47872K) NonClass: 39666K(41216K)->39666K(41216K) Class: 5401K(6656K)->5401K(6656K)
[2023-11-17T05:47:22.450+0000][gc            ] GC(193) Pause Young (Normal) (G1 Evacuation Pause) 241M->213M(512M) 14.102ms
[2023-11-17T05:47:22.450+0000][gc,cpu        ] GC(193) User=0.03s Sys=0.00s Real=0.01s
[2023-11-17T05:49:26.421+0000][gc,start      ] GC(194) Pause Young (Normal) (G1 Evacuation Pause)
[2023-11-17T05:49:26.421+0000][gc,task       ] GC(194) Using 2 workers of 2 for evacuation
[2023-11-17T05:49:26.436+0000][gc,phases     ] GC(194)   Pre Evacuate Collection Set: 0.0ms
[2023-11-17T05:49:26.436+0000][gc,phases     ] GC(194)   Evacuate Collection Set: 14.1ms
[2023-11-17T05:49:26.436+0000][gc,phases     ] GC(194)   Post Evacuate Collection Set: 0.3ms
[2023-11-17T05:49:26.436+0000][gc,phases     ] GC(194)   Other: 0.3ms
[2023-11-17T05:49:26.436+0000][gc,heap       ] GC(194) Eden regions: 32->0(33)
[2023-11-17T05:49:26.436+0000][gc,heap       ] GC(194) Survivor regions: 5->4(5)
[2023-11-17T05:49:26.436+0000][gc,heap       ] GC(194) Old regions: 63->66
[2023-11-17T05:49:26.436+0000][gc,heap       ] GC(194) Humongous regions: 147->147
[2023-11-17T05:49:26.436+0000][gc,metaspace  ] GC(194) Metaspace: 45068K(47872K)->45068K(47872K) NonClass: 39667K(41216K)->39667K(41216K) Class: 5401K(6656K)->5401K(6656K)
[2023-11-17T05:49:26.436+0000][gc            ] GC(194) Pause Young (Normal) (G1 Evacuation Pause) 245M->214M(512M) 14.854ms
[2023-11-17T05:49:26.436+0000][gc,cpu        ] GC(194) User=0.03s Sys=0.00s Real=0.02s
[2023-11-17T05:51:34.145+0000][gc,start      ] GC(195) Pause Young (Normal) (G1 Evacuation Pause)
[2023-11-17T05:51:34.145+0000][gc,task       ] GC(195) Using 2 workers of 2 for evacuation
[2023-11-17T05:51:34.156+0000][gc,phases     ] GC(195)   Pre Evacuate Collection Set: 0.0ms
[2023-11-17T05:51:34.156+0000][gc,phases     ] GC(195)   Evacuate Collection Set: 11.0ms
[2023-11-17T05:51:34.156+0000][gc,phases     ] GC(195)   Post Evacuate Collection Set: 0.4ms
[2023-11-17T05:51:34.156+0000][gc,phases     ] GC(195)   Other: 0.2ms
[2023-11-17T05:51:34.156+0000][gc,heap       ] GC(195) Eden regions: 33->0(36)
[2023-11-17T05:51:34.156+0000][gc,heap       ] GC(195) Survivor regions: 4->3(5)
[2023-11-17T05:51:34.156+0000][gc,heap       ] GC(195) Old regions: 66->67
[2023-11-17T05:51:34.156+0000][gc,heap       ] GC(195) Humongous regions: 147->147
[2023-11-17T05:51:34.156+0000][gc,metaspace  ] GC(195) Metaspace: 45069K(47872K)->45069K(47872K) NonClass: 39668K(41216K)->39668K(41216K) Class: 5401K(6656K)->5401K(6656K)
[2023-11-17T05:51:34.156+0000][gc            ] GC(195) Pause Young (Normal) (G1 Evacuation Pause) 247M->214M(512M) 11.702ms
[2023-11-17T05:51:34.156+0000][gc,cpu        ] GC(195) User=0.02s Sys=0.00s Real=0.02s
[2023-11-17T05:53:49.386+0000][gc,start      ] GC(196) Pause Young (Normal) (G1 Evacuation Pause)
[2023-11-17T05:53:49.386+0000][gc,task       ] GC(196) Using 2 workers of 2 for evacuation
[2023-11-17T05:53:49.399+0000][gc,phases     ] GC(196)   Pre Evacuate Collection Set: 0.0ms
[2023-11-17T05:53:49.399+0000][gc,phases     ] GC(196)   Evacuate Collection Set: 12.6ms
[2023-11-17T05:53:49.399+0000][gc,phases     ] GC(196)   Post Evacuate Collection Set: 0.4ms
[2023-11-17T05:53:49.399+0000][gc,phases     ] GC(196)   Other: 0.2ms
[2023-11-17T05:53:49.399+0000][gc,heap       ] GC(196) Eden regions: 35->0(37)
[2023-11-17T05:53:49.399+0000][gc,heap       ] GC(196) Survivor regions: 3->4(5)
[2023-11-17T05:53:49.399+0000][gc,heap       ] GC(196) Old regions: 67->67
[2023-11-17T05:53:49.399+0000][gc,heap       ] GC(196) Humongous regions: 147->147
[2023-11-17T05:53:49.399+0000][gc,metaspace  ] GC(196) Metaspace: 45069K(47872K)->45069K(47872K) NonClass: 39668K(41216K)->39668K(41216K) Class: 5401K(6656K)->5401K(6656K)
[2023-11-17T05:53:49.399+0000][gc            ] GC(196) Pause Young (Normal) (G1 Evacuation Pause) 249M->215M(512M) 13.332ms
[2023-11-17T05:53:49.399+0000][gc,cpu        ] GC(196) User=0.02s Sys=0.00s Real=0.01s
[2023-11-17T05:56:08.571+0000][gc,start      ] GC(197) Pause Young (Normal) (G1 Evacuation Pause)
[2023-11-17T05:56:08.572+0000][gc,task       ] GC(197) Using 2 workers of 2 for evacuation
[2023-11-17T05:56:08.596+0000][gc,mmu        ] GC(197) MMU target violated: 21.0ms (20.0ms/21.0ms)
[2023-11-17T05:56:08.596+0000][gc,phases     ] GC(197)   Pre Evacuate Collection Set: 0.0ms
[2023-11-17T05:56:08.596+0000][gc,phases     ] GC(197)   Evacuate Collection Set: 23.7ms
[2023-11-17T05:56:08.596+0000][gc,phases     ] GC(197)   Post Evacuate Collection Set: 0.4ms
[2023-11-17T05:56:08.596+0000][gc,phases     ] GC(197)   Other: 0.3ms
[2023-11-17T05:56:08.596+0000][gc,heap       ] GC(197) Eden regions: 36->0(34)
[2023-11-17T05:56:08.596+0000][gc,heap       ] GC(197) Survivor regions: 4->5(5)
[2023-11-17T05:56:08.596+0000][gc,heap       ] GC(197) Old regions: 67->68
[2023-11-17T05:56:08.596+0000][gc,heap       ] GC(197) Humongous regions: 147->147
[2023-11-17T05:56:08.596+0000][gc,metaspace  ] GC(197) Metaspace: 45069K(47872K)->45069K(47872K) NonClass: 39668K(41216K)->39668K(41216K) Class: 5401K(6656K)->5401K(6656K)
[2023-11-17T05:56:08.596+0000][gc            ] GC(197) Pause Young (Normal) (G1 Evacuation Pause) 251M->218M(512M) 24.412ms
[2023-11-17T05:56:08.596+0000][gc,cpu        ] GC(197) User=0.05s Sys=0.00s Real=0.03s
[2023-11-17T05:58:19.503+0000][gc,start      ] GC(198) Pause Young (Normal) (G1 Evacuation Pause)
[2023-11-17T05:58:19.503+0000][gc,task       ] GC(198) Using 2 workers of 2 for evacuation
[2023-11-17T05:58:19.523+0000][gc,phases     ] GC(198)   Pre Evacuate Collection Set: 0.0ms
[2023-11-17T05:58:19.523+0000][gc,phases     ] GC(198)   Evacuate Collection Set: 19.3ms
[2023-11-17T05:58:19.523+0000][gc,phases     ] GC(198)   Post Evacuate Collection Set: 0.4ms
[2023-11-17T05:58:19.523+0000][gc,phases     ] GC(198)   Other: 0.2ms
[2023-11-17T05:58:19.523+0000][gc,heap       ] GC(198) Eden regions: 34->0(33)
[2023-11-17T05:58:19.523+0000][gc,heap       ] GC(198) Survivor regions: 5->4(5)
[2023-11-17T05:58:19.523+0000][gc,heap       ] GC(198) Old regions: 68->71
[2023-11-17T05:58:19.523+0000][gc,heap       ] GC(198) Humongous regions: 147->147
[2023-11-17T05:58:19.523+0000][gc,metaspace  ] GC(198) Metaspace: 45083K(47872K)->45083K(47872K) NonClass: 39682K(41216K)->39682K(41216K) Class: 5401K(6656K)->5401K(6656K)
[2023-11-17T05:58:19.523+0000][gc            ] GC(198) Pause Young (Normal) (G1 Evacuation Pause) 252M->220M(512M) 19.999ms
[2023-11-17T05:58:19.523+0000][gc,cpu        ] GC(198) User=0.03s Sys=0.01s Real=0.02s
[2023-11-17T06:00:22.564+0000][gc,start      ] GC(199) Pause Young (Normal) (G1 Evacuation Pause)
[2023-11-17T06:00:22.564+0000][gc,task       ] GC(199) Using 2 workers of 2 for evacuation
[2023-11-17T06:00:22.578+0000][gc,phases     ] GC(199)   Pre Evacuate Collection Set: 0.0ms
[2023-11-17T06:00:22.579+0000][gc,phases     ] GC(199)   Evacuate Collection Set: 13.3ms
[2023-11-17T06:00:22.579+0000][gc,phases     ] GC(199)   Post Evacuate Collection Set: 1.1ms
[2023-11-17T06:00:22.579+0000][gc,phases     ] GC(199)   Other: 0.2ms
[2023-11-17T06:00:22.579+0000][gc,heap       ] GC(199) Eden regions: 32->0(35)
[2023-11-17T06:00:22.579+0000][gc,heap       ] GC(199) Survivor regions: 4->4(5)
[2023-11-17T06:00:22.579+0000][gc,heap       ] GC(199) Old regions: 71->73
[2023-11-17T06:00:22.579+0000][gc,heap       ] GC(199) Humongous regions: 147->147
[2023-11-17T06:00:22.579+0000][gc,metaspace  ] GC(199) Metaspace: 45083K(47872K)->45083K(47872K) NonClass: 39682K(41216K)->39682K(41216K) Class: 5401K(6656K)->5401K(6656K)
[2023-11-17T06:00:22.579+0000][gc            ] GC(199) Pause Young (Normal) (G1 Evacuation Pause) 252M->221M(512M) 14.686ms
[2023-11-17T06:00:22.579+0000][gc,cpu        ] GC(199) User=0.03s Sys=0.00s Real=0.02s
[2023-11-17T06:02:33.799+0000][gc,start      ] GC(200) Pause Young (Normal) (G1 Evacuation Pause)
[2023-11-17T06:02:33.799+0000][gc,task       ] GC(200) Using 2 workers of 2 for evacuation
[2023-11-17T06:02:33.812+0000][gc,phases     ] GC(200)   Pre Evacuate Collection Set: 0.0ms
[2023-11-17T06:02:33.812+0000][gc,phases     ] GC(200)   Evacuate Collection Set: 12.9ms
[2023-11-17T06:02:33.812+0000][gc,phases     ] GC(200)   Post Evacuate Collection Set: 0.7ms
[2023-11-17T06:02:33.812+0000][gc,phases     ] GC(200)   Other: 0.2ms
[2023-11-17T06:02:33.812+0000][gc,heap       ] GC(200) Eden regions: 34->0(37)
[2023-11-17T06:02:33.812+0000][gc,heap       ] GC(200) Survivor regions: 4->3(5)
[2023-11-17T06:02:33.812+0000][gc,heap       ] GC(200) Old regions: 73->74
[2023-11-17T06:02:33.812+0000][gc,heap       ] GC(200) Humongous regions: 147->147
[2023-11-17T06:02:33.812+0000][gc,metaspace  ] GC(200) Metaspace: 45083K(47872K)->45083K(47872K) NonClass: 39682K(41216K)->39682K(41216K) Class: 5401K(6656K)->5401K(6656K)
[2023-11-17T06:02:33.813+0000][gc            ] GC(200) Pause Young (Normal) (G1 Evacuation Pause) 255M->222M(512M) 13.949ms
[2023-11-17T06:02:33.813+0000][gc,cpu        ] GC(200) User=0.01s Sys=0.01s Real=0.01s
[2023-11-17T06:04:49.528+0000][gc,start      ] GC(201) Pause Young (Normal) (G1 Evacuation Pause)
[2023-11-17T06:04:49.528+0000][gc,task       ] GC(201) Using 2 workers of 2 for evacuation
[2023-11-17T06:04:49.541+0000][gc,phases     ] GC(201)   Pre Evacuate Collection Set: 0.0ms
[2023-11-17T06:04:49.541+0000][gc,phases     ] GC(201)   Evacuate Collection Set: 12.4ms
[2023-11-17T06:04:49.541+0000][gc,phases     ] GC(201)   Post Evacuate Collection Set: 0.4ms
[2023-11-17T06:04:49.541+0000][gc,phases     ] GC(201)   Other: 0.2ms
[2023-11-17T06:04:49.541+0000][gc,heap       ] GC(201) Eden regions: 35->0(38)
[2023-11-17T06:04:49.541+0000][gc,heap       ] GC(201) Survivor regions: 3->4(5)
[2023-11-17T06:04:49.541+0000][gc,heap       ] GC(201) Old regions: 74->74
[2023-11-17T06:04:49.541+0000][gc,heap       ] GC(201) Humongous regions: 147->147
[2023-11-17T06:04:49.541+0000][gc,metaspace  ] GC(201) Metaspace: 45083K(47872K)->45083K(47872K) NonClass: 39682K(41216K)->39682K(41216K) Class: 5401K(6656K)->5401K(6656K)
[2023-11-17T06:04:49.541+0000][gc            ] GC(201) Pause Young (Normal) (G1 Evacuation Pause) 257M->223M(512M) 13.108ms
[2023-11-17T06:04:49.541+0000][gc,cpu        ] GC(201) User=0.03s Sys=0.00s Real=0.01s
[2023-11-17T06:07:08.781+0000][gc,start      ] GC(202) Pause Young (Normal) (G1 Evacuation Pause)
[2023-11-17T06:07:08.781+0000][gc,task       ] GC(202) Using 2 workers of 2 for evacuation
[2023-11-17T06:07:08.802+0000][gc,mmu        ] GC(202) MMU target violated: 20.9ms (20.0ms/21.0ms)
[2023-11-17T06:07:08.802+0000][gc,phases     ] GC(202)   Pre Evacuate Collection Set: 0.0ms
[2023-11-17T06:07:08.802+0000][gc,phases     ] GC(202)   Evacuate Collection Set: 20.4ms
[2023-11-17T06:07:08.802+0000][gc,phases     ] GC(202)   Post Evacuate Collection Set: 0.4ms
[2023-11-17T06:07:08.802+0000][gc,phases     ] GC(202)   Other: 0.3ms
[2023-11-17T06:07:08.802+0000][gc,heap       ] GC(202) Eden regions: 36->0(36)
[2023-11-17T06:07:08.802+0000][gc,heap       ] GC(202) Survivor regions: 4->5(5)
[2023-11-17T06:07:08.802+0000][gc,heap       ] GC(202) Old regions: 74->76
[2023-11-17T06:07:08.802+0000][gc,heap       ] GC(202) Humongous regions: 147->147
[2023-11-17T06:07:08.802+0000][gc,metaspace  ] GC(202) Metaspace: 45085K(47872K)->45085K(47872K) NonClass: 39684K(41216K)->39684K(41216K) Class: 5401K(6656K)->5401K(6656K)
[2023-11-17T06:07:08.802+0000][gc            ] GC(202) Pause Young (Normal) (G1 Evacuation Pause) 259M->226M(512M) 21.062ms
[2023-11-17T06:07:08.802+0000][gc,cpu        ] GC(202) User=0.04s Sys=0.00s Real=0.02s
[2023-11-17T06:09:27.612+0000][gc,start      ] GC(203) Pause Young (Normal) (G1 Evacuation Pause)
[2023-11-17T06:09:27.612+0000][gc,task       ] GC(203) Using 2 workers of 2 for evacuation
[2023-11-17T06:09:27.632+0000][gc,phases     ] GC(203)   Pre Evacuate Collection Set: 0.0ms
[2023-11-17T06:09:27.632+0000][gc,phases     ] GC(203)   Evacuate Collection Set: 19.0ms
[2023-11-17T06:09:27.632+0000][gc,phases     ] GC(203)   Post Evacuate Collection Set: 0.4ms
[2023-11-17T06:09:27.632+0000][gc,phases     ] GC(203)   Other: 0.2ms
[2023-11-17T06:09:27.632+0000][gc,heap       ] GC(203) Eden regions: 36->0(35)
[2023-11-17T06:09:27.632+0000][gc,heap       ] GC(203) Survivor regions: 5->4(6)
[2023-11-17T06:09:27.632+0000][gc,heap       ] GC(203) Old regions: 76->79
[2023-11-17T06:09:27.632+0000][gc,heap       ] GC(203) Humongous regions: 147->147
[2023-11-17T06:09:27.632+0000][gc,metaspace  ] GC(203) Metaspace: 45087K(47872K)->45087K(47872K) NonClass: 39686K(41216K)->39686K(41216K) Class: 5401K(6656K)->5401K(6656K)
[2023-11-17T06:09:27.632+0000][gc            ] GC(203) Pause Young (Normal) (G1 Evacuation Pause) 262M->227M(512M) 19.648ms
[2023-11-17T06:09:27.632+0000][gc,cpu        ] GC(203) User=0.04s Sys=0.00s Real=0.02s
[2023-11-17T06:11:27.223+0000][gc,start      ] GC(204) Pause Young (Normal) (G1 Evacuation Pause)
[2023-11-17T06:11:27.223+0000][gc,task       ] GC(204) Using 2 workers of 2 for evacuation
[2023-11-17T06:11:27.239+0000][gc,phases     ] GC(204)   Pre Evacuate Collection Set: 0.0ms
[2023-11-17T06:11:27.240+0000][gc,phases     ] GC(204)   Evacuate Collection Set: 16.3ms
[2023-11-17T06:11:27.240+0000][gc,phases     ] GC(204)   Post Evacuate Collection Set: 0.3ms
[2023-11-17T06:11:27.240+0000][gc,phases     ] GC(204)   Other: 0.3ms
[2023-11-17T06:11:27.240+0000][gc,heap       ] GC(204) Eden regions: 31->0(35)
[2023-11-17T06:11:27.240+0000][gc,heap       ] GC(204) Survivor regions: 4->4(5)
[2023-11-17T06:11:27.240+0000][gc,heap       ] GC(204) Old regions: 79->80
[2023-11-17T06:11:27.240+0000][gc,heap       ] GC(204) Humongous regions: 147->147
[2023-11-17T06:11:27.240+0000][gc,metaspace  ] GC(204) Metaspace: 45089K(47872K)->45089K(47872K) NonClass: 39687K(41216K)->39687K(41216K) Class: 5401K(6656K)->5401K(6656K)
[2023-11-17T06:11:27.240+0000][gc            ] GC(204) Pause Young (Normal) (G1 Evacuation Pause) 258M->229M(512M) 16.993ms
[2023-11-17T06:11:27.240+0000][gc,cpu        ] GC(204) User=0.03s Sys=0.00s Real=0.02s
[2023-11-17T06:13:31.287+0000][gc,start      ] GC(205) Pause Young (Normal) (G1 Evacuation Pause)
[2023-11-17T06:13:31.287+0000][gc,task       ] GC(205) Using 2 workers of 2 for evacuation
[2023-11-17T06:13:31.307+0000][gc,mmu        ] GC(205) MMU target violated: 20.8ms (20.0ms/21.0ms)
[2023-11-17T06:13:31.308+0000][gc,phases     ] GC(205)   Pre Evacuate Collection Set: 0.0ms
[2023-11-17T06:13:31.308+0000][gc,phases     ] GC(205)   Evacuate Collection Set: 20.1ms
[2023-11-17T06:13:31.308+0000][gc,phases     ] GC(205)   Post Evacuate Collection Set: 0.4ms
[2023-11-17T06:13:31.308+0000][gc,phases     ] GC(205)   Other: 0.7ms
[2023-11-17T06:13:31.308+0000][gc,heap       ] GC(205) Eden regions: 32->0(32)
[2023-11-17T06:13:31.308+0000][gc,heap       ] GC(205) Survivor regions: 4->3(5)
[2023-11-17T06:13:31.308+0000][gc,heap       ] GC(205) Old regions: 80->82
[2023-11-17T06:13:31.308+0000][gc,heap       ] GC(205) Humongous regions: 147->147
[2023-11-17T06:13:31.308+0000][gc,metaspace  ] GC(205) Metaspace: 45093K(47872K)->45093K(47872K) NonClass: 39692K(41216K)->39692K(41216K) Class: 5401K(6656K)->5401K(6656K)
[2023-11-17T06:13:31.308+0000][gc            ] GC(205) Pause Young (Normal) (G1 Evacuation Pause) 261M->229M(512M) 21.095ms
[2023-11-17T06:13:31.308+0000][gc,cpu        ] GC(205) User=0.04s Sys=0.01s Real=0.02s
[2023-11-17T06:15:04.125+0000][gc,start      ] GC(206) Pause Young (Normal) (G1 Evacuation Pause)
[2023-11-17T06:15:04.125+0000][gc,task       ] GC(206) Using 2 workers of 2 for evacuation
[2023-11-17T06:15:04.138+0000][gc,phases     ] GC(206)   Pre Evacuate Collection Set: 0.0ms
[2023-11-17T06:15:04.138+0000][gc,phases     ] GC(206)   Evacuate Collection Set: 12.0ms
[2023-11-17T06:15:04.138+0000][gc,phases     ] GC(206)   Post Evacuate Collection Set: 0.5ms
[2023-11-17T06:15:04.138+0000][gc,phases     ] GC(206)   Other: 0.2ms
[2023-11-17T06:15:04.138+0000][gc,heap       ] GC(206) Eden regions: 24->0(33)
[2023-11-17T06:15:04.138+0000][gc,heap       ] GC(206) Survivor regions: 3->3(4)
[2023-11-17T06:15:04.138+0000][gc,heap       ] GC(206) Old regions: 82->84
[2023-11-17T06:15:04.138+0000][gc,heap       ] GC(206) Humongous regions: 147->147
[2023-11-17T06:15:04.138+0000][gc,metaspace  ] GC(206) Metaspace: 45093K(47872K)->45093K(47872K) NonClass: 39692K(41216K)->39692K(41216K) Class: 5401K(6656K)->5401K(6656K)
[2023-11-17T06:15:04.138+0000][gc            ] GC(206) Pause Young (Normal) (G1 Evacuation Pause) 253M->232M(512M) 12.761ms
[2023-11-17T06:15:04.138+0000][gc,cpu        ] GC(206) User=0.02s Sys=0.00s Real=0.02s
[2023-11-17T06:16:31.323+0000][gc,start      ] GC(207) Pause Young (Normal) (G1 Evacuation Pause)
[2023-11-17T06:16:31.323+0000][gc,task       ] GC(207) Using 2 workers of 2 for evacuation
[2023-11-17T06:16:31.338+0000][gc,phases     ] GC(207)   Pre Evacuate Collection Set: 0.0ms
[2023-11-17T06:16:31.338+0000][gc,phases     ] GC(207)   Evacuate Collection Set: 13.6ms
[2023-11-17T06:16:31.338+0000][gc,phases     ] GC(207)   Post Evacuate Collection Set: 1.1ms
[2023-11-17T06:16:31.338+0000][gc,phases     ] GC(207)   Other: 0.2ms
[2023-11-17T06:16:31.338+0000][gc,heap       ] GC(207) Eden regions: 23->0(36)
[2023-11-17T06:16:31.338+0000][gc,heap       ] GC(207) Survivor regions: 3->3(4)
[2023-11-17T06:16:31.338+0000][gc,heap       ] GC(207) Old regions: 84->85
[2023-11-17T06:16:31.338+0000][gc,heap       ] GC(207) Humongous regions: 147->147
[2023-11-17T06:16:31.338+0000][gc,metaspace  ] GC(207) Metaspace: 45093K(47872K)->45093K(47872K) NonClass: 39692K(41216K)->39692K(41216K) Class: 5401K(6656K)->5401K(6656K)
[2023-11-17T06:16:31.338+0000][gc            ] GC(207) Pause Young (Normal) (G1 Evacuation Pause) 255M->232M(512M) 14.990ms
[2023-11-17T06:16:31.338+0000][gc,cpu        ] GC(207) User=0.02s Sys=0.01s Real=0.02s
[2023-11-17T06:17:35.797+0000][gc,start      ] GC(208) Pause Young (Normal) (G1 Evacuation Pause)
[2023-11-17T06:17:35.797+0000][gc,task       ] GC(208) Using 2 workers of 2 for evacuation
[2023-11-17T06:17:35.821+0000][gc,mmu        ] GC(208) MMU target violated: 21.0ms (20.0ms/21.0ms)
[2023-11-17T06:17:35.821+0000][gc,phases     ] GC(208)   Pre Evacuate Collection Set: 0.0ms
[2023-11-17T06:17:35.821+0000][gc,phases     ] GC(208)   Evacuate Collection Set: 23.0ms
[2023-11-17T06:17:35.821+0000][gc,phases     ] GC(208)   Post Evacuate Collection Set: 0.4ms
[2023-11-17T06:17:35.821+0000][gc,phases     ] GC(208)   Other: 0.3ms
[2023-11-17T06:17:35.821+0000][gc,heap       ] GC(208) Eden regions: 22->0(21)
[2023-11-17T06:17:35.821+0000][gc,heap       ] GC(208) Survivor regions: 3->4(4)
[2023-11-17T06:17:35.821+0000][gc,heap       ] GC(208) Old regions: 85->88
[2023-11-17T06:17:35.821+0000][gc,heap       ] GC(208) Humongous regions: 147->147
[2023-11-17T06:17:35.821+0000][gc,metaspace  ] GC(208) Metaspace: 45099K(47872K)->45099K(47872K) NonClass: 39698K(41216K)->39698K(41216K) Class: 5401K(6656K)->5401K(6656K)
[2023-11-17T06:17:35.821+0000][gc            ] GC(208) Pause Young (Normal) (G1 Evacuation Pause) 254M->237M(512M) 23.712ms
[2023-11-17T06:17:35.821+0000][gc,cpu        ] GC(208) User=0.05s Sys=0.00s Real=0.02s
[2023-11-17T06:18:55.034+0000][gc,start      ] GC(209) Pause Young (Normal) (G1 Evacuation Pause)
[2023-11-17T06:18:55.034+0000][gc,task       ] GC(209) Using 2 workers of 2 for evacuation
[2023-11-17T06:18:55.047+0000][gc,phases     ] GC(209)   Pre Evacuate Collection Set: 0.0ms
[2023-11-17T06:18:55.047+0000][gc,phases     ] GC(209)   Evacuate Collection Set: 12.4ms
[2023-11-17T06:18:55.047+0000][gc,phases     ] GC(209)   Post Evacuate Collection Set: 0.5ms
[2023-11-17T06:18:55.047+0000][gc,phases     ] GC(209)   Other: 0.3ms
[2023-11-17T06:18:55.047+0000][gc,heap       ] GC(209) Eden regions: 21->0(23)
[2023-11-17T06:18:55.047+0000][gc,heap       ] GC(209) Survivor regions: 4->2(4)
[2023-11-17T06:18:55.047+0000][gc,heap       ] GC(209) Old regions: 88->91
[2023-11-17T06:18:55.047+0000][gc,heap       ] GC(209) Humongous regions: 147->147
[2023-11-17T06:18:55.047+0000][gc,metaspace  ] GC(209) Metaspace: 45099K(47872K)->45099K(47872K) NonClass: 39698K(41216K)->39698K(41216K) Class: 5401K(6656K)->5401K(6656K)
[2023-11-17T06:18:55.047+0000][gc            ] GC(209) Pause Young (Normal) (G1 Evacuation Pause) 258M->237M(512M) 13.211ms
[2023-11-17T06:18:55.047+0000][gc,cpu        ] GC(209) User=0.02s Sys=0.00s Real=0.01s
[2023-11-17T06:20:23.195+0000][gc,start      ] GC(210) Pause Young (Normal) (G1 Evacuation Pause)
[2023-11-17T06:20:23.195+0000][gc,task       ] GC(210) Using 2 workers of 2 for evacuation
[2023-11-17T06:20:23.207+0000][gc,phases     ] GC(210)   Pre Evacuate Collection Set: 0.0ms
[2023-11-17T06:20:23.207+0000][gc,phases     ] GC(210)   Evacuate Collection Set: 11.2ms
[2023-11-17T06:20:23.207+0000][gc,phases     ] GC(210)   Post Evacuate Collection Set: 0.3ms
[2023-11-17T06:20:23.207+0000][gc,phases     ] GC(210)   Other: 0.2ms
[2023-11-17T06:20:23.207+0000][gc,heap       ] GC(210) Eden regions: 23->0(24)
[2023-11-17T06:20:23.207+0000][gc,heap       ] GC(210) Survivor regions: 2->4(4)
[2023-11-17T06:20:23.207+0000][gc,heap       ] GC(210) Old regions: 91->91
[2023-11-17T06:20:23.207+0000][gc,heap       ] GC(210) Humongous regions: 147->147
[2023-11-17T06:20:23.207+0000][gc,metaspace  ] GC(210) Metaspace: 45099K(47872K)->45099K(47872K) NonClass: 39698K(41216K)->39698K(41216K) Class: 5401K(6656K)->5401K(6656K)
[2023-11-17T06:20:23.207+0000][gc            ] GC(210) Pause Young (Normal) (G1 Evacuation Pause) 260M->239M(512M) 11.945ms
[2023-11-17T06:20:23.207+0000][gc,cpu        ] GC(210) User=0.02s Sys=0.00s Real=0.01s
[2023-11-17T06:21:54.868+0000][gc,start      ] GC(211) Pause Young (Normal) (G1 Evacuation Pause)
[2023-11-17T06:21:54.868+0000][gc,task       ] GC(211) Using 2 workers of 2 for evacuation
[2023-11-17T06:21:54.880+0000][gc,phases     ] GC(211)   Pre Evacuate Collection Set: 0.0ms
[2023-11-17T06:21:54.880+0000][gc,phases     ] GC(211)   Evacuate Collection Set: 11.1ms
[2023-11-17T06:21:54.880+0000][gc,phases     ] GC(211)   Post Evacuate Collection Set: 0.3ms
[2023-11-17T06:21:54.880+0000][gc,phases     ] GC(211)   Other: 0.2ms
[2023-11-17T06:21:54.880+0000][gc,heap       ] GC(211) Eden regions: 24->0(28)
[2023-11-17T06:21:54.880+0000][gc,heap       ] GC(211) Survivor regions: 4->3(4)
[2023-11-17T06:21:54.880+0000][gc,heap       ] GC(211) Old regions: 91->92
[2023-11-17T06:21:54.880+0000][gc,heap       ] GC(211) Humongous regions: 147->147
[2023-11-17T06:21:54.880+0000][gc,metaspace  ] GC(211) Metaspace: 45099K(47872K)->45099K(47872K) NonClass: 39698K(41216K)->39698K(41216K) Class: 5401K(6656K)->5401K(6656K)
[2023-11-17T06:21:54.880+0000][gc            ] GC(211) Pause Young (Normal) (G1 Evacuation Pause) 263M->239M(512M) 11.739ms
[2023-11-17T06:21:54.880+0000][gc,cpu        ] GC(211) User=0.02s Sys=0.00s Real=0.01s
[2023-11-17T06:23:43.288+0000][gc,start      ] GC(212) Pause Young (Normal) (G1 Evacuation Pause)
[2023-11-17T06:23:43.288+0000][gc,task       ] GC(212) Using 2 workers of 2 for evacuation
[2023-11-17T06:23:43.301+0000][gc,phases     ] GC(212)   Pre Evacuate Collection Set: 0.0ms
[2023-11-17T06:23:43.301+0000][gc,phases     ] GC(212)   Evacuate Collection Set: 12.8ms
[2023-11-17T06:23:43.301+0000][gc,phases     ] GC(212)   Post Evacuate Collection Set: 0.4ms
[2023-11-17T06:23:43.301+0000][gc,phases     ] GC(212)   Other: 0.2ms
[2023-11-17T06:23:43.301+0000][gc,heap       ] GC(212) Eden regions: 28->0(29)
[2023-11-17T06:23:43.301+0000][gc,heap       ] GC(212) Survivor regions: 3->4(4)
[2023-11-17T06:23:43.301+0000][gc,heap       ] GC(212) Old regions: 92->93
[2023-11-17T06:23:43.301+0000][gc,heap       ] GC(212) Humongous regions: 147->147
[2023-11-17T06:23:43.301+0000][gc,metaspace  ] GC(212) Metaspace: 45099K(47872K)->45099K(47872K) NonClass: 39698K(41216K)->39698K(41216K) Class: 5401K(6656K)->5401K(6656K)
[2023-11-17T06:23:43.301+0000][gc            ] GC(212) Pause Young (Normal) (G1 Evacuation Pause) 267M->242M(512M) 13.506ms
[2023-11-17T06:23:43.301+0000][gc,cpu        ] GC(212) User=0.03s Sys=0.00s Real=0.01s
[2023-11-17T06:25:34.739+0000][gc,start      ] GC(213) Pause Young (Normal) (G1 Evacuation Pause)
[2023-11-17T06:25:34.739+0000][gc,task       ] GC(213) Using 2 workers of 2 for evacuation
[2023-11-17T06:25:34.753+0000][gc,phases     ] GC(213)   Pre Evacuate Collection Set: 0.0ms
[2023-11-17T06:25:34.753+0000][gc,phases     ] GC(213)   Evacuate Collection Set: 13.0ms
[2023-11-17T06:25:34.753+0000][gc,phases     ] GC(213)   Post Evacuate Collection Set: 0.4ms
[2023-11-17T06:25:34.753+0000][gc,phases     ] GC(213)   Other: 0.2ms
[2023-11-17T06:25:34.753+0000][gc,heap       ] GC(213) Eden regions: 29->0(34)
[2023-11-17T06:25:34.753+0000][gc,heap       ] GC(213) Survivor regions: 4->4(5)
[2023-11-17T06:25:34.753+0000][gc,heap       ] GC(213) Old regions: 93->95
[2023-11-17T06:25:34.753+0000][gc,heap       ] GC(213) Humongous regions: 147->147
[2023-11-17T06:25:34.753+0000][gc,metaspace  ] GC(213) Metaspace: 45100K(47872K)->45100K(47872K) NonClass: 39698K(41216K)->39698K(41216K) Class: 5401K(6656K)->5401K(6656K)
[2023-11-17T06:25:34.753+0000][gc            ] GC(213) Pause Young (Normal) (G1 Evacuation Pause) 271M->243M(512M) 13.685ms
[2023-11-17T06:25:34.753+0000][gc,cpu        ] GC(213) User=0.03s Sys=0.00s Real=0.01s
[2023-11-17T06:27:45.742+0000][gc,start      ] GC(214) Pause Young (Normal) (G1 Evacuation Pause)
[2023-11-17T06:27:45.742+0000][gc,task       ] GC(214) Using 2 workers of 2 for evacuation
[2023-11-17T06:27:45.758+0000][gc,phases     ] GC(214)   Pre Evacuate Collection Set: 0.0ms
[2023-11-17T06:27:45.758+0000][gc,phases     ] GC(214)   Evacuate Collection Set: 14.7ms
[2023-11-17T06:27:45.758+0000][gc,phases     ] GC(214)   Post Evacuate Collection Set: 0.7ms
[2023-11-17T06:27:45.758+0000][gc,phases     ] GC(214)   Other: 0.4ms
[2023-11-17T06:27:45.758+0000][gc,heap       ] GC(214) Eden regions: 34->0(34)
[2023-11-17T06:27:45.758+0000][gc,heap       ] GC(214) Survivor regions: 4->3(5)
[2023-11-17T06:27:45.758+0000][gc,heap       ] GC(214) Old regions: 95->96
[2023-11-17T06:27:45.758+0000][gc,heap       ] GC(214) Humongous regions: 147->147
[2023-11-17T06:27:45.758+0000][gc,metaspace  ] GC(214) Metaspace: 45100K(47872K)->45100K(47872K) NonClass: 39698K(41216K)->39698K(41216K) Class: 5401K(6656K)->5401K(6656K)
[2023-11-17T06:27:45.758+0000][gc            ] GC(214) Pause Young (Normal) (G1 Evacuation Pause) 277M->244M(512M) 15.882ms
[2023-11-17T06:27:45.758+0000][gc,cpu        ] GC(214) User=0.02s Sys=0.01s Real=0.02s
[2023-11-17T06:29:56.999+0000][gc,start      ] GC(215) Pause Young (Normal) (G1 Evacuation Pause)
[2023-11-17T06:29:56.999+0000][gc,task       ] GC(215) Using 2 workers of 2 for evacuation
[2023-11-17T06:29:57.015+0000][gc,phases     ] GC(215)   Pre Evacuate Collection Set: 0.0ms
[2023-11-17T06:29:57.015+0000][gc,phases     ] GC(215)   Evacuate Collection Set: 15.8ms
[2023-11-17T06:29:57.015+0000][gc,phases     ] GC(215)   Post Evacuate Collection Set: 0.4ms
[2023-11-17T06:29:57.015+0000][gc,phases     ] GC(215)   Other: 0.2ms
[2023-11-17T06:29:57.015+0000][gc,heap       ] GC(215) Eden regions: 34->0(34)
[2023-11-17T06:29:57.015+0000][gc,heap       ] GC(215) Survivor regions: 3->4(5)
[2023-11-17T06:29:57.015+0000][gc,heap       ] GC(215) Old regions: 96->96
[2023-11-17T06:29:57.015+0000][gc,heap       ] GC(215) Humongous regions: 147->147
[2023-11-17T06:29:57.015+0000][gc,metaspace  ] GC(215) Metaspace: 45106K(47872K)->45106K(47872K) NonClass: 39705K(41216K)->39705K(41216K) Class: 5401K(6656K)->5401K(6656K)
[2023-11-17T06:29:57.015+0000][gc            ] GC(215) Pause Young (Normal) (G1 Evacuation Pause) 278M->244M(512M) 16.480ms
[2023-11-17T06:29:57.015+0000][gc,cpu        ] GC(215) User=0.03s Sys=0.00s Real=0.02s
[2023-11-17T06:32:08.417+0000][gc,start      ] GC(216) Pause Young (Normal) (G1 Evacuation Pause)
[2023-11-17T06:32:08.417+0000][gc,task       ] GC(216) Using 2 workers of 2 for evacuation
[2023-11-17T06:32:08.440+0000][gc,mmu        ] GC(216) MMU target violated: 21.0ms (20.0ms/21.0ms)
[2023-11-17T06:32:08.440+0000][gc,phases     ] GC(216)   Pre Evacuate Collection Set: 0.0ms
[2023-11-17T06:32:08.440+0000][gc,phases     ] GC(216)   Evacuate Collection Set: 22.7ms
[2023-11-17T06:32:08.440+0000][gc,phases     ] GC(216)   Post Evacuate Collection Set: 0.4ms
[2023-11-17T06:32:08.440+0000][gc,phases     ] GC(216)   Other: 0.4ms
[2023-11-17T06:32:08.440+0000][gc,heap       ] GC(216) Eden regions: 34->0(29)
[2023-11-17T06:32:08.440+0000][gc,heap       ] GC(216) Survivor regions: 4->5(5)
[2023-11-17T06:32:08.440+0000][gc,heap       ] GC(216) Old regions: 96->98
[2023-11-17T06:32:08.440+0000][gc,heap       ] GC(216) Humongous regions: 147->147
[2023-11-17T06:32:08.440+0000][gc,metaspace  ] GC(216) Metaspace: 45128K(47872K)->45128K(47872K) NonClass: 39727K(41216K)->39727K(41216K) Class: 5401K(6656K)->5401K(6656K)
[2023-11-17T06:32:08.440+0000][gc            ] GC(216) Pause Young (Normal) (G1 Evacuation Pause) 278M->248M(512M) 23.529ms
[2023-11-17T06:32:08.440+0000][gc,cpu        ] GC(216) User=0.05s Sys=0.00s Real=0.02s
[2023-11-17T06:33:59.437+0000][gc,start      ] GC(217) Pause Young (Normal) (G1 Evacuation Pause)
[2023-11-17T06:33:59.437+0000][gc,task       ] GC(217) Using 2 workers of 2 for evacuation
[2023-11-17T06:33:59.453+0000][gc,phases     ] GC(217)   Pre Evacuate Collection Set: 0.0ms
[2023-11-17T06:33:59.453+0000][gc,phases     ] GC(217)   Evacuate Collection Set: 15.5ms
[2023-11-17T06:33:59.453+0000][gc,phases     ] GC(217)   Post Evacuate Collection Set: 0.4ms
[2023-11-17T06:33:59.453+0000][gc,phases     ] GC(217)   Other: 0.2ms
[2023-11-17T06:33:59.453+0000][gc,heap       ] GC(217) Eden regions: 29->0(31)
[2023-11-17T06:33:59.453+0000][gc,heap       ] GC(217) Survivor regions: 5->4(5)
[2023-11-17T06:33:59.453+0000][gc,heap       ] GC(217) Old regions: 98->101
[2023-11-17T06:33:59.453+0000][gc,heap       ] GC(217) Humongous regions: 147->147
[2023-11-17T06:33:59.453+0000][gc,metaspace  ] GC(217) Metaspace: 45151K(47872K)->45151K(47872K) NonClass: 39750K(41216K)->39750K(41216K) Class: 5401K(6656K)->5401K(6656K)
[2023-11-17T06:33:59.453+0000][gc            ] GC(217) Pause Young (Normal) (G1 Evacuation Pause) 277M->249M(512M) 16.158ms
[2023-11-17T06:33:59.453+0000][gc,cpu        ] GC(217) User=0.03s Sys=0.00s Real=0.01s
[2023-11-17T06:35:51.286+0000][gc,start      ] GC(218) Pause Young (Normal) (G1 Evacuation Pause)
[2023-11-17T06:35:51.286+0000][gc,task       ] GC(218) Using 2 workers of 2 for evacuation
[2023-11-17T06:35:51.298+0000][gc,phases     ] GC(218)   Pre Evacuate Collection Set: 0.0ms
[2023-11-17T06:35:51.298+0000][gc,phases     ] GC(218)   Evacuate Collection Set: 11.4ms
[2023-11-17T06:35:51.298+0000][gc,phases     ] GC(218)   Post Evacuate Collection Set: 0.3ms
[2023-11-17T06:35:51.298+0000][gc,phases     ] GC(218)   Other: 0.2ms
[2023-11-17T06:35:51.298+0000][gc,heap       ] GC(218) Eden regions: 29->0(36)
[2023-11-17T06:35:51.298+0000][gc,heap       ] GC(218) Survivor regions: 4->3(5)
[2023-11-17T06:35:51.298+0000][gc,heap       ] GC(218) Old regions: 101->102
[2023-11-17T06:35:51.298+0000][gc,heap       ] GC(218) Humongous regions: 147->147
[2023-11-17T06:35:51.298+0000][gc,metaspace  ] GC(218) Metaspace: 45152K(47872K)->45152K(47872K) NonClass: 39751K(41216K)->39751K(41216K) Class: 5401K(6656K)->5401K(6656K)
[2023-11-17T06:35:51.298+0000][gc            ] GC(218) Pause Young (Normal) (G1 Evacuation Pause) 278M->249M(512M) 12.060ms
[2023-11-17T06:35:51.298+0000][gc,cpu        ] GC(218) User=0.02s Sys=0.00s Real=0.01s
[2023-11-17T06:37:58.030+0000][gc,start      ] GC(219) Pause Young (Normal) (G1 Evacuation Pause)
[2023-11-17T06:37:58.030+0000][gc,task       ] GC(219) Using 2 workers of 2 for evacuation
[2023-11-17T06:37:58.045+0000][gc,phases     ] GC(219)   Pre Evacuate Collection Set: 0.0ms
[2023-11-17T06:37:58.045+0000][gc,phases     ] GC(219)   Evacuate Collection Set: 14.1ms
[2023-11-17T06:37:58.045+0000][gc,phases     ] GC(219)   Post Evacuate Collection Set: 0.5ms
[2023-11-17T06:37:58.045+0000][gc,phases     ] GC(219)   Other: 0.2ms
[2023-11-17T06:37:58.045+0000][gc,heap       ] GC(219) Eden regions: 33->0(37)
[2023-11-17T06:37:58.045+0000][gc,heap       ] GC(219) Survivor regions: 3->3(5)
[2023-11-17T06:37:58.045+0000][gc,heap       ] GC(219) Old regions: 102->102
[2023-11-17T06:37:58.045+0000][gc,heap       ] GC(219) Humongous regions: 147->147
[2023-11-17T06:37:58.045+0000][gc,metaspace  ] GC(219) Metaspace: 45153K(47872K)->45153K(47872K) NonClass: 39751K(41216K)->39751K(41216K) Class: 5401K(6656K)->5401K(6656K)
[2023-11-17T06:37:58.045+0000][gc            ] GC(219) Pause Young (Normal) (G1 Evacuation Pause) 282M->250M(512M) 14.986ms
[2023-11-17T06:37:58.045+0000][gc,cpu        ] GC(219) User=0.02s Sys=0.00s Real=0.01s
[2023-11-17T06:40:21.794+0000][gc,start      ] GC(220) Pause Young (Normal) (G1 Evacuation Pause)
[2023-11-17T06:40:21.794+0000][gc,task       ] GC(220) Using 2 workers of 2 for evacuation
[2023-11-17T06:40:21.811+0000][gc,phases     ] GC(220)   Pre Evacuate Collection Set: 0.0ms
[2023-11-17T06:40:21.811+0000][gc,phases     ] GC(220)   Evacuate Collection Set: 16.6ms
[2023-11-17T06:40:21.811+0000][gc,phases     ] GC(220)   Post Evacuate Collection Set: 0.4ms
[2023-11-17T06:40:21.811+0000][gc,phases     ] GC(220)   Other: 0.2ms
[2023-11-17T06:40:21.811+0000][gc,heap       ] GC(220) Eden regions: 37->0(36)
[2023-11-17T06:40:21.811+0000][gc,heap       ] GC(220) Survivor regions: 3->5(5)
[2023-11-17T06:40:21.811+0000][gc,heap       ] GC(220) Old regions: 102->104
[2023-11-17T06:40:21.811+0000][gc,heap       ] GC(220) Humongous regions: 147->147
[2023-11-17T06:40:21.811+0000][gc,metaspace  ] GC(220) Metaspace: 45153K(47872K)->45153K(47872K) NonClass: 39751K(41216K)->39751K(41216K) Class: 5401K(6656K)->5401K(6656K)
[2023-11-17T06:40:21.811+0000][gc            ] GC(220) Pause Young (Normal) (G1 Evacuation Pause) 287M->254M(512M) 17.346ms
[2023-11-17T06:40:21.811+0000][gc,cpu        ] GC(220) User=0.03s Sys=0.01s Real=0.01s
[2023-11-17T06:42:41.035+0000][gc,start      ] GC(221) Pause Young (Normal) (G1 Evacuation Pause)
[2023-11-17T06:42:41.035+0000][gc,task       ] GC(221) Using 2 workers of 2 for evacuation
[2023-11-17T06:42:41.052+0000][gc,phases     ] GC(221)   Pre Evacuate Collection Set: 0.0ms
[2023-11-17T06:42:41.052+0000][gc,phases     ] GC(221)   Evacuate Collection Set: 17.1ms
[2023-11-17T06:42:41.052+0000][gc,phases     ] GC(221)   Post Evacuate Collection Set: 0.3ms
[2023-11-17T06:42:41.052+0000][gc,phases     ] GC(221)   Other: 0.3ms
[2023-11-17T06:42:41.052+0000][gc,heap       ] GC(221) Eden regions: 36->0(36)
[2023-11-17T06:42:41.052+0000][gc,heap       ] GC(221) Survivor regions: 5->4(6)
[2023-11-17T06:42:41.052+0000][gc,heap       ] GC(221) Old regions: 104->107
[2023-11-17T06:42:41.052+0000][gc,heap       ] GC(221) Humongous regions: 147->147
[2023-11-17T06:42:41.052+0000][gc,metaspace  ] GC(221) Metaspace: 45153K(47872K)->45153K(47872K) NonClass: 39751K(41216K)->39751K(41216K) Class: 5401K(6656K)->5401K(6656K)
[2023-11-17T06:42:41.052+0000][gc            ] GC(221) Pause Young (Normal) (G1 Evacuation Pause) 290M->255M(512M) 17.690ms
[2023-11-17T06:42:41.052+0000][gc,cpu        ] GC(221) User=0.03s Sys=0.00s Real=0.01s
[2023-11-17T06:44:56.790+0000][gc,start      ] GC(222) Pause Young (Normal) (G1 Evacuation Pause)
[2023-11-17T06:44:56.790+0000][gc,task       ] GC(222) Using 2 workers of 2 for evacuation
[2023-11-17T06:44:56.808+0000][gc,phases     ] GC(222)   Pre Evacuate Collection Set: 0.0ms
[2023-11-17T06:44:56.808+0000][gc,phases     ] GC(222)   Evacuate Collection Set: 16.9ms
[2023-11-17T06:44:56.808+0000][gc,phases     ] GC(222)   Post Evacuate Collection Set: 0.3ms
[2023-11-17T06:44:56.808+0000][gc,phases     ] GC(222)   Other: 0.2ms
[2023-11-17T06:44:56.808+0000][gc,heap       ] GC(222) Eden regions: 35->0(37)
[2023-11-17T06:44:56.808+0000][gc,heap       ] GC(222) Survivor regions: 4->4(5)
[2023-11-17T06:44:56.808+0000][gc,heap       ] GC(222) Old regions: 107->108
[2023-11-17T06:44:56.808+0000][gc,heap       ] GC(222) Humongous regions: 147->147
[2023-11-17T06:44:56.808+0000][gc,metaspace  ] GC(222) Metaspace: 45153K(47872K)->45153K(47872K) NonClass: 39751K(41216K)->39751K(41216K) Class: 5401K(6656K)->5401K(6656K)
[2023-11-17T06:44:56.808+0000][gc            ] GC(222) Pause Young (Normal) (G1 Evacuation Pause) 290M->256M(512M) 17.686ms
[2023-11-17T06:44:56.808+0000][gc,cpu        ] GC(222) User=0.03s Sys=0.01s Real=0.02s
[2023-11-17T06:47:11.545+0000][gc,start      ] GC(223) Pause Young (Normal) (G1 Evacuation Pause)
[2023-11-17T06:47:11.545+0000][gc,task       ] GC(223) Using 2 workers of 2 for evacuation
[2023-11-17T06:47:11.562+0000][gc,phases     ] GC(223)   Pre Evacuate Collection Set: 0.0ms
[2023-11-17T06:47:11.562+0000][gc,phases     ] GC(223)   Evacuate Collection Set: 17.0ms
[2023-11-17T06:47:11.562+0000][gc,phases     ] GC(223)   Post Evacuate Collection Set: 0.5ms
[2023-11-17T06:47:11.562+0000][gc,phases     ] GC(223)   Other: 0.2ms
[2023-11-17T06:47:11.562+0000][gc,heap       ] GC(223) Eden regions: 35->0(36)
[2023-11-17T06:47:11.562+0000][gc,heap       ] GC(223) Survivor regions: 4->3(5)
[2023-11-17T06:47:11.562+0000][gc,heap       ] GC(223) Old regions: 108->110
[2023-11-17T06:47:11.562+0000][gc,heap       ] GC(223) Humongous regions: 147->147
[2023-11-17T06:47:11.562+0000][gc,metaspace  ] GC(223) Metaspace: 45153K(47872K)->45153K(47872K) NonClass: 39751K(41216K)->39751K(41216K) Class: 5401K(6656K)->5401K(6656K)
[2023-11-17T06:47:11.562+0000][gc            ] GC(223) Pause Young (Normal) (G1 Evacuation Pause) 291M->258M(512M) 17.762ms
[2023-11-17T06:47:11.562+0000][gc,cpu        ] GC(223) User=0.03s Sys=0.00s Real=0.02s
[2023-11-17T06:49:19.435+0000][gc,start      ] GC(224) Pause Young (Normal) (G1 Evacuation Pause)
[2023-11-17T06:49:19.435+0000][gc,task       ] GC(224) Using 2 workers of 2 for evacuation
[2023-11-17T06:49:19.444+0000][gc,phases     ] GC(224)   Pre Evacuate Collection Set: 0.0ms
[2023-11-17T06:49:19.444+0000][gc,phases     ] GC(224)   Evacuate Collection Set: 9.2ms
[2023-11-17T06:49:19.444+0000][gc,phases     ] GC(224)   Post Evacuate Collection Set: 0.4ms
[2023-11-17T06:49:19.444+0000][gc,phases     ] GC(224)   Other: 0.2ms
[2023-11-17T06:49:19.444+0000][gc,heap       ] GC(224) Eden regions: 33->0(41)
[2023-11-17T06:49:19.444+0000][gc,heap       ] GC(224) Survivor regions: 3->4(5)
[2023-11-17T06:49:19.444+0000][gc,heap       ] GC(224) Old regions: 110->110
[2023-11-17T06:49:19.444+0000][gc,heap       ] GC(224) Humongous regions: 147->147
[2023-11-17T06:49:19.444+0000][gc,metaspace  ] GC(224) Metaspace: 45153K(47872K)->45153K(47872K) NonClass: 39751K(41216K)->39751K(41216K) Class: 5401K(6656K)->5401K(6656K)
[2023-11-17T06:49:19.444+0000][gc            ] GC(224) Pause Young (Normal) (G1 Evacuation Pause) 291M->258M(512M) 9.869ms
[2023-11-17T06:49:19.444+0000][gc,cpu        ] GC(224) User=0.02s Sys=0.00s Real=0.00s
[2023-11-17T06:51:58.047+0000][gc,start      ] GC(225) Pause Young (Normal) (G1 Evacuation Pause)
[2023-11-17T06:51:58.047+0000][gc,task       ] GC(225) Using 2 workers of 2 for evacuation
[2023-11-17T06:51:58.062+0000][gc,phases     ] GC(225)   Pre Evacuate Collection Set: 0.0ms
[2023-11-17T06:51:58.062+0000][gc,phases     ] GC(225)   Evacuate Collection Set: 14.8ms
[2023-11-17T06:51:58.062+0000][gc,phases     ] GC(225)   Post Evacuate Collection Set: 0.4ms
[2023-11-17T06:51:58.062+0000][gc,phases     ] GC(225)   Other: 0.2ms
[2023-11-17T06:51:58.062+0000][gc,heap       ] GC(225) Eden regions: 41->0(42)
[2023-11-17T06:51:58.062+0000][gc,heap       ] GC(225) Survivor regions: 4->4(6)
[2023-11-17T06:51:58.062+0000][gc,heap       ] GC(225) Old regions: 110->111
[2023-11-17T06:51:58.062+0000][gc,heap       ] GC(225) Humongous regions: 147->147
[2023-11-17T06:51:58.062+0000][gc,metaspace  ] GC(225) Metaspace: 45153K(47872K)->45153K(47872K) NonClass: 39751K(41216K)->39751K(41216K) Class: 5401K(6656K)->5401K(6656K)
[2023-11-17T06:51:58.062+0000][gc            ] GC(225) Pause Young (Normal) (G1 Evacuation Pause) 299M->260M(512M) 15.459ms
[2023-11-17T06:51:58.062+0000][gc,cpu        ] GC(225) User=0.04s Sys=0.00s Real=0.01s
[2023-11-17T06:54:41.835+0000][gc,start      ] GC(226) Pause Young (Normal) (G1 Evacuation Pause)
[2023-11-17T06:54:41.835+0000][gc,task       ] GC(226) Using 2 workers of 2 for evacuation
[2023-11-17T06:54:41.850+0000][gc,phases     ] GC(226)   Pre Evacuate Collection Set: 0.0ms
[2023-11-17T06:54:41.850+0000][gc,phases     ] GC(226)   Evacuate Collection Set: 14.8ms
[2023-11-17T06:54:41.850+0000][gc,phases     ] GC(226)   Post Evacuate Collection Set: 0.4ms
[2023-11-17T06:54:41.850+0000][gc,phases     ] GC(226)   Other: 0.3ms
[2023-11-17T06:54:41.850+0000][gc,heap       ] GC(226) Eden regions: 42->0(44)
[2023-11-17T06:54:41.850+0000][gc,heap       ] GC(226) Survivor regions: 4->4(6)
[2023-11-17T06:54:41.850+0000][gc,heap       ] GC(226) Old regions: 111->113
[2023-11-17T06:54:41.850+0000][gc,heap       ] GC(226) Humongous regions: 147->147
[2023-11-17T06:54:41.850+0000][gc,metaspace  ] GC(226) Metaspace: 45155K(47872K)->45155K(47872K) NonClass: 39754K(41216K)->39754K(41216K) Class: 5401K(6656K)->5401K(6656K)
[2023-11-17T06:54:41.850+0000][gc            ] GC(226) Pause Young (Normal) (G1 Evacuation Pause) 302M->261M(512M) 15.630ms
[2023-11-17T06:54:41.850+0000][gc,cpu        ] GC(226) User=0.02s Sys=0.00s Real=0.01s
[2023-11-17T06:57:32.633+0000][gc,start      ] GC(227) Pause Young (Normal) (G1 Evacuation Pause)
[2023-11-17T06:57:32.633+0000][gc,task       ] GC(227) Using 2 workers of 2 for evacuation
[2023-11-17T06:57:32.653+0000][gc,phases     ] GC(227)   Pre Evacuate Collection Set: 0.0ms
[2023-11-17T06:57:32.653+0000][gc,phases     ] GC(227)   Evacuate Collection Set: 18.5ms
[2023-11-17T06:57:32.653+0000][gc,phases     ] GC(227)   Post Evacuate Collection Set: 0.5ms
[2023-11-17T06:57:32.653+0000][gc,phases     ] GC(227)   Other: 0.5ms
[2023-11-17T06:57:32.653+0000][gc,heap       ] GC(227) Eden regions: 44->0(43)
[2023-11-17T06:57:32.653+0000][gc,heap       ] GC(227) Survivor regions: 4->4(6)
[2023-11-17T06:57:32.653+0000][gc,heap       ] GC(227) Old regions: 113->115
[2023-11-17T06:57:32.653+0000][gc,heap       ] GC(227) Humongous regions: 147->147
[2023-11-17T06:57:32.653+0000][gc,metaspace  ] GC(227) Metaspace: 45155K(47872K)->45155K(47872K) NonClass: 39754K(41216K)->39754K(41216K) Class: 5401K(6656K)->5401K(6656K)
[2023-11-17T06:57:32.653+0000][gc            ] GC(227) Pause Young (Normal) (G1 Evacuation Pause) 305M->263M(512M) 19.679ms
[2023-11-17T06:57:32.653+0000][gc,cpu        ] GC(227) User=0.03s Sys=0.01s Real=0.02s
[2023-11-17T07:00:11.789+0000][gc,start      ] GC(228) Pause Young (Normal) (G1 Evacuation Pause)
[2023-11-17T07:00:11.789+0000][gc,task       ] GC(228) Using 2 workers of 2 for evacuation
[2023-11-17T07:00:11.805+0000][gc,phases     ] GC(228)   Pre Evacuate Collection Set: 0.0ms
[2023-11-17T07:00:11.805+0000][gc,phases     ] GC(228)   Evacuate Collection Set: 15.1ms
[2023-11-17T07:00:11.805+0000][gc,phases     ] GC(228)   Post Evacuate Collection Set: 0.3ms
[2023-11-17T07:00:11.805+0000][gc,phases     ] GC(228)   Other: 0.3ms
[2023-11-17T07:00:11.805+0000][gc,heap       ] GC(228) Eden regions: 41->0(43)
[2023-11-17T07:00:11.805+0000][gc,heap       ] GC(228) Survivor regions: 4->4(6)
[2023-11-17T07:00:11.805+0000][gc,heap       ] GC(228) Old regions: 115->117
[2023-11-17T07:00:11.805+0000][gc,heap       ] GC(228) Humongous regions: 147->147
[2023-11-17T07:00:11.805+0000][gc,metaspace  ] GC(228) Metaspace: 45155K(47872K)->45155K(47872K) NonClass: 39754K(41216K)->39754K(41216K) Class: 5401K(6656K)->5401K(6656K)
[2023-11-17T07:00:11.805+0000][gc            ] GC(228) Pause Young (Normal) (G1 Evacuation Pause) 304M->265M(512M) 15.750ms
[2023-11-17T07:00:11.805+0000][gc,cpu        ] GC(228) User=0.03s Sys=0.00s Real=0.01s
[2023-11-17T07:02:58.701+0000][gc,start      ] GC(229) Pause Young (Normal) (G1 Evacuation Pause)
[2023-11-17T07:02:58.701+0000][gc,task       ] GC(229) Using 2 workers of 2 for evacuation
[2023-11-17T07:02:58.732+0000][gc,mmu        ] GC(229) MMU target violated: 21.0ms (20.0ms/21.0ms)
[2023-11-17T07:02:58.732+0000][gc,phases     ] GC(229)   Pre Evacuate Collection Set: 0.0ms
[2023-11-17T07:02:58.732+0000][gc,phases     ] GC(229)   Evacuate Collection Set: 30.1ms
[2023-11-17T07:02:58.732+0000][gc,phases     ] GC(229)   Post Evacuate Collection Set: 0.4ms
[2023-11-17T07:02:58.732+0000][gc,phases     ] GC(229)   Other: 0.6ms
[2023-11-17T07:02:58.732+0000][gc,heap       ] GC(229) Eden regions: 43->0(37)
[2023-11-17T07:02:58.732+0000][gc,heap       ] GC(229) Survivor regions: 4->6(6)
[2023-11-17T07:02:58.732+0000][gc,heap       ] GC(229) Old regions: 117->119
[2023-11-17T07:02:58.732+0000][gc,heap       ] GC(229) Humongous regions: 147->147
[2023-11-17T07:02:58.732+0000][gc,metaspace  ] GC(229) Metaspace: 45155K(47872K)->45155K(47872K) NonClass: 39754K(41216K)->39754K(41216K) Class: 5401K(6656K)->5401K(6656K)
[2023-11-17T07:02:58.732+0000][gc            ] GC(229) Pause Young (Normal) (G1 Evacuation Pause) 308M->270M(512M) 31.108ms
[2023-11-17T07:02:58.732+0000][gc,cpu        ] GC(229) User=0.05s Sys=0.01s Real=0.03s
[2023-11-17T07:05:21.859+0000][gc,start      ] GC(230) Pause Young (Normal) (G1 Evacuation Pause)
[2023-11-17T07:05:21.860+0000][gc,task       ] GC(230) Using 2 workers of 2 for evacuation
[2023-11-17T07:05:21.886+0000][gc,mmu        ] GC(230) MMU target violated: 21.0ms (20.0ms/21.0ms)
[2023-11-17T07:05:21.886+0000][gc,phases     ] GC(230)   Pre Evacuate Collection Set: 0.0ms
[2023-11-17T07:05:21.886+0000][gc,phases     ] GC(230)   Evacuate Collection Set: 26.2ms
[2023-11-17T07:05:21.886+0000][gc,phases     ] GC(230)   Post Evacuate Collection Set: 0.3ms
[2023-11-17T07:05:21.886+0000][gc,phases     ] GC(230)   Other: 0.3ms
[2023-11-17T07:05:21.886+0000][gc,heap       ] GC(230) Eden regions: 37->0(35)
[2023-11-17T07:05:21.886+0000][gc,heap       ] GC(230) Survivor regions: 6->5(6)
[2023-11-17T07:05:21.886+0000][gc,heap       ] GC(230) Old regions: 119->122
[2023-11-17T07:05:21.886+0000][gc,heap       ] GC(230) Humongous regions: 147->147
[2023-11-17T07:05:21.886+0000][gc,metaspace  ] GC(230) Metaspace: 45155K(47872K)->45155K(47872K) NonClass: 39754K(41216K)->39754K(41216K) Class: 5401K(6656K)->5401K(6656K)
[2023-11-17T07:05:21.886+0000][gc            ] GC(230) Pause Young (Normal) (G1 Evacuation Pause) 307M->271M(512M) 26.864ms
[2023-11-17T07:05:21.886+0000][gc,cpu        ] GC(230) User=0.05s Sys=0.01s Real=0.03s
[2023-11-17T07:06:50.896+0000][gc,start      ] GC(231) Pause Young (Normal) (G1 Evacuation Pause)
[2023-11-17T07:06:50.896+0000][gc,task       ] GC(231) Using 2 workers of 2 for evacuation
[2023-11-17T07:06:50.908+0000][gc,phases     ] GC(231)   Pre Evacuate Collection Set: 0.0ms
[2023-11-17T07:06:50.908+0000][gc,phases     ] GC(231)   Evacuate Collection Set: 11.9ms
[2023-11-17T07:06:50.908+0000][gc,phases     ] GC(231)   Post Evacuate Collection Set: 0.3ms
[2023-11-17T07:06:50.908+0000][gc,phases     ] GC(231)   Other: 0.3ms
[2023-11-17T07:06:50.908+0000][gc,heap       ] GC(231) Eden regions: 28->0(39)
[2023-11-17T07:06:50.908+0000][gc,heap       ] GC(231) Survivor regions: 5->3(5)
[2023-11-17T07:06:50.908+0000][gc,heap       ] GC(231) Old regions: 122->124
[2023-11-17T07:06:50.908+0000][gc,heap       ] GC(231) Humongous regions: 147->147
[2023-11-17T07:06:50.908+0000][gc,metaspace  ] GC(231) Metaspace: 45260K(48128K)->45260K(48128K) NonClass: 39846K(41472K)->39846K(41472K) Class: 5414K(6656K)->5414K(6656K)
[2023-11-17T07:06:50.908+0000][gc            ] GC(231) Pause Young (Normal) (G1 Evacuation Pause) 299M->271M(512M) 12.645ms
[2023-11-17T07:06:50.908+0000][gc,cpu        ] GC(231) User=0.03s Sys=0.00s Real=0.01s
[2023-11-17T07:06:51.555+0000][gc,heap,exit  ] Heap
[2023-11-17T07:06:51.555+0000][gc,heap,exit  ]  garbage-first heap   total 524288K, used 292558K [0x00000000e0000000, 0x0000000100000000)
[2023-11-17T07:06:51.555+0000][gc,heap,exit  ]   region size 1024K, 18 young (18432K), 3 survivors (3072K)
[2023-11-17T07:06:51.556+0000][gc,heap,exit  ]  Metaspace       used 45970K, capacity 48817K, committed 49024K, reserved 1091584K
[2023-11-17T07:06:51.556+0000][gc,heap,exit  ]   class space    used 5622K, capacity 6913K, committed 7040K, reserved 1048576K
