[2023-11-16T15:04:47.403+0000][gc,heap] Heap region size: 1M
[2023-11-16T15:04:47.414+0000][gc     ] Using G1
[2023-11-16T15:04:47.414+0000][gc,heap,coops] Heap address: 0x00000000e0000000, size: 512 MB, Compressed Oops mode: 32-bit
[2023-11-16T15:04:47.415+0000][gc,cds       ] Mark closed archive regions in map: [0x00000000fff00000, 0x00000000fff6bff8]
[2023-11-16T15:04:47.415+0000][gc,cds       ] Mark open archive regions in map: [0x00000000ffe00000, 0x00000000ffe47ff8]
[2023-11-16T15:04:48.313+0000][gc,start     ] GC(0) Pause Young (Normal) (G1 Evacuation Pause)
[2023-11-16T15:04:48.314+0000][gc,task      ] GC(0) Using 2 workers of 2 for evacuation
[2023-11-16T15:04:48.332+0000][gc,phases    ] GC(0)   Pre Evacuate Collection Set: 0.0ms
[2023-11-16T15:04:48.332+0000][gc,phases    ] GC(0)   Evacuate Collection Set: 17.2ms
[2023-11-16T15:04:48.332+0000][gc,phases    ] GC(0)   Post Evacuate Collection Set: 0.5ms
[2023-11-16T15:04:48.332+0000][gc,phases    ] GC(0)   Other: 0.5ms
[2023-11-16T15:04:48.332+0000][gc,heap      ] GC(0) Eden regions: 25->0(21)
[2023-11-16T15:04:48.332+0000][gc,heap      ] GC(0) Survivor regions: 0->4(4)
[2023-11-16T15:04:48.332+0000][gc,heap      ] GC(0) Old regions: 2->5
[2023-11-16T15:04:48.332+0000][gc,heap      ] GC(0) Humongous regions: 0->0
[2023-11-16T15:04:48.332+0000][gc,metaspace ] GC(0) Metaspace: 7786K(8448K)->7786K(8448K) NonClass: 6938K(7424K)->6938K(7424K) Class: 848K(1024K)->848K(1024K)
[2023-11-16T15:04:48.332+0000][gc           ] GC(0) Pause Young (Normal) (G1 Evacuation Pause) 25M->6M(512M) 18.335ms
[2023-11-16T15:04:48.332+0000][gc,cpu       ] GC(0) User=0.03s Sys=0.00s Real=0.02s
[2023-11-16T15:04:48.710+0000][gc,start     ] GC(1) Pause Young (Normal) (G1 Evacuation Pause)
[2023-11-16T15:04:48.710+0000][gc,task      ] GC(1) Using 2 workers of 2 for evacuation
[2023-11-16T15:04:48.723+0000][gc,phases    ] GC(1)   Pre Evacuate Collection Set: 0.0ms
[2023-11-16T15:04:48.723+0000][gc,phases    ] GC(1)   Evacuate Collection Set: 12.2ms
[2023-11-16T15:04:48.723+0000][gc,phases    ] GC(1)   Post Evacuate Collection Set: 0.3ms
[2023-11-16T15:04:48.723+0000][gc,phases    ] GC(1)   Other: 0.1ms
[2023-11-16T15:04:48.723+0000][gc,heap      ] GC(1) Eden regions: 21->0(24)
[2023-11-16T15:04:48.723+0000][gc,heap      ] GC(1) Survivor regions: 4->1(4)
[2023-11-16T15:04:48.723+0000][gc,heap      ] GC(1) Old regions: 5->9
[2023-11-16T15:04:48.723+0000][gc,heap      ] GC(1) Humongous regions: 0->0
[2023-11-16T15:04:48.723+0000][gc,metaspace ] GC(1) Metaspace: 13051K(13568K)->13051K(13568K) NonClass: 11493K(11776K)->11493K(11776K) Class: 1557K(1792K)->1557K(1792K)
[2023-11-16T15:04:48.723+0000][gc           ] GC(1) Pause Young (Normal) (G1 Evacuation Pause) 27M->7M(512M) 12.760ms
[2023-11-16T15:04:48.723+0000][gc,cpu       ] GC(1) User=0.02s Sys=0.01s Real=0.01s
[2023-11-16T15:04:49.080+0000][gc,start     ] GC(2) Pause Young (Normal) (G1 Evacuation Pause)
[2023-11-16T15:04:49.080+0000][gc,task      ] GC(2) Using 2 workers of 2 for evacuation
[2023-11-16T15:04:49.086+0000][gc,phases    ] GC(2)   Pre Evacuate Collection Set: 0.0ms
[2023-11-16T15:04:49.086+0000][gc,phases    ] GC(2)   Evacuate Collection Set: 5.3ms
[2023-11-16T15:04:49.086+0000][gc,phases    ] GC(2)   Post Evacuate Collection Set: 0.4ms
[2023-11-16T15:04:49.086+0000][gc,phases    ] GC(2)   Other: 0.1ms
[2023-11-16T15:04:49.086+0000][gc,heap      ] GC(2) Eden regions: 24->0(23)
[2023-11-16T15:04:49.086+0000][gc,heap      ] GC(2) Survivor regions: 1->2(4)
[2023-11-16T15:04:49.086+0000][gc,heap      ] GC(2) Old regions: 9->9
[2023-11-16T15:04:49.086+0000][gc,heap      ] GC(2) Humongous regions: 0->0
[2023-11-16T15:04:49.086+0000][gc,metaspace ] GC(2) Metaspace: 17769K(18688K)->17769K(18688K) NonClass: 15724K(16384K)->15724K(16384K) Class: 2044K(2304K)->2044K(2304K)
[2023-11-16T15:04:49.086+0000][gc           ] GC(2) Pause Young (Normal) (G1 Evacuation Pause) 31M->8M(512M) 5.912ms
[2023-11-16T15:04:49.086+0000][gc,cpu       ] GC(2) User=0.01s Sys=0.00s Real=0.01s
[2023-11-16T15:04:49.219+0000][gc,start     ] GC(3) Pause Young (Concurrent Start) (Metadata GC Threshold)
[2023-11-16T15:04:49.219+0000][gc,task      ] GC(3) Using 2 workers of 2 for evacuation
[2023-11-16T15:04:49.224+0000][gc,phases    ] GC(3)   Pre Evacuate Collection Set: 0.1ms
[2023-11-16T15:04:49.224+0000][gc,phases    ] GC(3)   Evacuate Collection Set: 4.6ms
[2023-11-16T15:04:49.224+0000][gc,phases    ] GC(3)   Post Evacuate Collection Set: 0.2ms
[2023-11-16T15:04:49.224+0000][gc,phases    ] GC(3)   Other: 0.2ms
[2023-11-16T15:04:49.224+0000][gc,heap      ] GC(3) Eden regions: 15->0(23)
[2023-11-16T15:04:49.224+0000][gc,heap      ] GC(3) Survivor regions: 2->2(4)
[2023-11-16T15:04:49.224+0000][gc,heap      ] GC(3) Old regions: 9->9
[2023-11-16T15:04:49.224+0000][gc,heap      ] GC(3) Humongous regions: 0->0
[2023-11-16T15:04:49.224+0000][gc,metaspace ] GC(3) Metaspace: 20373K(21248K)->20373K(21248K) NonClass: 18129K(18688K)->18129K(18688K) Class: 2244K(2560K)->2244K(2560K)
[2023-11-16T15:04:49.224+0000][gc           ] GC(3) Pause Young (Concurrent Start) (Metadata GC Threshold) 23M->9M(512M) 5.209ms
[2023-11-16T15:04:49.225+0000][gc,cpu       ] GC(3) User=0.01s Sys=0.00s Real=0.00s
[2023-11-16T15:04:49.225+0000][gc           ] GC(4) Concurrent Cycle
[2023-11-16T15:04:49.225+0000][gc,marking   ] GC(4) Concurrent Clear Claimed Marks
[2023-11-16T15:04:49.225+0000][gc,marking   ] GC(4) Concurrent Clear Claimed Marks 0.029ms
[2023-11-16T15:04:49.225+0000][gc,marking   ] GC(4) Concurrent Scan Root Regions
[2023-11-16T15:04:49.227+0000][gc,marking   ] GC(4) Concurrent Scan Root Regions 2.151ms
[2023-11-16T15:04:49.227+0000][gc,marking   ] GC(4) Concurrent Mark (1.828s)
[2023-11-16T15:04:49.227+0000][gc,marking   ] GC(4) Concurrent Mark From Roots
[2023-11-16T15:04:49.227+0000][gc,task      ] GC(4) Using 1 workers of 1 for marking
[2023-11-16T15:04:49.243+0000][gc,marking   ] GC(4) Concurrent Mark From Roots 16.214ms
[2023-11-16T15:04:49.243+0000][gc,marking   ] GC(4) Concurrent Preclean
[2023-11-16T15:04:49.243+0000][gc,marking   ] GC(4) Concurrent Preclean 0.105ms
[2023-11-16T15:04:49.243+0000][gc,marking   ] GC(4) Concurrent Mark (1.828s, 1.844s) 16.375ms
[2023-11-16T15:04:49.243+0000][gc,start     ] GC(4) Pause Remark
[2023-11-16T15:04:49.247+0000][gc,stringtable] GC(4) Cleaned string and symbol table, strings: 5783 processed, 9 removed, symbols: 47514 processed, 41 removed
[2023-11-16T15:04:49.247+0000][gc            ] GC(4) Pause Remark 10M->10M(512M) 3.367ms
[2023-11-16T15:04:49.247+0000][gc,cpu        ] GC(4) User=0.01s Sys=0.00s Real=0.01s
[2023-11-16T15:04:49.247+0000][gc,marking    ] GC(4) Concurrent Rebuild Remembered Sets
[2023-11-16T15:04:49.261+0000][gc,marking    ] GC(4) Concurrent Rebuild Remembered Sets 14.466ms
[2023-11-16T15:04:49.265+0000][gc,start      ] GC(4) Pause Cleanup
[2023-11-16T15:04:49.265+0000][gc            ] GC(4) Pause Cleanup 10M->10M(512M) 0.155ms
[2023-11-16T15:04:49.265+0000][gc,cpu        ] GC(4) User=0.00s Sys=0.00s Real=0.00s
[2023-11-16T15:04:49.265+0000][gc,marking    ] GC(4) Concurrent Cleanup for Next Mark
[2023-11-16T15:04:49.272+0000][gc,marking    ] GC(4) Concurrent Cleanup for Next Mark 7.408ms
[2023-11-16T15:04:49.273+0000][gc            ] GC(4) Concurrent Cycle 47.971ms
[2023-11-16T15:04:49.870+0000][gc,start      ] GC(5) Pause Young (Normal) (G1 Evacuation Pause)
[2023-11-16T15:04:49.870+0000][gc,task       ] GC(5) Using 2 workers of 2 for evacuation
[2023-11-16T15:04:49.879+0000][gc,phases     ] GC(5)   Pre Evacuate Collection Set: 0.0ms
[2023-11-16T15:04:49.879+0000][gc,phases     ] GC(5)   Evacuate Collection Set: 8.8ms
[2023-11-16T15:04:49.879+0000][gc,phases     ] GC(5)   Post Evacuate Collection Set: 0.4ms
[2023-11-16T15:04:49.879+0000][gc,phases     ] GC(5)   Other: 0.2ms
[2023-11-16T15:04:49.879+0000][gc,heap       ] GC(5) Eden regions: 23->0(21)
[2023-11-16T15:04:49.879+0000][gc,heap       ] GC(5) Survivor regions: 2->4(4)
[2023-11-16T15:04:49.879+0000][gc,heap       ] GC(5) Old regions: 9->9
[2023-11-16T15:04:49.879+0000][gc,heap       ] GC(5) Humongous regions: 0->0
[2023-11-16T15:04:49.879+0000][gc,metaspace  ] GC(5) Metaspace: 23306K(24448K)->23306K(24448K) NonClass: 20580K(21248K)->20580K(21248K) Class: 2726K(3200K)->2726K(3200K)
[2023-11-16T15:04:49.879+0000][gc            ] GC(5) Pause Young (Normal) (G1 Evacuation Pause) 32M->10M(512M) 9.450ms
[2023-11-16T15:04:49.879+0000][gc,cpu        ] GC(5) User=0.01s Sys=0.00s Real=0.01s
[2023-11-16T15:04:50.253+0000][gc,start      ] GC(6) Pause Young (Normal) (G1 Evacuation Pause)
[2023-11-16T15:04:50.253+0000][gc,task       ] GC(6) Using 2 workers of 2 for evacuation
[2023-11-16T15:04:50.272+0000][gc,phases     ] GC(6)   Pre Evacuate Collection Set: 0.0ms
[2023-11-16T15:04:50.272+0000][gc,phases     ] GC(6)   Evacuate Collection Set: 18.6ms
[2023-11-16T15:04:50.272+0000][gc,phases     ] GC(6)   Post Evacuate Collection Set: 0.4ms
[2023-11-16T15:04:50.272+0000][gc,phases     ] GC(6)   Other: 0.2ms
[2023-11-16T15:04:50.272+0000][gc,heap       ] GC(6) Eden regions: 21->0(22)
[2023-11-16T15:04:50.272+0000][gc,heap       ] GC(6) Survivor regions: 4->3(4)
[2023-11-16T15:04:50.272+0000][gc,heap       ] GC(6) Old regions: 9->10
[2023-11-16T15:04:50.272+0000][gc,heap       ] GC(6) Humongous regions: 0->0
[2023-11-16T15:04:50.272+0000][gc,metaspace  ] GC(6) Metaspace: 25989K(27264K)->25989K(27264K) NonClass: 23007K(23808K)->23007K(23808K) Class: 2982K(3456K)->2982K(3456K)
[2023-11-16T15:04:50.272+0000][gc            ] GC(6) Pause Young (Normal) (G1 Evacuation Pause) 31M->11M(512M) 19.298ms
[2023-11-16T15:04:50.272+0000][gc,cpu        ] GC(6) User=0.04s Sys=0.00s Real=0.02s
[2023-11-16T15:04:50.667+0000][gc,start      ] GC(7) Pause Young (Normal) (G1 Evacuation Pause)
[2023-11-16T15:04:50.667+0000][gc,task       ] GC(7) Using 2 workers of 2 for evacuation
[2023-11-16T15:04:50.675+0000][gc,phases     ] GC(7)   Pre Evacuate Collection Set: 0.0ms
[2023-11-16T15:04:50.675+0000][gc,phases     ] GC(7)   Evacuate Collection Set: 7.9ms
[2023-11-16T15:04:50.675+0000][gc,phases     ] GC(7)   Post Evacuate Collection Set: 0.3ms
[2023-11-16T15:04:50.675+0000][gc,phases     ] GC(7)   Other: 0.4ms
[2023-11-16T15:04:50.675+0000][gc,heap       ] GC(7) Eden regions: 22->0(22)
[2023-11-16T15:04:50.675+0000][gc,heap       ] GC(7) Survivor regions: 3->3(4)
[2023-11-16T15:04:50.675+0000][gc,heap       ] GC(7) Old regions: 10->11
[2023-11-16T15:04:50.675+0000][gc,heap       ] GC(7) Humongous regions: 11->11
[2023-11-16T15:04:50.675+0000][gc,metaspace  ] GC(7) Metaspace: 30211K(31616K)->30211K(31616K) NonClass: 26729K(27648K)->26729K(27648K) Class: 3482K(3968K)->3482K(3968K)
[2023-11-16T15:04:50.675+0000][gc            ] GC(7) Pause Young (Normal) (G1 Evacuation Pause) 44M->22M(512M) 8.631ms
[2023-11-16T15:04:50.675+0000][gc,cpu        ] GC(7) User=0.02s Sys=0.00s Real=0.01s
[2023-11-16T15:04:51.047+0000][gc,start      ] GC(8) Pause Young (Normal) (G1 Evacuation Pause)
[2023-11-16T15:04:51.047+0000][gc,task       ] GC(8) Using 2 workers of 2 for evacuation
[2023-11-16T15:04:51.056+0000][gc,phases     ] GC(8)   Pre Evacuate Collection Set: 0.0ms
[2023-11-16T15:04:51.056+0000][gc,phases     ] GC(8)   Evacuate Collection Set: 7.9ms
[2023-11-16T15:04:51.056+0000][gc,phases     ] GC(8)   Post Evacuate Collection Set: 0.3ms
[2023-11-16T15:04:51.056+0000][gc,phases     ] GC(8)   Other: 0.2ms
[2023-11-16T15:04:51.056+0000][gc,heap       ] GC(8) Eden regions: 22->0(23)
[2023-11-16T15:04:51.056+0000][gc,heap       ] GC(8) Survivor regions: 3->2(4)
[2023-11-16T15:04:51.056+0000][gc,heap       ] GC(8) Old regions: 11->12
[2023-11-16T15:04:51.056+0000][gc,heap       ] GC(8) Humongous regions: 13->13
[2023-11-16T15:04:51.056+0000][gc,metaspace  ] GC(8) Metaspace: 31278K(32512K)->31278K(32512K) NonClass: 27732K(28416K)->27732K(28416K) Class: 3546K(4096K)->3546K(4096K)
[2023-11-16T15:04:51.056+0000][gc            ] GC(8) Pause Young (Normal) (G1 Evacuation Pause) 46M->25M(512M) 8.475ms
[2023-11-16T15:04:51.056+0000][gc,cpu        ] GC(8) User=0.01s Sys=0.00s Real=0.01s
[2023-11-16T15:04:51.303+0000][gc,start      ] GC(9) Pause Young (Normal) (G1 Evacuation Pause)
[2023-11-16T15:04:51.303+0000][gc,task       ] GC(9) Using 2 workers of 2 for evacuation
[2023-11-16T15:04:51.311+0000][gc,phases     ] GC(9)   Pre Evacuate Collection Set: 0.0ms
[2023-11-16T15:04:51.311+0000][gc,phases     ] GC(9)   Evacuate Collection Set: 7.5ms
[2023-11-16T15:04:51.311+0000][gc,phases     ] GC(9)   Post Evacuate Collection Set: 0.3ms
[2023-11-16T15:04:51.311+0000][gc,phases     ] GC(9)   Other: 0.2ms
[2023-11-16T15:04:51.311+0000][gc,heap       ] GC(9) Eden regions: 23->0(22)
[2023-11-16T15:04:51.311+0000][gc,heap       ] GC(9) Survivor regions: 2->3(4)
[2023-11-16T15:04:51.311+0000][gc,heap       ] GC(9) Old regions: 12->12
[2023-11-16T15:04:51.311+0000][gc,heap       ] GC(9) Humongous regions: 13->9
[2023-11-16T15:04:51.311+0000][gc,metaspace  ] GC(9) Metaspace: 32735K(33920K)->32735K(33920K) NonClass: 29030K(29696K)->29030K(29696K) Class: 3704K(4224K)->3704K(4224K)
[2023-11-16T15:04:51.311+0000][gc            ] GC(9) Pause Young (Normal) (G1 Evacuation Pause) 48M->22M(512M) 8.015ms
[2023-11-16T15:04:51.311+0000][gc,cpu        ] GC(9) User=0.02s Sys=0.00s Real=0.01s
[2023-11-16T15:04:51.494+0000][gc,start      ] GC(10) Pause Young (Concurrent Start) (Metadata GC Threshold)
[2023-11-16T15:04:51.494+0000][gc,task       ] GC(10) Using 2 workers of 2 for evacuation
[2023-11-16T15:04:51.506+0000][gc,phases     ] GC(10)   Pre Evacuate Collection Set: 0.1ms
[2023-11-16T15:04:51.506+0000][gc,phases     ] GC(10)   Evacuate Collection Set: 12.1ms
[2023-11-16T15:04:51.506+0000][gc,phases     ] GC(10)   Post Evacuate Collection Set: 0.3ms
[2023-11-16T15:04:51.506+0000][gc,phases     ] GC(10)   Other: 0.2ms
[2023-11-16T15:04:51.506+0000][gc,heap       ] GC(10) Eden regions: 10->0(22)
[2023-11-16T15:04:51.506+0000][gc,heap       ] GC(10) Survivor regions: 3->3(4)
[2023-11-16T15:04:51.507+0000][gc,heap       ] GC(10) Old regions: 12->13
[2023-11-16T15:04:51.507+0000][gc,heap       ] GC(10) Humongous regions: 9->9
[2023-11-16T15:04:51.507+0000][gc,metaspace  ] GC(10) Metaspace: 34560K(35840K)->34560K(35840K) NonClass: 30743K(31488K)->30743K(31488K) Class: 3816K(4352K)->3816K(4352K)
[2023-11-16T15:04:51.507+0000][gc            ] GC(10) Pause Young (Concurrent Start) (Metadata GC Threshold) 32M->23M(512M) 12.794ms
[2023-11-16T15:04:51.507+0000][gc,cpu        ] GC(10) User=0.02s Sys=0.00s Real=0.01s
[2023-11-16T15:04:51.507+0000][gc            ] GC(11) Concurrent Cycle
[2023-11-16T15:04:51.507+0000][gc,marking    ] GC(11) Concurrent Clear Claimed Marks
[2023-11-16T15:04:51.507+0000][gc,marking    ] GC(11) Concurrent Clear Claimed Marks 0.107ms
[2023-11-16T15:04:51.507+0000][gc,marking    ] GC(11) Concurrent Scan Root Regions
[2023-11-16T15:04:51.512+0000][gc,marking    ] GC(11) Concurrent Scan Root Regions 5.488ms
[2023-11-16T15:04:51.512+0000][gc,marking    ] GC(11) Concurrent Mark (4.113s)
[2023-11-16T15:04:51.512+0000][gc,marking    ] GC(11) Concurrent Mark From Roots
[2023-11-16T15:04:51.512+0000][gc,task       ] GC(11) Using 1 workers of 1 for marking
[2023-11-16T15:04:51.599+0000][gc,marking    ] GC(11) Concurrent Mark From Roots 86.387ms
[2023-11-16T15:04:51.599+0000][gc,marking    ] GC(11) Concurrent Preclean
[2023-11-16T15:04:51.599+0000][gc,marking    ] GC(11) Concurrent Preclean 0.102ms
[2023-11-16T15:04:51.599+0000][gc,marking    ] GC(11) Concurrent Mark (4.113s, 4.200s) 86.546ms
[2023-11-16T15:04:51.599+0000][gc,start      ] GC(11) Pause Remark
[2023-11-16T15:04:51.605+0000][gc,stringtable] GC(11) Cleaned string and symbol table, strings: 9418 processed, 9 removed, symbols: 86516 processed, 26 removed
[2023-11-16T15:04:51.605+0000][gc            ] GC(11) Pause Remark 27M->27M(512M) 6.141ms
[2023-11-16T15:04:51.605+0000][gc,cpu        ] GC(11) User=0.01s Sys=0.00s Real=0.00s
[2023-11-16T15:04:51.605+0000][gc,marking    ] GC(11) Concurrent Rebuild Remembered Sets
[2023-11-16T15:04:51.645+0000][gc,marking    ] GC(11) Concurrent Rebuild Remembered Sets 39.222ms
[2023-11-16T15:04:51.645+0000][gc,start      ] GC(11) Pause Cleanup
[2023-11-16T15:04:51.645+0000][gc            ] GC(11) Pause Cleanup 30M->30M(512M) 0.114ms
[2023-11-16T15:04:51.645+0000][gc,cpu        ] GC(11) User=0.00s Sys=0.00s Real=0.00s
[2023-11-16T15:04:51.645+0000][gc,marking    ] GC(11) Concurrent Cleanup for Next Mark
[2023-11-16T15:04:51.661+0000][gc,marking    ] GC(11) Concurrent Cleanup for Next Mark 15.728ms
[2023-11-16T15:04:51.661+0000][gc            ] GC(11) Concurrent Cycle 154.040ms
[2023-11-16T15:04:52.427+0000][gc,start      ] GC(12) Pause Young (Concurrent Start) (G1 Evacuation Pause)
[2023-11-16T15:04:52.427+0000][gc,task       ] GC(12) Using 2 workers of 2 for evacuation
[2023-11-16T15:04:52.444+0000][gc,phases     ] GC(12)   Pre Evacuate Collection Set: 0.1ms
[2023-11-16T15:04:52.444+0000][gc,phases     ] GC(12)   Evacuate Collection Set: 16.7ms
[2023-11-16T15:04:52.444+0000][gc,phases     ] GC(12)   Post Evacuate Collection Set: 0.4ms
[2023-11-16T15:04:52.444+0000][gc,phases     ] GC(12)   Other: 0.2ms
[2023-11-16T15:04:52.444+0000][gc,heap       ] GC(12) Eden regions: 22->0(22)
[2023-11-16T15:04:52.444+0000][gc,heap       ] GC(12) Survivor regions: 3->3(4)
[2023-11-16T15:04:52.444+0000][gc,heap       ] GC(12) Old regions: 13->15
[2023-11-16T15:04:52.444+0000][gc,heap       ] GC(12) Humongous regions: 9->9
[2023-11-16T15:04:52.444+0000][gc,metaspace  ] GC(12) Metaspace: 36393K(38016K)->36393K(38016K) NonClass: 32342K(33280K)->32342K(33280K) Class: 4050K(4736K)->4050K(4736K)
[2023-11-16T15:04:52.444+0000][gc            ] GC(12) Pause Young (Concurrent Start) (G1 Evacuation Pause) 45M->24M(512M) 17.563ms
[2023-11-16T15:04:52.445+0000][gc,cpu        ] GC(12) User=0.03s Sys=0.00s Real=0.01s
[2023-11-16T15:04:52.445+0000][gc            ] GC(13) Concurrent Cycle
[2023-11-16T15:04:52.445+0000][gc,marking    ] GC(13) Concurrent Clear Claimed Marks
[2023-11-16T15:04:52.445+0000][gc,marking    ] GC(13) Concurrent Clear Claimed Marks 0.121ms
[2023-11-16T15:04:52.445+0000][gc,marking    ] GC(13) Concurrent Scan Root Regions
[2023-11-16T15:04:52.448+0000][gc,marking    ] GC(13) Concurrent Scan Root Regions 3.557ms
[2023-11-16T15:04:52.448+0000][gc,marking    ] GC(13) Concurrent Mark (5.049s)
[2023-11-16T15:04:52.448+0000][gc,marking    ] GC(13) Concurrent Mark From Roots
[2023-11-16T15:04:52.448+0000][gc,task       ] GC(13) Using 1 workers of 1 for marking
[2023-11-16T15:04:52.526+0000][gc,marking    ] GC(13) Concurrent Mark From Roots 77.826ms
[2023-11-16T15:04:52.526+0000][gc,marking    ] GC(13) Concurrent Preclean
[2023-11-16T15:04:52.527+0000][gc,marking    ] GC(13) Concurrent Preclean 0.371ms
[2023-11-16T15:04:52.527+0000][gc,marking    ] GC(13) Concurrent Mark (5.049s, 5.128s) 78.268ms
[2023-11-16T15:04:52.532+0000][gc,start      ] GC(13) Pause Remark
[2023-11-16T15:04:52.540+0000][gc,stringtable] GC(13) Cleaned string and symbol table, strings: 9898 processed, 7 removed, symbols: 87442 processed, 1 removed
[2023-11-16T15:04:52.542+0000][gc            ] GC(13) Pause Remark 26M->26M(512M) 10.363ms
[2023-11-16T15:04:52.542+0000][gc,cpu        ] GC(13) User=0.02s Sys=0.00s Real=0.01s
[2023-11-16T15:04:52.542+0000][gc,marking    ] GC(13) Concurrent Rebuild Remembered Sets
[2023-11-16T15:04:52.575+0000][gc,marking    ] GC(13) Concurrent Rebuild Remembered Sets 32.363ms
[2023-11-16T15:04:52.575+0000][gc,start      ] GC(13) Pause Cleanup
[2023-11-16T15:04:52.575+0000][gc            ] GC(13) Pause Cleanup 26M->26M(512M) 0.181ms
[2023-11-16T15:04:52.575+0000][gc,cpu        ] GC(13) User=0.00s Sys=0.00s Real=0.00s
[2023-11-16T15:04:52.575+0000][gc,marking    ] GC(13) Concurrent Cleanup for Next Mark
[2023-11-16T15:04:52.577+0000][gc,marking    ] GC(13) Concurrent Cleanup for Next Mark 1.780ms
[2023-11-16T15:04:52.578+0000][gc            ] GC(13) Concurrent Cycle 133.266ms
[2023-11-16T15:04:53.366+0000][gc,start      ] GC(14) Pause Young (Normal) (G1 Evacuation Pause)
[2023-11-16T15:04:53.366+0000][gc,task       ] GC(14) Using 2 workers of 2 for evacuation
[2023-11-16T15:04:53.377+0000][gc,phases     ] GC(14)   Pre Evacuate Collection Set: 0.0ms
[2023-11-16T15:04:53.377+0000][gc,phases     ] GC(14)   Evacuate Collection Set: 9.5ms
[2023-11-16T15:04:53.377+0000][gc,phases     ] GC(14)   Post Evacuate Collection Set: 0.5ms
[2023-11-16T15:04:53.377+0000][gc,phases     ] GC(14)   Other: 0.6ms
[2023-11-16T15:04:53.377+0000][gc,heap       ] GC(14) Eden regions: 22->0(22)
[2023-11-16T15:04:53.377+0000][gc,heap       ] GC(14) Survivor regions: 3->3(4)
[2023-11-16T15:04:53.377+0000][gc,heap       ] GC(14) Old regions: 15->16
[2023-11-16T15:04:53.377+0000][gc,heap       ] GC(14) Humongous regions: 138->138
[2023-11-16T15:04:53.377+0000][gc,metaspace  ] GC(14) Metaspace: 38366K(39936K)->38366K(39936K) NonClass: 33973K(34816K)->33973K(34816K) Class: 4393K(5120K)->4393K(5120K)
[2023-11-16T15:04:53.377+0000][gc            ] GC(14) Pause Young (Normal) (G1 Evacuation Pause) 175M->155M(512M) 10.673ms
[2023-11-16T15:04:53.377+0000][gc,cpu        ] GC(14) User=0.02s Sys=0.00s Real=0.01s
[2023-11-16T15:04:54.036+0000][gc,start      ] GC(15) Pause Young (Concurrent Start) (G1 Humongous Allocation)
[2023-11-16T15:04:54.036+0000][gc,task       ] GC(15) Using 2 workers of 2 for evacuation
[2023-11-16T15:04:54.046+0000][gc,phases     ] GC(15)   Pre Evacuate Collection Set: 0.2ms
[2023-11-16T15:04:54.046+0000][gc,phases     ] GC(15)   Evacuate Collection Set: 9.0ms
[2023-11-16T15:04:54.046+0000][gc,phases     ] GC(15)   Post Evacuate Collection Set: 0.4ms
[2023-11-16T15:04:54.046+0000][gc,phases     ] GC(15)   Other: 0.3ms
[2023-11-16T15:04:54.046+0000][gc,heap       ] GC(15) Eden regions: 8->0(23)
[2023-11-16T15:04:54.046+0000][gc,heap       ] GC(15) Survivor regions: 3->2(4)
[2023-11-16T15:04:54.046+0000][gc,heap       ] GC(15) Old regions: 16->17
[2023-11-16T15:04:54.046+0000][gc,heap       ] GC(15) Humongous regions: 162->138
[2023-11-16T15:04:54.046+0000][gc,metaspace  ] GC(15) Metaspace: 39063K(40960K)->39063K(40960K) NonClass: 34507K(35584K)->34507K(35584K) Class: 4555K(5376K)->4555K(5376K)
[2023-11-16T15:04:54.046+0000][gc            ] GC(15) Pause Young (Concurrent Start) (G1 Humongous Allocation) 186M->155M(512M) 9.929ms
[2023-11-16T15:04:54.046+0000][gc,cpu        ] GC(15) User=0.02s Sys=0.00s Real=0.01s
[2023-11-16T15:04:54.046+0000][gc            ] GC(16) Concurrent Cycle
[2023-11-16T15:04:54.046+0000][gc,marking    ] GC(16) Concurrent Clear Claimed Marks
[2023-11-16T15:04:54.046+0000][gc,marking    ] GC(16) Concurrent Clear Claimed Marks 0.151ms
[2023-11-16T15:04:54.046+0000][gc,marking    ] GC(16) Concurrent Scan Root Regions
[2023-11-16T15:04:54.048+0000][gc,marking    ] GC(16) Concurrent Scan Root Regions 1.885ms
[2023-11-16T15:04:54.048+0000][gc,marking    ] GC(16) Concurrent Mark (6.649s)
[2023-11-16T15:04:54.048+0000][gc,marking    ] GC(16) Concurrent Mark From Roots
[2023-11-16T15:04:54.048+0000][gc,task       ] GC(16) Using 1 workers of 1 for marking
[2023-11-16T15:04:54.113+0000][gc,marking    ] GC(16) Concurrent Mark From Roots 64.382ms
[2023-11-16T15:04:54.113+0000][gc,marking    ] GC(16) Concurrent Preclean
[2023-11-16T15:04:54.113+0000][gc,marking    ] GC(16) Concurrent Preclean 0.090ms
[2023-11-16T15:04:54.113+0000][gc,marking    ] GC(16) Concurrent Mark (6.649s, 6.714s) 64.533ms
[2023-11-16T15:04:54.113+0000][gc,start      ] GC(16) Pause Remark
[2023-11-16T15:04:54.120+0000][gc,stringtable] GC(16) Cleaned string and symbol table, strings: 10899 processed, 2 removed, symbols: 90963 processed, 2 removed
[2023-11-16T15:04:54.120+0000][gc            ] GC(16) Pause Remark 197M->197M(512M) 7.246ms
[2023-11-16T15:04:54.120+0000][gc,cpu        ] GC(16) User=0.01s Sys=0.00s Real=0.01s
[2023-11-16T15:04:54.120+0000][gc,marking    ] GC(16) Concurrent Rebuild Remembered Sets
[2023-11-16T15:04:54.136+0000][gc,marking    ] GC(16) Concurrent Rebuild Remembered Sets 16.019ms
[2023-11-16T15:04:54.137+0000][gc,start      ] GC(16) Pause Cleanup
[2023-11-16T15:04:54.137+0000][gc            ] GC(16) Pause Cleanup 198M->198M(512M) 0.184ms
[2023-11-16T15:04:54.137+0000][gc,cpu        ] GC(16) User=0.00s Sys=0.00s Real=0.00s
[2023-11-16T15:04:54.137+0000][gc,marking    ] GC(16) Concurrent Cleanup for Next Mark
[2023-11-16T15:04:54.138+0000][gc,marking    ] GC(16) Concurrent Cleanup for Next Mark 1.503ms
[2023-11-16T15:04:54.138+0000][gc            ] GC(16) Concurrent Cycle 92.158ms
[2023-11-16T15:05:33.480+0000][gc,start      ] GC(17) Pause Young (Normal) (G1 Evacuation Pause)
[2023-11-16T15:05:33.480+0000][gc,task       ] GC(17) Using 2 workers of 2 for evacuation
[2023-11-16T15:05:33.491+0000][gc,phases     ] GC(17)   Pre Evacuate Collection Set: 0.0ms
[2023-11-16T15:05:33.491+0000][gc,phases     ] GC(17)   Evacuate Collection Set: 10.2ms
[2023-11-16T15:05:33.491+0000][gc,phases     ] GC(17)   Post Evacuate Collection Set: 0.7ms
[2023-11-16T15:05:33.491+0000][gc,phases     ] GC(17)   Other: 0.2ms
[2023-11-16T15:05:33.491+0000][gc,heap       ] GC(17) Eden regions: 23->0(21)
[2023-11-16T15:05:33.491+0000][gc,heap       ] GC(17) Survivor regions: 2->4(4)
[2023-11-16T15:05:33.491+0000][gc,heap       ] GC(17) Old regions: 17->17
[2023-11-16T15:05:33.491+0000][gc,heap       ] GC(17) Humongous regions: 180->138
[2023-11-16T15:05:33.491+0000][gc,metaspace  ] GC(17) Metaspace: 41939K(44416K)->41939K(44416K) NonClass: 36813K(38144K)->36813K(38144K) Class: 5125K(6272K)->5125K(6272K)
[2023-11-16T15:05:33.491+0000][gc            ] GC(17) Pause Young (Normal) (G1 Evacuation Pause) 220M->157M(512M) 11.220ms
[2023-11-16T15:05:33.491+0000][gc,cpu        ] GC(17) User=0.02s Sys=0.00s Real=0.01s
[2023-11-16T15:06:41.770+0000][gc,start      ] GC(18) Pause Young (Normal) (G1 Evacuation Pause)
[2023-11-16T15:06:41.770+0000][gc,task       ] GC(18) Using 2 workers of 2 for evacuation
[2023-11-16T15:06:41.788+0000][gc,phases     ] GC(18)   Pre Evacuate Collection Set: 0.0ms
[2023-11-16T15:06:41.788+0000][gc,phases     ] GC(18)   Evacuate Collection Set: 16.7ms
[2023-11-16T15:06:41.788+0000][gc,phases     ] GC(18)   Post Evacuate Collection Set: 0.5ms
[2023-11-16T15:06:41.788+0000][gc,phases     ] GC(18)   Other: 0.3ms
[2023-11-16T15:06:41.788+0000][gc,heap       ] GC(18) Eden regions: 21->0(21)
[2023-11-16T15:06:41.788+0000][gc,heap       ] GC(18) Survivor regions: 4->4(4)
[2023-11-16T15:06:41.788+0000][gc,heap       ] GC(18) Old regions: 17->19
[2023-11-16T15:06:41.788+0000][gc,heap       ] GC(18) Humongous regions: 138->138
[2023-11-16T15:06:41.788+0000][gc,metaspace  ] GC(18) Metaspace: 42685K(45184K)->42685K(45184K) NonClass: 37550K(38912K)->37550K(38912K) Class: 5135K(6272K)->5135K(6272K)
[2023-11-16T15:06:41.788+0000][gc            ] GC(18) Pause Young (Normal) (G1 Evacuation Pause) 178M->159M(512M) 17.521ms
[2023-11-16T15:06:41.788+0000][gc,cpu        ] GC(18) User=0.03s Sys=0.00s Real=0.02s
[2023-11-16T15:07:57.119+0000][gc,start      ] GC(19) Pause Young (Normal) (G1 Evacuation Pause)
[2023-11-16T15:07:57.119+0000][gc,task       ] GC(19) Using 2 workers of 2 for evacuation
[2023-11-16T15:07:57.138+0000][gc,phases     ] GC(19)   Pre Evacuate Collection Set: 0.0ms
[2023-11-16T15:07:57.138+0000][gc,phases     ] GC(19)   Evacuate Collection Set: 18.2ms
[2023-11-16T15:07:57.138+0000][gc,phases     ] GC(19)   Post Evacuate Collection Set: 0.5ms
[2023-11-16T15:07:57.138+0000][gc,phases     ] GC(19)   Other: 0.2ms
[2023-11-16T15:07:57.138+0000][gc,heap       ] GC(19) Eden regions: 21->0(21)
[2023-11-16T15:07:57.138+0000][gc,heap       ] GC(19) Survivor regions: 4->4(4)
[2023-11-16T15:07:57.138+0000][gc,heap       ] GC(19) Old regions: 19->21
[2023-11-16T15:07:57.138+0000][gc,heap       ] GC(19) Humongous regions: 138->138
[2023-11-16T15:07:57.138+0000][gc,metaspace  ] GC(19) Metaspace: 42834K(45440K)->42834K(45440K) NonClass: 37694K(39168K)->37694K(39168K) Class: 5139K(6272K)->5139K(6272K)
[2023-11-16T15:07:57.138+0000][gc            ] GC(19) Pause Young (Normal) (G1 Evacuation Pause) 180M->161M(512M) 18.930ms
[2023-11-16T15:07:57.138+0000][gc,cpu        ] GC(19) User=0.04s Sys=0.00s Real=0.02s
[2023-11-16T15:09:14.303+0000][gc,start      ] GC(20) Pause Young (Normal) (G1 Evacuation Pause)
[2023-11-16T15:09:14.303+0000][gc,task       ] GC(20) Using 2 workers of 2 for evacuation
[2023-11-16T15:09:14.313+0000][gc,phases     ] GC(20)   Pre Evacuate Collection Set: 0.0ms
[2023-11-16T15:09:14.313+0000][gc,phases     ] GC(20)   Evacuate Collection Set: 9.4ms
[2023-11-16T15:09:14.313+0000][gc,phases     ] GC(20)   Post Evacuate Collection Set: 0.3ms
[2023-11-16T15:09:14.313+0000][gc,phases     ] GC(20)   Other: 0.2ms
[2023-11-16T15:09:14.313+0000][gc,heap       ] GC(20) Eden regions: 21->0(22)
[2023-11-16T15:09:14.313+0000][gc,heap       ] GC(20) Survivor regions: 4->3(4)
[2023-11-16T15:09:14.313+0000][gc,heap       ] GC(20) Old regions: 21->22
[2023-11-16T15:09:14.313+0000][gc,heap       ] GC(20) Humongous regions: 138->138
[2023-11-16T15:09:14.313+0000][gc,metaspace  ] GC(20) Metaspace: 43069K(45440K)->43069K(45440K) NonClass: 37929K(39168K)->37929K(39168K) Class: 5139K(6272K)->5139K(6272K)
[2023-11-16T15:09:14.313+0000][gc            ] GC(20) Pause Young (Normal) (G1 Evacuation Pause) 182M->160M(512M) 10.031ms
[2023-11-16T15:09:14.313+0000][gc,cpu        ] GC(20) User=0.01s Sys=0.00s Real=0.01s
[2023-11-16T15:10:35.796+0000][gc,start      ] GC(21) Pause Young (Normal) (G1 Evacuation Pause)
[2023-11-16T15:10:35.796+0000][gc,task       ] GC(21) Using 2 workers of 2 for evacuation
[2023-11-16T15:10:35.813+0000][gc,phases     ] GC(21)   Pre Evacuate Collection Set: 0.0ms
[2023-11-16T15:10:35.813+0000][gc,phases     ] GC(21)   Evacuate Collection Set: 16.3ms
[2023-11-16T15:10:35.813+0000][gc,phases     ] GC(21)   Post Evacuate Collection Set: 0.4ms
[2023-11-16T15:10:35.813+0000][gc,phases     ] GC(21)   Other: 0.2ms
[2023-11-16T15:10:35.813+0000][gc,heap       ] GC(21) Eden regions: 22->0(22)
[2023-11-16T15:10:35.813+0000][gc,heap       ] GC(21) Survivor regions: 3->3(4)
[2023-11-16T15:10:35.813+0000][gc,heap       ] GC(21) Old regions: 22->25
[2023-11-16T15:10:35.813+0000][gc,heap       ] GC(21) Humongous regions: 138->138
[2023-11-16T15:10:35.813+0000][gc,metaspace  ] GC(21) Metaspace: 43235K(45696K)->43235K(45696K) NonClass: 38094K(39424K)->38094K(39424K) Class: 5141K(6272K)->5141K(6272K)
[2023-11-16T15:10:35.813+0000][gc            ] GC(21) Pause Young (Normal) (G1 Evacuation Pause) 182M->163M(512M) 17.042ms
[2023-11-16T15:10:35.813+0000][gc,cpu        ] GC(21) User=0.03s Sys=0.00s Real=0.01s
[2023-11-16T15:11:58.823+0000][gc,start      ] GC(22) Pause Young (Normal) (G1 Evacuation Pause)
[2023-11-16T15:11:58.823+0000][gc,task       ] GC(22) Using 2 workers of 2 for evacuation
[2023-11-16T15:11:58.836+0000][gc,phases     ] GC(22)   Pre Evacuate Collection Set: 0.0ms
[2023-11-16T15:11:58.836+0000][gc,phases     ] GC(22)   Evacuate Collection Set: 12.5ms
[2023-11-16T15:11:58.836+0000][gc,phases     ] GC(22)   Post Evacuate Collection Set: 0.4ms
[2023-11-16T15:11:58.836+0000][gc,phases     ] GC(22)   Other: 0.2ms
[2023-11-16T15:11:58.836+0000][gc,heap       ] GC(22) Eden regions: 22->0(22)
[2023-11-16T15:11:58.836+0000][gc,heap       ] GC(22) Survivor regions: 3->3(4)
[2023-11-16T15:11:58.836+0000][gc,heap       ] GC(22) Old regions: 25->26
[2023-11-16T15:11:58.836+0000][gc,heap       ] GC(22) Humongous regions: 138->138
[2023-11-16T15:11:58.836+0000][gc,metaspace  ] GC(22) Metaspace: 43249K(45696K)->43249K(45696K) NonClass: 38108K(39424K)->38108K(39424K) Class: 5141K(6272K)->5141K(6272K)
[2023-11-16T15:11:58.836+0000][gc            ] GC(22) Pause Young (Normal) (G1 Evacuation Pause) 185M->164M(512M) 13.210ms
[2023-11-16T15:11:58.836+0000][gc,cpu        ] GC(22) User=0.03s Sys=0.00s Real=0.02s
[2023-11-16T15:13:23.204+0000][gc,start      ] GC(23) Pause Young (Normal) (G1 Evacuation Pause)
[2023-11-16T15:13:23.204+0000][gc,task       ] GC(23) Using 2 workers of 2 for evacuation
[2023-11-16T15:13:23.216+0000][gc,phases     ] GC(23)   Pre Evacuate Collection Set: 0.0ms
[2023-11-16T15:13:23.216+0000][gc,phases     ] GC(23)   Evacuate Collection Set: 12.1ms
[2023-11-16T15:13:23.216+0000][gc,phases     ] GC(23)   Post Evacuate Collection Set: 0.3ms
[2023-11-16T15:13:23.216+0000][gc,phases     ] GC(23)   Other: 0.2ms
[2023-11-16T15:13:23.216+0000][gc,heap       ] GC(23) Eden regions: 22->0(22)
[2023-11-16T15:13:23.216+0000][gc,heap       ] GC(23) Survivor regions: 3->3(4)
[2023-11-16T15:13:23.217+0000][gc,heap       ] GC(23) Old regions: 26->28
[2023-11-16T15:13:23.217+0000][gc,heap       ] GC(23) Humongous regions: 138->138
[2023-11-16T15:13:23.217+0000][gc,metaspace  ] GC(23) Metaspace: 43272K(45696K)->43272K(45696K) NonClass: 38131K(39424K)->38131K(39424K) Class: 5141K(6272K)->5141K(6272K)
[2023-11-16T15:13:23.217+0000][gc            ] GC(23) Pause Young (Normal) (G1 Evacuation Pause) 186M->166M(512M) 12.773ms
[2023-11-16T15:13:23.217+0000][gc,cpu        ] GC(23) User=0.02s Sys=0.00s Real=0.02s
[2023-11-16T15:14:46.097+0000][gc,start      ] GC(24) Pause Young (Normal) (G1 Evacuation Pause)
[2023-11-16T15:14:46.097+0000][gc,task       ] GC(24) Using 2 workers of 2 for evacuation
[2023-11-16T15:14:46.110+0000][gc,phases     ] GC(24)   Pre Evacuate Collection Set: 0.0ms
[2023-11-16T15:14:46.110+0000][gc,phases     ] GC(24)   Evacuate Collection Set: 12.3ms
[2023-11-16T15:14:46.110+0000][gc,phases     ] GC(24)   Post Evacuate Collection Set: 0.5ms
[2023-11-16T15:14:46.110+0000][gc,phases     ] GC(24)   Other: 0.2ms
[2023-11-16T15:14:46.110+0000][gc,heap       ] GC(24) Eden regions: 22->0(23)
[2023-11-16T15:14:46.110+0000][gc,heap       ] GC(24) Survivor regions: 3->3(4)
[2023-11-16T15:14:46.110+0000][gc,heap       ] GC(24) Old regions: 28->29
[2023-11-16T15:14:46.110+0000][gc,heap       ] GC(24) Humongous regions: 138->138
[2023-11-16T15:14:46.110+0000][gc,metaspace  ] GC(24) Metaspace: 43336K(45696K)->43336K(45696K) NonClass: 38195K(39424K)->38195K(39424K) Class: 5141K(6272K)->5141K(6272K)
[2023-11-16T15:14:46.110+0000][gc            ] GC(24) Pause Young (Normal) (G1 Evacuation Pause) 188M->167M(512M) 13.034ms
[2023-11-16T15:14:46.110+0000][gc,cpu        ] GC(24) User=0.02s Sys=0.01s Real=0.01s
[2023-11-16T15:16:08.284+0000][gc,start      ] GC(25) Pause Young (Normal) (G1 Evacuation Pause)
[2023-11-16T15:16:08.284+0000][gc,task       ] GC(25) Using 2 workers of 2 for evacuation
[2023-11-16T15:16:08.297+0000][gc,phases     ] GC(25)   Pre Evacuate Collection Set: 0.0ms
[2023-11-16T15:16:08.297+0000][gc,phases     ] GC(25)   Evacuate Collection Set: 12.6ms
[2023-11-16T15:16:08.297+0000][gc,phases     ] GC(25)   Post Evacuate Collection Set: 0.4ms
[2023-11-16T15:16:08.297+0000][gc,phases     ] GC(25)   Other: 0.2ms
[2023-11-16T15:16:08.297+0000][gc,heap       ] GC(25) Eden regions: 22->0(24)
[2023-11-16T15:16:08.297+0000][gc,heap       ] GC(25) Survivor regions: 3->3(4)
[2023-11-16T15:16:08.297+0000][gc,heap       ] GC(25) Old regions: 29->32
[2023-11-16T15:16:08.297+0000][gc,heap       ] GC(25) Humongous regions: 138->138
[2023-11-16T15:16:08.297+0000][gc,metaspace  ] GC(25) Metaspace: 43406K(45952K)->43406K(45952K) NonClass: 38247K(39680K)->38247K(39680K) Class: 5159K(6272K)->5159K(6272K)
[2023-11-16T15:16:08.297+0000][gc            ] GC(25) Pause Young (Normal) (G1 Evacuation Pause) 189M->170M(512M) 13.348ms
[2023-11-16T15:16:08.297+0000][gc,cpu        ] GC(25) User=0.02s Sys=0.00s Real=0.02s
[2023-11-16T15:17:32.967+0000][gc,start      ] GC(26) Pause Young (Normal) (G1 Evacuation Pause)
[2023-11-16T15:17:32.967+0000][gc,task       ] GC(26) Using 2 workers of 2 for evacuation
[2023-11-16T15:17:32.980+0000][gc,phases     ] GC(26)   Pre Evacuate Collection Set: 0.0ms
[2023-11-16T15:17:32.980+0000][gc,phases     ] GC(26)   Evacuate Collection Set: 12.5ms
[2023-11-16T15:17:32.980+0000][gc,phases     ] GC(26)   Post Evacuate Collection Set: 0.4ms
[2023-11-16T15:17:32.980+0000][gc,phases     ] GC(26)   Other: 0.2ms
[2023-11-16T15:17:32.980+0000][gc,heap       ] GC(26) Eden regions: 22->0(27)
[2023-11-16T15:17:32.980+0000][gc,heap       ] GC(26) Survivor regions: 3->3(4)
[2023-11-16T15:17:32.980+0000][gc,heap       ] GC(26) Old regions: 32->33
[2023-11-16T15:17:32.980+0000][gc,heap       ] GC(26) Humongous regions: 138->138
[2023-11-16T15:17:32.980+0000][gc,metaspace  ] GC(26) Metaspace: 43413K(45952K)->43413K(45952K) NonClass: 38253K(39680K)->38253K(39680K) Class: 5159K(6272K)->5159K(6272K)
[2023-11-16T15:17:32.980+0000][gc            ] GC(26) Pause Young (Normal) (G1 Evacuation Pause) 192M->171M(512M) 13.124ms
[2023-11-16T15:17:32.980+0000][gc,cpu        ] GC(26) User=0.02s Sys=0.00s Real=0.01s
[2023-11-16T15:19:03.671+0000][gc,start      ] GC(27) Pause Young (Normal) (G1 Evacuation Pause)
[2023-11-16T15:19:03.671+0000][gc,task       ] GC(27) Using 2 workers of 2 for evacuation
[2023-11-16T15:19:03.687+0000][gc,phases     ] GC(27)   Pre Evacuate Collection Set: 0.0ms
[2023-11-16T15:19:03.687+0000][gc,phases     ] GC(27)   Evacuate Collection Set: 15.0ms
[2023-11-16T15:19:03.687+0000][gc,phases     ] GC(27)   Post Evacuate Collection Set: 0.3ms
[2023-11-16T15:19:03.687+0000][gc,phases     ] GC(27)   Other: 0.2ms
[2023-11-16T15:19:03.687+0000][gc,heap       ] GC(27) Eden regions: 23->0(27)
[2023-11-16T15:19:03.687+0000][gc,heap       ] GC(27) Survivor regions: 3->3(4)
[2023-11-16T15:19:03.687+0000][gc,heap       ] GC(27) Old regions: 33->35
[2023-11-16T15:19:03.687+0000][gc,heap       ] GC(27) Humongous regions: 138->138
[2023-11-16T15:19:03.687+0000][gc,metaspace  ] GC(27) Metaspace: 43520K(45952K)->43520K(45952K) NonClass: 38361K(39680K)->38361K(39680K) Class: 5159K(6272K)->5159K(6272K)
[2023-11-16T15:19:03.687+0000][gc            ] GC(27) Pause Young (Normal) (G1 Evacuation Pause) 194M->174M(512M) 15.688ms
[2023-11-16T15:19:03.687+0000][gc,cpu        ] GC(27) User=0.03s Sys=0.00s Real=0.02s
[2023-11-16T15:20:48.991+0000][gc,start      ] GC(28) Pause Young (Normal) (G1 Evacuation Pause)
[2023-11-16T15:20:48.991+0000][gc,task       ] GC(28) Using 2 workers of 2 for evacuation
[2023-11-16T15:20:49.016+0000][gc,mmu        ] GC(28) MMU target violated: 21.0ms (20.0ms/21.0ms)
[2023-11-16T15:20:49.016+0000][gc,phases     ] GC(28)   Pre Evacuate Collection Set: 0.2ms
[2023-11-16T15:20:49.016+0000][gc,phases     ] GC(28)   Evacuate Collection Set: 23.3ms
[2023-11-16T15:20:49.016+0000][gc,phases     ] GC(28)   Post Evacuate Collection Set: 0.8ms
[2023-11-16T15:20:49.016+0000][gc,phases     ] GC(28)   Other: 0.6ms
[2023-11-16T15:20:49.016+0000][gc,heap       ] GC(28) Eden regions: 27->0(25)
[2023-11-16T15:20:49.016+0000][gc,heap       ] GC(28) Survivor regions: 3->4(4)
[2023-11-16T15:20:49.016+0000][gc,heap       ] GC(28) Old regions: 35->36
[2023-11-16T15:20:49.016+0000][gc,heap       ] GC(28) Humongous regions: 138->138
[2023-11-16T15:20:49.016+0000][gc,metaspace  ] GC(28) Metaspace: 43539K(45952K)->43539K(45952K) NonClass: 38379K(39680K)->38379K(39680K) Class: 5159K(6272K)->5159K(6272K)
[2023-11-16T15:20:49.016+0000][gc            ] GC(28) Pause Young (Normal) (G1 Evacuation Pause) 201M->175M(512M) 24.907ms
[2023-11-16T15:20:49.016+0000][gc,cpu        ] GC(28) User=0.04s Sys=0.00s Real=0.03s
[2023-11-16T15:22:27.559+0000][gc,start      ] GC(29) Pause Young (Normal) (G1 Evacuation Pause)
[2023-11-16T15:22:27.559+0000][gc,task       ] GC(29) Using 2 workers of 2 for evacuation
[2023-11-16T15:22:27.570+0000][gc,phases     ] GC(29)   Pre Evacuate Collection Set: 0.0ms
[2023-11-16T15:22:27.570+0000][gc,phases     ] GC(29)   Evacuate Collection Set: 10.1ms
[2023-11-16T15:22:27.570+0000][gc,phases     ] GC(29)   Post Evacuate Collection Set: 0.6ms
[2023-11-16T15:22:27.570+0000][gc,phases     ] GC(29)   Other: 0.2ms
[2023-11-16T15:22:27.570+0000][gc,heap       ] GC(29) Eden regions: 25->0(27)
[2023-11-16T15:22:27.570+0000][gc,heap       ] GC(29) Survivor regions: 4->2(4)
[2023-11-16T15:22:27.570+0000][gc,heap       ] GC(29) Old regions: 36->38
[2023-11-16T15:22:27.570+0000][gc,heap       ] GC(29) Humongous regions: 138->138
[2023-11-16T15:22:27.570+0000][gc,metaspace  ] GC(29) Metaspace: 43542K(45952K)->43542K(45952K) NonClass: 38383K(39680K)->38383K(39680K) Class: 5159K(6272K)->5159K(6272K)
[2023-11-16T15:22:27.570+0000][gc            ] GC(29) Pause Young (Normal) (G1 Evacuation Pause) 200M->175M(512M) 11.046ms
[2023-11-16T15:22:27.570+0000][gc,cpu        ] GC(29) User=0.02s Sys=0.00s Real=0.01s
[2023-11-16T15:24:15.075+0000][gc,start      ] GC(30) Pause Young (Normal) (G1 Evacuation Pause)
[2023-11-16T15:24:15.075+0000][gc,task       ] GC(30) Using 2 workers of 2 for evacuation
[2023-11-16T15:24:15.101+0000][gc,mmu        ] GC(30) MMU target violated: 21.0ms (20.0ms/21.0ms)
[2023-11-16T15:24:15.102+0000][gc,phases     ] GC(30)   Pre Evacuate Collection Set: 0.0ms
[2023-11-16T15:24:15.102+0000][gc,phases     ] GC(30)   Evacuate Collection Set: 20.8ms
[2023-11-16T15:24:15.102+0000][gc,phases     ] GC(30)   Post Evacuate Collection Set: 4.1ms
[2023-11-16T15:24:15.102+0000][gc,phases     ] GC(30)   Other: 2.5ms
[2023-11-16T15:24:15.102+0000][gc,heap       ] GC(30) Eden regions: 27->0(21)
[2023-11-16T15:24:15.102+0000][gc,heap       ] GC(30) Survivor regions: 2->4(4)
[2023-11-16T15:24:15.102+0000][gc,heap       ] GC(30) Old regions: 38->38
[2023-11-16T15:24:15.102+0000][gc,heap       ] GC(30) Humongous regions: 138->138
[2023-11-16T15:24:15.102+0000][gc,metaspace  ] GC(30) Metaspace: 43554K(45952K)->43554K(45952K) NonClass: 38394K(39680K)->38394K(39680K) Class: 5159K(6272K)->5159K(6272K)
[2023-11-16T15:24:15.102+0000][gc            ] GC(30) Pause Young (Normal) (G1 Evacuation Pause) 202M->178M(512M) 27.344ms
[2023-11-16T15:24:15.102+0000][gc,cpu        ] GC(30) User=0.05s Sys=0.00s Real=0.02s
[2023-11-16T15:25:36.901+0000][gc,start      ] GC(31) Pause Young (Normal) (G1 Evacuation Pause)
[2023-11-16T15:25:36.901+0000][gc,task       ] GC(31) Using 2 workers of 2 for evacuation
[2023-11-16T15:25:36.916+0000][gc,phases     ] GC(31)   Pre Evacuate Collection Set: 0.0ms
[2023-11-16T15:25:36.916+0000][gc,phases     ] GC(31)   Evacuate Collection Set: 13.9ms
[2023-11-16T15:25:36.916+0000][gc,phases     ] GC(31)   Post Evacuate Collection Set: 1.1ms
[2023-11-16T15:25:36.916+0000][gc,phases     ] GC(31)   Other: 0.2ms
[2023-11-16T15:25:36.916+0000][gc,heap       ] GC(31) Eden regions: 21->0(23)
[2023-11-16T15:25:36.916+0000][gc,heap       ] GC(31) Survivor regions: 4->2(4)
[2023-11-16T15:25:36.916+0000][gc,heap       ] GC(31) Old regions: 38->40
[2023-11-16T15:25:36.916+0000][gc,heap       ] GC(31) Humongous regions: 138->138
[2023-11-16T15:25:36.916+0000][gc,metaspace  ] GC(31) Metaspace: 43579K(46208K)->43579K(46208K) NonClass: 38420K(39936K)->38420K(39936K) Class: 5159K(6272K)->5159K(6272K)
[2023-11-16T15:25:36.916+0000][gc            ] GC(31) Pause Young (Normal) (G1 Evacuation Pause) 199M->178M(512M) 15.312ms
[2023-11-16T15:25:36.916+0000][gc,cpu        ] GC(31) User=0.03s Sys=0.00s Real=0.02s
[2023-11-16T15:27:08.348+0000][gc,start      ] GC(32) Pause Young (Normal) (G1 Evacuation Pause)
[2023-11-16T15:27:08.348+0000][gc,task       ] GC(32) Using 2 workers of 2 for evacuation
[2023-11-16T15:27:08.362+0000][gc,phases     ] GC(32)   Pre Evacuate Collection Set: 0.0ms
[2023-11-16T15:27:08.362+0000][gc,phases     ] GC(32)   Evacuate Collection Set: 13.1ms
[2023-11-16T15:27:08.362+0000][gc,phases     ] GC(32)   Post Evacuate Collection Set: 0.4ms
[2023-11-16T15:27:08.362+0000][gc,phases     ] GC(32)   Other: 0.4ms
[2023-11-16T15:27:08.362+0000][gc,heap       ] GC(32) Eden regions: 23->0(23)
[2023-11-16T15:27:08.362+0000][gc,heap       ] GC(32) Survivor regions: 2->4(4)
[2023-11-16T15:27:08.362+0000][gc,heap       ] GC(32) Old regions: 40->41
[2023-11-16T15:27:08.362+0000][gc,heap       ] GC(32) Humongous regions: 138->138
[2023-11-16T15:27:08.362+0000][gc,metaspace  ] GC(32) Metaspace: 43590K(46208K)->43590K(46208K) NonClass: 38430K(39936K)->38430K(39936K) Class: 5159K(6272K)->5159K(6272K)
[2023-11-16T15:27:08.362+0000][gc            ] GC(32) Pause Young (Normal) (G1 Evacuation Pause) 201M->181M(512M) 14.046ms
[2023-11-16T15:27:08.362+0000][gc,cpu        ] GC(32) User=0.02s Sys=0.00s Real=0.01s
[2023-11-16T15:28:39.494+0000][gc,start      ] GC(33) Pause Young (Normal) (G1 Evacuation Pause)
[2023-11-16T15:28:39.494+0000][gc,task       ] GC(33) Using 2 workers of 2 for evacuation
[2023-11-16T15:28:39.505+0000][gc,phases     ] GC(33)   Pre Evacuate Collection Set: 0.0ms
[2023-11-16T15:28:39.505+0000][gc,phases     ] GC(33)   Evacuate Collection Set: 10.8ms
[2023-11-16T15:28:39.505+0000][gc,phases     ] GC(33)   Post Evacuate Collection Set: 0.3ms
[2023-11-16T15:28:39.505+0000][gc,phases     ] GC(33)   Other: 0.2ms
[2023-11-16T15:28:39.505+0000][gc,heap       ] GC(33) Eden regions: 23->0(25)
[2023-11-16T15:28:39.505+0000][gc,heap       ] GC(33) Survivor regions: 4->3(4)
[2023-11-16T15:28:39.505+0000][gc,heap       ] GC(33) Old regions: 41->43
[2023-11-16T15:28:39.505+0000][gc,heap       ] GC(33) Humongous regions: 138->138
[2023-11-16T15:28:39.505+0000][gc,metaspace  ] GC(33) Metaspace: 43591K(46208K)->43591K(46208K) NonClass: 38431K(39936K)->38431K(39936K) Class: 5160K(6272K)->5160K(6272K)
[2023-11-16T15:28:39.505+0000][gc            ] GC(33) Pause Young (Normal) (G1 Evacuation Pause) 204M->181M(512M) 11.375ms
[2023-11-16T15:28:39.505+0000][gc,cpu        ] GC(33) User=0.02s Sys=0.00s Real=0.00s
[2023-11-16T15:30:19.903+0000][gc,start      ] GC(34) Pause Young (Concurrent Start) (G1 Evacuation Pause)
[2023-11-16T15:30:19.903+0000][gc,task       ] GC(34) Using 2 workers of 2 for evacuation
[2023-11-16T15:30:19.912+0000][gc,phases     ] GC(34)   Pre Evacuate Collection Set: 0.2ms
[2023-11-16T15:30:19.912+0000][gc,phases     ] GC(34)   Evacuate Collection Set: 8.5ms
[2023-11-16T15:30:19.912+0000][gc,phases     ] GC(34)   Post Evacuate Collection Set: 0.3ms
[2023-11-16T15:30:19.912+0000][gc,phases     ] GC(34)   Other: 0.3ms
[2023-11-16T15:30:19.912+0000][gc,heap       ] GC(34) Eden regions: 25->0(26)
[2023-11-16T15:30:19.912+0000][gc,heap       ] GC(34) Survivor regions: 3->2(4)
[2023-11-16T15:30:19.912+0000][gc,heap       ] GC(34) Old regions: 43->44
[2023-11-16T15:30:19.912+0000][gc,heap       ] GC(34) Humongous regions: 138->138
[2023-11-16T15:30:19.912+0000][gc,metaspace  ] GC(34) Metaspace: 43598K(46208K)->43598K(46208K) NonClass: 38438K(39936K)->38438K(39936K) Class: 5160K(6272K)->5160K(6272K)
[2023-11-16T15:30:19.912+0000][gc            ] GC(34) Pause Young (Concurrent Start) (G1 Evacuation Pause) 206M->181M(512M) 9.393ms
[2023-11-16T15:30:19.912+0000][gc,cpu        ] GC(34) User=0.01s Sys=0.00s Real=0.01s
[2023-11-16T15:30:19.912+0000][gc            ] GC(35) Concurrent Cycle
[2023-11-16T15:30:19.912+0000][gc,marking    ] GC(35) Concurrent Clear Claimed Marks
[2023-11-16T15:30:19.912+0000][gc,marking    ] GC(35) Concurrent Clear Claimed Marks 0.200ms
[2023-11-16T15:30:19.912+0000][gc,marking    ] GC(35) Concurrent Scan Root Regions
[2023-11-16T15:30:19.915+0000][gc,marking    ] GC(35) Concurrent Scan Root Regions 2.595ms
[2023-11-16T15:30:19.915+0000][gc,marking    ] GC(35) Concurrent Mark (1532.516s)
[2023-11-16T15:30:19.915+0000][gc,marking    ] GC(35) Concurrent Mark From Roots
[2023-11-16T15:30:19.915+0000][gc,task       ] GC(35) Using 1 workers of 1 for marking
[2023-11-16T15:30:19.950+0000][gc,marking    ] GC(35) Concurrent Mark From Roots 34.841ms
[2023-11-16T15:30:19.950+0000][gc,marking    ] GC(35) Concurrent Preclean
[2023-11-16T15:30:19.950+0000][gc,marking    ] GC(35) Concurrent Preclean 0.281ms
[2023-11-16T15:30:19.950+0000][gc,marking    ] GC(35) Concurrent Mark (1532.516s, 1532.551s) 35.175ms
[2023-11-16T15:30:19.950+0000][gc,start      ] GC(35) Pause Remark
[2023-11-16T15:30:19.972+0000][gc,stringtable] GC(35) Cleaned string and symbol table, strings: 12591 processed, 254 removed, symbols: 92648 processed, 3 removed
[2023-11-16T15:30:19.972+0000][gc,mmu        ] GC(35) MMU target violated: 21.0ms (20.0ms/21.0ms)
[2023-11-16T15:30:19.972+0000][gc            ] GC(35) Pause Remark 181M->181M(512M) 21.604ms
[2023-11-16T15:30:19.972+0000][gc,cpu        ] GC(35) User=0.04s Sys=0.00s Real=0.02s
[2023-11-16T15:30:19.972+0000][gc,marking    ] GC(35) Concurrent Rebuild Remembered Sets
[2023-11-16T15:30:19.995+0000][gc,marking    ] GC(35) Concurrent Rebuild Remembered Sets 22.944ms
[2023-11-16T15:30:19.995+0000][gc,start      ] GC(35) Pause Cleanup
[2023-11-16T15:30:19.996+0000][gc            ] GC(35) Pause Cleanup 181M->181M(512M) 0.299ms
[2023-11-16T15:30:19.996+0000][gc,cpu        ] GC(35) User=0.00s Sys=0.00s Real=0.00s
[2023-11-16T15:30:19.996+0000][gc,marking    ] GC(35) Concurrent Cleanup for Next Mark
[2023-11-16T15:30:19.997+0000][gc,marking    ] GC(35) Concurrent Cleanup for Next Mark 1.604ms
[2023-11-16T15:30:19.997+0000][gc            ] GC(35) Concurrent Cycle 85.209ms
[2023-11-16T15:32:00.589+0000][gc,start      ] GC(36) Pause Young (Normal) (G1 Evacuation Pause)
[2023-11-16T15:32:00.589+0000][gc,task       ] GC(36) Using 2 workers of 2 for evacuation
[2023-11-16T15:32:00.603+0000][gc,phases     ] GC(36)   Pre Evacuate Collection Set: 0.0ms
[2023-11-16T15:32:00.603+0000][gc,phases     ] GC(36)   Evacuate Collection Set: 13.4ms
[2023-11-16T15:32:00.603+0000][gc,phases     ] GC(36)   Post Evacuate Collection Set: 0.3ms
[2023-11-16T15:32:00.603+0000][gc,phases     ] GC(36)   Other: 0.2ms
[2023-11-16T15:32:00.603+0000][gc,heap       ] GC(36) Eden regions: 25->0(27)
[2023-11-16T15:32:00.603+0000][gc,heap       ] GC(36) Survivor regions: 2->4(4)
[2023-11-16T15:32:00.603+0000][gc,heap       ] GC(36) Old regions: 44->44
[2023-11-16T15:32:00.603+0000][gc,heap       ] GC(36) Humongous regions: 138->138
[2023-11-16T15:32:00.603+0000][gc,metaspace  ] GC(36) Metaspace: 43449K(46208K)->43449K(46208K) NonClass: 38334K(39936K)->38334K(39936K) Class: 5114K(6272K)->5114K(6272K)
[2023-11-16T15:32:00.603+0000][gc            ] GC(36) Pause Young (Normal) (G1 Evacuation Pause) 206M->183M(512M) 14.070ms
[2023-11-16T15:32:00.603+0000][gc,cpu        ] GC(36) User=0.03s Sys=0.00s Real=0.01s
[2023-11-16T15:33:44.812+0000][gc,start      ] GC(37) Pause Young (Concurrent Start) (G1 Evacuation Pause)
[2023-11-16T15:33:44.812+0000][gc,task       ] GC(37) Using 2 workers of 2 for evacuation
[2023-11-16T15:33:44.832+0000][gc,phases     ] GC(37)   Pre Evacuate Collection Set: 0.3ms
[2023-11-16T15:33:44.832+0000][gc,phases     ] GC(37)   Evacuate Collection Set: 18.7ms
[2023-11-16T15:33:44.832+0000][gc,phases     ] GC(37)   Post Evacuate Collection Set: 0.3ms
[2023-11-16T15:33:44.832+0000][gc,phases     ] GC(37)   Other: 0.3ms
[2023-11-16T15:33:44.832+0000][gc,heap       ] GC(37) Eden regions: 27->0(25)
[2023-11-16T15:33:44.832+0000][gc,heap       ] GC(37) Survivor regions: 4->2(4)
[2023-11-16T15:33:44.832+0000][gc,heap       ] GC(37) Old regions: 44->46
[2023-11-16T15:33:44.832+0000][gc,heap       ] GC(37) Humongous regions: 138->138
[2023-11-16T15:33:44.832+0000][gc,metaspace  ] GC(37) Metaspace: 43538K(46208K)->43538K(46208K) NonClass: 38400K(39936K)->38400K(39936K) Class: 5137K(6272K)->5137K(6272K)
[2023-11-16T15:33:44.832+0000][gc            ] GC(37) Pause Young (Concurrent Start) (G1 Evacuation Pause) 210M->183M(512M) 19.765ms
[2023-11-16T15:33:44.832+0000][gc,cpu        ] GC(37) User=0.03s Sys=0.00s Real=0.02s
[2023-11-16T15:33:44.832+0000][gc            ] GC(38) Concurrent Cycle
[2023-11-16T15:33:44.832+0000][gc,marking    ] GC(38) Concurrent Clear Claimed Marks
[2023-11-16T15:33:44.832+0000][gc,marking    ] GC(38) Concurrent Clear Claimed Marks 0.266ms
[2023-11-16T15:33:44.832+0000][gc,marking    ] GC(38) Concurrent Scan Root Regions
[2023-11-16T15:33:44.843+0000][gc,marking    ] GC(38) Concurrent Scan Root Regions 10.899ms
[2023-11-16T15:33:44.843+0000][gc,marking    ] GC(38) Concurrent Mark (1737.444s)
[2023-11-16T15:33:44.843+0000][gc,marking    ] GC(38) Concurrent Mark From Roots
[2023-11-16T15:33:44.843+0000][gc,task       ] GC(38) Using 1 workers of 1 for marking
[2023-11-16T15:33:44.882+0000][gc,marking    ] GC(38) Concurrent Mark From Roots 38.945ms
[2023-11-16T15:33:44.882+0000][gc,marking    ] GC(38) Concurrent Preclean
[2023-11-16T15:33:44.882+0000][gc,marking    ] GC(38) Concurrent Preclean 0.163ms
[2023-11-16T15:33:44.882+0000][gc,marking    ] GC(38) Concurrent Mark (1737.444s, 1737.483s) 39.168ms
[2023-11-16T15:33:44.883+0000][gc,start      ] GC(38) Pause Remark
[2023-11-16T15:33:44.897+0000][gc,stringtable] GC(38) Cleaned string and symbol table, strings: 12396 processed, 0 removed, symbols: 92679 processed, 22 removed
[2023-11-16T15:33:44.897+0000][gc            ] GC(38) Pause Remark 184M->184M(512M) 14.473ms
[2023-11-16T15:33:44.897+0000][gc,cpu        ] GC(38) User=0.02s Sys=0.00s Real=0.02s
[2023-11-16T15:33:44.897+0000][gc,marking    ] GC(38) Concurrent Rebuild Remembered Sets
[2023-11-16T15:33:44.921+0000][gc,marking    ] GC(38) Concurrent Rebuild Remembered Sets 24.052ms
[2023-11-16T15:33:44.921+0000][gc,start      ] GC(38) Pause Cleanup
[2023-11-16T15:33:44.922+0000][gc            ] GC(38) Pause Cleanup 184M->184M(512M) 0.178ms
[2023-11-16T15:33:44.922+0000][gc,cpu        ] GC(38) User=0.01s Sys=0.00s Real=0.00s
[2023-11-16T15:33:44.922+0000][gc,marking    ] GC(38) Concurrent Cleanup for Next Mark
[2023-11-16T15:33:44.923+0000][gc,marking    ] GC(38) Concurrent Cleanup for Next Mark 1.331ms
[2023-11-16T15:33:44.923+0000][gc            ] GC(38) Concurrent Cycle 91.114ms
[2023-11-16T15:35:08.486+0000][gc,start      ] GC(39) Pause Young (Normal) (G1 Evacuation Pause)
[2023-11-16T15:35:08.486+0000][gc,task       ] GC(39) Using 2 workers of 2 for evacuation
[2023-11-16T15:35:08.499+0000][gc,phases     ] GC(39)   Pre Evacuate Collection Set: 0.0ms
[2023-11-16T15:35:08.499+0000][gc,phases     ] GC(39)   Evacuate Collection Set: 12.2ms
[2023-11-16T15:35:08.499+0000][gc,phases     ] GC(39)   Post Evacuate Collection Set: 0.3ms
[2023-11-16T15:35:08.499+0000][gc,phases     ] GC(39)   Other: 0.2ms
[2023-11-16T15:35:08.499+0000][gc,heap       ] GC(39) Eden regions: 23->0(26)
[2023-11-16T15:35:08.499+0000][gc,heap       ] GC(39) Survivor regions: 2->4(4)
[2023-11-16T15:35:08.499+0000][gc,heap       ] GC(39) Old regions: 46->46
[2023-11-16T15:35:08.499+0000][gc,heap       ] GC(39) Humongous regions: 138->138
[2023-11-16T15:35:08.499+0000][gc,metaspace  ] GC(39) Metaspace: 43542K(46208K)->43542K(46208K) NonClass: 38405K(39936K)->38405K(39936K) Class: 5137K(6272K)->5137K(6272K)
[2023-11-16T15:35:08.499+0000][gc            ] GC(39) Pause Young (Normal) (G1 Evacuation Pause) 206M->186M(512M) 12.902ms
[2023-11-16T15:35:08.499+0000][gc,cpu        ] GC(39) User=0.02s Sys=0.00s Real=0.01s
[2023-11-16T15:36:48.684+0000][gc,start      ] GC(40) Pause Young (Concurrent Start) (G1 Evacuation Pause)
[2023-11-16T15:36:48.684+0000][gc,task       ] GC(40) Using 2 workers of 2 for evacuation
[2023-11-16T15:36:48.699+0000][gc,phases     ] GC(40)   Pre Evacuate Collection Set: 0.3ms
[2023-11-16T15:36:48.699+0000][gc,phases     ] GC(40)   Evacuate Collection Set: 13.4ms
[2023-11-16T15:36:48.699+0000][gc,phases     ] GC(40)   Post Evacuate Collection Set: 0.3ms
[2023-11-16T15:36:48.699+0000][gc,phases     ] GC(40)   Other: 0.4ms
[2023-11-16T15:36:48.699+0000][gc,heap       ] GC(40) Eden regions: 26->0(26)
[2023-11-16T15:36:48.699+0000][gc,heap       ] GC(40) Survivor regions: 4->3(4)
[2023-11-16T15:36:48.699+0000][gc,heap       ] GC(40) Old regions: 46->48
[2023-11-16T15:36:48.699+0000][gc,heap       ] GC(40) Humongous regions: 138->138
[2023-11-16T15:36:48.699+0000][gc,metaspace  ] GC(40) Metaspace: 43553K(46208K)->43553K(46208K) NonClass: 38416K(39936K)->38416K(39936K) Class: 5137K(6272K)->5137K(6272K)
[2023-11-16T15:36:48.699+0000][gc            ] GC(40) Pause Young (Concurrent Start) (G1 Evacuation Pause) 212M->186M(512M) 14.555ms
[2023-11-16T15:36:48.699+0000][gc,cpu        ] GC(40) User=0.03s Sys=0.00s Real=0.02s
[2023-11-16T15:36:48.699+0000][gc            ] GC(41) Concurrent Cycle
[2023-11-16T15:36:48.699+0000][gc,marking    ] GC(41) Concurrent Clear Claimed Marks
[2023-11-16T15:36:48.699+0000][gc,marking    ] GC(41) Concurrent Clear Claimed Marks 0.295ms
[2023-11-16T15:36:48.699+0000][gc,marking    ] GC(41) Concurrent Scan Root Regions
[2023-11-16T15:36:48.702+0000][gc,marking    ] GC(41) Concurrent Scan Root Regions 3.050ms
[2023-11-16T15:36:48.702+0000][gc,marking    ] GC(41) Concurrent Mark (1921.303s)
[2023-11-16T15:36:48.702+0000][gc,marking    ] GC(41) Concurrent Mark From Roots
[2023-11-16T15:36:48.702+0000][gc,task       ] GC(41) Using 1 workers of 1 for marking
[2023-11-16T15:36:48.750+0000][gc,marking    ] GC(41) Concurrent Mark From Roots 48.097ms
[2023-11-16T15:36:48.750+0000][gc,marking    ] GC(41) Concurrent Preclean
[2023-11-16T15:36:48.751+0000][gc,marking    ] GC(41) Concurrent Preclean 0.167ms
[2023-11-16T15:36:48.751+0000][gc,marking    ] GC(41) Concurrent Mark (1921.303s, 1921.352s) 48.316ms
[2023-11-16T15:36:48.751+0000][gc,start      ] GC(41) Pause Remark
[2023-11-16T15:36:48.767+0000][gc,stringtable] GC(41) Cleaned string and symbol table, strings: 12448 processed, 0 removed, symbols: 92657 processed, 0 removed
[2023-11-16T15:36:48.767+0000][gc            ] GC(41) Pause Remark 186M->186M(512M) 16.408ms
[2023-11-16T15:36:48.767+0000][gc,cpu        ] GC(41) User=0.03s Sys=0.00s Real=0.02s
[2023-11-16T15:36:48.767+0000][gc,marking    ] GC(41) Concurrent Rebuild Remembered Sets
[2023-11-16T15:36:48.790+0000][gc,marking    ] GC(41) Concurrent Rebuild Remembered Sets 22.795ms
[2023-11-16T15:36:48.790+0000][gc,start      ] GC(41) Pause Cleanup
[2023-11-16T15:36:48.791+0000][gc            ] GC(41) Pause Cleanup 187M->187M(512M) 0.169ms
[2023-11-16T15:36:48.791+0000][gc,cpu        ] GC(41) User=0.00s Sys=0.00s Real=0.00s
[2023-11-16T15:36:48.791+0000][gc,marking    ] GC(41) Concurrent Cleanup for Next Mark
[2023-11-16T15:36:48.792+0000][gc,marking    ] GC(41) Concurrent Cleanup for Next Mark 1.350ms
[2023-11-16T15:36:48.792+0000][gc            ] GC(41) Concurrent Cycle 93.111ms
[2023-11-16T15:38:25.374+0000][gc,start      ] GC(42) Pause Young (Prepare Mixed) (G1 Evacuation Pause)
[2023-11-16T15:38:25.374+0000][gc,task       ] GC(42) Using 2 workers of 2 for evacuation
[2023-11-16T15:38:25.389+0000][gc,phases     ] GC(42)   Pre Evacuate Collection Set: 0.0ms
[2023-11-16T15:38:25.389+0000][gc,phases     ] GC(42)   Evacuate Collection Set: 14.1ms
[2023-11-16T15:38:25.389+0000][gc,phases     ] GC(42)   Post Evacuate Collection Set: 0.4ms
[2023-11-16T15:38:25.389+0000][gc,phases     ] GC(42)   Other: 0.2ms
[2023-11-16T15:38:25.389+0000][gc,heap       ] GC(42) Eden regions: 25->0(22)
[2023-11-16T15:38:25.389+0000][gc,heap       ] GC(42) Survivor regions: 3->3(4)
[2023-11-16T15:38:25.389+0000][gc,heap       ] GC(42) Old regions: 48->50
[2023-11-16T15:38:25.389+0000][gc,heap       ] GC(42) Humongous regions: 138->138
[2023-11-16T15:38:25.389+0000][gc,metaspace  ] GC(42) Metaspace: 43553K(46208K)->43553K(46208K) NonClass: 38416K(39936K)->38416K(39936K) Class: 5137K(6272K)->5137K(6272K)
[2023-11-16T15:38:25.389+0000][gc            ] GC(42) Pause Young (Prepare Mixed) (G1 Evacuation Pause) 211M->189M(512M) 14.787ms
[2023-11-16T15:38:25.389+0000][gc,cpu        ] GC(42) User=0.03s Sys=0.00s Real=0.01s
[2023-11-16T15:39:50.046+0000][gc,start      ] GC(43) Pause Young (Mixed) (G1 Evacuation Pause)
[2023-11-16T15:39:50.047+0000][gc,task       ] GC(43) Using 2 workers of 2 for evacuation
[2023-11-16T15:39:50.064+0000][gc,phases     ] GC(43)   Pre Evacuate Collection Set: 0.0ms
[2023-11-16T15:39:50.064+0000][gc,phases     ] GC(43)   Evacuate Collection Set: 16.7ms
[2023-11-16T15:39:50.064+0000][gc,phases     ] GC(43)   Post Evacuate Collection Set: 0.4ms
[2023-11-16T15:39:50.064+0000][gc,phases     ] GC(43)   Other: 0.3ms
[2023-11-16T15:39:50.064+0000][gc,heap       ] GC(43) Eden regions: 22->0(27)
[2023-11-16T15:39:50.064+0000][gc,heap       ] GC(43) Survivor regions: 3->3(4)
[2023-11-16T15:39:50.064+0000][gc,heap       ] GC(43) Old regions: 50->49
[2023-11-16T15:39:50.064+0000][gc,heap       ] GC(43) Humongous regions: 138->138
[2023-11-16T15:39:50.064+0000][gc,metaspace  ] GC(43) Metaspace: 43561K(46208K)->43561K(46208K) NonClass: 38424K(39936K)->38424K(39936K) Class: 5137K(6272K)->5137K(6272K)
[2023-11-16T15:39:50.064+0000][gc            ] GC(43) Pause Young (Mixed) (G1 Evacuation Pause) 211M->188M(512M) 17.499ms
[2023-11-16T15:39:50.064+0000][gc,cpu        ] GC(43) User=0.03s Sys=0.00s Real=0.01s
[2023-11-16T15:41:26.242+0000][gc,start      ] GC(44) Pause Young (Concurrent Start) (G1 Evacuation Pause)
[2023-11-16T15:41:26.242+0000][gc,task       ] GC(44) Using 2 workers of 2 for evacuation
[2023-11-16T15:41:26.264+0000][gc,mmu        ] GC(44) MMU target violated: 21.0ms (20.0ms/21.0ms)
[2023-11-16T15:41:26.264+0000][gc,phases     ] GC(44)   Pre Evacuate Collection Set: 0.2ms
[2023-11-16T15:41:26.264+0000][gc,phases     ] GC(44)   Evacuate Collection Set: 21.0ms
[2023-11-16T15:41:26.264+0000][gc,phases     ] GC(44)   Post Evacuate Collection Set: 0.3ms
[2023-11-16T15:41:26.264+0000][gc,phases     ] GC(44)   Other: 0.9ms
[2023-11-16T15:41:26.264+0000][gc,heap       ] GC(44) Eden regions: 25->0(23)
[2023-11-16T15:41:26.264+0000][gc,heap       ] GC(44) Survivor regions: 3->2(4)
[2023-11-16T15:41:26.264+0000][gc,heap       ] GC(44) Old regions: 49->50
[2023-11-16T15:41:26.264+0000][gc,heap       ] GC(44) Humongous regions: 138->138
[2023-11-16T15:41:26.264+0000][gc,metaspace  ] GC(44) Metaspace: 43567K(46208K)->43567K(46208K) NonClass: 38429K(39936K)->38429K(39936K) Class: 5137K(6272K)->5137K(6272K)
[2023-11-16T15:41:26.264+0000][gc            ] GC(44) Pause Young (Concurrent Start) (G1 Evacuation Pause) 213M->188M(512M) 22.351ms
[2023-11-16T15:41:26.264+0000][gc,cpu        ] GC(44) User=0.04s Sys=0.01s Real=0.02s
[2023-11-16T15:41:26.264+0000][gc            ] GC(45) Concurrent Cycle
[2023-11-16T15:41:26.264+0000][gc,marking    ] GC(45) Concurrent Clear Claimed Marks
[2023-11-16T15:41:26.265+0000][gc,marking    ] GC(45) Concurrent Clear Claimed Marks 0.211ms
[2023-11-16T15:41:26.265+0000][gc,marking    ] GC(45) Concurrent Scan Root Regions
[2023-11-16T15:41:26.270+0000][gc,marking    ] GC(45) Concurrent Scan Root Regions 5.664ms
[2023-11-16T15:41:26.270+0000][gc,marking    ] GC(45) Concurrent Mark (2198.871s)
[2023-11-16T15:41:26.270+0000][gc,marking    ] GC(45) Concurrent Mark From Roots
[2023-11-16T15:41:26.270+0000][gc,task       ] GC(45) Using 1 workers of 1 for marking
[2023-11-16T15:41:26.308+0000][gc,marking    ] GC(45) Concurrent Mark From Roots 37.884ms
[2023-11-16T15:41:26.308+0000][gc,marking    ] GC(45) Concurrent Preclean
[2023-11-16T15:41:26.309+0000][gc,marking    ] GC(45) Concurrent Preclean 0.162ms
[2023-11-16T15:41:26.309+0000][gc,marking    ] GC(45) Concurrent Mark (2198.871s, 2198.909s) 38.097ms
[2023-11-16T15:41:26.309+0000][gc,start      ] GC(45) Pause Remark
[2023-11-16T15:41:26.328+0000][gc,stringtable] GC(45) Cleaned string and symbol table, strings: 12456 processed, 1 removed, symbols: 92658 processed, 1 removed
[2023-11-16T15:41:26.328+0000][gc            ] GC(45) Pause Remark 188M->188M(512M) 19.214ms
[2023-11-16T15:41:26.328+0000][gc,cpu        ] GC(45) User=0.04s Sys=0.00s Real=0.02s
[2023-11-16T15:41:26.328+0000][gc,marking    ] GC(45) Concurrent Rebuild Remembered Sets
[2023-11-16T15:41:26.352+0000][gc,marking    ] GC(45) Concurrent Rebuild Remembered Sets 24.408ms
[2023-11-16T15:41:26.353+0000][gc,start      ] GC(45) Pause Cleanup
[2023-11-16T15:41:26.353+0000][gc            ] GC(45) Pause Cleanup 188M->188M(512M) 0.177ms
[2023-11-16T15:41:26.353+0000][gc,cpu        ] GC(45) User=0.00s Sys=0.00s Real=0.00s
[2023-11-16T15:41:26.353+0000][gc,marking    ] GC(45) Concurrent Cleanup for Next Mark
[2023-11-16T15:41:26.354+0000][gc,marking    ] GC(45) Concurrent Cleanup for Next Mark 1.397ms
[2023-11-16T15:41:26.354+0000][gc            ] GC(45) Concurrent Cycle 89.866ms
[2023-11-16T15:42:54.934+0000][gc,start      ] GC(46) Pause Young (Prepare Mixed) (G1 Evacuation Pause)
[2023-11-16T15:42:54.934+0000][gc,task       ] GC(46) Using 2 workers of 2 for evacuation
[2023-11-16T15:42:54.947+0000][gc,phases     ] GC(46)   Pre Evacuate Collection Set: 0.0ms
[2023-11-16T15:42:54.947+0000][gc,phases     ] GC(46)   Evacuate Collection Set: 12.3ms
[2023-11-16T15:42:54.947+0000][gc,phases     ] GC(46)   Post Evacuate Collection Set: 0.3ms
[2023-11-16T15:42:54.947+0000][gc,phases     ] GC(46)   Other: 0.3ms
[2023-11-16T15:42:54.947+0000][gc,heap       ] GC(46) Eden regions: 23->0(21)
[2023-11-16T15:42:54.947+0000][gc,heap       ] GC(46) Survivor regions: 2->4(4)
[2023-11-16T15:42:54.947+0000][gc,heap       ] GC(46) Old regions: 50->50
[2023-11-16T15:42:54.947+0000][gc,heap       ] GC(46) Humongous regions: 138->138
[2023-11-16T15:42:54.947+0000][gc,metaspace  ] GC(46) Metaspace: 43568K(46208K)->43568K(46208K) NonClass: 38430K(39936K)->38430K(39936K) Class: 5137K(6272K)->5137K(6272K)
[2023-11-16T15:42:54.947+0000][gc            ] GC(46) Pause Young (Prepare Mixed) (G1 Evacuation Pause) 211M->190M(512M) 13.027ms
[2023-11-16T15:42:54.947+0000][gc,cpu        ] GC(46) User=0.02s Sys=0.00s Real=0.01s
[2023-11-16T15:44:15.238+0000][gc,start      ] GC(47) Pause Young (Mixed) (G1 Evacuation Pause)
[2023-11-16T15:44:15.238+0000][gc,task       ] GC(47) Using 2 workers of 2 for evacuation
[2023-11-16T15:44:15.249+0000][gc,phases     ] GC(47)   Pre Evacuate Collection Set: 0.0ms
[2023-11-16T15:44:15.250+0000][gc,phases     ] GC(47)   Evacuate Collection Set: 11.1ms
[2023-11-16T15:44:15.250+0000][gc,phases     ] GC(47)   Post Evacuate Collection Set: 0.4ms
[2023-11-16T15:44:15.250+0000][gc,phases     ] GC(47)   Other: 0.3ms
[2023-11-16T15:44:15.250+0000][gc,heap       ] GC(47) Eden regions: 21->0(27)
[2023-11-16T15:44:15.250+0000][gc,heap       ] GC(47) Survivor regions: 4->2(4)
[2023-11-16T15:44:15.250+0000][gc,heap       ] GC(47) Old regions: 50->48
[2023-11-16T15:44:15.250+0000][gc,heap       ] GC(47) Humongous regions: 138->138
[2023-11-16T15:44:15.250+0000][gc,metaspace  ] GC(47) Metaspace: 43569K(46208K)->43569K(46208K) NonClass: 38432K(39936K)->38432K(39936K) Class: 5137K(6272K)->5137K(6272K)
[2023-11-16T15:44:15.250+0000][gc            ] GC(47) Pause Young (Mixed) (G1 Evacuation Pause) 211M->186M(512M) 11.881ms
[2023-11-16T15:44:15.250+0000][gc,cpu        ] GC(47) User=0.01s Sys=0.00s Real=0.01s
[2023-11-16T15:45:59.449+0000][gc,start      ] GC(48) Pause Young (Concurrent Start) (G1 Evacuation Pause)
[2023-11-16T15:45:59.449+0000][gc,task       ] GC(48) Using 2 workers of 2 for evacuation
[2023-11-16T15:45:59.465+0000][gc,phases     ] GC(48)   Pre Evacuate Collection Set: 0.2ms
[2023-11-16T15:45:59.465+0000][gc,phases     ] GC(48)   Evacuate Collection Set: 14.4ms
[2023-11-16T15:45:59.465+0000][gc,phases     ] GC(48)   Post Evacuate Collection Set: 0.5ms
[2023-11-16T15:45:59.465+0000][gc,phases     ] GC(48)   Other: 0.6ms
[2023-11-16T15:45:59.465+0000][gc,heap       ] GC(48) Eden regions: 27->0(25)
[2023-11-16T15:45:59.465+0000][gc,heap       ] GC(48) Survivor regions: 2->4(4)
[2023-11-16T15:45:59.465+0000][gc,heap       ] GC(48) Old regions: 48->48
[2023-11-16T15:45:59.465+0000][gc,heap       ] GC(48) Humongous regions: 138->138
[2023-11-16T15:45:59.465+0000][gc,metaspace  ] GC(48) Metaspace: 43576K(46208K)->43576K(46208K) NonClass: 38438K(39936K)->38438K(39936K) Class: 5137K(6272K)->5137K(6272K)
[2023-11-16T15:45:59.465+0000][gc            ] GC(48) Pause Young (Concurrent Start) (G1 Evacuation Pause) 213M->188M(512M) 15.746ms
[2023-11-16T15:45:59.465+0000][gc,cpu        ] GC(48) User=0.03s Sys=0.00s Real=0.01s
[2023-11-16T15:45:59.465+0000][gc            ] GC(49) Concurrent Cycle
[2023-11-16T15:45:59.465+0000][gc,marking    ] GC(49) Concurrent Clear Claimed Marks
[2023-11-16T15:45:59.465+0000][gc,marking    ] GC(49) Concurrent Clear Claimed Marks 0.203ms
[2023-11-16T15:45:59.465+0000][gc,marking    ] GC(49) Concurrent Scan Root Regions
[2023-11-16T15:45:59.470+0000][gc,marking    ] GC(49) Concurrent Scan Root Regions 4.712ms
[2023-11-16T15:45:59.470+0000][gc,marking    ] GC(49) Concurrent Mark (2472.071s)
[2023-11-16T15:45:59.470+0000][gc,marking    ] GC(49) Concurrent Mark From Roots
[2023-11-16T15:45:59.470+0000][gc,task       ] GC(49) Using 1 workers of 1 for marking
[2023-11-16T15:45:59.504+0000][gc,marking    ] GC(49) Concurrent Mark From Roots 34.024ms
[2023-11-16T15:45:59.504+0000][gc,marking    ] GC(49) Concurrent Preclean
[2023-11-16T15:45:59.504+0000][gc,marking    ] GC(49) Concurrent Preclean 0.177ms
[2023-11-16T15:45:59.504+0000][gc,marking    ] GC(49) Concurrent Mark (2472.071s, 2472.105s) 34.260ms
[2023-11-16T15:45:59.504+0000][gc,start      ] GC(49) Pause Remark
[2023-11-16T15:45:59.518+0000][gc,stringtable] GC(49) Cleaned string and symbol table, strings: 12481 processed, 0 removed, symbols: 92657 processed, 0 removed
[2023-11-16T15:45:59.519+0000][gc            ] GC(49) Pause Remark 188M->188M(512M) 14.355ms
[2023-11-16T15:45:59.519+0000][gc,cpu        ] GC(49) User=0.02s Sys=0.00s Real=0.02s
[2023-11-16T15:45:59.519+0000][gc,marking    ] GC(49) Concurrent Rebuild Remembered Sets
[2023-11-16T15:45:59.538+0000][gc,marking    ] GC(49) Concurrent Rebuild Remembered Sets 19.860ms
[2023-11-16T15:45:59.539+0000][gc,start      ] GC(49) Pause Cleanup
[2023-11-16T15:45:59.539+0000][gc            ] GC(49) Pause Cleanup 188M->188M(512M) 0.166ms
[2023-11-16T15:45:59.539+0000][gc,cpu        ] GC(49) User=0.00s Sys=0.00s Real=0.00s
[2023-11-16T15:45:59.539+0000][gc,marking    ] GC(49) Concurrent Cleanup for Next Mark
[2023-11-16T15:45:59.540+0000][gc,marking    ] GC(49) Concurrent Cleanup for Next Mark 1.404ms
[2023-11-16T15:45:59.540+0000][gc            ] GC(49) Concurrent Cycle 75.731ms
[2023-11-16T15:47:21.430+0000][gc,start      ] GC(50) Pause Young (Prepare Mixed) (G1 Evacuation Pause)
[2023-11-16T15:47:21.430+0000][gc,task       ] GC(50) Using 2 workers of 2 for evacuation
[2023-11-16T15:47:21.445+0000][gc,phases     ] GC(50)   Pre Evacuate Collection Set: 0.1ms
[2023-11-16T15:47:21.445+0000][gc,phases     ] GC(50)   Evacuate Collection Set: 13.7ms
[2023-11-16T15:47:21.445+0000][gc,phases     ] GC(50)   Post Evacuate Collection Set: 0.3ms
[2023-11-16T15:47:21.445+0000][gc,phases     ] GC(50)   Other: 0.2ms
[2023-11-16T15:47:21.445+0000][gc,heap       ] GC(50) Eden regions: 21->0(23)
[2023-11-16T15:47:21.445+0000][gc,heap       ] GC(50) Survivor regions: 4->2(4)
[2023-11-16T15:47:21.445+0000][gc,heap       ] GC(50) Old regions: 48->50
[2023-11-16T15:47:21.445+0000][gc,heap       ] GC(50) Humongous regions: 138->138
[2023-11-16T15:47:21.445+0000][gc,metaspace  ] GC(50) Metaspace: 43589K(46208K)->43589K(46208K) NonClass: 38452K(39936K)->38452K(39936K) Class: 5137K(6272K)->5137K(6272K)
[2023-11-16T15:47:21.445+0000][gc            ] GC(50) Pause Young (Prepare Mixed) (G1 Evacuation Pause) 209M->188M(512M) 14.452ms
[2023-11-16T15:47:21.445+0000][gc,cpu        ] GC(50) User=0.03s Sys=0.00s Real=0.01s
[2023-11-16T15:48:51.015+0000][gc,start      ] GC(51) Pause Young (Mixed) (G1 Evacuation Pause)
[2023-11-16T15:48:51.015+0000][gc,task       ] GC(51) Using 2 workers of 2 for evacuation
[2023-11-16T15:48:51.027+0000][gc,phases     ] GC(51)   Pre Evacuate Collection Set: 0.0ms
[2023-11-16T15:48:51.027+0000][gc,phases     ] GC(51)   Evacuate Collection Set: 11.8ms
[2023-11-16T15:48:51.027+0000][gc,phases     ] GC(51)   Post Evacuate Collection Set: 0.3ms
[2023-11-16T15:48:51.027+0000][gc,phases     ] GC(51)   Other: 0.2ms
[2023-11-16T15:48:51.027+0000][gc,heap       ] GC(51) Eden regions: 23->0(27)
[2023-11-16T15:48:51.027+0000][gc,heap       ] GC(51) Survivor regions: 2->4(4)
[2023-11-16T15:48:51.027+0000][gc,heap       ] GC(51) Old regions: 50->49
[2023-11-16T15:48:51.027+0000][gc,heap       ] GC(51) Humongous regions: 138->138
[2023-11-16T15:48:51.027+0000][gc,metaspace  ] GC(51) Metaspace: 43603K(46208K)->43603K(46208K) NonClass: 38466K(39936K)->38466K(39936K) Class: 5137K(6272K)->5137K(6272K)
[2023-11-16T15:48:51.027+0000][gc            ] GC(51) Pause Young (Mixed) (G1 Evacuation Pause) 211M->188M(512M) 12.381ms
[2023-11-16T15:48:51.027+0000][gc,cpu        ] GC(51) User=0.02s Sys=0.00s Real=0.01s
[2023-11-16T15:50:35.171+0000][gc,start      ] GC(52) Pause Young (Concurrent Start) (G1 Evacuation Pause)
[2023-11-16T15:50:35.171+0000][gc,task       ] GC(52) Using 2 workers of 2 for evacuation
[2023-11-16T15:50:35.183+0000][gc,phases     ] GC(52)   Pre Evacuate Collection Set: 0.2ms
[2023-11-16T15:50:35.183+0000][gc,phases     ] GC(52)   Evacuate Collection Set: 10.5ms
[2023-11-16T15:50:35.183+0000][gc,phases     ] GC(52)   Post Evacuate Collection Set: 0.5ms
[2023-11-16T15:50:35.183+0000][gc,phases     ] GC(52)   Other: 0.2ms
[2023-11-16T15:50:35.183+0000][gc,heap       ] GC(52) Eden regions: 27->0(31)
[2023-11-16T15:50:35.183+0000][gc,heap       ] GC(52) Survivor regions: 4->3(4)
[2023-11-16T15:50:35.183+0000][gc,heap       ] GC(52) Old regions: 49->50
[2023-11-16T15:50:35.183+0000][gc,heap       ] GC(52) Humongous regions: 138->138
[2023-11-16T15:50:35.183+0000][gc,metaspace  ] GC(52) Metaspace: 43604K(46208K)->43604K(46208K) NonClass: 38466K(39936K)->38466K(39936K) Class: 5138K(6272K)->5138K(6272K)
[2023-11-16T15:50:35.183+0000][gc            ] GC(52) Pause Young (Concurrent Start) (G1 Evacuation Pause) 215M->189M(512M) 11.538ms
[2023-11-16T15:50:35.183+0000][gc,cpu        ] GC(52) User=0.02s Sys=0.00s Real=0.01s
[2023-11-16T15:50:35.183+0000][gc            ] GC(53) Concurrent Cycle
[2023-11-16T15:50:35.183+0000][gc,marking    ] GC(53) Concurrent Clear Claimed Marks
[2023-11-16T15:50:35.183+0000][gc,marking    ] GC(53) Concurrent Clear Claimed Marks 0.219ms
[2023-11-16T15:50:35.183+0000][gc,marking    ] GC(53) Concurrent Scan Root Regions
[2023-11-16T15:50:35.186+0000][gc,marking    ] GC(53) Concurrent Scan Root Regions 2.495ms
[2023-11-16T15:50:35.186+0000][gc,marking    ] GC(53) Concurrent Mark (2747.787s)
[2023-11-16T15:50:35.186+0000][gc,marking    ] GC(53) Concurrent Mark From Roots
[2023-11-16T15:50:35.186+0000][gc,task       ] GC(53) Using 1 workers of 1 for marking
[2023-11-16T15:50:35.219+0000][gc,marking    ] GC(53) Concurrent Mark From Roots 33.639ms
[2023-11-16T15:50:35.219+0000][gc,marking    ] GC(53) Concurrent Preclean
[2023-11-16T15:50:35.219+0000][gc,marking    ] GC(53) Concurrent Preclean 0.202ms
[2023-11-16T15:50:35.219+0000][gc,marking    ] GC(53) Concurrent Mark (2747.787s, 2747.820s) 33.902ms
[2023-11-16T15:50:35.220+0000][gc,start      ] GC(53) Pause Remark
[2023-11-16T15:50:35.235+0000][gc,stringtable] GC(53) Cleaned string and symbol table, strings: 12507 processed, 0 removed, symbols: 92658 processed, 1 removed
[2023-11-16T15:50:35.235+0000][gc            ] GC(53) Pause Remark 189M->189M(512M) 15.221ms
[2023-11-16T15:50:35.235+0000][gc,cpu        ] GC(53) User=0.03s Sys=0.00s Real=0.02s
[2023-11-16T15:50:35.235+0000][gc,marking    ] GC(53) Concurrent Rebuild Remembered Sets
[2023-11-16T15:50:35.257+0000][gc,marking    ] GC(53) Concurrent Rebuild Remembered Sets 21.491ms
[2023-11-16T15:50:35.257+0000][gc,start      ] GC(53) Pause Cleanup
[2023-11-16T15:50:35.257+0000][gc            ] GC(53) Pause Cleanup 189M->189M(512M) 0.239ms
[2023-11-16T15:50:35.257+0000][gc,cpu        ] GC(53) User=0.00s Sys=0.00s Real=0.00s
[2023-11-16T15:50:35.257+0000][gc,marking    ] GC(53) Concurrent Cleanup for Next Mark
[2023-11-16T15:50:35.259+0000][gc,marking    ] GC(53) Concurrent Cleanup for Next Mark 1.387ms
[2023-11-16T15:50:35.259+0000][gc            ] GC(53) Concurrent Cycle 75.859ms
[2023-11-16T15:52:28.690+0000][gc,start      ] GC(54) Pause Young (Prepare Mixed) (G1 Evacuation Pause)
[2023-11-16T15:52:28.690+0000][gc,task       ] GC(54) Using 2 workers of 2 for evacuation
[2023-11-16T15:52:28.706+0000][gc,phases     ] GC(54)   Pre Evacuate Collection Set: 0.0ms
[2023-11-16T15:52:28.706+0000][gc,phases     ] GC(54)   Evacuate Collection Set: 15.3ms
[2023-11-16T15:52:28.706+0000][gc,phases     ] GC(54)   Post Evacuate Collection Set: 0.4ms
[2023-11-16T15:52:28.706+0000][gc,phases     ] GC(54)   Other: 0.2ms
[2023-11-16T15:52:28.706+0000][gc,heap       ] GC(54) Eden regions: 29->0(21)
[2023-11-16T15:52:28.706+0000][gc,heap       ] GC(54) Survivor regions: 3->4(4)
[2023-11-16T15:52:28.706+0000][gc,heap       ] GC(54) Old regions: 50->52
[2023-11-16T15:52:28.706+0000][gc,heap       ] GC(54) Humongous regions: 138->138
[2023-11-16T15:52:28.706+0000][gc,metaspace  ] GC(54) Metaspace: 43607K(46208K)->43607K(46208K) NonClass: 38469K(39936K)->38469K(39936K) Class: 5138K(6272K)->5138K(6272K)
[2023-11-16T15:52:28.706+0000][gc            ] GC(54) Pause Young (Prepare Mixed) (G1 Evacuation Pause) 218M->192M(512M) 15.965ms
[2023-11-16T15:52:28.706+0000][gc,cpu        ] GC(54) User=0.03s Sys=0.00s Real=0.02s
[2023-11-16T15:53:50.639+0000][gc,start      ] GC(55) Pause Young (Mixed) (G1 Evacuation Pause)
[2023-11-16T15:53:50.639+0000][gc,task       ] GC(55) Using 2 workers of 2 for evacuation
[2023-11-16T15:53:50.653+0000][gc,phases     ] GC(55)   Pre Evacuate Collection Set: 0.0ms
[2023-11-16T15:53:50.653+0000][gc,phases     ] GC(55)   Evacuate Collection Set: 13.2ms
[2023-11-16T15:53:50.653+0000][gc,phases     ] GC(55)   Post Evacuate Collection Set: 0.3ms
[2023-11-16T15:53:50.653+0000][gc,phases     ] GC(55)   Other: 0.2ms
[2023-11-16T15:53:50.653+0000][gc,heap       ] GC(55) Eden regions: 21->0(45)
[2023-11-16T15:53:50.653+0000][gc,heap       ] GC(55) Survivor regions: 4->3(4)
[2023-11-16T15:53:50.653+0000][gc,heap       ] GC(55) Old regions: 52->50
[2023-11-16T15:53:50.653+0000][gc,heap       ] GC(55) Humongous regions: 138->138
[2023-11-16T15:53:50.653+0000][gc,metaspace  ] GC(55) Metaspace: 43608K(46208K)->43608K(46208K) NonClass: 38470K(39936K)->38470K(39936K) Class: 5138K(6272K)->5138K(6272K)
[2023-11-16T15:53:50.653+0000][gc            ] GC(55) Pause Young (Mixed) (G1 Evacuation Pause) 213M->188M(512M) 13.839ms
[2023-11-16T15:53:50.653+0000][gc,cpu        ] GC(55) User=0.02s Sys=0.00s Real=0.01s
[2023-11-16T15:56:47.476+0000][gc,start      ] GC(56) Pause Young (Concurrent Start) (G1 Evacuation Pause)
[2023-11-16T15:56:47.476+0000][gc,task       ] GC(56) Using 2 workers of 2 for evacuation
[2023-11-16T15:56:47.492+0000][gc,phases     ] GC(56)   Pre Evacuate Collection Set: 0.2ms
[2023-11-16T15:56:47.492+0000][gc,phases     ] GC(56)   Evacuate Collection Set: 15.1ms
[2023-11-16T15:56:47.492+0000][gc,phases     ] GC(56)   Post Evacuate Collection Set: 0.3ms
[2023-11-16T15:56:47.492+0000][gc,phases     ] GC(56)   Other: 0.3ms
[2023-11-16T15:56:47.492+0000][gc,heap       ] GC(56) Eden regions: 45->0(43)
[2023-11-16T15:56:47.492+0000][gc,heap       ] GC(56) Survivor regions: 3->5(6)
[2023-11-16T15:56:47.492+0000][gc,heap       ] GC(56) Old regions: 50->50
[2023-11-16T15:56:47.492+0000][gc,heap       ] GC(56) Humongous regions: 138->138
[2023-11-16T15:56:47.492+0000][gc,metaspace  ] GC(56) Metaspace: 43627K(46208K)->43627K(46208K) NonClass: 38489K(39936K)->38489K(39936K) Class: 5138K(6272K)->5138K(6272K)
[2023-11-16T15:56:47.492+0000][gc            ] GC(56) Pause Young (Concurrent Start) (G1 Evacuation Pause) 233M->190M(512M) 15.927ms
[2023-11-16T15:56:47.492+0000][gc,cpu        ] GC(56) User=0.03s Sys=0.00s Real=0.01s
[2023-11-16T15:56:47.492+0000][gc            ] GC(57) Concurrent Cycle
[2023-11-16T15:56:47.492+0000][gc,marking    ] GC(57) Concurrent Clear Claimed Marks
[2023-11-16T15:56:47.492+0000][gc,marking    ] GC(57) Concurrent Clear Claimed Marks 0.229ms
[2023-11-16T15:56:47.492+0000][gc,marking    ] GC(57) Concurrent Scan Root Regions
[2023-11-16T15:56:47.497+0000][gc,marking    ] GC(57) Concurrent Scan Root Regions 4.963ms
[2023-11-16T15:56:47.497+0000][gc,marking    ] GC(57) Concurrent Mark (3120.098s)
[2023-11-16T15:56:47.497+0000][gc,marking    ] GC(57) Concurrent Mark From Roots
[2023-11-16T15:56:47.497+0000][gc,task       ] GC(57) Using 1 workers of 1 for marking
[2023-11-16T15:56:47.528+0000][gc,marking    ] GC(57) Concurrent Mark From Roots 31.221ms
[2023-11-16T15:56:47.528+0000][gc,marking    ] GC(57) Concurrent Preclean
[2023-11-16T15:56:47.529+0000][gc,marking    ] GC(57) Concurrent Preclean 0.211ms
[2023-11-16T15:56:47.529+0000][gc,marking    ] GC(57) Concurrent Mark (3120.098s, 3120.130s) 31.511ms
[2023-11-16T15:56:47.529+0000][gc,start      ] GC(57) Pause Remark
[2023-11-16T15:56:47.544+0000][gc,stringtable] GC(57) Cleaned string and symbol table, strings: 12528 processed, 0 removed, symbols: 92658 processed, 1 removed
[2023-11-16T15:56:47.545+0000][gc            ] GC(57) Pause Remark 190M->190M(512M) 15.926ms
[2023-11-16T15:56:47.545+0000][gc,cpu        ] GC(57) User=0.02s Sys=0.00s Real=0.01s
[2023-11-16T15:56:47.545+0000][gc,marking    ] GC(57) Concurrent Rebuild Remembered Sets
[2023-11-16T15:56:47.566+0000][gc,marking    ] GC(57) Concurrent Rebuild Remembered Sets 21.291ms
[2023-11-16T15:56:47.566+0000][gc,start      ] GC(57) Pause Cleanup
[2023-11-16T15:56:47.567+0000][gc            ] GC(57) Pause Cleanup 190M->190M(512M) 0.353ms
[2023-11-16T15:56:47.567+0000][gc,cpu        ] GC(57) User=0.00s Sys=0.00s Real=0.00s
[2023-11-16T15:56:47.567+0000][gc,marking    ] GC(57) Concurrent Cleanup for Next Mark
[2023-11-16T15:56:47.568+0000][gc,marking    ] GC(57) Concurrent Cleanup for Next Mark 1.674ms
[2023-11-16T15:56:47.568+0000][gc            ] GC(57) Concurrent Cycle 76.687ms
[2023-11-16T15:58:57.709+0000][gc,start      ] GC(58) Pause Young (Prepare Mixed) (G1 Evacuation Pause)
[2023-11-16T15:58:57.709+0000][gc,task       ] GC(58) Using 2 workers of 2 for evacuation
[2023-11-16T15:58:57.724+0000][gc,phases     ] GC(58)   Pre Evacuate Collection Set: 0.0ms
[2023-11-16T15:58:57.724+0000][gc,phases     ] GC(58)   Evacuate Collection Set: 14.8ms
[2023-11-16T15:58:57.724+0000][gc,phases     ] GC(58)   Post Evacuate Collection Set: 0.4ms
[2023-11-16T15:58:57.725+0000][gc,phases     ] GC(58)   Other: 0.2ms
[2023-11-16T15:58:57.725+0000][gc,heap       ] GC(58) Eden regions: 33->0(22)
[2023-11-16T15:58:57.725+0000][gc,heap       ] GC(58) Survivor regions: 5->3(5)
[2023-11-16T15:58:57.725+0000][gc,heap       ] GC(58) Old regions: 50->53
[2023-11-16T15:58:57.725+0000][gc,heap       ] GC(58) Humongous regions: 138->138
[2023-11-16T15:58:57.725+0000][gc,metaspace  ] GC(58) Metaspace: 43632K(46208K)->43632K(46208K) NonClass: 38493K(39936K)->38493K(39936K) Class: 5138K(6272K)->5138K(6272K)
[2023-11-16T15:58:57.725+0000][gc            ] GC(58) Pause Young (Prepare Mixed) (G1 Evacuation Pause) 223M->191M(512M) 15.499ms
[2023-11-16T15:58:57.725+0000][gc,cpu        ] GC(58) User=0.03s Sys=0.00s Real=0.01s
[2023-11-16T16:00:23.348+0000][gc,start      ] GC(59) Pause Young (Mixed) (G1 Evacuation Pause)
[2023-11-16T16:00:23.348+0000][gc,task       ] GC(59) Using 2 workers of 2 for evacuation
[2023-11-16T16:00:23.363+0000][gc,phases     ] GC(59)   Pre Evacuate Collection Set: 0.0ms
[2023-11-16T16:00:23.363+0000][gc,phases     ] GC(59)   Evacuate Collection Set: 14.1ms
[2023-11-16T16:00:23.363+0000][gc,phases     ] GC(59)   Post Evacuate Collection Set: 0.3ms
[2023-11-16T16:00:23.363+0000][gc,phases     ] GC(59)   Other: 0.3ms
[2023-11-16T16:00:23.363+0000][gc,heap       ] GC(59) Eden regions: 22->0(47)
[2023-11-16T16:00:23.363+0000][gc,heap       ] GC(59) Survivor regions: 3->3(4)
[2023-11-16T16:00:23.363+0000][gc,heap       ] GC(59) Old regions: 53->51
[2023-11-16T16:00:23.363+0000][gc,heap       ] GC(59) Humongous regions: 138->138
[2023-11-16T16:00:23.363+0000][gc,metaspace  ] GC(59) Metaspace: 43632K(46208K)->43632K(46208K) NonClass: 38494K(39936K)->38494K(39936K) Class: 5138K(6272K)->5138K(6272K)
[2023-11-16T16:00:23.363+0000][gc            ] GC(59) Pause Young (Mixed) (G1 Evacuation Pause) 213M->190M(512M) 14.812ms
[2023-11-16T16:00:23.363+0000][gc,cpu        ] GC(59) User=0.03s Sys=0.00s Real=0.01s
[2023-11-16T16:03:31.138+0000][gc,start      ] GC(60) Pause Young (Concurrent Start) (G1 Evacuation Pause)
[2023-11-16T16:03:31.138+0000][gc,task       ] GC(60) Using 2 workers of 2 for evacuation
[2023-11-16T16:03:31.156+0000][gc,phases     ] GC(60)   Pre Evacuate Collection Set: 0.2ms
[2023-11-16T16:03:31.156+0000][gc,phases     ] GC(60)   Evacuate Collection Set: 17.2ms
[2023-11-16T16:03:31.156+0000][gc,phases     ] GC(60)   Post Evacuate Collection Set: 0.3ms
[2023-11-16T16:03:31.156+0000][gc,phases     ] GC(60)   Other: 0.3ms
[2023-11-16T16:03:31.156+0000][gc,heap       ] GC(60) Eden regions: 47->0(39)
[2023-11-16T16:03:31.156+0000][gc,heap       ] GC(60) Survivor regions: 3->6(7)
[2023-11-16T16:03:31.156+0000][gc,heap       ] GC(60) Old regions: 51->51
[2023-11-16T16:03:31.156+0000][gc,heap       ] GC(60) Humongous regions: 138->138
[2023-11-16T16:03:31.156+0000][gc,metaspace  ] GC(60) Metaspace: 43633K(46208K)->43633K(46208K) NonClass: 38495K(39936K)->38495K(39936K) Class: 5138K(6272K)->5138K(6272K)
[2023-11-16T16:03:31.156+0000][gc            ] GC(60) Pause Young (Concurrent Start) (G1 Evacuation Pause) 237M->193M(512M) 18.074ms
[2023-11-16T16:03:31.156+0000][gc,cpu        ] GC(60) User=0.03s Sys=0.00s Real=0.02s
[2023-11-16T16:03:31.156+0000][gc            ] GC(61) Concurrent Cycle
[2023-11-16T16:03:31.156+0000][gc,marking    ] GC(61) Concurrent Clear Claimed Marks
[2023-11-16T16:03:31.156+0000][gc,marking    ] GC(61) Concurrent Clear Claimed Marks 0.238ms
[2023-11-16T16:03:31.156+0000][gc,marking    ] GC(61) Concurrent Scan Root Regions
[2023-11-16T16:03:31.162+0000][gc,marking    ] GC(61) Concurrent Scan Root Regions 5.857ms
[2023-11-16T16:03:31.162+0000][gc,marking    ] GC(61) Concurrent Mark (3523.763s)
[2023-11-16T16:03:31.162+0000][gc,marking    ] GC(61) Concurrent Mark From Roots
[2023-11-16T16:03:31.162+0000][gc,task       ] GC(61) Using 1 workers of 1 for marking
[2023-11-16T16:03:31.195+0000][gc,marking    ] GC(61) Concurrent Mark From Roots 32.707ms
[2023-11-16T16:03:31.195+0000][gc,marking    ] GC(61) Concurrent Preclean
[2023-11-16T16:03:31.195+0000][gc,marking    ] GC(61) Concurrent Preclean 0.213ms
[2023-11-16T16:03:31.195+0000][gc,marking    ] GC(61) Concurrent Mark (3523.763s, 3523.796s) 32.980ms
[2023-11-16T16:03:31.196+0000][gc,start      ] GC(61) Pause Remark
[2023-11-16T16:03:31.209+0000][gc,stringtable] GC(61) Cleaned string and symbol table, strings: 12557 processed, 0 removed, symbols: 92658 processed, 1 removed
[2023-11-16T16:03:31.209+0000][gc            ] GC(61) Pause Remark 193M->193M(512M) 13.741ms
[2023-11-16T16:03:31.209+0000][gc,cpu        ] GC(61) User=0.02s Sys=0.00s Real=0.01s
[2023-11-16T16:03:31.209+0000][gc,marking    ] GC(61) Concurrent Rebuild Remembered Sets
[2023-11-16T16:03:31.242+0000][gc,marking    ] GC(61) Concurrent Rebuild Remembered Sets 32.789ms
[2023-11-16T16:03:31.243+0000][gc,start      ] GC(61) Pause Cleanup
[2023-11-16T16:03:31.243+0000][gc            ] GC(61) Pause Cleanup 193M->193M(512M) 0.200ms
[2023-11-16T16:03:31.243+0000][gc,cpu        ] GC(61) User=0.00s Sys=0.00s Real=0.00s
[2023-11-16T16:03:31.243+0000][gc,marking    ] GC(61) Concurrent Cleanup for Next Mark
[2023-11-16T16:03:31.245+0000][gc,marking    ] GC(61) Concurrent Cleanup for Next Mark 1.971ms
[2023-11-16T16:03:31.245+0000][gc            ] GC(61) Concurrent Cycle 88.547ms
[2023-11-16T16:05:16.259+0000][gc,start      ] GC(62) Pause Young (Prepare Mixed) (G1 Evacuation Pause)
[2023-11-16T16:05:16.260+0000][gc,task       ] GC(62) Using 2 workers of 2 for evacuation
[2023-11-16T16:05:16.301+0000][gc,mmu        ] GC(62) MMU target violated: 21.0ms (20.0ms/21.0ms)
[2023-11-16T16:05:16.301+0000][gc,phases     ] GC(62)   Pre Evacuate Collection Set: 0.0ms
[2023-11-16T16:05:16.301+0000][gc,phases     ] GC(62)   Evacuate Collection Set: 40.9ms
[2023-11-16T16:05:16.301+0000][gc,phases     ] GC(62)   Post Evacuate Collection Set: 0.5ms
[2023-11-16T16:05:16.301+0000][gc,phases     ] GC(62)   Other: 0.3ms
[2023-11-16T16:05:16.301+0000][gc,heap       ] GC(62) Eden regions: 33->0(20)
[2023-11-16T16:05:16.301+0000][gc,heap       ] GC(62) Survivor regions: 6->5(5)
[2023-11-16T16:05:16.301+0000][gc,heap       ] GC(62) Old regions: 51->56
[2023-11-16T16:05:16.301+0000][gc,heap       ] GC(62) Humongous regions: 147->147
[2023-11-16T16:05:16.301+0000][gc,metaspace  ] GC(62) Metaspace: 43771K(46336K)->43771K(46336K) NonClass: 38605K(39936K)->38605K(39936K) Class: 5166K(6400K)->5166K(6400K)
[2023-11-16T16:05:16.301+0000][gc            ] GC(62) Pause Young (Prepare Mixed) (G1 Evacuation Pause) 235M->205M(512M) 41.808ms
[2023-11-16T16:05:16.301+0000][gc,cpu        ] GC(62) User=0.07s Sys=0.01s Real=0.04s
[2023-11-16T16:06:32.848+0000][gc,start      ] GC(63) Pause Young (Mixed) (G1 Evacuation Pause)
[2023-11-16T16:06:32.848+0000][gc,task       ] GC(63) Using 2 workers of 2 for evacuation
[2023-11-16T16:06:32.864+0000][gc,phases     ] GC(63)   Pre Evacuate Collection Set: 0.0ms
[2023-11-16T16:06:32.864+0000][gc,phases     ] GC(63)   Evacuate Collection Set: 14.5ms
[2023-11-16T16:06:32.864+0000][gc,phases     ] GC(63)   Post Evacuate Collection Set: 0.5ms
[2023-11-16T16:06:32.864+0000][gc,phases     ] GC(63)   Other: 0.2ms
[2023-11-16T16:06:32.864+0000][gc,heap       ] GC(63) Eden regions: 20->0(27)
[2023-11-16T16:06:32.864+0000][gc,heap       ] GC(63) Survivor regions: 5->2(4)
[2023-11-16T16:06:32.864+0000][gc,heap       ] GC(63) Old regions: 56->54
[2023-11-16T16:06:32.864+0000][gc,heap       ] GC(63) Humongous regions: 147->147
[2023-11-16T16:06:32.864+0000][gc,metaspace  ] GC(63) Metaspace: 43839K(46592K)->43839K(46592K) NonClass: 38652K(40192K)->38652K(40192K) Class: 5187K(6400K)->5187K(6400K)
[2023-11-16T16:06:32.864+0000][gc            ] GC(63) Pause Young (Mixed) (G1 Evacuation Pause) 225M->201M(512M) 15.279ms
[2023-11-16T16:06:32.864+0000][gc,cpu        ] GC(63) User=0.02s Sys=0.00s Real=0.01s
[2023-11-16T16:08:20.192+0000][gc,start      ] GC(64) Pause Young (Concurrent Start) (G1 Evacuation Pause)
[2023-11-16T16:08:20.192+0000][gc,task       ] GC(64) Using 2 workers of 2 for evacuation
[2023-11-16T16:08:20.204+0000][gc,phases     ] GC(64)   Pre Evacuate Collection Set: 0.2ms
[2023-11-16T16:08:20.204+0000][gc,phases     ] GC(64)   Evacuate Collection Set: 12.0ms
[2023-11-16T16:08:20.204+0000][gc,phases     ] GC(64)   Post Evacuate Collection Set: 0.3ms
[2023-11-16T16:08:20.204+0000][gc,phases     ] GC(64)   Other: 0.3ms
[2023-11-16T16:08:20.204+0000][gc,heap       ] GC(64) Eden regions: 27->0(21)
[2023-11-16T16:08:20.204+0000][gc,heap       ] GC(64) Survivor regions: 2->4(4)
[2023-11-16T16:08:20.204+0000][gc,heap       ] GC(64) Old regions: 54->54
[2023-11-16T16:08:20.204+0000][gc,heap       ] GC(64) Humongous regions: 147->147
[2023-11-16T16:08:20.205+0000][gc,metaspace  ] GC(64) Metaspace: 43845K(46592K)->43845K(46592K) NonClass: 38658K(40192K)->38658K(40192K) Class: 5187K(6400K)->5187K(6400K)
[2023-11-16T16:08:20.205+0000][gc            ] GC(64) Pause Young (Concurrent Start) (G1 Evacuation Pause) 228M->203M(512M) 12.904ms
[2023-11-16T16:08:20.205+0000][gc,cpu        ] GC(64) User=0.03s Sys=0.00s Real=0.01s
[2023-11-16T16:08:20.205+0000][gc            ] GC(65) Concurrent Cycle
[2023-11-16T16:08:20.205+0000][gc,marking    ] GC(65) Concurrent Clear Claimed Marks
[2023-11-16T16:08:20.205+0000][gc,marking    ] GC(65) Concurrent Clear Claimed Marks 0.200ms
[2023-11-16T16:08:20.205+0000][gc,marking    ] GC(65) Concurrent Scan Root Regions
[2023-11-16T16:08:20.208+0000][gc,marking    ] GC(65) Concurrent Scan Root Regions 3.218ms
[2023-11-16T16:08:20.208+0000][gc,marking    ] GC(65) Concurrent Mark (3812.809s)
[2023-11-16T16:08:20.208+0000][gc,marking    ] GC(65) Concurrent Mark From Roots
[2023-11-16T16:08:20.208+0000][gc,task       ] GC(65) Using 1 workers of 1 for marking
[2023-11-16T16:08:20.242+0000][gc,marking    ] GC(65) Concurrent Mark From Roots 34.280ms
[2023-11-16T16:08:20.242+0000][gc,marking    ] GC(65) Concurrent Preclean
[2023-11-16T16:08:20.243+0000][gc,marking    ] GC(65) Concurrent Preclean 0.184ms
[2023-11-16T16:08:20.243+0000][gc,marking    ] GC(65) Concurrent Mark (3812.809s, 3812.844s) 34.521ms
[2023-11-16T16:08:20.243+0000][gc,start      ] GC(65) Pause Remark
[2023-11-16T16:08:20.256+0000][gc,stringtable] GC(65) Cleaned string and symbol table, strings: 12598 processed, 1 removed, symbols: 92856 processed, 0 removed
[2023-11-16T16:08:20.256+0000][gc            ] GC(65) Pause Remark 203M->201M(512M) 13.320ms
[2023-11-16T16:08:20.256+0000][gc,cpu        ] GC(65) User=0.02s Sys=0.00s Real=0.02s
[2023-11-16T16:08:20.256+0000][gc,marking    ] GC(65) Concurrent Rebuild Remembered Sets
[2023-11-16T16:08:20.283+0000][gc,marking    ] GC(65) Concurrent Rebuild Remembered Sets 27.050ms
[2023-11-16T16:08:20.283+0000][gc,start      ] GC(65) Pause Cleanup
[2023-11-16T16:08:20.284+0000][gc            ] GC(65) Pause Cleanup 201M->201M(512M) 0.157ms
[2023-11-16T16:08:20.284+0000][gc,cpu        ] GC(65) User=0.00s Sys=0.00s Real=0.00s
[2023-11-16T16:08:20.284+0000][gc,marking    ] GC(65) Concurrent Cleanup for Next Mark
[2023-11-16T16:08:20.285+0000][gc,marking    ] GC(65) Concurrent Cleanup for Next Mark 1.392ms
[2023-11-16T16:08:20.285+0000][gc            ] GC(65) Concurrent Cycle 80.545ms
[2023-11-16T16:09:41.061+0000][gc,start      ] GC(66) Pause Young (Prepare Mixed) (G1 Evacuation Pause)
[2023-11-16T16:09:41.061+0000][gc,task       ] GC(66) Using 2 workers of 2 for evacuation
[2023-11-16T16:09:41.071+0000][gc,phases     ] GC(66)   Pre Evacuate Collection Set: 0.1ms
[2023-11-16T16:09:41.072+0000][gc,phases     ] GC(66)   Evacuate Collection Set: 10.0ms
[2023-11-16T16:09:41.072+0000][gc,phases     ] GC(66)   Post Evacuate Collection Set: 0.3ms
[2023-11-16T16:09:41.072+0000][gc,phases     ] GC(66)   Other: 0.2ms
[2023-11-16T16:09:41.072+0000][gc,heap       ] GC(66) Eden regions: 21->0(23)
[2023-11-16T16:09:41.072+0000][gc,heap       ] GC(66) Survivor regions: 4->2(4)
[2023-11-16T16:09:41.072+0000][gc,heap       ] GC(66) Old regions: 52->54
[2023-11-16T16:09:41.072+0000][gc,heap       ] GC(66) Humongous regions: 147->147
[2023-11-16T16:09:41.072+0000][gc,metaspace  ] GC(66) Metaspace: 43867K(46592K)->43867K(46592K) NonClass: 38680K(40192K)->38680K(40192K) Class: 5187K(6400K)->5187K(6400K)
[2023-11-16T16:09:41.072+0000][gc            ] GC(66) Pause Young (Prepare Mixed) (G1 Evacuation Pause) 222M->201M(512M) 10.681ms
[2023-11-16T16:09:41.072+0000][gc,cpu        ] GC(66) User=0.02s Sys=0.00s Real=0.01s
[2023-11-16T16:11:11.988+0000][gc,start      ] GC(67) Pause Young (Mixed) (G1 Evacuation Pause)
[2023-11-16T16:11:11.988+0000][gc,task       ] GC(67) Using 2 workers of 2 for evacuation
[2023-11-16T16:11:12.001+0000][gc,phases     ] GC(67)   Pre Evacuate Collection Set: 0.0ms
[2023-11-16T16:11:12.001+0000][gc,phases     ] GC(67)   Evacuate Collection Set: 12.2ms
[2023-11-16T16:11:12.001+0000][gc,phases     ] GC(67)   Post Evacuate Collection Set: 0.3ms
[2023-11-16T16:11:12.001+0000][gc,phases     ] GC(67)   Other: 0.2ms
[2023-11-16T16:11:12.001+0000][gc,heap       ] GC(67) Eden regions: 23->0(35)
[2023-11-16T16:11:12.001+0000][gc,heap       ] GC(67) Survivor regions: 2->4(4)
[2023-11-16T16:11:12.001+0000][gc,heap       ] GC(67) Old regions: 54->49
[2023-11-16T16:11:12.001+0000][gc,heap       ] GC(67) Humongous regions: 147->147
[2023-11-16T16:11:12.001+0000][gc,metaspace  ] GC(67) Metaspace: 43867K(46592K)->43867K(46592K) NonClass: 38680K(40192K)->38680K(40192K) Class: 5187K(6400K)->5187K(6400K)
[2023-11-16T16:11:12.001+0000][gc            ] GC(67) Pause Young (Mixed) (G1 Evacuation Pause) 224M->197M(512M) 12.884ms
[2023-11-16T16:11:12.001+0000][gc,cpu        ] GC(67) User=0.02s Sys=0.00s Real=0.01s
[2023-11-16T16:13:30.955+0000][gc,start      ] GC(68) Pause Young (Concurrent Start) (G1 Evacuation Pause)
[2023-11-16T16:13:30.955+0000][gc,task       ] GC(68) Using 2 workers of 2 for evacuation
[2023-11-16T16:13:30.970+0000][gc,phases     ] GC(68)   Pre Evacuate Collection Set: 0.2ms
[2023-11-16T16:13:30.970+0000][gc,phases     ] GC(68)   Evacuate Collection Set: 14.2ms
[2023-11-16T16:13:30.970+0000][gc,phases     ] GC(68)   Post Evacuate Collection Set: 0.4ms
[2023-11-16T16:13:30.970+0000][gc,phases     ] GC(68)   Other: 0.2ms
[2023-11-16T16:13:30.970+0000][gc,heap       ] GC(68) Eden regions: 35->0(36)
[2023-11-16T16:13:30.970+0000][gc,heap       ] GC(68) Survivor regions: 4->4(5)
[2023-11-16T16:13:30.970+0000][gc,heap       ] GC(68) Old regions: 49->50
[2023-11-16T16:13:30.970+0000][gc,heap       ] GC(68) Humongous regions: 147->147
[2023-11-16T16:13:30.970+0000][gc,metaspace  ] GC(68) Metaspace: 43868K(46592K)->43868K(46592K) NonClass: 38681K(40192K)->38681K(40192K) Class: 5187K(6400K)->5187K(6400K)
[2023-11-16T16:13:30.970+0000][gc            ] GC(68) Pause Young (Concurrent Start) (G1 Evacuation Pause) 232M->199M(512M) 15.113ms
[2023-11-16T16:13:30.970+0000][gc,cpu        ] GC(68) User=0.03s Sys=0.00s Real=0.01s
[2023-11-16T16:13:30.970+0000][gc            ] GC(69) Concurrent Cycle
[2023-11-16T16:13:30.970+0000][gc,marking    ] GC(69) Concurrent Clear Claimed Marks
[2023-11-16T16:13:30.971+0000][gc,marking    ] GC(69) Concurrent Clear Claimed Marks 0.219ms
[2023-11-16T16:13:30.971+0000][gc,marking    ] GC(69) Concurrent Scan Root Regions
[2023-11-16T16:13:30.974+0000][gc,marking    ] GC(69) Concurrent Scan Root Regions 3.849ms
[2023-11-16T16:13:30.975+0000][gc,marking    ] GC(69) Concurrent Mark (4123.575s)
[2023-11-16T16:13:30.975+0000][gc,marking    ] GC(69) Concurrent Mark From Roots
[2023-11-16T16:13:30.975+0000][gc,task       ] GC(69) Using 1 workers of 1 for marking
[2023-11-16T16:13:31.015+0000][gc,marking    ] GC(69) Concurrent Mark From Roots 40.295ms
[2023-11-16T16:13:31.015+0000][gc,marking    ] GC(69) Concurrent Preclean
[2023-11-16T16:13:31.015+0000][gc,marking    ] GC(69) Concurrent Preclean 0.237ms
[2023-11-16T16:13:31.015+0000][gc,marking    ] GC(69) Concurrent Mark (4123.575s, 4123.616s) 40.593ms
[2023-11-16T16:13:31.015+0000][gc,start      ] GC(69) Pause Remark
[2023-11-16T16:13:31.029+0000][gc,stringtable] GC(69) Cleaned string and symbol table, strings: 12599 processed, 6 removed, symbols: 92856 processed, 0 removed
[2023-11-16T16:13:31.030+0000][gc            ] GC(69) Pause Remark 199M->199M(512M) 14.361ms
[2023-11-16T16:13:31.030+0000][gc,cpu        ] GC(69) User=0.03s Sys=0.00s Real=0.01s
[2023-11-16T16:13:31.030+0000][gc,marking    ] GC(69) Concurrent Rebuild Remembered Sets
[2023-11-16T16:13:31.056+0000][gc,marking    ] GC(69) Concurrent Rebuild Remembered Sets 26.454ms
[2023-11-16T16:13:31.057+0000][gc,start      ] GC(69) Pause Cleanup
[2023-11-16T16:13:31.057+0000][gc            ] GC(69) Pause Cleanup 199M->199M(512M) 0.249ms
[2023-11-16T16:13:31.057+0000][gc,cpu        ] GC(69) User=0.00s Sys=0.00s Real=0.00s
[2023-11-16T16:13:31.057+0000][gc,marking    ] GC(69) Concurrent Cleanup for Next Mark
[2023-11-16T16:13:31.058+0000][gc,marking    ] GC(69) Concurrent Cleanup for Next Mark 1.668ms
[2023-11-16T16:13:31.059+0000][gc            ] GC(69) Concurrent Cycle 88.123ms
[2023-11-16T16:15:44.477+0000][gc,start      ] GC(70) Pause Young (Prepare Mixed) (G1 Evacuation Pause)
[2023-11-16T16:15:44.477+0000][gc,task       ] GC(70) Using 2 workers of 2 for evacuation
[2023-11-16T16:15:44.490+0000][gc,phases     ] GC(70)   Pre Evacuate Collection Set: 0.0ms
[2023-11-16T16:15:44.490+0000][gc,phases     ] GC(70)   Evacuate Collection Set: 12.6ms
[2023-11-16T16:15:44.490+0000][gc,phases     ] GC(70)   Post Evacuate Collection Set: 0.4ms
[2023-11-16T16:15:44.490+0000][gc,phases     ] GC(70)   Other: 0.2ms
[2023-11-16T16:15:44.490+0000][gc,heap       ] GC(70) Eden regions: 34->0(22)
[2023-11-16T16:15:44.490+0000][gc,heap       ] GC(70) Survivor regions: 4->3(5)
[2023-11-16T16:15:44.490+0000][gc,heap       ] GC(70) Old regions: 50->52
[2023-11-16T16:15:44.490+0000][gc,heap       ] GC(70) Humongous regions: 147->147
[2023-11-16T16:15:44.490+0000][gc,metaspace  ] GC(70) Metaspace: 43873K(46592K)->43873K(46592K) NonClass: 38686K(40192K)->38686K(40192K) Class: 5187K(6400K)->5187K(6400K)
[2023-11-16T16:15:44.490+0000][gc            ] GC(70) Pause Young (Prepare Mixed) (G1 Evacuation Pause) 233M->199M(512M) 13.347ms
[2023-11-16T16:15:44.490+0000][gc,cpu        ] GC(70) User=0.03s Sys=0.00s Real=0.01s
[2023-11-16T16:17:11.131+0000][gc,start      ] GC(71) Pause Young (Mixed) (G1 Evacuation Pause)
[2023-11-16T16:17:11.131+0000][gc,task       ] GC(71) Using 2 workers of 2 for evacuation
[2023-11-16T16:17:11.146+0000][gc,phases     ] GC(71)   Pre Evacuate Collection Set: 0.0ms
[2023-11-16T16:17:11.146+0000][gc,phases     ] GC(71)   Evacuate Collection Set: 14.2ms
[2023-11-16T16:17:11.146+0000][gc,phases     ] GC(71)   Post Evacuate Collection Set: 0.3ms
[2023-11-16T16:17:11.146+0000][gc,phases     ] GC(71)   Other: 0.2ms
[2023-11-16T16:17:11.146+0000][gc,heap       ] GC(71) Eden regions: 22->0(46)
[2023-11-16T16:17:11.146+0000][gc,heap       ] GC(71) Survivor regions: 3->3(4)
[2023-11-16T16:17:11.146+0000][gc,heap       ] GC(71) Old regions: 52->51
[2023-11-16T16:17:11.146+0000][gc,heap       ] GC(71) Humongous regions: 147->147
[2023-11-16T16:17:11.146+0000][gc,metaspace  ] GC(71) Metaspace: 43873K(46592K)->43873K(46592K) NonClass: 38686K(40192K)->38686K(40192K) Class: 5187K(6400K)->5187K(6400K)
[2023-11-16T16:17:11.146+0000][gc            ] GC(71) Pause Young (Mixed) (G1 Evacuation Pause) 221M->198M(512M) 14.887ms
[2023-11-16T16:17:11.146+0000][gc,cpu        ] GC(71) User=0.03s Sys=0.00s Real=0.02s
[2023-11-16T16:20:14.440+0000][gc,start      ] GC(72) Pause Young (Concurrent Start) (G1 Evacuation Pause)
[2023-11-16T16:20:14.440+0000][gc,task       ] GC(72) Using 2 workers of 2 for evacuation
[2023-11-16T16:20:14.485+0000][gc,mmu        ] GC(72) MMU target violated: 21.0ms (20.0ms/21.0ms)
[2023-11-16T16:20:14.485+0000][gc,phases     ] GC(72)   Pre Evacuate Collection Set: 0.2ms
[2023-11-16T16:20:14.485+0000][gc,phases     ] GC(72)   Evacuate Collection Set: 40.4ms
[2023-11-16T16:20:14.485+0000][gc,phases     ] GC(72)   Post Evacuate Collection Set: 2.7ms
[2023-11-16T16:20:14.485+0000][gc,phases     ] GC(72)   Other: 1.4ms
[2023-11-16T16:20:14.485+0000][gc,heap       ] GC(72) Eden regions: 46->0(19)
[2023-11-16T16:20:14.485+0000][gc,heap       ] GC(72) Survivor regions: 3->6(7)
[2023-11-16T16:20:14.485+0000][gc,heap       ] GC(72) Old regions: 51->51
[2023-11-16T16:20:14.485+0000][gc,heap       ] GC(72) Humongous regions: 147->147
[2023-11-16T16:20:14.485+0000][gc,metaspace  ] GC(72) Metaspace: 43877K(46592K)->43877K(46592K) NonClass: 38690K(40192K)->38690K(40192K) Class: 5187K(6400K)->5187K(6400K)
[2023-11-16T16:20:14.485+0000][gc            ] GC(72) Pause Young (Concurrent Start) (G1 Evacuation Pause) 244M->201M(512M) 44.772ms
[2023-11-16T16:20:14.485+0000][gc,cpu        ] GC(72) User=0.08s Sys=0.01s Real=0.04s
[2023-11-16T16:20:14.485+0000][gc            ] GC(73) Concurrent Cycle
[2023-11-16T16:20:14.485+0000][gc,marking    ] GC(73) Concurrent Clear Claimed Marks
[2023-11-16T16:20:14.485+0000][gc,marking    ] GC(73) Concurrent Clear Claimed Marks 0.205ms
[2023-11-16T16:20:14.485+0000][gc,marking    ] GC(73) Concurrent Scan Root Regions
[2023-11-16T16:20:14.496+0000][gc,marking    ] GC(73) Concurrent Scan Root Regions 10.712ms
[2023-11-16T16:20:14.496+0000][gc,marking    ] GC(73) Concurrent Mark (4527.097s)
[2023-11-16T16:20:14.496+0000][gc,marking    ] GC(73) Concurrent Mark From Roots
[2023-11-16T16:20:14.496+0000][gc,task       ] GC(73) Using 1 workers of 1 for marking
[2023-11-16T16:20:14.534+0000][gc,marking    ] GC(73) Concurrent Mark From Roots 38.541ms
[2023-11-16T16:20:14.535+0000][gc,marking    ] GC(73) Concurrent Preclean
[2023-11-16T16:20:14.535+0000][gc,marking    ] GC(73) Concurrent Preclean 0.180ms
[2023-11-16T16:20:14.535+0000][gc,marking    ] GC(73) Concurrent Mark (4527.097s, 4527.136s) 39.089ms
[2023-11-16T16:20:14.535+0000][gc,start      ] GC(73) Pause Remark
[2023-11-16T16:20:14.556+0000][gc,stringtable] GC(73) Cleaned string and symbol table, strings: 12661 processed, 0 removed, symbols: 92857 processed, 1 removed
[2023-11-16T16:20:14.556+0000][gc,mmu        ] GC(73) MMU target violated: 21.0ms (20.0ms/21.0ms)
[2023-11-16T16:20:14.556+0000][gc            ] GC(73) Pause Remark 202M->201M(512M) 21.285ms
[2023-11-16T16:20:14.556+0000][gc,cpu        ] GC(73) User=0.03s Sys=0.00s Real=0.02s
[2023-11-16T16:20:14.556+0000][gc,marking    ] GC(73) Concurrent Rebuild Remembered Sets
[2023-11-16T16:20:14.577+0000][gc,marking    ] GC(73) Concurrent Rebuild Remembered Sets 21.050ms
[2023-11-16T16:20:14.578+0000][gc,start      ] GC(73) Pause Cleanup
[2023-11-16T16:20:14.578+0000][gc            ] GC(73) Pause Cleanup 201M->201M(512M) 0.168ms
[2023-11-16T16:20:14.578+0000][gc,cpu        ] GC(73) User=0.00s Sys=0.00s Real=0.00s
[2023-11-16T16:20:14.578+0000][gc,marking    ] GC(73) Concurrent Cleanup for Next Mark
[2023-11-16T16:20:14.579+0000][gc,marking    ] GC(73) Concurrent Cleanup for Next Mark 1.395ms
[2023-11-16T16:20:14.579+0000][gc            ] GC(73) Concurrent Cycle 94.660ms
[2023-11-16T16:21:28.114+0000][gc,start      ] GC(74) Pause Young (Prepare Mixed) (G1 Evacuation Pause)
[2023-11-16T16:21:28.114+0000][gc,task       ] GC(74) Using 2 workers of 2 for evacuation
[2023-11-16T16:21:28.129+0000][gc,phases     ] GC(74)   Pre Evacuate Collection Set: 0.0ms
[2023-11-16T16:21:28.129+0000][gc,phases     ] GC(74)   Evacuate Collection Set: 14.0ms
[2023-11-16T16:21:28.129+0000][gc,phases     ] GC(74)   Post Evacuate Collection Set: 0.3ms
[2023-11-16T16:21:28.129+0000][gc,phases     ] GC(74)   Other: 0.2ms
[2023-11-16T16:21:28.129+0000][gc,heap       ] GC(74) Eden regions: 19->0(22)
[2023-11-16T16:21:28.129+0000][gc,heap       ] GC(74) Survivor regions: 6->3(4)
[2023-11-16T16:21:28.129+0000][gc,heap       ] GC(74) Old regions: 50->53
[2023-11-16T16:21:28.129+0000][gc,heap       ] GC(74) Humongous regions: 147->147
[2023-11-16T16:21:28.129+0000][gc,metaspace  ] GC(74) Metaspace: 43877K(46592K)->43877K(46592K) NonClass: 38690K(40192K)->38690K(40192K) Class: 5187K(6400K)->5187K(6400K)
[2023-11-16T16:21:28.129+0000][gc            ] GC(74) Pause Young (Prepare Mixed) (G1 Evacuation Pause) 220M->201M(512M) 14.628ms
[2023-11-16T16:21:28.129+0000][gc,cpu        ] GC(74) User=0.03s Sys=0.00s Real=0.01s
[2023-11-16T16:22:54.782+0000][gc,start      ] GC(75) Pause Young (Mixed) (G1 Evacuation Pause)
[2023-11-16T16:22:54.782+0000][gc,task       ] GC(75) Using 2 workers of 2 for evacuation
[2023-11-16T16:22:54.796+0000][gc,phases     ] GC(75)   Pre Evacuate Collection Set: 0.0ms
[2023-11-16T16:22:54.796+0000][gc,phases     ] GC(75)   Evacuate Collection Set: 13.4ms
[2023-11-16T16:22:54.796+0000][gc,phases     ] GC(75)   Post Evacuate Collection Set: 0.4ms
[2023-11-16T16:22:54.796+0000][gc,phases     ] GC(75)   Other: 0.3ms
[2023-11-16T16:22:54.796+0000][gc,heap       ] GC(75) Eden regions: 22->0(21)
[2023-11-16T16:22:54.796+0000][gc,heap       ] GC(75) Survivor regions: 3->4(4)
[2023-11-16T16:22:54.796+0000][gc,heap       ] GC(75) Old regions: 53->49
[2023-11-16T16:22:54.796+0000][gc,heap       ] GC(75) Humongous regions: 147->147
[2023-11-16T16:22:54.796+0000][gc,metaspace  ] GC(75) Metaspace: 43877K(46592K)->43877K(46592K) NonClass: 38690K(40192K)->38690K(40192K) Class: 5187K(6400K)->5187K(6400K)
[2023-11-16T16:22:54.796+0000][gc            ] GC(75) Pause Young (Mixed) (G1 Evacuation Pause) 223M->198M(512M) 14.154ms
[2023-11-16T16:22:54.796+0000][gc,cpu        ] GC(75) User=0.02s Sys=0.00s Real=0.02s
[2023-11-16T16:24:16.653+0000][gc,start      ] GC(76) Pause Young (Concurrent Start) (G1 Evacuation Pause)
[2023-11-16T16:24:16.653+0000][gc,task       ] GC(76) Using 2 workers of 2 for evacuation
[2023-11-16T16:24:16.664+0000][gc,phases     ] GC(76)   Pre Evacuate Collection Set: 0.2ms
[2023-11-16T16:24:16.664+0000][gc,phases     ] GC(76)   Evacuate Collection Set: 10.4ms
[2023-11-16T16:24:16.664+0000][gc,phases     ] GC(76)   Post Evacuate Collection Set: 0.3ms
[2023-11-16T16:24:16.664+0000][gc,phases     ] GC(76)   Other: 0.3ms
[2023-11-16T16:24:16.664+0000][gc,heap       ] GC(76) Eden regions: 21->0(29)
[2023-11-16T16:24:16.664+0000][gc,heap       ] GC(76) Survivor regions: 4->3(4)
[2023-11-16T16:24:16.664+0000][gc,heap       ] GC(76) Old regions: 49->51
[2023-11-16T16:24:16.664+0000][gc,heap       ] GC(76) Humongous regions: 147->147
[2023-11-16T16:24:16.664+0000][gc,metaspace  ] GC(76) Metaspace: 43877K(46592K)->43877K(46592K) NonClass: 38690K(40192K)->38690K(40192K) Class: 5187K(6400K)->5187K(6400K)
[2023-11-16T16:24:16.664+0000][gc            ] GC(76) Pause Young (Concurrent Start) (G1 Evacuation Pause) 219M->198M(512M) 11.277ms
[2023-11-16T16:24:16.664+0000][gc,cpu        ] GC(76) User=0.02s Sys=0.00s Real=0.01s
[2023-11-16T16:24:16.664+0000][gc            ] GC(77) Concurrent Cycle
[2023-11-16T16:24:16.664+0000][gc,marking    ] GC(77) Concurrent Clear Claimed Marks
[2023-11-16T16:24:16.664+0000][gc,marking    ] GC(77) Concurrent Clear Claimed Marks 0.190ms
[2023-11-16T16:24:16.664+0000][gc,marking    ] GC(77) Concurrent Scan Root Regions
[2023-11-16T16:24:16.667+0000][gc,marking    ] GC(77) Concurrent Scan Root Regions 2.387ms
[2023-11-16T16:24:16.667+0000][gc,marking    ] GC(77) Concurrent Mark (4769.268s)
[2023-11-16T16:24:16.667+0000][gc,marking    ] GC(77) Concurrent Mark From Roots
[2023-11-16T16:24:16.667+0000][gc,task       ] GC(77) Using 1 workers of 1 for marking
[2023-11-16T16:24:16.705+0000][gc,marking    ] GC(77) Concurrent Mark From Roots 38.004ms
[2023-11-16T16:24:16.705+0000][gc,marking    ] GC(77) Concurrent Preclean
[2023-11-16T16:24:16.705+0000][gc,marking    ] GC(77) Concurrent Preclean 0.174ms
[2023-11-16T16:24:16.705+0000][gc,marking    ] GC(77) Concurrent Mark (4769.268s, 4769.306s) 38.229ms
[2023-11-16T16:24:16.705+0000][gc,start      ] GC(77) Pause Remark
[2023-11-16T16:24:16.720+0000][gc,stringtable] GC(77) Cleaned string and symbol table, strings: 12661 processed, 0 removed, symbols: 92856 processed, 0 removed
[2023-11-16T16:24:16.720+0000][gc            ] GC(77) Pause Remark 198M->198M(512M) 14.690ms
[2023-11-16T16:24:16.720+0000][gc,cpu        ] GC(77) User=0.03s Sys=0.00s Real=0.02s
[2023-11-16T16:24:16.720+0000][gc,marking    ] GC(77) Concurrent Rebuild Remembered Sets
[2023-11-16T16:24:16.740+0000][gc,marking    ] GC(77) Concurrent Rebuild Remembered Sets 20.147ms
[2023-11-16T16:24:16.740+0000][gc,start      ] GC(77) Pause Cleanup
[2023-11-16T16:24:16.740+0000][gc            ] GC(77) Pause Cleanup 198M->198M(512M) 0.172ms
[2023-11-16T16:24:16.741+0000][gc,cpu        ] GC(77) User=0.00s Sys=0.00s Real=0.00s
[2023-11-16T16:24:16.741+0000][gc,marking    ] GC(77) Concurrent Cleanup for Next Mark
[2023-11-16T16:24:16.742+0000][gc,marking    ] GC(77) Concurrent Cleanup for Next Mark 1.394ms
[2023-11-16T16:24:16.742+0000][gc            ] GC(77) Concurrent Cycle 77.869ms
[2023-11-16T16:25:50.600+0000][gc,start      ] GC(78) Pause Young (Prepare Mixed) (G1 Evacuation Pause)
[2023-11-16T16:25:50.600+0000][gc,task       ] GC(78) Using 2 workers of 2 for evacuation
[2023-11-16T16:25:50.615+0000][gc,phases     ] GC(78)   Pre Evacuate Collection Set: 0.0ms
[2023-11-16T16:25:50.615+0000][gc,phases     ] GC(78)   Evacuate Collection Set: 14.0ms
[2023-11-16T16:25:50.615+0000][gc,phases     ] GC(78)   Post Evacuate Collection Set: 0.5ms
[2023-11-16T16:25:50.615+0000][gc,phases     ] GC(78)   Other: 0.2ms
[2023-11-16T16:25:50.615+0000][gc,heap       ] GC(78) Eden regions: 24->0(22)
[2023-11-16T16:25:50.615+0000][gc,heap       ] GC(78) Survivor regions: 3->3(4)
[2023-11-16T16:25:50.615+0000][gc,heap       ] GC(78) Old regions: 51->53
[2023-11-16T16:25:50.615+0000][gc,heap       ] GC(78) Humongous regions: 147->147
[2023-11-16T16:25:50.615+0000][gc,metaspace  ] GC(78) Metaspace: 43879K(46592K)->43879K(46592K) NonClass: 38692K(40192K)->38692K(40192K) Class: 5187K(6400K)->5187K(6400K)
[2023-11-16T16:25:50.615+0000][gc            ] GC(78) Pause Young (Prepare Mixed) (G1 Evacuation Pause) 222M->200M(512M) 14.780ms
[2023-11-16T16:25:50.615+0000][gc,cpu        ] GC(78) User=0.03s Sys=0.00s Real=0.02s
[2023-11-16T16:27:16.763+0000][gc,start      ] GC(79) Pause Young (Mixed) (G1 Evacuation Pause)
[2023-11-16T16:27:16.763+0000][gc,task       ] GC(79) Using 2 workers of 2 for evacuation
[2023-11-16T16:27:16.790+0000][gc,mmu        ] GC(79) MMU target violated: 21.0ms (20.0ms/21.0ms)
[2023-11-16T16:27:16.790+0000][gc,phases     ] GC(79)   Pre Evacuate Collection Set: 0.0ms
[2023-11-16T16:27:16.790+0000][gc,phases     ] GC(79)   Evacuate Collection Set: 15.4ms
[2023-11-16T16:27:16.790+0000][gc,phases     ] GC(79)   Post Evacuate Collection Set: 10.5ms
[2023-11-16T16:27:16.790+0000][gc,phases     ] GC(79)   Other: 0.4ms
[2023-11-16T16:27:16.790+0000][gc,heap       ] GC(79) Eden regions: 22->0(22)
[2023-11-16T16:27:16.790+0000][gc,heap       ] GC(79) Survivor regions: 3->3(4)
[2023-11-16T16:27:16.790+0000][gc,heap       ] GC(79) Old regions: 53->50
[2023-11-16T16:27:16.790+0000][gc,heap       ] GC(79) Humongous regions: 147->147
[2023-11-16T16:27:16.790+0000][gc,metaspace  ] GC(79) Metaspace: 43879K(46592K)->43879K(46592K) NonClass: 38692K(40192K)->38692K(40192K) Class: 5187K(6400K)->5187K(6400K)
[2023-11-16T16:27:16.790+0000][gc            ] GC(79) Pause Young (Mixed) (G1 Evacuation Pause) 222M->198M(512M) 26.386ms
[2023-11-16T16:27:16.790+0000][gc,cpu        ] GC(79) User=0.04s Sys=0.01s Real=0.03s
[2023-11-16T16:28:43.348+0000][gc,start      ] GC(80) Pause Young (Concurrent Start) (G1 Evacuation Pause)
[2023-11-16T16:28:43.348+0000][gc,task       ] GC(80) Using 2 workers of 2 for evacuation
[2023-11-16T16:28:43.363+0000][gc,phases     ] GC(80)   Pre Evacuate Collection Set: 0.2ms
[2023-11-16T16:28:43.363+0000][gc,phases     ] GC(80)   Evacuate Collection Set: 14.5ms
[2023-11-16T16:28:43.363+0000][gc,phases     ] GC(80)   Post Evacuate Collection Set: 0.3ms
[2023-11-16T16:28:43.363+0000][gc,phases     ] GC(80)   Other: 0.4ms
[2023-11-16T16:28:43.363+0000][gc,heap       ] GC(80) Eden regions: 22->0(22)
[2023-11-16T16:28:43.363+0000][gc,heap       ] GC(80) Survivor regions: 3->3(4)
[2023-11-16T16:28:43.363+0000][gc,heap       ] GC(80) Old regions: 50->52
[2023-11-16T16:28:43.363+0000][gc,heap       ] GC(80) Humongous regions: 147->147
[2023-11-16T16:28:43.363+0000][gc,metaspace  ] GC(80) Metaspace: 43879K(46592K)->43879K(46592K) NonClass: 38692K(40192K)->38692K(40192K) Class: 5187K(6400K)->5187K(6400K)
[2023-11-16T16:28:43.364+0000][gc            ] GC(80) Pause Young (Concurrent Start) (G1 Evacuation Pause) 220M->200M(512M) 15.444ms
[2023-11-16T16:28:43.364+0000][gc,cpu        ] GC(80) User=0.03s Sys=0.00s Real=0.01s
[2023-11-16T16:28:43.364+0000][gc            ] GC(81) Concurrent Cycle
[2023-11-16T16:28:43.364+0000][gc,marking    ] GC(81) Concurrent Clear Claimed Marks
[2023-11-16T16:28:43.364+0000][gc,marking    ] GC(81) Concurrent Clear Claimed Marks 0.203ms
[2023-11-16T16:28:43.364+0000][gc,marking    ] GC(81) Concurrent Scan Root Regions
[2023-11-16T16:28:43.369+0000][gc,marking    ] GC(81) Concurrent Scan Root Regions 4.973ms
[2023-11-16T16:28:43.369+0000][gc,marking    ] GC(81) Concurrent Mark (5035.970s)
[2023-11-16T16:28:43.369+0000][gc,marking    ] GC(81) Concurrent Mark From Roots
[2023-11-16T16:28:43.369+0000][gc,task       ] GC(81) Using 1 workers of 1 for marking
[2023-11-16T16:28:43.418+0000][gc,marking    ] GC(81) Concurrent Mark From Roots 49.159ms
[2023-11-16T16:28:43.418+0000][gc,marking    ] GC(81) Concurrent Preclean
[2023-11-16T16:28:43.418+0000][gc,marking    ] GC(81) Concurrent Preclean 0.166ms
[2023-11-16T16:28:43.418+0000][gc,marking    ] GC(81) Concurrent Mark (5035.970s, 5036.019s) 49.377ms
[2023-11-16T16:28:43.418+0000][gc,start      ] GC(81) Pause Remark
[2023-11-16T16:28:43.437+0000][gc,stringtable] GC(81) Cleaned string and symbol table, strings: 12665 processed, 0 removed, symbols: 92856 processed, 0 removed
[2023-11-16T16:28:43.438+0000][gc            ] GC(81) Pause Remark 200M->200M(512M) 19.113ms
[2023-11-16T16:28:43.438+0000][gc,cpu        ] GC(81) User=0.04s Sys=0.00s Real=0.02s
[2023-11-16T16:28:43.438+0000][gc,marking    ] GC(81) Concurrent Rebuild Remembered Sets
[2023-11-16T16:28:43.466+0000][gc,marking    ] GC(81) Concurrent Rebuild Remembered Sets 28.270ms
[2023-11-16T16:28:43.466+0000][gc,start      ] GC(81) Pause Cleanup
[2023-11-16T16:28:43.466+0000][gc            ] GC(81) Pause Cleanup 200M->200M(512M) 0.166ms
[2023-11-16T16:28:43.466+0000][gc,cpu        ] GC(81) User=0.00s Sys=0.00s Real=0.00s
[2023-11-16T16:28:43.466+0000][gc,marking    ] GC(81) Concurrent Cleanup for Next Mark
[2023-11-16T16:28:43.470+0000][gc,marking    ] GC(81) Concurrent Cleanup for Next Mark 3.872ms
[2023-11-16T16:28:43.470+0000][gc            ] GC(81) Concurrent Cycle 106.693ms
[2023-11-16T16:30:08.569+0000][gc,start      ] GC(82) Pause Young (Prepare Mixed) (G1 Evacuation Pause)
[2023-11-16T16:30:08.569+0000][gc,task       ] GC(82) Using 2 workers of 2 for evacuation
[2023-11-16T16:30:08.583+0000][gc,phases     ] GC(82)   Pre Evacuate Collection Set: 0.0ms
[2023-11-16T16:30:08.583+0000][gc,phases     ] GC(82)   Evacuate Collection Set: 12.8ms
[2023-11-16T16:30:08.583+0000][gc,phases     ] GC(82)   Post Evacuate Collection Set: 0.3ms
[2023-11-16T16:30:08.583+0000][gc,phases     ] GC(82)   Other: 0.3ms
[2023-11-16T16:30:08.583+0000][gc,heap       ] GC(82) Eden regions: 22->0(22)
[2023-11-16T16:30:08.583+0000][gc,heap       ] GC(82) Survivor regions: 3->3(4)
[2023-11-16T16:30:08.583+0000][gc,heap       ] GC(82) Old regions: 52->54
[2023-11-16T16:30:08.583+0000][gc,heap       ] GC(82) Humongous regions: 147->147
[2023-11-16T16:30:08.583+0000][gc,metaspace  ] GC(82) Metaspace: 43887K(46592K)->43887K(46592K) NonClass: 38700K(40192K)->38700K(40192K) Class: 5187K(6400K)->5187K(6400K)
[2023-11-16T16:30:08.583+0000][gc            ] GC(82) Pause Young (Prepare Mixed) (G1 Evacuation Pause) 222M->201M(512M) 13.507ms
[2023-11-16T16:30:08.583+0000][gc,cpu        ] GC(82) User=0.02s Sys=0.01s Real=0.01s
[2023-11-16T16:31:34.736+0000][gc,start      ] GC(83) Pause Young (Mixed) (G1 Evacuation Pause)
[2023-11-16T16:31:34.736+0000][gc,task       ] GC(83) Using 2 workers of 2 for evacuation
[2023-11-16T16:31:34.749+0000][gc,phases     ] GC(83)   Pre Evacuate Collection Set: 0.0ms
[2023-11-16T16:31:34.749+0000][gc,phases     ] GC(83)   Evacuate Collection Set: 11.9ms
[2023-11-16T16:31:34.749+0000][gc,phases     ] GC(83)   Post Evacuate Collection Set: 0.4ms
[2023-11-16T16:31:34.749+0000][gc,phases     ] GC(83)   Other: 0.3ms
[2023-11-16T16:31:34.749+0000][gc,heap       ] GC(83) Eden regions: 22->0(31)
[2023-11-16T16:31:34.749+0000][gc,heap       ] GC(83) Survivor regions: 3->2(4)
[2023-11-16T16:31:34.749+0000][gc,heap       ] GC(83) Old regions: 54->50
[2023-11-16T16:31:34.749+0000][gc,heap       ] GC(83) Humongous regions: 147->147
[2023-11-16T16:31:34.749+0000][gc,metaspace  ] GC(83) Metaspace: 43887K(46592K)->43887K(46592K) NonClass: 38700K(40192K)->38700K(40192K) Class: 5187K(6400K)->5187K(6400K)
[2023-11-16T16:31:34.749+0000][gc            ] GC(83) Pause Young (Mixed) (G1 Evacuation Pause) 223M->196M(512M) 12.841ms
[2023-11-16T16:31:34.749+0000][gc,cpu        ] GC(83) User=0.02s Sys=0.00s Real=0.01s
[2023-11-16T16:33:37.965+0000][gc,start      ] GC(84) Pause Young (Concurrent Start) (G1 Evacuation Pause)
[2023-11-16T16:33:37.965+0000][gc,task       ] GC(84) Using 2 workers of 2 for evacuation
[2023-11-16T16:33:37.979+0000][gc,phases     ] GC(84)   Pre Evacuate Collection Set: 0.2ms
[2023-11-16T16:33:37.979+0000][gc,phases     ] GC(84)   Evacuate Collection Set: 13.2ms
[2023-11-16T16:33:37.979+0000][gc,phases     ] GC(84)   Post Evacuate Collection Set: 0.3ms
[2023-11-16T16:33:37.980+0000][gc,phases     ] GC(84)   Other: 0.3ms
[2023-11-16T16:33:37.980+0000][gc,heap       ] GC(84) Eden regions: 31->0(31)
[2023-11-16T16:33:37.980+0000][gc,heap       ] GC(84) Survivor regions: 2->5(5)
[2023-11-16T16:33:37.980+0000][gc,heap       ] GC(84) Old regions: 50->50
[2023-11-16T16:33:37.980+0000][gc,heap       ] GC(84) Humongous regions: 147->147
[2023-11-16T16:33:37.980+0000][gc,metaspace  ] GC(84) Metaspace: 43888K(46592K)->43888K(46592K) NonClass: 38700K(40192K)->38700K(40192K) Class: 5187K(6400K)->5187K(6400K)
[2023-11-16T16:33:37.980+0000][gc            ] GC(84) Pause Young (Concurrent Start) (G1 Evacuation Pause) 227M->199M(512M) 14.153ms
[2023-11-16T16:33:37.980+0000][gc,cpu        ] GC(84) User=0.02s Sys=0.00s Real=0.01s
[2023-11-16T16:33:37.980+0000][gc            ] GC(85) Concurrent Cycle
[2023-11-16T16:33:37.980+0000][gc,marking    ] GC(85) Concurrent Clear Claimed Marks
[2023-11-16T16:33:37.980+0000][gc,marking    ] GC(85) Concurrent Clear Claimed Marks 0.206ms
[2023-11-16T16:33:37.980+0000][gc,marking    ] GC(85) Concurrent Scan Root Regions
[2023-11-16T16:33:37.985+0000][gc,marking    ] GC(85) Concurrent Scan Root Regions 5.058ms
[2023-11-16T16:33:37.985+0000][gc,marking    ] GC(85) Concurrent Mark (5330.586s)
[2023-11-16T16:33:37.985+0000][gc,marking    ] GC(85) Concurrent Mark From Roots
[2023-11-16T16:33:37.985+0000][gc,task       ] GC(85) Using 1 workers of 1 for marking
[2023-11-16T16:33:38.024+0000][gc,marking    ] GC(85) Concurrent Mark From Roots 38.731ms
[2023-11-16T16:33:38.024+0000][gc,marking    ] GC(85) Concurrent Preclean
[2023-11-16T16:33:38.024+0000][gc,marking    ] GC(85) Concurrent Preclean 0.166ms
[2023-11-16T16:33:38.024+0000][gc,marking    ] GC(85) Concurrent Mark (5330.586s, 5330.625s) 38.964ms
[2023-11-16T16:33:38.024+0000][gc,start      ] GC(85) Pause Remark
[2023-11-16T16:33:38.037+0000][gc,stringtable] GC(85) Cleaned string and symbol table, strings: 12668 processed, 0 removed, symbols: 92856 processed, 0 removed
[2023-11-16T16:33:38.038+0000][gc            ] GC(85) Pause Remark 199M->199M(512M) 13.514ms
[2023-11-16T16:33:38.038+0000][gc,cpu        ] GC(85) User=0.02s Sys=0.01s Real=0.02s
[2023-11-16T16:33:38.038+0000][gc,marking    ] GC(85) Concurrent Rebuild Remembered Sets
[2023-11-16T16:33:38.060+0000][gc,marking    ] GC(85) Concurrent Rebuild Remembered Sets 21.909ms
[2023-11-16T16:33:38.060+0000][gc,start      ] GC(85) Pause Cleanup
[2023-11-16T16:33:38.061+0000][gc            ] GC(85) Pause Cleanup 199M->199M(512M) 1.271ms
[2023-11-16T16:33:38.061+0000][gc,cpu        ] GC(85) User=0.00s Sys=0.00s Real=0.00s
[2023-11-16T16:33:38.061+0000][gc,marking    ] GC(85) Concurrent Cleanup for Next Mark
[2023-11-16T16:33:38.063+0000][gc,marking    ] GC(85) Concurrent Cleanup for Next Mark 1.398ms
[2023-11-16T16:33:38.063+0000][gc            ] GC(85) Concurrent Cycle 83.112ms
[2023-11-16T16:35:14.697+0000][gc,start      ] GC(86) Pause Young (Prepare Mixed) (G1 Evacuation Pause)
[2023-11-16T16:35:14.697+0000][gc,task       ] GC(86) Using 2 workers of 2 for evacuation
[2023-11-16T16:35:14.718+0000][gc,mmu        ] GC(86) MMU target violated: 21.0ms (20.0ms/21.0ms)
[2023-11-16T16:35:14.718+0000][gc,phases     ] GC(86)   Pre Evacuate Collection Set: 0.0ms
[2023-11-16T16:35:14.718+0000][gc,phases     ] GC(86)   Evacuate Collection Set: 20.7ms
[2023-11-16T16:35:14.718+0000][gc,phases     ] GC(86)   Post Evacuate Collection Set: 0.6ms
[2023-11-16T16:35:14.718+0000][gc,phases     ] GC(86)   Other: 0.4ms
[2023-11-16T16:35:14.718+0000][gc,heap       ] GC(86) Eden regions: 25->0(22)
[2023-11-16T16:35:14.718+0000][gc,heap       ] GC(86) Survivor regions: 5->3(4)
[2023-11-16T16:35:14.718+0000][gc,heap       ] GC(86) Old regions: 50->52
[2023-11-16T16:35:14.718+0000][gc,heap       ] GC(86) Humongous regions: 147->147
[2023-11-16T16:35:14.718+0000][gc,metaspace  ] GC(86) Metaspace: 43892K(46592K)->43892K(46592K) NonClass: 38704K(40192K)->38704K(40192K) Class: 5187K(6400K)->5187K(6400K)
[2023-11-16T16:35:14.718+0000][gc            ] GC(86) Pause Young (Prepare Mixed) (G1 Evacuation Pause) 224M->199M(512M) 21.744ms
[2023-11-16T16:35:14.718+0000][gc,cpu        ] GC(86) User=0.04s Sys=0.00s Real=0.02s
[2023-11-16T16:36:41.281+0000][gc,start      ] GC(87) Pause Young (Mixed) (G1 Evacuation Pause)
[2023-11-16T16:36:41.281+0000][gc,task       ] GC(87) Using 2 workers of 2 for evacuation
[2023-11-16T16:36:41.297+0000][gc,phases     ] GC(87)   Pre Evacuate Collection Set: 0.0ms
[2023-11-16T16:36:41.297+0000][gc,phases     ] GC(87)   Evacuate Collection Set: 14.9ms
[2023-11-16T16:36:41.297+0000][gc,phases     ] GC(87)   Post Evacuate Collection Set: 0.4ms
[2023-11-16T16:36:41.297+0000][gc,phases     ] GC(87)   Other: 0.5ms
[2023-11-16T16:36:41.297+0000][gc,heap       ] GC(87) Eden regions: 22->0(29)
[2023-11-16T16:36:41.297+0000][gc,heap       ] GC(87) Survivor regions: 3->3(4)
[2023-11-16T16:36:41.297+0000][gc,heap       ] GC(87) Old regions: 52->50
[2023-11-16T16:36:41.297+0000][gc,heap       ] GC(87) Humongous regions: 147->147
[2023-11-16T16:36:41.297+0000][gc,metaspace  ] GC(87) Metaspace: 43892K(46592K)->43892K(46592K) NonClass: 38704K(40192K)->38704K(40192K) Class: 5187K(6400K)->5187K(6400K)
[2023-11-16T16:36:41.297+0000][gc            ] GC(87) Pause Young (Mixed) (G1 Evacuation Pause) 221M->198M(512M) 16.035ms
[2023-11-16T16:36:41.297+0000][gc,cpu        ] GC(87) User=0.03s Sys=0.00s Real=0.02s
[2023-11-16T16:38:35.487+0000][gc,start      ] GC(88) Pause Young (Concurrent Start) (G1 Evacuation Pause)
[2023-11-16T16:38:35.487+0000][gc,task       ] GC(88) Using 2 workers of 2 for evacuation
[2023-11-16T16:38:35.502+0000][gc,phases     ] GC(88)   Pre Evacuate Collection Set: 0.3ms
[2023-11-16T16:38:35.502+0000][gc,phases     ] GC(88)   Evacuate Collection Set: 14.1ms
[2023-11-16T16:38:35.502+0000][gc,phases     ] GC(88)   Post Evacuate Collection Set: 0.6ms
[2023-11-16T16:38:35.502+0000][gc,phases     ] GC(88)   Other: 0.3ms
[2023-11-16T16:38:35.502+0000][gc,heap       ] GC(88) Eden regions: 29->0(28)
[2023-11-16T16:38:35.502+0000][gc,heap       ] GC(88) Survivor regions: 3->3(4)
[2023-11-16T16:38:35.502+0000][gc,heap       ] GC(88) Old regions: 50->51
[2023-11-16T16:38:35.502+0000][gc,heap       ] GC(88) Humongous regions: 147->147
[2023-11-16T16:38:35.502+0000][gc,metaspace  ] GC(88) Metaspace: 43894K(46592K)->43894K(46592K) NonClass: 38707K(40192K)->38707K(40192K) Class: 5187K(6400K)->5187K(6400K)
[2023-11-16T16:38:35.502+0000][gc            ] GC(88) Pause Young (Concurrent Start) (G1 Evacuation Pause) 227M->199M(512M) 15.219ms
[2023-11-16T16:38:35.502+0000][gc,cpu        ] GC(88) User=0.02s Sys=0.01s Real=0.01s
[2023-11-16T16:38:35.502+0000][gc            ] GC(89) Concurrent Cycle
[2023-11-16T16:38:35.502+0000][gc,marking    ] GC(89) Concurrent Clear Claimed Marks
[2023-11-16T16:38:35.502+0000][gc,marking    ] GC(89) Concurrent Clear Claimed Marks 0.304ms
[2023-11-16T16:38:35.502+0000][gc,marking    ] GC(89) Concurrent Scan Root Regions
[2023-11-16T16:38:35.506+0000][gc,marking    ] GC(89) Concurrent Scan Root Regions 3.986ms
[2023-11-16T16:38:35.506+0000][gc,marking    ] GC(89) Concurrent Mark (5628.107s)
[2023-11-16T16:38:35.506+0000][gc,marking    ] GC(89) Concurrent Mark From Roots
[2023-11-16T16:38:35.506+0000][gc,task       ] GC(89) Using 1 workers of 1 for marking
[2023-11-16T16:38:35.543+0000][gc,marking    ] GC(89) Concurrent Mark From Roots 36.688ms
[2023-11-16T16:38:35.543+0000][gc,marking    ] GC(89) Concurrent Preclean
[2023-11-16T16:38:35.543+0000][gc,marking    ] GC(89) Concurrent Preclean 0.183ms
[2023-11-16T16:38:35.543+0000][gc,marking    ] GC(89) Concurrent Mark (5628.107s, 5628.144s) 36.929ms
[2023-11-16T16:38:35.544+0000][gc,start      ] GC(89) Pause Remark
[2023-11-16T16:38:35.560+0000][gc,stringtable] GC(89) Cleaned string and symbol table, strings: 12684 processed, 0 removed, symbols: 92856 processed, 0 removed
[2023-11-16T16:38:35.560+0000][gc            ] GC(89) Pause Remark 199M->199M(512M) 16.218ms
[2023-11-16T16:38:35.560+0000][gc,cpu        ] GC(89) User=0.03s Sys=0.00s Real=0.02s
[2023-11-16T16:38:35.560+0000][gc,marking    ] GC(89) Concurrent Rebuild Remembered Sets
[2023-11-16T16:38:35.584+0000][gc,marking    ] GC(89) Concurrent Rebuild Remembered Sets 24.261ms
[2023-11-16T16:38:35.584+0000][gc,start      ] GC(89) Pause Cleanup
[2023-11-16T16:38:35.585+0000][gc            ] GC(89) Pause Cleanup 199M->199M(512M) 0.196ms
[2023-11-16T16:38:35.585+0000][gc,cpu        ] GC(89) User=0.00s Sys=0.00s Real=0.00s
[2023-11-16T16:38:35.585+0000][gc,marking    ] GC(89) Concurrent Cleanup for Next Mark
[2023-11-16T16:38:35.586+0000][gc,marking    ] GC(89) Concurrent Cleanup for Next Mark 1.431ms
[2023-11-16T16:38:35.586+0000][gc            ] GC(89) Concurrent Cycle 84.061ms
[2023-11-16T16:40:05.166+0000][gc,start      ] GC(90) Pause Young (Prepare Mixed) (G1 Evacuation Pause)
[2023-11-16T16:40:05.166+0000][gc,task       ] GC(90) Using 2 workers of 2 for evacuation
[2023-11-16T16:40:05.187+0000][gc,mmu        ] GC(90) MMU target violated: 20.8ms (20.0ms/21.0ms)
[2023-11-16T16:40:05.187+0000][gc,phases     ] GC(90)   Pre Evacuate Collection Set: 0.0ms
[2023-11-16T16:40:05.187+0000][gc,phases     ] GC(90)   Evacuate Collection Set: 20.2ms
[2023-11-16T16:40:05.187+0000][gc,phases     ] GC(90)   Post Evacuate Collection Set: 0.3ms
[2023-11-16T16:40:05.187+0000][gc,phases     ] GC(90)   Other: 0.4ms
[2023-11-16T16:40:05.187+0000][gc,heap       ] GC(90) Eden regions: 23->0(23)
[2023-11-16T16:40:05.187+0000][gc,heap       ] GC(90) Survivor regions: 3->2(4)
[2023-11-16T16:40:05.187+0000][gc,heap       ] GC(90) Old regions: 51->53
[2023-11-16T16:40:05.187+0000][gc,heap       ] GC(90) Humongous regions: 147->147
[2023-11-16T16:40:05.187+0000][gc,metaspace  ] GC(90) Metaspace: 43894K(46592K)->43894K(46592K) NonClass: 38707K(40192K)->38707K(40192K) Class: 5187K(6400K)->5187K(6400K)
[2023-11-16T16:40:05.187+0000][gc            ] GC(90) Pause Young (Prepare Mixed) (G1 Evacuation Pause) 222M->199M(512M) 20.993ms
[2023-11-16T16:40:05.187+0000][gc,cpu        ] GC(90) User=0.04s Sys=0.00s Real=0.02s
[2023-11-16T16:41:35.698+0000][gc,start      ] GC(91) Pause Young (Mixed) (G1 Evacuation Pause)
[2023-11-16T16:41:35.698+0000][gc,task       ] GC(91) Using 2 workers of 2 for evacuation
[2023-11-16T16:41:35.710+0000][gc,phases     ] GC(91)   Pre Evacuate Collection Set: 0.0ms
[2023-11-16T16:41:35.710+0000][gc,phases     ] GC(91)   Evacuate Collection Set: 11.7ms
[2023-11-16T16:41:35.710+0000][gc,phases     ] GC(91)   Post Evacuate Collection Set: 0.4ms
[2023-11-16T16:41:35.710+0000][gc,phases     ] GC(91)   Other: 0.3ms
[2023-11-16T16:41:35.710+0000][gc,heap       ] GC(91) Eden regions: 23->0(25)
[2023-11-16T16:41:35.710+0000][gc,heap       ] GC(91) Survivor regions: 2->4(4)
[2023-11-16T16:41:35.710+0000][gc,heap       ] GC(91) Old regions: 53->48
[2023-11-16T16:41:35.710+0000][gc,heap       ] GC(91) Humongous regions: 147->147
[2023-11-16T16:41:35.710+0000][gc,metaspace  ] GC(91) Metaspace: 43909K(46592K)->43909K(46592K) NonClass: 38722K(40192K)->38722K(40192K) Class: 5187K(6400K)->5187K(6400K)
[2023-11-16T16:41:35.710+0000][gc            ] GC(91) Pause Young (Mixed) (G1 Evacuation Pause) 222M->196M(512M) 12.436ms
[2023-11-16T16:41:35.710+0000][gc,cpu        ] GC(91) User=0.02s Sys=0.00s Real=0.01s
[2023-11-16T16:43:13.976+0000][gc,start      ] GC(92) Pause Young (Concurrent Start) (G1 Evacuation Pause)
[2023-11-16T16:43:13.976+0000][gc,task       ] GC(92) Using 2 workers of 2 for evacuation
[2023-11-16T16:43:13.989+0000][gc,phases     ] GC(92)   Pre Evacuate Collection Set: 0.2ms
[2023-11-16T16:43:13.989+0000][gc,phases     ] GC(92)   Evacuate Collection Set: 12.1ms
[2023-11-16T16:43:13.989+0000][gc,phases     ] GC(92)   Post Evacuate Collection Set: 0.4ms
[2023-11-16T16:43:13.989+0000][gc,phases     ] GC(92)   Other: 0.2ms
[2023-11-16T16:43:13.989+0000][gc,heap       ] GC(92) Eden regions: 25->0(28)
[2023-11-16T16:43:13.989+0000][gc,heap       ] GC(92) Survivor regions: 4->2(4)
[2023-11-16T16:43:13.989+0000][gc,heap       ] GC(92) Old regions: 48->50
[2023-11-16T16:43:13.989+0000][gc,heap       ] GC(92) Humongous regions: 147->147
[2023-11-16T16:43:13.989+0000][gc,metaspace  ] GC(92) Metaspace: 43909K(46592K)->43909K(46592K) NonClass: 38722K(40192K)->38722K(40192K) Class: 5187K(6400K)->5187K(6400K)
[2023-11-16T16:43:13.989+0000][gc            ] GC(92) Pause Young (Concurrent Start) (G1 Evacuation Pause) 221M->196M(512M) 13.103ms
[2023-11-16T16:43:13.989+0000][gc,cpu        ] GC(92) User=0.03s Sys=0.00s Real=0.01s
[2023-11-16T16:43:13.989+0000][gc            ] GC(93) Concurrent Cycle
[2023-11-16T16:43:13.989+0000][gc,marking    ] GC(93) Concurrent Clear Claimed Marks
[2023-11-16T16:43:13.989+0000][gc,marking    ] GC(93) Concurrent Clear Claimed Marks 0.227ms
[2023-11-16T16:43:13.989+0000][gc,marking    ] GC(93) Concurrent Scan Root Regions
[2023-11-16T16:43:13.993+0000][gc,marking    ] GC(93) Concurrent Scan Root Regions 3.188ms
[2023-11-16T16:43:13.993+0000][gc,marking    ] GC(93) Concurrent Mark (5906.594s)
[2023-11-16T16:43:13.993+0000][gc,marking    ] GC(93) Concurrent Mark From Roots
[2023-11-16T16:43:13.993+0000][gc,task       ] GC(93) Using 1 workers of 1 for marking
[2023-11-16T16:43:14.031+0000][gc,marking    ] GC(93) Concurrent Mark From Roots 38.429ms
[2023-11-16T16:43:14.031+0000][gc,marking    ] GC(93) Concurrent Preclean
[2023-11-16T16:43:14.031+0000][gc,marking    ] GC(93) Concurrent Preclean 0.239ms
[2023-11-16T16:43:14.031+0000][gc,marking    ] GC(93) Concurrent Mark (5906.594s, 5906.632s) 38.730ms
[2023-11-16T16:43:14.032+0000][gc,start      ] GC(93) Pause Remark
[2023-11-16T16:43:14.047+0000][gc,stringtable] GC(93) Cleaned string and symbol table, strings: 12684 processed, 0 removed, symbols: 92856 processed, 0 removed
[2023-11-16T16:43:14.048+0000][gc            ] GC(93) Pause Remark 197M->197M(512M) 16.024ms
[2023-11-16T16:43:14.048+0000][gc,cpu        ] GC(93) User=0.03s Sys=0.00s Real=0.02s
[2023-11-16T16:43:14.048+0000][gc,marking    ] GC(93) Concurrent Rebuild Remembered Sets
[2023-11-16T16:43:14.070+0000][gc,marking    ] GC(93) Concurrent Rebuild Remembered Sets 22.559ms
[2023-11-16T16:43:14.071+0000][gc,start      ] GC(93) Pause Cleanup
[2023-11-16T16:43:14.071+0000][gc            ] GC(93) Pause Cleanup 197M->197M(512M) 0.184ms
[2023-11-16T16:43:14.071+0000][gc,cpu        ] GC(93) User=0.00s Sys=0.00s Real=0.00s
[2023-11-16T16:43:14.071+0000][gc,marking    ] GC(93) Concurrent Cleanup for Next Mark
[2023-11-16T16:43:14.072+0000][gc,marking    ] GC(93) Concurrent Cleanup for Next Mark 1.496ms
[2023-11-16T16:43:14.073+0000][gc            ] GC(93) Concurrent Cycle 83.367ms
[2023-11-16T16:45:03.675+0000][gc,start      ] GC(94) Pause Young (Prepare Mixed) (G1 Evacuation Pause)
[2023-11-16T16:45:03.675+0000][gc,task       ] GC(94) Using 2 workers of 2 for evacuation
[2023-11-16T16:45:03.699+0000][gc,mmu        ] GC(94) MMU target violated: 21.0ms (20.0ms/21.0ms)
[2023-11-16T16:45:03.699+0000][gc,phases     ] GC(94)   Pre Evacuate Collection Set: 0.0ms
[2023-11-16T16:45:03.699+0000][gc,phases     ] GC(94)   Evacuate Collection Set: 23.0ms
[2023-11-16T16:45:03.699+0000][gc,phases     ] GC(94)   Post Evacuate Collection Set: 0.8ms
[2023-11-16T16:45:03.699+0000][gc,phases     ] GC(94)   Other: 0.4ms
[2023-11-16T16:45:03.700+0000][gc,heap       ] GC(94) Eden regions: 28->0(21)
[2023-11-16T16:45:03.700+0000][gc,heap       ] GC(94) Survivor regions: 2->4(4)
[2023-11-16T16:45:03.700+0000][gc,heap       ] GC(94) Old regions: 50->51
[2023-11-16T16:45:03.700+0000][gc,heap       ] GC(94) Humongous regions: 147->147
[2023-11-16T16:45:03.700+0000][gc,metaspace  ] GC(94) Metaspace: 43910K(46592K)->43910K(46592K) NonClass: 38723K(40192K)->38723K(40192K) Class: 5187K(6400K)->5187K(6400K)
[2023-11-16T16:45:03.700+0000][gc            ] GC(94) Pause Young (Prepare Mixed) (G1 Evacuation Pause) 224M->200M(512M) 24.437ms
[2023-11-16T16:45:03.700+0000][gc,cpu        ] GC(94) User=0.05s Sys=0.01s Real=0.02s
[2023-11-16T16:46:24.331+0000][gc,start      ] GC(95) Pause Young (Mixed) (G1 Evacuation Pause)
[2023-11-16T16:46:24.331+0000][gc,task       ] GC(95) Using 2 workers of 2 for evacuation
[2023-11-16T16:46:24.345+0000][gc,phases     ] GC(95)   Pre Evacuate Collection Set: 0.0ms
[2023-11-16T16:46:24.345+0000][gc,phases     ] GC(95)   Evacuate Collection Set: 12.5ms
[2023-11-16T16:46:24.345+0000][gc,phases     ] GC(95)   Post Evacuate Collection Set: 0.7ms
[2023-11-16T16:46:24.345+0000][gc,phases     ] GC(95)   Other: 0.2ms
[2023-11-16T16:46:24.345+0000][gc,heap       ] GC(95) Eden regions: 21->0(28)
[2023-11-16T16:46:24.345+0000][gc,heap       ] GC(95) Survivor regions: 4->3(4)
[2023-11-16T16:46:24.345+0000][gc,heap       ] GC(95) Old regions: 51->49
[2023-11-16T16:46:24.345+0000][gc,heap       ] GC(95) Humongous regions: 147->147
[2023-11-16T16:46:24.345+0000][gc,metaspace  ] GC(95) Metaspace: 43911K(46592K)->43911K(46592K) NonClass: 38724K(40192K)->38724K(40192K) Class: 5187K(6400K)->5187K(6400K)
[2023-11-16T16:46:24.345+0000][gc            ] GC(95) Pause Young (Mixed) (G1 Evacuation Pause) 221M->196M(512M) 13.635ms
[2023-11-16T16:46:24.345+0000][gc,cpu        ] GC(95) User=0.02s Sys=0.00s Real=0.01s
[2023-11-16T16:48:15.034+0000][gc,start      ] GC(96) Pause Young (Concurrent Start) (G1 Evacuation Pause)
[2023-11-16T16:48:15.034+0000][gc,task       ] GC(96) Using 2 workers of 2 for evacuation
[2023-11-16T16:48:15.044+0000][gc,phases     ] GC(96)   Pre Evacuate Collection Set: 0.2ms
[2023-11-16T16:48:15.044+0000][gc,phases     ] GC(96)   Evacuate Collection Set: 9.6ms
[2023-11-16T16:48:15.044+0000][gc,phases     ] GC(96)   Post Evacuate Collection Set: 0.3ms
[2023-11-16T16:48:15.044+0000][gc,phases     ] GC(96)   Other: 0.2ms
[2023-11-16T16:48:15.044+0000][gc,heap       ] GC(96) Eden regions: 28->0(30)
[2023-11-16T16:48:15.044+0000][gc,heap       ] GC(96) Survivor regions: 3->3(4)
[2023-11-16T16:48:15.044+0000][gc,heap       ] GC(96) Old regions: 49->49
[2023-11-16T16:48:15.044+0000][gc,heap       ] GC(96) Humongous regions: 147->147
[2023-11-16T16:48:15.044+0000][gc,metaspace  ] GC(96) Metaspace: 43911K(46592K)->43911K(46592K) NonClass: 38724K(40192K)->38724K(40192K) Class: 5187K(6400K)->5187K(6400K)
[2023-11-16T16:48:15.044+0000][gc            ] GC(96) Pause Young (Concurrent Start) (G1 Evacuation Pause) 224M->196M(512M) 10.443ms
[2023-11-16T16:48:15.044+0000][gc,cpu        ] GC(96) User=0.02s Sys=0.00s Real=0.00s
[2023-11-16T16:48:15.045+0000][gc            ] GC(97) Concurrent Cycle
[2023-11-16T16:48:15.045+0000][gc,marking    ] GC(97) Concurrent Clear Claimed Marks
[2023-11-16T16:48:15.045+0000][gc,marking    ] GC(97) Concurrent Clear Claimed Marks 0.194ms
[2023-11-16T16:48:15.045+0000][gc,marking    ] GC(97) Concurrent Scan Root Regions
[2023-11-16T16:48:15.048+0000][gc,marking    ] GC(97) Concurrent Scan Root Regions 3.215ms
[2023-11-16T16:48:15.048+0000][gc,marking    ] GC(97) Concurrent Mark (6207.649s)
[2023-11-16T16:48:15.048+0000][gc,marking    ] GC(97) Concurrent Mark From Roots
[2023-11-16T16:48:15.048+0000][gc,task       ] GC(97) Using 1 workers of 1 for marking
[2023-11-16T16:48:15.083+0000][gc,marking    ] GC(97) Concurrent Mark From Roots 35.193ms
[2023-11-16T16:48:15.083+0000][gc,marking    ] GC(97) Concurrent Preclean
[2023-11-16T16:48:15.083+0000][gc,marking    ] GC(97) Concurrent Preclean 0.168ms
[2023-11-16T16:48:15.083+0000][gc,marking    ] GC(97) Concurrent Mark (6207.649s, 6207.684s) 35.415ms
[2023-11-16T16:48:15.084+0000][gc,start      ] GC(97) Pause Remark
[2023-11-16T16:48:15.098+0000][gc,stringtable] GC(97) Cleaned string and symbol table, strings: 12688 processed, 0 removed, symbols: 92856 processed, 0 removed
[2023-11-16T16:48:15.099+0000][gc            ] GC(97) Pause Remark 196M->196M(512M) 15.121ms
[2023-11-16T16:48:15.099+0000][gc,cpu        ] GC(97) User=0.03s Sys=0.00s Real=0.02s
[2023-11-16T16:48:15.099+0000][gc,marking    ] GC(97) Concurrent Rebuild Remembered Sets
[2023-11-16T16:48:15.121+0000][gc,marking    ] GC(97) Concurrent Rebuild Remembered Sets 22.216ms
[2023-11-16T16:48:15.122+0000][gc,start      ] GC(97) Pause Cleanup
[2023-11-16T16:48:15.122+0000][gc            ] GC(97) Pause Cleanup 196M->196M(512M) 0.200ms
[2023-11-16T16:48:15.122+0000][gc,cpu        ] GC(97) User=0.00s Sys=0.00s Real=0.00s
[2023-11-16T16:48:15.122+0000][gc,marking    ] GC(97) Concurrent Cleanup for Next Mark
[2023-11-16T16:48:15.128+0000][gc,marking    ] GC(97) Concurrent Cleanup for Next Mark 6.218ms
[2023-11-16T16:48:15.128+0000][gc            ] GC(97) Concurrent Cycle 83.792ms
[2023-11-16T16:49:57.706+0000][gc,start      ] GC(98) Pause Young (Prepare Mixed) (G1 Evacuation Pause)
[2023-11-16T16:49:57.706+0000][gc,task       ] GC(98) Using 2 workers of 2 for evacuation
[2023-11-16T16:49:57.720+0000][gc,phases     ] GC(98)   Pre Evacuate Collection Set: 0.0ms
[2023-11-16T16:49:57.720+0000][gc,phases     ] GC(98)   Evacuate Collection Set: 13.5ms
[2023-11-16T16:49:57.720+0000][gc,phases     ] GC(98)   Post Evacuate Collection Set: 0.4ms
[2023-11-16T16:49:57.720+0000][gc,phases     ] GC(98)   Other: 0.2ms
[2023-11-16T16:49:57.720+0000][gc,heap       ] GC(98) Eden regions: 26->0(21)
[2023-11-16T16:49:57.720+0000][gc,heap       ] GC(98) Survivor regions: 3->4(4)
[2023-11-16T16:49:57.720+0000][gc,heap       ] GC(98) Old regions: 49->50
[2023-11-16T16:49:57.720+0000][gc,heap       ] GC(98) Humongous regions: 147->147
[2023-11-16T16:49:57.720+0000][gc,metaspace  ] GC(98) Metaspace: 43915K(46592K)->43915K(46592K) NonClass: 38727K(40192K)->38727K(40192K) Class: 5187K(6400K)->5187K(6400K)
[2023-11-16T16:49:57.720+0000][gc            ] GC(98) Pause Young (Prepare Mixed) (G1 Evacuation Pause) 222M->199M(512M) 14.212ms
[2023-11-16T16:49:57.720+0000][gc,cpu        ] GC(98) User=0.03s Sys=0.00s Real=0.01s
[2023-11-16T16:51:19.602+0000][gc,start      ] GC(99) Pause Young (Mixed) (G1 Evacuation Pause)
[2023-11-16T16:51:19.602+0000][gc,task       ] GC(99) Using 2 workers of 2 for evacuation
[2023-11-16T16:51:19.626+0000][gc,mmu        ] GC(99) MMU target violated: 21.0ms (20.0ms/21.0ms)
[2023-11-16T16:51:19.626+0000][gc,phases     ] GC(99)   Pre Evacuate Collection Set: 0.3ms
[2023-11-16T16:51:19.626+0000][gc,phases     ] GC(99)   Evacuate Collection Set: 22.1ms
[2023-11-16T16:51:19.626+0000][gc,phases     ] GC(99)   Post Evacuate Collection Set: 1.1ms
[2023-11-16T16:51:19.626+0000][gc,phases     ] GC(99)   Other: 0.8ms
[2023-11-16T16:51:19.626+0000][gc,heap       ] GC(99) Eden regions: 21->0(27)
[2023-11-16T16:51:19.626+0000][gc,heap       ] GC(99) Survivor regions: 4->2(4)
[2023-11-16T16:51:19.626+0000][gc,heap       ] GC(99) Old regions: 50->49
[2023-11-16T16:51:19.626+0000][gc,heap       ] GC(99) Humongous regions: 147->147
[2023-11-16T16:51:19.626+0000][gc,metaspace  ] GC(99) Metaspace: 43917K(46592K)->43917K(46592K) NonClass: 38730K(40192K)->38730K(40192K) Class: 5187K(6400K)->5187K(6400K)
[2023-11-16T16:51:19.626+0000][gc            ] GC(99) Pause Young (Mixed) (G1 Evacuation Pause) 220M->196M(512M) 24.417ms
[2023-11-16T16:51:19.626+0000][gc,cpu        ] GC(99) User=0.04s Sys=0.00s Real=0.03s
[2023-11-16T16:53:06.016+0000][gc,start      ] GC(100) Pause Young (Concurrent Start) (G1 Evacuation Pause)
[2023-11-16T16:53:06.017+0000][gc,task       ] GC(100) Using 2 workers of 2 for evacuation
[2023-11-16T16:53:06.029+0000][gc,phases     ] GC(100)   Pre Evacuate Collection Set: 0.2ms
[2023-11-16T16:53:06.029+0000][gc,phases     ] GC(100)   Evacuate Collection Set: 11.7ms
[2023-11-16T16:53:06.029+0000][gc,phases     ] GC(100)   Post Evacuate Collection Set: 0.3ms
[2023-11-16T16:53:06.029+0000][gc,phases     ] GC(100)   Other: 0.3ms
[2023-11-16T16:53:06.029+0000][gc,heap       ] GC(100) Eden regions: 27->0(25)
[2023-11-16T16:53:06.029+0000][gc,heap       ] GC(100) Survivor regions: 2->4(4)
[2023-11-16T16:53:06.029+0000][gc,heap       ] GC(100) Old regions: 49->49
[2023-11-16T16:53:06.029+0000][gc,heap       ] GC(100) Humongous regions: 147->147
[2023-11-16T16:53:06.029+0000][gc,metaspace  ] GC(100) Metaspace: 43919K(46592K)->43919K(46592K) NonClass: 38731K(40192K)->38731K(40192K) Class: 5187K(6400K)->5187K(6400K)
[2023-11-16T16:53:06.029+0000][gc            ] GC(100) Pause Young (Concurrent Start) (G1 Evacuation Pause) 223M->198M(512M) 12.598ms
[2023-11-16T16:53:06.029+0000][gc,cpu        ] GC(100) User=0.02s Sys=0.00s Real=0.01s
[2023-11-16T16:53:06.029+0000][gc            ] GC(101) Concurrent Cycle
[2023-11-16T16:53:06.029+0000][gc,marking    ] GC(101) Concurrent Clear Claimed Marks
[2023-11-16T16:53:06.029+0000][gc,marking    ] GC(101) Concurrent Clear Claimed Marks 0.239ms
[2023-11-16T16:53:06.029+0000][gc,marking    ] GC(101) Concurrent Scan Root Regions
[2023-11-16T16:53:06.033+0000][gc,marking    ] GC(101) Concurrent Scan Root Regions 3.708ms
[2023-11-16T16:53:06.033+0000][gc,marking    ] GC(101) Concurrent Mark (6498.634s)
[2023-11-16T16:53:06.033+0000][gc,marking    ] GC(101) Concurrent Mark From Roots
[2023-11-16T16:53:06.033+0000][gc,task       ] GC(101) Using 1 workers of 1 for marking
[2023-11-16T16:53:06.070+0000][gc,marking    ] GC(101) Concurrent Mark From Roots 37.189ms
[2023-11-16T16:53:06.070+0000][gc,marking    ] GC(101) Concurrent Preclean
[2023-11-16T16:53:06.071+0000][gc,marking    ] GC(101) Concurrent Preclean 0.163ms
[2023-11-16T16:53:06.071+0000][gc,marking    ] GC(101) Concurrent Mark (6498.634s, 6498.672s) 37.449ms
[2023-11-16T16:53:06.071+0000][gc,start      ] GC(101) Pause Remark
[2023-11-16T16:53:06.084+0000][gc,stringtable] GC(101) Cleaned string and symbol table, strings: 12696 processed, 0 removed, symbols: 92856 processed, 0 removed
[2023-11-16T16:53:06.084+0000][gc            ] GC(101) Pause Remark 198M->198M(512M) 13.620ms
[2023-11-16T16:53:06.084+0000][gc,cpu        ] GC(101) User=0.02s Sys=0.00s Real=0.01s
[2023-11-16T16:53:06.084+0000][gc,marking    ] GC(101) Concurrent Rebuild Remembered Sets
[2023-11-16T16:53:06.106+0000][gc,marking    ] GC(101) Concurrent Rebuild Remembered Sets 21.264ms
[2023-11-16T16:53:06.106+0000][gc,start      ] GC(101) Pause Cleanup
[2023-11-16T16:53:06.106+0000][gc            ] GC(101) Pause Cleanup 198M->198M(512M) 0.177ms
[2023-11-16T16:53:06.106+0000][gc,cpu        ] GC(101) User=0.00s Sys=0.00s Real=0.00s
[2023-11-16T16:53:06.106+0000][gc,marking    ] GC(101) Concurrent Cleanup for Next Mark
[2023-11-16T16:53:06.108+0000][gc,marking    ] GC(101) Concurrent Cleanup for Next Mark 1.434ms
[2023-11-16T16:53:06.108+0000][gc            ] GC(101) Concurrent Cycle 78.534ms
[2023-11-16T16:54:43.348+0000][gc,start      ] GC(102) Pause Young (Prepare Mixed) (G1 Evacuation Pause)
[2023-11-16T16:54:43.348+0000][gc,task       ] GC(102) Using 2 workers of 2 for evacuation
[2023-11-16T16:54:43.360+0000][gc,phases     ] GC(102)   Pre Evacuate Collection Set: 0.0ms
[2023-11-16T16:54:43.360+0000][gc,phases     ] GC(102)   Evacuate Collection Set: 11.8ms
[2023-11-16T16:54:43.360+0000][gc,phases     ] GC(102)   Post Evacuate Collection Set: 0.4ms
[2023-11-16T16:54:43.360+0000][gc,phases     ] GC(102)   Other: 0.2ms
[2023-11-16T16:54:43.360+0000][gc,heap       ] GC(102) Eden regions: 25->0(22)
[2023-11-16T16:54:43.360+0000][gc,heap       ] GC(102) Survivor regions: 4->3(4)
[2023-11-16T16:54:43.360+0000][gc,heap       ] GC(102) Old regions: 49->51
[2023-11-16T16:54:43.360+0000][gc,heap       ] GC(102) Humongous regions: 147->147
[2023-11-16T16:54:43.360+0000][gc,metaspace  ] GC(102) Metaspace: 43925K(46592K)->43925K(46592K) NonClass: 38738K(40192K)->38738K(40192K) Class: 5187K(6400K)->5187K(6400K)
[2023-11-16T16:54:43.360+0000][gc            ] GC(102) Pause Young (Prepare Mixed) (G1 Evacuation Pause) 223M->198M(512M) 12.455ms
[2023-11-16T16:54:43.360+0000][gc,cpu        ] GC(102) User=0.02s Sys=0.00s Real=0.01s
[2023-11-16T16:56:09.817+0000][gc,start      ] GC(103) Pause Young (Mixed) (G1 Evacuation Pause)
[2023-11-16T16:56:09.817+0000][gc,task       ] GC(103) Using 2 workers of 2 for evacuation
[2023-11-16T16:56:09.834+0000][gc,phases     ] GC(103)   Pre Evacuate Collection Set: 0.0ms
[2023-11-16T16:56:09.834+0000][gc,phases     ] GC(103)   Evacuate Collection Set: 16.6ms
[2023-11-16T16:56:09.834+0000][gc,phases     ] GC(103)   Post Evacuate Collection Set: 0.3ms
[2023-11-16T16:56:09.834+0000][gc,phases     ] GC(103)   Other: 0.3ms
[2023-11-16T16:56:09.834+0000][gc,heap       ] GC(103) Eden regions: 22->0(28)
[2023-11-16T16:56:09.834+0000][gc,heap       ] GC(103) Survivor regions: 3->3(4)
[2023-11-16T16:56:09.834+0000][gc,heap       ] GC(103) Old regions: 51->51
[2023-11-16T16:56:09.834+0000][gc,heap       ] GC(103) Humongous regions: 147->147
[2023-11-16T16:56:09.834+0000][gc,metaspace  ] GC(103) Metaspace: 43925K(46592K)->43925K(46592K) NonClass: 38738K(40192K)->38738K(40192K) Class: 5187K(6400K)->5187K(6400K)
[2023-11-16T16:56:09.834+0000][gc            ] GC(103) Pause Young (Mixed) (G1 Evacuation Pause) 220M->198M(512M) 17.304ms
[2023-11-16T16:56:09.834+0000][gc,cpu        ] GC(103) User=0.03s Sys=0.00s Real=0.02s
[2023-11-16T16:58:00.220+0000][gc,start      ] GC(104) Pause Young (Concurrent Start) (G1 Evacuation Pause)
[2023-11-16T16:58:00.220+0000][gc,task       ] GC(104) Using 2 workers of 2 for evacuation
[2023-11-16T16:58:00.245+0000][gc,mmu        ] GC(104) MMU target violated: 21.0ms (20.0ms/21.0ms)
[2023-11-16T16:58:00.245+0000][gc,phases     ] GC(104)   Pre Evacuate Collection Set: 0.2ms
[2023-11-16T16:58:00.245+0000][gc,phases     ] GC(104)   Evacuate Collection Set: 24.1ms
[2023-11-16T16:58:00.245+0000][gc,phases     ] GC(104)   Post Evacuate Collection Set: 0.4ms
[2023-11-16T16:58:00.245+0000][gc,phases     ] GC(104)   Other: 0.3ms
[2023-11-16T16:58:00.245+0000][gc,heap       ] GC(104) Eden regions: 28->0(22)
[2023-11-16T16:58:00.245+0000][gc,heap       ] GC(104) Survivor regions: 3->3(4)
[2023-11-16T16:58:00.245+0000][gc,heap       ] GC(104) Old regions: 51->52
[2023-11-16T16:58:00.245+0000][gc,heap       ] GC(104) Humongous regions: 147->147
[2023-11-16T16:58:00.245+0000][gc,metaspace  ] GC(104) Metaspace: 43925K(46592K)->43925K(46592K) NonClass: 38738K(40192K)->38738K(40192K) Class: 5187K(6400K)->5187K(6400K)
[2023-11-16T16:58:00.245+0000][gc            ] GC(104) Pause Young (Concurrent Start) (G1 Evacuation Pause) 226M->200M(512M) 25.176ms
[2023-11-16T16:58:00.245+0000][gc,cpu        ] GC(104) User=0.05s Sys=0.01s Real=0.02s
[2023-11-16T16:58:00.245+0000][gc            ] GC(105) Concurrent Cycle
[2023-11-16T16:58:00.245+0000][gc,marking    ] GC(105) Concurrent Clear Claimed Marks
[2023-11-16T16:58:00.246+0000][gc,marking    ] GC(105) Concurrent Clear Claimed Marks 0.201ms
[2023-11-16T16:58:00.246+0000][gc,marking    ] GC(105) Concurrent Scan Root Regions
[2023-11-16T16:58:00.250+0000][gc,marking    ] GC(105) Concurrent Scan Root Regions 3.941ms
[2023-11-16T16:58:00.250+0000][gc,marking    ] GC(105) Concurrent Mark (6792.851s)
[2023-11-16T16:58:00.250+0000][gc,marking    ] GC(105) Concurrent Mark From Roots
[2023-11-16T16:58:00.250+0000][gc,task       ] GC(105) Using 1 workers of 1 for marking
[2023-11-16T16:58:00.310+0000][gc,marking    ] GC(105) Concurrent Mark From Roots 59.986ms
[2023-11-16T16:58:00.310+0000][gc,marking    ] GC(105) Concurrent Preclean
[2023-11-16T16:58:00.310+0000][gc,marking    ] GC(105) Concurrent Preclean 0.169ms
[2023-11-16T16:58:00.310+0000][gc,marking    ] GC(105) Concurrent Mark (6792.851s, 6792.911s) 60.205ms
[2023-11-16T16:58:00.310+0000][gc,start      ] GC(105) Pause Remark
[2023-11-16T16:58:00.325+0000][gc,stringtable] GC(105) Cleaned string and symbol table, strings: 12696 processed, 0 removed, symbols: 92856 processed, 0 removed
[2023-11-16T16:58:00.325+0000][gc            ] GC(105) Pause Remark 200M->200M(512M) 15.179ms
[2023-11-16T16:58:00.325+0000][gc,cpu        ] GC(105) User=0.03s Sys=0.00s Real=0.01s
[2023-11-16T16:58:00.325+0000][gc,marking    ] GC(105) Concurrent Rebuild Remembered Sets
[2023-11-16T16:58:00.350+0000][gc,marking    ] GC(105) Concurrent Rebuild Remembered Sets 25.171ms
[2023-11-16T16:58:00.351+0000][gc,start      ] GC(105) Pause Cleanup
[2023-11-16T16:58:00.351+0000][gc            ] GC(105) Pause Cleanup 200M->200M(512M) 0.253ms
[2023-11-16T16:58:00.351+0000][gc,cpu        ] GC(105) User=0.00s Sys=0.00s Real=0.00s
[2023-11-16T16:58:00.351+0000][gc,marking    ] GC(105) Concurrent Cleanup for Next Mark
[2023-11-16T16:58:00.352+0000][gc,marking    ] GC(105) Concurrent Cleanup for Next Mark 1.486ms
[2023-11-16T16:58:00.352+0000][gc            ] GC(105) Concurrent Cycle 107.109ms
[2023-11-16T16:59:25.138+0000][gc,start      ] GC(106) Pause Young (Prepare Mixed) (G1 Evacuation Pause)
[2023-11-16T16:59:25.138+0000][gc,task       ] GC(106) Using 2 workers of 2 for evacuation
[2023-11-16T16:59:25.149+0000][gc,phases     ] GC(106)   Pre Evacuate Collection Set: 0.0ms
[2023-11-16T16:59:25.149+0000][gc,phases     ] GC(106)   Evacuate Collection Set: 10.8ms
[2023-11-16T16:59:25.149+0000][gc,phases     ] GC(106)   Post Evacuate Collection Set: 0.4ms
[2023-11-16T16:59:25.150+0000][gc,phases     ] GC(106)   Other: 0.4ms
[2023-11-16T16:59:25.150+0000][gc,heap       ] GC(106) Eden regions: 22->0(23)
[2023-11-16T16:59:25.150+0000][gc,heap       ] GC(106) Survivor regions: 3->2(4)
[2023-11-16T16:59:25.150+0000][gc,heap       ] GC(106) Old regions: 52->53
[2023-11-16T16:59:25.150+0000][gc,heap       ] GC(106) Humongous regions: 147->147
[2023-11-16T16:59:25.150+0000][gc,metaspace  ] GC(106) Metaspace: 43936K(46592K)->43936K(46592K) NonClass: 38749K(40192K)->38749K(40192K) Class: 5187K(6400K)->5187K(6400K)
[2023-11-16T16:59:25.150+0000][gc            ] GC(106) Pause Young (Prepare Mixed) (G1 Evacuation Pause) 222M->199M(512M) 11.597ms
[2023-11-16T16:59:25.150+0000][gc,cpu        ] GC(106) User=0.02s Sys=0.00s Real=0.01s
[2023-11-16T17:00:55.803+0000][gc,start      ] GC(107) Pause Young (Mixed) (G1 Evacuation Pause)
[2023-11-16T17:00:55.803+0000][gc,task       ] GC(107) Using 2 workers of 2 for evacuation
[2023-11-16T17:00:55.816+0000][gc,phases     ] GC(107)   Pre Evacuate Collection Set: 0.0ms
[2023-11-16T17:00:55.816+0000][gc,phases     ] GC(107)   Evacuate Collection Set: 12.9ms
[2023-11-16T17:00:55.816+0000][gc,phases     ] GC(107)   Post Evacuate Collection Set: 0.4ms
[2023-11-16T17:00:55.816+0000][gc,phases     ] GC(107)   Other: 0.3ms
[2023-11-16T17:00:55.816+0000][gc,heap       ] GC(107) Eden regions: 23->0(29)
[2023-11-16T17:00:55.816+0000][gc,heap       ] GC(107) Survivor regions: 2->4(4)
[2023-11-16T17:00:55.816+0000][gc,heap       ] GC(107) Old regions: 53->47
[2023-11-16T17:00:55.816+0000][gc,heap       ] GC(107) Humongous regions: 147->147
[2023-11-16T17:00:55.816+0000][gc,metaspace  ] GC(107) Metaspace: 43936K(46592K)->43936K(46592K) NonClass: 38749K(40192K)->38749K(40192K) Class: 5187K(6400K)->5187K(6400K)
[2023-11-16T17:00:55.816+0000][gc            ] GC(107) Pause Young (Mixed) (G1 Evacuation Pause) 222M->196M(512M) 13.609ms
[2023-11-16T17:00:55.816+0000][gc,cpu        ] GC(107) User=0.02s Sys=0.00s Real=0.02s
[2023-11-16T17:02:46.803+0000][gc,start      ] GC(108) Pause Young (Concurrent Start) (G1 Evacuation Pause)
[2023-11-16T17:02:46.803+0000][gc,task       ] GC(108) Using 2 workers of 2 for evacuation
[2023-11-16T17:02:46.832+0000][gc,mmu        ] GC(108) MMU target violated: 21.0ms (20.0ms/21.0ms)
[2023-11-16T17:02:46.832+0000][gc,phases     ] GC(108)   Pre Evacuate Collection Set: 0.2ms
[2023-11-16T17:02:46.832+0000][gc,phases     ] GC(108)   Evacuate Collection Set: 24.8ms
[2023-11-16T17:02:46.832+0000][gc,phases     ] GC(108)   Post Evacuate Collection Set: 3.9ms
[2023-11-16T17:02:46.832+0000][gc,phases     ] GC(108)   Other: 0.4ms
[2023-11-16T17:02:46.832+0000][gc,heap       ] GC(108) Eden regions: 28->0(22)
[2023-11-16T17:02:46.832+0000][gc,heap       ] GC(108) Survivor regions: 4->3(4)
[2023-11-16T17:02:46.832+0000][gc,heap       ] GC(108) Old regions: 47->49
[2023-11-16T17:02:46.832+0000][gc,heap       ] GC(108) Humongous regions: 147->147
[2023-11-16T17:02:46.832+0000][gc,metaspace  ] GC(108) Metaspace: 43936K(46592K)->43936K(46592K) NonClass: 38749K(40192K)->38749K(40192K) Class: 5187K(6400K)->5187K(6400K)
[2023-11-16T17:02:46.832+0000][gc            ] GC(108) Pause Young (Concurrent Start) (G1 Evacuation Pause) 224M->196M(512M) 29.278ms
[2023-11-16T17:02:46.832+0000][gc,cpu        ] GC(108) User=0.05s Sys=0.00s Real=0.03s
[2023-11-16T17:02:46.832+0000][gc            ] GC(109) Concurrent Cycle
[2023-11-16T17:02:46.832+0000][gc,marking    ] GC(109) Concurrent Clear Claimed Marks
[2023-11-16T17:02:46.832+0000][gc,marking    ] GC(109) Concurrent Clear Claimed Marks 0.213ms
[2023-11-16T17:02:46.832+0000][gc,marking    ] GC(109) Concurrent Scan Root Regions
[2023-11-16T17:02:46.836+0000][gc,marking    ] GC(109) Concurrent Scan Root Regions 4.005ms
[2023-11-16T17:02:46.836+0000][gc,marking    ] GC(109) Concurrent Mark (7079.437s)
[2023-11-16T17:02:46.836+0000][gc,marking    ] GC(109) Concurrent Mark From Roots
[2023-11-16T17:02:46.836+0000][gc,task       ] GC(109) Using 1 workers of 1 for marking
[2023-11-16T17:02:46.877+0000][gc,marking    ] GC(109) Concurrent Mark From Roots 40.431ms
[2023-11-16T17:02:46.877+0000][gc,marking    ] GC(109) Concurrent Preclean
[2023-11-16T17:02:46.877+0000][gc,marking    ] GC(109) Concurrent Preclean 0.161ms
[2023-11-16T17:02:46.877+0000][gc,marking    ] GC(109) Concurrent Mark (7079.437s, 7079.478s) 40.645ms
[2023-11-16T17:02:46.877+0000][gc,start      ] GC(109) Pause Remark
[2023-11-16T17:02:46.892+0000][gc,stringtable] GC(109) Cleaned string and symbol table, strings: 12703 processed, 0 removed, symbols: 92856 processed, 0 removed
[2023-11-16T17:02:46.893+0000][gc            ] GC(109) Pause Remark 196M->196M(512M) 15.453ms
[2023-11-16T17:02:46.893+0000][gc,cpu        ] GC(109) User=0.02s Sys=0.01s Real=0.01s
[2023-11-16T17:02:46.893+0000][gc,marking    ] GC(109) Concurrent Rebuild Remembered Sets
[2023-11-16T17:02:46.916+0000][gc,marking    ] GC(109) Concurrent Rebuild Remembered Sets 22.817ms
[2023-11-16T17:02:46.916+0000][gc,start      ] GC(109) Pause Cleanup
[2023-11-16T17:02:46.916+0000][gc            ] GC(109) Pause Cleanup 197M->197M(512M) 0.299ms
[2023-11-16T17:02:46.916+0000][gc,cpu        ] GC(109) User=0.00s Sys=0.00s Real=0.00s
[2023-11-16T17:02:46.916+0000][gc,marking    ] GC(109) Concurrent Cleanup for Next Mark
[2023-11-16T17:02:46.918+0000][gc,marking    ] GC(109) Concurrent Cleanup for Next Mark 1.482ms
[2023-11-16T17:02:46.918+0000][gc            ] GC(109) Concurrent Cycle 85.817ms
[2023-11-16T17:04:13.129+0000][gc,start      ] GC(110) Pause Young (Prepare Mixed) (G1 Evacuation Pause)
[2023-11-16T17:04:13.129+0000][gc,task       ] GC(110) Using 2 workers of 2 for evacuation
[2023-11-16T17:04:13.146+0000][gc,phases     ] GC(110)   Pre Evacuate Collection Set: 0.0ms
[2023-11-16T17:04:13.146+0000][gc,phases     ] GC(110)   Evacuate Collection Set: 16.0ms
[2023-11-16T17:04:13.146+0000][gc,phases     ] GC(110)   Post Evacuate Collection Set: 0.3ms
[2023-11-16T17:04:13.146+0000][gc,phases     ] GC(110)   Other: 0.2ms
[2023-11-16T17:04:13.146+0000][gc,heap       ] GC(110) Eden regions: 22->0(21)
[2023-11-16T17:04:13.146+0000][gc,heap       ] GC(110) Survivor regions: 3->4(4)
[2023-11-16T17:04:13.146+0000][gc,heap       ] GC(110) Old regions: 49->50
[2023-11-16T17:04:13.146+0000][gc,heap       ] GC(110) Humongous regions: 147->147
[2023-11-16T17:04:13.146+0000][gc,metaspace  ] GC(110) Metaspace: 43942K(46592K)->43942K(46592K) NonClass: 38755K(40192K)->38755K(40192K) Class: 5187K(6400K)->5187K(6400K)
[2023-11-16T17:04:13.146+0000][gc            ] GC(110) Pause Young (Prepare Mixed) (G1 Evacuation Pause) 218M->198M(512M) 16.672ms
[2023-11-16T17:04:13.146+0000][gc,cpu        ] GC(110) User=0.03s Sys=0.00s Real=0.02s
[2023-11-16T17:05:14.738+0000][gc,start      ] GC(111) Pause Young (Mixed) (G1 Evacuation Pause)
[2023-11-16T17:05:14.738+0000][gc,task       ] GC(111) Using 2 workers of 2 for evacuation
[2023-11-16T17:05:14.760+0000][gc,mmu        ] GC(111) MMU target violated: 21.0ms (20.0ms/21.0ms)
[2023-11-16T17:05:14.760+0000][gc,phases     ] GC(111)   Pre Evacuate Collection Set: 0.0ms
[2023-11-16T17:05:14.760+0000][gc,phases     ] GC(111)   Evacuate Collection Set: 20.8ms
[2023-11-16T17:05:14.760+0000][gc,phases     ] GC(111)   Post Evacuate Collection Set: 0.5ms
[2023-11-16T17:05:14.760+0000][gc,phases     ] GC(111)   Other: 0.3ms
[2023-11-16T17:05:14.760+0000][gc,heap       ] GC(111) Eden regions: 21->0(21)
[2023-11-16T17:05:14.760+0000][gc,heap       ] GC(111) Survivor regions: 4->4(4)
[2023-11-16T17:05:14.760+0000][gc,heap       ] GC(111) Old regions: 50->49
[2023-11-16T17:05:14.760+0000][gc,heap       ] GC(111) Humongous regions: 147->147
[2023-11-16T17:05:14.760+0000][gc,metaspace  ] GC(111) Metaspace: 43956K(46592K)->43956K(46592K) NonClass: 38769K(40192K)->38769K(40192K) Class: 5187K(6400K)->5187K(6400K)
[2023-11-16T17:05:14.760+0000][gc            ] GC(111) Pause Young (Mixed) (G1 Evacuation Pause) 219M->198M(512M) 21.638ms
[2023-11-16T17:05:14.760+0000][gc,cpu        ] GC(111) User=0.03s Sys=0.01s Real=0.02s
[2023-11-16T17:06:33.379+0000][gc,start      ] GC(112) Pause Young (Concurrent Start) (G1 Evacuation Pause)
[2023-11-16T17:06:33.379+0000][gc,task       ] GC(112) Using 2 workers of 2 for evacuation
[2023-11-16T17:06:33.400+0000][gc,mmu        ] GC(112) MMU target violated: 21.0ms (20.0ms/21.0ms)
[2023-11-16T17:06:33.400+0000][gc,phases     ] GC(112)   Pre Evacuate Collection Set: 0.2ms
[2023-11-16T17:06:33.400+0000][gc,phases     ] GC(112)   Evacuate Collection Set: 20.6ms
[2023-11-16T17:06:33.400+0000][gc,phases     ] GC(112)   Post Evacuate Collection Set: 0.3ms
[2023-11-16T17:06:33.400+0000][gc,phases     ] GC(112)   Other: 0.3ms
[2023-11-16T17:06:33.400+0000][gc,heap       ] GC(112) Eden regions: 21->0(22)
[2023-11-16T17:06:33.400+0000][gc,heap       ] GC(112) Survivor regions: 4->3(4)
[2023-11-16T17:06:33.400+0000][gc,heap       ] GC(112) Old regions: 49->52
[2023-11-16T17:06:33.400+0000][gc,heap       ] GC(112) Humongous regions: 147->147
[2023-11-16T17:06:33.400+0000][gc,metaspace  ] GC(112) Metaspace: 43968K(46592K)->43968K(46592K) NonClass: 38776K(40192K)->38776K(40192K) Class: 5192K(6400K)->5192K(6400K)
[2023-11-16T17:06:33.400+0000][gc            ] GC(112) Pause Young (Concurrent Start) (G1 Evacuation Pause) 219M->200M(512M) 21.558ms
[2023-11-16T17:06:33.400+0000][gc,cpu        ] GC(112) User=0.04s Sys=0.00s Real=0.02s
[2023-11-16T17:06:33.400+0000][gc            ] GC(113) Concurrent Cycle
[2023-11-16T17:06:33.400+0000][gc,marking    ] GC(113) Concurrent Clear Claimed Marks
[2023-11-16T17:06:33.401+0000][gc,marking    ] GC(113) Concurrent Clear Claimed Marks 0.369ms
[2023-11-16T17:06:33.401+0000][gc,marking    ] GC(113) Concurrent Scan Root Regions
[2023-11-16T17:06:33.404+0000][gc,marking    ] GC(113) Concurrent Scan Root Regions 2.805ms
[2023-11-16T17:06:33.404+0000][gc,marking    ] GC(113) Concurrent Mark (7306.005s)
[2023-11-16T17:06:33.404+0000][gc,marking    ] GC(113) Concurrent Mark From Roots
[2023-11-16T17:06:33.404+0000][gc,task       ] GC(113) Using 1 workers of 1 for marking
[2023-11-16T17:06:33.447+0000][gc,marking    ] GC(113) Concurrent Mark From Roots 43.380ms
[2023-11-16T17:06:33.447+0000][gc,marking    ] GC(113) Concurrent Preclean
[2023-11-16T17:06:33.447+0000][gc,marking    ] GC(113) Concurrent Preclean 0.174ms
[2023-11-16T17:06:33.447+0000][gc,marking    ] GC(113) Concurrent Mark (7306.005s, 7306.048s) 43.610ms
[2023-11-16T17:06:33.448+0000][gc,start      ] GC(113) Pause Remark
[2023-11-16T17:06:33.461+0000][gc,stringtable] GC(113) Cleaned string and symbol table, strings: 12709 processed, 0 removed, symbols: 92861 processed, 0 removed
[2023-11-16T17:06:33.461+0000][gc            ] GC(113) Pause Remark 200M->196M(512M) 13.951ms
[2023-11-16T17:06:33.462+0000][gc,cpu        ] GC(113) User=0.03s Sys=0.00s Real=0.01s
[2023-11-16T17:06:33.462+0000][gc,marking    ] GC(113) Concurrent Rebuild Remembered Sets
[2023-11-16T17:06:33.484+0000][gc,marking    ] GC(113) Concurrent Rebuild Remembered Sets 22.773ms
[2023-11-16T17:06:33.485+0000][gc,start      ] GC(113) Pause Cleanup
[2023-11-16T17:06:33.485+0000][gc            ] GC(113) Pause Cleanup 196M->196M(512M) 0.174ms
[2023-11-16T17:06:33.485+0000][gc,cpu        ] GC(113) User=0.00s Sys=0.00s Real=0.00s
[2023-11-16T17:06:33.485+0000][gc,marking    ] GC(113) Concurrent Cleanup for Next Mark
[2023-11-16T17:06:33.486+0000][gc,marking    ] GC(113) Concurrent Cleanup for Next Mark 1.387ms
[2023-11-16T17:06:33.486+0000][gc            ] GC(113) Concurrent Cycle 86.017ms
[2023-11-16T17:07:59.031+0000][gc,start      ] GC(114) Pause Young (Prepare Mixed) (G1 Evacuation Pause)
[2023-11-16T17:07:59.031+0000][gc,task       ] GC(114) Using 2 workers of 2 for evacuation
[2023-11-16T17:07:59.042+0000][gc,phases     ] GC(114)   Pre Evacuate Collection Set: 0.0ms
[2023-11-16T17:07:59.042+0000][gc,phases     ] GC(114)   Evacuate Collection Set: 10.0ms
[2023-11-16T17:07:59.042+0000][gc,phases     ] GC(114)   Post Evacuate Collection Set: 0.4ms
[2023-11-16T17:07:59.042+0000][gc,phases     ] GC(114)   Other: 0.2ms
[2023-11-16T17:07:59.042+0000][gc,heap       ] GC(114) Eden regions: 22->0(23)
[2023-11-16T17:07:59.042+0000][gc,heap       ] GC(114) Survivor regions: 3->2(4)
[2023-11-16T17:07:59.042+0000][gc,heap       ] GC(114) Old regions: 48->50
[2023-11-16T17:07:59.042+0000][gc,heap       ] GC(114) Humongous regions: 147->147
[2023-11-16T17:07:59.042+0000][gc,metaspace  ] GC(114) Metaspace: 43973K(46592K)->43973K(46592K) NonClass: 38781K(40192K)->38781K(40192K) Class: 5192K(6400K)->5192K(6400K)
[2023-11-16T17:07:59.042+0000][gc            ] GC(114) Pause Young (Prepare Mixed) (G1 Evacuation Pause) 218M->196M(512M) 10.728ms
[2023-11-16T17:07:59.042+0000][gc,cpu        ] GC(114) User=0.02s Sys=0.00s Real=0.01s
[2023-11-16T17:09:29.187+0000][gc,start      ] GC(115) Pause Young (Mixed) (G1 Evacuation Pause)
[2023-11-16T17:09:29.187+0000][gc,task       ] GC(115) Using 2 workers of 2 for evacuation
[2023-11-16T17:09:29.200+0000][gc,phases     ] GC(115)   Pre Evacuate Collection Set: 0.0ms
[2023-11-16T17:09:29.200+0000][gc,phases     ] GC(115)   Evacuate Collection Set: 12.7ms
[2023-11-16T17:09:29.200+0000][gc,phases     ] GC(115)   Post Evacuate Collection Set: 0.3ms
[2023-11-16T17:09:29.200+0000][gc,phases     ] GC(115)   Other: 0.4ms
[2023-11-16T17:09:29.200+0000][gc,heap       ] GC(115) Eden regions: 23->0(23)
[2023-11-16T17:09:29.200+0000][gc,heap       ] GC(115) Survivor regions: 2->4(4)
[2023-11-16T17:09:29.200+0000][gc,heap       ] GC(115) Old regions: 50->49
[2023-11-16T17:09:29.200+0000][gc,heap       ] GC(115) Humongous regions: 147->147
[2023-11-16T17:09:29.200+0000][gc,metaspace  ] GC(115) Metaspace: 43978K(46592K)->43978K(46592K) NonClass: 38785K(40192K)->38785K(40192K) Class: 5192K(6400K)->5192K(6400K)
[2023-11-16T17:09:29.200+0000][gc            ] GC(115) Pause Young (Mixed) (G1 Evacuation Pause) 219M->198M(512M) 13.399ms
[2023-11-16T17:09:29.200+0000][gc,cpu        ] GC(115) User=0.03s Sys=0.00s Real=0.01s
[2023-11-16T17:10:59.459+0000][gc,start      ] GC(116) Pause Young (Concurrent Start) (G1 Evacuation Pause)
[2023-11-16T17:10:59.459+0000][gc,task       ] GC(116) Using 2 workers of 2 for evacuation
[2023-11-16T17:10:59.474+0000][gc,phases     ] GC(116)   Pre Evacuate Collection Set: 0.2ms
[2023-11-16T17:10:59.474+0000][gc,phases     ] GC(116)   Evacuate Collection Set: 14.3ms
[2023-11-16T17:10:59.474+0000][gc,phases     ] GC(116)   Post Evacuate Collection Set: 0.4ms
[2023-11-16T17:10:59.474+0000][gc,phases     ] GC(116)   Other: 0.2ms
[2023-11-16T17:10:59.474+0000][gc,heap       ] GC(116) Eden regions: 23->0(23)
[2023-11-16T17:10:59.474+0000][gc,heap       ] GC(116) Survivor regions: 4->2(4)
[2023-11-16T17:10:59.474+0000][gc,heap       ] GC(116) Old regions: 49->51
[2023-11-16T17:10:59.474+0000][gc,heap       ] GC(116) Humongous regions: 147->147
[2023-11-16T17:10:59.474+0000][gc,metaspace  ] GC(116) Metaspace: 43981K(46592K)->43981K(46592K) NonClass: 38789K(40192K)->38789K(40192K) Class: 5192K(6400K)->5192K(6400K)
[2023-11-16T17:10:59.474+0000][gc            ] GC(116) Pause Young (Concurrent Start) (G1 Evacuation Pause) 221M->198M(512M) 15.225ms
[2023-11-16T17:10:59.474+0000][gc,cpu        ] GC(116) User=0.03s Sys=0.00s Real=0.02s
[2023-11-16T17:10:59.474+0000][gc            ] GC(117) Concurrent Cycle
[2023-11-16T17:10:59.474+0000][gc,marking    ] GC(117) Concurrent Clear Claimed Marks
[2023-11-16T17:10:59.474+0000][gc,marking    ] GC(117) Concurrent Clear Claimed Marks 0.267ms
[2023-11-16T17:10:59.474+0000][gc,marking    ] GC(117) Concurrent Scan Root Regions
[2023-11-16T17:10:59.477+0000][gc,marking    ] GC(117) Concurrent Scan Root Regions 2.844ms
[2023-11-16T17:10:59.477+0000][gc,marking    ] GC(117) Concurrent Mark (7572.078s)
[2023-11-16T17:10:59.477+0000][gc,marking    ] GC(117) Concurrent Mark From Roots
[2023-11-16T17:10:59.477+0000][gc,task       ] GC(117) Using 1 workers of 1 for marking
[2023-11-16T17:10:59.517+0000][gc,marking    ] GC(117) Concurrent Mark From Roots 39.920ms
[2023-11-16T17:10:59.517+0000][gc,marking    ] GC(117) Concurrent Preclean
[2023-11-16T17:10:59.517+0000][gc,marking    ] GC(117) Concurrent Preclean 0.181ms
[2023-11-16T17:10:59.517+0000][gc,marking    ] GC(117) Concurrent Mark (7572.078s, 7572.118s) 40.154ms
[2023-11-16T17:10:59.518+0000][gc,start      ] GC(117) Pause Remark
[2023-11-16T17:10:59.531+0000][gc,stringtable] GC(117) Cleaned string and symbol table, strings: 12709 processed, 4 removed, symbols: 92861 processed, 0 removed
[2023-11-16T17:10:59.532+0000][gc            ] GC(117) Pause Remark 198M->197M(512M) 14.715ms
[2023-11-16T17:10:59.532+0000][gc,cpu        ] GC(117) User=0.03s Sys=0.00s Real=0.01s
[2023-11-16T17:10:59.532+0000][gc,marking    ] GC(117) Concurrent Rebuild Remembered Sets
[2023-11-16T17:10:59.556+0000][gc,marking    ] GC(117) Concurrent Rebuild Remembered Sets 23.947ms
[2023-11-16T17:10:59.557+0000][gc,start      ] GC(117) Pause Cleanup
[2023-11-16T17:10:59.557+0000][gc            ] GC(117) Pause Cleanup 197M->197M(512M) 0.274ms
[2023-11-16T17:10:59.557+0000][gc,cpu        ] GC(117) User=0.00s Sys=0.00s Real=0.00s
[2023-11-16T17:10:59.557+0000][gc,marking    ] GC(117) Concurrent Cleanup for Next Mark
[2023-11-16T17:10:59.559+0000][gc,marking    ] GC(117) Concurrent Cleanup for Next Mark 1.824ms
[2023-11-16T17:10:59.559+0000][gc            ] GC(117) Concurrent Cycle 84.938ms
[2023-11-16T17:12:30.506+0000][gc,start      ] GC(118) Pause Young (Prepare Mixed) (G1 Evacuation Pause)
[2023-11-16T17:12:30.506+0000][gc,task       ] GC(118) Using 2 workers of 2 for evacuation
[2023-11-16T17:12:30.521+0000][gc,phases     ] GC(118)   Pre Evacuate Collection Set: 0.0ms
[2023-11-16T17:12:30.521+0000][gc,phases     ] GC(118)   Evacuate Collection Set: 13.6ms
[2023-11-16T17:12:30.521+0000][gc,phases     ] GC(118)   Post Evacuate Collection Set: 0.4ms
[2023-11-16T17:12:30.521+0000][gc,phases     ] GC(118)   Other: 0.3ms
[2023-11-16T17:12:30.521+0000][gc,heap       ] GC(118) Eden regions: 23->0(21)
[2023-11-16T17:12:30.521+0000][gc,heap       ] GC(118) Survivor regions: 2->4(4)
[2023-11-16T17:12:30.521+0000][gc,heap       ] GC(118) Old regions: 50->50
[2023-11-16T17:12:30.521+0000][gc,heap       ] GC(118) Humongous regions: 147->147
[2023-11-16T17:12:30.521+0000][gc,metaspace  ] GC(118) Metaspace: 43998K(46592K)->43998K(46592K) NonClass: 38806K(40192K)->38806K(40192K) Class: 5192K(6400K)->5192K(6400K)
[2023-11-16T17:12:30.521+0000][gc            ] GC(118) Pause Young (Prepare Mixed) (G1 Evacuation Pause) 220M->199M(512M) 14.346ms
[2023-11-16T17:12:30.521+0000][gc,cpu        ] GC(118) User=0.02s Sys=0.00s Real=0.01s
[2023-11-16T17:13:53.042+0000][gc,start      ] GC(119) Pause Young (Mixed) (G1 Evacuation Pause)
[2023-11-16T17:13:53.042+0000][gc,task       ] GC(119) Using 2 workers of 2 for evacuation
[2023-11-16T17:13:53.055+0000][gc,phases     ] GC(119)   Pre Evacuate Collection Set: 0.0ms
[2023-11-16T17:13:53.055+0000][gc,phases     ] GC(119)   Evacuate Collection Set: 12.3ms
[2023-11-16T17:13:53.055+0000][gc,phases     ] GC(119)   Post Evacuate Collection Set: 0.7ms
[2023-11-16T17:13:53.055+0000][gc,phases     ] GC(119)   Other: 0.4ms
[2023-11-16T17:13:53.055+0000][gc,heap       ] GC(119) Eden regions: 21->0(25)
[2023-11-16T17:13:53.055+0000][gc,heap       ] GC(119) Survivor regions: 4->2(4)
[2023-11-16T17:13:53.055+0000][gc,heap       ] GC(119) Old regions: 50->49
[2023-11-16T17:13:53.055+0000][gc,heap       ] GC(119) Humongous regions: 147->147
[2023-11-16T17:13:53.055+0000][gc,metaspace  ] GC(119) Metaspace: 44006K(46592K)->44006K(46592K) NonClass: 38814K(40192K)->38814K(40192K) Class: 5192K(6400K)->5192K(6400K)
[2023-11-16T17:13:53.055+0000][gc            ] GC(119) Pause Young (Mixed) (G1 Evacuation Pause) 220M->196M(512M) 13.383ms
[2023-11-16T17:13:53.055+0000][gc,cpu        ] GC(119) User=0.02s Sys=0.00s Real=0.02s
[2023-11-16T17:15:29.820+0000][gc,start      ] GC(120) Pause Young (Concurrent Start) (G1 Evacuation Pause)
[2023-11-16T17:15:29.820+0000][gc,task       ] GC(120) Using 2 workers of 2 for evacuation
[2023-11-16T17:15:29.833+0000][gc,phases     ] GC(120)   Pre Evacuate Collection Set: 0.2ms
[2023-11-16T17:15:29.833+0000][gc,phases     ] GC(120)   Evacuate Collection Set: 11.7ms
[2023-11-16T17:15:29.833+0000][gc,phases     ] GC(120)   Post Evacuate Collection Set: 0.3ms
[2023-11-16T17:15:29.833+0000][gc,phases     ] GC(120)   Other: 0.3ms
[2023-11-16T17:15:29.833+0000][gc,heap       ] GC(120) Eden regions: 25->0(25)
[2023-11-16T17:15:29.833+0000][gc,heap       ] GC(120) Survivor regions: 2->4(4)
[2023-11-16T17:15:29.833+0000][gc,heap       ] GC(120) Old regions: 49->50
[2023-11-16T17:15:29.833+0000][gc,heap       ] GC(120) Humongous regions: 147->147
[2023-11-16T17:15:29.833+0000][gc,metaspace  ] GC(120) Metaspace: 44008K(46592K)->44008K(46592K) NonClass: 38816K(40192K)->38816K(40192K) Class: 5192K(6400K)->5192K(6400K)
[2023-11-16T17:15:29.833+0000][gc            ] GC(120) Pause Young (Concurrent Start) (G1 Evacuation Pause) 221M->199M(512M) 12.599ms
[2023-11-16T17:15:29.833+0000][gc,cpu        ] GC(120) User=0.02s Sys=0.00s Real=0.01s
[2023-11-16T17:15:29.833+0000][gc            ] GC(121) Concurrent Cycle
[2023-11-16T17:15:29.833+0000][gc,marking    ] GC(121) Concurrent Clear Claimed Marks
[2023-11-16T17:15:29.833+0000][gc,marking    ] GC(121) Concurrent Clear Claimed Marks 0.194ms
[2023-11-16T17:15:29.833+0000][gc,marking    ] GC(121) Concurrent Scan Root Regions
[2023-11-16T17:15:29.836+0000][gc,marking    ] GC(121) Concurrent Scan Root Regions 3.502ms
[2023-11-16T17:15:29.836+0000][gc,marking    ] GC(121) Concurrent Mark (7842.437s)
[2023-11-16T17:15:29.836+0000][gc,marking    ] GC(121) Concurrent Mark From Roots
[2023-11-16T17:15:29.836+0000][gc,task       ] GC(121) Using 1 workers of 1 for marking
[2023-11-16T17:15:29.868+0000][gc,marking    ] GC(121) Concurrent Mark From Roots 31.708ms
[2023-11-16T17:15:29.868+0000][gc,marking    ] GC(121) Concurrent Preclean
[2023-11-16T17:15:29.868+0000][gc,marking    ] GC(121) Concurrent Preclean 0.158ms
[2023-11-16T17:15:29.868+0000][gc,marking    ] GC(121) Concurrent Mark (7842.437s, 7842.469s) 31.914ms
[2023-11-16T17:15:29.869+0000][gc,start      ] GC(121) Pause Remark
[2023-11-16T17:15:29.882+0000][gc,stringtable] GC(121) Cleaned string and symbol table, strings: 12705 processed, 0 removed, symbols: 92861 processed, 0 removed
[2023-11-16T17:15:29.882+0000][gc            ] GC(121) Pause Remark 199M->199M(512M) 13.195ms
[2023-11-16T17:15:29.882+0000][gc,cpu        ] GC(121) User=0.03s Sys=0.00s Real=0.01s
[2023-11-16T17:15:29.882+0000][gc,marking    ] GC(121) Concurrent Rebuild Remembered Sets
[2023-11-16T17:15:29.902+0000][gc,marking    ] GC(121) Concurrent Rebuild Remembered Sets 19.815ms
[2023-11-16T17:15:29.902+0000][gc,start      ] GC(121) Pause Cleanup
[2023-11-16T17:15:29.902+0000][gc            ] GC(121) Pause Cleanup 199M->199M(512M) 0.172ms
[2023-11-16T17:15:29.902+0000][gc,cpu        ] GC(121) User=0.00s Sys=0.00s Real=0.00s
[2023-11-16T17:15:29.902+0000][gc,marking    ] GC(121) Concurrent Cleanup for Next Mark
[2023-11-16T17:15:29.903+0000][gc,marking    ] GC(121) Concurrent Cleanup for Next Mark 1.367ms
[2023-11-16T17:15:29.903+0000][gc            ] GC(121) Concurrent Cycle 70.778ms
[2023-11-16T17:17:08.523+0000][gc,start      ] GC(122) Pause Young (Prepare Mixed) (G1 Evacuation Pause)
[2023-11-16T17:17:08.523+0000][gc,task       ] GC(122) Using 2 workers of 2 for evacuation
[2023-11-16T17:17:08.535+0000][gc,phases     ] GC(122)   Pre Evacuate Collection Set: 0.0ms
[2023-11-16T17:17:08.535+0000][gc,phases     ] GC(122)   Evacuate Collection Set: 11.3ms
[2023-11-16T17:17:08.535+0000][gc,phases     ] GC(122)   Post Evacuate Collection Set: 0.4ms
[2023-11-16T17:17:08.535+0000][gc,phases     ] GC(122)   Other: 0.2ms
[2023-11-16T17:17:08.535+0000][gc,heap       ] GC(122) Eden regions: 25->0(22)
[2023-11-16T17:17:08.535+0000][gc,heap       ] GC(122) Survivor regions: 4->3(4)
[2023-11-16T17:17:08.535+0000][gc,heap       ] GC(122) Old regions: 50->51
[2023-11-16T17:17:08.535+0000][gc,heap       ] GC(122) Humongous regions: 147->147
[2023-11-16T17:17:08.535+0000][gc,metaspace  ] GC(122) Metaspace: 44008K(46592K)->44008K(46592K) NonClass: 38816K(40192K)->38816K(40192K) Class: 5192K(6400K)->5192K(6400K)
[2023-11-16T17:17:08.535+0000][gc            ] GC(122) Pause Young (Prepare Mixed) (G1 Evacuation Pause) 224M->199M(512M) 11.984ms
[2023-11-16T17:17:08.535+0000][gc,cpu        ] GC(122) User=0.03s Sys=0.00s Real=0.02s
[2023-11-16T17:18:35.149+0000][gc,start      ] GC(123) Pause Young (Mixed) (G1 Evacuation Pause)
[2023-11-16T17:18:35.149+0000][gc,task       ] GC(123) Using 2 workers of 2 for evacuation
[2023-11-16T17:18:35.172+0000][gc,mmu        ] GC(123) MMU target violated: 21.0ms (20.0ms/21.0ms)
[2023-11-16T17:18:35.172+0000][gc,phases     ] GC(123)   Pre Evacuate Collection Set: 0.0ms
[2023-11-16T17:18:35.172+0000][gc,phases     ] GC(123)   Evacuate Collection Set: 22.2ms
[2023-11-16T17:18:35.172+0000][gc,phases     ] GC(123)   Post Evacuate Collection Set: 0.7ms
[2023-11-16T17:18:35.172+0000][gc,phases     ] GC(123)   Other: 0.4ms
[2023-11-16T17:18:35.172+0000][gc,heap       ] GC(123) Eden regions: 22->0(25)
[2023-11-16T17:18:35.172+0000][gc,heap       ] GC(123) Survivor regions: 3->3(4)
[2023-11-16T17:18:35.172+0000][gc,heap       ] GC(123) Old regions: 51->51
[2023-11-16T17:18:35.172+0000][gc,heap       ] GC(123) Humongous regions: 147->147
[2023-11-16T17:18:35.172+0000][gc,metaspace  ] GC(123) Metaspace: 44010K(46592K)->44010K(46592K) NonClass: 38818K(40192K)->38818K(40192K) Class: 5192K(6400K)->5192K(6400K)
[2023-11-16T17:18:35.172+0000][gc            ] GC(123) Pause Young (Mixed) (G1 Evacuation Pause) 221M->198M(512M) 23.527ms
[2023-11-16T17:18:35.172+0000][gc,cpu        ] GC(123) User=0.04s Sys=0.00s Real=0.02s
[2023-11-16T17:20:13.275+0000][gc,start      ] GC(124) Pause Young (Concurrent Start) (G1 Evacuation Pause)
[2023-11-16T17:20:13.275+0000][gc,task       ] GC(124) Using 2 workers of 2 for evacuation
[2023-11-16T17:20:13.290+0000][gc,phases     ] GC(124)   Pre Evacuate Collection Set: 0.2ms
[2023-11-16T17:20:13.290+0000][gc,phases     ] GC(124)   Evacuate Collection Set: 13.5ms
[2023-11-16T17:20:13.290+0000][gc,phases     ] GC(124)   Post Evacuate Collection Set: 0.4ms
[2023-11-16T17:20:13.290+0000][gc,phases     ] GC(124)   Other: 0.3ms
[2023-11-16T17:20:13.290+0000][gc,heap       ] GC(124) Eden regions: 25->0(25)
[2023-11-16T17:20:13.290+0000][gc,heap       ] GC(124) Survivor regions: 3->3(4)
[2023-11-16T17:20:13.290+0000][gc,heap       ] GC(124) Old regions: 51->52
[2023-11-16T17:20:13.290+0000][gc,heap       ] GC(124) Humongous regions: 147->147
[2023-11-16T17:20:13.290+0000][gc,metaspace  ] GC(124) Metaspace: 44011K(46592K)->44011K(46592K) NonClass: 38819K(40192K)->38819K(40192K) Class: 5192K(6400K)->5192K(6400K)
[2023-11-16T17:20:13.290+0000][gc            ] GC(124) Pause Young (Concurrent Start) (G1 Evacuation Pause) 223M->200M(512M) 14.530ms
[2023-11-16T17:20:13.290+0000][gc,cpu        ] GC(124) User=0.03s Sys=0.00s Real=0.01s
[2023-11-16T17:20:13.290+0000][gc            ] GC(125) Concurrent Cycle
[2023-11-16T17:20:13.290+0000][gc,marking    ] GC(125) Concurrent Clear Claimed Marks
[2023-11-16T17:20:13.290+0000][gc,marking    ] GC(125) Concurrent Clear Claimed Marks 0.198ms
[2023-11-16T17:20:13.290+0000][gc,marking    ] GC(125) Concurrent Scan Root Regions
[2023-11-16T17:20:13.295+0000][gc,marking    ] GC(125) Concurrent Scan Root Regions 5.101ms
[2023-11-16T17:20:13.295+0000][gc,marking    ] GC(125) Concurrent Mark (8125.896s)
[2023-11-16T17:20:13.295+0000][gc,marking    ] GC(125) Concurrent Mark From Roots
[2023-11-16T17:20:13.295+0000][gc,task       ] GC(125) Using 1 workers of 1 for marking
[2023-11-16T17:20:13.335+0000][gc,marking    ] GC(125) Concurrent Mark From Roots 40.181ms
[2023-11-16T17:20:13.335+0000][gc,marking    ] GC(125) Concurrent Preclean
[2023-11-16T17:20:13.336+0000][gc,marking    ] GC(125) Concurrent Preclean 0.171ms
[2023-11-16T17:20:13.336+0000][gc,marking    ] GC(125) Concurrent Mark (8125.896s, 8125.936s) 40.403ms
[2023-11-16T17:20:13.336+0000][gc,start      ] GC(125) Pause Remark
[2023-11-16T17:20:13.350+0000][gc,stringtable] GC(125) Cleaned string and symbol table, strings: 12706 processed, 0 removed, symbols: 92861 processed, 0 removed
[2023-11-16T17:20:13.351+0000][gc            ] GC(125) Pause Remark 200M->200M(512M) 15.317ms
[2023-11-16T17:20:13.351+0000][gc,cpu        ] GC(125) User=0.03s Sys=0.00s Real=0.01s
[2023-11-16T17:20:13.351+0000][gc,marking    ] GC(125) Concurrent Rebuild Remembered Sets
[2023-11-16T17:20:13.377+0000][gc,marking    ] GC(125) Concurrent Rebuild Remembered Sets 25.730ms
[2023-11-16T17:20:13.377+0000][gc,start      ] GC(125) Pause Cleanup
[2023-11-16T17:20:13.377+0000][gc            ] GC(125) Pause Cleanup 200M->200M(512M) 0.188ms
[2023-11-16T17:20:13.377+0000][gc,cpu        ] GC(125) User=0.00s Sys=0.00s Real=0.00s
[2023-11-16T17:20:13.377+0000][gc,marking    ] GC(125) Concurrent Cleanup for Next Mark
[2023-11-16T17:20:13.379+0000][gc,marking    ] GC(125) Concurrent Cleanup for Next Mark 1.413ms
[2023-11-16T17:20:13.379+0000][gc            ] GC(125) Concurrent Cycle 89.224ms
[2023-11-16T17:21:51.520+0000][gc,start      ] GC(126) Pause Young (Prepare Mixed) (G1 Evacuation Pause)
[2023-11-16T17:21:51.520+0000][gc,task       ] GC(126) Using 2 workers of 2 for evacuation
[2023-11-16T17:21:51.531+0000][gc,phases     ] GC(126)   Pre Evacuate Collection Set: 0.0ms
[2023-11-16T17:21:51.531+0000][gc,phases     ] GC(126)   Evacuate Collection Set: 9.8ms
[2023-11-16T17:21:51.531+0000][gc,phases     ] GC(126)   Post Evacuate Collection Set: 0.3ms
[2023-11-16T17:21:51.531+0000][gc,phases     ] GC(126)   Other: 0.2ms
[2023-11-16T17:21:51.531+0000][gc,heap       ] GC(126) Eden regions: 25->0(23)
[2023-11-16T17:21:51.531+0000][gc,heap       ] GC(126) Survivor regions: 3->2(4)
[2023-11-16T17:21:51.531+0000][gc,heap       ] GC(126) Old regions: 52->53
[2023-11-16T17:21:51.531+0000][gc,heap       ] GC(126) Humongous regions: 147->147
[2023-11-16T17:21:51.531+0000][gc,metaspace  ] GC(126) Metaspace: 44011K(46592K)->44011K(46592K) NonClass: 38819K(40192K)->38819K(40192K) Class: 5192K(6400K)->5192K(6400K)
[2023-11-16T17:21:51.531+0000][gc            ] GC(126) Pause Young (Prepare Mixed) (G1 Evacuation Pause) 225M->199M(512M) 10.432ms
[2023-11-16T17:21:51.531+0000][gc,cpu        ] GC(126) User=0.02s Sys=0.00s Real=0.01s
[2023-11-16T17:23:22.674+0000][gc,start      ] GC(127) Pause Young (Mixed) (G1 Evacuation Pause)
[2023-11-16T17:23:22.674+0000][gc,task       ] GC(127) Using 2 workers of 2 for evacuation
[2023-11-16T17:23:22.688+0000][gc,phases     ] GC(127)   Pre Evacuate Collection Set: 0.0ms
[2023-11-16T17:23:22.688+0000][gc,phases     ] GC(127)   Evacuate Collection Set: 13.4ms
[2023-11-16T17:23:22.688+0000][gc,phases     ] GC(127)   Post Evacuate Collection Set: 0.3ms
[2023-11-16T17:23:22.688+0000][gc,phases     ] GC(127)   Other: 0.2ms
[2023-11-16T17:23:22.688+0000][gc,heap       ] GC(127) Eden regions: 23->0(29)
[2023-11-16T17:23:22.688+0000][gc,heap       ] GC(127) Survivor regions: 2->4(4)
[2023-11-16T17:23:22.688+0000][gc,heap       ] GC(127) Old regions: 53->48
[2023-11-16T17:23:22.688+0000][gc,heap       ] GC(127) Humongous regions: 147->147
[2023-11-16T17:23:22.688+0000][gc,metaspace  ] GC(127) Metaspace: 44011K(46592K)->44011K(46592K) NonClass: 38819K(40192K)->38819K(40192K) Class: 5192K(6400K)->5192K(6400K)
[2023-11-16T17:23:22.688+0000][gc            ] GC(127) Pause Young (Mixed) (G1 Evacuation Pause) 222M->197M(512M) 14.098ms
[2023-11-16T17:23:22.688+0000][gc,cpu        ] GC(127) User=0.02s Sys=0.00s Real=0.01s
[2023-11-16T17:25:15.891+0000][gc,start      ] GC(128) Pause Young (Concurrent Start) (G1 Evacuation Pause)
[2023-11-16T17:25:15.891+0000][gc,task       ] GC(128) Using 2 workers of 2 for evacuation
[2023-11-16T17:25:15.905+0000][gc,phases     ] GC(128)   Pre Evacuate Collection Set: 0.2ms
[2023-11-16T17:25:15.905+0000][gc,phases     ] GC(128)   Evacuate Collection Set: 12.6ms
[2023-11-16T17:25:15.905+0000][gc,phases     ] GC(128)   Post Evacuate Collection Set: 0.4ms
[2023-11-16T17:25:15.905+0000][gc,phases     ] GC(128)   Other: 0.3ms
[2023-11-16T17:25:15.905+0000][gc,heap       ] GC(128) Eden regions: 29->0(30)
[2023-11-16T17:25:15.905+0000][gc,heap       ] GC(128) Survivor regions: 4->3(5)
[2023-11-16T17:25:15.905+0000][gc,heap       ] GC(128) Old regions: 48->50
[2023-11-16T17:25:15.905+0000][gc,heap       ] GC(128) Humongous regions: 147->147
[2023-11-16T17:25:15.905+0000][gc,metaspace  ] GC(128) Metaspace: 44012K(46592K)->44012K(46592K) NonClass: 38819K(40192K)->38819K(40192K) Class: 5192K(6400K)->5192K(6400K)
[2023-11-16T17:25:15.905+0000][gc            ] GC(128) Pause Young (Concurrent Start) (G1 Evacuation Pause) 226M->198M(512M) 13.487ms
[2023-11-16T17:25:15.905+0000][gc,cpu        ] GC(128) User=0.02s Sys=0.00s Real=0.01s
[2023-11-16T17:25:15.905+0000][gc            ] GC(129) Concurrent Cycle
[2023-11-16T17:25:15.905+0000][gc,marking    ] GC(129) Concurrent Clear Claimed Marks
[2023-11-16T17:25:15.905+0000][gc,marking    ] GC(129) Concurrent Clear Claimed Marks 0.207ms
[2023-11-16T17:25:15.905+0000][gc,marking    ] GC(129) Concurrent Scan Root Regions
[2023-11-16T17:25:15.908+0000][gc,marking    ] GC(129) Concurrent Scan Root Regions 2.954ms
[2023-11-16T17:25:15.908+0000][gc,marking    ] GC(129) Concurrent Mark (8428.509s)
[2023-11-16T17:25:15.908+0000][gc,marking    ] GC(129) Concurrent Mark From Roots
[2023-11-16T17:25:15.908+0000][gc,task       ] GC(129) Using 1 workers of 1 for marking
[2023-11-16T17:25:15.945+0000][gc,marking    ] GC(129) Concurrent Mark From Roots 36.797ms
[2023-11-16T17:25:15.945+0000][gc,marking    ] GC(129) Concurrent Preclean
[2023-11-16T17:25:15.945+0000][gc,marking    ] GC(129) Concurrent Preclean 0.173ms
[2023-11-16T17:25:15.945+0000][gc,marking    ] GC(129) Concurrent Mark (8428.509s, 8428.546s) 37.028ms
[2023-11-16T17:25:15.945+0000][gc,start      ] GC(129) Pause Remark
[2023-11-16T17:25:15.960+0000][gc,stringtable] GC(129) Cleaned string and symbol table, strings: 12706 processed, 0 removed, symbols: 92861 processed, 0 removed
[2023-11-16T17:25:15.961+0000][gc            ] GC(129) Pause Remark 198M->198M(512M) 15.234ms
[2023-11-16T17:25:15.961+0000][gc,cpu        ] GC(129) User=0.02s Sys=0.00s Real=0.01s
[2023-11-16T17:25:15.961+0000][gc,marking    ] GC(129) Concurrent Rebuild Remembered Sets
[2023-11-16T17:25:15.985+0000][gc,marking    ] GC(129) Concurrent Rebuild Remembered Sets 24.236ms
[2023-11-16T17:25:15.985+0000][gc,start      ] GC(129) Pause Cleanup
[2023-11-16T17:25:15.985+0000][gc            ] GC(129) Pause Cleanup 198M->198M(512M) 0.209ms
[2023-11-16T17:25:15.985+0000][gc,cpu        ] GC(129) User=0.00s Sys=0.00s Real=0.01s
[2023-11-16T17:25:15.986+0000][gc,marking    ] GC(129) Concurrent Cleanup for Next Mark
[2023-11-16T17:25:15.987+0000][gc,marking    ] GC(129) Concurrent Cleanup for Next Mark 1.480ms
[2023-11-16T17:25:15.987+0000][gc            ] GC(129) Concurrent Cycle 82.103ms
[2023-11-16T17:27:14.585+0000][gc,start      ] GC(130) Pause Young (Prepare Mixed) (G1 Evacuation Pause)
[2023-11-16T17:27:14.585+0000][gc,task       ] GC(130) Using 2 workers of 2 for evacuation
[2023-11-16T17:27:14.605+0000][gc,mmu        ] GC(130) MMU target violated: 20.5ms (20.0ms/21.0ms)
[2023-11-16T17:27:14.605+0000][gc,phases     ] GC(130)   Pre Evacuate Collection Set: 0.0ms
[2023-11-16T17:27:14.605+0000][gc,phases     ] GC(130)   Evacuate Collection Set: 15.4ms
[2023-11-16T17:27:14.605+0000][gc,phases     ] GC(130)   Post Evacuate Collection Set: 2.6ms
[2023-11-16T17:27:14.615+0000][gc,phases     ] GC(130)   Other: 2.7ms
[2023-11-16T17:27:14.615+0000][gc,heap       ] GC(130) Eden regions: 30->0(22)
[2023-11-16T17:27:14.615+0000][gc,heap       ] GC(130) Survivor regions: 3->3(5)
[2023-11-16T17:27:14.615+0000][gc,heap       ] GC(130) Old regions: 50->50
[2023-11-16T17:27:14.615+0000][gc,heap       ] GC(130) Humongous regions: 147->147
[2023-11-16T17:27:14.615+0000][gc,metaspace  ] GC(130) Metaspace: 44013K(46592K)->44013K(46592K) NonClass: 38820K(40192K)->38820K(40192K) Class: 5192K(6400K)->5192K(6400K)
[2023-11-16T17:27:14.615+0000][gc            ] GC(130) Pause Young (Prepare Mixed) (G1 Evacuation Pause) 228M->198M(512M) 29.962ms
[2023-11-16T17:27:14.615+0000][gc,cpu        ] GC(130) User=0.04s Sys=0.00s Real=0.04s
[2023-11-16T17:28:40.758+0000][gc,start      ] GC(131) Pause Young (Mixed) (G1 Evacuation Pause)
[2023-11-16T17:28:40.758+0000][gc,task       ] GC(131) Using 2 workers of 2 for evacuation
[2023-11-16T17:28:40.773+0000][gc,phases     ] GC(131)   Pre Evacuate Collection Set: 0.0ms
[2023-11-16T17:28:40.773+0000][gc,phases     ] GC(131)   Evacuate Collection Set: 14.2ms
[2023-11-16T17:28:40.773+0000][gc,phases     ] GC(131)   Post Evacuate Collection Set: 0.4ms
[2023-11-16T17:28:40.773+0000][gc,phases     ] GC(131)   Other: 0.2ms
[2023-11-16T17:28:40.773+0000][gc,heap       ] GC(131) Eden regions: 22->0(28)
[2023-11-16T17:28:40.773+0000][gc,heap       ] GC(131) Survivor regions: 3->4(4)
[2023-11-16T17:28:40.773+0000][gc,heap       ] GC(131) Old regions: 50->48
[2023-11-16T17:28:40.773+0000][gc,heap       ] GC(131) Humongous regions: 147->147
[2023-11-16T17:28:40.773+0000][gc,metaspace  ] GC(131) Metaspace: 44013K(46592K)->44013K(46592K) NonClass: 38820K(40192K)->38820K(40192K) Class: 5192K(6400K)->5192K(6400K)
[2023-11-16T17:28:40.773+0000][gc            ] GC(131) Pause Young (Mixed) (G1 Evacuation Pause) 220M->196M(512M) 14.950ms
[2023-11-16T17:28:40.773+0000][gc,cpu        ] GC(131) User=0.03s Sys=0.00s Real=0.01s
[2023-11-16T17:30:30.646+0000][gc,start      ] GC(132) Pause Young (Concurrent Start) (G1 Evacuation Pause)
[2023-11-16T17:30:30.646+0000][gc,task       ] GC(132) Using 2 workers of 2 for evacuation
[2023-11-16T17:30:30.661+0000][gc,phases     ] GC(132)   Pre Evacuate Collection Set: 0.2ms
[2023-11-16T17:30:30.661+0000][gc,phases     ] GC(132)   Evacuate Collection Set: 14.6ms
[2023-11-16T17:30:30.661+0000][gc,phases     ] GC(132)   Post Evacuate Collection Set: 0.6ms
[2023-11-16T17:30:30.661+0000][gc,phases     ] GC(132)   Other: 0.4ms
[2023-11-16T17:30:30.661+0000][gc,heap       ] GC(132) Eden regions: 28->0(28)
[2023-11-16T17:30:30.661+0000][gc,heap       ] GC(132) Survivor regions: 4->2(4)
[2023-11-16T17:30:30.661+0000][gc,heap       ] GC(132) Old regions: 48->50
[2023-11-16T17:30:30.661+0000][gc,heap       ] GC(132) Humongous regions: 147->147
[2023-11-16T17:30:30.661+0000][gc,metaspace  ] GC(132) Metaspace: 44023K(46592K)->44023K(46592K) NonClass: 38830K(40192K)->38830K(40192K) Class: 5192K(6400K)->5192K(6400K)
[2023-11-16T17:30:30.662+0000][gc            ] GC(132) Pause Young (Concurrent Start) (G1 Evacuation Pause) 224M->197M(512M) 15.750ms
[2023-11-16T17:30:30.662+0000][gc,cpu        ] GC(132) User=0.03s Sys=0.00s Real=0.01s
[2023-11-16T17:30:30.662+0000][gc            ] GC(133) Concurrent Cycle
[2023-11-16T17:30:30.662+0000][gc,marking    ] GC(133) Concurrent Clear Claimed Marks
[2023-11-16T17:30:30.662+0000][gc,marking    ] GC(133) Concurrent Clear Claimed Marks 0.208ms
[2023-11-16T17:30:30.662+0000][gc,marking    ] GC(133) Concurrent Scan Root Regions
[2023-11-16T17:30:30.664+0000][gc,marking    ] GC(133) Concurrent Scan Root Regions 2.693ms
[2023-11-16T17:30:30.665+0000][gc,marking    ] GC(133) Concurrent Mark (8743.266s)
[2023-11-16T17:30:30.665+0000][gc,marking    ] GC(133) Concurrent Mark From Roots
[2023-11-16T17:30:30.665+0000][gc,task       ] GC(133) Using 1 workers of 1 for marking
[2023-11-16T17:30:30.702+0000][gc,marking    ] GC(133) Concurrent Mark From Roots 37.554ms
[2023-11-16T17:30:30.702+0000][gc,marking    ] GC(133) Concurrent Preclean
[2023-11-16T17:30:30.702+0000][gc,marking    ] GC(133) Concurrent Preclean 0.168ms
[2023-11-16T17:30:30.702+0000][gc,marking    ] GC(133) Concurrent Mark (8743.266s, 8743.303s) 37.773ms
[2023-11-16T17:30:30.703+0000][gc,start      ] GC(133) Pause Remark
[2023-11-16T17:30:30.721+0000][gc,stringtable] GC(133) Cleaned string and symbol table, strings: 12706 processed, 0 removed, symbols: 92861 processed, 0 removed
[2023-11-16T17:30:30.722+0000][gc            ] GC(133) Pause Remark 197M->197M(512M) 19.085ms
[2023-11-16T17:30:30.722+0000][gc,cpu        ] GC(133) User=0.03s Sys=0.00s Real=0.02s
[2023-11-16T17:30:30.722+0000][gc,marking    ] GC(133) Concurrent Rebuild Remembered Sets
[2023-11-16T17:30:30.744+0000][gc,marking    ] GC(133) Concurrent Rebuild Remembered Sets 22.586ms
[2023-11-16T17:30:30.746+0000][gc,start      ] GC(133) Pause Cleanup
[2023-11-16T17:30:30.746+0000][gc            ] GC(133) Pause Cleanup 197M->197M(512M) 0.240ms
[2023-11-16T17:30:30.746+0000][gc,cpu        ] GC(133) User=0.00s Sys=0.00s Real=0.00s
[2023-11-16T17:30:30.746+0000][gc,marking    ] GC(133) Concurrent Cleanup for Next Mark
[2023-11-16T17:30:30.748+0000][gc,marking    ] GC(133) Concurrent Cleanup for Next Mark 1.368ms
[2023-11-16T17:30:30.748+0000][gc            ] GC(133) Concurrent Cycle 86.052ms
[2023-11-16T17:32:05.785+0000][gc,start      ] GC(134) Pause Young (Prepare Mixed) (G1 Evacuation Pause)
[2023-11-16T17:32:05.785+0000][gc,task       ] GC(134) Using 2 workers of 2 for evacuation
[2023-11-16T17:32:05.798+0000][gc,phases     ] GC(134)   Pre Evacuate Collection Set: 0.0ms
[2023-11-16T17:32:05.798+0000][gc,phases     ] GC(134)   Evacuate Collection Set: 11.9ms
[2023-11-16T17:32:05.798+0000][gc,phases     ] GC(134)   Post Evacuate Collection Set: 0.4ms
[2023-11-16T17:32:05.798+0000][gc,phases     ] GC(134)   Other: 0.2ms
[2023-11-16T17:32:05.798+0000][gc,heap       ] GC(134) Eden regions: 24->0(21)
[2023-11-16T17:32:05.798+0000][gc,heap       ] GC(134) Survivor regions: 2->4(4)
[2023-11-16T17:32:05.798+0000][gc,heap       ] GC(134) Old regions: 50->50
[2023-11-16T17:32:05.798+0000][gc,heap       ] GC(134) Humongous regions: 147->147
[2023-11-16T17:32:05.798+0000][gc,metaspace  ] GC(134) Metaspace: 44026K(46592K)->44026K(46592K) NonClass: 38834K(40192K)->38834K(40192K) Class: 5192K(6400K)->5192K(6400K)
[2023-11-16T17:32:05.798+0000][gc            ] GC(134) Pause Young (Prepare Mixed) (G1 Evacuation Pause) 221M->199M(512M) 12.619ms
[2023-11-16T17:32:05.798+0000][gc,cpu        ] GC(134) User=0.02s Sys=0.00s Real=0.02s
[2023-11-16T17:33:27.030+0000][gc,start      ] GC(135) Pause Young (Mixed) (G1 Evacuation Pause)
[2023-11-16T17:33:27.030+0000][gc,task       ] GC(135) Using 2 workers of 2 for evacuation
[2023-11-16T17:33:27.041+0000][gc,phases     ] GC(135)   Pre Evacuate Collection Set: 0.0ms
[2023-11-16T17:33:27.041+0000][gc,phases     ] GC(135)   Evacuate Collection Set: 9.9ms
[2023-11-16T17:33:27.041+0000][gc,phases     ] GC(135)   Post Evacuate Collection Set: 0.3ms
[2023-11-16T17:33:27.041+0000][gc,phases     ] GC(135)   Other: 0.2ms
[2023-11-16T17:33:27.041+0000][gc,heap       ] GC(135) Eden regions: 21->0(29)
[2023-11-16T17:33:27.041+0000][gc,heap       ] GC(135) Survivor regions: 4->2(4)
[2023-11-16T17:33:27.041+0000][gc,heap       ] GC(135) Old regions: 50->49
[2023-11-16T17:33:27.041+0000][gc,heap       ] GC(135) Humongous regions: 147->147
[2023-11-16T17:33:27.041+0000][gc,metaspace  ] GC(135) Metaspace: 44026K(46592K)->44026K(46592K) NonClass: 38834K(40192K)->38834K(40192K) Class: 5192K(6400K)->5192K(6400K)
[2023-11-16T17:33:27.041+0000][gc            ] GC(135) Pause Young (Mixed) (G1 Evacuation Pause) 220M->196M(512M) 10.614ms
[2023-11-16T17:33:27.041+0000][gc,cpu        ] GC(135) User=0.02s Sys=0.00s Real=0.01s
[2023-11-16T17:35:20.929+0000][gc,start      ] GC(136) Pause Young (Concurrent Start) (G1 Evacuation Pause)
[2023-11-16T17:35:20.930+0000][gc,task       ] GC(136) Using 2 workers of 2 for evacuation
[2023-11-16T17:35:20.944+0000][gc,phases     ] GC(136)   Pre Evacuate Collection Set: 0.2ms
[2023-11-16T17:35:20.944+0000][gc,phases     ] GC(136)   Evacuate Collection Set: 13.3ms
[2023-11-16T17:35:20.944+0000][gc,phases     ] GC(136)   Post Evacuate Collection Set: 0.3ms
[2023-11-16T17:35:20.944+0000][gc,phases     ] GC(136)   Other: 0.3ms
[2023-11-16T17:35:20.944+0000][gc,heap       ] GC(136) Eden regions: 29->0(28)
[2023-11-16T17:35:20.944+0000][gc,heap       ] GC(136) Survivor regions: 2->4(4)
[2023-11-16T17:35:20.944+0000][gc,heap       ] GC(136) Old regions: 49->50
[2023-11-16T17:35:20.944+0000][gc,heap       ] GC(136) Humongous regions: 147->147
[2023-11-16T17:35:20.944+0000][gc,metaspace  ] GC(136) Metaspace: 44026K(46592K)->44026K(46592K) NonClass: 38834K(40192K)->38834K(40192K) Class: 5192K(6400K)->5192K(6400K)
[2023-11-16T17:35:20.944+0000][gc            ] GC(136) Pause Young (Concurrent Start) (G1 Evacuation Pause) 225M->199M(512M) 14.183ms
[2023-11-16T17:35:20.944+0000][gc,cpu        ] GC(136) User=0.02s Sys=0.00s Real=0.01s
[2023-11-16T17:35:20.944+0000][gc            ] GC(137) Concurrent Cycle
[2023-11-16T17:35:20.944+0000][gc,marking    ] GC(137) Concurrent Clear Claimed Marks
[2023-11-16T17:35:20.944+0000][gc,marking    ] GC(137) Concurrent Clear Claimed Marks 0.241ms
[2023-11-16T17:35:20.944+0000][gc,marking    ] GC(137) Concurrent Scan Root Regions
[2023-11-16T17:35:20.947+0000][gc,marking    ] GC(137) Concurrent Scan Root Regions 3.207ms
[2023-11-16T17:35:20.947+0000][gc,marking    ] GC(137) Concurrent Mark (9033.548s)
[2023-11-16T17:35:20.947+0000][gc,marking    ] GC(137) Concurrent Mark From Roots
[2023-11-16T17:35:20.947+0000][gc,task       ] GC(137) Using 1 workers of 1 for marking
[2023-11-16T17:35:20.984+0000][gc,marking    ] GC(137) Concurrent Mark From Roots 36.411ms
[2023-11-16T17:35:20.984+0000][gc,marking    ] GC(137) Concurrent Preclean
[2023-11-16T17:35:20.984+0000][gc,marking    ] GC(137) Concurrent Preclean 0.157ms
[2023-11-16T17:35:20.984+0000][gc,marking    ] GC(137) Concurrent Mark (9033.548s, 9033.585s) 36.621ms
[2023-11-16T17:35:20.984+0000][gc,start      ] GC(137) Pause Remark
[2023-11-16T17:35:21.009+0000][gc,stringtable] GC(137) Cleaned string and symbol table, strings: 12706 processed, 0 removed, symbols: 92861 processed, 0 removed
[2023-11-16T17:35:21.009+0000][gc,mmu        ] GC(137) MMU target violated: 21.0ms (20.0ms/21.0ms)
[2023-11-16T17:35:21.009+0000][gc            ] GC(137) Pause Remark 199M->199M(512M) 25.414ms
[2023-11-16T17:35:21.009+0000][gc,cpu        ] GC(137) User=0.05s Sys=0.00s Real=0.03s
[2023-11-16T17:35:21.010+0000][gc,marking    ] GC(137) Concurrent Rebuild Remembered Sets
[2023-11-16T17:35:21.052+0000][gc,marking    ] GC(137) Concurrent Rebuild Remembered Sets 42.120ms
[2023-11-16T17:35:21.052+0000][gc,start      ] GC(137) Pause Cleanup
[2023-11-16T17:35:21.052+0000][gc            ] GC(137) Pause Cleanup 199M->199M(512M) 0.399ms
[2023-11-16T17:35:21.052+0000][gc,cpu        ] GC(137) User=0.00s Sys=0.00s Real=0.00s
[2023-11-16T17:35:21.052+0000][gc,marking    ] GC(137) Concurrent Cleanup for Next Mark
[2023-11-16T17:35:21.055+0000][gc,marking    ] GC(137) Concurrent Cleanup for Next Mark 2.761ms
[2023-11-16T17:35:21.055+0000][gc            ] GC(137) Concurrent Cycle 111.567ms
[2023-11-16T17:37:10.624+0000][gc,start      ] GC(138) Pause Young (Prepare Mixed) (G1 Evacuation Pause)
[2023-11-16T17:37:10.624+0000][gc,task       ] GC(138) Using 2 workers of 2 for evacuation
[2023-11-16T17:37:10.645+0000][gc,mmu        ] GC(138) MMU target violated: 20.6ms (20.0ms/21.0ms)
[2023-11-16T17:37:10.645+0000][gc,phases     ] GC(138)   Pre Evacuate Collection Set: 0.0ms
[2023-11-16T17:37:10.645+0000][gc,phases     ] GC(138)   Evacuate Collection Set: 20.1ms
[2023-11-16T17:37:10.645+0000][gc,phases     ] GC(138)   Post Evacuate Collection Set: 0.4ms
[2023-11-16T17:37:10.645+0000][gc,phases     ] GC(138)   Other: 0.3ms
[2023-11-16T17:37:10.645+0000][gc,heap       ] GC(138) Eden regions: 28->0(21)
[2023-11-16T17:37:10.645+0000][gc,heap       ] GC(138) Survivor regions: 4->4(4)
[2023-11-16T17:37:10.645+0000][gc,heap       ] GC(138) Old regions: 50->52
[2023-11-16T17:37:10.645+0000][gc,heap       ] GC(138) Humongous regions: 147->147
[2023-11-16T17:37:10.645+0000][gc,metaspace  ] GC(138) Metaspace: 44026K(46592K)->44026K(46592K) NonClass: 38834K(40192K)->38834K(40192K) Class: 5192K(6400K)->5192K(6400K)
[2023-11-16T17:37:10.645+0000][gc            ] GC(138) Pause Young (Prepare Mixed) (G1 Evacuation Pause) 227M->200M(512M) 20.877ms
[2023-11-16T17:37:10.645+0000][gc,cpu        ] GC(138) User=0.04s Sys=0.00s Real=0.02s
[2023-11-16T17:38:32.822+0000][gc,start      ] GC(139) Pause Young (Mixed) (G1 Evacuation Pause)
[2023-11-16T17:38:32.822+0000][gc,task       ] GC(139) Using 2 workers of 2 for evacuation
[2023-11-16T17:38:32.834+0000][gc,phases     ] GC(139)   Pre Evacuate Collection Set: 0.0ms
[2023-11-16T17:38:32.834+0000][gc,phases     ] GC(139)   Evacuate Collection Set: 10.6ms
[2023-11-16T17:38:32.834+0000][gc,phases     ] GC(139)   Post Evacuate Collection Set: 0.3ms
[2023-11-16T17:38:32.834+0000][gc,phases     ] GC(139)   Other: 0.3ms
[2023-11-16T17:38:32.834+0000][gc,heap       ] GC(139) Eden regions: 21->0(30)
[2023-11-16T17:38:32.834+0000][gc,heap       ] GC(139) Survivor regions: 4->2(4)
[2023-11-16T17:38:32.834+0000][gc,heap       ] GC(139) Old regions: 52->49
[2023-11-16T17:38:32.834+0000][gc,heap       ] GC(139) Humongous regions: 147->147
[2023-11-16T17:38:32.834+0000][gc,metaspace  ] GC(139) Metaspace: 44027K(46592K)->44027K(46592K) NonClass: 38834K(40192K)->38834K(40192K) Class: 5192K(6400K)->5192K(6400K)
[2023-11-16T17:38:32.834+0000][gc            ] GC(139) Pause Young (Mixed) (G1 Evacuation Pause) 221M->196M(512M) 11.344ms
[2023-11-16T17:38:32.834+0000][gc,cpu        ] GC(139) User=0.02s Sys=0.00s Real=0.02s
[2023-11-16T17:40:31.417+0000][gc,start      ] GC(140) Pause Young (Concurrent Start) (G1 Evacuation Pause)
[2023-11-16T17:40:31.417+0000][gc,task       ] GC(140) Using 2 workers of 2 for evacuation
[2023-11-16T17:40:31.433+0000][gc,phases     ] GC(140)   Pre Evacuate Collection Set: 0.3ms
[2023-11-16T17:40:31.433+0000][gc,phases     ] GC(140)   Evacuate Collection Set: 15.0ms
[2023-11-16T17:40:31.433+0000][gc,phases     ] GC(140)   Post Evacuate Collection Set: 0.9ms
[2023-11-16T17:40:31.433+0000][gc,phases     ] GC(140)   Other: 0.2ms
[2023-11-16T17:40:31.433+0000][gc,heap       ] GC(140) Eden regions: 30->0(27)
[2023-11-16T17:40:31.433+0000][gc,heap       ] GC(140) Survivor regions: 2->4(4)
[2023-11-16T17:40:31.433+0000][gc,heap       ] GC(140) Old regions: 49->50
[2023-11-16T17:40:31.433+0000][gc,heap       ] GC(140) Humongous regions: 147->147
[2023-11-16T17:40:31.433+0000][gc,metaspace  ] GC(140) Metaspace: 44029K(46592K)->44029K(46592K) NonClass: 38836K(40192K)->38836K(40192K) Class: 5192K(6400K)->5192K(6400K)
[2023-11-16T17:40:31.433+0000][gc            ] GC(140) Pause Young (Concurrent Start) (G1 Evacuation Pause) 226M->199M(512M) 16.452ms
[2023-11-16T17:40:31.433+0000][gc,cpu        ] GC(140) User=0.03s Sys=0.00s Real=0.01s
[2023-11-16T17:40:31.433+0000][gc            ] GC(141) Concurrent Cycle
[2023-11-16T17:40:31.433+0000][gc,marking    ] GC(141) Concurrent Clear Claimed Marks
[2023-11-16T17:40:31.434+0000][gc,marking    ] GC(141) Concurrent Clear Claimed Marks 0.224ms
[2023-11-16T17:40:31.434+0000][gc,marking    ] GC(141) Concurrent Scan Root Regions
[2023-11-16T17:40:31.437+0000][gc,marking    ] GC(141) Concurrent Scan Root Regions 3.547ms
[2023-11-16T17:40:31.437+0000][gc,marking    ] GC(141) Concurrent Mark (9344.038s)
[2023-11-16T17:40:31.437+0000][gc,marking    ] GC(141) Concurrent Mark From Roots
[2023-11-16T17:40:31.437+0000][gc,task       ] GC(141) Using 1 workers of 1 for marking
[2023-11-16T17:40:31.477+0000][gc,marking    ] GC(141) Concurrent Mark From Roots 39.690ms
[2023-11-16T17:40:31.477+0000][gc,marking    ] GC(141) Concurrent Preclean
[2023-11-16T17:40:31.477+0000][gc,marking    ] GC(141) Concurrent Preclean 0.172ms
[2023-11-16T17:40:31.477+0000][gc,marking    ] GC(141) Concurrent Mark (9344.038s, 9344.078s) 39.911ms
[2023-11-16T17:40:31.477+0000][gc,start      ] GC(141) Pause Remark
[2023-11-16T17:40:31.492+0000][gc,stringtable] GC(141) Cleaned string and symbol table, strings: 12710 processed, 0 removed, symbols: 92861 processed, 0 removed
[2023-11-16T17:40:31.492+0000][gc            ] GC(141) Pause Remark 199M->199M(512M) 14.861ms
[2023-11-16T17:40:31.492+0000][gc,cpu        ] GC(141) User=0.03s Sys=0.00s Real=0.01s
[2023-11-16T17:40:31.492+0000][gc,marking    ] GC(141) Concurrent Rebuild Remembered Sets
[2023-11-16T17:40:31.513+0000][gc,marking    ] GC(141) Concurrent Rebuild Remembered Sets 21.226ms
[2023-11-16T17:40:31.514+0000][gc,start      ] GC(141) Pause Cleanup
[2023-11-16T17:40:31.514+0000][gc            ] GC(141) Pause Cleanup 199M->199M(512M) 0.179ms
[2023-11-16T17:40:31.514+0000][gc,cpu        ] GC(141) User=0.00s Sys=0.00s Real=0.00s
[2023-11-16T17:40:31.514+0000][gc,marking    ] GC(141) Concurrent Cleanup for Next Mark
[2023-11-16T17:40:31.515+0000][gc,marking    ] GC(141) Concurrent Cleanup for Next Mark 1.337ms
[2023-11-16T17:40:31.515+0000][gc            ] GC(141) Concurrent Cycle 81.962ms
[2023-11-16T17:42:18.272+0000][gc,start      ] GC(142) Pause Young (Prepare Mixed) (G1 Evacuation Pause)
[2023-11-16T17:42:18.272+0000][gc,task       ] GC(142) Using 2 workers of 2 for evacuation
[2023-11-16T17:42:18.286+0000][gc,phases     ] GC(142)   Pre Evacuate Collection Set: 0.0ms
[2023-11-16T17:42:18.286+0000][gc,phases     ] GC(142)   Evacuate Collection Set: 13.8ms
[2023-11-16T17:42:18.286+0000][gc,phases     ] GC(142)   Post Evacuate Collection Set: 0.3ms
[2023-11-16T17:42:18.286+0000][gc,phases     ] GC(142)   Other: 0.3ms
[2023-11-16T17:42:18.286+0000][gc,heap       ] GC(142) Eden regions: 27->0(22)
[2023-11-16T17:42:18.286+0000][gc,heap       ] GC(142) Survivor regions: 4->3(4)
[2023-11-16T17:42:18.286+0000][gc,heap       ] GC(142) Old regions: 50->52
[2023-11-16T17:42:18.286+0000][gc,heap       ] GC(142) Humongous regions: 147->147
[2023-11-16T17:42:18.286+0000][gc,metaspace  ] GC(142) Metaspace: 44031K(46592K)->44031K(46592K) NonClass: 38838K(40192K)->38838K(40192K) Class: 5192K(6400K)->5192K(6400K)
[2023-11-16T17:42:18.286+0000][gc            ] GC(142) Pause Young (Prepare Mixed) (G1 Evacuation Pause) 226M->199M(512M) 14.509ms
[2023-11-16T17:42:18.286+0000][gc,cpu        ] GC(142) User=0.03s Sys=0.00s Real=0.02s
[2023-11-16T17:43:43.963+0000][gc,start      ] GC(143) Pause Young (Mixed) (G1 Evacuation Pause)
[2023-11-16T17:43:43.963+0000][gc,task       ] GC(143) Using 2 workers of 2 for evacuation
[2023-11-16T17:43:43.977+0000][gc,phases     ] GC(143)   Pre Evacuate Collection Set: 0.0ms
[2023-11-16T17:43:43.977+0000][gc,phases     ] GC(143)   Evacuate Collection Set: 13.3ms
[2023-11-16T17:43:43.977+0000][gc,phases     ] GC(143)   Post Evacuate Collection Set: 0.3ms
[2023-11-16T17:43:43.978+0000][gc,phases     ] GC(143)   Other: 0.4ms
[2023-11-16T17:43:43.978+0000][gc,heap       ] GC(143) Eden regions: 22->0(29)
[2023-11-16T17:43:43.978+0000][gc,heap       ] GC(143) Survivor regions: 3->3(4)
[2023-11-16T17:43:43.978+0000][gc,heap       ] GC(143) Old regions: 52->50
[2023-11-16T17:43:43.978+0000][gc,heap       ] GC(143) Humongous regions: 147->147
[2023-11-16T17:43:43.978+0000][gc,metaspace  ] GC(143) Metaspace: 44031K(46592K)->44031K(46592K) NonClass: 38838K(40192K)->38838K(40192K) Class: 5192K(6400K)->5192K(6400K)
[2023-11-16T17:43:43.978+0000][gc            ] GC(143) Pause Young (Mixed) (G1 Evacuation Pause) 221M->198M(512M) 14.482ms
[2023-11-16T17:43:43.978+0000][gc,cpu        ] GC(143) User=0.02s Sys=0.00s Real=0.02s
[2023-11-16T17:45:28.989+0000][gc,start      ] GC(144) Pause Young (Concurrent Start) (G1 Evacuation Pause)
[2023-11-16T17:45:28.989+0000][gc,task       ] GC(144) Using 2 workers of 2 for evacuation
[2023-11-16T17:45:29.005+0000][gc,phases     ] GC(144)   Pre Evacuate Collection Set: 0.2ms
[2023-11-16T17:45:29.005+0000][gc,phases     ] GC(144)   Evacuate Collection Set: 14.9ms
[2023-11-16T17:45:29.005+0000][gc,phases     ] GC(144)   Post Evacuate Collection Set: 0.4ms
[2023-11-16T17:45:29.005+0000][gc,phases     ] GC(144)   Other: 0.3ms
[2023-11-16T17:45:29.005+0000][gc,heap       ] GC(144) Eden regions: 27->0(28)
[2023-11-16T17:45:29.005+0000][gc,heap       ] GC(144) Survivor regions: 3->3(4)
[2023-11-16T17:45:29.005+0000][gc,heap       ] GC(144) Old regions: 50->51
[2023-11-16T17:45:29.005+0000][gc,heap       ] GC(144) Humongous regions: 147->147
[2023-11-16T17:45:29.005+0000][gc,metaspace  ] GC(144) Metaspace: 44049K(46592K)->44049K(46592K) NonClass: 38856K(40192K)->38856K(40192K) Class: 5192K(6400K)->5192K(6400K)
[2023-11-16T17:45:29.005+0000][gc            ] GC(144) Pause Young (Concurrent Start) (G1 Evacuation Pause) 225M->199M(512M) 15.897ms
[2023-11-16T17:45:29.005+0000][gc,cpu        ] GC(144) User=0.03s Sys=0.00s Real=0.01s
[2023-11-16T17:45:29.005+0000][gc            ] GC(145) Concurrent Cycle
[2023-11-16T17:45:29.005+0000][gc,marking    ] GC(145) Concurrent Clear Claimed Marks
[2023-11-16T17:45:29.005+0000][gc,marking    ] GC(145) Concurrent Clear Claimed Marks 0.242ms
[2023-11-16T17:45:29.005+0000][gc,marking    ] GC(145) Concurrent Scan Root Regions
[2023-11-16T17:45:29.009+0000][gc,marking    ] GC(145) Concurrent Scan Root Regions 4.316ms
[2023-11-16T17:45:29.009+0000][gc,marking    ] GC(145) Concurrent Mark (9641.610s)
[2023-11-16T17:45:29.009+0000][gc,marking    ] GC(145) Concurrent Mark From Roots
[2023-11-16T17:45:29.009+0000][gc,task       ] GC(145) Using 1 workers of 1 for marking
[2023-11-16T17:45:29.047+0000][gc,marking    ] GC(145) Concurrent Mark From Roots 37.354ms
[2023-11-16T17:45:29.047+0000][gc,marking    ] GC(145) Concurrent Preclean
[2023-11-16T17:45:29.047+0000][gc,marking    ] GC(145) Concurrent Preclean 0.174ms
[2023-11-16T17:45:29.047+0000][gc,marking    ] GC(145) Concurrent Mark (9641.610s, 9641.648s) 37.607ms
[2023-11-16T17:45:29.047+0000][gc,start      ] GC(145) Pause Remark
[2023-11-16T17:45:29.058+0000][gc,stringtable] GC(145) Cleaned string and symbol table, strings: 12710 processed, 0 removed, symbols: 92861 processed, 0 removed
[2023-11-16T17:45:29.059+0000][gc            ] GC(145) Pause Remark 199M->199M(512M) 11.519ms
[2023-11-16T17:45:29.059+0000][gc,cpu        ] GC(145) User=0.02s Sys=0.00s Real=0.01s
[2023-11-16T17:45:29.059+0000][gc,marking    ] GC(145) Concurrent Rebuild Remembered Sets
[2023-11-16T17:45:29.083+0000][gc,marking    ] GC(145) Concurrent Rebuild Remembered Sets 24.636ms
[2023-11-16T17:45:29.084+0000][gc,start      ] GC(145) Pause Cleanup
[2023-11-16T17:45:29.084+0000][gc            ] GC(145) Pause Cleanup 200M->200M(512M) 0.269ms
[2023-11-16T17:45:29.084+0000][gc,cpu        ] GC(145) User=0.00s Sys=0.00s Real=0.00s
[2023-11-16T17:45:29.084+0000][gc,marking    ] GC(145) Concurrent Cleanup for Next Mark
[2023-11-16T17:45:29.086+0000][gc,marking    ] GC(145) Concurrent Cleanup for Next Mark 1.537ms
[2023-11-16T17:45:29.086+0000][gc            ] GC(145) Concurrent Cycle 80.917ms
[2023-11-16T17:47:15.628+0000][gc,start      ] GC(146) Pause Young (Prepare Mixed) (G1 Evacuation Pause)
[2023-11-16T17:47:15.628+0000][gc,task       ] GC(146) Using 2 workers of 2 for evacuation
[2023-11-16T17:47:15.640+0000][gc,phases     ] GC(146)   Pre Evacuate Collection Set: 0.0ms
[2023-11-16T17:47:15.640+0000][gc,phases     ] GC(146)   Evacuate Collection Set: 11.1ms
[2023-11-16T17:47:15.640+0000][gc,phases     ] GC(146)   Post Evacuate Collection Set: 0.4ms
[2023-11-16T17:47:15.640+0000][gc,phases     ] GC(146)   Other: 0.9ms
[2023-11-16T17:47:15.640+0000][gc,heap       ] GC(146) Eden regions: 27->0(23)
[2023-11-16T17:47:15.640+0000][gc,heap       ] GC(146) Survivor regions: 3->2(4)
[2023-11-16T17:47:15.640+0000][gc,heap       ] GC(146) Old regions: 51->53
[2023-11-16T17:47:15.640+0000][gc,heap       ] GC(146) Humongous regions: 147->147
[2023-11-16T17:47:15.640+0000][gc,metaspace  ] GC(146) Metaspace: 44049K(46592K)->44049K(46592K) NonClass: 38856K(40192K)->38856K(40192K) Class: 5192K(6400K)->5192K(6400K)
[2023-11-16T17:47:15.640+0000][gc            ] GC(146) Pause Young (Prepare Mixed) (G1 Evacuation Pause) 226M->199M(512M) 12.193ms
[2023-11-16T17:47:15.640+0000][gc,cpu        ] GC(146) User=0.02s Sys=0.00s Real=0.01s
[2023-11-16T17:48:46.783+0000][gc,start      ] GC(147) Pause Young (Mixed) (G1 Evacuation Pause)
[2023-11-16T17:48:46.783+0000][gc,task       ] GC(147) Using 2 workers of 2 for evacuation
[2023-11-16T17:48:46.802+0000][gc,phases     ] GC(147)   Pre Evacuate Collection Set: 0.0ms
[2023-11-16T17:48:46.802+0000][gc,phases     ] GC(147)   Evacuate Collection Set: 18.0ms
[2023-11-16T17:48:46.802+0000][gc,phases     ] GC(147)   Post Evacuate Collection Set: 0.4ms
[2023-11-16T17:48:46.802+0000][gc,phases     ] GC(147)   Other: 0.3ms
[2023-11-16T17:48:46.802+0000][gc,heap       ] GC(147) Eden regions: 23->0(30)
[2023-11-16T17:48:46.802+0000][gc,heap       ] GC(147) Survivor regions: 2->4(4)
[2023-11-16T17:48:46.802+0000][gc,heap       ] GC(147) Old regions: 53->48
[2023-11-16T17:48:46.802+0000][gc,heap       ] GC(147) Humongous regions: 147->147
[2023-11-16T17:48:46.802+0000][gc,metaspace  ] GC(147) Metaspace: 44049K(46592K)->44049K(46592K) NonClass: 38856K(40192K)->38856K(40192K) Class: 5192K(6400K)->5192K(6400K)
[2023-11-16T17:48:46.802+0000][gc            ] GC(147) Pause Young (Mixed) (G1 Evacuation Pause) 222M->197M(512M) 18.844ms
[2023-11-16T17:48:46.802+0000][gc,cpu        ] GC(147) User=0.03s Sys=0.00s Real=0.02s
[2023-11-16T17:50:43.987+0000][gc,start      ] GC(148) Pause Young (Concurrent Start) (G1 Evacuation Pause)
[2023-11-16T17:50:43.987+0000][gc,task       ] GC(148) Using 2 workers of 2 for evacuation
[2023-11-16T17:50:44.001+0000][gc,phases     ] GC(148)   Pre Evacuate Collection Set: 0.2ms
[2023-11-16T17:50:44.001+0000][gc,phases     ] GC(148)   Evacuate Collection Set: 12.8ms
[2023-11-16T17:50:44.001+0000][gc,phases     ] GC(148)   Post Evacuate Collection Set: 0.3ms
[2023-11-16T17:50:44.001+0000][gc,phases     ] GC(148)   Other: 0.2ms
[2023-11-16T17:50:44.001+0000][gc,heap       ] GC(148) Eden regions: 30->0(31)
[2023-11-16T17:50:44.001+0000][gc,heap       ] GC(148) Survivor regions: 4->3(5)
[2023-11-16T17:50:44.001+0000][gc,heap       ] GC(148) Old regions: 48->50
[2023-11-16T17:50:44.001+0000][gc,heap       ] GC(148) Humongous regions: 147->147
[2023-11-16T17:50:44.001+0000][gc,metaspace  ] GC(148) Metaspace: 44049K(46592K)->44049K(46592K) NonClass: 38856K(40192K)->38856K(40192K) Class: 5192K(6400K)->5192K(6400K)
[2023-11-16T17:50:44.001+0000][gc            ] GC(148) Pause Young (Concurrent Start) (G1 Evacuation Pause) 227M->198M(512M) 13.689ms
[2023-11-16T17:50:44.001+0000][gc,cpu        ] GC(148) User=0.02s Sys=0.00s Real=0.01s
[2023-11-16T17:50:44.001+0000][gc            ] GC(149) Concurrent Cycle
[2023-11-16T17:50:44.001+0000][gc,marking    ] GC(149) Concurrent Clear Claimed Marks
[2023-11-16T17:50:44.001+0000][gc,marking    ] GC(149) Concurrent Clear Claimed Marks 0.206ms
[2023-11-16T17:50:44.001+0000][gc,marking    ] GC(149) Concurrent Scan Root Regions
[2023-11-16T17:50:44.005+0000][gc,marking    ] GC(149) Concurrent Scan Root Regions 3.442ms
[2023-11-16T17:50:44.005+0000][gc,marking    ] GC(149) Concurrent Mark (9956.606s)
[2023-11-16T17:50:44.005+0000][gc,marking    ] GC(149) Concurrent Mark From Roots
[2023-11-16T17:50:44.005+0000][gc,task       ] GC(149) Using 1 workers of 1 for marking
[2023-11-16T17:50:44.041+0000][gc,marking    ] GC(149) Concurrent Mark From Roots 36.139ms
[2023-11-16T17:50:44.041+0000][gc,marking    ] GC(149) Concurrent Preclean
[2023-11-16T17:50:44.041+0000][gc,marking    ] GC(149) Concurrent Preclean 0.169ms
[2023-11-16T17:50:44.041+0000][gc,marking    ] GC(149) Concurrent Mark (9956.606s, 9956.642s) 36.364ms
[2023-11-16T17:50:44.041+0000][gc,start      ] GC(149) Pause Remark
[2023-11-16T17:50:44.056+0000][gc,stringtable] GC(149) Cleaned string and symbol table, strings: 12710 processed, 0 removed, symbols: 92861 processed, 0 removed
[2023-11-16T17:50:44.056+0000][gc            ] GC(149) Pause Remark 198M->198M(512M) 14.485ms
[2023-11-16T17:50:44.056+0000][gc,cpu        ] GC(149) User=0.02s Sys=0.00s Real=0.02s
[2023-11-16T17:50:44.056+0000][gc,marking    ] GC(149) Concurrent Rebuild Remembered Sets
[2023-11-16T17:50:44.076+0000][gc,marking    ] GC(149) Concurrent Rebuild Remembered Sets 20.539ms
[2023-11-16T17:50:44.077+0000][gc,start      ] GC(149) Pause Cleanup
[2023-11-16T17:50:44.077+0000][gc            ] GC(149) Pause Cleanup 198M->198M(512M) 0.182ms
[2023-11-16T17:50:44.077+0000][gc,cpu        ] GC(149) User=0.00s Sys=0.00s Real=0.00s
[2023-11-16T17:50:44.077+0000][gc,marking    ] GC(149) Concurrent Cleanup for Next Mark
[2023-11-16T17:50:44.078+0000][gc,marking    ] GC(149) Concurrent Cleanup for Next Mark 1.371ms
[2023-11-16T17:50:44.078+0000][gc            ] GC(149) Concurrent Cycle 77.310ms
[2023-11-16T17:52:42.692+0000][gc,start      ] GC(150) Pause Young (Prepare Mixed) (G1 Evacuation Pause)
[2023-11-16T17:52:42.692+0000][gc,task       ] GC(150) Using 2 workers of 2 for evacuation
[2023-11-16T17:52:42.703+0000][gc,phases     ] GC(150)   Pre Evacuate Collection Set: 0.0ms
[2023-11-16T17:52:42.703+0000][gc,phases     ] GC(150)   Evacuate Collection Set: 10.8ms
[2023-11-16T17:52:42.703+0000][gc,phases     ] GC(150)   Post Evacuate Collection Set: 0.3ms
[2023-11-16T17:52:42.703+0000][gc,phases     ] GC(150)   Other: 0.2ms
[2023-11-16T17:52:42.703+0000][gc,heap       ] GC(150) Eden regions: 30->0(23)
[2023-11-16T17:52:42.703+0000][gc,heap       ] GC(150) Survivor regions: 3->2(5)
[2023-11-16T17:52:42.703+0000][gc,heap       ] GC(150) Old regions: 50->52
[2023-11-16T17:52:42.703+0000][gc,heap       ] GC(150) Humongous regions: 147->147
[2023-11-16T17:52:42.703+0000][gc,metaspace  ] GC(150) Metaspace: 44050K(46592K)->44050K(46592K) NonClass: 38857K(40192K)->38857K(40192K) Class: 5192K(6400K)->5192K(6400K)
[2023-11-16T17:52:42.703+0000][gc            ] GC(150) Pause Young (Prepare Mixed) (G1 Evacuation Pause) 228M->198M(512M) 11.513ms
[2023-11-16T17:52:42.703+0000][gc,cpu        ] GC(150) User=0.02s Sys=0.00s Real=0.01s
[2023-11-16T17:54:13.135+0000][gc,start      ] GC(151) Pause Young (Mixed) (G1 Evacuation Pause)
[2023-11-16T17:54:13.135+0000][gc,task       ] GC(151) Using 2 workers of 2 for evacuation
[2023-11-16T17:54:13.148+0000][gc,phases     ] GC(151)   Pre Evacuate Collection Set: 0.0ms
[2023-11-16T17:54:13.148+0000][gc,phases     ] GC(151)   Evacuate Collection Set: 12.3ms
[2023-11-16T17:54:13.148+0000][gc,phases     ] GC(151)   Post Evacuate Collection Set: 0.4ms
[2023-11-16T17:54:13.148+0000][gc,phases     ] GC(151)   Other: 0.2ms
[2023-11-16T17:54:13.148+0000][gc,heap       ] GC(151) Eden regions: 23->0(34)
[2023-11-16T17:54:13.148+0000][gc,heap       ] GC(151) Survivor regions: 2->4(4)
[2023-11-16T17:54:13.148+0000][gc,heap       ] GC(151) Old regions: 52->48
[2023-11-16T17:54:13.148+0000][gc,heap       ] GC(151) Humongous regions: 147->147
[2023-11-16T17:54:13.148+0000][gc,metaspace  ] GC(151) Metaspace: 44052K(46592K)->44052K(46592K) NonClass: 38859K(40192K)->38859K(40192K) Class: 5192K(6400K)->5192K(6400K)
[2023-11-16T17:54:13.148+0000][gc            ] GC(151) Pause Young (Mixed) (G1 Evacuation Pause) 221M->197M(512M) 12.988ms
[2023-11-16T17:54:13.148+0000][gc,cpu        ] GC(151) User=0.03s Sys=0.00s Real=0.01s
[2023-11-16T17:56:26.590+0000][gc,start      ] GC(152) Pause Young (Concurrent Start) (G1 Evacuation Pause)
[2023-11-16T17:56:26.590+0000][gc,task       ] GC(152) Using 2 workers of 2 for evacuation
[2023-11-16T17:56:26.606+0000][gc,phases     ] GC(152)   Pre Evacuate Collection Set: 0.2ms
[2023-11-16T17:56:26.606+0000][gc,phases     ] GC(152)   Evacuate Collection Set: 15.5ms
[2023-11-16T17:56:26.606+0000][gc,phases     ] GC(152)   Post Evacuate Collection Set: 0.3ms
[2023-11-16T17:56:26.606+0000][gc,phases     ] GC(152)   Other: 0.3ms
[2023-11-16T17:56:26.606+0000][gc,heap       ] GC(152) Eden regions: 34->0(33)
[2023-11-16T17:56:26.606+0000][gc,heap       ] GC(152) Survivor regions: 4->3(5)
[2023-11-16T17:56:26.606+0000][gc,heap       ] GC(152) Old regions: 48->50
[2023-11-16T17:56:26.606+0000][gc,heap       ] GC(152) Humongous regions: 147->147
[2023-11-16T17:56:26.606+0000][gc,metaspace  ] GC(152) Metaspace: 44052K(46592K)->44052K(46592K) NonClass: 38860K(40192K)->38860K(40192K) Class: 5192K(6400K)->5192K(6400K)
[2023-11-16T17:56:26.606+0000][gc            ] GC(152) Pause Young (Concurrent Start) (G1 Evacuation Pause) 231M->198M(512M) 16.324ms
[2023-11-16T17:56:26.606+0000][gc,cpu        ] GC(152) User=0.03s Sys=0.00s Real=0.02s
[2023-11-16T17:56:26.606+0000][gc            ] GC(153) Concurrent Cycle
[2023-11-16T17:56:26.606+0000][gc,marking    ] GC(153) Concurrent Clear Claimed Marks
[2023-11-16T17:56:26.607+0000][gc,marking    ] GC(153) Concurrent Clear Claimed Marks 0.281ms
[2023-11-16T17:56:26.607+0000][gc,marking    ] GC(153) Concurrent Scan Root Regions
[2023-11-16T17:56:26.610+0000][gc,marking    ] GC(153) Concurrent Scan Root Regions 3.361ms
[2023-11-16T17:56:26.610+0000][gc,marking    ] GC(153) Concurrent Mark (10299.211s)
[2023-11-16T17:56:26.610+0000][gc,marking    ] GC(153) Concurrent Mark From Roots
[2023-11-16T17:56:26.610+0000][gc,task       ] GC(153) Using 1 workers of 1 for marking
[2023-11-16T17:56:26.649+0000][gc,marking    ] GC(153) Concurrent Mark From Roots 38.516ms
[2023-11-16T17:56:26.649+0000][gc,marking    ] GC(153) Concurrent Preclean
[2023-11-16T17:56:26.649+0000][gc,marking    ] GC(153) Concurrent Preclean 0.170ms
[2023-11-16T17:56:26.649+0000][gc,marking    ] GC(153) Concurrent Mark (10299.211s, 10299.250s) 38.739ms
[2023-11-16T17:56:26.649+0000][gc,start      ] GC(153) Pause Remark
[2023-11-16T17:56:26.663+0000][gc,stringtable] GC(153) Cleaned string and symbol table, strings: 12718 processed, 0 removed, symbols: 92861 processed, 0 removed
[2023-11-16T17:56:26.663+0000][gc            ] GC(153) Pause Remark 198M->198M(512M) 14.131ms
[2023-11-16T17:56:26.663+0000][gc,cpu        ] GC(153) User=0.03s Sys=0.00s Real=0.01s
[2023-11-16T17:56:26.663+0000][gc,marking    ] GC(153) Concurrent Rebuild Remembered Sets
[2023-11-16T17:56:26.689+0000][gc,marking    ] GC(153) Concurrent Rebuild Remembered Sets 25.554ms
[2023-11-16T17:56:26.689+0000][gc,start      ] GC(153) Pause Cleanup
[2023-11-16T17:56:26.689+0000][gc            ] GC(153) Pause Cleanup 198M->198M(512M) 0.153ms
[2023-11-16T17:56:26.689+0000][gc,cpu        ] GC(153) User=0.00s Sys=0.00s Real=0.00s
[2023-11-16T17:56:26.689+0000][gc,marking    ] GC(153) Concurrent Cleanup for Next Mark
[2023-11-16T17:56:26.691+0000][gc,marking    ] GC(153) Concurrent Cleanup for Next Mark 1.518ms
[2023-11-16T17:56:26.691+0000][gc            ] GC(153) Concurrent Cycle 84.430ms
[2023-11-16T17:58:29.699+0000][gc,start      ] GC(154) Pause Young (Prepare Mixed) (G1 Evacuation Pause)
[2023-11-16T17:58:29.699+0000][gc,task       ] GC(154) Using 2 workers of 2 for evacuation
[2023-11-16T17:58:29.711+0000][gc,phases     ] GC(154)   Pre Evacuate Collection Set: 0.0ms
[2023-11-16T17:58:29.711+0000][gc,phases     ] GC(154)   Evacuate Collection Set: 11.1ms
[2023-11-16T17:58:29.711+0000][gc,phases     ] GC(154)   Post Evacuate Collection Set: 0.5ms
[2023-11-16T17:58:29.711+0000][gc,phases     ] GC(154)   Other: 0.2ms
[2023-11-16T17:58:29.711+0000][gc,heap       ] GC(154) Eden regions: 31->0(22)
[2023-11-16T17:58:29.711+0000][gc,heap       ] GC(154) Survivor regions: 3->3(5)
[2023-11-16T17:58:29.711+0000][gc,heap       ] GC(154) Old regions: 50->52
[2023-11-16T17:58:29.711+0000][gc,heap       ] GC(154) Humongous regions: 147->147
[2023-11-16T17:58:29.711+0000][gc,metaspace  ] GC(154) Metaspace: 44052K(46592K)->44052K(46592K) NonClass: 38860K(40192K)->38860K(40192K) Class: 5192K(6400K)->5192K(6400K)
[2023-11-16T17:58:29.711+0000][gc            ] GC(154) Pause Young (Prepare Mixed) (G1 Evacuation Pause) 229M->199M(512M) 11.864ms
[2023-11-16T17:58:29.711+0000][gc,cpu        ] GC(154) User=0.03s Sys=0.00s Real=0.01s
[2023-11-16T17:59:56.195+0000][gc,start      ] GC(155) Pause Young (Mixed) (G1 Evacuation Pause)
[2023-11-16T17:59:56.195+0000][gc,task       ] GC(155) Using 2 workers of 2 for evacuation
[2023-11-16T17:59:56.216+0000][gc,mmu        ] GC(155) MMU target violated: 20.6ms (20.0ms/21.0ms)
[2023-11-16T17:59:56.216+0000][gc,phases     ] GC(155)   Pre Evacuate Collection Set: 0.0ms
[2023-11-16T17:59:56.216+0000][gc,phases     ] GC(155)   Evacuate Collection Set: 20.1ms
[2023-11-16T17:59:56.216+0000][gc,phases     ] GC(155)   Post Evacuate Collection Set: 0.4ms
[2023-11-16T17:59:56.216+0000][gc,phases     ] GC(155)   Other: 0.3ms
[2023-11-16T17:59:56.216+0000][gc,heap       ] GC(155) Eden regions: 22->0(33)
[2023-11-16T17:59:56.216+0000][gc,heap       ] GC(155) Survivor regions: 3->3(4)
[2023-11-16T17:59:56.216+0000][gc,heap       ] GC(155) Old regions: 52->50
[2023-11-16T17:59:56.216+0000][gc,heap       ] GC(155) Humongous regions: 147->147
[2023-11-16T17:59:56.216+0000][gc,metaspace  ] GC(155) Metaspace: 44054K(46592K)->44054K(46592K) NonClass: 38861K(40192K)->38861K(40192K) Class: 5192K(6400K)->5192K(6400K)
[2023-11-16T17:59:56.216+0000][gc            ] GC(155) Pause Young (Mixed) (G1 Evacuation Pause) 221M->197M(512M) 20.976ms
[2023-11-16T17:59:56.216+0000][gc,cpu        ] GC(155) User=0.04s Sys=0.00s Real=0.02s
[2023-11-16T18:02:07.067+0000][gc,start      ] GC(156) Pause Young (Concurrent Start) (G1 Evacuation Pause)
[2023-11-16T18:02:07.068+0000][gc,task       ] GC(156) Using 2 workers of 2 for evacuation
[2023-11-16T18:02:07.083+0000][gc,phases     ] GC(156)   Pre Evacuate Collection Set: 0.2ms
[2023-11-16T18:02:07.083+0000][gc,phases     ] GC(156)   Evacuate Collection Set: 14.1ms
[2023-11-16T18:02:07.083+0000][gc,phases     ] GC(156)   Post Evacuate Collection Set: 0.4ms
[2023-11-16T18:02:07.083+0000][gc,phases     ] GC(156)   Other: 0.4ms
[2023-11-16T18:02:07.083+0000][gc,heap       ] GC(156) Eden regions: 33->0(33)
[2023-11-16T18:02:07.083+0000][gc,heap       ] GC(156) Survivor regions: 3->5(5)
[2023-11-16T18:02:07.083+0000][gc,heap       ] GC(156) Old regions: 50->50
[2023-11-16T18:02:07.083+0000][gc,heap       ] GC(156) Humongous regions: 147->147
[2023-11-16T18:02:07.083+0000][gc,metaspace  ] GC(156) Metaspace: 44054K(46592K)->44054K(46592K) NonClass: 38861K(40192K)->38861K(40192K) Class: 5192K(6400K)->5192K(6400K)
[2023-11-16T18:02:07.083+0000][gc            ] GC(156) Pause Young (Concurrent Start) (G1 Evacuation Pause) 230M->199M(512M) 15.250ms
[2023-11-16T18:02:07.083+0000][gc,cpu        ] GC(156) User=0.03s Sys=0.00s Real=0.01s
[2023-11-16T18:02:07.083+0000][gc            ] GC(157) Concurrent Cycle
[2023-11-16T18:02:07.083+0000][gc,marking    ] GC(157) Concurrent Clear Claimed Marks
[2023-11-16T18:02:07.083+0000][gc,marking    ] GC(157) Concurrent Clear Claimed Marks 0.201ms
[2023-11-16T18:02:07.083+0000][gc,marking    ] GC(157) Concurrent Scan Root Regions
[2023-11-16T18:02:07.088+0000][gc,marking    ] GC(157) Concurrent Scan Root Regions 5.019ms
[2023-11-16T18:02:07.088+0000][gc,marking    ] GC(157) Concurrent Mark (10639.689s)
[2023-11-16T18:02:07.088+0000][gc,marking    ] GC(157) Concurrent Mark From Roots
[2023-11-16T18:02:07.088+0000][gc,task       ] GC(157) Using 1 workers of 1 for marking
[2023-11-16T18:02:07.139+0000][gc,marking    ] GC(157) Concurrent Mark From Roots 50.878ms
[2023-11-16T18:02:07.139+0000][gc,marking    ] GC(157) Concurrent Preclean
[2023-11-16T18:02:07.139+0000][gc,marking    ] GC(157) Concurrent Preclean 0.185ms
[2023-11-16T18:02:07.139+0000][gc,marking    ] GC(157) Concurrent Mark (10639.689s, 10639.740s) 51.124ms
[2023-11-16T18:02:07.139+0000][gc,start      ] GC(157) Pause Remark
[2023-11-16T18:02:07.155+0000][gc,stringtable] GC(157) Cleaned string and symbol table, strings: 12725 processed, 0 removed, symbols: 92861 processed, 0 removed
[2023-11-16T18:02:07.155+0000][gc            ] GC(157) Pause Remark 199M->199M(512M) 15.450ms
[2023-11-16T18:02:07.155+0000][gc,cpu        ] GC(157) User=0.03s Sys=0.00s Real=0.02s
[2023-11-16T18:02:07.155+0000][gc,marking    ] GC(157) Concurrent Rebuild Remembered Sets
[2023-11-16T18:02:07.180+0000][gc,marking    ] GC(157) Concurrent Rebuild Remembered Sets 25.444ms
[2023-11-16T18:02:07.181+0000][gc,start      ] GC(157) Pause Cleanup
[2023-11-16T18:02:07.181+0000][gc            ] GC(157) Pause Cleanup 199M->199M(512M) 0.217ms
[2023-11-16T18:02:07.181+0000][gc,cpu        ] GC(157) User=0.00s Sys=0.00s Real=0.00s
[2023-11-16T18:02:07.181+0000][gc,marking    ] GC(157) Concurrent Cleanup for Next Mark
[2023-11-16T18:02:07.182+0000][gc,marking    ] GC(157) Concurrent Cleanup for Next Mark 1.448ms
[2023-11-16T18:02:07.182+0000][gc            ] GC(157) Concurrent Cycle 99.614ms
[2023-11-16T18:04:09.352+0000][gc,start      ] GC(158) Pause Young (Prepare Mixed) (G1 Evacuation Pause)
[2023-11-16T18:04:09.352+0000][gc,task       ] GC(158) Using 2 workers of 2 for evacuation
[2023-11-16T18:04:09.366+0000][gc,phases     ] GC(158)   Pre Evacuate Collection Set: 0.0ms
[2023-11-16T18:04:09.367+0000][gc,phases     ] GC(158)   Evacuate Collection Set: 13.6ms
[2023-11-16T18:04:09.367+0000][gc,phases     ] GC(158)   Post Evacuate Collection Set: 0.3ms
[2023-11-16T18:04:09.367+0000][gc,phases     ] GC(158)   Other: 0.2ms
[2023-11-16T18:04:09.367+0000][gc,heap       ] GC(158) Eden regions: 31->0(22)
[2023-11-16T18:04:09.367+0000][gc,heap       ] GC(158) Survivor regions: 5->3(5)
[2023-11-16T18:04:09.367+0000][gc,heap       ] GC(158) Old regions: 50->52
[2023-11-16T18:04:09.367+0000][gc,heap       ] GC(158) Humongous regions: 147->147
[2023-11-16T18:04:09.367+0000][gc,metaspace  ] GC(158) Metaspace: 44054K(46592K)->44054K(46592K) NonClass: 38862K(40192K)->38862K(40192K) Class: 5192K(6400K)->5192K(6400K)
[2023-11-16T18:04:09.367+0000][gc            ] GC(158) Pause Young (Prepare Mixed) (G1 Evacuation Pause) 230M->199M(512M) 14.280ms
[2023-11-16T18:04:09.367+0000][gc,cpu        ] GC(158) User=0.03s Sys=0.00s Real=0.02s
[2023-11-16T18:05:15.400+0000][gc,start      ] GC(159) Pause Young (Mixed) (G1 Evacuation Pause)
[2023-11-16T18:05:15.400+0000][gc,task       ] GC(159) Using 2 workers of 2 for evacuation
[2023-11-16T18:05:15.421+0000][gc,mmu        ] GC(159) MMU target violated: 21.0ms (20.0ms/21.0ms)
[2023-11-16T18:05:15.422+0000][gc,phases     ] GC(159)   Pre Evacuate Collection Set: 0.0ms
[2023-11-16T18:05:15.422+0000][gc,phases     ] GC(159)   Evacuate Collection Set: 21.2ms
[2023-11-16T18:05:15.422+0000][gc,phases     ] GC(159)   Post Evacuate Collection Set: 0.4ms
[2023-11-16T18:05:15.422+0000][gc,phases     ] GC(159)   Other: 0.3ms
[2023-11-16T18:05:15.422+0000][gc,heap       ] GC(159) Eden regions: 22->0(30)
[2023-11-16T18:05:15.422+0000][gc,heap       ] GC(159) Survivor regions: 3->4(4)
[2023-11-16T18:05:15.422+0000][gc,heap       ] GC(159) Old regions: 52->51
[2023-11-16T18:05:15.422+0000][gc,heap       ] GC(159) Humongous regions: 147->147
[2023-11-16T18:05:15.422+0000][gc,metaspace  ] GC(159) Metaspace: 44061K(46592K)->44061K(46592K) NonClass: 38868K(40192K)->38868K(40192K) Class: 5192K(6400K)->5192K(6400K)
[2023-11-16T18:05:15.422+0000][gc            ] GC(159) Pause Young (Mixed) (G1 Evacuation Pause) 221M->200M(512M) 22.006ms
[2023-11-16T18:05:15.422+0000][gc,cpu        ] GC(159) User=0.05s Sys=0.00s Real=0.02s
[2023-11-16T18:07:10.166+0000][gc,start      ] GC(160) Pause Young (Concurrent Start) (G1 Evacuation Pause)
[2023-11-16T18:07:10.167+0000][gc,task       ] GC(160) Using 2 workers of 2 for evacuation
[2023-11-16T18:07:10.183+0000][gc,phases     ] GC(160)   Pre Evacuate Collection Set: 0.2ms
[2023-11-16T18:07:10.183+0000][gc,phases     ] GC(160)   Evacuate Collection Set: 15.9ms
[2023-11-16T18:07:10.183+0000][gc,phases     ] GC(160)   Post Evacuate Collection Set: 0.4ms
[2023-11-16T18:07:10.183+0000][gc,phases     ] GC(160)   Other: 0.3ms
[2023-11-16T18:07:10.183+0000][gc,heap       ] GC(160) Eden regions: 30->0(29)
[2023-11-16T18:07:10.183+0000][gc,heap       ] GC(160) Survivor regions: 4->3(5)
[2023-11-16T18:07:10.183+0000][gc,heap       ] GC(160) Old regions: 51->54
[2023-11-16T18:07:10.183+0000][gc,heap       ] GC(160) Humongous regions: 147->147
[2023-11-16T18:07:10.183+0000][gc,metaspace  ] GC(160) Metaspace: 44064K(46592K)->44064K(46592K) NonClass: 38869K(40192K)->38869K(40192K) Class: 5195K(6400K)->5195K(6400K)
[2023-11-16T18:07:10.183+0000][gc            ] GC(160) Pause Young (Concurrent Start) (G1 Evacuation Pause) 230M->202M(512M) 16.916ms
[2023-11-16T18:07:10.183+0000][gc,cpu        ] GC(160) User=0.03s Sys=0.00s Real=0.01s
[2023-11-16T18:07:10.183+0000][gc            ] GC(161) Concurrent Cycle
[2023-11-16T18:07:10.183+0000][gc,marking    ] GC(161) Concurrent Clear Claimed Marks
[2023-11-16T18:07:10.184+0000][gc,marking    ] GC(161) Concurrent Clear Claimed Marks 0.201ms
[2023-11-16T18:07:10.184+0000][gc,marking    ] GC(161) Concurrent Scan Root Regions
[2023-11-16T18:07:10.195+0000][gc,marking    ] GC(161) Concurrent Scan Root Regions 10.494ms
[2023-11-16T18:07:10.195+0000][gc,marking    ] GC(161) Concurrent Mark (10942.796s)
[2023-11-16T18:07:10.195+0000][gc,marking    ] GC(161) Concurrent Mark From Roots
[2023-11-16T18:07:10.195+0000][gc,task       ] GC(161) Using 1 workers of 1 for marking
[2023-11-16T18:07:10.234+0000][gc,marking    ] GC(161) Concurrent Mark From Roots 39.424ms
[2023-11-16T18:07:10.234+0000][gc,marking    ] GC(161) Concurrent Preclean
[2023-11-16T18:07:10.234+0000][gc,marking    ] GC(161) Concurrent Preclean 0.170ms
[2023-11-16T18:07:10.234+0000][gc,marking    ] GC(161) Concurrent Mark (10942.796s, 10942.835s) 39.649ms
[2023-11-16T18:07:10.235+0000][gc,start      ] GC(161) Pause Remark
[2023-11-16T18:07:10.249+0000][gc,stringtable] GC(161) Cleaned string and symbol table, strings: 12734 processed, 0 removed, symbols: 92863 processed, 0 removed
[2023-11-16T18:07:10.250+0000][gc            ] GC(161) Pause Remark 202M->199M(512M) 14.957ms
[2023-11-16T18:07:10.250+0000][gc,cpu        ] GC(161) User=0.03s Sys=0.00s Real=0.01s
[2023-11-16T18:07:10.250+0000][gc,marking    ] GC(161) Concurrent Rebuild Remembered Sets
[2023-11-16T18:07:10.279+0000][gc,marking    ] GC(161) Concurrent Rebuild Remembered Sets 28.958ms
[2023-11-16T18:07:10.279+0000][gc,start      ] GC(161) Pause Cleanup
[2023-11-16T18:07:10.279+0000][gc            ] GC(161) Pause Cleanup 199M->199M(512M) 0.173ms
[2023-11-16T18:07:10.279+0000][gc,cpu        ] GC(161) User=0.01s Sys=0.00s Real=0.00s
[2023-11-16T18:07:10.279+0000][gc,marking    ] GC(161) Concurrent Cleanup for Next Mark
[2023-11-16T18:07:10.282+0000][gc,marking    ] GC(161) Concurrent Cleanup for Next Mark 2.735ms
[2023-11-16T18:07:10.282+0000][gc            ] GC(161) Concurrent Cycle 98.607ms
[2023-11-16T18:09:05.372+0000][gc,start      ] GC(162) Pause Young (Prepare Mixed) (G1 Evacuation Pause)
[2023-11-16T18:09:05.372+0000][gc,task       ] GC(162) Using 2 workers of 2 for evacuation
[2023-11-16T18:09:05.383+0000][gc,phases     ] GC(162)   Pre Evacuate Collection Set: 0.0ms
[2023-11-16T18:09:05.383+0000][gc,phases     ] GC(162)   Evacuate Collection Set: 9.4ms
[2023-11-16T18:09:05.383+0000][gc,phases     ] GC(162)   Post Evacuate Collection Set: 0.7ms
[2023-11-16T18:09:05.383+0000][gc,phases     ] GC(162)   Other: 0.2ms
[2023-11-16T18:09:05.383+0000][gc,heap       ] GC(162) Eden regions: 29->0(23)
[2023-11-16T18:09:05.383+0000][gc,heap       ] GC(162) Survivor regions: 3->2(4)
[2023-11-16T18:09:05.383+0000][gc,heap       ] GC(162) Old regions: 51->53
[2023-11-16T18:09:05.383+0000][gc,heap       ] GC(162) Humongous regions: 147->147
[2023-11-16T18:09:05.383+0000][gc,metaspace  ] GC(162) Metaspace: 44067K(46592K)->44067K(46592K) NonClass: 38872K(40192K)->38872K(40192K) Class: 5195K(6400K)->5195K(6400K)
[2023-11-16T18:09:05.383+0000][gc            ] GC(162) Pause Young (Prepare Mixed) (G1 Evacuation Pause) 228M->199M(512M) 10.428ms
[2023-11-16T18:09:05.383+0000][gc,cpu        ] GC(162) User=0.02s Sys=0.00s Real=0.01s
[2023-11-16T18:10:35.035+0000][gc,start      ] GC(163) Pause Young (Mixed) (G1 Evacuation Pause)
[2023-11-16T18:10:35.036+0000][gc,task       ] GC(163) Using 2 workers of 2 for evacuation
[2023-11-16T18:10:35.054+0000][gc,phases     ] GC(163)   Pre Evacuate Collection Set: 0.1ms
[2023-11-16T18:10:35.054+0000][gc,phases     ] GC(163)   Evacuate Collection Set: 17.9ms
[2023-11-16T18:10:35.054+0000][gc,phases     ] GC(163)   Post Evacuate Collection Set: 0.5ms
[2023-11-16T18:10:35.054+0000][gc,phases     ] GC(163)   Other: 0.3ms
[2023-11-16T18:10:35.054+0000][gc,heap       ] GC(163) Eden regions: 23->0(30)
[2023-11-16T18:10:35.054+0000][gc,heap       ] GC(163) Survivor regions: 2->4(4)
[2023-11-16T18:10:35.054+0000][gc,heap       ] GC(163) Old regions: 53->48
[2023-11-16T18:10:35.054+0000][gc,heap       ] GC(163) Humongous regions: 147->147
[2023-11-16T18:10:35.054+0000][gc,metaspace  ] GC(163) Metaspace: 44067K(46592K)->44067K(46592K) NonClass: 38872K(40192K)->38872K(40192K) Class: 5195K(6400K)->5195K(6400K)
[2023-11-16T18:10:35.055+0000][gc            ] GC(163) Pause Young (Mixed) (G1 Evacuation Pause) 222M->197M(512M) 19.601ms
[2023-11-16T18:10:35.055+0000][gc,cpu        ] GC(163) User=0.04s Sys=0.00s Real=0.02s
[2023-11-16T18:12:33.348+0000][gc,start      ] GC(164) Pause Young (Concurrent Start) (G1 Evacuation Pause)
[2023-11-16T18:12:33.348+0000][gc,task       ] GC(164) Using 2 workers of 2 for evacuation
[2023-11-16T18:12:33.360+0000][gc,phases     ] GC(164)   Pre Evacuate Collection Set: 0.2ms
[2023-11-16T18:12:33.360+0000][gc,phases     ] GC(164)   Evacuate Collection Set: 11.7ms
[2023-11-16T18:12:33.360+0000][gc,phases     ] GC(164)   Post Evacuate Collection Set: 0.4ms
[2023-11-16T18:12:33.360+0000][gc,phases     ] GC(164)   Other: 0.3ms
[2023-11-16T18:12:33.360+0000][gc,heap       ] GC(164) Eden regions: 30->0(31)
[2023-11-16T18:12:33.360+0000][gc,heap       ] GC(164) Survivor regions: 4->3(5)
[2023-11-16T18:12:33.360+0000][gc,heap       ] GC(164) Old regions: 48->51
[2023-11-16T18:12:33.360+0000][gc,heap       ] GC(164) Humongous regions: 147->147
[2023-11-16T18:12:33.360+0000][gc,metaspace  ] GC(164) Metaspace: 44067K(46592K)->44067K(46592K) NonClass: 38872K(40192K)->38872K(40192K) Class: 5195K(6400K)->5195K(6400K)
[2023-11-16T18:12:33.360+0000][gc            ] GC(164) Pause Young (Concurrent Start) (G1 Evacuation Pause) 227M->198M(512M) 12.684ms
[2023-11-16T18:12:33.360+0000][gc,cpu        ] GC(164) User=0.03s Sys=0.00s Real=0.01s
[2023-11-16T18:12:33.360+0000][gc            ] GC(165) Concurrent Cycle
[2023-11-16T18:12:33.360+0000][gc,marking    ] GC(165) Concurrent Clear Claimed Marks
[2023-11-16T18:12:33.361+0000][gc,marking    ] GC(165) Concurrent Clear Claimed Marks 0.186ms
[2023-11-16T18:12:33.361+0000][gc,marking    ] GC(165) Concurrent Scan Root Regions
[2023-11-16T18:12:33.364+0000][gc,marking    ] GC(165) Concurrent Scan Root Regions 3.314ms
[2023-11-16T18:12:33.364+0000][gc,marking    ] GC(165) Concurrent Mark (11265.965s)
[2023-11-16T18:12:33.364+0000][gc,marking    ] GC(165) Concurrent Mark From Roots
[2023-11-16T18:12:33.364+0000][gc,task       ] GC(165) Using 1 workers of 1 for marking
[2023-11-16T18:12:33.396+0000][gc,marking    ] GC(165) Concurrent Mark From Roots 32.072ms
[2023-11-16T18:12:33.396+0000][gc,marking    ] GC(165) Concurrent Preclean
[2023-11-16T18:12:33.396+0000][gc,marking    ] GC(165) Concurrent Preclean 0.174ms
[2023-11-16T18:12:33.396+0000][gc,marking    ] GC(165) Concurrent Mark (11265.965s, 11265.997s) 32.302ms
[2023-11-16T18:12:33.397+0000][gc,start      ] GC(165) Pause Remark
[2023-11-16T18:12:33.410+0000][gc,stringtable] GC(165) Cleaned string and symbol table, strings: 12734 processed, 4 removed, symbols: 92863 processed, 0 removed
[2023-11-16T18:12:33.410+0000][gc            ] GC(165) Pause Remark 198M->197M(512M) 13.704ms
[2023-11-16T18:12:33.410+0000][gc,cpu        ] GC(165) User=0.03s Sys=0.00s Real=0.01s
[2023-11-16T18:12:33.410+0000][gc,marking    ] GC(165) Concurrent Rebuild Remembered Sets
[2023-11-16T18:12:33.430+0000][gc,marking    ] GC(165) Concurrent Rebuild Remembered Sets 20.029ms
[2023-11-16T18:12:33.431+0000][gc,start      ] GC(165) Pause Cleanup
[2023-11-16T18:12:33.431+0000][gc            ] GC(165) Pause Cleanup 197M->197M(512M) 0.172ms
[2023-11-16T18:12:33.431+0000][gc,cpu        ] GC(165) User=0.00s Sys=0.00s Real=0.00s
[2023-11-16T18:12:33.431+0000][gc,marking    ] GC(165) Concurrent Cleanup for Next Mark
[2023-11-16T18:12:33.432+0000][gc,marking    ] GC(165) Concurrent Cleanup for Next Mark 1.385ms
[2023-11-16T18:12:33.432+0000][gc            ] GC(165) Concurrent Cycle 71.727ms
[2023-11-16T18:14:35.433+0000][gc,start      ] GC(166) Pause Young (Prepare Mixed) (G1 Evacuation Pause)
[2023-11-16T18:14:35.433+0000][gc,task       ] GC(166) Using 2 workers of 2 for evacuation
[2023-11-16T18:14:35.443+0000][gc,phases     ] GC(166)   Pre Evacuate Collection Set: 0.0ms
[2023-11-16T18:14:35.443+0000][gc,phases     ] GC(166)   Evacuate Collection Set: 9.4ms
[2023-11-16T18:14:35.443+0000][gc,phases     ] GC(166)   Post Evacuate Collection Set: 0.3ms
[2023-11-16T18:14:35.443+0000][gc,phases     ] GC(166)   Other: 0.3ms
[2023-11-16T18:14:35.443+0000][gc,heap       ] GC(166) Eden regions: 31->0(22)
[2023-11-16T18:14:35.443+0000][gc,heap       ] GC(166) Survivor regions: 3->3(5)
[2023-11-16T18:14:35.443+0000][gc,heap       ] GC(166) Old regions: 50->50
[2023-11-16T18:14:35.443+0000][gc,heap       ] GC(166) Humongous regions: 147->147
[2023-11-16T18:14:35.443+0000][gc,metaspace  ] GC(166) Metaspace: 44068K(46592K)->44068K(46592K) NonClass: 38873K(40192K)->38873K(40192K) Class: 5195K(6400K)->5195K(6400K)
[2023-11-16T18:14:35.443+0000][gc            ] GC(166) Pause Young (Prepare Mixed) (G1 Evacuation Pause) 228M->197M(512M) 10.210ms
[2023-11-16T18:14:35.443+0000][gc,cpu        ] GC(166) User=0.02s Sys=0.00s Real=0.01s
[2023-11-16T18:16:01.586+0000][gc,start      ] GC(167) Pause Young (Mixed) (G1 Evacuation Pause)
[2023-11-16T18:16:01.586+0000][gc,task       ] GC(167) Using 2 workers of 2 for evacuation
[2023-11-16T18:16:01.606+0000][gc,mmu        ] GC(167) MMU target violated: 20.3ms (20.0ms/21.0ms)
[2023-11-16T18:16:01.606+0000][gc,phases     ] GC(167)   Pre Evacuate Collection Set: 0.0ms
[2023-11-16T18:16:01.606+0000][gc,phases     ] GC(167)   Evacuate Collection Set: 19.9ms
[2023-11-16T18:16:01.606+0000][gc,phases     ] GC(167)   Post Evacuate Collection Set: 0.3ms
[2023-11-16T18:16:01.606+0000][gc,phases     ] GC(167)   Other: 0.3ms
[2023-11-16T18:16:01.606+0000][gc,heap       ] GC(167) Eden regions: 22->0(31)
[2023-11-16T18:16:01.606+0000][gc,heap       ] GC(167) Survivor regions: 3->4(4)
[2023-11-16T18:16:01.606+0000][gc,heap       ] GC(167) Old regions: 50->48
[2023-11-16T18:16:01.606+0000][gc,heap       ] GC(167) Humongous regions: 147->147
[2023-11-16T18:16:01.606+0000][gc,metaspace  ] GC(167) Metaspace: 44068K(46592K)->44068K(46592K) NonClass: 38873K(40192K)->38873K(40192K) Class: 5195K(6400K)->5195K(6400K)
[2023-11-16T18:16:01.606+0000][gc            ] GC(167) Pause Young (Mixed) (G1 Evacuation Pause) 219M->197M(512M) 20.578ms
[2023-11-16T18:16:01.606+0000][gc,cpu        ] GC(167) User=0.04s Sys=0.00s Real=0.02s
[2023-11-16T18:18:04.003+0000][gc,start      ] GC(168) Pause Young (Concurrent Start) (G1 Evacuation Pause)
[2023-11-16T18:18:04.003+0000][gc,task       ] GC(168) Using 2 workers of 2 for evacuation
[2023-11-16T18:18:04.016+0000][gc,phases     ] GC(168)   Pre Evacuate Collection Set: 0.2ms
[2023-11-16T18:18:04.016+0000][gc,phases     ] GC(168)   Evacuate Collection Set: 11.6ms
[2023-11-16T18:18:04.016+0000][gc,phases     ] GC(168)   Post Evacuate Collection Set: 0.4ms
[2023-11-16T18:18:04.016+0000][gc,phases     ] GC(168)   Other: 0.2ms
[2023-11-16T18:18:04.016+0000][gc,heap       ] GC(168) Eden regions: 31->0(32)
[2023-11-16T18:18:04.016+0000][gc,heap       ] GC(168) Survivor regions: 4->4(5)
[2023-11-16T18:18:04.016+0000][gc,heap       ] GC(168) Old regions: 48->49
[2023-11-16T18:18:04.016+0000][gc,heap       ] GC(168) Humongous regions: 147->147
[2023-11-16T18:18:04.016+0000][gc,metaspace  ] GC(168) Metaspace: 44068K(46592K)->44068K(46592K) NonClass: 38873K(40192K)->38873K(40192K) Class: 5195K(6400K)->5195K(6400K)
[2023-11-16T18:18:04.016+0000][gc            ] GC(168) Pause Young (Concurrent Start) (G1 Evacuation Pause) 228M->197M(512M) 12.525ms
[2023-11-16T18:18:04.016+0000][gc,cpu        ] GC(168) User=0.02s Sys=0.00s Real=0.02s
[2023-11-16T18:18:04.016+0000][gc            ] GC(169) Concurrent Cycle
[2023-11-16T18:18:04.016+0000][gc,marking    ] GC(169) Concurrent Clear Claimed Marks
[2023-11-16T18:18:04.016+0000][gc,marking    ] GC(169) Concurrent Clear Claimed Marks 0.210ms
[2023-11-16T18:18:04.016+0000][gc,marking    ] GC(169) Concurrent Scan Root Regions
[2023-11-16T18:18:04.020+0000][gc,marking    ] GC(169) Concurrent Scan Root Regions 3.945ms
[2023-11-16T18:18:04.020+0000][gc,marking    ] GC(169) Concurrent Mark (11596.621s)
[2023-11-16T18:18:04.020+0000][gc,marking    ] GC(169) Concurrent Mark From Roots
[2023-11-16T18:18:04.020+0000][gc,task       ] GC(169) Using 1 workers of 1 for marking
[2023-11-16T18:18:04.052+0000][gc,marking    ] GC(169) Concurrent Mark From Roots 31.889ms
[2023-11-16T18:18:04.052+0000][gc,marking    ] GC(169) Concurrent Preclean
[2023-11-16T18:18:04.052+0000][gc,marking    ] GC(169) Concurrent Preclean 0.182ms
[2023-11-16T18:18:04.052+0000][gc,marking    ] GC(169) Concurrent Mark (11596.621s, 11596.653s) 32.151ms
[2023-11-16T18:18:04.052+0000][gc,start      ] GC(169) Pause Remark
[2023-11-16T18:18:04.066+0000][gc,stringtable] GC(169) Cleaned string and symbol table, strings: 12730 processed, 0 removed, symbols: 92863 processed, 0 removed
[2023-11-16T18:18:04.066+0000][gc            ] GC(169) Pause Remark 197M->197M(512M) 13.308ms
[2023-11-16T18:18:04.066+0000][gc,cpu        ] GC(169) User=0.03s Sys=0.00s Real=0.02s
[2023-11-16T18:18:04.066+0000][gc,marking    ] GC(169) Concurrent Rebuild Remembered Sets
[2023-11-16T18:18:04.086+0000][gc,marking    ] GC(169) Concurrent Rebuild Remembered Sets 20.240ms
[2023-11-16T18:18:04.086+0000][gc,start      ] GC(169) Pause Cleanup
[2023-11-16T18:18:04.087+0000][gc            ] GC(169) Pause Cleanup 197M->197M(512M) 0.182ms
[2023-11-16T18:18:04.087+0000][gc,cpu        ] GC(169) User=0.00s Sys=0.00s Real=0.00s
[2023-11-16T18:18:04.087+0000][gc,marking    ] GC(169) Concurrent Cleanup for Next Mark
[2023-11-16T18:18:04.088+0000][gc,marking    ] GC(169) Concurrent Cleanup for Next Mark 1.360ms
[2023-11-16T18:18:04.088+0000][gc            ] GC(169) Concurrent Cycle 72.054ms
[2023-11-16T18:20:03.011+0000][gc,start      ] GC(170) Pause Young (Prepare Mixed) (G1 Evacuation Pause)
[2023-11-16T18:20:03.011+0000][gc,task       ] GC(170) Using 2 workers of 2 for evacuation
[2023-11-16T18:20:03.046+0000][gc,mmu        ] GC(170) MMU target violated: 21.0ms (20.0ms/21.0ms)
[2023-11-16T18:20:03.046+0000][gc,phases     ] GC(170)   Pre Evacuate Collection Set: 0.0ms
[2023-11-16T18:20:03.046+0000][gc,phases     ] GC(170)   Evacuate Collection Set: 31.0ms
[2023-11-16T18:20:03.046+0000][gc,phases     ] GC(170)   Post Evacuate Collection Set: 3.6ms
[2023-11-16T18:20:03.046+0000][gc,phases     ] GC(170)   Other: 0.4ms
[2023-11-16T18:20:03.046+0000][gc,heap       ] GC(170) Eden regions: 30->0(20)
[2023-11-16T18:20:03.046+0000][gc,heap       ] GC(170) Survivor regions: 4->5(5)
[2023-11-16T18:20:03.046+0000][gc,heap       ] GC(170) Old regions: 49->50
[2023-11-16T18:20:03.046+0000][gc,heap       ] GC(170) Humongous regions: 147->147
[2023-11-16T18:20:03.046+0000][gc,metaspace  ] GC(170) Metaspace: 44068K(46592K)->44068K(46592K) NonClass: 38873K(40192K)->38873K(40192K) Class: 5195K(6400K)->5195K(6400K)
[2023-11-16T18:20:03.046+0000][gc            ] GC(170) Pause Young (Prepare Mixed) (G1 Evacuation Pause) 227M->200M(512M) 35.082ms
[2023-11-16T18:20:03.046+0000][gc,cpu        ] GC(170) User=0.06s Sys=0.01s Real=0.04s
[2023-11-16T18:21:21.169+0000][gc,start      ] GC(171) Pause Young (Mixed) (G1 Evacuation Pause)
[2023-11-16T18:21:21.169+0000][gc,task       ] GC(171) Using 2 workers of 2 for evacuation
[2023-11-16T18:21:21.184+0000][gc,phases     ] GC(171)   Pre Evacuate Collection Set: 0.0ms
[2023-11-16T18:21:21.184+0000][gc,phases     ] GC(171)   Evacuate Collection Set: 15.0ms
[2023-11-16T18:21:21.184+0000][gc,phases     ] GC(171)   Post Evacuate Collection Set: 0.3ms
[2023-11-16T18:21:21.184+0000][gc,phases     ] GC(171)   Other: 0.3ms
[2023-11-16T18:21:21.184+0000][gc,heap       ] GC(171) Eden regions: 20->0(25)
[2023-11-16T18:21:21.184+0000][gc,heap       ] GC(171) Survivor regions: 5->3(4)
[2023-11-16T18:21:21.184+0000][gc,heap       ] GC(171) Old regions: 50->50
[2023-11-16T18:21:21.184+0000][gc,heap       ] GC(171) Humongous regions: 147->147
[2023-11-16T18:21:21.184+0000][gc,metaspace  ] GC(171) Metaspace: 44068K(46592K)->44068K(46592K) NonClass: 38873K(40192K)->38873K(40192K) Class: 5195K(6400K)->5195K(6400K)
[2023-11-16T18:21:21.184+0000][gc            ] GC(171) Pause Young (Mixed) (G1 Evacuation Pause) 220M->197M(512M) 15.711ms
[2023-11-16T18:21:21.184+0000][gc,cpu        ] GC(171) User=0.03s Sys=0.00s Real=0.01s
[2023-11-16T18:22:58.938+0000][gc,start      ] GC(172) Pause Young (Concurrent Start) (G1 Evacuation Pause)
[2023-11-16T18:22:58.938+0000][gc,task       ] GC(172) Using 2 workers of 2 for evacuation
[2023-11-16T18:22:58.948+0000][gc,phases     ] GC(172)   Pre Evacuate Collection Set: 0.2ms
[2023-11-16T18:22:58.948+0000][gc,phases     ] GC(172)   Evacuate Collection Set: 9.2ms
[2023-11-16T18:22:58.948+0000][gc,phases     ] GC(172)   Post Evacuate Collection Set: 0.4ms
[2023-11-16T18:22:58.948+0000][gc,phases     ] GC(172)   Other: 0.3ms
[2023-11-16T18:22:58.948+0000][gc,heap       ] GC(172) Eden regions: 25->0(30)
[2023-11-16T18:22:58.948+0000][gc,heap       ] GC(172) Survivor regions: 3->2(4)
[2023-11-16T18:22:58.948+0000][gc,heap       ] GC(172) Old regions: 50->51
[2023-11-16T18:22:58.948+0000][gc,heap       ] GC(172) Humongous regions: 147->147
[2023-11-16T18:22:58.948+0000][gc,metaspace  ] GC(172) Metaspace: 44068K(46592K)->44068K(46592K) NonClass: 38873K(40192K)->38873K(40192K) Class: 5195K(6400K)->5195K(6400K)
[2023-11-16T18:22:58.948+0000][gc            ] GC(172) Pause Young (Concurrent Start) (G1 Evacuation Pause) 222M->197M(512M) 10.220ms
[2023-11-16T18:22:58.948+0000][gc,cpu        ] GC(172) User=0.02s Sys=0.00s Real=0.01s
[2023-11-16T18:22:58.948+0000][gc            ] GC(173) Concurrent Cycle
[2023-11-16T18:22:58.948+0000][gc,marking    ] GC(173) Concurrent Clear Claimed Marks
[2023-11-16T18:22:58.949+0000][gc,marking    ] GC(173) Concurrent Clear Claimed Marks 0.270ms
[2023-11-16T18:22:58.949+0000][gc,marking    ] GC(173) Concurrent Scan Root Regions
[2023-11-16T18:22:58.951+0000][gc,marking    ] GC(173) Concurrent Scan Root Regions 2.319ms
[2023-11-16T18:22:58.951+0000][gc,marking    ] GC(173) Concurrent Mark (11891.552s)
[2023-11-16T18:22:58.951+0000][gc,marking    ] GC(173) Concurrent Mark From Roots
[2023-11-16T18:22:58.951+0000][gc,task       ] GC(173) Using 1 workers of 1 for marking
[2023-11-16T18:22:58.984+0000][gc,marking    ] GC(173) Concurrent Mark From Roots 33.469ms
[2023-11-16T18:22:58.984+0000][gc,marking    ] GC(173) Concurrent Preclean
[2023-11-16T18:22:58.985+0000][gc,marking    ] GC(173) Concurrent Preclean 0.171ms
[2023-11-16T18:22:58.985+0000][gc,marking    ] GC(173) Concurrent Mark (11891.552s, 11891.586s) 33.693ms
[2023-11-16T18:22:58.985+0000][gc,start      ] GC(173) Pause Remark
[2023-11-16T18:22:59.005+0000][gc,stringtable] GC(173) Cleaned string and symbol table, strings: 12730 processed, 0 removed, symbols: 92863 processed, 0 removed
[2023-11-16T18:22:59.005+0000][gc,mmu        ] GC(173) MMU target violated: 20.5ms (20.0ms/21.0ms)
[2023-11-16T18:22:59.005+0000][gc            ] GC(173) Pause Remark 197M->197M(512M) 20.530ms
[2023-11-16T18:22:59.005+0000][gc,cpu        ] GC(173) User=0.05s Sys=0.00s Real=0.03s
[2023-11-16T18:22:59.005+0000][gc,marking    ] GC(173) Concurrent Rebuild Remembered Sets
[2023-11-16T18:22:59.028+0000][gc,marking    ] GC(173) Concurrent Rebuild Remembered Sets 22.400ms
[2023-11-16T18:22:59.028+0000][gc,start      ] GC(173) Pause Cleanup
[2023-11-16T18:22:59.028+0000][gc            ] GC(173) Pause Cleanup 197M->197M(512M) 0.173ms
[2023-11-16T18:22:59.028+0000][gc,cpu        ] GC(173) User=0.00s Sys=0.00s Real=0.00s
[2023-11-16T18:22:59.028+0000][gc,marking    ] GC(173) Concurrent Cleanup for Next Mark
[2023-11-16T18:22:59.030+0000][gc,marking    ] GC(173) Concurrent Cleanup for Next Mark 1.386ms
[2023-11-16T18:22:59.030+0000][gc            ] GC(173) Concurrent Cycle 81.522ms
[2023-11-16T18:24:53.529+0000][gc,start      ] GC(174) Pause Young (Prepare Mixed) (G1 Evacuation Pause)
[2023-11-16T18:24:53.529+0000][gc,task       ] GC(174) Using 2 workers of 2 for evacuation
[2023-11-16T18:24:53.544+0000][gc,phases     ] GC(174)   Pre Evacuate Collection Set: 0.0ms
[2023-11-16T18:24:53.544+0000][gc,phases     ] GC(174)   Evacuate Collection Set: 14.2ms
[2023-11-16T18:24:53.544+0000][gc,phases     ] GC(174)   Post Evacuate Collection Set: 0.5ms
[2023-11-16T18:24:53.544+0000][gc,phases     ] GC(174)   Other: 0.2ms
[2023-11-16T18:24:53.544+0000][gc,heap       ] GC(174) Eden regions: 29->0(21)
[2023-11-16T18:24:53.544+0000][gc,heap       ] GC(174) Survivor regions: 2->4(4)
[2023-11-16T18:24:53.544+0000][gc,heap       ] GC(174) Old regions: 51->51
[2023-11-16T18:24:53.544+0000][gc,heap       ] GC(174) Humongous regions: 147->147
[2023-11-16T18:24:53.544+0000][gc,metaspace  ] GC(174) Metaspace: 44068K(46592K)->44068K(46592K) NonClass: 38873K(40192K)->38873K(40192K) Class: 5195K(6400K)->5195K(6400K)
[2023-11-16T18:24:53.544+0000][gc            ] GC(174) Pause Young (Prepare Mixed) (G1 Evacuation Pause) 226M->200M(512M) 15.103ms
[2023-11-16T18:24:53.544+0000][gc,cpu        ] GC(174) User=0.03s Sys=0.00s Real=0.01s
[2023-11-16T18:26:14.674+0000][gc,start      ] GC(175) Pause Young (Mixed) (G1 Evacuation Pause)
[2023-11-16T18:26:14.674+0000][gc,task       ] GC(175) Using 2 workers of 2 for evacuation
[2023-11-16T18:26:14.687+0000][gc,phases     ] GC(175)   Pre Evacuate Collection Set: 0.0ms
[2023-11-16T18:26:14.687+0000][gc,phases     ] GC(175)   Evacuate Collection Set: 12.0ms
[2023-11-16T18:26:14.687+0000][gc,phases     ] GC(175)   Post Evacuate Collection Set: 0.4ms
[2023-11-16T18:26:14.687+0000][gc,phases     ] GC(175)   Other: 0.3ms
[2023-11-16T18:26:14.687+0000][gc,heap       ] GC(175) Eden regions: 21->0(33)
[2023-11-16T18:26:14.687+0000][gc,heap       ] GC(175) Survivor regions: 4->2(4)
[2023-11-16T18:26:14.687+0000][gc,heap       ] GC(175) Old regions: 51->49
[2023-11-16T18:26:14.687+0000][gc,heap       ] GC(175) Humongous regions: 147->147
[2023-11-16T18:26:14.687+0000][gc,metaspace  ] GC(175) Metaspace: 44068K(46592K)->44068K(46592K) NonClass: 38873K(40192K)->38873K(40192K) Class: 5195K(6400K)->5195K(6400K)
[2023-11-16T18:26:14.687+0000][gc            ] GC(175) Pause Young (Mixed) (G1 Evacuation Pause) 221M->196M(512M) 12.828ms
[2023-11-16T18:26:14.687+0000][gc,cpu        ] GC(175) User=0.03s Sys=0.00s Real=0.01s
[2023-11-16T18:28:25.901+0000][gc,start      ] GC(176) Pause Young (Concurrent Start) (G1 Evacuation Pause)
[2023-11-16T18:28:25.901+0000][gc,task       ] GC(176) Using 2 workers of 2 for evacuation
[2023-11-16T18:28:25.915+0000][gc,phases     ] GC(176)   Pre Evacuate Collection Set: 0.2ms
[2023-11-16T18:28:25.915+0000][gc,phases     ] GC(176)   Evacuate Collection Set: 13.3ms
[2023-11-16T18:28:25.915+0000][gc,phases     ] GC(176)   Post Evacuate Collection Set: 0.3ms
[2023-11-16T18:28:25.916+0000][gc,phases     ] GC(176)   Other: 0.3ms
[2023-11-16T18:28:25.916+0000][gc,heap       ] GC(176) Eden regions: 33->0(32)
[2023-11-16T18:28:25.916+0000][gc,heap       ] GC(176) Survivor regions: 2->5(5)
[2023-11-16T18:28:25.916+0000][gc,heap       ] GC(176) Old regions: 49->50
[2023-11-16T18:28:25.916+0000][gc,heap       ] GC(176) Humongous regions: 147->147
[2023-11-16T18:28:25.916+0000][gc,metaspace  ] GC(176) Metaspace: 44068K(46592K)->44068K(46592K) NonClass: 38873K(40192K)->38873K(40192K) Class: 5195K(6400K)->5195K(6400K)
[2023-11-16T18:28:25.916+0000][gc            ] GC(176) Pause Young (Concurrent Start) (G1 Evacuation Pause) 229M->200M(512M) 14.254ms
[2023-11-16T18:28:25.916+0000][gc,cpu        ] GC(176) User=0.03s Sys=0.01s Real=0.02s
[2023-11-16T18:28:25.916+0000][gc            ] GC(177) Concurrent Cycle
[2023-11-16T18:28:25.916+0000][gc,marking    ] GC(177) Concurrent Clear Claimed Marks
[2023-11-16T18:28:25.916+0000][gc,marking    ] GC(177) Concurrent Clear Claimed Marks 0.207ms
[2023-11-16T18:28:25.916+0000][gc,marking    ] GC(177) Concurrent Scan Root Regions
[2023-11-16T18:28:25.920+0000][gc,marking    ] GC(177) Concurrent Scan Root Regions 4.219ms
[2023-11-16T18:28:25.920+0000][gc,marking    ] GC(177) Concurrent Mark (12218.521s)
[2023-11-16T18:28:25.920+0000][gc,marking    ] GC(177) Concurrent Mark From Roots
[2023-11-16T18:28:25.920+0000][gc,task       ] GC(177) Using 1 workers of 1 for marking
[2023-11-16T18:28:25.956+0000][gc,marking    ] GC(177) Concurrent Mark From Roots 36.367ms
[2023-11-16T18:28:25.957+0000][gc,marking    ] GC(177) Concurrent Preclean
[2023-11-16T18:28:25.957+0000][gc,marking    ] GC(177) Concurrent Preclean 0.180ms
[2023-11-16T18:28:25.957+0000][gc,marking    ] GC(177) Concurrent Mark (12218.521s, 12218.558s) 36.607ms
[2023-11-16T18:28:25.957+0000][gc,start      ] GC(177) Pause Remark
[2023-11-16T18:28:25.971+0000][gc,stringtable] GC(177) Cleaned string and symbol table, strings: 12730 processed, 0 removed, symbols: 92863 processed, 0 removed
[2023-11-16T18:28:25.972+0000][gc            ] GC(177) Pause Remark 200M->200M(512M) 14.611ms
[2023-11-16T18:28:25.972+0000][gc,cpu        ] GC(177) User=0.03s Sys=0.00s Real=0.01s
[2023-11-16T18:28:25.972+0000][gc,marking    ] GC(177) Concurrent Rebuild Remembered Sets
[2023-11-16T18:28:25.996+0000][gc,marking    ] GC(177) Concurrent Rebuild Remembered Sets 24.729ms
[2023-11-16T18:28:25.997+0000][gc,start      ] GC(177) Pause Cleanup
[2023-11-16T18:28:25.997+0000][gc            ] GC(177) Pause Cleanup 200M->200M(512M) 0.144ms
[2023-11-16T18:28:25.997+0000][gc,cpu        ] GC(177) User=0.00s Sys=0.00s Real=0.00s
[2023-11-16T18:28:25.997+0000][gc,marking    ] GC(177) Concurrent Cleanup for Next Mark
[2023-11-16T18:28:25.998+0000][gc,marking    ] GC(177) Concurrent Cleanup for Next Mark 1.457ms
[2023-11-16T18:28:25.998+0000][gc            ] GC(177) Concurrent Cycle 82.681ms
[2023-11-16T18:30:16.100+0000][gc,start      ] GC(178) Pause Young (Prepare Mixed) (G1 Evacuation Pause)
[2023-11-16T18:30:16.100+0000][gc,task       ] GC(178) Using 2 workers of 2 for evacuation
[2023-11-16T18:30:16.116+0000][gc,phases     ] GC(178)   Pre Evacuate Collection Set: 0.1ms
[2023-11-16T18:30:16.116+0000][gc,phases     ] GC(178)   Evacuate Collection Set: 15.8ms
[2023-11-16T18:30:16.116+0000][gc,phases     ] GC(178)   Post Evacuate Collection Set: 0.4ms
[2023-11-16T18:30:16.116+0000][gc,phases     ] GC(178)   Other: 0.2ms
[2023-11-16T18:30:16.116+0000][gc,heap       ] GC(178) Eden regions: 28->0(21)
[2023-11-16T18:30:16.116+0000][gc,heap       ] GC(178) Survivor regions: 5->4(5)
[2023-11-16T18:30:16.116+0000][gc,heap       ] GC(178) Old regions: 50->52
[2023-11-16T18:30:16.116+0000][gc,heap       ] GC(178) Humongous regions: 147->147
[2023-11-16T18:30:16.116+0000][gc,metaspace  ] GC(178) Metaspace: 44068K(46592K)->44068K(46592K) NonClass: 38873K(40192K)->38873K(40192K) Class: 5195K(6400K)->5195K(6400K)
[2023-11-16T18:30:16.116+0000][gc            ] GC(178) Pause Young (Prepare Mixed) (G1 Evacuation Pause) 228M->200M(512M) 16.650ms
[2023-11-16T18:30:16.116+0000][gc,cpu        ] GC(178) User=0.03s Sys=0.00s Real=0.02s
[2023-11-16T18:31:37.942+0000][gc,start      ] GC(179) Pause Young (Mixed) (G1 Evacuation Pause)
[2023-11-16T18:31:37.942+0000][gc,task       ] GC(179) Using 2 workers of 2 for evacuation
[2023-11-16T18:31:37.954+0000][gc,phases     ] GC(179)   Pre Evacuate Collection Set: 0.0ms
[2023-11-16T18:31:37.954+0000][gc,phases     ] GC(179)   Evacuate Collection Set: 11.6ms
[2023-11-16T18:31:37.954+0000][gc,phases     ] GC(179)   Post Evacuate Collection Set: 0.3ms
[2023-11-16T18:31:37.954+0000][gc,phases     ] GC(179)   Other: 0.3ms
[2023-11-16T18:31:37.954+0000][gc,heap       ] GC(179) Eden regions: 21->0(37)
[2023-11-16T18:31:37.954+0000][gc,heap       ] GC(179) Survivor regions: 4->2(4)
[2023-11-16T18:31:37.954+0000][gc,heap       ] GC(179) Old regions: 52->50
[2023-11-16T18:31:37.954+0000][gc,heap       ] GC(179) Humongous regions: 147->147
[2023-11-16T18:31:37.954+0000][gc,metaspace  ] GC(179) Metaspace: 44070K(46592K)->44070K(46592K) NonClass: 38875K(40192K)->38875K(40192K) Class: 5195K(6400K)->5195K(6400K)
[2023-11-16T18:31:37.954+0000][gc            ] GC(179) Pause Young (Mixed) (G1 Evacuation Pause) 221M->197M(512M) 12.258ms
[2023-11-16T18:31:37.954+0000][gc,cpu        ] GC(179) User=0.02s Sys=0.00s Real=0.02s
[2023-11-16T18:34:04.252+0000][gc,start      ] GC(180) Pause Young (Concurrent Start) (G1 Evacuation Pause)
[2023-11-16T18:34:04.252+0000][gc,task       ] GC(180) Using 2 workers of 2 for evacuation
[2023-11-16T18:34:04.268+0000][gc,phases     ] GC(180)   Pre Evacuate Collection Set: 0.2ms
[2023-11-16T18:34:04.269+0000][gc,phases     ] GC(180)   Evacuate Collection Set: 15.5ms
[2023-11-16T18:34:04.269+0000][gc,phases     ] GC(180)   Post Evacuate Collection Set: 0.3ms
[2023-11-16T18:34:04.269+0000][gc,phases     ] GC(180)   Other: 0.2ms
[2023-11-16T18:34:04.269+0000][gc,heap       ] GC(180) Eden regions: 37->0(30)
[2023-11-16T18:34:04.269+0000][gc,heap       ] GC(180) Survivor regions: 2->3(5)
[2023-11-16T18:34:04.269+0000][gc,heap       ] GC(180) Old regions: 50->50
[2023-11-16T18:34:04.269+0000][gc,heap       ] GC(180) Humongous regions: 147->147
[2023-11-16T18:34:04.269+0000][gc,metaspace  ] GC(180) Metaspace: 44070K(46592K)->44070K(46592K) NonClass: 38875K(40192K)->38875K(40192K) Class: 5195K(6400K)->5195K(6400K)
[2023-11-16T18:34:04.269+0000][gc            ] GC(180) Pause Young (Concurrent Start) (G1 Evacuation Pause) 234M->198M(512M) 16.411ms
[2023-11-16T18:34:04.269+0000][gc,cpu        ] GC(180) User=0.03s Sys=0.00s Real=0.02s
[2023-11-16T18:34:04.269+0000][gc            ] GC(181) Concurrent Cycle
[2023-11-16T18:34:04.269+0000][gc,marking    ] GC(181) Concurrent Clear Claimed Marks
[2023-11-16T18:34:04.269+0000][gc,marking    ] GC(181) Concurrent Clear Claimed Marks 0.201ms
[2023-11-16T18:34:04.269+0000][gc,marking    ] GC(181) Concurrent Scan Root Regions
[2023-11-16T18:34:04.272+0000][gc,marking    ] GC(181) Concurrent Scan Root Regions 3.412ms
[2023-11-16T18:34:04.272+0000][gc,marking    ] GC(181) Concurrent Mark (12556.873s)
[2023-11-16T18:34:04.272+0000][gc,marking    ] GC(181) Concurrent Mark From Roots
[2023-11-16T18:34:04.272+0000][gc,task       ] GC(181) Using 1 workers of 1 for marking
[2023-11-16T18:34:04.320+0000][gc,marking    ] GC(181) Concurrent Mark From Roots 47.358ms
[2023-11-16T18:34:04.320+0000][gc,marking    ] GC(181) Concurrent Preclean
[2023-11-16T18:34:04.320+0000][gc,marking    ] GC(181) Concurrent Preclean 0.181ms
[2023-11-16T18:34:04.320+0000][gc,marking    ] GC(181) Concurrent Mark (12556.873s, 12556.921s) 47.591ms
[2023-11-16T18:34:04.320+0000][gc,start      ] GC(181) Pause Remark
[2023-11-16T18:34:04.335+0000][gc,stringtable] GC(181) Cleaned string and symbol table, strings: 12731 processed, 0 removed, symbols: 92863 processed, 0 removed
[2023-11-16T18:34:04.336+0000][gc            ] GC(181) Pause Remark 198M->198M(512M) 15.553ms
[2023-11-16T18:34:04.336+0000][gc,cpu        ] GC(181) User=0.02s Sys=0.00s Real=0.02s
[2023-11-16T18:34:04.336+0000][gc,marking    ] GC(181) Concurrent Rebuild Remembered Sets
[2023-11-16T18:34:04.361+0000][gc,marking    ] GC(181) Concurrent Rebuild Remembered Sets 25.163ms
[2023-11-16T18:34:04.361+0000][gc,start      ] GC(181) Pause Cleanup
[2023-11-16T18:34:04.361+0000][gc            ] GC(181) Pause Cleanup 198M->198M(512M) 0.218ms
[2023-11-16T18:34:04.361+0000][gc,cpu        ] GC(181) User=0.00s Sys=0.00s Real=0.00s
[2023-11-16T18:34:04.362+0000][gc,marking    ] GC(181) Concurrent Cleanup for Next Mark
[2023-11-16T18:34:04.363+0000][gc,marking    ] GC(181) Concurrent Cleanup for Next Mark 1.583ms
[2023-11-16T18:34:04.363+0000][gc            ] GC(181) Concurrent Cycle 94.473ms
[2023-11-16T18:35:50.180+0000][gc,start      ] GC(182) Pause Young (Prepare Mixed) (G1 Evacuation Pause)
[2023-11-16T18:35:50.180+0000][gc,task       ] GC(182) Using 2 workers of 2 for evacuation
[2023-11-16T18:35:50.198+0000][gc,phases     ] GC(182)   Pre Evacuate Collection Set: 0.0ms
[2023-11-16T18:35:50.198+0000][gc,phases     ] GC(182)   Evacuate Collection Set: 17.9ms
[2023-11-16T18:35:50.198+0000][gc,phases     ] GC(182)   Post Evacuate Collection Set: 0.3ms
[2023-11-16T18:35:50.198+0000][gc,phases     ] GC(182)   Other: 0.2ms
[2023-11-16T18:35:50.198+0000][gc,heap       ] GC(182) Eden regions: 27->0(21)
[2023-11-16T18:35:50.198+0000][gc,heap       ] GC(182) Survivor regions: 3->4(4)
[2023-11-16T18:35:50.198+0000][gc,heap       ] GC(182) Old regions: 50->52
[2023-11-16T18:35:50.198+0000][gc,heap       ] GC(182) Humongous regions: 147->147
[2023-11-16T18:35:50.198+0000][gc,metaspace  ] GC(182) Metaspace: 44070K(46592K)->44070K(46592K) NonClass: 38875K(40192K)->38875K(40192K) Class: 5195K(6400K)->5195K(6400K)
[2023-11-16T18:35:50.198+0000][gc            ] GC(182) Pause Young (Prepare Mixed) (G1 Evacuation Pause) 225M->201M(512M) 18.613ms
[2023-11-16T18:35:50.198+0000][gc,cpu        ] GC(182) User=0.03s Sys=0.00s Real=0.02s
[2023-11-16T18:37:11.337+0000][gc,start      ] GC(183) Pause Young (Mixed) (G1 Evacuation Pause)
[2023-11-16T18:37:11.337+0000][gc,task       ] GC(183) Using 2 workers of 2 for evacuation
[2023-11-16T18:37:11.349+0000][gc,phases     ] GC(183)   Pre Evacuate Collection Set: 0.0ms
[2023-11-16T18:37:11.349+0000][gc,phases     ] GC(183)   Evacuate Collection Set: 11.5ms
[2023-11-16T18:37:11.349+0000][gc,phases     ] GC(183)   Post Evacuate Collection Set: 0.3ms
[2023-11-16T18:37:11.349+0000][gc,phases     ] GC(183)   Other: 0.2ms
[2023-11-16T18:37:11.349+0000][gc,heap       ] GC(183) Eden regions: 21->0(31)
[2023-11-16T18:37:11.349+0000][gc,heap       ] GC(183) Survivor regions: 4->2(4)
[2023-11-16T18:37:11.349+0000][gc,heap       ] GC(183) Old regions: 52->50
[2023-11-16T18:37:11.349+0000][gc,heap       ] GC(183) Humongous regions: 147->147
[2023-11-16T18:37:11.349+0000][gc,metaspace  ] GC(183) Metaspace: 44070K(46592K)->44070K(46592K) NonClass: 38875K(40192K)->38875K(40192K) Class: 5195K(6400K)->5195K(6400K)
[2023-11-16T18:37:11.349+0000][gc            ] GC(183) Pause Young (Mixed) (G1 Evacuation Pause) 222M->197M(512M) 12.147ms
[2023-11-16T18:37:11.349+0000][gc,cpu        ] GC(183) User=0.02s Sys=0.00s Real=0.01s
[2023-11-16T18:39:14.158+0000][gc,start      ] GC(184) Pause Young (Concurrent Start) (G1 Evacuation Pause)
[2023-11-16T18:39:14.158+0000][gc,task       ] GC(184) Using 2 workers of 2 for evacuation
[2023-11-16T18:39:14.173+0000][gc,phases     ] GC(184)   Pre Evacuate Collection Set: 0.2ms
[2023-11-16T18:39:14.173+0000][gc,phases     ] GC(184)   Evacuate Collection Set: 14.3ms
[2023-11-16T18:39:14.173+0000][gc,phases     ] GC(184)   Post Evacuate Collection Set: 0.3ms
[2023-11-16T18:39:14.173+0000][gc,phases     ] GC(184)   Other: 0.3ms
[2023-11-16T18:39:14.173+0000][gc,heap       ] GC(184) Eden regions: 31->0(29)
[2023-11-16T18:39:14.173+0000][gc,heap       ] GC(184) Survivor regions: 2->5(5)
[2023-11-16T18:39:14.173+0000][gc,heap       ] GC(184) Old regions: 50->50
[2023-11-16T18:39:14.173+0000][gc,heap       ] GC(184) Humongous regions: 147->147
[2023-11-16T18:39:14.173+0000][gc,metaspace  ] GC(184) Metaspace: 44070K(46592K)->44070K(46592K) NonClass: 38875K(40192K)->38875K(40192K) Class: 5195K(6400K)->5195K(6400K)
[2023-11-16T18:39:14.174+0000][gc            ] GC(184) Pause Young (Concurrent Start) (G1 Evacuation Pause) 228M->200M(512M) 15.266ms
[2023-11-16T18:39:14.174+0000][gc,cpu        ] GC(184) User=0.03s Sys=0.00s Real=0.02s
[2023-11-16T18:39:14.174+0000][gc            ] GC(185) Concurrent Cycle
[2023-11-16T18:39:14.174+0000][gc,marking    ] GC(185) Concurrent Clear Claimed Marks
[2023-11-16T18:39:14.174+0000][gc,marking    ] GC(185) Concurrent Clear Claimed Marks 0.248ms
[2023-11-16T18:39:14.174+0000][gc,marking    ] GC(185) Concurrent Scan Root Regions
[2023-11-16T18:39:14.180+0000][gc,marking    ] GC(185) Concurrent Scan Root Regions 6.192ms
[2023-11-16T18:39:14.180+0000][gc,marking    ] GC(185) Concurrent Mark (12866.781s)
[2023-11-16T18:39:14.180+0000][gc,marking    ] GC(185) Concurrent Mark From Roots
[2023-11-16T18:39:14.180+0000][gc,task       ] GC(185) Using 1 workers of 1 for marking
[2023-11-16T18:39:14.220+0000][gc,marking    ] GC(185) Concurrent Mark From Roots 39.512ms
[2023-11-16T18:39:14.220+0000][gc,marking    ] GC(185) Concurrent Preclean
[2023-11-16T18:39:14.220+0000][gc,marking    ] GC(185) Concurrent Preclean 0.171ms
[2023-11-16T18:39:14.220+0000][gc,marking    ] GC(185) Concurrent Mark (12866.781s, 12866.821s) 39.734ms
[2023-11-16T18:39:14.220+0000][gc,start      ] GC(185) Pause Remark
[2023-11-16T18:39:14.231+0000][gc,stringtable] GC(185) Cleaned string and symbol table, strings: 12749 processed, 0 removed, symbols: 92863 processed, 0 removed
[2023-11-16T18:39:14.231+0000][gc            ] GC(185) Pause Remark 200M->200M(512M) 11.266ms
[2023-11-16T18:39:14.231+0000][gc,cpu        ] GC(185) User=0.02s Sys=0.00s Real=0.01s
[2023-11-16T18:39:14.231+0000][gc,marking    ] GC(185) Concurrent Rebuild Remembered Sets
[2023-11-16T18:39:14.257+0000][gc,marking    ] GC(185) Concurrent Rebuild Remembered Sets 26.074ms
[2023-11-16T18:39:14.258+0000][gc,start      ] GC(185) Pause Cleanup
[2023-11-16T18:39:14.258+0000][gc            ] GC(185) Pause Cleanup 200M->200M(512M) 0.180ms
[2023-11-16T18:39:14.258+0000][gc,cpu        ] GC(185) User=0.00s Sys=0.00s Real=0.00s
[2023-11-16T18:39:14.258+0000][gc,marking    ] GC(185) Concurrent Cleanup for Next Mark
[2023-11-16T18:39:14.259+0000][gc,marking    ] GC(185) Concurrent Cleanup for Next Mark 1.561ms
[2023-11-16T18:39:14.260+0000][gc            ] GC(185) Concurrent Cycle 85.952ms
[2023-11-16T18:40:59.870+0000][gc,start      ] GC(186) Pause Young (Prepare Mixed) (G1 Evacuation Pause)
[2023-11-16T18:40:59.870+0000][gc,task       ] GC(186) Using 2 workers of 2 for evacuation
[2023-11-16T18:40:59.884+0000][gc,phases     ] GC(186)   Pre Evacuate Collection Set: 0.0ms
[2023-11-16T18:40:59.884+0000][gc,phases     ] GC(186)   Evacuate Collection Set: 13.3ms
[2023-11-16T18:40:59.884+0000][gc,phases     ] GC(186)   Post Evacuate Collection Set: 0.3ms
[2023-11-16T18:40:59.884+0000][gc,phases     ] GC(186)   Other: 0.2ms
[2023-11-16T18:40:59.884+0000][gc,heap       ] GC(186) Eden regions: 27->0(22)
[2023-11-16T18:40:59.884+0000][gc,heap       ] GC(186) Survivor regions: 5->3(4)
[2023-11-16T18:40:59.884+0000][gc,heap       ] GC(186) Old regions: 50->52
[2023-11-16T18:40:59.884+0000][gc,heap       ] GC(186) Humongous regions: 147->147
[2023-11-16T18:40:59.884+0000][gc,metaspace  ] GC(186) Metaspace: 44071K(46592K)->44071K(46592K) NonClass: 38876K(40192K)->38876K(40192K) Class: 5195K(6400K)->5195K(6400K)
[2023-11-16T18:40:59.884+0000][gc            ] GC(186) Pause Young (Prepare Mixed) (G1 Evacuation Pause) 227M->200M(512M) 13.956ms
[2023-11-16T18:40:59.884+0000][gc,cpu        ] GC(186) User=0.02s Sys=0.00s Real=0.01s
[2023-11-16T18:42:25.876+0000][gc,start      ] GC(187) Pause Young (Mixed) (G1 Evacuation Pause)
[2023-11-16T18:42:25.876+0000][gc,task       ] GC(187) Using 2 workers of 2 for evacuation
[2023-11-16T18:42:25.892+0000][gc,phases     ] GC(187)   Pre Evacuate Collection Set: 0.0ms
[2023-11-16T18:42:25.892+0000][gc,phases     ] GC(187)   Evacuate Collection Set: 12.7ms
[2023-11-16T18:42:25.892+0000][gc,phases     ] GC(187)   Post Evacuate Collection Set: 0.4ms
[2023-11-16T18:42:25.892+0000][gc,phases     ] GC(187)   Other: 2.8ms
[2023-11-16T18:42:25.892+0000][gc,heap       ] GC(187) Eden regions: 22->0(33)
[2023-11-16T18:42:25.892+0000][gc,heap       ] GC(187) Survivor regions: 3->2(4)
[2023-11-16T18:42:25.892+0000][gc,heap       ] GC(187) Old regions: 52->50
[2023-11-16T18:42:25.892+0000][gc,heap       ] GC(187) Humongous regions: 147->147
[2023-11-16T18:42:25.892+0000][gc,metaspace  ] GC(187) Metaspace: 44073K(46592K)->44073K(46592K) NonClass: 38878K(40192K)->38878K(40192K) Class: 5195K(6400K)->5195K(6400K)
[2023-11-16T18:42:25.892+0000][gc            ] GC(187) Pause Young (Mixed) (G1 Evacuation Pause) 222M->196M(512M) 15.803ms
[2023-11-16T18:42:25.892+0000][gc,cpu        ] GC(187) User=0.03s Sys=0.00s Real=0.01s
[2023-11-16T18:44:37.092+0000][gc,start      ] GC(188) Pause Young (Concurrent Start) (G1 Evacuation Pause)
[2023-11-16T18:44:37.092+0000][gc,task       ] GC(188) Using 2 workers of 2 for evacuation
[2023-11-16T18:44:37.109+0000][gc,phases     ] GC(188)   Pre Evacuate Collection Set: 0.2ms
[2023-11-16T18:44:37.109+0000][gc,phases     ] GC(188)   Evacuate Collection Set: 16.0ms
[2023-11-16T18:44:37.109+0000][gc,phases     ] GC(188)   Post Evacuate Collection Set: 0.3ms
[2023-11-16T18:44:37.109+0000][gc,phases     ] GC(188)   Other: 0.3ms
[2023-11-16T18:44:37.109+0000][gc,heap       ] GC(188) Eden regions: 33->0(29)
[2023-11-16T18:44:37.109+0000][gc,heap       ] GC(188) Survivor regions: 2->5(5)
[2023-11-16T18:44:37.109+0000][gc,heap       ] GC(188) Old regions: 50->50
[2023-11-16T18:44:37.109+0000][gc,heap       ] GC(188) Humongous regions: 147->147
[2023-11-16T18:44:37.109+0000][gc,metaspace  ] GC(188) Metaspace: 44073K(46592K)->44073K(46592K) NonClass: 38878K(40192K)->38878K(40192K) Class: 5195K(6400K)->5195K(6400K)
[2023-11-16T18:44:37.109+0000][gc            ] GC(188) Pause Young (Concurrent Start) (G1 Evacuation Pause) 229M->199M(512M) 16.861ms
[2023-11-16T18:44:37.109+0000][gc,cpu        ] GC(188) User=0.04s Sys=0.00s Real=0.02s
[2023-11-16T18:44:37.109+0000][gc            ] GC(189) Concurrent Cycle
[2023-11-16T18:44:37.109+0000][gc,marking    ] GC(189) Concurrent Clear Claimed Marks
[2023-11-16T18:44:37.109+0000][gc,marking    ] GC(189) Concurrent Clear Claimed Marks 0.200ms
[2023-11-16T18:44:37.109+0000][gc,marking    ] GC(189) Concurrent Scan Root Regions
[2023-11-16T18:44:37.114+0000][gc,marking    ] GC(189) Concurrent Scan Root Regions 4.735ms
[2023-11-16T18:44:37.114+0000][gc,marking    ] GC(189) Concurrent Mark (13189.715s)
[2023-11-16T18:44:37.114+0000][gc,marking    ] GC(189) Concurrent Mark From Roots
[2023-11-16T18:44:37.114+0000][gc,task       ] GC(189) Using 1 workers of 1 for marking
[2023-11-16T18:44:37.149+0000][gc,marking    ] GC(189) Concurrent Mark From Roots 34.410ms
[2023-11-16T18:44:37.149+0000][gc,marking    ] GC(189) Concurrent Preclean
[2023-11-16T18:44:37.149+0000][gc,marking    ] GC(189) Concurrent Preclean 0.171ms
[2023-11-16T18:44:37.149+0000][gc,marking    ] GC(189) Concurrent Mark (13189.715s, 13189.750s) 34.632ms
[2023-11-16T18:44:37.149+0000][gc,start      ] GC(189) Pause Remark
[2023-11-16T18:44:37.165+0000][gc,stringtable] GC(189) Cleaned string and symbol table, strings: 12765 processed, 0 removed, symbols: 92863 processed, 0 removed
[2023-11-16T18:44:37.165+0000][gc            ] GC(189) Pause Remark 199M->199M(512M) 16.078ms
[2023-11-16T18:44:37.165+0000][gc,cpu        ] GC(189) User=0.03s Sys=0.00s Real=0.01s
[2023-11-16T18:44:37.165+0000][gc,marking    ] GC(189) Concurrent Rebuild Remembered Sets
[2023-11-16T18:44:37.192+0000][gc,marking    ] GC(189) Concurrent Rebuild Remembered Sets 26.637ms
[2023-11-16T18:44:37.192+0000][gc,start      ] GC(189) Pause Cleanup
[2023-11-16T18:44:37.192+0000][gc            ] GC(189) Pause Cleanup 199M->199M(512M) 0.231ms
[2023-11-16T18:44:37.192+0000][gc,cpu        ] GC(189) User=0.00s Sys=0.00s Real=0.00s
[2023-11-16T18:44:37.192+0000][gc,marking    ] GC(189) Concurrent Cleanup for Next Mark
[2023-11-16T18:44:37.194+0000][gc,marking    ] GC(189) Concurrent Cleanup for Next Mark 1.571ms
[2023-11-16T18:44:37.194+0000][gc            ] GC(189) Concurrent Cycle 84.770ms
[2023-11-16T18:46:19.292+0000][gc,start      ] GC(190) Pause Young (Prepare Mixed) (G1 Evacuation Pause)
[2023-11-16T18:46:19.293+0000][gc,task       ] GC(190) Using 2 workers of 2 for evacuation
[2023-11-16T18:46:19.321+0000][gc,mmu        ] GC(190) MMU target violated: 21.0ms (20.0ms/21.0ms)
[2023-11-16T18:46:19.321+0000][gc,phases     ] GC(190)   Pre Evacuate Collection Set: 0.0ms
[2023-11-16T18:46:19.321+0000][gc,phases     ] GC(190)   Evacuate Collection Set: 25.4ms
[2023-11-16T18:46:19.321+0000][gc,phases     ] GC(190)   Post Evacuate Collection Set: 1.8ms
[2023-11-16T18:46:19.321+0000][gc,phases     ] GC(190)   Other: 1.8ms
[2023-11-16T18:46:19.321+0000][gc,heap       ] GC(190) Eden regions: 26->0(22)
[2023-11-16T18:46:19.321+0000][gc,heap       ] GC(190) Survivor regions: 5->3(4)
[2023-11-16T18:46:19.321+0000][gc,heap       ] GC(190) Old regions: 50->52
[2023-11-16T18:46:19.321+0000][gc,heap       ] GC(190) Humongous regions: 147->147
[2023-11-16T18:46:19.321+0000][gc,metaspace  ] GC(190) Metaspace: 44073K(46592K)->44073K(46592K) NonClass: 38878K(40192K)->38878K(40192K) Class: 5195K(6400K)->5195K(6400K)
[2023-11-16T18:46:19.322+0000][gc            ] GC(190) Pause Young (Prepare Mixed) (G1 Evacuation Pause) 225M->199M(512M) 29.016ms
[2023-11-16T18:46:19.322+0000][gc,cpu        ] GC(190) User=0.05s Sys=0.01s Real=0.03s
[2023-11-16T18:47:45.460+0000][gc,start      ] GC(191) Pause Young (Mixed) (G1 Evacuation Pause)
[2023-11-16T18:47:45.460+0000][gc,task       ] GC(191) Using 2 workers of 2 for evacuation
[2023-11-16T18:47:45.477+0000][gc,phases     ] GC(191)   Pre Evacuate Collection Set: 0.0ms
[2023-11-16T18:47:45.477+0000][gc,phases     ] GC(191)   Evacuate Collection Set: 15.8ms
[2023-11-16T18:47:45.477+0000][gc,phases     ] GC(191)   Post Evacuate Collection Set: 0.4ms
[2023-11-16T18:47:45.477+0000][gc,phases     ] GC(191)   Other: 0.3ms
[2023-11-16T18:47:45.477+0000][gc,heap       ] GC(191) Eden regions: 22->0(26)
[2023-11-16T18:47:45.477+0000][gc,heap       ] GC(191) Survivor regions: 3->3(4)
[2023-11-16T18:47:45.477+0000][gc,heap       ] GC(191) Old regions: 52->51
[2023-11-16T18:47:45.477+0000][gc,heap       ] GC(191) Humongous regions: 147->147
[2023-11-16T18:47:45.477+0000][gc,metaspace  ] GC(191) Metaspace: 44073K(46592K)->44073K(46592K) NonClass: 38878K(40192K)->38878K(40192K) Class: 5195K(6400K)->5195K(6400K)
[2023-11-16T18:47:45.477+0000][gc            ] GC(191) Pause Young (Mixed) (G1 Evacuation Pause) 221M->199M(512M) 16.525ms
[2023-11-16T18:47:45.477+0000][gc,cpu        ] GC(191) User=0.03s Sys=0.00s Real=0.02s
[2023-11-16T18:49:27.109+0000][gc,start      ] GC(192) Pause Young (Concurrent Start) (G1 Evacuation Pause)
[2023-11-16T18:49:27.109+0000][gc,task       ] GC(192) Using 2 workers of 2 for evacuation
[2023-11-16T18:49:27.122+0000][gc,phases     ] GC(192)   Pre Evacuate Collection Set: 0.2ms
[2023-11-16T18:49:27.122+0000][gc,phases     ] GC(192)   Evacuate Collection Set: 11.9ms
[2023-11-16T18:49:27.122+0000][gc,phases     ] GC(192)   Post Evacuate Collection Set: 0.3ms
[2023-11-16T18:49:27.122+0000][gc,phases     ] GC(192)   Other: 0.3ms
[2023-11-16T18:49:27.122+0000][gc,heap       ] GC(192) Eden regions: 26->0(26)
[2023-11-16T18:49:27.122+0000][gc,heap       ] GC(192) Survivor regions: 3->3(4)
[2023-11-16T18:49:27.122+0000][gc,heap       ] GC(192) Old regions: 51->53
[2023-11-16T18:49:27.122+0000][gc,heap       ] GC(192) Humongous regions: 147->147
[2023-11-16T18:49:27.122+0000][gc,metaspace  ] GC(192) Metaspace: 44083K(46592K)->44083K(46592K) NonClass: 38888K(40192K)->38888K(40192K) Class: 5195K(6400K)->5195K(6400K)
[2023-11-16T18:49:27.122+0000][gc            ] GC(192) Pause Young (Concurrent Start) (G1 Evacuation Pause) 225M->201M(512M) 12.911ms
[2023-11-16T18:49:27.122+0000][gc,cpu        ] GC(192) User=0.03s Sys=0.00s Real=0.01s
[2023-11-16T18:49:27.122+0000][gc            ] GC(193) Concurrent Cycle
[2023-11-16T18:49:27.122+0000][gc,marking    ] GC(193) Concurrent Clear Claimed Marks
[2023-11-16T18:49:27.122+0000][gc,marking    ] GC(193) Concurrent Clear Claimed Marks 0.196ms
[2023-11-16T18:49:27.122+0000][gc,marking    ] GC(193) Concurrent Scan Root Regions
[2023-11-16T18:49:27.126+0000][gc,marking    ] GC(193) Concurrent Scan Root Regions 3.918ms
[2023-11-16T18:49:27.126+0000][gc,marking    ] GC(193) Concurrent Mark (13479.727s)
[2023-11-16T18:49:27.126+0000][gc,marking    ] GC(193) Concurrent Mark From Roots
[2023-11-16T18:49:27.126+0000][gc,task       ] GC(193) Using 1 workers of 1 for marking
[2023-11-16T18:49:27.162+0000][gc,marking    ] GC(193) Concurrent Mark From Roots 35.388ms
[2023-11-16T18:49:27.162+0000][gc,marking    ] GC(193) Concurrent Preclean
[2023-11-16T18:49:27.162+0000][gc,marking    ] GC(193) Concurrent Preclean 0.172ms
[2023-11-16T18:49:27.162+0000][gc,marking    ] GC(193) Concurrent Mark (13479.727s, 13479.763s) 35.613ms
[2023-11-16T18:49:27.162+0000][gc,start      ] GC(193) Pause Remark
[2023-11-16T18:49:27.177+0000][gc,stringtable] GC(193) Cleaned string and symbol table, strings: 12769 processed, 0 removed, symbols: 92863 processed, 0 removed
[2023-11-16T18:49:27.177+0000][gc            ] GC(193) Pause Remark 201M->201M(512M) 15.125ms
[2023-11-16T18:49:27.177+0000][gc,cpu        ] GC(193) User=0.03s Sys=0.00s Real=0.02s
[2023-11-16T18:49:27.177+0000][gc,marking    ] GC(193) Concurrent Rebuild Remembered Sets
[2023-11-16T18:49:27.200+0000][gc,marking    ] GC(193) Concurrent Rebuild Remembered Sets 22.585ms
[2023-11-16T18:49:27.200+0000][gc,start      ] GC(193) Pause Cleanup
[2023-11-16T18:49:27.200+0000][gc            ] GC(193) Pause Cleanup 201M->201M(512M) 0.192ms
[2023-11-16T18:49:27.200+0000][gc,cpu        ] GC(193) User=0.00s Sys=0.00s Real=0.00s
[2023-11-16T18:49:27.200+0000][gc,marking    ] GC(193) Concurrent Cleanup for Next Mark
[2023-11-16T18:49:27.202+0000][gc,marking    ] GC(193) Concurrent Cleanup for Next Mark 1.580ms
[2023-11-16T18:49:27.202+0000][gc            ] GC(193) Concurrent Cycle 80.077ms
[2023-11-16T18:50:53.703+0000][gc,start      ] GC(194) Pause Young (Prepare Mixed) (G1 Evacuation Pause)
[2023-11-16T18:50:53.703+0000][gc,task       ] GC(194) Using 2 workers of 2 for evacuation
[2023-11-16T18:50:53.713+0000][gc,phases     ] GC(194)   Pre Evacuate Collection Set: 0.0ms
[2023-11-16T18:50:53.713+0000][gc,phases     ] GC(194)   Evacuate Collection Set: 9.1ms
[2023-11-16T18:50:53.713+0000][gc,phases     ] GC(194)   Post Evacuate Collection Set: 0.4ms
[2023-11-16T18:50:53.713+0000][gc,phases     ] GC(194)   Other: 0.3ms
[2023-11-16T18:50:53.713+0000][gc,heap       ] GC(194) Eden regions: 22->0(23)
[2023-11-16T18:50:53.713+0000][gc,heap       ] GC(194) Survivor regions: 3->2(4)
[2023-11-16T18:50:53.713+0000][gc,heap       ] GC(194) Old regions: 53->54
[2023-11-16T18:50:53.713+0000][gc,heap       ] GC(194) Humongous regions: 147->147
[2023-11-16T18:50:53.713+0000][gc,metaspace  ] GC(194) Metaspace: 44083K(46592K)->44083K(46592K) NonClass: 38888K(40192K)->38888K(40192K) Class: 5195K(6400K)->5195K(6400K)
[2023-11-16T18:50:53.713+0000][gc            ] GC(194) Pause Young (Prepare Mixed) (G1 Evacuation Pause) 223M->200M(512M) 9.884ms
[2023-11-16T18:50:53.713+0000][gc,cpu        ] GC(194) User=0.01s Sys=0.00s Real=0.01s
[2023-11-16T18:52:23.916+0000][gc,start      ] GC(195) Pause Young (Mixed) (G1 Evacuation Pause)
[2023-11-16T18:52:23.916+0000][gc,task       ] GC(195) Using 2 workers of 2 for evacuation
[2023-11-16T18:52:23.930+0000][gc,phases     ] GC(195)   Pre Evacuate Collection Set: 0.0ms
[2023-11-16T18:52:23.930+0000][gc,phases     ] GC(195)   Evacuate Collection Set: 13.3ms
[2023-11-16T18:52:23.930+0000][gc,phases     ] GC(195)   Post Evacuate Collection Set: 0.4ms
[2023-11-16T18:52:23.930+0000][gc,phases     ] GC(195)   Other: 0.4ms
[2023-11-16T18:52:23.930+0000][gc,heap       ] GC(195) Eden regions: 23->0(35)
[2023-11-16T18:52:23.930+0000][gc,heap       ] GC(195) Survivor regions: 2->4(4)
[2023-11-16T18:52:23.930+0000][gc,heap       ] GC(195) Old regions: 54->48
[2023-11-16T18:52:23.930+0000][gc,heap       ] GC(195) Humongous regions: 147->147
[2023-11-16T18:52:23.930+0000][gc,metaspace  ] GC(195) Metaspace: 44083K(46592K)->44083K(46592K) NonClass: 38888K(40192K)->38888K(40192K) Class: 5195K(6400K)->5195K(6400K)
[2023-11-16T18:52:23.930+0000][gc            ] GC(195) Pause Young (Mixed) (G1 Evacuation Pause) 223M->197M(512M) 14.054ms
[2023-11-16T18:52:23.930+0000][gc,cpu        ] GC(195) User=0.03s Sys=0.00s Real=0.01s
[2023-11-16T18:54:43.049+0000][gc,start      ] GC(196) Pause Young (Concurrent Start) (G1 Evacuation Pause)
[2023-11-16T18:54:43.049+0000][gc,task       ] GC(196) Using 2 workers of 2 for evacuation
[2023-11-16T18:54:43.074+0000][gc,mmu        ] GC(196) MMU target violated: 21.0ms (20.0ms/21.0ms)
[2023-11-16T18:54:43.074+0000][gc,phases     ] GC(196)   Pre Evacuate Collection Set: 0.2ms
[2023-11-16T18:54:43.074+0000][gc,phases     ] GC(196)   Evacuate Collection Set: 24.8ms
[2023-11-16T18:54:43.074+0000][gc,phases     ] GC(196)   Post Evacuate Collection Set: 0.4ms
[2023-11-16T18:54:43.074+0000][gc,phases     ] GC(196)   Other: 0.5ms
[2023-11-16T18:54:43.074+0000][gc,heap       ] GC(196) Eden regions: 35->0(23)
[2023-11-16T18:54:43.074+0000][gc,heap       ] GC(196) Survivor regions: 4->3(5)
[2023-11-16T18:54:43.074+0000][gc,heap       ] GC(196) Old regions: 48->50
[2023-11-16T18:54:43.074+0000][gc,heap       ] GC(196) Humongous regions: 147->147
[2023-11-16T18:54:43.074+0000][gc,metaspace  ] GC(196) Metaspace: 44083K(46592K)->44083K(46592K) NonClass: 38888K(40192K)->38888K(40192K) Class: 5195K(6400K)->5195K(6400K)
[2023-11-16T18:54:43.075+0000][gc            ] GC(196) Pause Young (Concurrent Start) (G1 Evacuation Pause) 232M->198M(512M) 25.916ms
[2023-11-16T18:54:43.075+0000][gc,cpu        ] GC(196) User=0.05s Sys=0.00s Real=0.03s
[2023-11-16T18:54:43.075+0000][gc            ] GC(197) Concurrent Cycle
[2023-11-16T18:54:43.075+0000][gc,marking    ] GC(197) Concurrent Clear Claimed Marks
[2023-11-16T18:54:43.075+0000][gc,marking    ] GC(197) Concurrent Clear Claimed Marks 0.203ms
[2023-11-16T18:54:43.075+0000][gc,marking    ] GC(197) Concurrent Scan Root Regions
[2023-11-16T18:54:43.079+0000][gc,marking    ] GC(197) Concurrent Scan Root Regions 3.678ms
[2023-11-16T18:54:43.079+0000][gc,marking    ] GC(197) Concurrent Mark (13795.680s)
[2023-11-16T18:54:43.079+0000][gc,marking    ] GC(197) Concurrent Mark From Roots
[2023-11-16T18:54:43.079+0000][gc,task       ] GC(197) Using 1 workers of 1 for marking
[2023-11-16T18:54:43.126+0000][gc,marking    ] GC(197) Concurrent Mark From Roots 47.184ms
[2023-11-16T18:54:43.126+0000][gc,marking    ] GC(197) Concurrent Preclean
[2023-11-16T18:54:43.126+0000][gc,marking    ] GC(197) Concurrent Preclean 0.308ms
[2023-11-16T18:54:43.126+0000][gc,marking    ] GC(197) Concurrent Mark (13795.680s, 13795.727s) 47.582ms
[2023-11-16T18:54:43.126+0000][gc,start      ] GC(197) Pause Remark
[2023-11-16T18:54:43.141+0000][gc,stringtable] GC(197) Cleaned string and symbol table, strings: 12769 processed, 0 removed, symbols: 92863 processed, 0 removed
[2023-11-16T18:54:43.141+0000][gc            ] GC(197) Pause Remark 198M->198M(512M) 14.578ms
[2023-11-16T18:54:43.141+0000][gc,cpu        ] GC(197) User=0.03s Sys=0.00s Real=0.01s
[2023-11-16T18:54:43.141+0000][gc,marking    ] GC(197) Concurrent Rebuild Remembered Sets
[2023-11-16T18:54:43.166+0000][gc,marking    ] GC(197) Concurrent Rebuild Remembered Sets 24.769ms
[2023-11-16T18:54:43.166+0000][gc,start      ] GC(197) Pause Cleanup
[2023-11-16T18:54:43.166+0000][gc            ] GC(197) Pause Cleanup 198M->198M(512M) 0.180ms
[2023-11-16T18:54:43.166+0000][gc,cpu        ] GC(197) User=0.00s Sys=0.00s Real=0.00s
[2023-11-16T18:54:43.166+0000][gc,marking    ] GC(197) Concurrent Cleanup for Next Mark
[2023-11-16T18:54:43.168+0000][gc,marking    ] GC(197) Concurrent Cleanup for Next Mark 1.643ms
[2023-11-16T18:54:43.168+0000][gc            ] GC(197) Concurrent Cycle 93.370ms
[2023-11-16T18:56:08.779+0000][gc,start      ] GC(198) Pause Young (Prepare Mixed) (G1 Evacuation Pause)
[2023-11-16T18:56:08.779+0000][gc,task       ] GC(198) Using 2 workers of 2 for evacuation
[2023-11-16T18:56:08.795+0000][gc,phases     ] GC(198)   Pre Evacuate Collection Set: 0.0ms
[2023-11-16T18:56:08.795+0000][gc,phases     ] GC(198)   Evacuate Collection Set: 15.2ms
[2023-11-16T18:56:08.795+0000][gc,phases     ] GC(198)   Post Evacuate Collection Set: 0.4ms
[2023-11-16T18:56:08.795+0000][gc,phases     ] GC(198)   Other: 0.2ms
[2023-11-16T18:56:08.795+0000][gc,heap       ] GC(198) Eden regions: 22->0(22)
[2023-11-16T18:56:08.795+0000][gc,heap       ] GC(198) Survivor regions: 3->3(4)
[2023-11-16T18:56:08.795+0000][gc,heap       ] GC(198) Old regions: 50->53
[2023-11-16T18:56:08.795+0000][gc,heap       ] GC(198) Humongous regions: 147->147
[2023-11-16T18:56:08.795+0000][gc,metaspace  ] GC(198) Metaspace: 44083K(46592K)->44083K(46592K) NonClass: 38888K(40192K)->38888K(40192K) Class: 5195K(6400K)->5195K(6400K)
[2023-11-16T18:56:08.795+0000][gc            ] GC(198) Pause Young (Prepare Mixed) (G1 Evacuation Pause) 220M->200M(512M) 15.845ms
[2023-11-16T18:56:08.795+0000][gc,cpu        ] GC(198) User=0.03s Sys=0.00s Real=0.02s
[2023-11-16T18:57:35.437+0000][gc,start      ] GC(199) Pause Young (Mixed) (G1 Evacuation Pause)
[2023-11-16T18:57:35.437+0000][gc,task       ] GC(199) Using 2 workers of 2 for evacuation
[2023-11-16T18:57:35.449+0000][gc,phases     ] GC(199)   Pre Evacuate Collection Set: 0.0ms
[2023-11-16T18:57:35.449+0000][gc,phases     ] GC(199)   Evacuate Collection Set: 11.9ms
[2023-11-16T18:57:35.449+0000][gc,phases     ] GC(199)   Post Evacuate Collection Set: 0.3ms
[2023-11-16T18:57:35.449+0000][gc,phases     ] GC(199)   Other: 0.3ms
[2023-11-16T18:57:35.449+0000][gc,heap       ] GC(199) Eden regions: 22->0(26)
[2023-11-16T18:57:35.449+0000][gc,heap       ] GC(199) Survivor regions: 3->3(4)
[2023-11-16T18:57:35.450+0000][gc,heap       ] GC(199) Old regions: 53->50
[2023-11-16T18:57:35.450+0000][gc,heap       ] GC(199) Humongous regions: 147->147
[2023-11-16T18:57:35.450+0000][gc,metaspace  ] GC(199) Metaspace: 44083K(46592K)->44083K(46592K) NonClass: 38888K(40192K)->38888K(40192K) Class: 5195K(6400K)->5195K(6400K)
[2023-11-16T18:57:35.450+0000][gc            ] GC(199) Pause Young (Mixed) (G1 Evacuation Pause) 222M->198M(512M) 12.671ms
[2023-11-16T18:57:35.450+0000][gc,cpu        ] GC(199) User=0.02s Sys=0.00s Real=0.01s
[2023-11-16T18:59:17.622+0000][gc,start      ] GC(200) Pause Young (Concurrent Start) (G1 Evacuation Pause)
[2023-11-16T18:59:17.622+0000][gc,task       ] GC(200) Using 2 workers of 2 for evacuation
[2023-11-16T18:59:17.636+0000][gc,phases     ] GC(200)   Pre Evacuate Collection Set: 0.2ms
[2023-11-16T18:59:17.636+0000][gc,phases     ] GC(200)   Evacuate Collection Set: 12.7ms
[2023-11-16T18:59:17.636+0000][gc,phases     ] GC(200)   Post Evacuate Collection Set: 0.3ms
[2023-11-16T18:59:17.636+0000][gc,phases     ] GC(200)   Other: 0.3ms
[2023-11-16T18:59:17.636+0000][gc,heap       ] GC(200) Eden regions: 26->0(26)
[2023-11-16T18:59:17.636+0000][gc,heap       ] GC(200) Survivor regions: 3->2(4)
[2023-11-16T18:59:17.636+0000][gc,heap       ] GC(200) Old regions: 50->51
[2023-11-16T18:59:17.636+0000][gc,heap       ] GC(200) Humongous regions: 147->147
[2023-11-16T18:59:17.636+0000][gc,metaspace  ] GC(200) Metaspace: 44083K(46592K)->44083K(46592K) NonClass: 38888K(40192K)->38888K(40192K) Class: 5195K(6400K)->5195K(6400K)
[2023-11-16T18:59:17.636+0000][gc            ] GC(200) Pause Young (Concurrent Start) (G1 Evacuation Pause) 224M->198M(512M) 13.685ms
[2023-11-16T18:59:17.636+0000][gc,cpu        ] GC(200) User=0.02s Sys=0.00s Real=0.02s
[2023-11-16T18:59:17.636+0000][gc            ] GC(201) Concurrent Cycle
[2023-11-16T18:59:17.636+0000][gc,marking    ] GC(201) Concurrent Clear Claimed Marks
[2023-11-16T18:59:17.636+0000][gc,marking    ] GC(201) Concurrent Clear Claimed Marks 0.203ms
[2023-11-16T18:59:17.636+0000][gc,marking    ] GC(201) Concurrent Scan Root Regions
[2023-11-16T18:59:17.640+0000][gc,marking    ] GC(201) Concurrent Scan Root Regions 3.330ms
[2023-11-16T18:59:17.640+0000][gc,marking    ] GC(201) Concurrent Mark (14070.241s)
[2023-11-16T18:59:17.640+0000][gc,marking    ] GC(201) Concurrent Mark From Roots
[2023-11-16T18:59:17.640+0000][gc,task       ] GC(201) Using 1 workers of 1 for marking
[2023-11-16T18:59:17.683+0000][gc,marking    ] GC(201) Concurrent Mark From Roots 42.942ms
[2023-11-16T18:59:17.683+0000][gc,marking    ] GC(201) Concurrent Preclean
[2023-11-16T18:59:17.683+0000][gc,marking    ] GC(201) Concurrent Preclean 0.167ms
[2023-11-16T18:59:17.683+0000][gc,marking    ] GC(201) Concurrent Mark (14070.241s, 14070.284s) 43.173ms
[2023-11-16T18:59:17.683+0000][gc,start      ] GC(201) Pause Remark
[2023-11-16T18:59:17.700+0000][gc,stringtable] GC(201) Cleaned string and symbol table, strings: 12778 processed, 0 removed, symbols: 92863 processed, 0 removed
[2023-11-16T18:59:17.700+0000][gc            ] GC(201) Pause Remark 198M->198M(512M) 17.298ms
[2023-11-16T18:59:17.700+0000][gc,cpu        ] GC(201) User=0.03s Sys=0.00s Real=0.02s
[2023-11-16T18:59:17.700+0000][gc,marking    ] GC(201) Concurrent Rebuild Remembered Sets
[2023-11-16T18:59:17.725+0000][gc,marking    ] GC(201) Concurrent Rebuild Remembered Sets 24.855ms
[2023-11-16T18:59:17.726+0000][gc,start      ] GC(201) Pause Cleanup
[2023-11-16T18:59:17.726+0000][gc            ] GC(201) Pause Cleanup 198M->198M(512M) 0.492ms
[2023-11-16T18:59:17.726+0000][gc,cpu        ] GC(201) User=0.00s Sys=0.00s Real=0.00s
[2023-11-16T18:59:17.726+0000][gc,marking    ] GC(201) Concurrent Cleanup for Next Mark
[2023-11-16T18:59:17.728+0000][gc,marking    ] GC(201) Concurrent Cleanup for Next Mark 1.588ms
[2023-11-16T18:59:17.728+0000][gc            ] GC(201) Concurrent Cycle 91.669ms
[2023-11-16T19:00:55.796+0000][gc,start      ] GC(202) Pause Young (Prepare Mixed) (G1 Evacuation Pause)
[2023-11-16T19:00:55.796+0000][gc,task       ] GC(202) Using 2 workers of 2 for evacuation
[2023-11-16T19:00:55.816+0000][gc,phases     ] GC(202)   Pre Evacuate Collection Set: 0.0ms
[2023-11-16T19:00:55.816+0000][gc,phases     ] GC(202)   Evacuate Collection Set: 19.1ms
[2023-11-16T19:00:55.816+0000][gc,phases     ] GC(202)   Post Evacuate Collection Set: 0.4ms
[2023-11-16T19:00:55.816+0000][gc,phases     ] GC(202)   Other: 0.3ms
[2023-11-16T19:00:55.816+0000][gc,heap       ] GC(202) Eden regions: 25->0(21)
[2023-11-16T19:00:55.816+0000][gc,heap       ] GC(202) Survivor regions: 2->4(4)
[2023-11-16T19:00:55.816+0000][gc,heap       ] GC(202) Old regions: 51->52
[2023-11-16T19:00:55.816+0000][gc,heap       ] GC(202) Humongous regions: 147->147
[2023-11-16T19:00:55.816+0000][gc,metaspace  ] GC(202) Metaspace: 44088K(46592K)->44088K(46592K) NonClass: 38893K(40192K)->38893K(40192K) Class: 5195K(6400K)->5195K(6400K)
[2023-11-16T19:00:55.816+0000][gc            ] GC(202) Pause Young (Prepare Mixed) (G1 Evacuation Pause) 223M->200M(512M) 19.941ms
[2023-11-16T19:00:55.816+0000][gc,cpu        ] GC(202) User=0.04s Sys=0.00s Real=0.02s
[2023-11-16T19:02:18.348+0000][gc,start      ] GC(203) Pause Young (Mixed) (G1 Evacuation Pause)
[2023-11-16T19:02:18.348+0000][gc,task       ] GC(203) Using 2 workers of 2 for evacuation
[2023-11-16T19:02:18.363+0000][gc,phases     ] GC(203)   Pre Evacuate Collection Set: 0.0ms
[2023-11-16T19:02:18.363+0000][gc,phases     ] GC(203)   Evacuate Collection Set: 14.7ms
[2023-11-16T19:02:18.363+0000][gc,phases     ] GC(203)   Post Evacuate Collection Set: 0.3ms
[2023-11-16T19:02:18.363+0000][gc,phases     ] GC(203)   Other: 0.3ms
[2023-11-16T19:02:18.363+0000][gc,heap       ] GC(203) Eden regions: 21->0(26)
[2023-11-16T19:02:18.363+0000][gc,heap       ] GC(203) Survivor regions: 4->2(4)
[2023-11-16T19:02:18.363+0000][gc,heap       ] GC(203) Old regions: 52->49
[2023-11-16T19:02:18.363+0000][gc,heap       ] GC(203) Humongous regions: 147->147
[2023-11-16T19:02:18.363+0000][gc,metaspace  ] GC(203) Metaspace: 44088K(46592K)->44088K(46592K) NonClass: 38893K(40192K)->38893K(40192K) Class: 5195K(6400K)->5195K(6400K)
[2023-11-16T19:02:18.363+0000][gc            ] GC(203) Pause Young (Mixed) (G1 Evacuation Pause) 221M->195M(512M) 15.368ms
[2023-11-16T19:02:18.363+0000][gc,cpu        ] GC(203) User=0.03s Sys=0.00s Real=0.01s
[2023-11-16T19:04:01.099+0000][gc,start      ] GC(204) Pause Young (Normal) (G1 Evacuation Pause)
[2023-11-16T19:04:01.099+0000][gc,task       ] GC(204) Using 2 workers of 2 for evacuation
[2023-11-16T19:04:01.115+0000][gc,phases     ] GC(204)   Pre Evacuate Collection Set: 0.0ms
[2023-11-16T19:04:01.115+0000][gc,phases     ] GC(204)   Evacuate Collection Set: 14.9ms
[2023-11-16T19:04:01.115+0000][gc,phases     ] GC(204)   Post Evacuate Collection Set: 0.8ms
[2023-11-16T19:04:01.115+0000][gc,phases     ] GC(204)   Other: 0.2ms
[2023-11-16T19:04:01.115+0000][gc,heap       ] GC(204) Eden regions: 26->0(26)
[2023-11-16T19:04:01.115+0000][gc,heap       ] GC(204) Survivor regions: 2->4(4)
[2023-11-16T19:04:01.115+0000][gc,heap       ] GC(204) Old regions: 49->49
[2023-11-16T19:04:01.115+0000][gc,heap       ] GC(204) Humongous regions: 147->147
[2023-11-16T19:04:01.115+0000][gc,metaspace  ] GC(204) Metaspace: 44088K(46592K)->44088K(46592K) NonClass: 38893K(40192K)->38893K(40192K) Class: 5195K(6400K)->5195K(6400K)
[2023-11-16T19:04:01.115+0000][gc            ] GC(204) Pause Young (Normal) (G1 Evacuation Pause) 221M->198M(512M) 16.098ms
[2023-11-16T19:04:01.115+0000][gc,cpu        ] GC(204) User=0.02s Sys=0.00s Real=0.02s
[2023-11-16T19:05:04.218+0000][gc,start      ] GC(205) Pause Young (Normal) (G1 Evacuation Pause)
[2023-11-16T19:05:04.218+0000][gc,task       ] GC(205) Using 2 workers of 2 for evacuation
[2023-11-16T19:05:04.236+0000][gc,phases     ] GC(205)   Pre Evacuate Collection Set: 0.0ms
[2023-11-16T19:05:04.236+0000][gc,phases     ] GC(205)   Evacuate Collection Set: 17.5ms
[2023-11-16T19:05:04.236+0000][gc,phases     ] GC(205)   Post Evacuate Collection Set: 0.4ms
[2023-11-16T19:05:04.236+0000][gc,phases     ] GC(205)   Other: 0.2ms
[2023-11-16T19:05:04.236+0000][gc,heap       ] GC(205) Eden regions: 21->0(24)
[2023-11-16T19:05:04.236+0000][gc,heap       ] GC(205) Survivor regions: 4->4(4)
[2023-11-16T19:05:04.236+0000][gc,heap       ] GC(205) Old regions: 49->51
[2023-11-16T19:05:04.236+0000][gc,heap       ] GC(205) Humongous regions: 147->147
[2023-11-16T19:05:04.236+0000][gc,metaspace  ] GC(205) Metaspace: 44103K(46592K)->44103K(46592K) NonClass: 38908K(40192K)->38908K(40192K) Class: 5195K(6400K)->5195K(6400K)
[2023-11-16T19:05:04.236+0000][gc            ] GC(205) Pause Young (Normal) (G1 Evacuation Pause) 219M->200M(512M) 18.210ms
[2023-11-16T19:05:04.236+0000][gc,cpu        ] GC(205) User=0.04s Sys=0.00s Real=0.02s
[2023-11-16T19:06:21.370+0000][gc,start      ] GC(206) Pause Young (Concurrent Start) (G1 Evacuation Pause)
[2023-11-16T19:06:21.370+0000][gc,task       ] GC(206) Using 2 workers of 2 for evacuation
[2023-11-16T19:06:21.394+0000][gc,mmu        ] GC(206) MMU target violated: 21.0ms (20.0ms/21.0ms)
[2023-11-16T19:06:21.394+0000][gc,phases     ] GC(206)   Pre Evacuate Collection Set: 0.2ms
[2023-11-16T19:06:21.394+0000][gc,phases     ] GC(206)   Evacuate Collection Set: 22.4ms
[2023-11-16T19:06:21.394+0000][gc,phases     ] GC(206)   Post Evacuate Collection Set: 0.5ms
[2023-11-16T19:06:21.394+0000][gc,phases     ] GC(206)   Other: 0.4ms
[2023-11-16T19:06:21.394+0000][gc,heap       ] GC(206) Eden regions: 21->0(22)
[2023-11-16T19:06:21.394+0000][gc,heap       ] GC(206) Survivor regions: 4->3(4)
[2023-11-16T19:06:21.394+0000][gc,heap       ] GC(206) Old regions: 51->55
[2023-11-16T19:06:21.394+0000][gc,heap       ] GC(206) Humongous regions: 147->147
[2023-11-16T19:06:21.394+0000][gc,metaspace  ] GC(206) Metaspace: 44143K(46848K)->44143K(46848K) NonClass: 38945K(40448K)->38945K(40448K) Class: 5197K(6400K)->5197K(6400K)
[2023-11-16T19:06:21.394+0000][gc            ] GC(206) Pause Young (Concurrent Start) (G1 Evacuation Pause) 221M->203M(512M) 23.512ms
[2023-11-16T19:06:21.394+0000][gc,cpu        ] GC(206) User=0.04s Sys=0.00s Real=0.03s
[2023-11-16T19:06:21.394+0000][gc            ] GC(207) Concurrent Cycle
[2023-11-16T19:06:21.394+0000][gc,marking    ] GC(207) Concurrent Clear Claimed Marks
[2023-11-16T19:06:21.394+0000][gc,marking    ] GC(207) Concurrent Clear Claimed Marks 0.215ms
[2023-11-16T19:06:21.394+0000][gc,marking    ] GC(207) Concurrent Scan Root Regions
[2023-11-16T19:06:21.398+0000][gc,marking    ] GC(207) Concurrent Scan Root Regions 3.326ms
[2023-11-16T19:06:21.398+0000][gc,marking    ] GC(207) Concurrent Mark (14493.999s)
[2023-11-16T19:06:21.398+0000][gc,marking    ] GC(207) Concurrent Mark From Roots
[2023-11-16T19:06:21.398+0000][gc,task       ] GC(207) Using 1 workers of 1 for marking
[2023-11-16T19:06:21.433+0000][gc,marking    ] GC(207) Concurrent Mark From Roots 35.459ms
[2023-11-16T19:06:21.433+0000][gc,marking    ] GC(207) Concurrent Preclean
[2023-11-16T19:06:21.433+0000][gc,marking    ] GC(207) Concurrent Preclean 0.169ms
[2023-11-16T19:06:21.433+0000][gc,marking    ] GC(207) Concurrent Mark (14493.999s, 14494.034s) 35.683ms
[2023-11-16T19:06:21.434+0000][gc,start      ] GC(207) Pause Remark
[2023-11-16T19:06:21.450+0000][gc,stringtable] GC(207) Cleaned string and symbol table, strings: 12783 processed, 0 removed, symbols: 92911 processed, 0 removed
[2023-11-16T19:06:21.451+0000][gc            ] GC(207) Pause Remark 203M->202M(512M) 17.215ms
[2023-11-16T19:06:21.451+0000][gc,cpu        ] GC(207) User=0.03s Sys=0.00s Real=0.01s
[2023-11-16T19:06:21.451+0000][gc,marking    ] GC(207) Concurrent Rebuild Remembered Sets
[2023-11-16T19:06:21.472+0000][gc,marking    ] GC(207) Concurrent Rebuild Remembered Sets 21.492ms
[2023-11-16T19:06:21.473+0000][gc,start      ] GC(207) Pause Cleanup
[2023-11-16T19:06:21.473+0000][gc            ] GC(207) Pause Cleanup 202M->202M(512M) 0.164ms
[2023-11-16T19:06:21.473+0000][gc,cpu        ] GC(207) User=0.00s Sys=0.00s Real=0.00s
[2023-11-16T19:06:21.473+0000][gc,marking    ] GC(207) Concurrent Cleanup for Next Mark
[2023-11-16T19:06:21.474+0000][gc,marking    ] GC(207) Concurrent Cleanup for Next Mark 1.640ms
[2023-11-16T19:06:21.474+0000][gc            ] GC(207) Concurrent Cycle 80.479ms
[2023-11-16T19:07:47.533+0000][gc,start      ] GC(208) Pause Young (Prepare Mixed) (G1 Evacuation Pause)
[2023-11-16T19:07:47.533+0000][gc,task       ] GC(208) Using 2 workers of 2 for evacuation
[2023-11-16T19:07:47.550+0000][gc,phases     ] GC(208)   Pre Evacuate Collection Set: 0.0ms
[2023-11-16T19:07:47.550+0000][gc,phases     ] GC(208)   Evacuate Collection Set: 15.8ms
[2023-11-16T19:07:47.550+0000][gc,phases     ] GC(208)   Post Evacuate Collection Set: 0.3ms
[2023-11-16T19:07:47.550+0000][gc,phases     ] GC(208)   Other: 0.4ms
[2023-11-16T19:07:47.550+0000][gc,heap       ] GC(208) Eden regions: 22->0(23)
[2023-11-16T19:07:47.550+0000][gc,heap       ] GC(208) Survivor regions: 3->2(4)
[2023-11-16T19:07:47.550+0000][gc,heap       ] GC(208) Old regions: 54->56
[2023-11-16T19:07:47.550+0000][gc,heap       ] GC(208) Humongous regions: 147->147
[2023-11-16T19:07:47.550+0000][gc,metaspace  ] GC(208) Metaspace: 44143K(46848K)->44143K(46848K) NonClass: 38945K(40448K)->38945K(40448K) Class: 5197K(6400K)->5197K(6400K)
[2023-11-16T19:07:47.550+0000][gc            ] GC(208) Pause Young (Prepare Mixed) (G1 Evacuation Pause) 224M->202M(512M) 16.616ms
[2023-11-16T19:07:47.550+0000][gc,cpu        ] GC(208) User=0.02s Sys=0.00s Real=0.02s
[2023-11-16T19:09:18.199+0000][gc,start      ] GC(209) Pause Young (Mixed) (G1 Evacuation Pause)
[2023-11-16T19:09:18.199+0000][gc,task       ] GC(209) Using 2 workers of 2 for evacuation
[2023-11-16T19:09:18.229+0000][gc,mmu        ] GC(209) MMU target violated: 21.0ms (20.0ms/21.0ms)
[2023-11-16T19:09:18.229+0000][gc,phases     ] GC(209)   Pre Evacuate Collection Set: 0.0ms
[2023-11-16T19:09:18.229+0000][gc,phases     ] GC(209)   Evacuate Collection Set: 26.6ms
[2023-11-16T19:09:18.229+0000][gc,phases     ] GC(209)   Post Evacuate Collection Set: 3.0ms
[2023-11-16T19:09:18.229+0000][gc,phases     ] GC(209)   Other: 0.3ms
[2023-11-16T19:09:18.229+0000][gc,heap       ] GC(209) Eden regions: 23->0(21)
[2023-11-16T19:09:18.229+0000][gc,heap       ] GC(209) Survivor regions: 2->4(4)
[2023-11-16T19:09:18.229+0000][gc,heap       ] GC(209) Old regions: 56->51
[2023-11-16T19:09:18.229+0000][gc,heap       ] GC(209) Humongous regions: 147->147
[2023-11-16T19:09:18.229+0000][gc,metaspace  ] GC(209) Metaspace: 44145K(46848K)->44145K(46848K) NonClass: 38947K(40448K)->38947K(40448K) Class: 5197K(6400K)->5197K(6400K)
[2023-11-16T19:09:18.229+0000][gc            ] GC(209) Pause Young (Mixed) (G1 Evacuation Pause) 225M->200M(512M) 29.960ms
[2023-11-16T19:09:18.229+0000][gc,cpu        ] GC(209) User=0.05s Sys=0.00s Real=0.03s
[2023-11-16T19:10:39.365+0000][gc,start      ] GC(210) Pause Young (Mixed) (G1 Evacuation Pause)
[2023-11-16T19:10:39.365+0000][gc,task       ] GC(210) Using 2 workers of 2 for evacuation
[2023-11-16T19:10:39.380+0000][gc,phases     ] GC(210)   Pre Evacuate Collection Set: 0.0ms
[2023-11-16T19:10:39.380+0000][gc,phases     ] GC(210)   Evacuate Collection Set: 12.7ms
[2023-11-16T19:10:39.380+0000][gc,phases     ] GC(210)   Post Evacuate Collection Set: 0.3ms
[2023-11-16T19:10:39.380+0000][gc,phases     ] GC(210)   Other: 1.5ms
[2023-11-16T19:10:39.380+0000][gc,heap       ] GC(210) Eden regions: 21->0(23)
[2023-11-16T19:10:39.380+0000][gc,heap       ] GC(210) Survivor regions: 4->2(4)
[2023-11-16T19:10:39.380+0000][gc,heap       ] GC(210) Old regions: 51->51
[2023-11-16T19:10:39.380+0000][gc,heap       ] GC(210) Humongous regions: 147->147
[2023-11-16T19:10:39.380+0000][gc,metaspace  ] GC(210) Metaspace: 44145K(46848K)->44145K(46848K) NonClass: 38947K(40448K)->38947K(40448K) Class: 5197K(6400K)->5197K(6400K)
[2023-11-16T19:10:39.380+0000][gc            ] GC(210) Pause Young (Mixed) (G1 Evacuation Pause) 221M->198M(512M) 14.638ms
[2023-11-16T19:10:39.380+0000][gc,cpu        ] GC(210) User=0.03s Sys=0.00s Real=0.02s
[2023-11-16T19:12:10.579+0000][gc,start      ] GC(211) Pause Young (Normal) (G1 Evacuation Pause)
[2023-11-16T19:12:10.579+0000][gc,task       ] GC(211) Using 2 workers of 2 for evacuation
[2023-11-16T19:12:10.593+0000][gc,phases     ] GC(211)   Pre Evacuate Collection Set: 0.0ms
[2023-11-16T19:12:10.593+0000][gc,phases     ] GC(211)   Evacuate Collection Set: 13.6ms
[2023-11-16T19:12:10.593+0000][gc,phases     ] GC(211)   Post Evacuate Collection Set: 0.3ms
[2023-11-16T19:12:10.593+0000][gc,phases     ] GC(211)   Other: 0.3ms
[2023-11-16T19:12:10.593+0000][gc,heap       ] GC(211) Eden regions: 23->0(21)
[2023-11-16T19:12:10.593+0000][gc,heap       ] GC(211) Survivor regions: 2->4(4)
[2023-11-16T19:12:10.593+0000][gc,heap       ] GC(211) Old regions: 51->51
[2023-11-16T19:12:10.593+0000][gc,heap       ] GC(211) Humongous regions: 147->147
[2023-11-16T19:12:10.593+0000][gc,metaspace  ] GC(211) Metaspace: 44145K(46848K)->44145K(46848K) NonClass: 38947K(40448K)->38947K(40448K) Class: 5197K(6400K)->5197K(6400K)
[2023-11-16T19:12:10.593+0000][gc            ] GC(211) Pause Young (Normal) (G1 Evacuation Pause) 221M->200M(512M) 14.378ms
[2023-11-16T19:12:10.593+0000][gc,cpu        ] GC(211) User=0.03s Sys=0.00s Real=0.01s
[2023-11-16T19:13:32.664+0000][gc,start      ] GC(212) Pause Young (Normal) (G1 Evacuation Pause)
[2023-11-16T19:13:32.664+0000][gc,task       ] GC(212) Using 2 workers of 2 for evacuation
[2023-11-16T19:13:32.674+0000][gc,phases     ] GC(212)   Pre Evacuate Collection Set: 0.0ms
[2023-11-16T19:13:32.674+0000][gc,phases     ] GC(212)   Evacuate Collection Set: 9.6ms
[2023-11-16T19:13:32.674+0000][gc,phases     ] GC(212)   Post Evacuate Collection Set: 0.3ms
[2023-11-16T19:13:32.674+0000][gc,phases     ] GC(212)   Other: 0.2ms
[2023-11-16T19:13:32.674+0000][gc,heap       ] GC(212) Eden regions: 21->0(23)
[2023-11-16T19:13:32.674+0000][gc,heap       ] GC(212) Survivor regions: 4->2(4)
[2023-11-16T19:13:32.674+0000][gc,heap       ] GC(212) Old regions: 51->53
[2023-11-16T19:13:32.674+0000][gc,heap       ] GC(212) Humongous regions: 147->147
[2023-11-16T19:13:32.674+0000][gc,metaspace  ] GC(212) Metaspace: 44145K(46848K)->44145K(46848K) NonClass: 38947K(40448K)->38947K(40448K) Class: 5197K(6400K)->5197K(6400K)
[2023-11-16T19:13:32.674+0000][gc            ] GC(212) Pause Young (Normal) (G1 Evacuation Pause) 221M->199M(512M) 10.229ms
[2023-11-16T19:13:32.674+0000][gc,cpu        ] GC(212) User=0.02s Sys=0.00s Real=0.02s
[2023-11-16T19:15:02.371+0000][gc,start      ] GC(213) Pause Young (Normal) (G1 Evacuation Pause)
[2023-11-16T19:15:02.371+0000][gc,task       ] GC(213) Using 2 workers of 2 for evacuation
[2023-11-16T19:15:02.398+0000][gc,mmu        ] GC(213) MMU target violated: 21.0ms (20.0ms/21.0ms)
[2023-11-16T19:15:02.398+0000][gc,phases     ] GC(213)   Pre Evacuate Collection Set: 0.0ms
[2023-11-16T19:15:02.399+0000][gc,phases     ] GC(213)   Evacuate Collection Set: 25.7ms
[2023-11-16T19:15:02.399+0000][gc,phases     ] GC(213)   Post Evacuate Collection Set: 1.8ms
[2023-11-16T19:15:02.399+0000][gc,phases     ] GC(213)   Other: 0.4ms
[2023-11-16T19:15:02.399+0000][gc,heap       ] GC(213) Eden regions: 23->0(21)
[2023-11-16T19:15:02.399+0000][gc,heap       ] GC(213) Survivor regions: 2->4(4)
[2023-11-16T19:15:02.399+0000][gc,heap       ] GC(213) Old regions: 53->53
[2023-11-16T19:15:02.399+0000][gc,heap       ] GC(213) Humongous regions: 147->147
[2023-11-16T19:15:02.399+0000][gc,metaspace  ] GC(213) Metaspace: 44145K(46848K)->44145K(46848K) NonClass: 38947K(40448K)->38947K(40448K) Class: 5197K(6400K)->5197K(6400K)
[2023-11-16T19:15:02.399+0000][gc            ] GC(213) Pause Young (Normal) (G1 Evacuation Pause) 222M->202M(512M) 27.872ms
[2023-11-16T19:15:02.399+0000][gc,cpu        ] GC(213) User=0.05s Sys=0.01s Real=0.03s
[2023-11-16T19:16:23.441+0000][gc,start      ] GC(214) Pause Young (Normal) (G1 Evacuation Pause)
[2023-11-16T19:16:23.441+0000][gc,task       ] GC(214) Using 2 workers of 2 for evacuation
[2023-11-16T19:16:23.451+0000][gc,phases     ] GC(214)   Pre Evacuate Collection Set: 0.0ms
[2023-11-16T19:16:23.451+0000][gc,phases     ] GC(214)   Evacuate Collection Set: 9.5ms
[2023-11-16T19:16:23.451+0000][gc,phases     ] GC(214)   Post Evacuate Collection Set: 0.4ms
[2023-11-16T19:16:23.451+0000][gc,phases     ] GC(214)   Other: 0.2ms
[2023-11-16T19:16:23.451+0000][gc,heap       ] GC(214) Eden regions: 21->0(23)
[2023-11-16T19:16:23.451+0000][gc,heap       ] GC(214) Survivor regions: 4->2(4)
[2023-11-16T19:16:23.451+0000][gc,heap       ] GC(214) Old regions: 53->55
[2023-11-16T19:16:23.451+0000][gc,heap       ] GC(214) Humongous regions: 147->147
[2023-11-16T19:16:23.451+0000][gc,metaspace  ] GC(214) Metaspace: 44146K(46848K)->44146K(46848K) NonClass: 38948K(40448K)->38948K(40448K) Class: 5197K(6400K)->5197K(6400K)
[2023-11-16T19:16:23.451+0000][gc            ] GC(214) Pause Young (Normal) (G1 Evacuation Pause) 223M->202M(512M) 10.175ms
[2023-11-16T19:16:23.451+0000][gc,cpu        ] GC(214) User=0.02s Sys=0.00s Real=0.01s
[2023-11-16T19:17:53.762+0000][gc,start      ] GC(215) Pause Young (Normal) (G1 Evacuation Pause)
[2023-11-16T19:17:53.762+0000][gc,task       ] GC(215) Using 2 workers of 2 for evacuation
[2023-11-16T19:17:53.773+0000][gc,phases     ] GC(215)   Pre Evacuate Collection Set: 0.0ms
[2023-11-16T19:17:53.774+0000][gc,phases     ] GC(215)   Evacuate Collection Set: 11.3ms
[2023-11-16T19:17:53.774+0000][gc,phases     ] GC(215)   Post Evacuate Collection Set: 0.4ms
[2023-11-16T19:17:53.774+0000][gc,phases     ] GC(215)   Other: 0.2ms
[2023-11-16T19:17:53.774+0000][gc,heap       ] GC(215) Eden regions: 23->0(23)
[2023-11-16T19:17:53.774+0000][gc,heap       ] GC(215) Survivor regions: 2->4(4)
[2023-11-16T19:17:53.774+0000][gc,heap       ] GC(215) Old regions: 55->55
[2023-11-16T19:17:53.774+0000][gc,heap       ] GC(215) Humongous regions: 147->147
[2023-11-16T19:17:53.774+0000][gc,metaspace  ] GC(215) Metaspace: 44153K(46848K)->44153K(46848K) NonClass: 38956K(40448K)->38956K(40448K) Class: 5197K(6400K)->5197K(6400K)
[2023-11-16T19:17:53.774+0000][gc            ] GC(215) Pause Young (Normal) (G1 Evacuation Pause) 225M->204M(512M) 12.041ms
[2023-11-16T19:17:53.774+0000][gc,cpu        ] GC(215) User=0.02s Sys=0.00s Real=0.02s
[2023-11-16T19:19:23.776+0000][gc,start      ] GC(216) Pause Young (Normal) (G1 Evacuation Pause)
[2023-11-16T19:19:23.776+0000][gc,task       ] GC(216) Using 2 workers of 2 for evacuation
[2023-11-16T19:19:23.789+0000][gc,phases     ] GC(216)   Pre Evacuate Collection Set: 0.0ms
[2023-11-16T19:19:23.789+0000][gc,phases     ] GC(216)   Evacuate Collection Set: 12.3ms
[2023-11-16T19:19:23.789+0000][gc,phases     ] GC(216)   Post Evacuate Collection Set: 0.3ms
[2023-11-16T19:19:23.789+0000][gc,phases     ] GC(216)   Other: 0.3ms
[2023-11-16T19:19:23.789+0000][gc,heap       ] GC(216) Eden regions: 23->0(26)
[2023-11-16T19:19:23.789+0000][gc,heap       ] GC(216) Survivor regions: 4->3(4)
[2023-11-16T19:19:23.789+0000][gc,heap       ] GC(216) Old regions: 55->57
[2023-11-16T19:19:23.789+0000][gc,heap       ] GC(216) Humongous regions: 147->147
[2023-11-16T19:19:23.789+0000][gc,metaspace  ] GC(216) Metaspace: 44159K(46848K)->44159K(46848K) NonClass: 38961K(40448K)->38961K(40448K) Class: 5197K(6400K)->5197K(6400K)
[2023-11-16T19:19:23.789+0000][gc            ] GC(216) Pause Young (Normal) (G1 Evacuation Pause) 227M->204M(512M) 13.060ms
[2023-11-16T19:19:23.789+0000][gc,cpu        ] GC(216) User=0.03s Sys=0.00s Real=0.01s
[2023-11-16T19:21:07.415+0000][gc,start      ] GC(217) Pause Young (Normal) (G1 Evacuation Pause)
[2023-11-16T19:21:07.415+0000][gc,task       ] GC(217) Using 2 workers of 2 for evacuation
[2023-11-16T19:21:07.430+0000][gc,phases     ] GC(217)   Pre Evacuate Collection Set: 0.0ms
[2023-11-16T19:21:07.430+0000][gc,phases     ] GC(217)   Evacuate Collection Set: 14.0ms
[2023-11-16T19:21:07.430+0000][gc,phases     ] GC(217)   Post Evacuate Collection Set: 0.3ms
[2023-11-16T19:21:07.430+0000][gc,phases     ] GC(217)   Other: 0.3ms
[2023-11-16T19:21:07.430+0000][gc,heap       ] GC(217) Eden regions: 26->0(26)
[2023-11-16T19:21:07.430+0000][gc,heap       ] GC(217) Survivor regions: 3->4(4)
[2023-11-16T19:21:07.430+0000][gc,heap       ] GC(217) Old regions: 57->58
[2023-11-16T19:21:07.430+0000][gc,heap       ] GC(217) Humongous regions: 147->147
[2023-11-16T19:21:07.430+0000][gc,metaspace  ] GC(217) Metaspace: 44174K(46848K)->44174K(46848K) NonClass: 38976K(40448K)->38976K(40448K) Class: 5197K(6400K)->5197K(6400K)
[2023-11-16T19:21:07.430+0000][gc            ] GC(217) Pause Young (Normal) (G1 Evacuation Pause) 230M->206M(512M) 14.659ms
[2023-11-16T19:21:07.430+0000][gc,cpu        ] GC(217) User=0.03s Sys=0.00s Real=0.01s
[2023-11-16T19:22:49.094+0000][gc,start      ] GC(218) Pause Young (Normal) (G1 Evacuation Pause)
[2023-11-16T19:22:49.094+0000][gc,task       ] GC(218) Using 2 workers of 2 for evacuation
[2023-11-16T19:22:49.105+0000][gc,phases     ] GC(218)   Pre Evacuate Collection Set: 0.0ms
[2023-11-16T19:22:49.105+0000][gc,phases     ] GC(218)   Evacuate Collection Set: 10.6ms
[2023-11-16T19:22:49.105+0000][gc,phases     ] GC(218)   Post Evacuate Collection Set: 0.3ms
[2023-11-16T19:22:49.105+0000][gc,phases     ] GC(218)   Other: 0.2ms
[2023-11-16T19:22:49.105+0000][gc,heap       ] GC(218) Eden regions: 26->0(29)
[2023-11-16T19:22:49.105+0000][gc,heap       ] GC(218) Survivor regions: 4->3(4)
[2023-11-16T19:22:49.105+0000][gc,heap       ] GC(218) Old regions: 58->59
[2023-11-16T19:22:49.105+0000][gc,heap       ] GC(218) Humongous regions: 147->147
[2023-11-16T19:22:49.105+0000][gc,metaspace  ] GC(218) Metaspace: 44175K(46848K)->44175K(46848K) NonClass: 38977K(40448K)->38977K(40448K) Class: 5197K(6400K)->5197K(6400K)
[2023-11-16T19:22:49.105+0000][gc            ] GC(218) Pause Young (Normal) (G1 Evacuation Pause) 232M->207M(512M) 11.268ms
[2023-11-16T19:22:49.105+0000][gc,cpu        ] GC(218) User=0.03s Sys=0.00s Real=0.01s
[2023-11-16T19:24:43.348+0000][gc,start      ] GC(219) Pause Young (Normal) (G1 Evacuation Pause)
[2023-11-16T19:24:43.348+0000][gc,task       ] GC(219) Using 2 workers of 2 for evacuation
[2023-11-16T19:24:43.358+0000][gc,phases     ] GC(219)   Pre Evacuate Collection Set: 0.0ms
[2023-11-16T19:24:43.358+0000][gc,phases     ] GC(219)   Evacuate Collection Set: 9.8ms
[2023-11-16T19:24:43.358+0000][gc,phases     ] GC(219)   Post Evacuate Collection Set: 0.3ms
[2023-11-16T19:24:43.358+0000][gc,phases     ] GC(219)   Other: 0.2ms
[2023-11-16T19:24:43.358+0000][gc,heap       ] GC(219) Eden regions: 29->0(32)
[2023-11-16T19:24:43.358+0000][gc,heap       ] GC(219) Survivor regions: 3->2(4)
[2023-11-16T19:24:43.358+0000][gc,heap       ] GC(219) Old regions: 59->60
[2023-11-16T19:24:43.358+0000][gc,heap       ] GC(219) Humongous regions: 147->147
[2023-11-16T19:24:43.358+0000][gc,metaspace  ] GC(219) Metaspace: 44175K(46848K)->44175K(46848K) NonClass: 38977K(40448K)->38977K(40448K) Class: 5197K(6400K)->5197K(6400K)
[2023-11-16T19:24:43.358+0000][gc            ] GC(219) Pause Young (Normal) (G1 Evacuation Pause) 236M->207M(512M) 10.450ms
[2023-11-16T19:24:43.358+0000][gc,cpu        ] GC(219) User=0.02s Sys=0.00s Real=0.01s
[2023-11-16T19:26:50.016+0000][gc,start      ] GC(220) Pause Young (Normal) (G1 Evacuation Pause)
[2023-11-16T19:26:50.016+0000][gc,task       ] GC(220) Using 2 workers of 2 for evacuation
[2023-11-16T19:26:50.031+0000][gc,phases     ] GC(220)   Pre Evacuate Collection Set: 0.0ms
[2023-11-16T19:26:50.031+0000][gc,phases     ] GC(220)   Evacuate Collection Set: 13.8ms
[2023-11-16T19:26:50.031+0000][gc,phases     ] GC(220)   Post Evacuate Collection Set: 0.4ms
[2023-11-16T19:26:50.031+0000][gc,phases     ] GC(220)   Other: 0.2ms
[2023-11-16T19:26:50.031+0000][gc,heap       ] GC(220) Eden regions: 32->0(32)
[2023-11-16T19:26:50.031+0000][gc,heap       ] GC(220) Survivor regions: 2->5(5)
[2023-11-16T19:26:50.031+0000][gc,heap       ] GC(220) Old regions: 60->61
[2023-11-16T19:26:50.031+0000][gc,heap       ] GC(220) Humongous regions: 147->147
[2023-11-16T19:26:50.031+0000][gc,metaspace  ] GC(220) Metaspace: 44175K(46848K)->44175K(46848K) NonClass: 38977K(40448K)->38977K(40448K) Class: 5197K(6400K)->5197K(6400K)
[2023-11-16T19:26:50.031+0000][gc            ] GC(220) Pause Young (Normal) (G1 Evacuation Pause) 239M->210M(512M) 14.480ms
[2023-11-16T19:26:50.031+0000][gc,cpu        ] GC(220) User=0.03s Sys=0.00s Real=0.01s
[2023-11-16T19:28:56.233+0000][gc,start      ] GC(221) Pause Young (Normal) (G1 Evacuation Pause)
[2023-11-16T19:28:56.233+0000][gc,task       ] GC(221) Using 2 workers of 2 for evacuation
[2023-11-16T19:28:56.249+0000][gc,phases     ] GC(221)   Pre Evacuate Collection Set: 0.0ms
[2023-11-16T19:28:56.249+0000][gc,phases     ] GC(221)   Evacuate Collection Set: 15.4ms
[2023-11-16T19:28:56.249+0000][gc,phases     ] GC(221)   Post Evacuate Collection Set: 0.4ms
[2023-11-16T19:28:56.250+0000][gc,phases     ] GC(221)   Other: 0.2ms
[2023-11-16T19:28:56.250+0000][gc,heap       ] GC(221) Eden regions: 32->0(33)
[2023-11-16T19:28:56.250+0000][gc,heap       ] GC(221) Survivor regions: 5->4(5)
[2023-11-16T19:28:56.250+0000][gc,heap       ] GC(221) Old regions: 61->63
[2023-11-16T19:28:56.250+0000][gc,heap       ] GC(221) Humongous regions: 147->147
[2023-11-16T19:28:56.250+0000][gc,metaspace  ] GC(221) Metaspace: 44175K(46848K)->44175K(46848K) NonClass: 38977K(40448K)->38977K(40448K) Class: 5197K(6400K)->5197K(6400K)
[2023-11-16T19:28:56.250+0000][gc            ] GC(221) Pause Young (Normal) (G1 Evacuation Pause) 242M->211M(512M) 16.130ms
[2023-11-16T19:28:56.250+0000][gc,cpu        ] GC(221) User=0.03s Sys=0.00s Real=0.01s
[2023-11-16T19:30:58.457+0000][gc,start      ] GC(222) Pause Young (Normal) (G1 Evacuation Pause)
[2023-11-16T19:30:58.457+0000][gc,task       ] GC(222) Using 2 workers of 2 for evacuation
[2023-11-16T19:30:58.470+0000][gc,phases     ] GC(222)   Pre Evacuate Collection Set: 0.0ms
[2023-11-16T19:30:58.470+0000][gc,phases     ] GC(222)   Evacuate Collection Set: 12.2ms
[2023-11-16T19:30:58.470+0000][gc,phases     ] GC(222)   Post Evacuate Collection Set: 0.3ms
[2023-11-16T19:30:58.470+0000][gc,phases     ] GC(222)   Other: 0.3ms
[2023-11-16T19:30:58.470+0000][gc,heap       ] GC(222) Eden regions: 31->0(35)
[2023-11-16T19:30:58.470+0000][gc,heap       ] GC(222) Survivor regions: 4->3(5)
[2023-11-16T19:30:58.470+0000][gc,heap       ] GC(222) Old regions: 63->64
[2023-11-16T19:30:58.470+0000][gc,heap       ] GC(222) Humongous regions: 147->147
[2023-11-16T19:30:58.470+0000][gc,metaspace  ] GC(222) Metaspace: 44175K(46848K)->44175K(46848K) NonClass: 38977K(40448K)->38977K(40448K) Class: 5197K(6400K)->5197K(6400K)
[2023-11-16T19:30:58.470+0000][gc            ] GC(222) Pause Young (Normal) (G1 Evacuation Pause) 242M->212M(512M) 12.890ms
[2023-11-16T19:30:58.470+0000][gc,cpu        ] GC(222) User=0.03s Sys=0.00s Real=0.01s
[2023-11-16T19:33:18.201+0000][gc,start      ] GC(223) Pause Young (Normal) (G1 Evacuation Pause)
[2023-11-16T19:33:18.201+0000][gc,task       ] GC(223) Using 2 workers of 2 for evacuation
[2023-11-16T19:33:18.214+0000][gc,phases     ] GC(223)   Pre Evacuate Collection Set: 0.0ms
[2023-11-16T19:33:18.214+0000][gc,phases     ] GC(223)   Evacuate Collection Set: 11.8ms
[2023-11-16T19:33:18.214+0000][gc,phases     ] GC(223)   Post Evacuate Collection Set: 0.4ms
[2023-11-16T19:33:18.214+0000][gc,phases     ] GC(223)   Other: 0.2ms
[2023-11-16T19:33:18.214+0000][gc,heap       ] GC(223) Eden regions: 35->0(38)
[2023-11-16T19:33:18.214+0000][gc,heap       ] GC(223) Survivor regions: 3->3(5)
[2023-11-16T19:33:18.214+0000][gc,heap       ] GC(223) Old regions: 64->66
[2023-11-16T19:33:18.214+0000][gc,heap       ] GC(223) Humongous regions: 147->147
[2023-11-16T19:33:18.214+0000][gc,metaspace  ] GC(223) Metaspace: 44175K(46848K)->44175K(46848K) NonClass: 38977K(40448K)->38977K(40448K) Class: 5197K(6400K)->5197K(6400K)
[2023-11-16T19:33:18.214+0000][gc            ] GC(223) Pause Young (Normal) (G1 Evacuation Pause) 247M->213M(512M) 12.443ms
[2023-11-16T19:33:18.214+0000][gc,cpu        ] GC(223) User=0.01s Sys=0.01s Real=0.02s
[2023-11-16T19:35:39.440+0000][gc,start      ] GC(224) Pause Young (Normal) (G1 Evacuation Pause)
[2023-11-16T19:35:39.440+0000][gc,task       ] GC(224) Using 2 workers of 2 for evacuation
[2023-11-16T19:35:39.454+0000][gc,phases     ] GC(224)   Pre Evacuate Collection Set: 0.0ms
[2023-11-16T19:35:39.454+0000][gc,phases     ] GC(224)   Evacuate Collection Set: 13.0ms
[2023-11-16T19:35:39.454+0000][gc,phases     ] GC(224)   Post Evacuate Collection Set: 0.4ms
[2023-11-16T19:35:39.454+0000][gc,phases     ] GC(224)   Other: 0.2ms
[2023-11-16T19:35:39.454+0000][gc,heap       ] GC(224) Eden regions: 36->0(39)
[2023-11-16T19:35:39.454+0000][gc,heap       ] GC(224) Survivor regions: 3->4(5)
[2023-11-16T19:35:39.454+0000][gc,heap       ] GC(224) Old regions: 66->66
[2023-11-16T19:35:39.454+0000][gc,heap       ] GC(224) Humongous regions: 147->147
[2023-11-16T19:35:39.454+0000][gc,metaspace  ] GC(224) Metaspace: 44187K(46848K)->44187K(46848K) NonClass: 38990K(40448K)->38990K(40448K) Class: 5197K(6400K)->5197K(6400K)
[2023-11-16T19:35:39.454+0000][gc            ] GC(224) Pause Young (Normal) (G1 Evacuation Pause) 249M->214M(512M) 13.706ms
[2023-11-16T19:35:39.454+0000][gc,cpu        ] GC(224) User=0.03s Sys=0.00s Real=0.02s
[2023-11-16T19:38:07.427+0000][gc,start      ] GC(225) Pause Young (Normal) (G1 Evacuation Pause)
[2023-11-16T19:38:07.427+0000][gc,task       ] GC(225) Using 2 workers of 2 for evacuation
[2023-11-16T19:38:07.456+0000][gc,mmu        ] GC(225) MMU target violated: 21.0ms (20.0ms/21.0ms)
[2023-11-16T19:38:07.456+0000][gc,phases     ] GC(225)   Pre Evacuate Collection Set: 0.0ms
[2023-11-16T19:38:07.456+0000][gc,phases     ] GC(225)   Evacuate Collection Set: 29.2ms
[2023-11-16T19:38:07.456+0000][gc,phases     ] GC(225)   Post Evacuate Collection Set: 0.4ms
[2023-11-16T19:38:07.456+0000][gc,phases     ] GC(225)   Other: 0.3ms
[2023-11-16T19:38:07.456+0000][gc,heap       ] GC(225) Eden regions: 37->0(26)
[2023-11-16T19:38:07.456+0000][gc,heap       ] GC(225) Survivor regions: 4->4(6)
[2023-11-16T19:38:07.456+0000][gc,heap       ] GC(225) Old regions: 66->67
[2023-11-16T19:38:07.456+0000][gc,heap       ] GC(225) Humongous regions: 147->147
[2023-11-16T19:38:07.456+0000][gc,metaspace  ] GC(225) Metaspace: 44187K(46848K)->44187K(46848K) NonClass: 38990K(40448K)->38990K(40448K) Class: 5197K(6400K)->5197K(6400K)
[2023-11-16T19:38:07.456+0000][gc            ] GC(225) Pause Young (Normal) (G1 Evacuation Pause) 251M->216M(512M) 29.945ms
[2023-11-16T19:38:07.457+0000][gc,cpu        ] GC(225) User=0.05s Sys=0.01s Real=0.03s
[2023-11-16T19:39:29.322+0000][gc,start      ] GC(226) Pause Young (Normal) (G1 Evacuation Pause)
[2023-11-16T19:39:29.322+0000][gc,task       ] GC(226) Using 2 workers of 2 for evacuation
[2023-11-16T19:39:29.348+0000][gc,mmu        ] GC(226) MMU target violated: 21.0ms (20.0ms/21.0ms)
[2023-11-16T19:39:29.348+0000][gc,phases     ] GC(226)   Pre Evacuate Collection Set: 0.0ms
[2023-11-16T19:39:29.348+0000][gc,phases     ] GC(226)   Evacuate Collection Set: 24.9ms
[2023-11-16T19:39:29.348+0000][gc,phases     ] GC(226)   Post Evacuate Collection Set: 0.4ms
[2023-11-16T19:39:29.348+0000][gc,phases     ] GC(226)   Other: 0.3ms
[2023-11-16T19:39:29.348+0000][gc,heap       ] GC(226) Eden regions: 21->0(21)
[2023-11-16T19:39:29.348+0000][gc,heap       ] GC(226) Survivor regions: 4->4(4)
[2023-11-16T19:39:29.348+0000][gc,heap       ] GC(226) Old regions: 67->69
[2023-11-16T19:39:29.348+0000][gc,heap       ] GC(226) Humongous regions: 147->147
[2023-11-16T19:39:29.348+0000][gc,metaspace  ] GC(226) Metaspace: 44187K(46848K)->44187K(46848K) NonClass: 38990K(40448K)->38990K(40448K) Class: 5197K(6400K)->5197K(6400K)
[2023-11-16T19:39:29.348+0000][gc            ] GC(226) Pause Young (Normal) (G1 Evacuation Pause) 237M->217M(512M) 25.689ms
[2023-11-16T19:39:29.348+0000][gc,cpu        ] GC(226) User=0.04s Sys=0.00s Real=0.03s
[2023-11-16T19:40:52.033+0000][gc,start      ] GC(227) Pause Young (Normal) (G1 Evacuation Pause)
[2023-11-16T19:40:52.033+0000][gc,task       ] GC(227) Using 2 workers of 2 for evacuation
[2023-11-16T19:40:52.055+0000][gc,mmu        ] GC(227) MMU target violated: 21.0ms (20.0ms/21.0ms)
[2023-11-16T19:40:52.055+0000][gc,phases     ] GC(227)   Pre Evacuate Collection Set: 0.0ms
[2023-11-16T19:40:52.055+0000][gc,phases     ] GC(227)   Evacuate Collection Set: 19.9ms
[2023-11-16T19:40:52.055+0000][gc,phases     ] GC(227)   Post Evacuate Collection Set: 0.4ms
[2023-11-16T19:40:52.055+0000][gc,phases     ] GC(227)   Other: 2.1ms
[2023-11-16T19:40:52.055+0000][gc,heap       ] GC(227) Eden regions: 21->0(22)
[2023-11-16T19:40:52.055+0000][gc,heap       ] GC(227) Survivor regions: 4->3(4)
[2023-11-16T19:40:52.055+0000][gc,heap       ] GC(227) Old regions: 69->73
[2023-11-16T19:40:52.055+0000][gc,heap       ] GC(227) Humongous regions: 147->147
[2023-11-16T19:40:52.055+0000][gc,metaspace  ] GC(227) Metaspace: 44187K(46848K)->44187K(46848K) NonClass: 38990K(40448K)->38990K(40448K) Class: 5197K(6400K)->5197K(6400K)
[2023-11-16T19:40:52.055+0000][gc            ] GC(227) Pause Young (Normal) (G1 Evacuation Pause) 238M->220M(512M) 22.323ms
[2023-11-16T19:40:52.055+0000][gc,cpu        ] GC(227) User=0.04s Sys=0.00s Real=0.03s
[2023-11-16T19:42:18.348+0000][gc,start      ] GC(228) Pause Young (Normal) (G1 Evacuation Pause)
[2023-11-16T19:42:18.348+0000][gc,task       ] GC(228) Using 2 workers of 2 for evacuation
[2023-11-16T19:42:18.360+0000][gc,phases     ] GC(228)   Pre Evacuate Collection Set: 0.0ms
[2023-11-16T19:42:18.360+0000][gc,phases     ] GC(228)   Evacuate Collection Set: 11.8ms
[2023-11-16T19:42:18.360+0000][gc,phases     ] GC(228)   Post Evacuate Collection Set: 0.4ms
[2023-11-16T19:42:18.360+0000][gc,phases     ] GC(228)   Other: 0.3ms
[2023-11-16T19:42:18.360+0000][gc,heap       ] GC(228) Eden regions: 22->0(22)
[2023-11-16T19:42:18.360+0000][gc,heap       ] GC(228) Survivor regions: 3->3(4)
[2023-11-16T19:42:18.360+0000][gc,heap       ] GC(228) Old regions: 73->74
[2023-11-16T19:42:18.360+0000][gc,heap       ] GC(228) Humongous regions: 147->147
[2023-11-16T19:42:18.360+0000][gc,metaspace  ] GC(228) Metaspace: 44187K(46848K)->44187K(46848K) NonClass: 38990K(40448K)->38990K(40448K) Class: 5197K(6400K)->5197K(6400K)
[2023-11-16T19:42:18.360+0000][gc            ] GC(228) Pause Young (Normal) (G1 Evacuation Pause) 242M->222M(512M) 12.564ms
[2023-11-16T19:42:18.360+0000][gc,cpu        ] GC(228) User=0.02s Sys=0.00s Real=0.01s
[2023-11-16T19:43:43.929+0000][gc,start      ] GC(229) Pause Young (Normal) (G1 Evacuation Pause)
[2023-11-16T19:43:43.929+0000][gc,task       ] GC(229) Using 2 workers of 2 for evacuation
[2023-11-16T19:43:43.941+0000][gc,phases     ] GC(229)   Pre Evacuate Collection Set: 0.0ms
[2023-11-16T19:43:43.941+0000][gc,phases     ] GC(229)   Evacuate Collection Set: 11.5ms
[2023-11-16T19:43:43.941+0000][gc,phases     ] GC(229)   Post Evacuate Collection Set: 0.4ms
[2023-11-16T19:43:43.941+0000][gc,phases     ] GC(229)   Other: 0.4ms
[2023-11-16T19:43:43.941+0000][gc,heap       ] GC(229) Eden regions: 22->0(24)
[2023-11-16T19:43:43.941+0000][gc,heap       ] GC(229) Survivor regions: 3->2(4)
[2023-11-16T19:43:43.941+0000][gc,heap       ] GC(229) Old regions: 74->75
[2023-11-16T19:43:43.941+0000][gc,heap       ] GC(229) Humongous regions: 147->147
[2023-11-16T19:43:43.941+0000][gc,metaspace  ] GC(229) Metaspace: 44187K(46848K)->44187K(46848K) NonClass: 38990K(40448K)->38990K(40448K) Class: 5197K(6400K)->5197K(6400K)
[2023-11-16T19:43:43.941+0000][gc            ] GC(229) Pause Young (Normal) (G1 Evacuation Pause) 244M->221M(512M) 12.362ms
[2023-11-16T19:43:43.941+0000][gc,cpu        ] GC(229) User=0.03s Sys=0.00s Real=0.01s
[2023-11-16T19:45:14.072+0000][gc,start      ] GC(230) Pause Young (Normal) (G1 Evacuation Pause)
[2023-11-16T19:45:14.072+0000][gc,task       ] GC(230) Using 2 workers of 2 for evacuation
[2023-11-16T19:45:14.084+0000][gc,phases     ] GC(230)   Pre Evacuate Collection Set: 0.0ms
[2023-11-16T19:45:14.084+0000][gc,phases     ] GC(230)   Evacuate Collection Set: 11.6ms
[2023-11-16T19:45:14.084+0000][gc,phases     ] GC(230)   Post Evacuate Collection Set: 0.3ms
[2023-11-16T19:45:14.084+0000][gc,phases     ] GC(230)   Other: 0.2ms
[2023-11-16T19:45:14.084+0000][gc,heap       ] GC(230) Eden regions: 23->0(24)
[2023-11-16T19:45:14.084+0000][gc,heap       ] GC(230) Survivor regions: 2->4(4)
[2023-11-16T19:45:14.084+0000][gc,heap       ] GC(230) Old regions: 75->75
[2023-11-16T19:45:14.084+0000][gc,heap       ] GC(230) Humongous regions: 147->147
[2023-11-16T19:45:14.084+0000][gc,metaspace  ] GC(230) Metaspace: 44187K(46848K)->44187K(46848K) NonClass: 38990K(40448K)->38990K(40448K) Class: 5197K(6400K)->5197K(6400K)
[2023-11-16T19:45:14.084+0000][gc            ] GC(230) Pause Young (Normal) (G1 Evacuation Pause) 244M->224M(512M) 12.302ms
[2023-11-16T19:45:14.084+0000][gc,cpu        ] GC(230) User=0.02s Sys=0.00s Real=0.01s
[2023-11-16T19:46:48.348+0000][gc,start      ] GC(231) Pause Young (Normal) (G1 Evacuation Pause)
[2023-11-16T19:46:48.348+0000][gc,task       ] GC(231) Using 2 workers of 2 for evacuation
[2023-11-16T19:46:48.362+0000][gc,phases     ] GC(231)   Pre Evacuate Collection Set: 0.0ms
[2023-11-16T19:46:48.362+0000][gc,phases     ] GC(231)   Evacuate Collection Set: 13.6ms
[2023-11-16T19:46:48.362+0000][gc,phases     ] GC(231)   Post Evacuate Collection Set: 0.4ms
[2023-11-16T19:46:48.362+0000][gc,phases     ] GC(231)   Other: 0.4ms
[2023-11-16T19:46:48.362+0000][gc,heap       ] GC(231) Eden regions: 24->0(26)
[2023-11-16T19:46:48.362+0000][gc,heap       ] GC(231) Survivor regions: 4->2(4)
[2023-11-16T19:46:48.362+0000][gc,heap       ] GC(231) Old regions: 75->77
[2023-11-16T19:46:48.362+0000][gc,heap       ] GC(231) Humongous regions: 147->147
[2023-11-16T19:46:48.362+0000][gc,metaspace  ] GC(231) Metaspace: 44187K(46848K)->44187K(46848K) NonClass: 38990K(40448K)->38990K(40448K) Class: 5197K(6400K)->5197K(6400K)
[2023-11-16T19:46:48.362+0000][gc            ] GC(231) Pause Young (Normal) (G1 Evacuation Pause) 248M->223M(512M) 14.442ms
[2023-11-16T19:46:48.362+0000][gc,cpu        ] GC(231) User=0.02s Sys=0.00s Real=0.01s
[2023-11-16T19:48:30.947+0000][gc,start      ] GC(232) Pause Young (Normal) (G1 Evacuation Pause)
[2023-11-16T19:48:30.947+0000][gc,task       ] GC(232) Using 2 workers of 2 for evacuation
[2023-11-16T19:48:30.960+0000][gc,phases     ] GC(232)   Pre Evacuate Collection Set: 0.0ms
[2023-11-16T19:48:30.960+0000][gc,phases     ] GC(232)   Evacuate Collection Set: 12.1ms
[2023-11-16T19:48:30.960+0000][gc,phases     ] GC(232)   Post Evacuate Collection Set: 0.5ms
[2023-11-16T19:48:30.960+0000][gc,phases     ] GC(232)   Other: 0.2ms
[2023-11-16T19:48:30.960+0000][gc,heap       ] GC(232) Eden regions: 26->0(26)
[2023-11-16T19:48:30.960+0000][gc,heap       ] GC(232) Survivor regions: 2->4(4)
[2023-11-16T19:48:30.960+0000][gc,heap       ] GC(232) Old regions: 77->77
[2023-11-16T19:48:30.960+0000][gc,heap       ] GC(232) Humongous regions: 147->147
[2023-11-16T19:48:30.960+0000][gc,metaspace  ] GC(232) Metaspace: 44188K(46848K)->44188K(46848K) NonClass: 38990K(40448K)->38990K(40448K) Class: 5197K(6400K)->5197K(6400K)
[2023-11-16T19:48:30.960+0000][gc            ] GC(232) Pause Young (Normal) (G1 Evacuation Pause) 249M->226M(512M) 13.017ms
[2023-11-16T19:48:30.960+0000][gc,cpu        ] GC(232) User=0.03s Sys=0.00s Real=0.01s
[2023-11-16T19:50:12.978+0000][gc,start      ] GC(233) Pause Young (Normal) (G1 Evacuation Pause)
[2023-11-16T19:50:12.978+0000][gc,task       ] GC(233) Using 2 workers of 2 for evacuation
[2023-11-16T19:50:12.991+0000][gc,phases     ] GC(233)   Pre Evacuate Collection Set: 0.0ms
[2023-11-16T19:50:12.991+0000][gc,phases     ] GC(233)   Evacuate Collection Set: 12.8ms
[2023-11-16T19:50:12.991+0000][gc,phases     ] GC(233)   Post Evacuate Collection Set: 0.4ms
[2023-11-16T19:50:12.991+0000][gc,phases     ] GC(233)   Other: 0.2ms
[2023-11-16T19:50:12.991+0000][gc,heap       ] GC(233) Eden regions: 26->0(28)
[2023-11-16T19:50:12.991+0000][gc,heap       ] GC(233) Survivor regions: 4->3(4)
[2023-11-16T19:50:12.991+0000][gc,heap       ] GC(233) Old regions: 77->79
[2023-11-16T19:50:12.991+0000][gc,heap       ] GC(233) Humongous regions: 147->147
[2023-11-16T19:50:12.991+0000][gc,metaspace  ] GC(233) Metaspace: 44188K(46848K)->44188K(46848K) NonClass: 38990K(40448K)->38990K(40448K) Class: 5197K(6400K)->5197K(6400K)
[2023-11-16T19:50:12.991+0000][gc            ] GC(233) Pause Young (Normal) (G1 Evacuation Pause) 252M->226M(512M) 13.525ms
[2023-11-16T19:50:12.991+0000][gc,cpu        ] GC(233) User=0.02s Sys=0.00s Real=0.01s
[2023-11-16T19:52:03.553+0000][gc,start      ] GC(234) Pause Young (Normal) (G1 Evacuation Pause)
[2023-11-16T19:52:03.553+0000][gc,task       ] GC(234) Using 2 workers of 2 for evacuation
[2023-11-16T19:52:03.563+0000][gc,phases     ] GC(234)   Pre Evacuate Collection Set: 0.0ms
[2023-11-16T19:52:03.563+0000][gc,phases     ] GC(234)   Evacuate Collection Set: 9.2ms
[2023-11-16T19:52:03.563+0000][gc,phases     ] GC(234)   Post Evacuate Collection Set: 0.3ms
[2023-11-16T19:52:03.563+0000][gc,phases     ] GC(234)   Other: 0.3ms
[2023-11-16T19:52:03.563+0000][gc,heap       ] GC(234) Eden regions: 28->0(31)
[2023-11-16T19:52:03.563+0000][gc,heap       ] GC(234) Survivor regions: 3->2(4)
[2023-11-16T19:52:03.563+0000][gc,heap       ] GC(234) Old regions: 79->80
[2023-11-16T19:52:03.563+0000][gc,heap       ] GC(234) Humongous regions: 147->147
[2023-11-16T19:52:03.563+0000][gc,metaspace  ] GC(234) Metaspace: 44188K(46848K)->44188K(46848K) NonClass: 38990K(40448K)->38990K(40448K) Class: 5197K(6400K)->5197K(6400K)
[2023-11-16T19:52:03.563+0000][gc            ] GC(234) Pause Young (Normal) (G1 Evacuation Pause) 254M->227M(512M) 9.887ms
[2023-11-16T19:52:03.563+0000][gc,cpu        ] GC(234) User=0.02s Sys=0.00s Real=0.00s
[2023-11-16T19:54:06.757+0000][gc,start      ] GC(235) Pause Young (Normal) (G1 Evacuation Pause)
[2023-11-16T19:54:06.757+0000][gc,task       ] GC(235) Using 2 workers of 2 for evacuation
[2023-11-16T19:54:06.772+0000][gc,phases     ] GC(235)   Pre Evacuate Collection Set: 0.0ms
[2023-11-16T19:54:06.772+0000][gc,phases     ] GC(235)   Evacuate Collection Set: 14.9ms
[2023-11-16T19:54:06.772+0000][gc,phases     ] GC(235)   Post Evacuate Collection Set: 0.3ms
[2023-11-16T19:54:06.772+0000][gc,phases     ] GC(235)   Other: 0.3ms
[2023-11-16T19:54:06.772+0000][gc,heap       ] GC(235) Eden regions: 31->0(31)
[2023-11-16T19:54:06.772+0000][gc,heap       ] GC(235) Survivor regions: 2->5(5)
[2023-11-16T19:54:06.772+0000][gc,heap       ] GC(235) Old regions: 80->80
[2023-11-16T19:54:06.772+0000][gc,heap       ] GC(235) Humongous regions: 147->147
[2023-11-16T19:54:06.772+0000][gc,metaspace  ] GC(235) Metaspace: 44188K(46848K)->44188K(46848K) NonClass: 38990K(40448K)->38990K(40448K) Class: 5197K(6400K)->5197K(6400K)
[2023-11-16T19:54:06.772+0000][gc            ] GC(235) Pause Young (Normal) (G1 Evacuation Pause) 258M->230M(512M) 15.679ms
[2023-11-16T19:54:06.772+0000][gc,cpu        ] GC(235) User=0.03s Sys=0.00s Real=0.01s
[2023-11-16T19:56:08.483+0000][gc,start      ] GC(236) Pause Young (Normal) (G1 Evacuation Pause)
[2023-11-16T19:56:08.483+0000][gc,task       ] GC(236) Using 2 workers of 2 for evacuation
[2023-11-16T19:56:08.503+0000][gc,mmu        ] GC(236) MMU target violated: 20.4ms (20.0ms/21.0ms)
[2023-11-16T19:56:08.503+0000][gc,phases     ] GC(236)   Pre Evacuate Collection Set: 0.0ms
[2023-11-16T19:56:08.503+0000][gc,phases     ] GC(236)   Evacuate Collection Set: 19.7ms
[2023-11-16T19:56:08.503+0000][gc,phases     ] GC(236)   Post Evacuate Collection Set: 0.5ms
[2023-11-16T19:56:08.503+0000][gc,phases     ] GC(236)   Other: 0.3ms
[2023-11-16T19:56:08.503+0000][gc,heap       ] GC(236) Eden regions: 31->0(30)
[2023-11-16T19:56:08.503+0000][gc,heap       ] GC(236) Survivor regions: 5->3(5)
[2023-11-16T19:56:08.503+0000][gc,heap       ] GC(236) Old regions: 80->83
[2023-11-16T19:56:08.503+0000][gc,heap       ] GC(236) Humongous regions: 147->147
[2023-11-16T19:56:08.503+0000][gc,metaspace  ] GC(236) Metaspace: 44188K(46848K)->44188K(46848K) NonClass: 38990K(40448K)->38990K(40448K) Class: 5197K(6400K)->5197K(6400K)
[2023-11-16T19:56:08.503+0000][gc            ] GC(236) Pause Young (Normal) (G1 Evacuation Pause) 261M->231M(512M) 20.663ms
[2023-11-16T19:56:08.503+0000][gc,cpu        ] GC(236) User=0.04s Sys=0.00s Real=0.02s
[2023-11-16T19:58:07.689+0000][gc,start      ] GC(237) Pause Young (Normal) (G1 Evacuation Pause)
[2023-11-16T19:58:07.689+0000][gc,task       ] GC(237) Using 2 workers of 2 for evacuation
[2023-11-16T19:58:07.714+0000][gc,mmu        ] GC(237) MMU target violated: 21.0ms (20.0ms/21.0ms)
[2023-11-16T19:58:07.714+0000][gc,phases     ] GC(237)   Pre Evacuate Collection Set: 0.0ms
[2023-11-16T19:58:07.714+0000][gc,phases     ] GC(237)   Evacuate Collection Set: 21.2ms
[2023-11-16T19:58:07.714+0000][gc,phases     ] GC(237)   Post Evacuate Collection Set: 2.9ms
[2023-11-16T19:58:07.714+0000][gc,phases     ] GC(237)   Other: 0.9ms
[2023-11-16T19:58:07.714+0000][gc,heap       ] GC(237) Eden regions: 30->0(26)
[2023-11-16T19:58:07.714+0000][gc,heap       ] GC(237) Survivor regions: 3->2(5)
[2023-11-16T19:58:07.714+0000][gc,heap       ] GC(237) Old regions: 83->84
[2023-11-16T19:58:07.714+0000][gc,heap       ] GC(237) Humongous regions: 147->147
[2023-11-16T19:58:07.714+0000][gc,metaspace  ] GC(237) Metaspace: 44189K(46848K)->44189K(46848K) NonClass: 38991K(40448K)->38991K(40448K) Class: 5197K(6400K)->5197K(6400K)
[2023-11-16T19:58:07.714+0000][gc            ] GC(237) Pause Young (Normal) (G1 Evacuation Pause) 261M->231M(512M) 25.012ms
[2023-11-16T19:58:07.714+0000][gc,cpu        ] GC(237) User=0.04s Sys=0.01s Real=0.03s
[2023-11-16T19:59:37.849+0000][gc,start      ] GC(238) Pause Young (Normal) (G1 Evacuation Pause)
[2023-11-16T19:59:37.849+0000][gc,task       ] GC(238) Using 2 workers of 2 for evacuation
[2023-11-16T19:59:37.863+0000][gc,phases     ] GC(238)   Pre Evacuate Collection Set: 0.0ms
[2023-11-16T19:59:37.863+0000][gc,phases     ] GC(238)   Evacuate Collection Set: 13.7ms
[2023-11-16T19:59:37.863+0000][gc,phases     ] GC(238)   Post Evacuate Collection Set: 0.4ms
[2023-11-16T19:59:37.863+0000][gc,phases     ] GC(238)   Other: 0.2ms
[2023-11-16T19:59:37.863+0000][gc,heap       ] GC(238) Eden regions: 23->0(23)
[2023-11-16T19:59:37.863+0000][gc,heap       ] GC(238) Survivor regions: 2->4(4)
[2023-11-16T19:59:37.863+0000][gc,heap       ] GC(238) Old regions: 84->85
[2023-11-16T19:59:37.863+0000][gc,heap       ] GC(238) Humongous regions: 147->147
[2023-11-16T19:59:37.863+0000][gc,metaspace  ] GC(238) Metaspace: 44189K(46848K)->44189K(46848K) NonClass: 38991K(40448K)->38991K(40448K) Class: 5197K(6400K)->5197K(6400K)
[2023-11-16T19:59:37.863+0000][gc            ] GC(238) Pause Young (Normal) (G1 Evacuation Pause) 254M->234M(512M) 14.416ms
[2023-11-16T19:59:37.863+0000][gc,cpu        ] GC(238) User=0.03s Sys=0.00s Real=0.01s
[2023-11-16T20:01:08.042+0000][gc,start      ] GC(239) Pause Young (Normal) (G1 Evacuation Pause)
[2023-11-16T20:01:08.042+0000][gc,task       ] GC(239) Using 2 workers of 2 for evacuation
[2023-11-16T20:01:08.055+0000][gc,phases     ] GC(239)   Pre Evacuate Collection Set: 0.0ms
[2023-11-16T20:01:08.055+0000][gc,phases     ] GC(239)   Evacuate Collection Set: 13.2ms
[2023-11-16T20:01:08.055+0000][gc,phases     ] GC(239)   Post Evacuate Collection Set: 0.3ms
[2023-11-16T20:01:08.055+0000][gc,phases     ] GC(239)   Other: 0.2ms
[2023-11-16T20:01:08.055+0000][gc,heap       ] GC(239) Eden regions: 23->0(24)
[2023-11-16T20:01:08.055+0000][gc,heap       ] GC(239) Survivor regions: 4->2(4)
[2023-11-16T20:01:08.055+0000][gc,heap       ] GC(239) Old regions: 85->87
[2023-11-16T20:01:08.055+0000][gc,heap       ] GC(239) Humongous regions: 147->147
[2023-11-16T20:01:08.055+0000][gc,metaspace  ] GC(239) Metaspace: 44189K(46848K)->44189K(46848K) NonClass: 38991K(40448K)->38991K(40448K) Class: 5197K(6400K)->5197K(6400K)
[2023-11-16T20:01:08.055+0000][gc            ] GC(239) Pause Young (Normal) (G1 Evacuation Pause) 257M->234M(512M) 13.911ms
[2023-11-16T20:01:08.056+0000][gc,cpu        ] GC(239) User=0.03s Sys=0.00s Real=0.02s
[2023-11-16T20:02:38.644+0000][gc,start      ] GC(240) Pause Young (Normal) (G1 Evacuation Pause)
[2023-11-16T20:02:38.644+0000][gc,task       ] GC(240) Using 2 workers of 2 for evacuation
[2023-11-16T20:02:38.661+0000][gc,phases     ] GC(240)   Pre Evacuate Collection Set: 0.0ms
[2023-11-16T20:02:38.661+0000][gc,phases     ] GC(240)   Evacuate Collection Set: 17.0ms
[2023-11-16T20:02:38.661+0000][gc,phases     ] GC(240)   Post Evacuate Collection Set: 0.4ms
[2023-11-16T20:02:38.661+0000][gc,phases     ] GC(240)   Other: 0.3ms
[2023-11-16T20:02:38.661+0000][gc,heap       ] GC(240) Eden regions: 23->0(23)
[2023-11-16T20:02:38.661+0000][gc,heap       ] GC(240) Survivor regions: 2->4(4)
[2023-11-16T20:02:38.661+0000][gc,heap       ] GC(240) Old regions: 87->88
[2023-11-16T20:02:38.661+0000][gc,heap       ] GC(240) Humongous regions: 147->147
[2023-11-16T20:02:38.661+0000][gc,metaspace  ] GC(240) Metaspace: 44189K(46848K)->44189K(46848K) NonClass: 38991K(40448K)->38991K(40448K) Class: 5197K(6400K)->5197K(6400K)
[2023-11-16T20:02:38.662+0000][gc            ] GC(240) Pause Young (Normal) (G1 Evacuation Pause) 257M->236M(512M) 17.934ms
[2023-11-16T20:02:38.662+0000][gc,cpu        ] GC(240) User=0.04s Sys=0.00s Real=0.02s
[2023-11-16T20:04:08.806+0000][gc,start      ] GC(241) Pause Young (Normal) (G1 Evacuation Pause)
[2023-11-16T20:04:08.807+0000][gc,task       ] GC(241) Using 2 workers of 2 for evacuation
[2023-11-16T20:04:08.834+0000][gc,mmu        ] GC(241) MMU target violated: 21.0ms (20.0ms/21.0ms)
[2023-11-16T20:04:08.834+0000][gc,phases     ] GC(241)   Pre Evacuate Collection Set: 0.0ms
[2023-11-16T20:04:08.834+0000][gc,phases     ] GC(241)   Evacuate Collection Set: 22.3ms
[2023-11-16T20:04:08.834+0000][gc,phases     ] GC(241)   Post Evacuate Collection Set: 5.3ms
[2023-11-16T20:04:08.834+0000][gc,phases     ] GC(241)   Other: 0.3ms
[2023-11-16T20:04:08.834+0000][gc,heap       ] GC(241) Eden regions: 23->0(22)
[2023-11-16T20:04:08.834+0000][gc,heap       ] GC(241) Survivor regions: 4->3(4)
[2023-11-16T20:04:08.834+0000][gc,heap       ] GC(241) Old regions: 88->89
[2023-11-16T20:04:08.834+0000][gc,heap       ] GC(241) Humongous regions: 147->147
[2023-11-16T20:04:08.834+0000][gc,metaspace  ] GC(241) Metaspace: 44189K(46848K)->44189K(46848K) NonClass: 38991K(40448K)->38991K(40448K) Class: 5197K(6400K)->5197K(6400K)
[2023-11-16T20:04:08.834+0000][gc            ] GC(241) Pause Young (Normal) (G1 Evacuation Pause) 259M->236M(512M) 28.024ms
[2023-11-16T20:04:08.835+0000][gc,cpu        ] GC(241) User=0.04s Sys=0.01s Real=0.03s
[2023-11-16T20:05:16.456+0000][gc,start      ] GC(242) Pause Young (Normal) (G1 Evacuation Pause)
[2023-11-16T20:05:16.456+0000][gc,task       ] GC(242) Using 2 workers of 2 for evacuation
[2023-11-16T20:05:16.475+0000][gc,phases     ] GC(242)   Pre Evacuate Collection Set: 0.0ms
[2023-11-16T20:05:16.475+0000][gc,phases     ] GC(242)   Evacuate Collection Set: 18.7ms
[2023-11-16T20:05:16.475+0000][gc,phases     ] GC(242)   Post Evacuate Collection Set: 0.3ms
[2023-11-16T20:05:16.475+0000][gc,phases     ] GC(242)   Other: 0.2ms
[2023-11-16T20:05:16.475+0000][gc,heap       ] GC(242) Eden regions: 22->0(21)
[2023-11-16T20:05:16.476+0000][gc,heap       ] GC(242) Survivor regions: 3->4(4)
[2023-11-16T20:05:16.476+0000][gc,heap       ] GC(242) Old regions: 89->92
[2023-11-16T20:05:16.476+0000][gc,heap       ] GC(242) Humongous regions: 147->147
[2023-11-16T20:05:16.476+0000][gc,metaspace  ] GC(242) Metaspace: 44189K(46848K)->44189K(46848K) NonClass: 38991K(40448K)->38991K(40448K) Class: 5197K(6400K)->5197K(6400K)
[2023-11-16T20:05:16.476+0000][gc            ] GC(242) Pause Young (Normal) (G1 Evacuation Pause) 258M->241M(512M) 19.361ms
[2023-11-16T20:05:16.476+0000][gc,cpu        ] GC(242) User=0.04s Sys=0.00s Real=0.02s
[2023-11-16T20:06:36.099+0000][gc,start      ] GC(243) Pause Young (Normal) (G1 Evacuation Pause)
[2023-11-16T20:06:36.099+0000][gc,task       ] GC(243) Using 2 workers of 2 for evacuation
[2023-11-16T20:06:36.113+0000][gc,phases     ] GC(243)   Pre Evacuate Collection Set: 0.0ms
[2023-11-16T20:06:36.113+0000][gc,phases     ] GC(243)   Evacuate Collection Set: 12.9ms
[2023-11-16T20:06:36.113+0000][gc,phases     ] GC(243)   Post Evacuate Collection Set: 0.3ms
[2023-11-16T20:06:36.113+0000][gc,phases     ] GC(243)   Other: 0.2ms
[2023-11-16T20:06:36.113+0000][gc,heap       ] GC(243) Eden regions: 21->0(23)
[2023-11-16T20:06:36.113+0000][gc,heap       ] GC(243) Survivor regions: 4->2(4)
[2023-11-16T20:06:36.113+0000][gc,heap       ] GC(243) Old regions: 92->95
[2023-11-16T20:06:36.113+0000][gc,heap       ] GC(243) Humongous regions: 147->147
[2023-11-16T20:06:36.113+0000][gc,metaspace  ] GC(243) Metaspace: 44190K(46848K)->44190K(46848K) NonClass: 38992K(40448K)->38992K(40448K) Class: 5197K(6400K)->5197K(6400K)
[2023-11-16T20:06:36.113+0000][gc            ] GC(243) Pause Young (Normal) (G1 Evacuation Pause) 262M->242M(512M) 13.498ms
[2023-11-16T20:06:36.113+0000][gc,cpu        ] GC(243) User=0.02s Sys=0.01s Real=0.01s
[2023-11-16T20:08:06.884+0000][gc,start      ] GC(244) Pause Young (Normal) (G1 Evacuation Pause)
[2023-11-16T20:08:06.884+0000][gc,task       ] GC(244) Using 2 workers of 2 for evacuation
[2023-11-16T20:08:06.897+0000][gc,phases     ] GC(244)   Pre Evacuate Collection Set: 0.0ms
[2023-11-16T20:08:06.897+0000][gc,phases     ] GC(244)   Evacuate Collection Set: 12.6ms
[2023-11-16T20:08:06.897+0000][gc,phases     ] GC(244)   Post Evacuate Collection Set: 0.4ms
[2023-11-16T20:08:06.897+0000][gc,phases     ] GC(244)   Other: 0.2ms
[2023-11-16T20:08:06.897+0000][gc,heap       ] GC(244) Eden regions: 23->0(22)
[2023-11-16T20:08:06.897+0000][gc,heap       ] GC(244) Survivor regions: 2->4(4)
[2023-11-16T20:08:06.897+0000][gc,heap       ] GC(244) Old regions: 95->96
[2023-11-16T20:08:06.897+0000][gc,heap       ] GC(244) Humongous regions: 147->147
[2023-11-16T20:08:06.897+0000][gc,metaspace  ] GC(244) Metaspace: 44191K(46848K)->44191K(46848K) NonClass: 38993K(40448K)->38993K(40448K) Class: 5197K(6400K)->5197K(6400K)
[2023-11-16T20:08:06.897+0000][gc            ] GC(244) Pause Young (Normal) (G1 Evacuation Pause) 265M->244M(512M) 13.277ms
[2023-11-16T20:08:06.897+0000][gc,cpu        ] GC(244) User=0.02s Sys=0.00s Real=0.02s
[2023-11-16T20:09:32.407+0000][gc,start      ] GC(245) Pause Young (Normal) (G1 Evacuation Pause)
[2023-11-16T20:09:32.407+0000][gc,task       ] GC(245) Using 2 workers of 2 for evacuation
[2023-11-16T20:09:32.420+0000][gc,phases     ] GC(245)   Pre Evacuate Collection Set: 0.0ms
[2023-11-16T20:09:32.420+0000][gc,phases     ] GC(245)   Evacuate Collection Set: 12.6ms
[2023-11-16T20:09:32.420+0000][gc,phases     ] GC(245)   Post Evacuate Collection Set: 0.3ms
[2023-11-16T20:09:32.420+0000][gc,phases     ] GC(245)   Other: 0.2ms
[2023-11-16T20:09:32.420+0000][gc,heap       ] GC(245) Eden regions: 22->0(23)
[2023-11-16T20:09:32.420+0000][gc,heap       ] GC(245) Survivor regions: 4->2(4)
[2023-11-16T20:09:32.420+0000][gc,heap       ] GC(245) Old regions: 96->97
[2023-11-16T20:09:32.420+0000][gc,heap       ] GC(245) Humongous regions: 147->147
[2023-11-16T20:09:32.420+0000][gc,metaspace  ] GC(245) Metaspace: 44211K(46848K)->44211K(46848K) NonClass: 39013K(40448K)->39013K(40448K) Class: 5197K(6400K)->5197K(6400K)
[2023-11-16T20:09:32.420+0000][gc            ] GC(245) Pause Young (Normal) (G1 Evacuation Pause) 266M->244M(512M) 13.230ms
[2023-11-16T20:09:32.420+0000][gc,cpu        ] GC(245) User=0.03s Sys=0.00s Real=0.01s
[2023-11-16T20:11:03.348+0000][gc,start      ] GC(246) Pause Young (Normal) (G1 Evacuation Pause)
[2023-11-16T20:11:03.348+0000][gc,task       ] GC(246) Using 2 workers of 2 for evacuation
[2023-11-16T20:11:03.360+0000][gc,phases     ] GC(246)   Pre Evacuate Collection Set: 0.0ms
[2023-11-16T20:11:03.360+0000][gc,phases     ] GC(246)   Evacuate Collection Set: 11.6ms
[2023-11-16T20:11:03.360+0000][gc,phases     ] GC(246)   Post Evacuate Collection Set: 0.3ms
[2023-11-16T20:11:03.360+0000][gc,phases     ] GC(246)   Other: 0.3ms
[2023-11-16T20:11:03.360+0000][gc,heap       ] GC(246) Eden regions: 23->0(23)
[2023-11-16T20:11:03.360+0000][gc,heap       ] GC(246) Survivor regions: 2->4(4)
[2023-11-16T20:11:03.360+0000][gc,heap       ] GC(246) Old regions: 97->98
[2023-11-16T20:11:03.360+0000][gc,heap       ] GC(246) Humongous regions: 147->147
[2023-11-16T20:11:03.360+0000][gc,metaspace  ] GC(246) Metaspace: 44211K(46848K)->44211K(46848K) NonClass: 39013K(40448K)->39013K(40448K) Class: 5197K(6400K)->5197K(6400K)
[2023-11-16T20:11:03.360+0000][gc            ] GC(246) Pause Young (Normal) (G1 Evacuation Pause) 267M->247M(512M) 12.265ms
[2023-11-16T20:11:03.360+0000][gc,cpu        ] GC(246) User=0.02s Sys=0.00s Real=0.01s
[2023-11-16T20:12:33.336+0000][gc,start      ] GC(247) Pause Young (Normal) (G1 Evacuation Pause)
[2023-11-16T20:12:33.336+0000][gc,task       ] GC(247) Using 2 workers of 2 for evacuation
[2023-11-16T20:12:33.350+0000][gc,phases     ] GC(247)   Pre Evacuate Collection Set: 0.0ms
[2023-11-16T20:12:33.350+0000][gc,phases     ] GC(247)   Evacuate Collection Set: 12.5ms
[2023-11-16T20:12:33.350+0000][gc,phases     ] GC(247)   Post Evacuate Collection Set: 0.5ms
[2023-11-16T20:12:33.350+0000][gc,phases     ] GC(247)   Other: 0.4ms
[2023-11-16T20:12:33.350+0000][gc,heap       ] GC(247) Eden regions: 23->0(25)
[2023-11-16T20:12:33.350+0000][gc,heap       ] GC(247) Survivor regions: 4->3(4)
[2023-11-16T20:12:33.350+0000][gc,heap       ] GC(247) Old regions: 98->100
[2023-11-16T20:12:33.350+0000][gc,heap       ] GC(247) Humongous regions: 147->147
[2023-11-16T20:12:33.350+0000][gc,metaspace  ] GC(247) Metaspace: 44211K(46848K)->44211K(46848K) NonClass: 39013K(40448K)->39013K(40448K) Class: 5197K(6400K)->5197K(6400K)
[2023-11-16T20:12:33.350+0000][gc            ] GC(247) Pause Young (Normal) (G1 Evacuation Pause) 270M->247M(512M) 13.587ms
[2023-11-16T20:12:33.350+0000][gc,cpu        ] GC(247) User=0.02s Sys=0.00s Real=0.01s
[2023-11-16T20:14:11.873+0000][gc,start      ] GC(248) Pause Young (Normal) (G1 Evacuation Pause)
[2023-11-16T20:14:11.873+0000][gc,task       ] GC(248) Using 2 workers of 2 for evacuation
[2023-11-16T20:14:11.887+0000][gc,phases     ] GC(248)   Pre Evacuate Collection Set: 0.0ms
[2023-11-16T20:14:11.887+0000][gc,phases     ] GC(248)   Evacuate Collection Set: 13.6ms
[2023-11-16T20:14:11.887+0000][gc,phases     ] GC(248)   Post Evacuate Collection Set: 0.3ms
[2023-11-16T20:14:11.887+0000][gc,phases     ] GC(248)   Other: 0.3ms
[2023-11-16T20:14:11.887+0000][gc,heap       ] GC(248) Eden regions: 25->0(25)
[2023-11-16T20:14:11.887+0000][gc,heap       ] GC(248) Survivor regions: 3->3(4)
[2023-11-16T20:14:11.887+0000][gc,heap       ] GC(248) Old regions: 100->102
[2023-11-16T20:14:11.887+0000][gc,heap       ] GC(248) Humongous regions: 147->147
[2023-11-16T20:14:11.887+0000][gc,metaspace  ] GC(248) Metaspace: 44211K(46848K)->44211K(46848K) NonClass: 39013K(40448K)->39013K(40448K) Class: 5197K(6400K)->5197K(6400K)
[2023-11-16T20:14:11.887+0000][gc            ] GC(248) Pause Young (Normal) (G1 Evacuation Pause) 272M->249M(512M) 14.335ms
[2023-11-16T20:14:11.887+0000][gc,cpu        ] GC(248) User=0.03s Sys=0.00s Real=0.02s
[2023-11-16T20:15:49.891+0000][gc,start      ] GC(249) Pause Young (Normal) (G1 Evacuation Pause)
[2023-11-16T20:15:49.891+0000][gc,task       ] GC(249) Using 2 workers of 2 for evacuation
[2023-11-16T20:15:49.905+0000][gc,phases     ] GC(249)   Pre Evacuate Collection Set: 0.0ms
[2023-11-16T20:15:49.905+0000][gc,phases     ] GC(249)   Evacuate Collection Set: 12.9ms
[2023-11-16T20:15:49.905+0000][gc,phases     ] GC(249)   Post Evacuate Collection Set: 0.3ms
[2023-11-16T20:15:49.905+0000][gc,phases     ] GC(249)   Other: 0.2ms
[2023-11-16T20:15:49.905+0000][gc,heap       ] GC(249) Eden regions: 25->0(26)
[2023-11-16T20:15:49.905+0000][gc,heap       ] GC(249) Survivor regions: 3->3(4)
[2023-11-16T20:15:49.905+0000][gc,heap       ] GC(249) Old regions: 102->103
[2023-11-16T20:15:49.905+0000][gc,heap       ] GC(249) Humongous regions: 147->147
[2023-11-16T20:15:49.905+0000][gc,metaspace  ] GC(249) Metaspace: 44211K(46848K)->44211K(46848K) NonClass: 39013K(40448K)->39013K(40448K) Class: 5197K(6400K)->5197K(6400K)
[2023-11-16T20:15:49.905+0000][gc            ] GC(249) Pause Young (Normal) (G1 Evacuation Pause) 274M->251M(512M) 13.525ms
[2023-11-16T20:15:49.905+0000][gc,cpu        ] GC(249) User=0.03s Sys=0.00s Real=0.01s
[2023-11-16T20:17:27.832+0000][gc,start      ] GC(250) Pause Young (Normal) (G1 Evacuation Pause)
[2023-11-16T20:17:27.832+0000][gc,task       ] GC(250) Using 2 workers of 2 for evacuation
[2023-11-16T20:17:27.844+0000][gc,phases     ] GC(250)   Pre Evacuate Collection Set: 0.0ms
[2023-11-16T20:17:27.844+0000][gc,phases     ] GC(250)   Evacuate Collection Set: 11.3ms
[2023-11-16T20:17:27.844+0000][gc,phases     ] GC(250)   Post Evacuate Collection Set: 0.4ms
[2023-11-16T20:17:27.844+0000][gc,phases     ] GC(250)   Other: 0.2ms
[2023-11-16T20:17:27.844+0000][gc,heap       ] GC(250) Eden regions: 25->0(28)
[2023-11-16T20:17:27.844+0000][gc,heap       ] GC(250) Survivor regions: 3->2(4)
[2023-11-16T20:17:27.844+0000][gc,heap       ] GC(250) Old regions: 103->104
[2023-11-16T20:17:27.844+0000][gc,heap       ] GC(250) Humongous regions: 147->147
[2023-11-16T20:17:27.844+0000][gc,metaspace  ] GC(250) Metaspace: 44213K(46848K)->44213K(46848K) NonClass: 39016K(40448K)->39016K(40448K) Class: 5197K(6400K)->5197K(6400K)
[2023-11-16T20:17:27.844+0000][gc            ] GC(250) Pause Young (Normal) (G1 Evacuation Pause) 276M->251M(512M) 11.993ms
[2023-11-16T20:17:27.844+0000][gc,cpu        ] GC(250) User=0.02s Sys=0.00s Real=0.01s
[2023-11-16T20:19:10.971+0000][gc,start      ] GC(251) Pause Young (Normal) (G1 Evacuation Pause)
[2023-11-16T20:19:10.971+0000][gc,task       ] GC(251) Using 2 workers of 2 for evacuation
[2023-11-16T20:19:10.989+0000][gc,phases     ] GC(251)   Pre Evacuate Collection Set: 0.0ms
[2023-11-16T20:19:10.989+0000][gc,phases     ] GC(251)   Evacuate Collection Set: 17.8ms
[2023-11-16T20:19:10.989+0000][gc,phases     ] GC(251)   Post Evacuate Collection Set: 0.4ms
[2023-11-16T20:19:10.989+0000][gc,phases     ] GC(251)   Other: 0.5ms
[2023-11-16T20:19:10.989+0000][gc,heap       ] GC(251) Eden regions: 26->0(26)
[2023-11-16T20:19:10.989+0000][gc,heap       ] GC(251) Survivor regions: 2->4(4)
[2023-11-16T20:19:10.989+0000][gc,heap       ] GC(251) Old regions: 104->105
[2023-11-16T20:19:10.989+0000][gc,heap       ] GC(251) Humongous regions: 147->147
[2023-11-16T20:19:10.989+0000][gc,metaspace  ] GC(251) Metaspace: 44217K(46848K)->44217K(46848K) NonClass: 39019K(40448K)->39019K(40448K) Class: 5197K(6400K)->5197K(6400K)
[2023-11-16T20:19:10.989+0000][gc            ] GC(251) Pause Young (Normal) (G1 Evacuation Pause) 277M->253M(512M) 18.712ms
[2023-11-16T20:19:10.989+0000][gc,cpu        ] GC(251) User=0.04s Sys=0.00s Real=0.02s
[2023-11-16T20:20:49.096+0000][gc,start      ] GC(252) Pause Young (Normal) (G1 Evacuation Pause)
[2023-11-16T20:20:49.096+0000][gc,task       ] GC(252) Using 2 workers of 2 for evacuation
[2023-11-16T20:20:49.117+0000][gc,mmu        ] GC(252) MMU target violated: 21.0ms (20.0ms/21.0ms)
[2023-11-16T20:20:49.117+0000][gc,phases     ] GC(252)   Pre Evacuate Collection Set: 0.0ms
[2023-11-16T20:20:49.117+0000][gc,phases     ] GC(252)   Evacuate Collection Set: 20.5ms
[2023-11-16T20:20:49.117+0000][gc,phases     ] GC(252)   Post Evacuate Collection Set: 0.4ms
[2023-11-16T20:20:49.117+0000][gc,phases     ] GC(252)   Other: 0.2ms
[2023-11-16T20:20:49.117+0000][gc,heap       ] GC(252) Eden regions: 25->0(26)
[2023-11-16T20:20:49.117+0000][gc,heap       ] GC(252) Survivor regions: 4->3(4)
[2023-11-16T20:20:49.117+0000][gc,heap       ] GC(252) Old regions: 105->107
[2023-11-16T20:20:49.117+0000][gc,heap       ] GC(252) Humongous regions: 147->147
[2023-11-16T20:20:49.117+0000][gc,metaspace  ] GC(252) Metaspace: 44217K(46848K)->44217K(46848K) NonClass: 39020K(40448K)->39020K(40448K) Class: 5197K(6400K)->5197K(6400K)
[2023-11-16T20:20:49.117+0000][gc            ] GC(252) Pause Young (Normal) (G1 Evacuation Pause) 278M->254M(512M) 21.199ms
[2023-11-16T20:20:49.117+0000][gc,cpu        ] GC(252) User=0.04s Sys=0.00s Real=0.02s
[2023-11-16T20:22:23.778+0000][gc,start      ] GC(253) Pause Young (Normal) (G1 Evacuation Pause)
[2023-11-16T20:22:23.778+0000][gc,task       ] GC(253) Using 2 workers of 2 for evacuation
[2023-11-16T20:22:23.809+0000][gc,mmu        ] GC(253) MMU target violated: 21.0ms (20.0ms/21.0ms)
[2023-11-16T20:22:23.809+0000][gc,phases     ] GC(253)   Pre Evacuate Collection Set: 0.0ms
[2023-11-16T20:22:23.809+0000][gc,phases     ] GC(253)   Evacuate Collection Set: 25.0ms
[2023-11-16T20:22:23.809+0000][gc,phases     ] GC(253)   Post Evacuate Collection Set: 4.8ms
[2023-11-16T20:22:23.809+0000][gc,phases     ] GC(253)   Other: 0.3ms
[2023-11-16T20:22:23.809+0000][gc,heap       ] GC(253) Eden regions: 24->0(22)
[2023-11-16T20:22:23.809+0000][gc,heap       ] GC(253) Survivor regions: 3->3(4)
[2023-11-16T20:22:23.809+0000][gc,heap       ] GC(253) Old regions: 107->109
[2023-11-16T20:22:23.809+0000][gc,heap       ] GC(253) Humongous regions: 147->147
[2023-11-16T20:22:23.809+0000][gc,metaspace  ] GC(253) Metaspace: 44233K(46848K)->44233K(46848K) NonClass: 39036K(40448K)->39036K(40448K) Class: 5197K(6400K)->5197K(6400K)
[2023-11-16T20:22:23.809+0000][gc            ] GC(253) Pause Young (Normal) (G1 Evacuation Pause) 278M->257M(512M) 30.233ms
[2023-11-16T20:22:23.809+0000][gc,cpu        ] GC(253) User=0.05s Sys=0.01s Real=0.03s
[2023-11-16T20:23:50.429+0000][gc,start      ] GC(254) Pause Young (Normal) (G1 Evacuation Pause)
[2023-11-16T20:23:50.429+0000][gc,task       ] GC(254) Using 2 workers of 2 for evacuation
[2023-11-16T20:23:50.450+0000][gc,mmu        ] GC(254) MMU target violated: 21.0ms (20.0ms/21.0ms)
[2023-11-16T20:23:50.450+0000][gc,phases     ] GC(254)   Pre Evacuate Collection Set: 0.0ms
[2023-11-16T20:23:50.450+0000][gc,phases     ] GC(254)   Evacuate Collection Set: 20.4ms
[2023-11-16T20:23:50.450+0000][gc,phases     ] GC(254)   Post Evacuate Collection Set: 0.4ms
[2023-11-16T20:23:50.450+0000][gc,phases     ] GC(254)   Other: 0.3ms
[2023-11-16T20:23:50.450+0000][gc,heap       ] GC(254) Eden regions: 22->0(22)
[2023-11-16T20:23:50.450+0000][gc,heap       ] GC(254) Survivor regions: 3->3(4)
[2023-11-16T20:23:50.450+0000][gc,heap       ] GC(254) Old regions: 109->110
[2023-11-16T20:23:50.450+0000][gc,heap       ] GC(254) Humongous regions: 147->147
[2023-11-16T20:23:50.450+0000][gc,metaspace  ] GC(254) Metaspace: 44234K(46848K)->44234K(46848K) NonClass: 39037K(40448K)->39037K(40448K) Class: 5197K(6400K)->5197K(6400K)
[2023-11-16T20:23:50.450+0000][gc            ] GC(254) Pause Young (Normal) (G1 Evacuation Pause) 279M->257M(512M) 21.167ms
[2023-11-16T20:23:50.450+0000][gc,cpu        ] GC(254) User=0.04s Sys=0.00s Real=0.02s
[2023-11-16T20:25:16.525+0000][gc,start      ] GC(255) Pause Young (Normal) (G1 Evacuation Pause)
[2023-11-16T20:25:16.525+0000][gc,task       ] GC(255) Using 2 workers of 2 for evacuation
[2023-11-16T20:25:16.540+0000][gc,phases     ] GC(255)   Pre Evacuate Collection Set: 0.0ms
[2023-11-16T20:25:16.540+0000][gc,phases     ] GC(255)   Evacuate Collection Set: 13.9ms
[2023-11-16T20:25:16.540+0000][gc,phases     ] GC(255)   Post Evacuate Collection Set: 0.3ms
[2023-11-16T20:25:16.540+0000][gc,phases     ] GC(255)   Other: 0.2ms
[2023-11-16T20:25:16.540+0000][gc,heap       ] GC(255) Eden regions: 22->0(24)
[2023-11-16T20:25:16.540+0000][gc,heap       ] GC(255) Survivor regions: 3->3(4)
[2023-11-16T20:25:16.540+0000][gc,heap       ] GC(255) Old regions: 110->113
[2023-11-16T20:25:16.540+0000][gc,heap       ] GC(255) Humongous regions: 147->147
[2023-11-16T20:25:16.540+0000][gc,metaspace  ] GC(255) Metaspace: 44235K(46848K)->44235K(46848K) NonClass: 39037K(40448K)->39037K(40448K) Class: 5197K(6400K)->5197K(6400K)
[2023-11-16T20:25:16.540+0000][gc            ] GC(255) Pause Young (Normal) (G1 Evacuation Pause) 279M->260M(512M) 14.483ms
[2023-11-16T20:25:16.540+0000][gc,cpu        ] GC(255) User=0.03s Sys=0.00s Real=0.01s
[2023-11-16T20:26:42.685+0000][gc,start      ] GC(256) Pause Young (Normal) (G1 Evacuation Pause)
[2023-11-16T20:26:42.685+0000][gc,task       ] GC(256) Using 2 workers of 2 for evacuation
[2023-11-16T20:26:42.705+0000][gc,phases     ] GC(256)   Pre Evacuate Collection Set: 0.0ms
[2023-11-16T20:26:42.705+0000][gc,phases     ] GC(256)   Evacuate Collection Set: 18.9ms
[2023-11-16T20:26:42.705+0000][gc,phases     ] GC(256)   Post Evacuate Collection Set: 0.4ms
[2023-11-16T20:26:42.705+0000][gc,phases     ] GC(256)   Other: 0.3ms
[2023-11-16T20:26:42.705+0000][gc,heap       ] GC(256) Eden regions: 22->0(22)
[2023-11-16T20:26:42.705+0000][gc,heap       ] GC(256) Survivor regions: 3->3(4)
[2023-11-16T20:26:42.705+0000][gc,heap       ] GC(256) Old regions: 113->114
[2023-11-16T20:26:42.705+0000][gc,heap       ] GC(256) Humongous regions: 147->147
[2023-11-16T20:26:42.705+0000][gc,metaspace  ] GC(256) Metaspace: 44235K(46848K)->44235K(46848K) NonClass: 39037K(40448K)->39037K(40448K) Class: 5197K(6400K)->5197K(6400K)
[2023-11-16T20:26:42.705+0000][gc            ] GC(256) Pause Young (Normal) (G1 Evacuation Pause) 282M->261M(512M) 19.761ms
[2023-11-16T20:26:42.705+0000][gc,cpu        ] GC(256) User=0.03s Sys=0.00s Real=0.02s
[2023-11-16T20:28:09.018+0000][gc,start      ] GC(257) Pause Young (Normal) (G1 Evacuation Pause)
[2023-11-16T20:28:09.018+0000][gc,task       ] GC(257) Using 2 workers of 2 for evacuation
[2023-11-16T20:28:09.033+0000][gc,phases     ] GC(257)   Pre Evacuate Collection Set: 0.0ms
[2023-11-16T20:28:09.033+0000][gc,phases     ] GC(257)   Evacuate Collection Set: 14.5ms
[2023-11-16T20:28:09.033+0000][gc,phases     ] GC(257)   Post Evacuate Collection Set: 0.3ms
[2023-11-16T20:28:09.033+0000][gc,phases     ] GC(257)   Other: 0.3ms
[2023-11-16T20:28:09.033+0000][gc,heap       ] GC(257) Eden regions: 22->0(23)
[2023-11-16T20:28:09.033+0000][gc,heap       ] GC(257) Survivor regions: 3->3(4)
[2023-11-16T20:28:09.033+0000][gc,heap       ] GC(257) Old regions: 114->116
[2023-11-16T20:28:09.033+0000][gc,heap       ] GC(257) Humongous regions: 147->147
[2023-11-16T20:28:09.033+0000][gc,metaspace  ] GC(257) Metaspace: 44235K(46848K)->44235K(46848K) NonClass: 39037K(40448K)->39037K(40448K) Class: 5197K(6400K)->5197K(6400K)
[2023-11-16T20:28:09.033+0000][gc            ] GC(257) Pause Young (Normal) (G1 Evacuation Pause) 283M->264M(512M) 15.228ms
[2023-11-16T20:28:09.033+0000][gc,cpu        ] GC(257) User=0.03s Sys=0.00s Real=0.01s
[2023-11-16T20:29:35.108+0000][gc,start      ] GC(258) Pause Young (Normal) (G1 Evacuation Pause)
[2023-11-16T20:29:35.108+0000][gc,task       ] GC(258) Using 2 workers of 2 for evacuation
[2023-11-16T20:29:35.123+0000][gc,phases     ] GC(258)   Pre Evacuate Collection Set: 0.1ms
[2023-11-16T20:29:35.123+0000][gc,phases     ] GC(258)   Evacuate Collection Set: 13.5ms
[2023-11-16T20:29:35.123+0000][gc,phases     ] GC(258)   Post Evacuate Collection Set: 0.4ms
[2023-11-16T20:29:35.123+0000][gc,phases     ] GC(258)   Other: 0.5ms
[2023-11-16T20:29:35.123+0000][gc,heap       ] GC(258) Eden regions: 22->0(24)
[2023-11-16T20:29:35.123+0000][gc,heap       ] GC(258) Survivor regions: 3->3(4)
[2023-11-16T20:29:35.123+0000][gc,heap       ] GC(258) Old regions: 116->117
[2023-11-16T20:29:35.123+0000][gc,heap       ] GC(258) Humongous regions: 147->147
[2023-11-16T20:29:35.123+0000][gc,metaspace  ] GC(258) Metaspace: 44236K(46848K)->44236K(46848K) NonClass: 39038K(40448K)->39038K(40448K) Class: 5197K(6400K)->5197K(6400K)
[2023-11-16T20:29:35.123+0000][gc            ] GC(258) Pause Young (Normal) (G1 Evacuation Pause) 286M->265M(512M) 14.534ms
[2023-11-16T20:29:35.123+0000][gc,cpu        ] GC(258) User=0.02s Sys=0.00s Real=0.01s
[2023-11-16T20:31:01.647+0000][gc,start      ] GC(259) Pause Young (Normal) (G1 Evacuation Pause)
[2023-11-16T20:31:01.647+0000][gc,task       ] GC(259) Using 2 workers of 2 for evacuation
[2023-11-16T20:31:01.667+0000][gc,phases     ] GC(259)   Pre Evacuate Collection Set: 0.0ms
[2023-11-16T20:31:01.667+0000][gc,phases     ] GC(259)   Evacuate Collection Set: 18.8ms
[2023-11-16T20:31:01.667+0000][gc,phases     ] GC(259)   Post Evacuate Collection Set: 0.8ms
[2023-11-16T20:31:01.667+0000][gc,phases     ] GC(259)   Other: 0.3ms
[2023-11-16T20:31:01.667+0000][gc,heap       ] GC(259) Eden regions: 22->0(24)
[2023-11-16T20:31:01.667+0000][gc,heap       ] GC(259) Survivor regions: 3->1(4)
[2023-11-16T20:31:01.667+0000][gc,heap       ] GC(259) Old regions: 117->118
[2023-11-16T20:31:01.667+0000][gc,heap       ] GC(259) Humongous regions: 147->147
[2023-11-16T20:31:01.667+0000][gc,metaspace  ] GC(259) Metaspace: 44236K(46848K)->44236K(46848K) NonClass: 39038K(40448K)->39038K(40448K) Class: 5197K(6400K)->5197K(6400K)
[2023-11-16T20:31:01.667+0000][gc            ] GC(259) Pause Young (Normal) (G1 Evacuation Pause) 287M->264M(512M) 20.020ms
[2023-11-16T20:31:01.667+0000][gc,cpu        ] GC(259) User=0.03s Sys=0.00s Real=0.02s
[2023-11-16T20:32:36.832+0000][gc,start      ] GC(260) Pause Young (Normal) (G1 Evacuation Pause)
[2023-11-16T20:32:36.832+0000][gc,task       ] GC(260) Using 2 workers of 2 for evacuation
[2023-11-16T20:32:36.844+0000][gc,phases     ] GC(260)   Pre Evacuate Collection Set: 0.0ms
[2023-11-16T20:32:36.844+0000][gc,phases     ] GC(260)   Evacuate Collection Set: 10.9ms
[2023-11-16T20:32:36.844+0000][gc,phases     ] GC(260)   Post Evacuate Collection Set: 0.3ms
[2023-11-16T20:32:36.844+0000][gc,phases     ] GC(260)   Other: 0.2ms
[2023-11-16T20:32:36.844+0000][gc,heap       ] GC(260) Eden regions: 24->0(23)
[2023-11-16T20:32:36.844+0000][gc,heap       ] GC(260) Survivor regions: 1->4(4)
[2023-11-16T20:32:36.844+0000][gc,heap       ] GC(260) Old regions: 118->118
[2023-11-16T20:32:36.844+0000][gc,heap       ] GC(260) Humongous regions: 147->147
[2023-11-16T20:32:36.844+0000][gc,metaspace  ] GC(260) Metaspace: 44236K(46848K)->44236K(46848K) NonClass: 39038K(40448K)->39038K(40448K) Class: 5197K(6400K)->5197K(6400K)
[2023-11-16T20:32:36.844+0000][gc            ] GC(260) Pause Young (Normal) (G1 Evacuation Pause) 288M->267M(512M) 11.480ms
[2023-11-16T20:32:36.844+0000][gc,cpu        ] GC(260) User=0.03s Sys=0.00s Real=0.01s
[2023-11-16T20:34:06.775+0000][gc,start      ] GC(261) Pause Young (Normal) (G1 Evacuation Pause)
[2023-11-16T20:34:06.775+0000][gc,task       ] GC(261) Using 2 workers of 2 for evacuation
[2023-11-16T20:34:06.789+0000][gc,phases     ] GC(261)   Pre Evacuate Collection Set: 0.0ms
[2023-11-16T20:34:06.789+0000][gc,phases     ] GC(261)   Evacuate Collection Set: 11.3ms
[2023-11-16T20:34:06.789+0000][gc,phases     ] GC(261)   Post Evacuate Collection Set: 2.2ms
[2023-11-16T20:34:06.789+0000][gc,phases     ] GC(261)   Other: 0.2ms
[2023-11-16T20:34:06.789+0000][gc,heap       ] GC(261) Eden regions: 23->0(24)
[2023-11-16T20:34:06.789+0000][gc,heap       ] GC(261) Survivor regions: 4->2(4)
[2023-11-16T20:34:06.789+0000][gc,heap       ] GC(261) Old regions: 118->120
[2023-11-16T20:34:06.789+0000][gc,heap       ] GC(261) Humongous regions: 147->147
[2023-11-16T20:34:06.789+0000][gc,metaspace  ] GC(261) Metaspace: 44236K(46848K)->44236K(46848K) NonClass: 39038K(40448K)->39038K(40448K) Class: 5197K(6400K)->5197K(6400K)
[2023-11-16T20:34:06.789+0000][gc            ] GC(261) Pause Young (Normal) (G1 Evacuation Pause) 290M->267M(512M) 13.798ms
[2023-11-16T20:34:06.789+0000][gc,cpu        ] GC(261) User=0.03s Sys=0.00s Real=0.01s
[2023-11-16T20:35:40.160+0000][gc,start      ] GC(262) Pause Young (Normal) (G1 Evacuation Pause)
[2023-11-16T20:35:40.160+0000][gc,task       ] GC(262) Using 2 workers of 2 for evacuation
[2023-11-16T20:35:40.173+0000][gc,phases     ] GC(262)   Pre Evacuate Collection Set: 0.0ms
[2023-11-16T20:35:40.174+0000][gc,phases     ] GC(262)   Evacuate Collection Set: 12.5ms
[2023-11-16T20:35:40.174+0000][gc,phases     ] GC(262)   Post Evacuate Collection Set: 0.4ms
[2023-11-16T20:35:40.174+0000][gc,phases     ] GC(262)   Other: 0.3ms
[2023-11-16T20:35:40.174+0000][gc,heap       ] GC(262) Eden regions: 24->0(24)
[2023-11-16T20:35:40.174+0000][gc,heap       ] GC(262) Survivor regions: 2->4(4)
[2023-11-16T20:35:40.174+0000][gc,heap       ] GC(262) Old regions: 120->120
[2023-11-16T20:35:40.174+0000][gc,heap       ] GC(262) Humongous regions: 147->147
[2023-11-16T20:35:40.174+0000][gc,metaspace  ] GC(262) Metaspace: 44236K(46848K)->44236K(46848K) NonClass: 39038K(40448K)->39038K(40448K) Class: 5197K(6400K)->5197K(6400K)
[2023-11-16T20:35:40.174+0000][gc            ] GC(262) Pause Young (Normal) (G1 Evacuation Pause) 291M->269M(512M) 13.256ms
[2023-11-16T20:35:40.174+0000][gc,cpu        ] GC(262) User=0.02s Sys=0.00s Real=0.02s
[2023-11-16T20:37:14.816+0000][gc,start      ] GC(263) Pause Young (Normal) (G1 Evacuation Pause)
[2023-11-16T20:37:14.816+0000][gc,task       ] GC(263) Using 2 workers of 2 for evacuation
[2023-11-16T20:37:14.832+0000][gc,phases     ] GC(263)   Pre Evacuate Collection Set: 0.0ms
[2023-11-16T20:37:14.832+0000][gc,phases     ] GC(263)   Evacuate Collection Set: 14.9ms
[2023-11-16T20:37:14.832+0000][gc,phases     ] GC(263)   Post Evacuate Collection Set: 0.4ms
[2023-11-16T20:37:14.832+0000][gc,phases     ] GC(263)   Other: 0.3ms
[2023-11-16T20:37:14.832+0000][gc,heap       ] GC(263) Eden regions: 24->0(25)
[2023-11-16T20:37:14.832+0000][gc,heap       ] GC(263) Survivor regions: 4->2(4)
[2023-11-16T20:37:14.832+0000][gc,heap       ] GC(263) Old regions: 120->122
[2023-11-16T20:37:14.832+0000][gc,heap       ] GC(263) Humongous regions: 147->147
[2023-11-16T20:37:14.832+0000][gc,metaspace  ] GC(263) Metaspace: 44236K(46848K)->44236K(46848K) NonClass: 39038K(40448K)->39038K(40448K) Class: 5197K(6400K)->5197K(6400K)
[2023-11-16T20:37:14.832+0000][gc            ] GC(263) Pause Young (Normal) (G1 Evacuation Pause) 293M->269M(512M) 15.674ms
[2023-11-16T20:37:14.832+0000][gc,cpu        ] GC(263) User=0.03s Sys=0.00s Real=0.01s
[2023-11-16T20:38:53.830+0000][gc,start      ] GC(264) Pause Young (Normal) (G1 Evacuation Pause)
[2023-11-16T20:38:53.830+0000][gc,task       ] GC(264) Using 2 workers of 2 for evacuation
[2023-11-16T20:38:53.842+0000][gc,phases     ] GC(264)   Pre Evacuate Collection Set: 0.0ms
[2023-11-16T20:38:53.842+0000][gc,phases     ] GC(264)   Evacuate Collection Set: 12.0ms
[2023-11-16T20:38:53.842+0000][gc,phases     ] GC(264)   Post Evacuate Collection Set: 0.3ms
[2023-11-16T20:38:53.842+0000][gc,phases     ] GC(264)   Other: 0.2ms
[2023-11-16T20:38:53.843+0000][gc,heap       ] GC(264) Eden regions: 25->0(25)
[2023-11-16T20:38:53.843+0000][gc,heap       ] GC(264) Survivor regions: 2->4(4)
[2023-11-16T20:38:53.843+0000][gc,heap       ] GC(264) Old regions: 122->123
[2023-11-16T20:38:53.843+0000][gc,heap       ] GC(264) Humongous regions: 147->147
[2023-11-16T20:38:53.843+0000][gc,metaspace  ] GC(264) Metaspace: 44236K(46848K)->44236K(46848K) NonClass: 39038K(40448K)->39038K(40448K) Class: 5197K(6400K)->5197K(6400K)
[2023-11-16T20:38:53.843+0000][gc            ] GC(264) Pause Young (Normal) (G1 Evacuation Pause) 294M->272M(512M) 12.592ms
[2023-11-16T20:38:53.843+0000][gc,cpu        ] GC(264) User=0.03s Sys=0.00s Real=0.01s
[2023-11-16T20:40:31.196+0000][gc,start      ] GC(265) Pause Young (Normal) (G1 Evacuation Pause)
[2023-11-16T20:40:31.196+0000][gc,task       ] GC(265) Using 2 workers of 2 for evacuation
[2023-11-16T20:40:31.210+0000][gc,phases     ] GC(265)   Pre Evacuate Collection Set: 0.0ms
[2023-11-16T20:40:31.210+0000][gc,phases     ] GC(265)   Evacuate Collection Set: 13.0ms
[2023-11-16T20:40:31.210+0000][gc,phases     ] GC(265)   Post Evacuate Collection Set: 0.4ms
[2023-11-16T20:40:31.210+0000][gc,phases     ] GC(265)   Other: 0.6ms
[2023-11-16T20:40:31.210+0000][gc,heap       ] GC(265) Eden regions: 25->0(26)
[2023-11-16T20:40:31.210+0000][gc,heap       ] GC(265) Survivor regions: 4->3(4)
[2023-11-16T20:40:31.210+0000][gc,heap       ] GC(265) Old regions: 123->125
[2023-11-16T20:40:31.210+0000][gc,heap       ] GC(265) Humongous regions: 147->147
[2023-11-16T20:40:31.210+0000][gc,metaspace  ] GC(265) Metaspace: 44236K(46848K)->44236K(46848K) NonClass: 39038K(40448K)->39038K(40448K) Class: 5197K(6400K)->5197K(6400K)
[2023-11-16T20:40:31.210+0000][gc            ] GC(265) Pause Young (Normal) (G1 Evacuation Pause) 297M->272M(512M) 14.084ms
[2023-11-16T20:40:31.210+0000][gc,cpu        ] GC(265) User=0.03s Sys=0.00s Real=0.01s
[2023-11-16T20:42:13.383+0000][gc,start      ] GC(266) Pause Young (Normal) (G1 Evacuation Pause)
[2023-11-16T20:42:13.383+0000][gc,task       ] GC(266) Using 2 workers of 2 for evacuation
[2023-11-16T20:42:13.392+0000][gc,phases     ] GC(266)   Pre Evacuate Collection Set: 0.0ms
[2023-11-16T20:42:13.392+0000][gc,phases     ] GC(266)   Evacuate Collection Set: 8.6ms
[2023-11-16T20:42:13.392+0000][gc,phases     ] GC(266)   Post Evacuate Collection Set: 0.3ms
[2023-11-16T20:42:13.392+0000][gc,phases     ] GC(266)   Other: 0.3ms
[2023-11-16T20:42:13.392+0000][gc,heap       ] GC(266) Eden regions: 26->0(30)
[2023-11-16T20:42:13.392+0000][gc,heap       ] GC(266) Survivor regions: 3->2(4)
[2023-11-16T20:42:13.392+0000][gc,heap       ] GC(266) Old regions: 125->126
[2023-11-16T20:42:13.392+0000][gc,heap       ] GC(266) Humongous regions: 147->147
[2023-11-16T20:42:13.392+0000][gc,metaspace  ] GC(266) Metaspace: 44236K(46848K)->44236K(46848K) NonClass: 39038K(40448K)->39038K(40448K) Class: 5197K(6400K)->5197K(6400K)
[2023-11-16T20:42:13.392+0000][gc            ] GC(266) Pause Young (Normal) (G1 Evacuation Pause) 298M->272M(512M) 9.256ms
[2023-11-16T20:42:13.392+0000][gc,cpu        ] GC(266) User=0.02s Sys=0.00s Real=0.01s
[2023-11-16T20:44:12.371+0000][gc,start      ] GC(267) Pause Young (Normal) (G1 Evacuation Pause)
[2023-11-16T20:44:12.371+0000][gc,task       ] GC(267) Using 2 workers of 2 for evacuation
[2023-11-16T20:44:12.386+0000][gc,phases     ] GC(267)   Pre Evacuate Collection Set: 0.0ms
[2023-11-16T20:44:12.386+0000][gc,phases     ] GC(267)   Evacuate Collection Set: 14.3ms
[2023-11-16T20:44:12.386+0000][gc,phases     ] GC(267)   Post Evacuate Collection Set: 0.5ms
[2023-11-16T20:44:12.386+0000][gc,phases     ] GC(267)   Other: 0.2ms
[2023-11-16T20:44:12.386+0000][gc,heap       ] GC(267) Eden regions: 30->0(30)
[2023-11-16T20:44:12.386+0000][gc,heap       ] GC(267) Survivor regions: 2->4(4)
[2023-11-16T20:44:12.386+0000][gc,heap       ] GC(267) Old regions: 126->127
[2023-11-16T20:44:12.386+0000][gc,heap       ] GC(267) Humongous regions: 147->147
[2023-11-16T20:44:12.386+0000][gc,metaspace  ] GC(267) Metaspace: 44238K(46848K)->44238K(46848K) NonClass: 39040K(40448K)->39040K(40448K) Class: 5197K(6400K)->5197K(6400K)
[2023-11-16T20:44:12.386+0000][gc            ] GC(267) Pause Young (Normal) (G1 Evacuation Pause) 302M->275M(512M) 15.155ms
[2023-11-16T20:44:12.386+0000][gc,cpu        ] GC(267) User=0.03s Sys=0.00s Real=0.02s
[2023-11-16T20:46:10.070+0000][gc,start      ] GC(268) Pause Young (Normal) (G1 Evacuation Pause)
[2023-11-16T20:46:10.070+0000][gc,task       ] GC(268) Using 2 workers of 2 for evacuation
[2023-11-16T20:46:10.088+0000][gc,phases     ] GC(268)   Pre Evacuate Collection Set: 0.0ms
[2023-11-16T20:46:10.088+0000][gc,phases     ] GC(268)   Evacuate Collection Set: 16.4ms
[2023-11-16T20:46:10.088+0000][gc,phases     ] GC(268)   Post Evacuate Collection Set: 0.5ms
[2023-11-16T20:46:10.088+0000][gc,phases     ] GC(268)   Other: 0.3ms
[2023-11-16T20:46:10.088+0000][gc,heap       ] GC(268) Eden regions: 30->0(31)
[2023-11-16T20:46:10.088+0000][gc,heap       ] GC(268) Survivor regions: 4->3(5)
[2023-11-16T20:46:10.088+0000][gc,heap       ] GC(268) Old regions: 127->129
[2023-11-16T20:46:10.088+0000][gc,heap       ] GC(268) Humongous regions: 147->147
[2023-11-16T20:46:10.088+0000][gc,metaspace  ] GC(268) Metaspace: 44238K(46848K)->44238K(46848K) NonClass: 39040K(40448K)->39040K(40448K) Class: 5197K(6400K)->5197K(6400K)
[2023-11-16T20:46:10.088+0000][gc            ] GC(268) Pause Young (Normal) (G1 Evacuation Pause) 305M->277M(512M) 17.535ms
[2023-11-16T20:46:10.088+0000][gc,cpu        ] GC(268) User=0.03s Sys=0.00s Real=0.02s
[2023-11-16T20:48:12.993+0000][gc,start      ] GC(269) Pause Young (Normal) (G1 Evacuation Pause)
[2023-11-16T20:48:12.993+0000][gc,task       ] GC(269) Using 2 workers of 2 for evacuation
[2023-11-16T20:48:13.007+0000][gc,phases     ] GC(269)   Pre Evacuate Collection Set: 0.0ms
[2023-11-16T20:48:13.007+0000][gc,phases     ] GC(269)   Evacuate Collection Set: 12.7ms
[2023-11-16T20:48:13.007+0000][gc,phases     ] GC(269)   Post Evacuate Collection Set: 0.4ms
[2023-11-16T20:48:13.007+0000][gc,phases     ] GC(269)   Other: 0.2ms
[2023-11-16T20:48:13.007+0000][gc,heap       ] GC(269) Eden regions: 31->0(33)
[2023-11-16T20:48:13.007+0000][gc,heap       ] GC(269) Survivor regions: 3->2(5)
[2023-11-16T20:48:13.007+0000][gc,heap       ] GC(269) Old regions: 129->130
[2023-11-16T20:48:13.007+0000][gc,heap       ] GC(269) Humongous regions: 147->147
[2023-11-16T20:48:13.007+0000][gc,metaspace  ] GC(269) Metaspace: 44238K(46848K)->44238K(46848K) NonClass: 39040K(40448K)->39040K(40448K) Class: 5197K(6400K)->5197K(6400K)
[2023-11-16T20:48:13.007+0000][gc            ] GC(269) Pause Young (Normal) (G1 Evacuation Pause) 308M->277M(512M) 13.406ms
[2023-11-16T20:48:13.007+0000][gc,cpu        ] GC(269) User=0.03s Sys=0.00s Real=0.01s
[2023-11-16T20:50:19.960+0000][gc,start      ] GC(270) Pause Young (Normal) (G1 Evacuation Pause)
[2023-11-16T20:50:19.960+0000][gc,task       ] GC(270) Using 2 workers of 2 for evacuation
[2023-11-16T20:50:19.979+0000][gc,phases     ] GC(270)   Pre Evacuate Collection Set: 0.0ms
[2023-11-16T20:50:19.979+0000][gc,phases     ] GC(270)   Evacuate Collection Set: 17.6ms
[2023-11-16T20:50:19.979+0000][gc,phases     ] GC(270)   Post Evacuate Collection Set: 0.4ms
[2023-11-16T20:50:19.979+0000][gc,phases     ] GC(270)   Other: 0.2ms
[2023-11-16T20:50:19.979+0000][gc,heap       ] GC(270) Eden regions: 32->0(31)
[2023-11-16T20:50:19.979+0000][gc,heap       ] GC(270) Survivor regions: 2->5(5)
[2023-11-16T20:50:19.979+0000][gc,heap       ] GC(270) Old regions: 130->131
[2023-11-16T20:50:19.979+0000][gc,heap       ] GC(270) Humongous regions: 147->147
[2023-11-16T20:50:19.979+0000][gc,metaspace  ] GC(270) Metaspace: 44238K(46848K)->44238K(46848K) NonClass: 39040K(40448K)->39040K(40448K) Class: 5197K(6400K)->5197K(6400K)
[2023-11-16T20:50:19.979+0000][gc            ] GC(270) Pause Young (Normal) (G1 Evacuation Pause) 309M->281M(512M) 18.289ms
[2023-11-16T20:50:19.979+0000][gc,cpu        ] GC(270) User=0.03s Sys=0.00s Real=0.02s
[2023-11-16T20:52:22.867+0000][gc,start      ] GC(271) Pause Young (Normal) (G1 Evacuation Pause)
[2023-11-16T20:52:22.867+0000][gc,task       ] GC(271) Using 2 workers of 2 for evacuation
[2023-11-16T20:52:22.896+0000][gc,mmu        ] GC(271) MMU target violated: 21.0ms (20.0ms/21.0ms)
[2023-11-16T20:52:22.896+0000][gc,phases     ] GC(271)   Pre Evacuate Collection Set: 0.0ms
[2023-11-16T20:52:22.896+0000][gc,phases     ] GC(271)   Evacuate Collection Set: 23.0ms
[2023-11-16T20:52:22.896+0000][gc,phases     ] GC(271)   Post Evacuate Collection Set: 6.5ms
[2023-11-16T20:52:22.896+0000][gc,phases     ] GC(271)   Other: 0.4ms
[2023-11-16T20:52:22.896+0000][gc,heap       ] GC(271) Eden regions: 31->0(27)
[2023-11-16T20:52:22.896+0000][gc,heap       ] GC(271) Survivor regions: 5->4(5)
[2023-11-16T20:52:22.896+0000][gc,heap       ] GC(271) Old regions: 131->133
[2023-11-16T20:52:22.896+0000][gc,heap       ] GC(271) Humongous regions: 147->147
[2023-11-16T20:52:22.896+0000][gc,metaspace  ] GC(271) Metaspace: 44239K(46848K)->44239K(46848K) NonClass: 39041K(40448K)->39041K(40448K) Class: 5197K(6400K)->5197K(6400K)
[2023-11-16T20:52:22.897+0000][gc            ] GC(271) Pause Young (Normal) (G1 Evacuation Pause) 312M->281M(512M) 29.871ms
[2023-11-16T20:52:22.897+0000][gc,cpu        ] GC(271) User=0.04s Sys=0.01s Real=0.03s
[2023-11-16T20:54:08.687+0000][gc,start      ] GC(272) Pause Young (Normal) (G1 Evacuation Pause)
[2023-11-16T20:54:08.687+0000][gc,task       ] GC(272) Using 2 workers of 2 for evacuation
[2023-11-16T20:54:08.700+0000][gc,phases     ] GC(272)   Pre Evacuate Collection Set: 0.0ms
[2023-11-16T20:54:08.700+0000][gc,phases     ] GC(272)   Evacuate Collection Set: 12.2ms
[2023-11-16T20:54:08.700+0000][gc,phases     ] GC(272)   Post Evacuate Collection Set: 0.3ms
[2023-11-16T20:54:08.700+0000][gc,phases     ] GC(272)   Other: 0.3ms
[2023-11-16T20:54:08.700+0000][gc,heap       ] GC(272) Eden regions: 27->0(31)
[2023-11-16T20:54:08.700+0000][gc,heap       ] GC(272) Survivor regions: 4->3(4)
[2023-11-16T20:54:08.700+0000][gc,heap       ] GC(272) Old regions: 133->135
[2023-11-16T20:54:08.700+0000][gc,heap       ] GC(272) Humongous regions: 147->147
[2023-11-16T20:54:08.700+0000][gc,metaspace  ] GC(272) Metaspace: 44239K(46848K)->44239K(46848K) NonClass: 39041K(40448K)->39041K(40448K) Class: 5197K(6400K)->5197K(6400K)
[2023-11-16T20:54:08.700+0000][gc            ] GC(272) Pause Young (Normal) (G1 Evacuation Pause) 308M->282M(512M) 13.017ms
[2023-11-16T20:54:08.700+0000][gc,cpu        ] GC(272) User=0.03s Sys=0.00s Real=0.01s
[2023-11-16T20:55:58.231+0000][gc,start      ] GC(273) Pause Young (Normal) (G1 Evacuation Pause)
[2023-11-16T20:55:58.231+0000][gc,task       ] GC(273) Using 2 workers of 2 for evacuation
[2023-11-16T20:55:58.246+0000][gc,phases     ] GC(273)   Pre Evacuate Collection Set: 0.0ms
[2023-11-16T20:55:58.246+0000][gc,phases     ] GC(273)   Evacuate Collection Set: 14.7ms
[2023-11-16T20:55:58.246+0000][gc,phases     ] GC(273)   Post Evacuate Collection Set: 0.3ms
[2023-11-16T20:55:58.246+0000][gc,phases     ] GC(273)   Other: 0.2ms
[2023-11-16T20:55:58.246+0000][gc,heap       ] GC(273) Eden regions: 28->0(32)
[2023-11-16T20:55:58.246+0000][gc,heap       ] GC(273) Survivor regions: 3->4(4)
[2023-11-16T20:55:58.246+0000][gc,heap       ] GC(273) Old regions: 135->137
[2023-11-16T20:55:58.246+0000][gc,heap       ] GC(273) Humongous regions: 147->147
[2023-11-16T20:55:58.246+0000][gc,metaspace  ] GC(273) Metaspace: 44246K(46848K)->44246K(46848K) NonClass: 39048K(40448K)->39048K(40448K) Class: 5197K(6400K)->5197K(6400K)
[2023-11-16T20:55:58.246+0000][gc            ] GC(273) Pause Young (Normal) (G1 Evacuation Pause) 310M->285M(512M) 15.298ms
[2023-11-16T20:55:58.246+0000][gc,cpu        ] GC(273) User=0.03s Sys=0.00s Real=0.02s
[2023-11-16T20:57:56.439+0000][gc,start      ] GC(274) Pause Young (Normal) (G1 Evacuation Pause)
[2023-11-16T20:57:56.439+0000][gc,task       ] GC(274) Using 2 workers of 2 for evacuation
[2023-11-16T20:57:56.457+0000][gc,phases     ] GC(274)   Pre Evacuate Collection Set: 0.0ms
[2023-11-16T20:57:56.458+0000][gc,phases     ] GC(274)   Evacuate Collection Set: 18.1ms
[2023-11-16T20:57:56.458+0000][gc,phases     ] GC(274)   Post Evacuate Collection Set: 0.5ms
[2023-11-16T20:57:56.458+0000][gc,phases     ] GC(274)   Other: 0.2ms
[2023-11-16T20:57:56.458+0000][gc,heap       ] GC(274) Eden regions: 30->0(32)
[2023-11-16T20:57:56.458+0000][gc,heap       ] GC(274) Survivor regions: 4->4(5)
[2023-11-16T20:57:56.458+0000][gc,heap       ] GC(274) Old regions: 137->138
[2023-11-16T20:57:56.458+0000][gc,heap       ] GC(274) Humongous regions: 147->147
[2023-11-16T20:57:56.458+0000][gc,metaspace  ] GC(274) Metaspace: 44246K(46848K)->44246K(46848K) NonClass: 39048K(40448K)->39048K(40448K) Class: 5197K(6400K)->5197K(6400K)
[2023-11-16T20:57:56.458+0000][gc            ] GC(274) Pause Young (Normal) (G1 Evacuation Pause) 315M->287M(512M) 18.891ms
[2023-11-16T20:57:56.458+0000][gc,cpu        ] GC(274) User=0.03s Sys=0.00s Real=0.02s
[2023-11-16T20:59:47.639+0000][gc,start      ] GC(275) Pause Young (Normal) (G1 Evacuation Pause)
[2023-11-16T20:59:47.639+0000][gc,task       ] GC(275) Using 2 workers of 2 for evacuation
[2023-11-16T20:59:47.653+0000][gc,phases     ] GC(275)   Pre Evacuate Collection Set: 0.0ms
[2023-11-16T20:59:47.653+0000][gc,phases     ] GC(275)   Evacuate Collection Set: 12.5ms
[2023-11-16T20:59:47.653+0000][gc,phases     ] GC(275)   Post Evacuate Collection Set: 0.5ms
[2023-11-16T20:59:47.653+0000][gc,phases     ] GC(275)   Other: 0.3ms
[2023-11-16T20:59:47.653+0000][gc,heap       ] GC(275) Eden regions: 28->0(36)
[2023-11-16T20:59:47.653+0000][gc,heap       ] GC(275) Survivor regions: 4->3(4)
[2023-11-16T20:59:47.653+0000][gc,heap       ] GC(275) Old regions: 138->140
[2023-11-16T20:59:47.653+0000][gc,heap       ] GC(275) Humongous regions: 147->147
[2023-11-16T20:59:47.653+0000][gc,metaspace  ] GC(275) Metaspace: 44246K(46848K)->44246K(46848K) NonClass: 39048K(40448K)->39048K(40448K) Class: 5197K(6400K)->5197K(6400K)
[2023-11-16T20:59:47.653+0000][gc            ] GC(275) Pause Young (Normal) (G1 Evacuation Pause) 315M->287M(512M) 13.342ms
[2023-11-16T20:59:47.653+0000][gc,cpu        ] GC(275) User=0.02s Sys=0.00s Real=0.01s
[2023-11-16T21:01:53.961+0000][gc,start      ] GC(276) Pause Young (Normal) (G1 Evacuation Pause)
[2023-11-16T21:01:53.961+0000][gc,task       ] GC(276) Using 2 workers of 2 for evacuation
[2023-11-16T21:01:53.991+0000][gc,mmu        ] GC(276) MMU target violated: 21.0ms (20.0ms/21.0ms)
[2023-11-16T21:01:53.992+0000][gc,phases     ] GC(276)   Pre Evacuate Collection Set: 0.0ms
[2023-11-16T21:01:53.992+0000][gc,phases     ] GC(276)   Evacuate Collection Set: 23.6ms
[2023-11-16T21:01:53.992+0000][gc,phases     ] GC(276)   Post Evacuate Collection Set: 6.0ms
[2023-11-16T21:01:53.992+0000][gc,phases     ] GC(276)   Other: 0.7ms
[2023-11-16T21:01:53.992+0000][gc,heap       ] GC(276) Eden regions: 32->0(22)
[2023-11-16T21:01:53.992+0000][gc,heap       ] GC(276) Survivor regions: 3->3(5)
[2023-11-16T21:01:53.992+0000][gc,heap       ] GC(276) Old regions: 140->140
[2023-11-16T21:01:53.992+0000][gc,heap       ] GC(276) Humongous regions: 147->147
[2023-11-16T21:01:53.992+0000][gc,metaspace  ] GC(276) Metaspace: 44247K(46848K)->44247K(46848K) NonClass: 39050K(40448K)->39050K(40448K) Class: 5197K(6400K)->5197K(6400K)
[2023-11-16T21:01:53.992+0000][gc            ] GC(276) Pause Young (Normal) (G1 Evacuation Pause) 319M->287M(512M) 30.364ms
[2023-11-16T21:01:53.992+0000][gc,cpu        ] GC(276) User=0.04s Sys=0.00s Real=0.03s
[2023-11-16T21:03:21.003+0000][gc,start      ] GC(277) Pause Young (Normal) (G1 Evacuation Pause)
[2023-11-16T21:03:21.003+0000][gc,task       ] GC(277) Using 2 workers of 2 for evacuation
[2023-11-16T21:03:21.020+0000][gc,phases     ] GC(277)   Pre Evacuate Collection Set: 0.0ms
[2023-11-16T21:03:21.020+0000][gc,phases     ] GC(277)   Evacuate Collection Set: 16.4ms
[2023-11-16T21:03:21.020+0000][gc,phases     ] GC(277)   Post Evacuate Collection Set: 0.3ms
[2023-11-16T21:03:21.020+0000][gc,phases     ] GC(277)   Other: 0.2ms
[2023-11-16T21:03:21.020+0000][gc,heap       ] GC(277) Eden regions: 22->0(21)
[2023-11-16T21:03:21.020+0000][gc,heap       ] GC(277) Survivor regions: 3->4(4)
[2023-11-16T21:03:21.020+0000][gc,heap       ] GC(277) Old regions: 140->141
[2023-11-16T21:03:21.020+0000][gc,heap       ] GC(277) Humongous regions: 147->147
[2023-11-16T21:03:21.020+0000][gc,metaspace  ] GC(277) Metaspace: 44247K(46848K)->44247K(46848K) NonClass: 39050K(40448K)->39050K(40448K) Class: 5197K(6400K)->5197K(6400K)
[2023-11-16T21:03:21.020+0000][gc            ] GC(277) Pause Young (Normal) (G1 Evacuation Pause) 309M->290M(512M) 17.072ms
[2023-11-16T21:03:21.020+0000][gc,cpu        ] GC(277) User=0.03s Sys=0.00s Real=0.02s
[2023-11-16T21:04:42.143+0000][gc,start      ] GC(278) Pause Young (Normal) (G1 Evacuation Pause)
[2023-11-16T21:04:42.143+0000][gc,task       ] GC(278) Using 2 workers of 2 for evacuation
[2023-11-16T21:04:42.168+0000][gc,mmu        ] GC(278) MMU target violated: 21.0ms (20.0ms/21.0ms)
[2023-11-16T21:04:42.168+0000][gc,phases     ] GC(278)   Pre Evacuate Collection Set: 0.0ms
[2023-11-16T21:04:42.168+0000][gc,phases     ] GC(278)   Evacuate Collection Set: 22.8ms
[2023-11-16T21:04:42.168+0000][gc,phases     ] GC(278)   Post Evacuate Collection Set: 1.6ms
[2023-11-16T21:04:42.168+0000][gc,phases     ] GC(278)   Other: 0.4ms
[2023-11-16T21:04:42.168+0000][gc,heap       ] GC(278) Eden regions: 21->0(23)
[2023-11-16T21:04:42.168+0000][gc,heap       ] GC(278) Survivor regions: 4->2(4)
[2023-11-16T21:04:42.168+0000][gc,heap       ] GC(278) Old regions: 141->143
[2023-11-16T21:04:42.168+0000][gc,heap       ] GC(278) Humongous regions: 147->147
[2023-11-16T21:04:42.168+0000][gc,metaspace  ] GC(278) Metaspace: 44247K(46848K)->44247K(46848K) NonClass: 39050K(40448K)->39050K(40448K) Class: 5197K(6400K)->5197K(6400K)
[2023-11-16T21:04:42.168+0000][gc            ] GC(278) Pause Young (Normal) (G1 Evacuation Pause) 311M->290M(512M) 24.973ms
[2023-11-16T21:04:42.168+0000][gc,cpu        ] GC(278) User=0.04s Sys=0.01s Real=0.03s
[2023-11-16T21:05:51.305+0000][gc,start      ] GC(279) Pause Young (Normal) (G1 Evacuation Pause)
[2023-11-16T21:05:51.305+0000][gc,task       ] GC(279) Using 2 workers of 2 for evacuation
[2023-11-16T21:05:51.323+0000][gc,phases     ] GC(279)   Pre Evacuate Collection Set: 0.0ms
[2023-11-16T21:05:51.323+0000][gc,phases     ] GC(279)   Evacuate Collection Set: 17.4ms
[2023-11-16T21:05:51.323+0000][gc,phases     ] GC(279)   Post Evacuate Collection Set: 0.4ms
[2023-11-16T21:05:51.323+0000][gc,phases     ] GC(279)   Other: 0.3ms
[2023-11-16T21:05:51.323+0000][gc,heap       ] GC(279) Eden regions: 23->0(21)
[2023-11-16T21:05:51.323+0000][gc,heap       ] GC(279) Survivor regions: 2->4(4)
[2023-11-16T21:05:51.323+0000][gc,heap       ] GC(279) Old regions: 143->145
[2023-11-16T21:05:51.323+0000][gc,heap       ] GC(279) Humongous regions: 147->147
[2023-11-16T21:05:51.323+0000][gc,metaspace  ] GC(279) Metaspace: 44249K(46848K)->44249K(46848K) NonClass: 39051K(40448K)->39051K(40448K) Class: 5197K(6400K)->5197K(6400K)
[2023-11-16T21:05:51.324+0000][gc            ] GC(279) Pause Young (Normal) (G1 Evacuation Pause) 313M->294M(512M) 18.094ms
[2023-11-16T21:05:51.324+0000][gc,cpu        ] GC(279) User=0.04s Sys=0.00s Real=0.01s
[2023-11-16T21:07:13.451+0000][gc,start      ] GC(280) Pause Young (Normal) (G1 Evacuation Pause)
[2023-11-16T21:07:13.451+0000][gc,task       ] GC(280) Using 2 workers of 2 for evacuation
[2023-11-16T21:07:13.463+0000][gc,phases     ] GC(280)   Pre Evacuate Collection Set: 0.0ms
[2023-11-16T21:07:13.463+0000][gc,phases     ] GC(280)   Evacuate Collection Set: 11.7ms
[2023-11-16T21:07:13.463+0000][gc,phases     ] GC(280)   Post Evacuate Collection Set: 0.3ms
[2023-11-16T21:07:13.463+0000][gc,phases     ] GC(280)   Other: 0.3ms
[2023-11-16T21:07:13.463+0000][gc,heap       ] GC(280) Eden regions: 21->0(23)
[2023-11-16T21:07:13.463+0000][gc,heap       ] GC(280) Survivor regions: 4->2(4)
[2023-11-16T21:07:13.463+0000][gc,heap       ] GC(280) Old regions: 145->148
[2023-11-16T21:07:13.463+0000][gc,heap       ] GC(280) Humongous regions: 147->147
[2023-11-16T21:07:13.463+0000][gc,metaspace  ] GC(280) Metaspace: 44249K(46848K)->44249K(46848K) NonClass: 39051K(40448K)->39051K(40448K) Class: 5197K(6400K)->5197K(6400K)
[2023-11-16T21:07:13.463+0000][gc            ] GC(280) Pause Young (Normal) (G1 Evacuation Pause) 315M->294M(512M) 12.459ms
[2023-11-16T21:07:13.463+0000][gc,cpu        ] GC(280) User=0.02s Sys=0.00s Real=0.01s
[2023-11-16T21:08:44.095+0000][gc,start      ] GC(281) Pause Young (Normal) (G1 Evacuation Pause)
[2023-11-16T21:08:44.096+0000][gc,task       ] GC(281) Using 2 workers of 2 for evacuation
[2023-11-16T21:08:44.108+0000][gc,phases     ] GC(281)   Pre Evacuate Collection Set: 0.0ms
[2023-11-16T21:08:44.108+0000][gc,phases     ] GC(281)   Evacuate Collection Set: 11.6ms
[2023-11-16T21:08:44.108+0000][gc,phases     ] GC(281)   Post Evacuate Collection Set: 0.4ms
[2023-11-16T21:08:44.108+0000][gc,phases     ] GC(281)   Other: 0.2ms
[2023-11-16T21:08:44.108+0000][gc,heap       ] GC(281) Eden regions: 23->0(22)
[2023-11-16T21:08:44.108+0000][gc,heap       ] GC(281) Survivor regions: 2->4(4)
[2023-11-16T21:08:44.108+0000][gc,heap       ] GC(281) Old regions: 148->148
[2023-11-16T21:08:44.108+0000][gc,heap       ] GC(281) Humongous regions: 147->147
[2023-11-16T21:08:44.108+0000][gc,metaspace  ] GC(281) Metaspace: 44249K(46848K)->44249K(46848K) NonClass: 39051K(40448K)->39051K(40448K) Class: 5197K(6400K)->5197K(6400K)
[2023-11-16T21:08:44.108+0000][gc            ] GC(281) Pause Young (Normal) (G1 Evacuation Pause) 317M->296M(512M) 12.208ms
[2023-11-16T21:08:44.108+0000][gc,cpu        ] GC(281) User=0.02s Sys=0.00s Real=0.01s
[2023-11-16T21:10:09.763+0000][gc,start      ] GC(282) Pause Young (Normal) (G1 Evacuation Pause)
[2023-11-16T21:10:09.763+0000][gc,task       ] GC(282) Using 2 workers of 2 for evacuation
[2023-11-16T21:10:09.776+0000][gc,phases     ] GC(282)   Pre Evacuate Collection Set: 0.0ms
[2023-11-16T21:10:09.776+0000][gc,phases     ] GC(282)   Evacuate Collection Set: 13.2ms
[2023-11-16T21:10:09.776+0000][gc,phases     ] GC(282)   Post Evacuate Collection Set: 0.4ms
[2023-11-16T21:10:09.776+0000][gc,phases     ] GC(282)   Other: 0.2ms
[2023-11-16T21:10:09.776+0000][gc,heap       ] GC(282) Eden regions: 22->0(24)
[2023-11-16T21:10:09.776+0000][gc,heap       ] GC(282) Survivor regions: 4->2(4)
[2023-11-16T21:10:09.776+0000][gc,heap       ] GC(282) Old regions: 148->150
[2023-11-16T21:10:09.776+0000][gc,heap       ] GC(282) Humongous regions: 147->147
[2023-11-16T21:10:09.776+0000][gc,metaspace  ] GC(282) Metaspace: 44249K(46848K)->44249K(46848K) NonClass: 39051K(40448K)->39051K(40448K) Class: 5197K(6400K)->5197K(6400K)
[2023-11-16T21:10:09.776+0000][gc            ] GC(282) Pause Young (Normal) (G1 Evacuation Pause) 318M->296M(512M) 13.879ms
[2023-11-16T21:10:09.776+0000][gc,cpu        ] GC(282) User=0.02s Sys=0.00s Real=0.02s
[2023-11-16T21:11:40.423+0000][gc,start      ] GC(283) Pause Young (Normal) (G1 Evacuation Pause)
[2023-11-16T21:11:40.423+0000][gc,task       ] GC(283) Using 2 workers of 2 for evacuation
[2023-11-16T21:11:40.434+0000][gc,phases     ] GC(283)   Pre Evacuate Collection Set: 0.0ms
[2023-11-16T21:11:40.434+0000][gc,phases     ] GC(283)   Evacuate Collection Set: 10.9ms
[2023-11-16T21:11:40.434+0000][gc,phases     ] GC(283)   Post Evacuate Collection Set: 0.3ms
[2023-11-16T21:11:40.434+0000][gc,phases     ] GC(283)   Other: 0.2ms
[2023-11-16T21:11:40.434+0000][gc,heap       ] GC(283) Eden regions: 23->0(25)
[2023-11-16T21:11:40.434+0000][gc,heap       ] GC(283) Survivor regions: 2->4(4)
[2023-11-16T21:11:40.434+0000][gc,heap       ] GC(283) Old regions: 150->150
[2023-11-16T21:11:40.434+0000][gc,heap       ] GC(283) Humongous regions: 147->147
[2023-11-16T21:11:40.434+0000][gc,metaspace  ] GC(283) Metaspace: 44252K(46848K)->44252K(46848K) NonClass: 39055K(40448K)->39055K(40448K) Class: 5197K(6400K)->5197K(6400K)
[2023-11-16T21:11:40.434+0000][gc            ] GC(283) Pause Young (Normal) (G1 Evacuation Pause) 319M->298M(512M) 11.534ms
[2023-11-16T21:11:40.434+0000][gc,cpu        ] GC(283) User=0.02s Sys=0.00s Real=0.02s
[2023-11-16T21:13:19.519+0000][gc,start      ] GC(284) Pause Young (Normal) (G1 Evacuation Pause)
[2023-11-16T21:13:19.519+0000][gc,task       ] GC(284) Using 2 workers of 2 for evacuation
[2023-11-16T21:13:19.532+0000][gc,phases     ] GC(284)   Pre Evacuate Collection Set: 0.0ms
[2023-11-16T21:13:19.532+0000][gc,phases     ] GC(284)   Evacuate Collection Set: 12.7ms
[2023-11-16T21:13:19.532+0000][gc,phases     ] GC(284)   Post Evacuate Collection Set: 0.3ms
[2023-11-16T21:13:19.532+0000][gc,phases     ] GC(284)   Other: 0.2ms
[2023-11-16T21:13:19.532+0000][gc,heap       ] GC(284) Eden regions: 25->0(27)
[2023-11-16T21:13:19.532+0000][gc,heap       ] GC(284) Survivor regions: 4->2(4)
[2023-11-16T21:13:19.532+0000][gc,heap       ] GC(284) Old regions: 150->151
[2023-11-16T21:13:19.532+0000][gc,heap       ] GC(284) Humongous regions: 147->147
[2023-11-16T21:13:19.532+0000][gc,metaspace  ] GC(284) Metaspace: 44253K(46848K)->44253K(46848K) NonClass: 39055K(40448K)->39055K(40448K) Class: 5197K(6400K)->5197K(6400K)
[2023-11-16T21:13:19.532+0000][gc            ] GC(284) Pause Young (Normal) (G1 Evacuation Pause) 323M->298M(512M) 13.453ms
[2023-11-16T21:13:19.532+0000][gc,cpu        ] GC(284) User=0.02s Sys=0.00s Real=0.01s
[2023-11-16T21:14:57.187+0000][gc,start      ] GC(285) Pause Young (Normal) (G1 Evacuation Pause)
[2023-11-16T21:14:57.187+0000][gc,task       ] GC(285) Using 2 workers of 2 for evacuation
[2023-11-16T21:14:57.199+0000][gc,phases     ] GC(285)   Pre Evacuate Collection Set: 0.0ms
[2023-11-16T21:14:57.199+0000][gc,phases     ] GC(285)   Evacuate Collection Set: 11.8ms
[2023-11-16T21:14:57.199+0000][gc,phases     ] GC(285)   Post Evacuate Collection Set: 0.4ms
[2023-11-16T21:14:57.199+0000][gc,phases     ] GC(285)   Other: 0.2ms
[2023-11-16T21:14:57.199+0000][gc,heap       ] GC(285) Eden regions: 25->0(26)
[2023-11-16T21:14:57.199+0000][gc,heap       ] GC(285) Survivor regions: 2->4(4)
[2023-11-16T21:14:57.199+0000][gc,heap       ] GC(285) Old regions: 151->152
[2023-11-16T21:14:57.199+0000][gc,heap       ] GC(285) Humongous regions: 147->147
[2023-11-16T21:14:57.199+0000][gc,metaspace  ] GC(285) Metaspace: 44256K(46848K)->44256K(46848K) NonClass: 39059K(40448K)->39059K(40448K) Class: 5197K(6400K)->5197K(6400K)
[2023-11-16T21:14:57.199+0000][gc            ] GC(285) Pause Young (Normal) (G1 Evacuation Pause) 323M->301M(512M) 12.552ms
[2023-11-16T21:14:57.199+0000][gc,cpu        ] GC(285) User=0.03s Sys=0.00s Real=0.01s
[2023-11-16T21:16:39.020+0000][gc,start      ] GC(286) Pause Young (Normal) (G1 Evacuation Pause)
[2023-11-16T21:16:39.020+0000][gc,task       ] GC(286) Using 2 workers of 2 for evacuation
[2023-11-16T21:16:39.033+0000][gc,phases     ] GC(286)   Pre Evacuate Collection Set: 0.0ms
[2023-11-16T21:16:39.033+0000][gc,phases     ] GC(286)   Evacuate Collection Set: 13.0ms
[2023-11-16T21:16:39.033+0000][gc,phases     ] GC(286)   Post Evacuate Collection Set: 0.3ms
[2023-11-16T21:16:39.033+0000][gc,phases     ] GC(286)   Other: 0.3ms
[2023-11-16T21:16:39.033+0000][gc,heap       ] GC(286) Eden regions: 26->0(29)
[2023-11-16T21:16:39.033+0000][gc,heap       ] GC(286) Survivor regions: 4->3(4)
[2023-11-16T21:16:39.033+0000][gc,heap       ] GC(286) Old regions: 152->154
[2023-11-16T21:16:39.033+0000][gc,heap       ] GC(286) Humongous regions: 147->147
[2023-11-16T21:16:39.033+0000][gc,metaspace  ] GC(286) Metaspace: 44258K(46848K)->44258K(46848K) NonClass: 39060K(40448K)->39060K(40448K) Class: 5197K(6400K)->5197K(6400K)
[2023-11-16T21:16:39.033+0000][gc            ] GC(286) Pause Young (Normal) (G1 Evacuation Pause) 327M->301M(512M) 13.856ms
[2023-11-16T21:16:39.034+0000][gc,cpu        ] GC(286) User=0.02s Sys=0.00s Real=0.02s
[2023-11-16T21:18:25.962+0000][gc,start      ] GC(287) Pause Young (Normal) (G1 Evacuation Pause)
[2023-11-16T21:18:25.962+0000][gc,task       ] GC(287) Using 2 workers of 2 for evacuation
[2023-11-16T21:18:25.973+0000][gc,phases     ] GC(287)   Pre Evacuate Collection Set: 0.0ms
[2023-11-16T21:18:25.973+0000][gc,phases     ] GC(287)   Evacuate Collection Set: 11.2ms
[2023-11-16T21:18:25.973+0000][gc,phases     ] GC(287)   Post Evacuate Collection Set: 0.3ms
[2023-11-16T21:18:25.973+0000][gc,phases     ] GC(287)   Other: 0.2ms
[2023-11-16T21:18:25.973+0000][gc,heap       ] GC(287) Eden regions: 27->0(31)
[2023-11-16T21:18:25.973+0000][gc,heap       ] GC(287) Survivor regions: 3->2(4)
[2023-11-16T21:18:25.973+0000][gc,heap       ] GC(287) Old regions: 154->155
[2023-11-16T21:18:25.973+0000][gc,heap       ] GC(287) Humongous regions: 147->147
[2023-11-16T21:18:25.973+0000][gc,metaspace  ] GC(287) Metaspace: 44258K(46848K)->44258K(46848K) NonClass: 39060K(40448K)->39060K(40448K) Class: 5197K(6400K)->5197K(6400K)
[2023-11-16T21:18:25.974+0000][gc            ] GC(287) Pause Young (Normal) (G1 Evacuation Pause) 328M->301M(512M) 11.884ms
[2023-11-16T21:18:25.974+0000][gc,cpu        ] GC(287) User=0.02s Sys=0.00s Real=0.02s
[2023-11-16T21:20:21.293+0000][gc,start      ] GC(288) Pause Young (Normal) (G1 Evacuation Pause)
[2023-11-16T21:20:21.293+0000][gc,task       ] GC(288) Using 2 workers of 2 for evacuation
[2023-11-16T21:20:21.307+0000][gc,phases     ] GC(288)   Pre Evacuate Collection Set: 0.0ms
[2023-11-16T21:20:21.307+0000][gc,phases     ] GC(288)   Evacuate Collection Set: 13.0ms
[2023-11-16T21:20:21.307+0000][gc,phases     ] GC(288)   Post Evacuate Collection Set: 0.3ms
[2023-11-16T21:20:21.307+0000][gc,phases     ] GC(288)   Other: 0.2ms
[2023-11-16T21:20:21.307+0000][gc,heap       ] GC(288) Eden regions: 29->0(31)
[2023-11-16T21:20:21.307+0000][gc,heap       ] GC(288) Survivor regions: 2->4(4)
[2023-11-16T21:20:21.307+0000][gc,heap       ] GC(288) Old regions: 155->156
[2023-11-16T21:20:21.307+0000][gc,heap       ] GC(288) Humongous regions: 147->147
[2023-11-16T21:20:21.307+0000][gc,metaspace  ] GC(288) Metaspace: 44258K(46848K)->44258K(46848K) NonClass: 39060K(40448K)->39060K(40448K) Class: 5197K(6400K)->5197K(6400K)
[2023-11-16T21:20:21.307+0000][gc            ] GC(288) Pause Young (Normal) (G1 Evacuation Pause) 330M->304M(512M) 13.613ms
[2023-11-16T21:20:21.307+0000][gc,cpu        ] GC(288) User=0.02s Sys=0.00s Real=0.02s
[2023-11-16T21:22:23.514+0000][gc,start      ] GC(289) Pause Young (Normal) (G1 Evacuation Pause)
[2023-11-16T21:22:23.514+0000][gc,task       ] GC(289) Using 2 workers of 2 for evacuation
[2023-11-16T21:22:23.544+0000][gc,mmu        ] GC(289) MMU target violated: 21.0ms (20.0ms/21.0ms)
[2023-11-16T21:22:23.544+0000][gc,phases     ] GC(289)   Pre Evacuate Collection Set: 0.0ms
[2023-11-16T21:22:23.544+0000][gc,phases     ] GC(289)   Evacuate Collection Set: 28.6ms
[2023-11-16T21:22:23.544+0000][gc,phases     ] GC(289)   Post Evacuate Collection Set: 1.6ms
[2023-11-16T21:22:23.544+0000][gc,phases     ] GC(289)   Other: 0.5ms
[2023-11-16T21:22:23.544+0000][gc,heap       ] GC(289) Eden regions: 31->0(22)
[2023-11-16T21:22:23.544+0000][gc,heap       ] GC(289) Survivor regions: 4->3(5)
[2023-11-16T21:22:23.544+0000][gc,heap       ] GC(289) Old regions: 156->158
[2023-11-16T21:22:23.544+0000][gc,heap       ] GC(289) Humongous regions: 147->147
[2023-11-16T21:22:23.544+0000][gc,metaspace  ] GC(289) Metaspace: 44258K(46848K)->44258K(46848K) NonClass: 39060K(40448K)->39060K(40448K) Class: 5197K(6400K)->5197K(6400K)
[2023-11-16T21:22:23.545+0000][gc            ] GC(289) Pause Young (Normal) (G1 Evacuation Pause) 335M->305M(512M) 30.754ms
[2023-11-16T21:22:23.545+0000][gc,cpu        ] GC(289) User=0.05s Sys=0.02s Real=0.02s
[2023-11-16T21:23:50.202+0000][gc,start      ] GC(290) Pause Young (Normal) (G1 Evacuation Pause)
[2023-11-16T21:23:50.202+0000][gc,task       ] GC(290) Using 2 workers of 2 for evacuation
[2023-11-16T21:23:50.218+0000][gc,phases     ] GC(290)   Pre Evacuate Collection Set: 0.0ms
[2023-11-16T21:23:50.218+0000][gc,phases     ] GC(290)   Evacuate Collection Set: 15.8ms
[2023-11-16T21:23:50.218+0000][gc,phases     ] GC(290)   Post Evacuate Collection Set: 0.3ms
[2023-11-16T21:23:50.218+0000][gc,phases     ] GC(290)   Other: 0.3ms
[2023-11-16T21:23:50.218+0000][gc,heap       ] GC(290) Eden regions: 22->0(22)
[2023-11-16T21:23:50.218+0000][gc,heap       ] GC(290) Survivor regions: 3->3(4)
[2023-11-16T21:23:50.218+0000][gc,heap       ] GC(290) Old regions: 158->160
[2023-11-16T21:23:50.218+0000][gc,heap       ] GC(290) Humongous regions: 147->147
[2023-11-16T21:23:50.218+0000][gc,metaspace  ] GC(290) Metaspace: 44258K(46848K)->44258K(46848K) NonClass: 39060K(40448K)->39060K(40448K) Class: 5197K(6400K)->5197K(6400K)
[2023-11-16T21:23:50.219+0000][gc            ] GC(290) Pause Young (Normal) (G1 Evacuation Pause) 327M->308M(512M) 16.548ms
[2023-11-16T21:23:50.219+0000][gc,cpu        ] GC(290) User=0.03s Sys=0.00s Real=0.02s
[2023-11-16T21:25:15.348+0000][gc,start      ] GC(291) Pause Young (Normal) (G1 Evacuation Pause)
[2023-11-16T21:25:15.349+0000][gc,task       ] GC(291) Using 2 workers of 2 for evacuation
[2023-11-16T21:25:15.360+0000][gc,phases     ] GC(291)   Pre Evacuate Collection Set: 0.0ms
[2023-11-16T21:25:15.360+0000][gc,phases     ] GC(291)   Evacuate Collection Set: 11.3ms
[2023-11-16T21:25:15.360+0000][gc,phases     ] GC(291)   Post Evacuate Collection Set: 0.3ms
[2023-11-16T21:25:15.360+0000][gc,phases     ] GC(291)   Other: 0.3ms
[2023-11-16T21:25:15.360+0000][gc,heap       ] GC(291) Eden regions: 22->0(25)
[2023-11-16T21:25:15.360+0000][gc,heap       ] GC(291) Survivor regions: 3->3(4)
[2023-11-16T21:25:15.360+0000][gc,heap       ] GC(291) Old regions: 160->162
[2023-11-16T21:25:15.361+0000][gc,heap       ] GC(291) Humongous regions: 147->147
[2023-11-16T21:25:15.361+0000][gc,metaspace  ] GC(291) Metaspace: 44265K(46848K)->44265K(46848K) NonClass: 39067K(40448K)->39067K(40448K) Class: 5197K(6400K)->5197K(6400K)
[2023-11-16T21:25:15.361+0000][gc            ] GC(291) Pause Young (Normal) (G1 Evacuation Pause) 330M->309M(512M) 12.053ms
[2023-11-16T21:25:15.361+0000][gc,cpu        ] GC(291) User=0.02s Sys=0.00s Real=0.01s
[2023-11-16T21:26:42.132+0000][gc,start      ] GC(292) Pause Young (Normal) (G1 Evacuation Pause)
[2023-11-16T21:26:42.132+0000][gc,task       ] GC(292) Using 2 workers of 2 for evacuation
[2023-11-16T21:26:42.149+0000][gc,phases     ] GC(292)   Pre Evacuate Collection Set: 0.0ms
[2023-11-16T21:26:42.150+0000][gc,phases     ] GC(292)   Evacuate Collection Set: 16.6ms
[2023-11-16T21:26:42.150+0000][gc,phases     ] GC(292)   Post Evacuate Collection Set: 0.4ms
[2023-11-16T21:26:42.150+0000][gc,phases     ] GC(292)   Other: 0.3ms
[2023-11-16T21:26:42.150+0000][gc,heap       ] GC(292) Eden regions: 22->0(24)
[2023-11-16T21:26:42.150+0000][gc,heap       ] GC(292) Survivor regions: 3->3(4)
[2023-11-16T21:26:42.150+0000][gc,heap       ] GC(292) Old regions: 162->164
[2023-11-16T21:26:42.150+0000][gc,heap       ] GC(292) Humongous regions: 147->147
[2023-11-16T21:26:42.150+0000][gc,metaspace  ] GC(292) Metaspace: 44265K(46848K)->44265K(46848K) NonClass: 39067K(40448K)->39067K(40448K) Class: 5197K(6400K)->5197K(6400K)
[2023-11-16T21:26:42.150+0000][gc            ] GC(292) Pause Young (Normal) (G1 Evacuation Pause) 331M->312M(512M) 17.476ms
[2023-11-16T21:26:42.150+0000][gc,cpu        ] GC(292) User=0.03s Sys=0.00s Real=0.02s
[2023-11-16T21:28:08.641+0000][gc,start      ] GC(293) Pause Young (Normal) (G1 Evacuation Pause)
[2023-11-16T21:28:08.641+0000][gc,task       ] GC(293) Using 2 workers of 2 for evacuation
[2023-11-16T21:28:08.653+0000][gc,phases     ] GC(293)   Pre Evacuate Collection Set: 0.0ms
[2023-11-16T21:28:08.653+0000][gc,phases     ] GC(293)   Evacuate Collection Set: 12.3ms
[2023-11-16T21:28:08.653+0000][gc,phases     ] GC(293)   Post Evacuate Collection Set: 0.3ms
[2023-11-16T21:28:08.654+0000][gc,phases     ] GC(293)   Other: 0.3ms
[2023-11-16T21:28:08.654+0000][gc,heap       ] GC(293) Eden regions: 22->0(26)
[2023-11-16T21:28:08.654+0000][gc,heap       ] GC(293) Survivor regions: 3->3(4)
[2023-11-16T21:28:08.654+0000][gc,heap       ] GC(293) Old regions: 164->165
[2023-11-16T21:28:08.654+0000][gc,heap       ] GC(293) Humongous regions: 147->147
[2023-11-16T21:28:08.654+0000][gc,metaspace  ] GC(293) Metaspace: 44265K(46848K)->44265K(46848K) NonClass: 39067K(40448K)->39067K(40448K) Class: 5197K(6400K)->5197K(6400K)
[2023-11-16T21:28:08.654+0000][gc            ] GC(293) Pause Young (Normal) (G1 Evacuation Pause) 334M->313M(512M) 12.984ms
[2023-11-16T21:28:08.654+0000][gc,cpu        ] GC(293) User=0.02s Sys=0.00s Real=0.02s
[2023-11-16T21:29:34.065+0000][gc,start      ] GC(294) Pause Young (Normal) (G1 Evacuation Pause)
[2023-11-16T21:29:34.066+0000][gc,task       ] GC(294) Using 2 workers of 2 for evacuation
[2023-11-16T21:29:34.075+0000][gc,phases     ] GC(294)   Pre Evacuate Collection Set: 0.0ms
[2023-11-16T21:29:34.075+0000][gc,phases     ] GC(294)   Evacuate Collection Set: 9.0ms
[2023-11-16T21:29:34.075+0000][gc,phases     ] GC(294)   Post Evacuate Collection Set: 0.5ms
[2023-11-16T21:29:34.075+0000][gc,phases     ] GC(294)   Other: 0.2ms
[2023-11-16T21:29:34.075+0000][gc,heap       ] GC(294) Eden regions: 22->0(31)
[2023-11-16T21:29:34.075+0000][gc,heap       ] GC(294) Survivor regions: 3->2(4)
[2023-11-16T21:29:34.075+0000][gc,heap       ] GC(294) Old regions: 165->166
[2023-11-16T21:29:34.075+0000][gc,heap       ] GC(294) Humongous regions: 147->147
[2023-11-16T21:29:34.075+0000][gc,metaspace  ] GC(294) Metaspace: 44275K(46848K)->44275K(46848K) NonClass: 39077K(40448K)->39077K(40448K) Class: 5197K(6400K)->5197K(6400K)
[2023-11-16T21:29:34.075+0000][gc            ] GC(294) Pause Young (Normal) (G1 Evacuation Pause) 335M->312M(512M) 9.870ms
[2023-11-16T21:29:34.075+0000][gc,cpu        ] GC(294) User=0.02s Sys=0.00s Real=0.01s
[2023-11-16T21:31:37.506+0000][gc,start      ] GC(295) Pause Young (Normal) (G1 Evacuation Pause)
[2023-11-16T21:31:37.506+0000][gc,task       ] GC(295) Using 2 workers of 2 for evacuation
[2023-11-16T21:31:37.549+0000][gc,mmu        ] GC(295) MMU target violated: 21.0ms (20.0ms/21.0ms)
[2023-11-16T21:31:37.550+0000][gc,phases     ] GC(295)   Pre Evacuate Collection Set: 0.0ms
[2023-11-16T21:31:37.550+0000][gc,phases     ] GC(295)   Evacuate Collection Set: 13.5ms
[2023-11-16T21:31:37.550+0000][gc,phases     ] GC(295)   Post Evacuate Collection Set: 26.9ms
[2023-11-16T21:31:37.550+0000][gc,phases     ] GC(295)   Other: 3.6ms
[2023-11-16T21:31:37.550+0000][gc,heap       ] GC(295) Eden regions: 31->0(20)
[2023-11-16T21:31:37.550+0000][gc,heap       ] GC(295) Survivor regions: 2->5(5)
[2023-11-16T21:31:37.550+0000][gc,heap       ] GC(295) Old regions: 166->166
[2023-11-16T21:31:37.550+0000][gc,heap       ] GC(295) Humongous regions: 147->147
[2023-11-16T21:31:37.550+0000][gc,metaspace  ] GC(295) Metaspace: 44276K(46848K)->44276K(46848K) NonClass: 39078K(40448K)->39078K(40448K) Class: 5197K(6400K)->5197K(6400K)
[2023-11-16T21:31:37.550+0000][gc            ] GC(295) Pause Young (Normal) (G1 Evacuation Pause) 343M->316M(512M) 44.128ms
[2023-11-16T21:31:37.550+0000][gc,cpu        ] GC(295) User=0.04s Sys=0.00s Real=0.04s
[2023-11-16T21:32:54.671+0000][gc,start      ] GC(296) Pause Young (Normal) (G1 Evacuation Pause)
[2023-11-16T21:32:54.671+0000][gc,task       ] GC(296) Using 2 workers of 2 for evacuation
[2023-11-16T21:32:54.682+0000][gc,phases     ] GC(296)   Pre Evacuate Collection Set: 0.0ms
[2023-11-16T21:32:54.682+0000][gc,phases     ] GC(296)   Evacuate Collection Set: 10.1ms
[2023-11-16T21:32:54.682+0000][gc,phases     ] GC(296)   Post Evacuate Collection Set: 0.3ms
[2023-11-16T21:32:54.682+0000][gc,phases     ] GC(296)   Other: 0.2ms
[2023-11-16T21:32:54.682+0000][gc,heap       ] GC(296) Eden regions: 20->0(23)
[2023-11-16T21:32:54.682+0000][gc,heap       ] GC(296) Survivor regions: 5->2(4)
[2023-11-16T21:32:54.682+0000][gc,heap       ] GC(296) Old regions: 166->168
[2023-11-16T21:32:54.682+0000][gc,heap       ] GC(296) Humongous regions: 147->147
[2023-11-16T21:32:54.682+0000][gc,metaspace  ] GC(296) Metaspace: 44276K(46848K)->44276K(46848K) NonClass: 39078K(40448K)->39078K(40448K) Class: 5197K(6400K)->5197K(6400K)
[2023-11-16T21:32:54.682+0000][gc            ] GC(296) Pause Young (Normal) (G1 Evacuation Pause) 336M->315M(512M) 10.706ms
[2023-11-16T21:32:54.682+0000][gc,cpu        ] GC(296) User=0.01s Sys=0.01s Real=0.01s
[2023-11-16T21:34:24.619+0000][gc,start      ] GC(297) Pause Young (Normal) (G1 Evacuation Pause)
[2023-11-16T21:34:24.619+0000][gc,task       ] GC(297) Using 2 workers of 2 for evacuation
[2023-11-16T21:34:24.631+0000][gc,phases     ] GC(297)   Pre Evacuate Collection Set: 0.0ms
[2023-11-16T21:34:24.631+0000][gc,phases     ] GC(297)   Evacuate Collection Set: 11.9ms
[2023-11-16T21:34:24.631+0000][gc,phases     ] GC(297)   Post Evacuate Collection Set: 0.3ms
[2023-11-16T21:34:24.631+0000][gc,phases     ] GC(297)   Other: 0.2ms
[2023-11-16T21:34:24.631+0000][gc,heap       ] GC(297) Eden regions: 23->0(21)
[2023-11-16T21:34:24.631+0000][gc,heap       ] GC(297) Survivor regions: 2->4(4)
[2023-11-16T21:34:24.631+0000][gc,heap       ] GC(297) Old regions: 168->168
[2023-11-16T21:34:24.631+0000][gc,heap       ] GC(297) Humongous regions: 147->147
[2023-11-16T21:34:24.631+0000][gc,metaspace  ] GC(297) Metaspace: 44276K(46848K)->44276K(46848K) NonClass: 39078K(40448K)->39078K(40448K) Class: 5197K(6400K)->5197K(6400K)
[2023-11-16T21:34:24.631+0000][gc            ] GC(297) Pause Young (Normal) (G1 Evacuation Pause) 338M->317M(512M) 12.684ms
[2023-11-16T21:34:24.631+0000][gc,cpu        ] GC(297) User=0.03s Sys=0.00s Real=0.01s
[2023-11-16T21:35:46.482+0000][gc,start      ] GC(298) Pause Young (Normal) (G1 Evacuation Pause)
[2023-11-16T21:35:46.482+0000][gc,task       ] GC(298) Using 2 workers of 2 for evacuation
[2023-11-16T21:35:46.496+0000][gc,phases     ] GC(298)   Pre Evacuate Collection Set: 0.0ms
[2023-11-16T21:35:46.496+0000][gc,phases     ] GC(298)   Evacuate Collection Set: 14.0ms
[2023-11-16T21:35:46.496+0000][gc,phases     ] GC(298)   Post Evacuate Collection Set: 0.4ms
[2023-11-16T21:35:46.496+0000][gc,phases     ] GC(298)   Other: 0.2ms
[2023-11-16T21:35:46.496+0000][gc,heap       ] GC(298) Eden regions: 21->0(23)
[2023-11-16T21:35:46.496+0000][gc,heap       ] GC(298) Survivor regions: 4->2(4)
[2023-11-16T21:35:46.496+0000][gc,heap       ] GC(298) Old regions: 168->170
[2023-11-16T21:35:46.496+0000][gc,heap       ] GC(298) Humongous regions: 147->147
[2023-11-16T21:35:46.496+0000][gc,metaspace  ] GC(298) Metaspace: 44276K(46848K)->44276K(46848K) NonClass: 39079K(40448K)->39079K(40448K) Class: 5197K(6400K)->5197K(6400K)
[2023-11-16T21:35:46.497+0000][gc            ] GC(298) Pause Young (Normal) (G1 Evacuation Pause) 338M->317M(512M) 14.724ms
[2023-11-16T21:35:46.497+0000][gc,cpu        ] GC(298) User=0.03s Sys=0.00s Real=0.02s
[2023-11-16T21:37:17.614+0000][gc,start      ] GC(299) Pause Young (Normal) (G1 Evacuation Pause)
[2023-11-16T21:37:17.614+0000][gc,task       ] GC(299) Using 2 workers of 2 for evacuation
[2023-11-16T21:37:17.628+0000][gc,phases     ] GC(299)   Pre Evacuate Collection Set: 0.0ms
[2023-11-16T21:37:17.628+0000][gc,phases     ] GC(299)   Evacuate Collection Set: 13.4ms
[2023-11-16T21:37:17.628+0000][gc,phases     ] GC(299)   Post Evacuate Collection Set: 0.4ms
[2023-11-16T21:37:17.628+0000][gc,phases     ] GC(299)   Other: 0.2ms
[2023-11-16T21:37:17.628+0000][gc,heap       ] GC(299) Eden regions: 23->0(23)
[2023-11-16T21:37:17.628+0000][gc,heap       ] GC(299) Survivor regions: 2->4(4)
[2023-11-16T21:37:17.628+0000][gc,heap       ] GC(299) Old regions: 170->171
[2023-11-16T21:37:17.628+0000][gc,heap       ] GC(299) Humongous regions: 147->147
[2023-11-16T21:37:17.628+0000][gc,metaspace  ] GC(299) Metaspace: 44276K(46848K)->44276K(46848K) NonClass: 39079K(40448K)->39079K(40448K) Class: 5197K(6400K)->5197K(6400K)
[2023-11-16T21:37:17.628+0000][gc            ] GC(299) Pause Young (Normal) (G1 Evacuation Pause) 340M->319M(512M) 14.125ms
[2023-11-16T21:37:17.628+0000][gc,cpu        ] GC(299) User=0.02s Sys=0.00s Real=0.01s
[2023-11-16T21:38:47.276+0000][gc,start      ] GC(300) Pause Young (Normal) (G1 Evacuation Pause)
[2023-11-16T21:38:47.276+0000][gc,task       ] GC(300) Using 2 workers of 2 for evacuation
[2023-11-16T21:38:47.296+0000][gc,phases     ] GC(300)   Pre Evacuate Collection Set: 0.0ms
[2023-11-16T21:38:47.297+0000][gc,phases     ] GC(300)   Evacuate Collection Set: 19.3ms
[2023-11-16T21:38:47.297+0000][gc,phases     ] GC(300)   Post Evacuate Collection Set: 0.3ms
[2023-11-16T21:38:47.297+0000][gc,phases     ] GC(300)   Other: 0.6ms
[2023-11-16T21:38:47.297+0000][gc,heap       ] GC(300) Eden regions: 23->0(22)
[2023-11-16T21:38:47.297+0000][gc,heap       ] GC(300) Survivor regions: 4->3(4)
[2023-11-16T21:38:47.297+0000][gc,heap       ] GC(300) Old regions: 171->172
[2023-11-16T21:38:47.297+0000][gc,heap       ] GC(300) Humongous regions: 147->147
[2023-11-16T21:38:47.297+0000][gc,metaspace  ] GC(300) Metaspace: 44276K(46848K)->44276K(46848K) NonClass: 39079K(40448K)->39079K(40448K) Class: 5197K(6400K)->5197K(6400K)
[2023-11-16T21:38:47.297+0000][gc            ] GC(300) Pause Young (Normal) (G1 Evacuation Pause) 342M->319M(512M) 20.266ms
[2023-11-16T21:38:47.297+0000][gc,cpu        ] GC(300) User=0.04s Sys=0.01s Real=0.02s
[2023-11-16T21:40:13.348+0000][gc,start      ] GC(301) Pause Young (Normal) (G1 Evacuation Pause)
[2023-11-16T21:40:13.348+0000][gc,task       ] GC(301) Using 2 workers of 2 for evacuation
[2023-11-16T21:40:13.363+0000][gc,phases     ] GC(301)   Pre Evacuate Collection Set: 0.0ms
[2023-11-16T21:40:13.363+0000][gc,phases     ] GC(301)   Evacuate Collection Set: 14.2ms
[2023-11-16T21:40:13.363+0000][gc,phases     ] GC(301)   Post Evacuate Collection Set: 0.3ms
[2023-11-16T21:40:13.363+0000][gc,phases     ] GC(301)   Other: 0.2ms
[2023-11-16T21:40:13.363+0000][gc,heap       ] GC(301) Eden regions: 22->0(22)
[2023-11-16T21:40:13.363+0000][gc,heap       ] GC(301) Survivor regions: 3->4(4)
[2023-11-16T21:40:13.363+0000][gc,heap       ] GC(301) Old regions: 172->173
[2023-11-16T21:40:13.363+0000][gc,heap       ] GC(301) Humongous regions: 147->147
[2023-11-16T21:40:13.363+0000][gc,metaspace  ] GC(301) Metaspace: 44276K(46848K)->44276K(46848K) NonClass: 39079K(40448K)->39079K(40448K) Class: 5197K(6400K)->5197K(6400K)
[2023-11-16T21:40:13.363+0000][gc            ] GC(301) Pause Young (Normal) (G1 Evacuation Pause) 341M->321M(512M) 14.875ms
[2023-11-16T21:40:13.363+0000][gc,cpu        ] GC(301) User=0.02s Sys=0.00s Real=0.01s
[2023-11-16T21:41:39.080+0000][gc,start      ] GC(302) Pause Young (Normal) (G1 Evacuation Pause)
[2023-11-16T21:41:39.080+0000][gc,task       ] GC(302) Using 2 workers of 2 for evacuation
[2023-11-16T21:41:39.098+0000][gc,phases     ] GC(302)   Pre Evacuate Collection Set: 0.0ms
[2023-11-16T21:41:39.098+0000][gc,phases     ] GC(302)   Evacuate Collection Set: 17.4ms
[2023-11-16T21:41:39.098+0000][gc,phases     ] GC(302)   Post Evacuate Collection Set: 0.3ms
[2023-11-16T21:41:39.098+0000][gc,phases     ] GC(302)   Other: 0.2ms
[2023-11-16T21:41:39.098+0000][gc,heap       ] GC(302) Eden regions: 22->0(23)
[2023-11-16T21:41:39.098+0000][gc,heap       ] GC(302) Survivor regions: 4->3(4)
[2023-11-16T21:41:39.098+0000][gc,heap       ] GC(302) Old regions: 173->174
[2023-11-16T21:41:39.098+0000][gc,heap       ] GC(302) Humongous regions: 147->147
[2023-11-16T21:41:39.098+0000][gc,metaspace  ] GC(302) Metaspace: 44276K(46848K)->44276K(46848K) NonClass: 39079K(40448K)->39079K(40448K) Class: 5197K(6400K)->5197K(6400K)
[2023-11-16T21:41:39.098+0000][gc            ] GC(302) Pause Young (Normal) (G1 Evacuation Pause) 343M->322M(512M) 17.999ms
[2023-11-16T21:41:39.098+0000][gc,cpu        ] GC(302) User=0.03s Sys=0.00s Real=0.02s
[2023-11-16T21:43:06.244+0000][gc,start      ] GC(303) Pause Young (Normal) (G1 Evacuation Pause)
[2023-11-16T21:43:06.244+0000][gc,task       ] GC(303) Using 2 workers of 2 for evacuation
[2023-11-16T21:43:06.257+0000][gc,phases     ] GC(303)   Pre Evacuate Collection Set: 0.0ms
[2023-11-16T21:43:06.258+0000][gc,phases     ] GC(303)   Evacuate Collection Set: 13.1ms
[2023-11-16T21:43:06.258+0000][gc,phases     ] GC(303)   Post Evacuate Collection Set: 0.3ms
[2023-11-16T21:43:06.258+0000][gc,phases     ] GC(303)   Other: 0.2ms
[2023-11-16T21:43:06.258+0000][gc,heap       ] GC(303) Eden regions: 22->0(22)
[2023-11-16T21:43:06.258+0000][gc,heap       ] GC(303) Survivor regions: 3->4(4)
[2023-11-16T21:43:06.258+0000][gc,heap       ] GC(303) Old regions: 174->175
[2023-11-16T21:43:06.258+0000][gc,heap       ] GC(303) Humongous regions: 147->147
[2023-11-16T21:43:06.258+0000][gc,metaspace  ] GC(303) Metaspace: 44277K(46848K)->44277K(46848K) NonClass: 39080K(40448K)->39080K(40448K) Class: 5197K(6400K)->5197K(6400K)
[2023-11-16T21:43:06.258+0000][gc            ] GC(303) Pause Young (Normal) (G1 Evacuation Pause) 344M->324M(512M) 13.802ms
[2023-11-16T21:43:06.258+0000][gc,cpu        ] GC(303) User=0.03s Sys=0.00s Real=0.02s
[2023-11-16T21:44:31.394+0000][gc,start      ] GC(304) Pause Young (Normal) (G1 Evacuation Pause)
[2023-11-16T21:44:31.394+0000][gc,task       ] GC(304) Using 2 workers of 2 for evacuation
[2023-11-16T21:44:31.407+0000][gc,phases     ] GC(304)   Pre Evacuate Collection Set: 0.1ms
[2023-11-16T21:44:31.407+0000][gc,phases     ] GC(304)   Evacuate Collection Set: 11.2ms
[2023-11-16T21:44:31.407+0000][gc,phases     ] GC(304)   Post Evacuate Collection Set: 0.6ms
[2023-11-16T21:44:31.407+0000][gc,phases     ] GC(304)   Other: 0.3ms
[2023-11-16T21:44:31.407+0000][gc,heap       ] GC(304) Eden regions: 22->0(26)
[2023-11-16T21:44:31.407+0000][gc,heap       ] GC(304) Survivor regions: 4->3(4)
[2023-11-16T21:44:31.407+0000][gc,heap       ] GC(304) Old regions: 175->177
[2023-11-16T21:44:31.407+0000][gc,heap       ] GC(304) Humongous regions: 147->147
[2023-11-16T21:44:31.407+0000][gc,metaspace  ] GC(304) Metaspace: 44278K(46848K)->44278K(46848K) NonClass: 39080K(40448K)->39080K(40448K) Class: 5197K(6400K)->5197K(6400K)
[2023-11-16T21:44:31.407+0000][gc            ] GC(304) Pause Young (Normal) (G1 Evacuation Pause) 346M->324M(512M) 12.405ms
[2023-11-16T21:44:31.407+0000][gc,cpu        ] GC(304) User=0.02s Sys=0.00s Real=0.01s
[2023-11-16T21:46:05.836+0000][gc,start      ] GC(305) Pause Young (Normal) (G1 Evacuation Pause)
[2023-11-16T21:46:05.836+0000][gc,task       ] GC(305) Using 2 workers of 2 for evacuation
[2023-11-16T21:46:05.852+0000][gc,phases     ] GC(305)   Pre Evacuate Collection Set: 0.0ms
[2023-11-16T21:46:05.852+0000][gc,phases     ] GC(305)   Evacuate Collection Set: 15.8ms
[2023-11-16T21:46:05.852+0000][gc,phases     ] GC(305)   Post Evacuate Collection Set: 0.3ms
[2023-11-16T21:46:05.853+0000][gc,phases     ] GC(305)   Other: 0.3ms
[2023-11-16T21:46:05.853+0000][gc,heap       ] GC(305) Eden regions: 24->0(26)
[2023-11-16T21:46:05.853+0000][gc,heap       ] GC(305) Survivor regions: 3->3(4)
[2023-11-16T21:46:05.853+0000][gc,heap       ] GC(305) Old regions: 177->179
[2023-11-16T21:46:05.853+0000][gc,heap       ] GC(305) Humongous regions: 147->147
[2023-11-16T21:46:05.853+0000][gc,metaspace  ] GC(305) Metaspace: 44278K(46848K)->44278K(46848K) NonClass: 39080K(40448K)->39080K(40448K) Class: 5197K(6400K)->5197K(6400K)
[2023-11-16T21:46:05.853+0000][gc            ] GC(305) Pause Young (Normal) (G1 Evacuation Pause) 348M->326M(512M) 16.417ms
[2023-11-16T21:46:05.853+0000][gc,cpu        ] GC(305) User=0.04s Sys=0.00s Real=0.01s
[2023-11-16T21:47:39.236+0000][gc,start      ] GC(306) Pause Young (Normal) (G1 Evacuation Pause)
[2023-11-16T21:47:39.236+0000][gc,task       ] GC(306) Using 2 workers of 2 for evacuation
[2023-11-16T21:47:39.250+0000][gc,phases     ] GC(306)   Pre Evacuate Collection Set: 0.0ms
[2023-11-16T21:47:39.250+0000][gc,phases     ] GC(306)   Evacuate Collection Set: 13.3ms
[2023-11-16T21:47:39.250+0000][gc,phases     ] GC(306)   Post Evacuate Collection Set: 0.3ms
[2023-11-16T21:47:39.250+0000][gc,phases     ] GC(306)   Other: 0.5ms
[2023-11-16T21:47:39.250+0000][gc,heap       ] GC(306) Eden regions: 24->0(27)
[2023-11-16T21:47:39.250+0000][gc,heap       ] GC(306) Survivor regions: 3->3(4)
[2023-11-16T21:47:39.250+0000][gc,heap       ] GC(306) Old regions: 179->180
[2023-11-16T21:47:39.250+0000][gc,heap       ] GC(306) Humongous regions: 147->147
[2023-11-16T21:47:39.250+0000][gc,metaspace  ] GC(306) Metaspace: 44278K(46848K)->44278K(46848K) NonClass: 39080K(40448K)->39080K(40448K) Class: 5197K(6400K)->5197K(6400K)
[2023-11-16T21:47:39.250+0000][gc            ] GC(306) Pause Young (Normal) (G1 Evacuation Pause) 350M->328M(512M) 14.162ms
[2023-11-16T21:47:39.250+0000][gc,cpu        ] GC(306) User=0.03s Sys=0.00s Real=0.01s
[2023-11-16T21:49:25.866+0000][gc,start      ] GC(307) Pause Young (Normal) (G1 Evacuation Pause)
[2023-11-16T21:49:25.866+0000][gc,task       ] GC(307) Using 2 workers of 2 for evacuation
[2023-11-16T21:49:25.876+0000][gc,phases     ] GC(307)   Pre Evacuate Collection Set: 0.0ms
[2023-11-16T21:49:25.876+0000][gc,phases     ] GC(307)   Evacuate Collection Set: 9.7ms
[2023-11-16T21:49:25.876+0000][gc,phases     ] GC(307)   Post Evacuate Collection Set: 0.3ms
[2023-11-16T21:49:25.876+0000][gc,phases     ] GC(307)   Other: 0.3ms
[2023-11-16T21:49:25.876+0000][gc,heap       ] GC(307) Eden regions: 27->0(31)
[2023-11-16T21:49:25.876+0000][gc,heap       ] GC(307) Survivor regions: 3->2(4)
[2023-11-16T21:49:25.876+0000][gc,heap       ] GC(307) Old regions: 180->181
[2023-11-16T21:49:25.876+0000][gc,heap       ] GC(307) Humongous regions: 147->147
[2023-11-16T21:49:25.876+0000][gc,metaspace  ] GC(307) Metaspace: 44278K(46848K)->44278K(46848K) NonClass: 39080K(40448K)->39080K(40448K) Class: 5197K(6400K)->5197K(6400K)
[2023-11-16T21:49:25.876+0000][gc            ] GC(307) Pause Young (Normal) (G1 Evacuation Pause) 355M->328M(512M) 10.440ms
[2023-11-16T21:49:25.876+0000][gc,cpu        ] GC(307) User=0.02s Sys=0.00s Real=0.01s
[2023-11-16T21:51:16.611+0000][gc,start      ] GC(308) Pause Young (Normal) (G1 Evacuation Pause)
[2023-11-16T21:51:16.611+0000][gc,task       ] GC(308) Using 2 workers of 2 for evacuation
[2023-11-16T21:51:16.626+0000][gc,phases     ] GC(308)   Pre Evacuate Collection Set: 0.0ms
[2023-11-16T21:51:16.626+0000][gc,phases     ] GC(308)   Evacuate Collection Set: 14.2ms
[2023-11-16T21:51:16.626+0000][gc,phases     ] GC(308)   Post Evacuate Collection Set: 0.3ms
[2023-11-16T21:51:16.626+0000][gc,phases     ] GC(308)   Other: 0.2ms
[2023-11-16T21:51:16.626+0000][gc,heap       ] GC(308) Eden regions: 28->0(29)
[2023-11-16T21:51:16.626+0000][gc,heap       ] GC(308) Survivor regions: 2->4(4)
[2023-11-16T21:51:16.626+0000][gc,heap       ] GC(308) Old regions: 181->182
[2023-11-16T21:51:16.626+0000][gc,heap       ] GC(308) Humongous regions: 147->147
[2023-11-16T21:51:16.626+0000][gc,metaspace  ] GC(308) Metaspace: 44278K(46848K)->44278K(46848K) NonClass: 39080K(40448K)->39080K(40448K) Class: 5197K(6400K)->5197K(6400K)
[2023-11-16T21:51:16.626+0000][gc            ] GC(308) Pause Young (Normal) (G1 Evacuation Pause) 356M->331M(512M) 14.764ms
[2023-11-16T21:51:16.626+0000][gc,cpu        ] GC(308) User=0.03s Sys=0.00s Real=0.02s
[2023-11-16T21:53:11.299+0000][gc,start      ] GC(309) Pause Young (Normal) (G1 Evacuation Pause)
[2023-11-16T21:53:11.299+0000][gc,task       ] GC(309) Using 2 workers of 2 for evacuation
[2023-11-16T21:53:11.330+0000][gc,mmu        ] GC(309) MMU target violated: 21.0ms (20.0ms/21.0ms)
[2023-11-16T21:53:11.330+0000][gc,phases     ] GC(309)   Pre Evacuate Collection Set: 0.0ms
[2023-11-16T21:53:11.330+0000][gc,phases     ] GC(309)   Evacuate Collection Set: 28.7ms
[2023-11-16T21:53:11.330+0000][gc,phases     ] GC(309)   Post Evacuate Collection Set: 1.1ms
[2023-11-16T21:53:11.330+0000][gc,phases     ] GC(309)   Other: 1.3ms
[2023-11-16T21:53:11.330+0000][gc,heap       ] GC(309) Eden regions: 29->0(22)
[2023-11-16T21:53:11.330+0000][gc,heap       ] GC(309) Survivor regions: 4->3(5)
[2023-11-16T21:53:11.330+0000][gc,heap       ] GC(309) Old regions: 182->184
[2023-11-16T21:53:11.330+0000][gc,heap       ] GC(309) Humongous regions: 147->147
[2023-11-16T21:53:11.330+0000][gc,metaspace  ] GC(309) Metaspace: 44278K(46848K)->44278K(46848K) NonClass: 39080K(40448K)->39080K(40448K) Class: 5197K(6400K)->5197K(6400K)
[2023-11-16T21:53:11.331+0000][gc            ] GC(309) Pause Young (Normal) (G1 Evacuation Pause) 360M->332M(512M) 31.263ms
[2023-11-16T21:53:11.331+0000][gc,cpu        ] GC(309) User=0.05s Sys=0.01s Real=0.03s
[2023-11-16T21:54:36.988+0000][gc,start      ] GC(310) Pause Young (Normal) (G1 Evacuation Pause)
[2023-11-16T21:54:36.988+0000][gc,task       ] GC(310) Using 2 workers of 2 for evacuation
[2023-11-16T21:54:36.999+0000][gc,phases     ] GC(310)   Pre Evacuate Collection Set: 0.0ms
[2023-11-16T21:54:36.999+0000][gc,phases     ] GC(310)   Evacuate Collection Set: 10.3ms
[2023-11-16T21:54:36.999+0000][gc,phases     ] GC(310)   Post Evacuate Collection Set: 0.3ms
[2023-11-16T21:54:36.999+0000][gc,phases     ] GC(310)   Other: 0.2ms
[2023-11-16T21:54:36.999+0000][gc,heap       ] GC(310) Eden regions: 22->0(28)
[2023-11-16T21:54:36.999+0000][gc,heap       ] GC(310) Survivor regions: 3->2(4)
[2023-11-16T21:54:36.999+0000][gc,heap       ] GC(310) Old regions: 184->185
[2023-11-16T21:54:36.999+0000][gc,heap       ] GC(310) Humongous regions: 147->147
[2023-11-16T21:54:36.999+0000][gc,metaspace  ] GC(310) Metaspace: 44278K(46848K)->44278K(46848K) NonClass: 39080K(40448K)->39080K(40448K) Class: 5197K(6400K)->5197K(6400K)
[2023-11-16T21:54:36.999+0000][gc            ] GC(310) Pause Young (Normal) (G1 Evacuation Pause) 354M->331M(512M) 10.825ms
[2023-11-16T21:54:36.999+0000][gc,cpu        ] GC(310) User=0.02s Sys=0.00s Real=0.01s
[2023-11-16T21:56:19.187+0000][gc,start      ] GC(311) Pause Young (Normal) (G1 Evacuation Pause)
[2023-11-16T21:56:19.187+0000][gc,task       ] GC(311) Using 2 workers of 2 for evacuation
[2023-11-16T21:56:19.206+0000][gc,phases     ] GC(311)   Pre Evacuate Collection Set: 0.0ms
[2023-11-16T21:56:19.206+0000][gc,phases     ] GC(311)   Evacuate Collection Set: 18.1ms
[2023-11-16T21:56:19.206+0000][gc,phases     ] GC(311)   Post Evacuate Collection Set: 0.3ms
[2023-11-16T21:56:19.206+0000][gc,phases     ] GC(311)   Other: 0.2ms
[2023-11-16T21:56:19.206+0000][gc,heap       ] GC(311) Eden regions: 26->0(24)
[2023-11-16T21:56:19.206+0000][gc,heap       ] GC(311) Survivor regions: 2->4(4)
[2023-11-16T21:56:19.206+0000][gc,heap       ] GC(311) Old regions: 185->185
[2023-11-16T21:56:19.206+0000][gc,heap       ] GC(311) Humongous regions: 147->147
[2023-11-16T21:56:19.206+0000][gc,metaspace  ] GC(311) Metaspace: 44279K(46848K)->44279K(46848K) NonClass: 39082K(40448K)->39082K(40448K) Class: 5197K(6400K)->5197K(6400K)
[2023-11-16T21:56:19.206+0000][gc            ] GC(311) Pause Young (Normal) (G1 Evacuation Pause) 357M->334M(512M) 18.736ms
[2023-11-16T21:56:19.206+0000][gc,cpu        ] GC(311) User=0.04s Sys=0.00s Real=0.02s
[2023-11-16T21:57:53.348+0000][gc,start      ] GC(312) Pause Young (Normal) (G1 Evacuation Pause)
[2023-11-16T21:57:53.348+0000][gc,task       ] GC(312) Using 2 workers of 2 for evacuation
[2023-11-16T21:57:53.361+0000][gc,phases     ] GC(312)   Pre Evacuate Collection Set: 0.0ms
[2023-11-16T21:57:53.361+0000][gc,phases     ] GC(312)   Evacuate Collection Set: 12.9ms
[2023-11-16T21:57:53.362+0000][gc,phases     ] GC(312)   Post Evacuate Collection Set: 0.5ms
[2023-11-16T21:57:53.362+0000][gc,phases     ] GC(312)   Other: 0.2ms
[2023-11-16T21:57:53.362+0000][gc,heap       ] GC(312) Eden regions: 24->0(28)
[2023-11-16T21:57:53.362+0000][gc,heap       ] GC(312) Survivor regions: 4->2(4)
[2023-11-16T21:57:53.362+0000][gc,heap       ] GC(312) Old regions: 185->187
[2023-11-16T21:57:53.362+0000][gc,heap       ] GC(312) Humongous regions: 147->147
[2023-11-16T21:57:53.362+0000][gc,metaspace  ] GC(312) Metaspace: 44279K(46848K)->44279K(46848K) NonClass: 39082K(40448K)->39082K(40448K) Class: 5197K(6400K)->5197K(6400K)
[2023-11-16T21:57:53.362+0000][gc            ] GC(312) Pause Young (Normal) (G1 Evacuation Pause) 358M->334M(512M) 13.727ms
[2023-11-16T21:57:53.362+0000][gc,cpu        ] GC(312) User=0.02s Sys=0.00s Real=0.01s
[2023-11-16T21:59:43.568+0000][gc,start      ] GC(313) Pause Young (Normal) (G1 Evacuation Pause)
[2023-11-16T21:59:43.568+0000][gc,task       ] GC(313) Using 2 workers of 2 for evacuation
[2023-11-16T21:59:43.584+0000][gc,phases     ] GC(313)   Pre Evacuate Collection Set: 0.0ms
[2023-11-16T21:59:43.584+0000][gc,phases     ] GC(313)   Evacuate Collection Set: 14.8ms
[2023-11-16T21:59:43.584+0000][gc,phases     ] GC(313)   Post Evacuate Collection Set: 0.3ms
[2023-11-16T21:59:43.584+0000][gc,phases     ] GC(313)   Other: 0.5ms
[2023-11-16T21:59:43.584+0000][gc,heap       ] GC(313) Eden regions: 28->0(27)
[2023-11-16T21:59:43.584+0000][gc,heap       ] GC(313) Survivor regions: 2->4(4)
[2023-11-16T21:59:43.584+0000][gc,heap       ] GC(313) Old regions: 187->188
[2023-11-16T21:59:43.584+0000][gc,heap       ] GC(313) Humongous regions: 147->147
[2023-11-16T21:59:43.584+0000][gc,metaspace  ] GC(313) Metaspace: 44279K(46848K)->44279K(46848K) NonClass: 39082K(40448K)->39082K(40448K) Class: 5197K(6400K)->5197K(6400K)
[2023-11-16T21:59:43.584+0000][gc            ] GC(313) Pause Young (Normal) (G1 Evacuation Pause) 362M->337M(512M) 15.681ms
[2023-11-16T21:59:43.584+0000][gc,cpu        ] GC(313) User=0.03s Sys=0.00s Real=0.01s
[2023-11-16T22:01:29.726+0000][gc,start      ] GC(314) Pause Young (Normal) (G1 Evacuation Pause)
[2023-11-16T22:01:29.726+0000][gc,task       ] GC(314) Using 2 workers of 2 for evacuation
[2023-11-16T22:01:29.739+0000][gc,phases     ] GC(314)   Pre Evacuate Collection Set: 0.0ms
[2023-11-16T22:01:29.739+0000][gc,phases     ] GC(314)   Evacuate Collection Set: 12.7ms
[2023-11-16T22:01:29.739+0000][gc,phases     ] GC(314)   Post Evacuate Collection Set: 0.3ms
[2023-11-16T22:01:29.739+0000][gc,phases     ] GC(314)   Other: 0.2ms
[2023-11-16T22:01:29.739+0000][gc,heap       ] GC(314) Eden regions: 27->0(29)
[2023-11-16T22:01:29.739+0000][gc,heap       ] GC(314) Survivor regions: 4->3(4)
[2023-11-16T22:01:29.739+0000][gc,heap       ] GC(314) Old regions: 188->190
[2023-11-16T22:01:29.739+0000][gc,heap       ] GC(314) Humongous regions: 147->147
[2023-11-16T22:01:29.739+0000][gc,metaspace  ] GC(314) Metaspace: 44280K(46848K)->44280K(46848K) NonClass: 39082K(40448K)->39082K(40448K) Class: 5197K(6400K)->5197K(6400K)
[2023-11-16T22:01:29.739+0000][gc            ] GC(314) Pause Young (Normal) (G1 Evacuation Pause) 364M->338M(512M) 13.353ms
[2023-11-16T22:01:29.739+0000][gc,cpu        ] GC(314) User=0.02s Sys=0.00s Real=0.01s
[2023-11-16T22:03:16.403+0000][gc,start      ] GC(315) Pause Young (Normal) (G1 Evacuation Pause)
[2023-11-16T22:03:16.403+0000][gc,task       ] GC(315) Using 2 workers of 2 for evacuation
[2023-11-16T22:03:16.419+0000][gc,phases     ] GC(315)   Pre Evacuate Collection Set: 0.0ms
[2023-11-16T22:03:16.419+0000][gc,phases     ] GC(315)   Evacuate Collection Set: 15.7ms
[2023-11-16T22:03:16.419+0000][gc,phases     ] GC(315)   Post Evacuate Collection Set: 0.3ms
[2023-11-16T22:03:16.419+0000][gc,phases     ] GC(315)   Other: 0.2ms
[2023-11-16T22:03:16.419+0000][gc,heap       ] GC(315) Eden regions: 27->0(29)
[2023-11-16T22:03:16.419+0000][gc,heap       ] GC(315) Survivor regions: 3->2(4)
[2023-11-16T22:03:16.419+0000][gc,heap       ] GC(315) Old regions: 190->191
[2023-11-16T22:03:16.419+0000][gc,heap       ] GC(315) Humongous regions: 147->147
[2023-11-16T22:03:16.419+0000][gc,metaspace  ] GC(315) Metaspace: 44280K(46848K)->44280K(46848K) NonClass: 39082K(40448K)->39082K(40448K) Class: 5197K(6400K)->5197K(6400K)
[2023-11-16T22:03:16.419+0000][gc            ] GC(315) Pause Young (Normal) (G1 Evacuation Pause) 365M->338M(512M) 16.458ms
[2023-11-16T22:03:16.419+0000][gc,cpu        ] GC(315) User=0.03s Sys=0.00s Real=0.02s
[2023-11-16T22:04:53.048+0000][gc,start      ] GC(316) Pause Young (Normal) (G1 Evacuation Pause)
[2023-11-16T22:04:53.048+0000][gc,task       ] GC(316) Using 2 workers of 2 for evacuation
[2023-11-16T22:04:53.074+0000][gc,mmu        ] GC(316) MMU target violated: 21.0ms (20.0ms/21.0ms)
[2023-11-16T22:04:53.074+0000][gc,phases     ] GC(316)   Pre Evacuate Collection Set: 0.0ms
[2023-11-16T22:04:53.074+0000][gc,phases     ] GC(316)   Evacuate Collection Set: 25.9ms
[2023-11-16T22:04:53.074+0000][gc,phases     ] GC(316)   Post Evacuate Collection Set: 0.3ms
[2023-11-16T22:04:53.074+0000][gc,phases     ] GC(316)   Other: 0.5ms
[2023-11-16T22:04:53.074+0000][gc,heap       ] GC(316) Eden regions: 27->0(23)
[2023-11-16T22:04:53.074+0000][gc,heap       ] GC(316) Survivor regions: 2->4(4)
[2023-11-16T22:04:53.074+0000][gc,heap       ] GC(316) Old regions: 191->193
[2023-11-16T22:04:53.074+0000][gc,heap       ] GC(316) Humongous regions: 147->147
[2023-11-16T22:04:53.074+0000][gc,metaspace  ] GC(316) Metaspace: 44280K(46848K)->44280K(46848K) NonClass: 39082K(40448K)->39082K(40448K) Class: 5197K(6400K)->5197K(6400K)
[2023-11-16T22:04:53.074+0000][gc            ] GC(316) Pause Young (Normal) (G1 Evacuation Pause) 365M->342M(512M) 26.692ms
[2023-11-16T22:04:53.074+0000][gc,cpu        ] GC(316) User=0.05s Sys=0.01s Real=0.03s
[2023-11-16T22:06:02.705+0000][gc,start      ] GC(317) Pause Young (Normal) (G1 Evacuation Pause)
[2023-11-16T22:06:02.705+0000][gc,task       ] GC(317) Using 2 workers of 2 for evacuation
[2023-11-16T22:06:02.738+0000][gc,mmu        ] GC(317) MMU target violated: 21.0ms (20.0ms/21.0ms)
[2023-11-16T22:06:02.738+0000][gc,phases     ] GC(317)   Pre Evacuate Collection Set: 0.0ms
[2023-11-16T22:06:02.738+0000][gc,phases     ] GC(317)   Evacuate Collection Set: 27.5ms
[2023-11-16T22:06:02.738+0000][gc,phases     ] GC(317)   Post Evacuate Collection Set: 5.0ms
[2023-11-16T22:06:02.738+0000][gc,phases     ] GC(317)   Other: 0.3ms
[2023-11-16T22:06:02.738+0000][gc,heap       ] GC(317) Eden regions: 21->0(21)
[2023-11-16T22:06:02.738+0000][gc,heap       ] GC(317) Survivor regions: 4->4(4)
[2023-11-16T22:06:02.738+0000][gc,heap       ] GC(317) Old regions: 193->195
[2023-11-16T22:06:02.738+0000][gc,heap       ] GC(317) Humongous regions: 147->147
[2023-11-16T22:06:02.738+0000][gc,metaspace  ] GC(317) Metaspace: 44280K(46848K)->44280K(46848K) NonClass: 39083K(40448K)->39083K(40448K) Class: 5197K(6400K)->5197K(6400K)
[2023-11-16T22:06:02.738+0000][gc            ] GC(317) Pause Young (Normal) (G1 Evacuation Pause) 363M->343M(512M) 32.903ms
[2023-11-16T22:06:02.738+0000][gc,cpu        ] GC(317) User=0.05s Sys=0.01s Real=0.04s
[2023-11-16T22:07:24.369+0000][gc,start      ] GC(318) Pause Young (Normal) (G1 Evacuation Pause)
[2023-11-16T22:07:24.369+0000][gc,task       ] GC(318) Using 2 workers of 2 for evacuation
[2023-11-16T22:07:24.387+0000][gc,phases     ] GC(318)   Pre Evacuate Collection Set: 0.0ms
[2023-11-16T22:07:24.387+0000][gc,phases     ] GC(318)   Evacuate Collection Set: 17.5ms
[2023-11-16T22:07:24.387+0000][gc,phases     ] GC(318)   Post Evacuate Collection Set: 0.3ms
[2023-11-16T22:07:24.387+0000][gc,phases     ] GC(318)   Other: 0.2ms
[2023-11-16T22:07:24.387+0000][gc,heap       ] GC(318) Eden regions: 21->0(22)
[2023-11-16T22:07:24.387+0000][gc,heap       ] GC(318) Survivor regions: 4->3(4)
[2023-11-16T22:07:24.387+0000][gc,heap       ] GC(318) Old regions: 195->198
[2023-11-16T22:07:24.387+0000][gc,heap       ] GC(318) Humongous regions: 147->147
[2023-11-16T22:07:24.387+0000][gc,metaspace  ] GC(318) Metaspace: 44280K(46848K)->44280K(46848K) NonClass: 39083K(40448K)->39083K(40448K) Class: 5197K(6400K)->5197K(6400K)
[2023-11-16T22:07:24.387+0000][gc            ] GC(318) Pause Young (Normal) (G1 Evacuation Pause) 364M->346M(512M) 18.110ms
[2023-11-16T22:07:24.387+0000][gc,cpu        ] GC(318) User=0.04s Sys=0.00s Real=0.02s
[2023-11-16T22:08:51.039+0000][gc,start      ] GC(319) Pause Young (Normal) (G1 Evacuation Pause)
[2023-11-16T22:08:51.039+0000][gc,task       ] GC(319) Using 2 workers of 2 for evacuation
[2023-11-16T22:08:51.050+0000][gc,phases     ] GC(319)   Pre Evacuate Collection Set: 0.0ms
[2023-11-16T22:08:51.050+0000][gc,phases     ] GC(319)   Evacuate Collection Set: 10.6ms
[2023-11-16T22:08:51.050+0000][gc,phases     ] GC(319)   Post Evacuate Collection Set: 0.3ms
[2023-11-16T22:08:51.050+0000][gc,phases     ] GC(319)   Other: 0.4ms
[2023-11-16T22:08:51.050+0000][gc,heap       ] GC(319) Eden regions: 22->0(23)
[2023-11-16T22:08:51.050+0000][gc,heap       ] GC(319) Survivor regions: 3->2(4)
[2023-11-16T22:08:51.050+0000][gc,heap       ] GC(319) Old regions: 198->200
[2023-11-16T22:08:51.050+0000][gc,heap       ] GC(319) Humongous regions: 147->147
[2023-11-16T22:08:51.050+0000][gc,metaspace  ] GC(319) Metaspace: 44280K(46848K)->44280K(46848K) NonClass: 39083K(40448K)->39083K(40448K) Class: 5197K(6400K)->5197K(6400K)
[2023-11-16T22:08:51.050+0000][gc            ] GC(319) Pause Young (Normal) (G1 Evacuation Pause) 368M->346M(512M) 11.380ms
[2023-11-16T22:08:51.050+0000][gc,cpu        ] GC(319) User=0.02s Sys=0.00s Real=0.01s
[2023-11-16T22:10:21.701+0000][gc,start      ] GC(320) Pause Young (Normal) (G1 Evacuation Pause)
[2023-11-16T22:10:21.701+0000][gc,task       ] GC(320) Using 2 workers of 2 for evacuation
[2023-11-16T22:10:21.716+0000][gc,phases     ] GC(320)   Pre Evacuate Collection Set: 0.0ms
[2023-11-16T22:10:21.716+0000][gc,phases     ] GC(320)   Evacuate Collection Set: 14.6ms
[2023-11-16T22:10:21.716+0000][gc,phases     ] GC(320)   Post Evacuate Collection Set: 0.4ms
[2023-11-16T22:10:21.716+0000][gc,phases     ] GC(320)   Other: 0.2ms
[2023-11-16T22:10:21.716+0000][gc,heap       ] GC(320) Eden regions: 23->0(21)
[2023-11-16T22:10:21.716+0000][gc,heap       ] GC(320) Survivor regions: 2->4(4)
[2023-11-16T22:10:21.716+0000][gc,heap       ] GC(320) Old regions: 200->200
[2023-11-16T22:10:21.716+0000][gc,heap       ] GC(320) Humongous regions: 147->147
[2023-11-16T22:10:21.716+0000][gc,metaspace  ] GC(320) Metaspace: 44280K(46848K)->44280K(46848K) NonClass: 39083K(40448K)->39083K(40448K) Class: 5197K(6400K)->5197K(6400K)
[2023-11-16T22:10:21.716+0000][gc            ] GC(320) Pause Young (Normal) (G1 Evacuation Pause) 369M->348M(512M) 15.241ms
[2023-11-16T22:10:21.716+0000][gc,cpu        ] GC(320) User=0.02s Sys=0.00s Real=0.02s
[2023-11-16T22:11:42.844+0000][gc,start      ] GC(321) Pause Young (Normal) (G1 Evacuation Pause)
[2023-11-16T22:11:42.844+0000][gc,task       ] GC(321) Using 2 workers of 2 for evacuation
[2023-11-16T22:11:42.858+0000][gc,phases     ] GC(321)   Pre Evacuate Collection Set: 0.0ms
[2023-11-16T22:11:42.858+0000][gc,phases     ] GC(321)   Evacuate Collection Set: 12.9ms
[2023-11-16T22:11:42.858+0000][gc,phases     ] GC(321)   Post Evacuate Collection Set: 0.3ms
[2023-11-16T22:11:42.858+0000][gc,phases     ] GC(321)   Other: 0.2ms
[2023-11-16T22:11:42.858+0000][gc,heap       ] GC(321) Eden regions: 21->0(24)
[2023-11-16T22:11:42.858+0000][gc,heap       ] GC(321) Survivor regions: 4->2(4)
[2023-11-16T22:11:42.858+0000][gc,heap       ] GC(321) Old regions: 200->202
[2023-11-16T22:11:42.858+0000][gc,heap       ] GC(321) Humongous regions: 147->147
[2023-11-16T22:11:42.858+0000][gc,metaspace  ] GC(321) Metaspace: 44284K(46848K)->44284K(46848K) NonClass: 39087K(40448K)->39087K(40448K) Class: 5197K(6400K)->5197K(6400K)
[2023-11-16T22:11:42.858+0000][gc            ] GC(321) Pause Young (Normal) (G1 Evacuation Pause) 369M->348M(512M) 13.497ms
[2023-11-16T22:11:42.858+0000][gc,cpu        ] GC(321) User=0.02s Sys=0.01s Real=0.02s
[2023-11-16T22:13:18.017+0000][gc,start      ] GC(322) Pause Young (Normal) (G1 Evacuation Pause)
[2023-11-16T22:13:18.017+0000][gc,task       ] GC(322) Using 2 workers of 2 for evacuation
[2023-11-16T22:13:18.050+0000][gc,mmu        ] GC(322) MMU target violated: 21.0ms (20.0ms/21.0ms)
[2023-11-16T22:13:18.050+0000][gc,phases     ] GC(322)   Pre Evacuate Collection Set: 0.1ms
[2023-11-16T22:13:18.050+0000][gc,phases     ] GC(322)   Evacuate Collection Set: 25.8ms
[2023-11-16T22:13:18.050+0000][gc,phases     ] GC(322)   Post Evacuate Collection Set: 6.9ms
[2023-11-16T22:13:18.050+0000][gc,phases     ] GC(322)   Other: 0.4ms
[2023-11-16T22:13:18.050+0000][gc,heap       ] GC(322) Eden regions: 24->0(21)
[2023-11-16T22:13:18.050+0000][gc,heap       ] GC(322) Survivor regions: 2->4(4)
[2023-11-16T22:13:18.050+0000][gc,heap       ] GC(322) Old regions: 202->202
[2023-11-16T22:13:18.050+0000][gc,heap       ] GC(322) Humongous regions: 147->147
[2023-11-16T22:13:18.050+0000][gc,metaspace  ] GC(322) Metaspace: 44285K(46848K)->44285K(46848K) NonClass: 39087K(40448K)->39087K(40448K) Class: 5197K(6400K)->5197K(6400K)
[2023-11-16T22:13:18.050+0000][gc            ] GC(322) Pause Young (Normal) (G1 Evacuation Pause) 372M->351M(512M) 33.208ms
[2023-11-16T22:13:18.050+0000][gc,cpu        ] GC(322) User=0.05s Sys=0.01s Real=0.03s
[2023-11-16T22:14:39.156+0000][gc,start      ] GC(323) Pause Young (Normal) (G1 Evacuation Pause)
[2023-11-16T22:14:39.156+0000][gc,task       ] GC(323) Using 2 workers of 2 for evacuation
[2023-11-16T22:14:39.167+0000][gc,phases     ] GC(323)   Pre Evacuate Collection Set: 0.0ms
[2023-11-16T22:14:39.167+0000][gc,phases     ] GC(323)   Evacuate Collection Set: 11.0ms
[2023-11-16T22:14:39.167+0000][gc,phases     ] GC(323)   Post Evacuate Collection Set: 0.3ms
[2023-11-16T22:14:39.167+0000][gc,phases     ] GC(323)   Other: 0.2ms
[2023-11-16T22:14:39.167+0000][gc,heap       ] GC(323) Eden regions: 21->0(23)
[2023-11-16T22:14:39.167+0000][gc,heap       ] GC(323) Survivor regions: 4->2(4)
[2023-11-16T22:14:39.167+0000][gc,heap       ] GC(323) Old regions: 202->204
[2023-11-16T22:14:39.167+0000][gc,heap       ] GC(323) Humongous regions: 147->147
[2023-11-16T22:14:39.167+0000][gc,metaspace  ] GC(323) Metaspace: 44285K(46848K)->44285K(46848K) NonClass: 39087K(40448K)->39087K(40448K) Class: 5197K(6400K)->5197K(6400K)
[2023-11-16T22:14:39.167+0000][gc            ] GC(323) Pause Young (Normal) (G1 Evacuation Pause) 372M->351M(512M) 11.581ms
[2023-11-16T22:14:39.167+0000][gc,cpu        ] GC(323) User=0.02s Sys=0.00s Real=0.01s
[2023-11-16T22:16:09.311+0000][gc,start      ] GC(324) Pause Young (Normal) (G1 Evacuation Pause)
[2023-11-16T22:16:09.311+0000][gc,task       ] GC(324) Using 2 workers of 2 for evacuation
[2023-11-16T22:16:09.325+0000][gc,phases     ] GC(324)   Pre Evacuate Collection Set: 0.0ms
[2023-11-16T22:16:09.325+0000][gc,phases     ] GC(324)   Evacuate Collection Set: 13.1ms
[2023-11-16T22:16:09.325+0000][gc,phases     ] GC(324)   Post Evacuate Collection Set: 0.3ms
[2023-11-16T22:16:09.325+0000][gc,phases     ] GC(324)   Other: 0.3ms
[2023-11-16T22:16:09.325+0000][gc,heap       ] GC(324) Eden regions: 23->0(22)
[2023-11-16T22:16:09.325+0000][gc,heap       ] GC(324) Survivor regions: 2->4(4)
[2023-11-16T22:16:09.325+0000][gc,heap       ] GC(324) Old regions: 204->204
[2023-11-16T22:16:09.325+0000][gc,heap       ] GC(324) Humongous regions: 147->147
[2023-11-16T22:16:09.325+0000][gc,metaspace  ] GC(324) Metaspace: 44291K(46848K)->44291K(46848K) NonClass: 39093K(40448K)->39093K(40448K) Class: 5197K(6400K)->5197K(6400K)
[2023-11-16T22:16:09.325+0000][gc            ] GC(324) Pause Young (Normal) (G1 Evacuation Pause) 374M->353M(512M) 13.703ms
[2023-11-16T22:16:09.325+0000][gc,cpu        ] GC(324) User=0.02s Sys=0.00s Real=0.01s
[2023-11-16T22:17:35.479+0000][gc,start      ] GC(325) Pause Young (Normal) (G1 Evacuation Pause)
[2023-11-16T22:17:35.479+0000][gc,task       ] GC(325) Using 2 workers of 2 for evacuation
[2023-11-16T22:17:35.495+0000][gc,phases     ] GC(325)   Pre Evacuate Collection Set: 0.0ms
[2023-11-16T22:17:35.495+0000][gc,phases     ] GC(325)   Evacuate Collection Set: 14.6ms
[2023-11-16T22:17:35.495+0000][gc,phases     ] GC(325)   Post Evacuate Collection Set: 0.5ms
[2023-11-16T22:17:35.495+0000][gc,phases     ] GC(325)   Other: 0.6ms
[2023-11-16T22:17:35.495+0000][gc,heap       ] GC(325) Eden regions: 22->0(23)
[2023-11-16T22:17:35.495+0000][gc,heap       ] GC(325) Survivor regions: 4->2(4)
[2023-11-16T22:17:35.495+0000][gc,heap       ] GC(325) Old regions: 204->206
[2023-11-16T22:17:35.495+0000][gc,heap       ] GC(325) Humongous regions: 147->147
[2023-11-16T22:17:35.495+0000][gc,metaspace  ] GC(325) Metaspace: 44292K(46848K)->44292K(46848K) NonClass: 39094K(40448K)->39094K(40448K) Class: 5197K(6400K)->5197K(6400K)
[2023-11-16T22:17:35.495+0000][gc            ] GC(325) Pause Young (Normal) (G1 Evacuation Pause) 375M->353M(512M) 15.912ms
[2023-11-16T22:17:35.495+0000][gc,cpu        ] GC(325) User=0.02s Sys=0.01s Real=0.02s
[2023-11-16T22:19:06.290+0000][gc,start      ] GC(326) Pause Young (Normal) (G1 Evacuation Pause)
[2023-11-16T22:19:06.290+0000][gc,task       ] GC(326) Using 2 workers of 2 for evacuation
[2023-11-16T22:19:06.302+0000][gc,phases     ] GC(326)   Pre Evacuate Collection Set: 0.0ms
[2023-11-16T22:19:06.302+0000][gc,phases     ] GC(326)   Evacuate Collection Set: 11.9ms
[2023-11-16T22:19:06.302+0000][gc,phases     ] GC(326)   Post Evacuate Collection Set: 0.3ms
[2023-11-16T22:19:06.302+0000][gc,phases     ] GC(326)   Other: 0.2ms
[2023-11-16T22:19:06.302+0000][gc,heap       ] GC(326) Eden regions: 23->0(24)
[2023-11-16T22:19:06.302+0000][gc,heap       ] GC(326) Survivor regions: 2->4(4)
[2023-11-16T22:19:06.302+0000][gc,heap       ] GC(326) Old regions: 206->206
[2023-11-16T22:19:06.302+0000][gc,heap       ] GC(326) Humongous regions: 147->147
[2023-11-16T22:19:06.302+0000][gc,metaspace  ] GC(326) Metaspace: 44292K(46848K)->44292K(46848K) NonClass: 39094K(40448K)->39094K(40448K) Class: 5197K(6400K)->5197K(6400K)
[2023-11-16T22:19:06.302+0000][gc            ] GC(326) Pause Young (Normal) (G1 Evacuation Pause) 376M->355M(512M) 12.499ms
[2023-11-16T22:19:06.302+0000][gc,cpu        ] GC(326) User=0.02s Sys=0.00s Real=0.01s
[2023-11-16T22:20:39.312+0000][gc,start      ] GC(327) Pause Young (Normal) (G1 Evacuation Pause)
[2023-11-16T22:20:39.312+0000][gc,task       ] GC(327) Using 2 workers of 2 for evacuation
[2023-11-16T22:20:39.325+0000][gc,phases     ] GC(327)   Pre Evacuate Collection Set: 0.0ms
[2023-11-16T22:20:39.325+0000][gc,phases     ] GC(327)   Evacuate Collection Set: 11.9ms
[2023-11-16T22:20:39.325+0000][gc,phases     ] GC(327)   Post Evacuate Collection Set: 0.4ms
[2023-11-16T22:20:39.325+0000][gc,phases     ] GC(327)   Other: 0.2ms
[2023-11-16T22:20:39.325+0000][gc,heap       ] GC(327) Eden regions: 24->0(26)
[2023-11-16T22:20:39.325+0000][gc,heap       ] GC(327) Survivor regions: 4->3(4)
[2023-11-16T22:20:39.325+0000][gc,heap       ] GC(327) Old regions: 206->208
[2023-11-16T22:20:39.325+0000][gc,heap       ] GC(327) Humongous regions: 147->147
[2023-11-16T22:20:39.325+0000][gc,metaspace  ] GC(327) Metaspace: 44292K(46848K)->44292K(46848K) NonClass: 39094K(40448K)->39094K(40448K) Class: 5197K(6400K)->5197K(6400K)
[2023-11-16T22:20:39.325+0000][gc            ] GC(327) Pause Young (Normal) (G1 Evacuation Pause) 379M->355M(512M) 12.660ms
[2023-11-16T22:20:39.325+0000][gc,cpu        ] GC(327) User=0.02s Sys=0.00s Real=0.01s
[2023-11-16T22:22:18.485+0000][gc,start      ] GC(328) Pause Young (Normal) (G1 Evacuation Pause)
[2023-11-16T22:22:18.485+0000][gc,task       ] GC(328) Using 2 workers of 2 for evacuation
[2023-11-16T22:22:18.499+0000][gc,phases     ] GC(328)   Pre Evacuate Collection Set: 0.0ms
[2023-11-16T22:22:18.499+0000][gc,phases     ] GC(328)   Evacuate Collection Set: 13.5ms
[2023-11-16T22:22:18.499+0000][gc,phases     ] GC(328)   Post Evacuate Collection Set: 0.3ms
[2023-11-16T22:22:18.499+0000][gc,phases     ] GC(328)   Other: 0.2ms
[2023-11-16T22:22:18.499+0000][gc,heap       ] GC(328) Eden regions: 25->0(26)
[2023-11-16T22:22:18.499+0000][gc,heap       ] GC(328) Survivor regions: 3->3(4)
[2023-11-16T22:22:18.499+0000][gc,heap       ] GC(328) Old regions: 208->210
[2023-11-16T22:22:18.499+0000][gc,heap       ] GC(328) Humongous regions: 147->147
[2023-11-16T22:22:18.499+0000][gc,metaspace  ] GC(328) Metaspace: 44292K(46848K)->44292K(46848K) NonClass: 39094K(40448K)->39094K(40448K) Class: 5197K(6400K)->5197K(6400K)
[2023-11-16T22:22:18.499+0000][gc            ] GC(328) Pause Young (Normal) (G1 Evacuation Pause) 380M->358M(512M) 14.199ms
[2023-11-16T22:22:18.499+0000][gc,cpu        ] GC(328) User=0.02s Sys=0.00s Real=0.02s
[2023-11-16T22:24:00.466+0000][gc,start      ] GC(329) Pause Young (Normal) (G1 Evacuation Pause)
[2023-11-16T22:24:00.466+0000][gc,task       ] GC(329) Using 2 workers of 2 for evacuation
[2023-11-16T22:24:00.480+0000][gc,phases     ] GC(329)   Pre Evacuate Collection Set: 0.1ms
[2023-11-16T22:24:00.480+0000][gc,phases     ] GC(329)   Evacuate Collection Set: 13.3ms
[2023-11-16T22:24:00.480+0000][gc,phases     ] GC(329)   Post Evacuate Collection Set: 0.3ms
[2023-11-16T22:24:00.480+0000][gc,phases     ] GC(329)   Other: 0.2ms
[2023-11-16T22:24:00.480+0000][gc,heap       ] GC(329) Eden regions: 26->0(28)
[2023-11-16T22:24:00.480+0000][gc,heap       ] GC(329) Survivor regions: 3->3(4)
[2023-11-16T22:24:00.480+0000][gc,heap       ] GC(329) Old regions: 210->211
[2023-11-16T22:24:00.480+0000][gc,heap       ] GC(329) Humongous regions: 147->147
[2023-11-16T22:24:00.480+0000][gc,metaspace  ] GC(329) Metaspace: 44292K(46848K)->44292K(46848K) NonClass: 39094K(40448K)->39094K(40448K) Class: 5197K(6400K)->5197K(6400K)
[2023-11-16T22:24:00.480+0000][gc            ] GC(329) Pause Young (Normal) (G1 Evacuation Pause) 384M->359M(512M) 14.024ms
[2023-11-16T22:24:00.480+0000][gc,cpu        ] GC(329) User=0.03s Sys=0.00s Real=0.01s
[2023-11-16T22:25:41.831+0000][gc,start      ] GC(330) Pause Young (Normal) (G1 Evacuation Pause)
[2023-11-16T22:25:41.831+0000][gc,task       ] GC(330) Using 2 workers of 2 for evacuation
[2023-11-16T22:25:41.844+0000][gc,phases     ] GC(330)   Pre Evacuate Collection Set: 0.0ms
[2023-11-16T22:25:41.844+0000][gc,phases     ] GC(330)   Evacuate Collection Set: 11.9ms
[2023-11-16T22:25:41.844+0000][gc,phases     ] GC(330)   Post Evacuate Collection Set: 0.3ms
[2023-11-16T22:25:41.844+0000][gc,phases     ] GC(330)   Other: 0.5ms
[2023-11-16T22:25:41.844+0000][gc,heap       ] GC(330) Eden regions: 26->0(29)
[2023-11-16T22:25:41.844+0000][gc,heap       ] GC(330) Survivor regions: 3->2(4)
[2023-11-16T22:25:41.844+0000][gc,heap       ] GC(330) Old regions: 211->213
[2023-11-16T22:25:41.844+0000][gc,heap       ] GC(330) Humongous regions: 147->147
[2023-11-16T22:25:41.844+0000][gc,metaspace  ] GC(330) Metaspace: 44295K(46848K)->44295K(46848K) NonClass: 39097K(40448K)->39097K(40448K) Class: 5197K(6400K)->5197K(6400K)
[2023-11-16T22:25:41.844+0000][gc            ] GC(330) Pause Young (Normal) (G1 Evacuation Pause) 385M->359M(512M) 12.874ms
[2023-11-16T22:25:41.844+0000][gc,cpu        ] GC(330) User=0.02s Sys=0.00s Real=0.01s
[2023-11-16T22:27:28.511+0000][gc,start      ] GC(331) Pause Young (Normal) (G1 Evacuation Pause)
[2023-11-16T22:27:28.511+0000][gc,task       ] GC(331) Using 2 workers of 2 for evacuation
[2023-11-16T22:27:28.529+0000][gc,phases     ] GC(331)   Pre Evacuate Collection Set: 0.0ms
[2023-11-16T22:27:28.529+0000][gc,phases     ] GC(331)   Evacuate Collection Set: 17.3ms
[2023-11-16T22:27:28.529+0000][gc,phases     ] GC(331)   Post Evacuate Collection Set: 0.3ms
[2023-11-16T22:27:28.529+0000][gc,phases     ] GC(331)   Other: 0.2ms
[2023-11-16T22:27:28.529+0000][gc,heap       ] GC(331) Eden regions: 27->0(28)
[2023-11-16T22:27:28.529+0000][gc,heap       ] GC(331) Survivor regions: 2->4(4)
[2023-11-16T22:27:28.529+0000][gc,heap       ] GC(331) Old regions: 213->213
[2023-11-16T22:27:28.529+0000][gc,heap       ] GC(331) Humongous regions: 147->147
[2023-11-16T22:27:28.529+0000][gc,metaspace  ] GC(331) Metaspace: 44295K(46848K)->44295K(46848K) NonClass: 39097K(40448K)->39097K(40448K) Class: 5197K(6400K)->5197K(6400K)
[2023-11-16T22:27:28.529+0000][gc            ] GC(331) Pause Young (Normal) (G1 Evacuation Pause) 386M->362M(512M) 17.967ms
[2023-11-16T22:27:28.529+0000][gc,cpu        ] GC(331) User=0.03s Sys=0.00s Real=0.02s
[2023-11-16T22:29:19.058+0000][gc,start      ] GC(332) Pause Young (Normal) (G1 Evacuation Pause)
[2023-11-16T22:29:19.058+0000][gc,task       ] GC(332) Using 2 workers of 2 for evacuation
[2023-11-16T22:29:19.076+0000][gc,phases     ] GC(332)   Pre Evacuate Collection Set: 0.0ms
[2023-11-16T22:29:19.077+0000][gc,phases     ] GC(332)   Evacuate Collection Set: 18.3ms
[2023-11-16T22:29:19.077+0000][gc,phases     ] GC(332)   Post Evacuate Collection Set: 0.3ms
[2023-11-16T22:29:19.077+0000][gc,phases     ] GC(332)   Other: 0.2ms
[2023-11-16T22:29:19.077+0000][gc,heap       ] GC(332) Eden regions: 28->0(28)
[2023-11-16T22:29:19.077+0000][gc,heap       ] GC(332) Survivor regions: 4->3(4)
[2023-11-16T22:29:19.077+0000][gc,heap       ] GC(332) Old regions: 213->216
[2023-11-16T22:29:19.077+0000][gc,heap       ] GC(332) Humongous regions: 147->147
[2023-11-16T22:29:19.077+0000][gc,metaspace  ] GC(332) Metaspace: 44297K(46848K)->44297K(46848K) NonClass: 39100K(40448K)->39100K(40448K) Class: 5197K(6400K)->5197K(6400K)
[2023-11-16T22:29:19.077+0000][gc            ] GC(332) Pause Young (Normal) (G1 Evacuation Pause) 390M->363M(512M) 18.973ms
[2023-11-16T22:29:19.077+0000][gc,cpu        ] GC(332) User=0.03s Sys=0.01s Real=0.02s
[2023-11-16T22:30:56.862+0000][gc,start      ] GC(333) Pause Young (Normal) (G1 Evacuation Pause)
[2023-11-16T22:30:56.862+0000][gc,task       ] GC(333) Using 2 workers of 2 for evacuation
[2023-11-16T22:30:56.873+0000][gc,phases     ] GC(333)   Pre Evacuate Collection Set: 0.0ms
[2023-11-16T22:30:56.873+0000][gc,phases     ] GC(333)   Evacuate Collection Set: 10.6ms
[2023-11-16T22:30:56.873+0000][gc,phases     ] GC(333)   Post Evacuate Collection Set: 0.3ms
[2023-11-16T22:30:56.873+0000][gc,phases     ] GC(333)   Other: 0.2ms
[2023-11-16T22:30:56.873+0000][gc,heap       ] GC(333) Eden regions: 25->0(30)
[2023-11-16T22:30:56.873+0000][gc,heap       ] GC(333) Survivor regions: 3->2(4)
[2023-11-16T22:30:56.873+0000][gc,heap       ] GC(333) Old regions: 216->217
[2023-11-16T22:30:56.873+0000][gc,heap       ] GC(333) Humongous regions: 147->147
[2023-11-16T22:30:56.873+0000][gc,metaspace  ] GC(333) Metaspace: 44297K(46848K)->44297K(46848K) NonClass: 39100K(40448K)->39100K(40448K) Class: 5197K(6400K)->5197K(6400K)
[2023-11-16T22:30:56.873+0000][gc            ] GC(333) Pause Young (Normal) (G1 Evacuation Pause) 388M->363M(512M) 11.168ms
[2023-11-16T22:30:56.873+0000][gc,cpu        ] GC(333) User=0.02s Sys=0.00s Real=0.01s
[2023-11-16T22:32:56.082+0000][gc,start      ] GC(334) Pause Young (Normal) (G1 Evacuation Pause)
[2023-11-16T22:32:56.082+0000][gc,task       ] GC(334) Using 2 workers of 2 for evacuation
[2023-11-16T22:32:56.114+0000][gc,mmu        ] GC(334) MMU target violated: 21.0ms (20.0ms/21.0ms)
[2023-11-16T22:32:56.114+0000][gc,phases     ] GC(334)   Pre Evacuate Collection Set: 0.0ms
[2023-11-16T22:32:56.114+0000][gc,phases     ] GC(334)   Evacuate Collection Set: 31.6ms
[2023-11-16T22:32:56.114+0000][gc,phases     ] GC(334)   Post Evacuate Collection Set: 0.4ms
[2023-11-16T22:32:56.114+0000][gc,phases     ] GC(334)   Other: 0.3ms
[2023-11-16T22:32:56.114+0000][gc,heap       ] GC(334) Eden regions: 30->0(22)
[2023-11-16T22:32:56.114+0000][gc,heap       ] GC(334) Survivor regions: 2->4(4)
[2023-11-16T22:32:56.114+0000][gc,heap       ] GC(334) Old regions: 217->218
[2023-11-16T22:32:56.114+0000][gc,heap       ] GC(334) Humongous regions: 147->147
[2023-11-16T22:32:56.114+0000][gc,metaspace  ] GC(334) Metaspace: 44297K(46848K)->44297K(46848K) NonClass: 39100K(40448K)->39100K(40448K) Class: 5197K(6400K)->5197K(6400K)
[2023-11-16T22:32:56.114+0000][gc            ] GC(334) Pause Young (Normal) (G1 Evacuation Pause) 393M->366M(512M) 32.881ms
[2023-11-16T22:32:56.114+0000][gc,cpu        ] GC(334) User=0.05s Sys=0.01s Real=0.04s
[2023-11-16T22:34:22.261+0000][gc,start      ] GC(335) Pause Young (Normal) (G1 Evacuation Pause)
[2023-11-16T22:34:22.261+0000][gc,task       ] GC(335) Using 2 workers of 2 for evacuation
[2023-11-16T22:34:22.273+0000][gc,phases     ] GC(335)   Pre Evacuate Collection Set: 0.0ms
[2023-11-16T22:34:22.273+0000][gc,phases     ] GC(335)   Evacuate Collection Set: 12.1ms
[2023-11-16T22:34:22.273+0000][gc,phases     ] GC(335)   Post Evacuate Collection Set: 0.3ms
[2023-11-16T22:34:22.273+0000][gc,phases     ] GC(335)   Other: 0.2ms
[2023-11-16T22:34:22.273+0000][gc,heap       ] GC(335) Eden regions: 22->0(27)
[2023-11-16T22:34:22.273+0000][gc,heap       ] GC(335) Survivor regions: 4->3(4)
[2023-11-16T22:34:22.273+0000][gc,heap       ] GC(335) Old regions: 218->220
[2023-11-16T22:34:22.273+0000][gc,heap       ] GC(335) Humongous regions: 147->147
[2023-11-16T22:34:22.273+0000][gc,metaspace  ] GC(335) Metaspace: 44297K(46848K)->44297K(46848K) NonClass: 39100K(40448K)->39100K(40448K) Class: 5197K(6400K)->5197K(6400K)
[2023-11-16T22:34:22.273+0000][gc            ] GC(335) Pause Young (Normal) (G1 Evacuation Pause) 388M->367M(512M) 12.739ms
[2023-11-16T22:34:22.273+0000][gc,cpu        ] GC(335) User=0.02s Sys=0.00s Real=0.01s
[2023-11-16T22:35:55.469+0000][gc,start      ] GC(336) Pause Young (Normal) (G1 Evacuation Pause)
[2023-11-16T22:35:55.469+0000][gc,task       ] GC(336) Using 2 workers of 2 for evacuation
[2023-11-16T22:35:55.485+0000][gc,phases     ] GC(336)   Pre Evacuate Collection Set: 0.0ms
[2023-11-16T22:35:55.485+0000][gc,phases     ] GC(336)   Evacuate Collection Set: 15.4ms
[2023-11-16T22:35:55.485+0000][gc,phases     ] GC(336)   Post Evacuate Collection Set: 0.3ms
[2023-11-16T22:35:55.485+0000][gc,phases     ] GC(336)   Other: 0.2ms
[2023-11-16T22:35:55.485+0000][gc,heap       ] GC(336) Eden regions: 24->0(25)
[2023-11-16T22:35:55.485+0000][gc,heap       ] GC(336) Survivor regions: 3->4(4)
[2023-11-16T22:35:55.485+0000][gc,heap       ] GC(336) Old regions: 220->220
[2023-11-16T22:35:55.486+0000][gc,heap       ] GC(336) Humongous regions: 147->147
[2023-11-16T22:35:55.486+0000][gc,metaspace  ] GC(336) Metaspace: 44297K(46848K)->44297K(46848K) NonClass: 39100K(40448K)->39100K(40448K) Class: 5197K(6400K)->5197K(6400K)
[2023-11-16T22:35:55.486+0000][gc            ] GC(336) Pause Young (Normal) (G1 Evacuation Pause) 391M->369M(512M) 16.149ms
[2023-11-16T22:35:55.486+0000][gc,cpu        ] GC(336) User=0.03s Sys=0.00s Real=0.02s
[2023-11-16T22:37:33.646+0000][gc,start      ] GC(337) Pause Young (Normal) (G1 Evacuation Pause)
[2023-11-16T22:37:33.646+0000][gc,task       ] GC(337) Using 2 workers of 2 for evacuation
[2023-11-16T22:37:33.662+0000][gc,phases     ] GC(337)   Pre Evacuate Collection Set: 0.3ms
[2023-11-16T22:37:33.662+0000][gc,phases     ] GC(337)   Evacuate Collection Set: 15.2ms
[2023-11-16T22:37:33.662+0000][gc,phases     ] GC(337)   Post Evacuate Collection Set: 0.3ms
[2023-11-16T22:37:33.662+0000][gc,phases     ] GC(337)   Other: 0.3ms
[2023-11-16T22:37:33.662+0000][gc,heap       ] GC(337) Eden regions: 25->0(27)
[2023-11-16T22:37:33.662+0000][gc,heap       ] GC(337) Survivor regions: 4->3(4)
[2023-11-16T22:37:33.662+0000][gc,heap       ] GC(337) Old regions: 220->222
[2023-11-16T22:37:33.662+0000][gc,heap       ] GC(337) Humongous regions: 147->147
[2023-11-16T22:37:33.662+0000][gc,metaspace  ] GC(337) Metaspace: 44297K(46848K)->44297K(46848K) NonClass: 39100K(40448K)->39100K(40448K) Class: 5197K(6400K)->5197K(6400K)
[2023-11-16T22:37:33.662+0000][gc            ] GC(337) Pause Young (Normal) (G1 Evacuation Pause) 394M->370M(512M) 16.218ms
[2023-11-16T22:37:33.662+0000][gc,cpu        ] GC(337) User=0.03s Sys=0.00s Real=0.01s
[2023-11-16T22:39:04.547+0000][gc,start      ] GC(338) Pause Young (Normal) (G1 Evacuation Pause)
[2023-11-16T22:39:04.547+0000][gc,task       ] GC(338) Using 2 workers of 2 for evacuation
[2023-11-16T22:39:04.560+0000][gc,phases     ] GC(338)   Pre Evacuate Collection Set: 0.0ms
[2023-11-16T22:39:04.560+0000][gc,phases     ] GC(338)   Evacuate Collection Set: 12.6ms
[2023-11-16T22:39:04.560+0000][gc,phases     ] GC(338)   Post Evacuate Collection Set: 0.3ms
[2023-11-16T22:39:04.560+0000][gc,phases     ] GC(338)   Other: 0.3ms
[2023-11-16T22:39:04.560+0000][gc,heap       ] GC(338) Eden regions: 23->0(27)
[2023-11-16T22:39:04.560+0000][gc,heap       ] GC(338) Survivor regions: 3->3(4)
[2023-11-16T22:39:04.560+0000][gc,heap       ] GC(338) Old regions: 222->224
[2023-11-16T22:39:04.560+0000][gc,heap       ] GC(338) Humongous regions: 147->147
[2023-11-16T22:39:04.560+0000][gc,metaspace  ] GC(338) Metaspace: 44297K(46848K)->44297K(46848K) NonClass: 39100K(40448K)->39100K(40448K) Class: 5197K(6400K)->5197K(6400K)
[2023-11-16T22:39:04.560+0000][gc            ] GC(338) Pause Young (Normal) (G1 Evacuation Pause) 393M->372M(512M) 13.341ms
[2023-11-16T22:39:04.560+0000][gc,cpu        ] GC(338) User=0.03s Sys=0.00s Real=0.01s
[2023-11-16T22:40:38.258+0000][gc,start      ] GC(339) Pause Young (Normal) (G1 Evacuation Pause)
[2023-11-16T22:40:38.258+0000][gc,task       ] GC(339) Using 2 workers of 2 for evacuation
[2023-11-16T22:40:38.272+0000][gc,phases     ] GC(339)   Pre Evacuate Collection Set: 0.0ms
[2023-11-16T22:40:38.272+0000][gc,phases     ] GC(339)   Evacuate Collection Set: 13.5ms
[2023-11-16T22:40:38.272+0000][gc,phases     ] GC(339)   Post Evacuate Collection Set: 0.5ms
[2023-11-16T22:40:38.272+0000][gc,phases     ] GC(339)   Other: 0.4ms
[2023-11-16T22:40:38.272+0000][gc,heap       ] GC(339) Eden regions: 24->0(28)
[2023-11-16T22:40:38.272+0000][gc,heap       ] GC(339) Survivor regions: 3->3(4)
[2023-11-16T22:40:38.272+0000][gc,heap       ] GC(339) Old regions: 224->226
[2023-11-16T22:40:38.272+0000][gc,heap       ] GC(339) Humongous regions: 147->147
[2023-11-16T22:40:38.272+0000][gc,metaspace  ] GC(339) Metaspace: 44297K(46848K)->44297K(46848K) NonClass: 39100K(40448K)->39100K(40448K) Class: 5197K(6400K)->5197K(6400K)
[2023-11-16T22:40:38.272+0000][gc            ] GC(339) Pause Young (Normal) (G1 Evacuation Pause) 396M->373M(512M) 14.502ms
[2023-11-16T22:40:38.272+0000][gc,cpu        ] GC(339) User=0.03s Sys=0.00s Real=0.01s
[2023-11-16T22:42:20.640+0000][gc,start      ] GC(340) Pause Young (Normal) (G1 Evacuation Pause)
[2023-11-16T22:42:20.640+0000][gc,task       ] GC(340) Using 2 workers of 2 for evacuation
[2023-11-16T22:42:20.651+0000][gc,phases     ] GC(340)   Pre Evacuate Collection Set: 0.0ms
[2023-11-16T22:42:20.651+0000][gc,phases     ] GC(340)   Evacuate Collection Set: 10.5ms
[2023-11-16T22:42:20.651+0000][gc,phases     ] GC(340)   Post Evacuate Collection Set: 0.3ms
[2023-11-16T22:42:20.651+0000][gc,phases     ] GC(340)   Other: 0.2ms
[2023-11-16T22:42:20.651+0000][gc,heap       ] GC(340) Eden regions: 26->0(33)
[2023-11-16T22:42:20.651+0000][gc,heap       ] GC(340) Survivor regions: 3->2(4)
[2023-11-16T22:42:20.651+0000][gc,heap       ] GC(340) Old regions: 226->227
[2023-11-16T22:42:20.651+0000][gc,heap       ] GC(340) Humongous regions: 147->147
[2023-11-16T22:42:20.651+0000][gc,metaspace  ] GC(340) Metaspace: 44297K(46848K)->44297K(46848K) NonClass: 39100K(40448K)->39100K(40448K) Class: 5197K(6400K)->5197K(6400K)
[2023-11-16T22:42:20.651+0000][gc            ] GC(340) Pause Young (Normal) (G1 Evacuation Pause) 399M->373M(512M) 11.117ms
[2023-11-16T22:42:20.651+0000][gc,cpu        ] GC(340) User=0.02s Sys=0.00s Real=0.01s
[2023-11-16T22:44:15.336+0000][gc,start      ] GC(341) Pause Young (Normal) (G1 Evacuation Pause)
[2023-11-16T22:44:15.336+0000][gc,task       ] GC(341) Using 2 workers of 2 for evacuation
[2023-11-16T22:44:15.354+0000][gc,phases     ] GC(341)   Pre Evacuate Collection Set: 0.0ms
[2023-11-16T22:44:15.354+0000][gc,phases     ] GC(341)   Evacuate Collection Set: 17.6ms
[2023-11-16T22:44:15.354+0000][gc,phases     ] GC(341)   Post Evacuate Collection Set: 0.3ms
[2023-11-16T22:44:15.354+0000][gc,phases     ] GC(341)   Other: 0.3ms
[2023-11-16T22:44:15.354+0000][gc,heap       ] GC(341) Eden regions: 29->0(30)
[2023-11-16T22:44:15.354+0000][gc,heap       ] GC(341) Survivor regions: 2->4(4)
[2023-11-16T22:44:15.354+0000][gc,heap       ] GC(341) Old regions: 227->228
[2023-11-16T22:44:15.354+0000][gc,heap       ] GC(341) Humongous regions: 147->147
[2023-11-16T22:44:15.354+0000][gc,metaspace  ] GC(341) Metaspace: 44297K(46848K)->44297K(46848K) NonClass: 39100K(40448K)->39100K(40448K) Class: 5197K(6400K)->5197K(6400K)
[2023-11-16T22:44:15.354+0000][gc            ] GC(341) Pause Young (Normal) (G1 Evacuation Pause) 402M->376M(512M) 18.265ms
[2023-11-16T22:44:15.354+0000][gc,cpu        ] GC(341) User=0.04s Sys=0.00s Real=0.02s
[2023-11-16T22:46:13.345+0000][gc,start      ] GC(342) Pause Young (Normal) (G1 Evacuation Pause)
[2023-11-16T22:46:13.345+0000][gc,task       ] GC(342) Using 2 workers of 2 for evacuation
[2023-11-16T22:46:13.361+0000][gc,phases     ] GC(342)   Pre Evacuate Collection Set: 0.0ms
[2023-11-16T22:46:13.361+0000][gc,phases     ] GC(342)   Evacuate Collection Set: 15.5ms
[2023-11-16T22:46:13.361+0000][gc,phases     ] GC(342)   Post Evacuate Collection Set: 0.4ms
[2023-11-16T22:46:13.361+0000][gc,phases     ] GC(342)   Other: 0.3ms
[2023-11-16T22:46:13.361+0000][gc,heap       ] GC(342) Eden regions: 30->0(32)
[2023-11-16T22:46:13.361+0000][gc,heap       ] GC(342) Survivor regions: 4->4(5)
[2023-11-16T22:46:13.361+0000][gc,heap       ] GC(342) Old regions: 228->230
[2023-11-16T22:46:13.361+0000][gc,heap       ] GC(342) Humongous regions: 147->147
[2023-11-16T22:46:13.361+0000][gc,metaspace  ] GC(342) Metaspace: 44297K(46848K)->44297K(46848K) NonClass: 39100K(40448K)->39100K(40448K) Class: 5197K(6400K)->5197K(6400K)
[2023-11-16T22:46:13.361+0000][gc            ] GC(342) Pause Young (Normal) (G1 Evacuation Pause) 406M->378M(512M) 16.263ms
[2023-11-16T22:46:13.361+0000][gc,cpu        ] GC(342) User=0.04s Sys=0.00s Real=0.02s
[2023-11-16T22:48:11.739+0000][gc,start      ] GC(343) Pause Young (Normal) (G1 Evacuation Pause)
[2023-11-16T22:48:11.739+0000][gc,task       ] GC(343) Using 2 workers of 2 for evacuation
[2023-11-16T22:48:11.755+0000][gc,phases     ] GC(343)   Pre Evacuate Collection Set: 0.0ms
[2023-11-16T22:48:11.755+0000][gc,phases     ] GC(343)   Evacuate Collection Set: 15.1ms
[2023-11-16T22:48:11.755+0000][gc,phases     ] GC(343)   Post Evacuate Collection Set: 0.3ms
[2023-11-16T22:48:11.755+0000][gc,phases     ] GC(343)   Other: 0.2ms
[2023-11-16T22:48:11.755+0000][gc,heap       ] GC(343) Eden regions: 30->0(34)
[2023-11-16T22:48:11.755+0000][gc,heap       ] GC(343) Survivor regions: 4->3(5)
[2023-11-16T22:48:11.755+0000][gc,heap       ] GC(343) Old regions: 230->231
[2023-11-16T22:48:11.755+0000][gc,heap       ] GC(343) Humongous regions: 147->147
[2023-11-16T22:48:11.755+0000][gc,metaspace  ] GC(343) Metaspace: 44297K(46848K)->44297K(46848K) NonClass: 39100K(40448K)->39100K(40448K) Class: 5197K(6400K)->5197K(6400K)
[2023-11-16T22:48:11.755+0000][gc            ] GC(343) Pause Young (Normal) (G1 Evacuation Pause) 408M->378M(512M) 15.720ms
[2023-11-16T22:48:11.755+0000][gc,cpu        ] GC(343) User=0.02s Sys=0.00s Real=0.02s
[2023-11-16T22:50:14.560+0000][gc,start      ] GC(344) Pause Young (Normal) (G1 Evacuation Pause)
[2023-11-16T22:50:14.560+0000][gc,task       ] GC(344) Using 2 workers of 2 for evacuation
[2023-11-16T22:50:14.575+0000][gc,phases     ] GC(344)   Pre Evacuate Collection Set: 0.0ms
[2023-11-16T22:50:14.575+0000][gc,phases     ] GC(344)   Evacuate Collection Set: 14.6ms
[2023-11-16T22:50:14.575+0000][gc,phases     ] GC(344)   Post Evacuate Collection Set: 0.2ms
[2023-11-16T22:50:14.575+0000][gc,phases     ] GC(344)   Other: 0.2ms
[2023-11-16T22:50:14.575+0000][gc,heap       ] GC(344) Eden regions: 31->0(33)
[2023-11-16T22:50:14.576+0000][gc,heap       ] GC(344) Survivor regions: 3->5(5)
[2023-11-16T22:50:14.576+0000][gc,heap       ] GC(344) Old regions: 231->231
[2023-11-16T22:50:14.576+0000][gc,heap       ] GC(344) Humongous regions: 147->147
[2023-11-16T22:50:14.576+0000][gc,metaspace  ] GC(344) Metaspace: 44297K(46848K)->44297K(46848K) NonClass: 39100K(40448K)->39100K(40448K) Class: 5197K(6400K)->5197K(6400K)
[2023-11-16T22:50:14.576+0000][gc            ] GC(344) Pause Young (Normal) (G1 Evacuation Pause) 409M->381M(512M) 15.119ms
[2023-11-16T22:50:14.576+0000][gc,cpu        ] GC(344) User=0.03s Sys=0.00s Real=0.02s
[2023-11-16T22:52:25.170+0000][gc,start      ] GC(345) Pause Young (Normal) (G1 Evacuation Pause)
[2023-11-16T22:52:25.170+0000][gc,task       ] GC(345) Using 2 workers of 2 for evacuation
[2023-11-16T22:52:25.186+0000][gc,phases     ] GC(345)   Pre Evacuate Collection Set: 0.0ms
[2023-11-16T22:52:25.187+0000][gc,phases     ] GC(345)   Evacuate Collection Set: 16.1ms
[2023-11-16T22:52:25.187+0000][gc,phases     ] GC(345)   Post Evacuate Collection Set: 0.3ms
[2023-11-16T22:52:25.187+0000][gc,phases     ] GC(345)   Other: 0.2ms
[2023-11-16T22:52:25.187+0000][gc,heap       ] GC(345) Eden regions: 33->0(34)
[2023-11-16T22:52:25.187+0000][gc,heap       ] GC(345) Survivor regions: 5->4(5)
[2023-11-16T22:52:25.187+0000][gc,heap       ] GC(345) Old regions: 231->234
[2023-11-16T22:52:25.187+0000][gc,heap       ] GC(345) Humongous regions: 147->147
[2023-11-16T22:52:25.187+0000][gc,metaspace  ] GC(345) Metaspace: 44297K(46848K)->44297K(46848K) NonClass: 39100K(40448K)->39100K(40448K) Class: 5197K(6400K)->5197K(6400K)
[2023-11-16T22:52:25.187+0000][gc            ] GC(345) Pause Young (Normal) (G1 Evacuation Pause) 414M->382M(512M) 16.679ms
[2023-11-16T22:52:25.187+0000][gc,cpu        ] GC(345) User=0.03s Sys=0.00s Real=0.02s
[2023-11-16T22:54:39.443+0000][gc,start      ] GC(346) Pause Young (Normal) (G1 Evacuation Pause)
[2023-11-16T22:54:39.443+0000][gc,task       ] GC(346) Using 2 workers of 2 for evacuation
[2023-11-16T22:54:39.458+0000][gc,phases     ] GC(346)   Pre Evacuate Collection Set: 0.0ms
[2023-11-16T22:54:39.458+0000][gc,phases     ] GC(346)   Evacuate Collection Set: 14.5ms
[2023-11-16T22:54:39.458+0000][gc,phases     ] GC(346)   Post Evacuate Collection Set: 0.3ms
[2023-11-16T22:54:39.458+0000][gc,phases     ] GC(346)   Other: 0.2ms
[2023-11-16T22:54:39.458+0000][gc,heap       ] GC(346) Eden regions: 34->0(36)
[2023-11-16T22:54:39.458+0000][gc,heap       ] GC(346) Survivor regions: 4->4(5)
[2023-11-16T22:54:39.458+0000][gc,heap       ] GC(346) Old regions: 234->235
[2023-11-16T22:54:39.458+0000][gc,heap       ] GC(346) Humongous regions: 147->147
[2023-11-16T22:54:39.458+0000][gc,metaspace  ] GC(346) Metaspace: 44297K(46848K)->44297K(46848K) NonClass: 39100K(40448K)->39100K(40448K) Class: 5197K(6400K)->5197K(6400K)
[2023-11-16T22:54:39.458+0000][gc            ] GC(346) Pause Young (Normal) (G1 Evacuation Pause) 416M->384M(512M) 15.112ms
[2023-11-16T22:54:39.458+0000][gc,cpu        ] GC(346) User=0.03s Sys=0.00s Real=0.02s
[2023-11-16T22:57:02.459+0000][gc,start      ] GC(347) Pause Young (Normal) (G1 Evacuation Pause)
[2023-11-16T22:57:02.459+0000][gc,task       ] GC(347) Using 2 workers of 2 for evacuation
[2023-11-16T22:57:02.480+0000][gc,mmu        ] GC(347) MMU target violated: 20.8ms (20.0ms/21.0ms)
[2023-11-16T22:57:02.480+0000][gc,phases     ] GC(347)   Pre Evacuate Collection Set: 0.0ms
[2023-11-16T22:57:02.480+0000][gc,phases     ] GC(347)   Evacuate Collection Set: 20.3ms
[2023-11-16T22:57:02.480+0000][gc,phases     ] GC(347)   Post Evacuate Collection Set: 0.3ms
[2023-11-16T22:57:02.480+0000][gc,phases     ] GC(347)   Other: 0.3ms
[2023-11-16T22:57:02.480+0000][gc,heap       ] GC(347) Eden regions: 36->0(34)
[2023-11-16T22:57:02.480+0000][gc,heap       ] GC(347) Survivor regions: 4->4(5)
[2023-11-16T22:57:02.480+0000][gc,heap       ] GC(347) Old regions: 235->237
[2023-11-16T22:57:02.480+0000][gc,heap       ] GC(347) Humongous regions: 147->147
[2023-11-16T22:57:02.480+0000][gc,metaspace  ] GC(347) Metaspace: 44297K(46848K)->44297K(46848K) NonClass: 39100K(40448K)->39100K(40448K) Class: 5197K(6400K)->5197K(6400K)
[2023-11-16T22:57:02.480+0000][gc            ] GC(347) Pause Young (Normal) (G1 Evacuation Pause) 420M->385M(512M) 20.978ms
[2023-11-16T22:57:02.480+0000][gc,cpu        ] GC(347) User=0.04s Sys=0.00s Real=0.02s
[2023-11-16T22:59:16.848+0000][gc,start      ] GC(348) Pause Young (Normal) (G1 Evacuation Pause)
[2023-11-16T22:59:16.848+0000][gc,task       ] GC(348) Using 2 workers of 2 for evacuation
[2023-11-16T22:59:16.862+0000][gc,phases     ] GC(348)   Pre Evacuate Collection Set: 0.0ms
[2023-11-16T22:59:16.862+0000][gc,phases     ] GC(348)   Evacuate Collection Set: 13.6ms
[2023-11-16T22:59:16.862+0000][gc,phases     ] GC(348)   Post Evacuate Collection Set: 0.3ms
[2023-11-16T22:59:16.862+0000][gc,phases     ] GC(348)   Other: 0.2ms
[2023-11-16T22:59:16.862+0000][gc,heap       ] GC(348) Eden regions: 34->0(36)
[2023-11-16T22:59:16.862+0000][gc,heap       ] GC(348) Survivor regions: 4->3(5)
[2023-11-16T22:59:16.862+0000][gc,heap       ] GC(348) Old regions: 237->238
[2023-11-16T22:59:16.862+0000][gc,heap       ] GC(348) Humongous regions: 147->147
[2023-11-16T22:59:16.862+0000][gc,metaspace  ] GC(348) Metaspace: 44297K(46848K)->44297K(46848K) NonClass: 39100K(40448K)->39100K(40448K) Class: 5197K(6400K)->5197K(6400K)
[2023-11-16T22:59:16.862+0000][gc            ] GC(348) Pause Young (Normal) (G1 Evacuation Pause) 419M->385M(512M) 14.212ms
[2023-11-16T22:59:16.862+0000][gc,cpu        ] GC(348) User=0.03s Sys=0.00s Real=0.01s
[2023-11-16T23:01:26.946+0000][gc,start      ] GC(349) Pause Young (Normal) (G1 Evacuation Pause)
[2023-11-16T23:01:26.946+0000][gc,task       ] GC(349) Using 2 workers of 2 for evacuation
[2023-11-16T23:01:26.966+0000][gc,phases     ] GC(349)   Pre Evacuate Collection Set: 0.0ms
[2023-11-16T23:01:26.966+0000][gc,phases     ] GC(349)   Evacuate Collection Set: 19.0ms
[2023-11-16T23:01:26.966+0000][gc,phases     ] GC(349)   Post Evacuate Collection Set: 0.4ms
[2023-11-16T23:01:26.966+0000][gc,phases     ] GC(349)   Other: 0.3ms
[2023-11-16T23:01:26.966+0000][gc,heap       ] GC(349) Eden regions: 33->0(35)
[2023-11-16T23:01:26.966+0000][gc,heap       ] GC(349) Survivor regions: 3->3(5)
[2023-11-16T23:01:26.966+0000][gc,heap       ] GC(349) Old regions: 238->238
[2023-11-16T23:01:26.966+0000][gc,heap       ] GC(349) Humongous regions: 147->147
[2023-11-16T23:01:26.966+0000][gc,metaspace  ] GC(349) Metaspace: 44297K(46848K)->44297K(46848K) NonClass: 39100K(40448K)->39100K(40448K) Class: 5197K(6400K)->5197K(6400K)
[2023-11-16T23:01:26.966+0000][gc            ] GC(349) Pause Young (Normal) (G1 Evacuation Pause) 418M->386M(512M) 19.678ms
[2023-11-16T23:01:26.966+0000][gc,cpu        ] GC(349) User=0.03s Sys=0.00s Real=0.02s
[2023-11-16T23:03:29.776+0000][gc,start      ] GC(350) Pause Young (Normal) (G1 Evacuation Pause)
[2023-11-16T23:03:29.776+0000][gc,task       ] GC(350) Using 2 workers of 2 for evacuation
[2023-11-16T23:03:29.794+0000][gc,phases     ] GC(350)   Pre Evacuate Collection Set: 0.0ms
[2023-11-16T23:03:29.794+0000][gc,phases     ] GC(350)   Evacuate Collection Set: 17.7ms
[2023-11-16T23:03:29.794+0000][gc,phases     ] GC(350)   Post Evacuate Collection Set: 0.3ms
[2023-11-16T23:03:29.794+0000][gc,phases     ] GC(350)   Other: 0.2ms
[2023-11-16T23:03:29.794+0000][gc,heap       ] GC(350) Eden regions: 31->0(31)
[2023-11-16T23:03:29.794+0000][gc,heap       ] GC(350) Survivor regions: 3->5(5)
[2023-11-16T23:03:29.794+0000][gc,heap       ] GC(350) Old regions: 238->240
[2023-11-16T23:03:29.794+0000][gc,heap       ] GC(350) Humongous regions: 147->147
[2023-11-16T23:03:29.794+0000][gc,metaspace  ] GC(350) Metaspace: 44297K(46848K)->44297K(46848K) NonClass: 39100K(40448K)->39100K(40448K) Class: 5197K(6400K)->5197K(6400K)
[2023-11-16T23:03:29.794+0000][gc            ] GC(350) Pause Young (Normal) (G1 Evacuation Pause) 417M->389M(512M) 18.298ms
[2023-11-16T23:03:29.794+0000][gc,cpu        ] GC(350) User=0.03s Sys=0.00s Real=0.02s
[2023-11-16T23:04:58.625+0000][gc,start      ] GC(351) Pause Young (Normal) (G1 Evacuation Pause)
[2023-11-16T23:04:58.625+0000][gc,task       ] GC(351) Using 2 workers of 2 for evacuation
[2023-11-16T23:04:58.648+0000][gc,mmu        ] GC(351) MMU target violated: 21.0ms (20.0ms/21.0ms)
[2023-11-16T23:04:58.648+0000][gc,phases     ] GC(351)   Pre Evacuate Collection Set: 0.0ms
[2023-11-16T23:04:58.648+0000][gc,phases     ] GC(351)   Evacuate Collection Set: 22.6ms
[2023-11-16T23:04:58.648+0000][gc,phases     ] GC(351)   Post Evacuate Collection Set: 0.4ms
[2023-11-16T23:04:58.648+0000][gc,phases     ] GC(351)   Other: 0.3ms
[2023-11-16T23:04:58.648+0000][gc,heap       ] GC(351) Eden regions: 27->0(24)
[2023-11-16T23:04:58.648+0000][gc,heap       ] GC(351) Survivor regions: 5->4(4)
[2023-11-16T23:04:58.648+0000][gc,heap       ] GC(351) Old regions: 240->243
[2023-11-16T23:04:58.648+0000][gc,heap       ] GC(351) Humongous regions: 147->147
[2023-11-16T23:04:58.648+0000][gc,metaspace  ] GC(351) Metaspace: 44301K(46848K)->44301K(46848K) NonClass: 39103K(40448K)->39103K(40448K) Class: 5197K(6400K)->5197K(6400K)
[2023-11-16T23:04:58.648+0000][gc            ] GC(351) Pause Young (Normal) (G1 Evacuation Pause) 416M->392M(512M) 23.296ms
[2023-11-16T23:04:58.648+0000][gc,cpu        ] GC(351) User=0.04s Sys=0.01s Real=0.03s
[2023-11-16T23:06:17.196+0000][gc,start      ] GC(352) Pause Young (Normal) (G1 Evacuation Pause)
[2023-11-16T23:06:17.196+0000][gc,task       ] GC(352) Using 2 workers of 2 for evacuation
[2023-11-16T23:06:17.235+0000][gc,mmu        ] GC(352) MMU target violated: 21.0ms (20.0ms/21.0ms)
[2023-11-16T23:06:17.235+0000][gc,phases     ] GC(352)   Pre Evacuate Collection Set: 0.0ms
[2023-11-16T23:06:17.235+0000][gc,phases     ] GC(352)   Evacuate Collection Set: 34.5ms
[2023-11-16T23:06:17.235+0000][gc,phases     ] GC(352)   Post Evacuate Collection Set: 4.1ms
[2023-11-16T23:06:17.235+0000][gc,phases     ] GC(352)   Other: 0.3ms
[2023-11-16T23:06:17.235+0000][gc,heap       ] GC(352) Eden regions: 21->0(22)
[2023-11-16T23:06:17.235+0000][gc,heap       ] GC(352) Survivor regions: 4->3(4)
[2023-11-16T23:06:17.235+0000][gc,heap       ] GC(352) Old regions: 243->247
[2023-11-16T23:06:17.235+0000][gc,heap       ] GC(352) Humongous regions: 147->147
[2023-11-16T23:06:17.235+0000][gc,metaspace  ] GC(352) Metaspace: 44301K(46848K)->44301K(46848K) NonClass: 39103K(40448K)->39103K(40448K) Class: 5197K(6400K)->5197K(6400K)
[2023-11-16T23:06:17.235+0000][gc            ] GC(352) Pause Young (Normal) (G1 Evacuation Pause) 413M->395M(512M) 38.979ms
[2023-11-16T23:06:17.235+0000][gc,cpu        ] GC(352) User=0.06s Sys=0.01s Real=0.04s
[2023-11-16T23:07:43.194+0000][gc,start      ] GC(353) Pause Young (Normal) (G1 Evacuation Pause)
[2023-11-16T23:07:43.194+0000][gc,task       ] GC(353) Using 2 workers of 2 for evacuation
[2023-11-16T23:07:43.210+0000][gc,phases     ] GC(353)   Pre Evacuate Collection Set: 0.0ms
[2023-11-16T23:07:43.210+0000][gc,phases     ] GC(353)   Evacuate Collection Set: 15.4ms
[2023-11-16T23:07:43.210+0000][gc,phases     ] GC(353)   Post Evacuate Collection Set: 0.3ms
[2023-11-16T23:07:43.210+0000][gc,phases     ] GC(353)   Other: 0.3ms
[2023-11-16T23:07:43.210+0000][gc,heap       ] GC(353) Eden regions: 22->0(23)
[2023-11-16T23:07:43.210+0000][gc,heap       ] GC(353) Survivor regions: 3->2(4)
[2023-11-16T23:07:43.210+0000][gc,heap       ] GC(353) Old regions: 247->249
[2023-11-16T23:07:43.210+0000][gc,heap       ] GC(353) Humongous regions: 147->147
[2023-11-16T23:07:43.210+0000][gc,metaspace  ] GC(353) Metaspace: 44301K(46848K)->44301K(46848K) NonClass: 39103K(40448K)->39103K(40448K) Class: 5197K(6400K)->5197K(6400K)
[2023-11-16T23:07:43.211+0000][gc            ] GC(353) Pause Young (Normal) (G1 Evacuation Pause) 417M->396M(512M) 16.141ms
[2023-11-16T23:07:43.211+0000][gc,cpu        ] GC(353) User=0.03s Sys=0.00s Real=0.01s
[2023-11-16T23:09:13.740+0000][gc,start      ] GC(354) Pause Young (Normal) (G1 Evacuation Pause)
[2023-11-16T23:09:13.740+0000][gc,task       ] GC(354) Using 2 workers of 2 for evacuation
[2023-11-16T23:09:13.754+0000][gc,phases     ] GC(354)   Pre Evacuate Collection Set: 0.0ms
[2023-11-16T23:09:13.754+0000][gc,phases     ] GC(354)   Evacuate Collection Set: 14.3ms
[2023-11-16T23:09:13.754+0000][gc,phases     ] GC(354)   Post Evacuate Collection Set: 0.3ms
[2023-11-16T23:09:13.754+0000][gc,phases     ] GC(354)   Other: 0.3ms
[2023-11-16T23:09:13.754+0000][gc,heap       ] GC(354) Eden regions: 23->0(21)
[2023-11-16T23:09:13.754+0000][gc,heap       ] GC(354) Survivor regions: 2->4(4)
[2023-11-16T23:09:13.754+0000][gc,heap       ] GC(354) Old regions: 249->250
[2023-11-16T23:09:13.754+0000][gc,heap       ] GC(354) Humongous regions: 147->147
[2023-11-16T23:09:13.754+0000][gc,metaspace  ] GC(354) Metaspace: 44301K(46848K)->44301K(46848K) NonClass: 39103K(40448K)->39103K(40448K) Class: 5197K(6400K)->5197K(6400K)
[2023-11-16T23:09:13.754+0000][gc            ] GC(354) Pause Young (Normal) (G1 Evacuation Pause) 419M->399M(512M) 14.934ms
[2023-11-16T23:09:13.755+0000][gc,cpu        ] GC(354) User=0.03s Sys=0.00s Real=0.02s
[2023-11-16T23:10:35.259+0000][gc,start      ] GC(355) Pause Young (Normal) (G1 Evacuation Pause)
[2023-11-16T23:10:35.259+0000][gc,task       ] GC(355) Using 2 workers of 2 for evacuation
[2023-11-16T23:10:35.269+0000][gc,phases     ] GC(355)   Pre Evacuate Collection Set: 0.0ms
[2023-11-16T23:10:35.269+0000][gc,phases     ] GC(355)   Evacuate Collection Set: 10.0ms
[2023-11-16T23:10:35.269+0000][gc,phases     ] GC(355)   Post Evacuate Collection Set: 0.3ms
[2023-11-16T23:10:35.269+0000][gc,phases     ] GC(355)   Other: 0.2ms
[2023-11-16T23:10:35.269+0000][gc,heap       ] GC(355) Eden regions: 21->0(23)
[2023-11-16T23:10:35.269+0000][gc,heap       ] GC(355) Survivor regions: 4->2(4)
[2023-11-16T23:10:35.269+0000][gc,heap       ] GC(355) Old regions: 250->252
[2023-11-16T23:10:35.269+0000][gc,heap       ] GC(355) Humongous regions: 147->147
[2023-11-16T23:10:35.269+0000][gc,metaspace  ] GC(355) Metaspace: 44317K(46848K)->44317K(46848K) NonClass: 39119K(40448K)->39119K(40448K) Class: 5197K(6400K)->5197K(6400K)
[2023-11-16T23:10:35.269+0000][gc            ] GC(355) Pause Young (Normal) (G1 Evacuation Pause) 420M->398M(512M) 10.525ms
[2023-11-16T23:10:35.269+0000][gc,cpu        ] GC(355) User=0.02s Sys=0.00s Real=0.01s
[2023-11-16T23:12:06.153+0000][gc,start      ] GC(356) Pause Young (Normal) (G1 Evacuation Pause)
[2023-11-16T23:12:06.153+0000][gc,task       ] GC(356) Using 2 workers of 2 for evacuation
[2023-11-16T23:12:06.165+0000][gc,phases     ] GC(356)   Pre Evacuate Collection Set: 0.0ms
[2023-11-16T23:12:06.165+0000][gc,phases     ] GC(356)   Evacuate Collection Set: 11.3ms
[2023-11-16T23:12:06.165+0000][gc,phases     ] GC(356)   Post Evacuate Collection Set: 0.2ms
[2023-11-16T23:12:06.165+0000][gc,phases     ] GC(356)   Other: 0.2ms
[2023-11-16T23:12:06.165+0000][gc,heap       ] GC(356) Eden regions: 23->0(23)
[2023-11-16T23:12:06.165+0000][gc,heap       ] GC(356) Survivor regions: 2->4(4)
[2023-11-16T23:12:06.165+0000][gc,heap       ] GC(356) Old regions: 252->252
[2023-11-16T23:12:06.165+0000][gc,heap       ] GC(356) Humongous regions: 147->147
[2023-11-16T23:12:06.165+0000][gc,metaspace  ] GC(356) Metaspace: 44317K(46848K)->44317K(46848K) NonClass: 39119K(40448K)->39119K(40448K) Class: 5197K(6400K)->5197K(6400K)
[2023-11-16T23:12:06.165+0000][gc            ] GC(356) Pause Young (Normal) (G1 Evacuation Pause) 421M->401M(512M) 11.889ms
[2023-11-16T23:12:06.165+0000][gc,cpu        ] GC(356) User=0.03s Sys=0.00s Real=0.01s
[2023-11-16T23:13:36.048+0000][gc,start      ] GC(357) Pause Young (Normal) (G1 Evacuation Pause)
[2023-11-16T23:13:36.049+0000][gc,task       ] GC(357) Using 2 workers of 2 for evacuation
[2023-11-16T23:13:36.061+0000][gc,phases     ] GC(357)   Pre Evacuate Collection Set: 0.0ms
[2023-11-16T23:13:36.061+0000][gc,phases     ] GC(357)   Evacuate Collection Set: 12.2ms
[2023-11-16T23:13:36.061+0000][gc,phases     ] GC(357)   Post Evacuate Collection Set: 0.3ms
[2023-11-16T23:13:36.061+0000][gc,phases     ] GC(357)   Other: 0.3ms
[2023-11-16T23:13:36.061+0000][gc,heap       ] GC(357) Eden regions: 23->0(24)
[2023-11-16T23:13:36.061+0000][gc,heap       ] GC(357) Survivor regions: 4->3(4)
[2023-11-16T23:13:36.061+0000][gc,heap       ] GC(357) Old regions: 252->254
[2023-11-16T23:13:36.061+0000][gc,heap       ] GC(357) Humongous regions: 147->147
[2023-11-16T23:13:36.061+0000][gc,metaspace  ] GC(357) Metaspace: 44317K(46848K)->44317K(46848K) NonClass: 39119K(40448K)->39119K(40448K) Class: 5197K(6400K)->5197K(6400K)
[2023-11-16T23:13:36.061+0000][gc            ] GC(357) Pause Young (Normal) (G1 Evacuation Pause) 424M->401M(512M) 12.913ms
[2023-11-16T23:13:36.061+0000][gc,cpu        ] GC(357) User=0.02s Sys=0.00s Real=0.01s
[2023-11-16T23:15:09.559+0000][gc,start      ] GC(358) Pause Young (Concurrent Start) (G1 Evacuation Pause)
[2023-11-16T23:15:09.559+0000][gc,task       ] GC(358) Using 2 workers of 2 for evacuation
[2023-11-16T23:15:09.574+0000][gc,phases     ] GC(358)   Pre Evacuate Collection Set: 0.3ms
[2023-11-16T23:15:09.574+0000][gc,phases     ] GC(358)   Evacuate Collection Set: 13.9ms
[2023-11-16T23:15:09.574+0000][gc,phases     ] GC(358)   Post Evacuate Collection Set: 0.3ms
[2023-11-16T23:15:09.574+0000][gc,phases     ] GC(358)   Other: 0.2ms
[2023-11-16T23:15:09.574+0000][gc,heap       ] GC(358) Eden regions: 24->0(24)
[2023-11-16T23:15:09.574+0000][gc,heap       ] GC(358) Survivor regions: 3->3(4)
[2023-11-16T23:15:09.574+0000][gc,heap       ] GC(358) Old regions: 254->256
[2023-11-16T23:15:09.574+0000][gc,heap       ] GC(358) Humongous regions: 147->147
[2023-11-16T23:15:09.574+0000][gc,metaspace  ] GC(358) Metaspace: 44317K(46848K)->44317K(46848K) NonClass: 39119K(40448K)->39119K(40448K) Class: 5197K(6400K)->5197K(6400K)
[2023-11-16T23:15:09.574+0000][gc            ] GC(358) Pause Young (Concurrent Start) (G1 Evacuation Pause) 425M->403M(512M) 14.949ms
[2023-11-16T23:15:09.574+0000][gc,cpu        ] GC(358) User=0.03s Sys=0.00s Real=0.02s
[2023-11-16T23:15:09.574+0000][gc            ] GC(359) Concurrent Cycle
[2023-11-16T23:15:09.574+0000][gc,marking    ] GC(359) Concurrent Clear Claimed Marks
[2023-11-16T23:15:09.574+0000][gc,marking    ] GC(359) Concurrent Clear Claimed Marks 0.198ms
[2023-11-16T23:15:09.574+0000][gc,marking    ] GC(359) Concurrent Scan Root Regions
[2023-11-16T23:15:09.578+0000][gc,marking    ] GC(359) Concurrent Scan Root Regions 3.634ms
[2023-11-16T23:15:09.578+0000][gc,marking    ] GC(359) Concurrent Mark (29422.179s)
[2023-11-16T23:15:09.578+0000][gc,marking    ] GC(359) Concurrent Mark From Roots
[2023-11-16T23:15:09.578+0000][gc,task       ] GC(359) Using 1 workers of 1 for marking
[2023-11-16T23:15:09.639+0000][gc,marking    ] GC(359) Concurrent Mark From Roots 60.476ms
[2023-11-16T23:15:09.639+0000][gc,marking    ] GC(359) Concurrent Preclean
[2023-11-16T23:15:09.639+0000][gc,marking    ] GC(359) Concurrent Preclean 0.184ms
[2023-11-16T23:15:09.639+0000][gc,marking    ] GC(359) Concurrent Mark (29422.179s, 29422.240s) 60.713ms
[2023-11-16T23:15:09.639+0000][gc,start      ] GC(359) Pause Remark
[2023-11-16T23:15:09.654+0000][gc,stringtable] GC(359) Cleaned string and symbol table, strings: 12926 processed, 4 removed, symbols: 92911 processed, 0 removed
[2023-11-16T23:15:09.655+0000][gc            ] GC(359) Pause Remark 403M->276M(512M) 15.701ms
[2023-11-16T23:15:09.655+0000][gc,cpu        ] GC(359) User=0.03s Sys=0.00s Real=0.02s
[2023-11-16T23:15:09.655+0000][gc,marking    ] GC(359) Concurrent Rebuild Remembered Sets
[2023-11-16T23:15:09.679+0000][gc,marking    ] GC(359) Concurrent Rebuild Remembered Sets 24.427ms
[2023-11-16T23:15:09.679+0000][gc,start      ] GC(359) Pause Cleanup
[2023-11-16T23:15:09.680+0000][gc            ] GC(359) Pause Cleanup 277M->277M(512M) 0.214ms
[2023-11-16T23:15:09.680+0000][gc,cpu        ] GC(359) User=0.00s Sys=0.00s Real=0.00s
[2023-11-16T23:15:09.680+0000][gc,marking    ] GC(359) Concurrent Cleanup for Next Mark
[2023-11-16T23:15:09.681+0000][gc,marking    ] GC(359) Concurrent Cleanup for Next Mark 1.445ms
[2023-11-16T23:15:09.681+0000][gc            ] GC(359) Concurrent Cycle 107.079ms
[2023-11-16T23:16:39.691+0000][gc,start      ] GC(360) Pause Young (Prepare Mixed) (G1 Evacuation Pause)
[2023-11-16T23:16:39.691+0000][gc,task       ] GC(360) Using 2 workers of 2 for evacuation
[2023-11-16T23:16:39.704+0000][gc,phases     ] GC(360)   Pre Evacuate Collection Set: 0.0ms
[2023-11-16T23:16:39.704+0000][gc,phases     ] GC(360)   Evacuate Collection Set: 12.6ms
[2023-11-16T23:16:39.704+0000][gc,phases     ] GC(360)   Post Evacuate Collection Set: 0.4ms
[2023-11-16T23:16:39.704+0000][gc,phases     ] GC(360)   Other: 0.2ms
[2023-11-16T23:16:39.704+0000][gc,heap       ] GC(360) Eden regions: 23->0(22)
[2023-11-16T23:16:39.704+0000][gc,heap       ] GC(360) Survivor regions: 3->3(4)
[2023-11-16T23:16:39.704+0000][gc,heap       ] GC(360) Old regions: 129->130
[2023-11-16T23:16:39.704+0000][gc,heap       ] GC(360) Humongous regions: 147->147
[2023-11-16T23:16:39.704+0000][gc,metaspace  ] GC(360) Metaspace: 44317K(46848K)->44317K(46848K) NonClass: 39119K(40448K)->39119K(40448K) Class: 5197K(6400K)->5197K(6400K)
[2023-11-16T23:16:39.704+0000][gc            ] GC(360) Pause Young (Prepare Mixed) (G1 Evacuation Pause) 299M->278M(512M) 13.292ms
[2023-11-16T23:16:39.704+0000][gc,cpu        ] GC(360) User=0.03s Sys=0.00s Real=0.01s
[2023-11-16T23:18:06.276+0000][gc,start      ] GC(361) Pause Young (Mixed) (G1 Evacuation Pause)
[2023-11-16T23:18:06.276+0000][gc,task       ] GC(361) Using 2 workers of 2 for evacuation
[2023-11-16T23:18:06.290+0000][gc,phases     ] GC(361)   Pre Evacuate Collection Set: 0.0ms
[2023-11-16T23:18:06.290+0000][gc,phases     ] GC(361)   Evacuate Collection Set: 12.9ms
[2023-11-16T23:18:06.290+0000][gc,phases     ] GC(361)   Post Evacuate Collection Set: 0.5ms
[2023-11-16T23:18:06.290+0000][gc,phases     ] GC(361)   Other: 0.2ms
[2023-11-16T23:18:06.290+0000][gc,heap       ] GC(361) Eden regions: 22->0(22)
[2023-11-16T23:18:06.290+0000][gc,heap       ] GC(361) Survivor regions: 3->3(4)
[2023-11-16T23:18:06.290+0000][gc,heap       ] GC(361) Old regions: 130->81
[2023-11-16T23:18:06.290+0000][gc,heap       ] GC(361) Humongous regions: 147->147
[2023-11-16T23:18:06.290+0000][gc,metaspace  ] GC(361) Metaspace: 44317K(46848K)->44317K(46848K) NonClass: 39119K(40448K)->39119K(40448K) Class: 5197K(6400K)->5197K(6400K)
[2023-11-16T23:18:06.290+0000][gc            ] GC(361) Pause Young (Mixed) (G1 Evacuation Pause) 300M->228M(512M) 13.788ms
[2023-11-16T23:18:06.290+0000][gc,cpu        ] GC(361) User=0.02s Sys=0.00s Real=0.01s
[2023-11-16T23:19:31.603+0000][gc,start      ] GC(362) Pause Young (Mixed) (G1 Evacuation Pause)
[2023-11-16T23:19:31.603+0000][gc,task       ] GC(362) Using 2 workers of 2 for evacuation
[2023-11-16T23:19:31.614+0000][gc,phases     ] GC(362)   Pre Evacuate Collection Set: 0.0ms
[2023-11-16T23:19:31.614+0000][gc,phases     ] GC(362)   Evacuate Collection Set: 10.5ms
[2023-11-16T23:19:31.614+0000][gc,phases     ] GC(362)   Post Evacuate Collection Set: 0.4ms
[2023-11-16T23:19:31.614+0000][gc,phases     ] GC(362)   Other: 0.3ms
[2023-11-16T23:19:31.614+0000][gc,heap       ] GC(362) Eden regions: 22->0(29)
[2023-11-16T23:19:31.614+0000][gc,heap       ] GC(362) Survivor regions: 3->3(4)
[2023-11-16T23:19:31.614+0000][gc,heap       ] GC(362) Old regions: 81->53
[2023-11-16T23:19:31.614+0000][gc,heap       ] GC(362) Humongous regions: 147->147
[2023-11-16T23:19:31.614+0000][gc,metaspace  ] GC(362) Metaspace: 44317K(46848K)->44317K(46848K) NonClass: 39119K(40448K)->39119K(40448K) Class: 5197K(6400K)->5197K(6400K)
[2023-11-16T23:19:31.614+0000][gc            ] GC(362) Pause Young (Mixed) (G1 Evacuation Pause) 250M->200M(512M) 11.239ms
[2023-11-16T23:19:31.614+0000][gc,cpu        ] GC(362) User=0.02s Sys=0.00s Real=0.02s
[2023-11-16T23:21:25.903+0000][gc,start      ] GC(363) Pause Young (Normal) (G1 Evacuation Pause)
[2023-11-16T23:21:25.903+0000][gc,task       ] GC(363) Using 2 workers of 2 for evacuation
[2023-11-16T23:21:25.914+0000][gc,phases     ] GC(363)   Pre Evacuate Collection Set: 0.0ms
[2023-11-16T23:21:25.914+0000][gc,phases     ] GC(363)   Evacuate Collection Set: 10.5ms
[2023-11-16T23:21:25.914+0000][gc,phases     ] GC(363)   Post Evacuate Collection Set: 0.3ms
[2023-11-16T23:21:25.914+0000][gc,phases     ] GC(363)   Other: 0.2ms
[2023-11-16T23:21:25.914+0000][gc,heap       ] GC(363) Eden regions: 29->0(31)
[2023-11-16T23:21:25.914+0000][gc,heap       ] GC(363) Survivor regions: 3->2(4)
[2023-11-16T23:21:25.914+0000][gc,heap       ] GC(363) Old regions: 53->54
[2023-11-16T23:21:25.914+0000][gc,heap       ] GC(363) Humongous regions: 147->147
[2023-11-16T23:21:25.914+0000][gc,metaspace  ] GC(363) Metaspace: 44319K(46848K)->44319K(46848K) NonClass: 39121K(40448K)->39121K(40448K) Class: 5197K(6400K)->5197K(6400K)
[2023-11-16T23:21:25.914+0000][gc            ] GC(363) Pause Young (Normal) (G1 Evacuation Pause) 229M->200M(512M) 11.089ms
[2023-11-16T23:21:25.914+0000][gc,cpu        ] GC(363) User=0.01s Sys=0.01s Real=0.02s
[2023-11-16T23:23:21.958+0000][gc,start      ] GC(364) Pause Young (Normal) (G1 Evacuation Pause)
[2023-11-16T23:23:21.958+0000][gc,task       ] GC(364) Using 2 workers of 2 for evacuation
[2023-11-16T23:23:21.981+0000][gc,mmu        ] GC(364) MMU target violated: 21.0ms (20.0ms/21.0ms)
[2023-11-16T23:23:21.981+0000][gc,phases     ] GC(364)   Pre Evacuate Collection Set: 0.0ms
[2023-11-16T23:23:21.981+0000][gc,phases     ] GC(364)   Evacuate Collection Set: 22.3ms
[2023-11-16T23:23:21.981+0000][gc,phases     ] GC(364)   Post Evacuate Collection Set: 0.4ms
[2023-11-16T23:23:21.981+0000][gc,phases     ] GC(364)   Other: 0.3ms
[2023-11-16T23:23:21.981+0000][gc,heap       ] GC(364) Eden regions: 29->0(28)
[2023-11-16T23:23:21.981+0000][gc,heap       ] GC(364) Survivor regions: 2->4(4)
[2023-11-16T23:23:21.981+0000][gc,heap       ] GC(364) Old regions: 54->55
[2023-11-16T23:23:21.981+0000][gc,heap       ] GC(364) Humongous regions: 147->147
[2023-11-16T23:23:21.981+0000][gc,metaspace  ] GC(364) Metaspace: 44319K(46848K)->44319K(46848K) NonClass: 39121K(40448K)->39121K(40448K) Class: 5197K(6400K)->5197K(6400K)
[2023-11-16T23:23:21.981+0000][gc            ] GC(364) Pause Young (Normal) (G1 Evacuation Pause) 229M->204M(512M) 23.087ms
[2023-11-16T23:23:21.981+0000][gc,cpu        ] GC(364) User=0.04s Sys=0.00s Real=0.02s
[2023-11-16T23:25:11.038+0000][gc,start      ] GC(365) Pause Young (Normal) (G1 Evacuation Pause)
[2023-11-16T23:25:11.038+0000][gc,task       ] GC(365) Using 2 workers of 2 for evacuation
[2023-11-16T23:25:11.057+0000][gc,phases     ] GC(365)   Pre Evacuate Collection Set: 0.0ms
[2023-11-16T23:25:11.057+0000][gc,phases     ] GC(365)   Evacuate Collection Set: 18.2ms
[2023-11-16T23:25:11.057+0000][gc,phases     ] GC(365)   Post Evacuate Collection Set: 0.7ms
[2023-11-16T23:25:11.057+0000][gc,phases     ] GC(365)   Other: 0.2ms
[2023-11-16T23:25:11.057+0000][gc,heap       ] GC(365) Eden regions: 28->0(27)
[2023-11-16T23:25:11.057+0000][gc,heap       ] GC(365) Survivor regions: 4->3(4)
[2023-11-16T23:25:11.057+0000][gc,heap       ] GC(365) Old regions: 55->57
[2023-11-16T23:25:11.057+0000][gc,heap       ] GC(365) Humongous regions: 147->147
[2023-11-16T23:25:11.057+0000][gc,metaspace  ] GC(365) Metaspace: 44319K(46848K)->44319K(46848K) NonClass: 39121K(40448K)->39121K(40448K) Class: 5197K(6400K)->5197K(6400K)
[2023-11-16T23:25:11.057+0000][gc            ] GC(365) Pause Young (Normal) (G1 Evacuation Pause) 232M->205M(512M) 19.198ms
[2023-11-16T23:25:11.057+0000][gc,cpu        ] GC(365) User=0.04s Sys=0.00s Real=0.02s
[2023-11-16T23:26:56.726+0000][gc,start      ] GC(366) Pause Young (Normal) (G1 Evacuation Pause)
[2023-11-16T23:26:56.726+0000][gc,task       ] GC(366) Using 2 workers of 2 for evacuation
[2023-11-16T23:26:56.738+0000][gc,phases     ] GC(366)   Pre Evacuate Collection Set: 0.0ms
[2023-11-16T23:26:56.738+0000][gc,phases     ] GC(366)   Evacuate Collection Set: 11.2ms
[2023-11-16T23:26:56.738+0000][gc,phases     ] GC(366)   Post Evacuate Collection Set: 0.4ms
[2023-11-16T23:26:56.738+0000][gc,phases     ] GC(366)   Other: 0.2ms
[2023-11-16T23:26:56.738+0000][gc,heap       ] GC(366) Eden regions: 27->0(30)
[2023-11-16T23:26:56.738+0000][gc,heap       ] GC(366) Survivor regions: 3->2(4)
[2023-11-16T23:26:56.738+0000][gc,heap       ] GC(366) Old regions: 57->59
[2023-11-16T23:26:56.738+0000][gc,heap       ] GC(366) Humongous regions: 147->147
[2023-11-16T23:26:56.738+0000][gc,metaspace  ] GC(366) Metaspace: 44320K(46848K)->44320K(46848K) NonClass: 39122K(40448K)->39122K(40448K) Class: 5197K(6400K)->5197K(6400K)
[2023-11-16T23:26:56.738+0000][gc            ] GC(366) Pause Young (Normal) (G1 Evacuation Pause) 232M->205M(512M) 11.905ms
[2023-11-16T23:26:56.738+0000][gc,cpu        ] GC(366) User=0.02s Sys=0.00s Real=0.01s
[2023-11-16T23:28:48.348+0000][gc,start      ] GC(367) Pause Young (Normal) (G1 Evacuation Pause)
[2023-11-16T23:28:48.348+0000][gc,task       ] GC(367) Using 2 workers of 2 for evacuation
[2023-11-16T23:28:48.363+0000][gc,phases     ] GC(367)   Pre Evacuate Collection Set: 0.0ms
[2023-11-16T23:28:48.363+0000][gc,phases     ] GC(367)   Evacuate Collection Set: 14.7ms
[2023-11-16T23:28:48.363+0000][gc,phases     ] GC(367)   Post Evacuate Collection Set: 0.3ms
[2023-11-16T23:28:48.363+0000][gc,phases     ] GC(367)   Other: 0.5ms
[2023-11-16T23:28:48.363+0000][gc,heap       ] GC(367) Eden regions: 28->0(29)
[2023-11-16T23:28:48.363+0000][gc,heap       ] GC(367) Survivor regions: 2->4(4)
[2023-11-16T23:28:48.363+0000][gc,heap       ] GC(367) Old regions: 59->59
[2023-11-16T23:28:48.363+0000][gc,heap       ] GC(367) Humongous regions: 147->147
[2023-11-16T23:28:48.363+0000][gc,metaspace  ] GC(367) Metaspace: 44320K(46848K)->44320K(46848K) NonClass: 39122K(40448K)->39122K(40448K) Class: 5197K(6400K)->5197K(6400K)
[2023-11-16T23:28:48.363+0000][gc            ] GC(367) Pause Young (Normal) (G1 Evacuation Pause) 233M->208M(512M) 15.659ms
[2023-11-16T23:28:48.363+0000][gc,cpu        ] GC(367) User=0.02s Sys=0.00s Real=0.01s
[2023-11-16T23:30:41.601+0000][gc,start      ] GC(368) Pause Young (Normal) (G1 Evacuation Pause)
[2023-11-16T23:30:41.601+0000][gc,task       ] GC(368) Using 2 workers of 2 for evacuation
[2023-11-16T23:30:41.616+0000][gc,phases     ] GC(368)   Pre Evacuate Collection Set: 0.0ms
[2023-11-16T23:30:41.616+0000][gc,phases     ] GC(368)   Evacuate Collection Set: 14.2ms
[2023-11-16T23:30:41.616+0000][gc,phases     ] GC(368)   Post Evacuate Collection Set: 0.3ms
[2023-11-16T23:30:41.616+0000][gc,phases     ] GC(368)   Other: 0.2ms
[2023-11-16T23:30:41.616+0000][gc,heap       ] GC(368) Eden regions: 29->0(31)
[2023-11-16T23:30:41.616+0000][gc,heap       ] GC(368) Survivor regions: 4->3(5)
[2023-11-16T23:30:41.616+0000][gc,heap       ] GC(368) Old regions: 59->62
[2023-11-16T23:30:41.616+0000][gc,heap       ] GC(368) Humongous regions: 147->147
[2023-11-16T23:30:41.616+0000][gc,metaspace  ] GC(368) Metaspace: 44320K(46848K)->44320K(46848K) NonClass: 39122K(40448K)->39122K(40448K) Class: 5197K(6400K)->5197K(6400K)
[2023-11-16T23:30:41.616+0000][gc            ] GC(368) Pause Young (Normal) (G1 Evacuation Pause) 237M->209M(512M) 14.855ms
[2023-11-16T23:30:41.616+0000][gc,cpu        ] GC(368) User=0.02s Sys=0.00s Real=0.02s
[2023-11-16T23:32:43.828+0000][gc,start      ] GC(369) Pause Young (Normal) (G1 Evacuation Pause)
[2023-11-16T23:32:43.828+0000][gc,task       ] GC(369) Using 2 workers of 2 for evacuation
[2023-11-16T23:32:43.839+0000][gc,phases     ] GC(369)   Pre Evacuate Collection Set: 0.0ms
[2023-11-16T23:32:43.839+0000][gc,phases     ] GC(369)   Evacuate Collection Set: 10.7ms
[2023-11-16T23:32:43.839+0000][gc,phases     ] GC(369)   Post Evacuate Collection Set: 0.3ms
[2023-11-16T23:32:43.839+0000][gc,phases     ] GC(369)   Other: 0.2ms
[2023-11-16T23:32:43.839+0000][gc,heap       ] GC(369) Eden regions: 31->0(34)
[2023-11-16T23:32:43.839+0000][gc,heap       ] GC(369) Survivor regions: 3->3(5)
[2023-11-16T23:32:43.839+0000][gc,heap       ] GC(369) Old regions: 62->63
[2023-11-16T23:32:43.839+0000][gc,heap       ] GC(369) Humongous regions: 147->147
[2023-11-16T23:32:43.839+0000][gc,metaspace  ] GC(369) Metaspace: 44320K(46848K)->44320K(46848K) NonClass: 39122K(40448K)->39122K(40448K) Class: 5197K(6400K)->5197K(6400K)
[2023-11-16T23:32:43.839+0000][gc            ] GC(369) Pause Young (Normal) (G1 Evacuation Pause) 240M->210M(512M) 11.340ms
[2023-11-16T23:32:43.839+0000][gc,cpu        ] GC(369) User=0.02s Sys=0.00s Real=0.01s
[2023-11-16T23:34:57.566+0000][gc,start      ] GC(370) Pause Young (Normal) (G1 Evacuation Pause)
[2023-11-16T23:34:57.566+0000][gc,task       ] GC(370) Using 2 workers of 2 for evacuation
[2023-11-16T23:34:57.579+0000][gc,phases     ] GC(370)   Pre Evacuate Collection Set: 0.0ms
[2023-11-16T23:34:57.579+0000][gc,phases     ] GC(370)   Evacuate Collection Set: 12.9ms
[2023-11-16T23:34:57.579+0000][gc,phases     ] GC(370)   Post Evacuate Collection Set: 0.3ms
[2023-11-16T23:34:57.579+0000][gc,phases     ] GC(370)   Other: 0.2ms
[2023-11-16T23:34:57.579+0000][gc,heap       ] GC(370) Eden regions: 34->0(34)
[2023-11-16T23:34:57.579+0000][gc,heap       ] GC(370) Survivor regions: 3->3(5)
[2023-11-16T23:34:57.579+0000][gc,heap       ] GC(370) Old regions: 63->63
[2023-11-16T23:34:57.579+0000][gc,heap       ] GC(370) Humongous regions: 147->147
[2023-11-16T23:34:57.579+0000][gc,metaspace  ] GC(370) Metaspace: 44320K(46848K)->44320K(46848K) NonClass: 39122K(40448K)->39122K(40448K) Class: 5197K(6400K)->5197K(6400K)
[2023-11-16T23:34:57.579+0000][gc            ] GC(370) Pause Young (Normal) (G1 Evacuation Pause) 244M->211M(512M) 13.530ms
[2023-11-16T23:34:57.579+0000][gc,cpu        ] GC(370) User=0.03s Sys=0.00s Real=0.01s
[2023-11-16T23:37:13.232+0000][gc,start      ] GC(371) Pause Young (Normal) (G1 Evacuation Pause)
[2023-11-16T23:37:13.232+0000][gc,task       ] GC(371) Using 2 workers of 2 for evacuation
[2023-11-16T23:37:13.249+0000][gc,phases     ] GC(371)   Pre Evacuate Collection Set: 0.0ms
[2023-11-16T23:37:13.249+0000][gc,phases     ] GC(371)   Evacuate Collection Set: 16.5ms
[2023-11-16T23:37:13.249+0000][gc,phases     ] GC(371)   Post Evacuate Collection Set: 0.4ms
[2023-11-16T23:37:13.249+0000][gc,phases     ] GC(371)   Other: 0.2ms
[2023-11-16T23:37:13.249+0000][gc,heap       ] GC(371) Eden regions: 34->0(34)
[2023-11-16T23:37:13.249+0000][gc,heap       ] GC(371) Survivor regions: 3->5(5)
[2023-11-16T23:37:13.249+0000][gc,heap       ] GC(371) Old regions: 63->65
[2023-11-16T23:37:13.249+0000][gc,heap       ] GC(371) Humongous regions: 147->147
[2023-11-16T23:37:13.249+0000][gc,metaspace  ] GC(371) Metaspace: 44330K(46848K)->44330K(46848K) NonClass: 39132K(40448K)->39132K(40448K) Class: 5197K(6400K)->5197K(6400K)
[2023-11-16T23:37:13.249+0000][gc            ] GC(371) Pause Young (Normal) (G1 Evacuation Pause) 245M->215M(512M) 17.233ms
[2023-11-16T23:37:13.249+0000][gc,cpu        ] GC(371) User=0.03s Sys=0.00s Real=0.02s
[2023-11-16T23:39:27.367+0000][gc,start      ] GC(372) Pause Young (Normal) (G1 Evacuation Pause)
[2023-11-16T23:39:27.367+0000][gc,task       ] GC(372) Using 2 workers of 2 for evacuation
[2023-11-16T23:39:27.384+0000][gc,phases     ] GC(372)   Pre Evacuate Collection Set: 0.0ms
[2023-11-16T23:39:27.384+0000][gc,phases     ] GC(372)   Evacuate Collection Set: 16.2ms
[2023-11-16T23:39:27.384+0000][gc,phases     ] GC(372)   Post Evacuate Collection Set: 0.5ms
[2023-11-16T23:39:27.384+0000][gc,phases     ] GC(372)   Other: 0.4ms
[2023-11-16T23:39:27.384+0000][gc,heap       ] GC(372) Eden regions: 34->0(34)
[2023-11-16T23:39:27.384+0000][gc,heap       ] GC(372) Survivor regions: 5->4(5)
[2023-11-16T23:39:27.384+0000][gc,heap       ] GC(372) Old regions: 65->68
[2023-11-16T23:39:27.384+0000][gc,heap       ] GC(372) Humongous regions: 147->147
[2023-11-16T23:39:27.384+0000][gc,metaspace  ] GC(372) Metaspace: 44330K(46848K)->44330K(46848K) NonClass: 39132K(40448K)->39132K(40448K) Class: 5197K(6400K)->5197K(6400K)
[2023-11-16T23:39:27.384+0000][gc            ] GC(372) Pause Young (Normal) (G1 Evacuation Pause) 249M->216M(512M) 17.226ms
[2023-11-16T23:39:27.384+0000][gc,cpu        ] GC(372) User=0.04s Sys=0.00s Real=0.01s
[2023-11-16T23:41:42.533+0000][gc,start      ] GC(373) Pause Young (Normal) (G1 Evacuation Pause)
[2023-11-16T23:41:42.534+0000][gc,task       ] GC(373) Using 2 workers of 2 for evacuation
[2023-11-16T23:41:42.550+0000][gc,phases     ] GC(373)   Pre Evacuate Collection Set: 0.0ms
[2023-11-16T23:41:42.550+0000][gc,phases     ] GC(373)   Evacuate Collection Set: 15.7ms
[2023-11-16T23:41:42.550+0000][gc,phases     ] GC(373)   Post Evacuate Collection Set: 0.4ms
[2023-11-16T23:41:42.550+0000][gc,phases     ] GC(373)   Other: 0.2ms
[2023-11-16T23:41:42.550+0000][gc,heap       ] GC(373) Eden regions: 34->0(36)
[2023-11-16T23:41:42.550+0000][gc,heap       ] GC(373) Survivor regions: 4->3(5)
[2023-11-16T23:41:42.550+0000][gc,heap       ] GC(373) Old regions: 68->69
[2023-11-16T23:41:42.550+0000][gc,heap       ] GC(373) Humongous regions: 147->147
[2023-11-16T23:41:42.550+0000][gc,metaspace  ] GC(373) Metaspace: 44330K(46848K)->44330K(46848K) NonClass: 39132K(40448K)->39132K(40448K) Class: 5197K(6400K)->5197K(6400K)
[2023-11-16T23:41:42.550+0000][gc            ] GC(373) Pause Young (Normal) (G1 Evacuation Pause) 250M->217M(512M) 16.336ms
[2023-11-16T23:41:42.550+0000][gc,cpu        ] GC(373) User=0.03s Sys=0.00s Real=0.01s
[2023-11-16T23:43:57.947+0000][gc,start      ] GC(374) Pause Young (Normal) (G1 Evacuation Pause)
[2023-11-16T23:43:57.947+0000][gc,task       ] GC(374) Using 2 workers of 2 for evacuation
[2023-11-16T23:43:57.959+0000][gc,phases     ] GC(374)   Pre Evacuate Collection Set: 0.0ms
[2023-11-16T23:43:57.959+0000][gc,phases     ] GC(374)   Evacuate Collection Set: 11.2ms
[2023-11-16T23:43:57.959+0000][gc,phases     ] GC(374)   Post Evacuate Collection Set: 0.3ms
[2023-11-16T23:43:57.959+0000][gc,phases     ] GC(374)   Other: 0.3ms
[2023-11-16T23:43:57.959+0000][gc,heap       ] GC(374) Eden regions: 34->0(38)
[2023-11-16T23:43:57.959+0000][gc,heap       ] GC(374) Survivor regions: 3->3(5)
[2023-11-16T23:43:57.959+0000][gc,heap       ] GC(374) Old regions: 69->71
[2023-11-16T23:43:57.959+0000][gc,heap       ] GC(374) Humongous regions: 147->147
[2023-11-16T23:43:57.959+0000][gc,metaspace  ] GC(374) Metaspace: 44330K(46848K)->44330K(46848K) NonClass: 39132K(40448K)->39132K(40448K) Class: 5197K(6400K)->5197K(6400K)
[2023-11-16T23:43:57.959+0000][gc            ] GC(374) Pause Young (Normal) (G1 Evacuation Pause) 251M->218M(512M) 11.938ms
[2023-11-16T23:43:57.959+0000][gc,cpu        ] GC(374) User=0.03s Sys=0.00s Real=0.01s
[2023-11-16T23:46:27.911+0000][gc,start      ] GC(375) Pause Young (Normal) (G1 Evacuation Pause)
[2023-11-16T23:46:27.911+0000][gc,task       ] GC(375) Using 2 workers of 2 for evacuation
[2023-11-16T23:46:27.925+0000][gc,phases     ] GC(375)   Pre Evacuate Collection Set: 0.0ms
[2023-11-16T23:46:27.925+0000][gc,phases     ] GC(375)   Evacuate Collection Set: 12.7ms
[2023-11-16T23:46:27.925+0000][gc,phases     ] GC(375)   Post Evacuate Collection Set: 0.3ms
[2023-11-16T23:46:27.925+0000][gc,phases     ] GC(375)   Other: 0.3ms
[2023-11-16T23:46:27.925+0000][gc,heap       ] GC(375) Eden regions: 38->0(39)
[2023-11-16T23:46:27.925+0000][gc,heap       ] GC(375) Survivor regions: 3->4(6)
[2023-11-16T23:46:27.925+0000][gc,heap       ] GC(375) Old regions: 71->71
[2023-11-16T23:46:27.925+0000][gc,heap       ] GC(375) Humongous regions: 147->147
[2023-11-16T23:46:27.925+0000][gc,metaspace  ] GC(375) Metaspace: 44330K(46848K)->44330K(46848K) NonClass: 39132K(40448K)->39132K(40448K) Class: 5197K(6400K)->5197K(6400K)
[2023-11-16T23:46:27.925+0000][gc            ] GC(375) Pause Young (Normal) (G1 Evacuation Pause) 256M->220M(512M) 13.602ms
[2023-11-16T23:46:27.925+0000][gc,cpu        ] GC(375) User=0.02s Sys=0.00s Real=0.01s
[2023-11-16T23:49:03.348+0000][gc,start      ] GC(376) Pause Young (Normal) (G1 Evacuation Pause)
[2023-11-16T23:49:03.348+0000][gc,task       ] GC(376) Using 2 workers of 2 for evacuation
[2023-11-16T23:49:03.363+0000][gc,phases     ] GC(376)   Pre Evacuate Collection Set: 0.0ms
[2023-11-16T23:49:03.363+0000][gc,phases     ] GC(376)   Evacuate Collection Set: 14.5ms
[2023-11-16T23:49:03.363+0000][gc,phases     ] GC(376)   Post Evacuate Collection Set: 0.4ms
[2023-11-16T23:49:03.363+0000][gc,phases     ] GC(376)   Other: 0.2ms
[2023-11-16T23:49:03.363+0000][gc,heap       ] GC(376) Eden regions: 39->0(40)
[2023-11-16T23:49:03.363+0000][gc,heap       ] GC(376) Survivor regions: 4->4(6)
[2023-11-16T23:49:03.363+0000][gc,heap       ] GC(376) Old regions: 71->73
[2023-11-16T23:49:03.363+0000][gc,heap       ] GC(376) Humongous regions: 147->147
[2023-11-16T23:49:03.363+0000][gc,metaspace  ] GC(376) Metaspace: 44330K(46848K)->44330K(46848K) NonClass: 39132K(40448K)->39132K(40448K) Class: 5197K(6400K)->5197K(6400K)
[2023-11-16T23:49:03.363+0000][gc            ] GC(376) Pause Young (Normal) (G1 Evacuation Pause) 259M->221M(512M) 15.186ms
[2023-11-16T23:49:03.363+0000][gc,cpu        ] GC(376) User=0.03s Sys=0.00s Real=0.01s
[2023-11-16T23:51:41.705+0000][gc,start      ] GC(377) Pause Young (Normal) (G1 Evacuation Pause)
[2023-11-16T23:51:41.705+0000][gc,task       ] GC(377) Using 2 workers of 2 for evacuation
[2023-11-16T23:51:41.719+0000][gc,phases     ] GC(377)   Pre Evacuate Collection Set: 0.0ms
[2023-11-16T23:51:41.719+0000][gc,phases     ] GC(377)   Evacuate Collection Set: 13.4ms
[2023-11-16T23:51:41.719+0000][gc,phases     ] GC(377)   Post Evacuate Collection Set: 0.3ms
[2023-11-16T23:51:41.719+0000][gc,phases     ] GC(377)   Other: 0.2ms
[2023-11-16T23:51:41.719+0000][gc,heap       ] GC(377) Eden regions: 40->0(41)
[2023-11-16T23:51:41.719+0000][gc,heap       ] GC(377) Survivor regions: 4->4(6)
[2023-11-16T23:51:41.719+0000][gc,heap       ] GC(377) Old regions: 73->74
[2023-11-16T23:51:41.719+0000][gc,heap       ] GC(377) Humongous regions: 147->147
[2023-11-16T23:51:41.719+0000][gc,metaspace  ] GC(377) Metaspace: 44330K(46848K)->44330K(46848K) NonClass: 39132K(40448K)->39132K(40448K) Class: 5197K(6400K)->5197K(6400K)
[2023-11-16T23:51:41.719+0000][gc            ] GC(377) Pause Young (Normal) (G1 Evacuation Pause) 261M->223M(512M) 14.062ms
[2023-11-16T23:51:41.719+0000][gc,cpu        ] GC(377) User=0.03s Sys=0.00s Real=0.02s
[2023-11-16T23:54:24.344+0000][gc,start      ] GC(378) Pause Young (Normal) (G1 Evacuation Pause)
[2023-11-16T23:54:24.344+0000][gc,task       ] GC(378) Using 2 workers of 2 for evacuation
[2023-11-16T23:54:24.362+0000][gc,phases     ] GC(378)   Pre Evacuate Collection Set: 0.0ms
[2023-11-16T23:54:24.362+0000][gc,phases     ] GC(378)   Evacuate Collection Set: 17.3ms
[2023-11-16T23:54:24.362+0000][gc,phases     ] GC(378)   Post Evacuate Collection Set: 0.4ms
[2023-11-16T23:54:24.362+0000][gc,phases     ] GC(378)   Other: 0.3ms
[2023-11-16T23:54:24.362+0000][gc,heap       ] GC(378) Eden regions: 41->0(40)
[2023-11-16T23:54:24.362+0000][gc,heap       ] GC(378) Survivor regions: 4->4(6)
[2023-11-16T23:54:24.362+0000][gc,heap       ] GC(378) Old regions: 74->76
[2023-11-16T23:54:24.362+0000][gc,heap       ] GC(378) Humongous regions: 147->147
[2023-11-16T23:54:24.362+0000][gc,metaspace  ] GC(378) Metaspace: 44330K(46848K)->44330K(46848K) NonClass: 39132K(40448K)->39132K(40448K) Class: 5197K(6400K)->5197K(6400K)
[2023-11-16T23:54:24.362+0000][gc            ] GC(378) Pause Young (Normal) (G1 Evacuation Pause) 264M->225M(512M) 17.959ms
[2023-11-16T23:54:24.362+0000][gc,cpu        ] GC(378) User=0.04s Sys=0.00s Real=0.02s
[2023-11-16T23:57:03.753+0000][gc,start      ] GC(379) Pause Young (Normal) (G1 Evacuation Pause)
[2023-11-16T23:57:03.753+0000][gc,task       ] GC(379) Using 2 workers of 2 for evacuation
[2023-11-16T23:57:03.788+0000][gc,mmu        ] GC(379) MMU target violated: 21.0ms (20.0ms/21.0ms)
[2023-11-16T23:57:03.788+0000][gc,phases     ] GC(379)   Pre Evacuate Collection Set: 0.0ms
[2023-11-16T23:57:03.788+0000][gc,phases     ] GC(379)   Evacuate Collection Set: 33.7ms
[2023-11-16T23:57:03.788+0000][gc,phases     ] GC(379)   Post Evacuate Collection Set: 0.4ms
[2023-11-16T23:57:03.788+0000][gc,phases     ] GC(379)   Other: 0.4ms
[2023-11-16T23:57:03.788+0000][gc,heap       ] GC(379) Eden regions: 40->0(30)
[2023-11-16T23:57:03.788+0000][gc,heap       ] GC(379) Survivor regions: 4->6(6)
[2023-11-16T23:57:03.788+0000][gc,heap       ] GC(379) Old regions: 76->78
[2023-11-16T23:57:03.788+0000][gc,heap       ] GC(379) Humongous regions: 147->147
[2023-11-16T23:57:03.788+0000][gc,metaspace  ] GC(379) Metaspace: 44330K(46848K)->44330K(46848K) NonClass: 39133K(40448K)->39133K(40448K) Class: 5197K(6400K)->5197K(6400K)
[2023-11-16T23:57:03.788+0000][gc            ] GC(379) Pause Young (Normal) (G1 Evacuation Pause) 265M->229M(512M) 34.516ms
[2023-11-16T23:57:03.788+0000][gc,cpu        ] GC(379) User=0.06s Sys=0.01s Real=0.04s
[2023-11-16T23:58:38.041+0000][gc,start      ] GC(380) Pause Young (Normal) (G1 Evacuation Pause)
[2023-11-16T23:58:38.042+0000][gc,task       ] GC(380) Using 2 workers of 2 for evacuation
[2023-11-16T23:58:38.057+0000][gc,phases     ] GC(380)   Pre Evacuate Collection Set: 0.0ms
[2023-11-16T23:58:38.057+0000][gc,phases     ] GC(380)   Evacuate Collection Set: 14.9ms
[2023-11-16T23:58:38.057+0000][gc,phases     ] GC(380)   Post Evacuate Collection Set: 0.3ms
[2023-11-16T23:58:38.057+0000][gc,phases     ] GC(380)   Other: 0.2ms
[2023-11-16T23:58:38.057+0000][gc,heap       ] GC(380) Eden regions: 24->0(26)
[2023-11-16T23:58:38.057+0000][gc,heap       ] GC(380) Survivor regions: 6->3(4)
[2023-11-16T23:58:38.057+0000][gc,heap       ] GC(380) Old regions: 78->81
[2023-11-16T23:58:38.057+0000][gc,heap       ] GC(380) Humongous regions: 147->147
[2023-11-16T23:58:38.057+0000][gc,metaspace  ] GC(380) Metaspace: 44330K(46848K)->44330K(46848K) NonClass: 39133K(40448K)->39133K(40448K) Class: 5197K(6400K)->5197K(6400K)
[2023-11-16T23:58:38.057+0000][gc            ] GC(380) Pause Young (Normal) (G1 Evacuation Pause) 253M->229M(512M) 15.497ms
[2023-11-16T23:58:38.057+0000][gc,cpu        ] GC(380) User=0.03s Sys=0.00s Real=0.02s
[2023-11-17T00:00:20.105+0000][gc,start      ] GC(381) Pause Young (Normal) (G1 Evacuation Pause)
[2023-11-17T00:00:20.105+0000][gc,task       ] GC(381) Using 2 workers of 2 for evacuation
[2023-11-17T00:00:20.115+0000][gc,phases     ] GC(381)   Pre Evacuate Collection Set: 0.0ms
[2023-11-17T00:00:20.115+0000][gc,phases     ] GC(381)   Evacuate Collection Set: 9.7ms
[2023-11-17T00:00:20.115+0000][gc,phases     ] GC(381)   Post Evacuate Collection Set: 0.4ms
[2023-11-17T00:00:20.115+0000][gc,phases     ] GC(381)   Other: 0.2ms
[2023-11-17T00:00:20.115+0000][gc,heap       ] GC(381) Eden regions: 26->0(31)
[2023-11-17T00:00:20.115+0000][gc,heap       ] GC(381) Survivor regions: 3->2(4)
[2023-11-17T00:00:20.115+0000][gc,heap       ] GC(381) Old regions: 81->83
[2023-11-17T00:00:20.115+0000][gc,heap       ] GC(381) Humongous regions: 147->147
[2023-11-17T00:00:20.115+0000][gc,metaspace  ] GC(381) Metaspace: 44330K(46848K)->44330K(46848K) NonClass: 39133K(40448K)->39133K(40448K) Class: 5197K(6400K)->5197K(6400K)
[2023-11-17T00:00:20.115+0000][gc            ] GC(381) Pause Young (Normal) (G1 Evacuation Pause) 255M->229M(512M) 10.383ms
[2023-11-17T00:00:20.115+0000][gc,cpu        ] GC(381) User=0.02s Sys=0.00s Real=0.02s
[2023-11-17T00:02:10.789+0000][gc,start      ] GC(382) Pause Young (Normal) (G1 Evacuation Pause)
[2023-11-17T00:02:10.790+0000][gc,task       ] GC(382) Using 2 workers of 2 for evacuation
[2023-11-17T00:02:10.808+0000][gc,phases     ] GC(382)   Pre Evacuate Collection Set: 0.1ms
[2023-11-17T00:02:10.808+0000][gc,phases     ] GC(382)   Evacuate Collection Set: 18.2ms
[2023-11-17T00:02:10.808+0000][gc,phases     ] GC(382)   Post Evacuate Collection Set: 0.3ms
[2023-11-17T00:02:10.808+0000][gc,phases     ] GC(382)   Other: 1.5ms
[2023-11-17T00:02:10.808+0000][gc,heap       ] GC(382) Eden regions: 28->0(27)
[2023-11-17T00:02:10.809+0000][gc,heap       ] GC(382) Survivor regions: 2->4(4)
[2023-11-17T00:02:10.809+0000][gc,heap       ] GC(382) Old regions: 83->83
[2023-11-17T00:02:10.809+0000][gc,heap       ] GC(382) Humongous regions: 147->147
[2023-11-17T00:02:10.809+0000][gc,metaspace  ] GC(382) Metaspace: 44330K(46848K)->44330K(46848K) NonClass: 39133K(40448K)->39133K(40448K) Class: 5197K(6400K)->5197K(6400K)
[2023-11-17T00:02:10.809+0000][gc            ] GC(382) Pause Young (Normal) (G1 Evacuation Pause) 257M->232M(512M) 19.247ms
[2023-11-17T00:02:10.809+0000][gc,cpu        ] GC(382) User=0.03s Sys=0.00s Real=0.02s
[2023-11-17T00:03:57.480+0000][gc,start      ] GC(383) Pause Young (Normal) (G1 Evacuation Pause)
[2023-11-17T00:03:57.480+0000][gc,task       ] GC(383) Using 2 workers of 2 for evacuation
[2023-11-17T00:03:57.495+0000][gc,phases     ] GC(383)   Pre Evacuate Collection Set: 0.0ms
[2023-11-17T00:03:57.495+0000][gc,phases     ] GC(383)   Evacuate Collection Set: 14.6ms
[2023-11-17T00:03:57.495+0000][gc,phases     ] GC(383)   Post Evacuate Collection Set: 0.3ms
[2023-11-17T00:03:57.495+0000][gc,phases     ] GC(383)   Other: 0.2ms
[2023-11-17T00:03:57.495+0000][gc,heap       ] GC(383) Eden regions: 27->0(29)
[2023-11-17T00:03:57.495+0000][gc,heap       ] GC(383) Survivor regions: 4->3(4)
[2023-11-17T00:03:57.495+0000][gc,heap       ] GC(383) Old regions: 83->85
[2023-11-17T00:03:57.495+0000][gc,heap       ] GC(383) Humongous regions: 147->147
[2023-11-17T00:03:57.495+0000][gc,metaspace  ] GC(383) Metaspace: 44330K(46848K)->44330K(46848K) NonClass: 39133K(40448K)->39133K(40448K) Class: 5197K(6400K)->5197K(6400K)
[2023-11-17T00:03:57.495+0000][gc            ] GC(383) Pause Young (Normal) (G1 Evacuation Pause) 259M->233M(512M) 15.235ms
[2023-11-17T00:03:57.495+0000][gc,cpu        ] GC(383) User=0.03s Sys=0.00s Real=0.02s
[2023-11-17T00:05:09.381+0000][gc,start      ] GC(384) Pause Young (Normal) (G1 Evacuation Pause)
[2023-11-17T00:05:09.381+0000][gc,task       ] GC(384) Using 2 workers of 2 for evacuation
[2023-11-17T00:05:09.416+0000][gc,mmu        ] GC(384) MMU target violated: 21.0ms (20.0ms/21.0ms)
[2023-11-17T00:05:09.416+0000][gc,phases     ] GC(384)   Pre Evacuate Collection Set: 0.0ms
[2023-11-17T00:05:09.416+0000][gc,phases     ] GC(384)   Evacuate Collection Set: 34.5ms
[2023-11-17T00:05:09.416+0000][gc,phases     ] GC(384)   Post Evacuate Collection Set: 0.4ms
[2023-11-17T00:05:09.416+0000][gc,phases     ] GC(384)   Other: 0.3ms
[2023-11-17T00:05:09.416+0000][gc,heap       ] GC(384) Eden regions: 23->0(21)
[2023-11-17T00:05:09.416+0000][gc,heap       ] GC(384) Survivor regions: 3->4(4)
[2023-11-17T00:05:09.416+0000][gc,heap       ] GC(384) Old regions: 85->89
[2023-11-17T00:05:09.416+0000][gc,heap       ] GC(384) Humongous regions: 147->147
[2023-11-17T00:05:09.416+0000][gc,metaspace  ] GC(384) Metaspace: 44331K(46848K)->44331K(46848K) NonClass: 39134K(40448K)->39134K(40448K) Class: 5197K(6400K)->5197K(6400K)
[2023-11-17T00:05:09.416+0000][gc            ] GC(384) Pause Young (Normal) (G1 Evacuation Pause) 256M->238M(512M) 35.217ms
[2023-11-17T00:05:09.416+0000][gc,cpu        ] GC(384) User=0.07s Sys=0.00s Real=0.04s
[2023-11-17T00:06:27.149+0000][gc,start      ] GC(385) Pause Young (Normal) (G1 Evacuation Pause)
[2023-11-17T00:06:27.149+0000][gc,task       ] GC(385) Using 2 workers of 2 for evacuation
[2023-11-17T00:06:27.164+0000][gc,phases     ] GC(385)   Pre Evacuate Collection Set: 0.0ms
[2023-11-17T00:06:27.164+0000][gc,phases     ] GC(385)   Evacuate Collection Set: 14.2ms
[2023-11-17T00:06:27.164+0000][gc,phases     ] GC(385)   Post Evacuate Collection Set: 0.4ms
[2023-11-17T00:06:27.164+0000][gc,phases     ] GC(385)   Other: 0.3ms
[2023-11-17T00:06:27.164+0000][gc,heap       ] GC(385) Eden regions: 21->0(22)
[2023-11-17T00:06:27.164+0000][gc,heap       ] GC(385) Survivor regions: 4->3(4)
[2023-11-17T00:06:27.164+0000][gc,heap       ] GC(385) Old regions: 89->92
[2023-11-17T00:06:27.164+0000][gc,heap       ] GC(385) Humongous regions: 147->147
[2023-11-17T00:06:27.164+0000][gc,metaspace  ] GC(385) Metaspace: 44331K(46848K)->44331K(46848K) NonClass: 39134K(40448K)->39134K(40448K) Class: 5197K(6400K)->5197K(6400K)
[2023-11-17T00:06:27.164+0000][gc            ] GC(385) Pause Young (Normal) (G1 Evacuation Pause) 259M->240M(512M) 14.959ms
[2023-11-17T00:06:27.164+0000][gc,cpu        ] GC(385) User=0.03s Sys=0.00s Real=0.01s
[2023-11-17T00:07:53.914+0000][gc,start      ] GC(386) Pause Young (Normal) (G1 Evacuation Pause)
[2023-11-17T00:07:53.914+0000][gc,task       ] GC(386) Using 2 workers of 2 for evacuation
[2023-11-17T00:07:53.926+0000][gc,phases     ] GC(386)   Pre Evacuate Collection Set: 0.0ms
[2023-11-17T00:07:53.926+0000][gc,phases     ] GC(386)   Evacuate Collection Set: 11.1ms
[2023-11-17T00:07:53.926+0000][gc,phases     ] GC(386)   Post Evacuate Collection Set: 0.5ms
[2023-11-17T00:07:53.926+0000][gc,phases     ] GC(386)   Other: 0.3ms
[2023-11-17T00:07:53.926+0000][gc,heap       ] GC(386) Eden regions: 22->0(22)
[2023-11-17T00:07:53.926+0000][gc,heap       ] GC(386) Survivor regions: 3->3(4)
[2023-11-17T00:07:53.926+0000][gc,heap       ] GC(386) Old regions: 92->95
[2023-11-17T00:07:53.926+0000][gc,heap       ] GC(386) Humongous regions: 147->147
[2023-11-17T00:07:53.926+0000][gc,metaspace  ] GC(386) Metaspace: 44331K(46848K)->44331K(46848K) NonClass: 39134K(40448K)->39134K(40448K) Class: 5197K(6400K)->5197K(6400K)
[2023-11-17T00:07:53.927+0000][gc            ] GC(386) Pause Young (Normal) (G1 Evacuation Pause) 262M->242M(512M) 12.119ms
[2023-11-17T00:07:53.927+0000][gc,cpu        ] GC(386) User=0.02s Sys=0.00s Real=0.01s
[2023-11-17T00:09:20.047+0000][gc,start      ] GC(387) Pause Young (Normal) (G1 Evacuation Pause)
[2023-11-17T00:09:20.047+0000][gc,task       ] GC(387) Using 2 workers of 2 for evacuation
[2023-11-17T00:09:20.059+0000][gc,phases     ] GC(387)   Pre Evacuate Collection Set: 0.0ms
[2023-11-17T00:09:20.059+0000][gc,phases     ] GC(387)   Evacuate Collection Set: 11.8ms
[2023-11-17T00:09:20.059+0000][gc,phases     ] GC(387)   Post Evacuate Collection Set: 0.3ms
[2023-11-17T00:09:20.059+0000][gc,phases     ] GC(387)   Other: 0.2ms
[2023-11-17T00:09:20.059+0000][gc,heap       ] GC(387) Eden regions: 22->0(24)
[2023-11-17T00:09:20.059+0000][gc,heap       ] GC(387) Survivor regions: 3->3(4)
[2023-11-17T00:09:20.059+0000][gc,heap       ] GC(387) Old regions: 95->96
[2023-11-17T00:09:20.059+0000][gc,heap       ] GC(387) Humongous regions: 147->147
[2023-11-17T00:09:20.059+0000][gc,metaspace  ] GC(387) Metaspace: 44331K(46848K)->44331K(46848K) NonClass: 39134K(40448K)->39134K(40448K) Class: 5197K(6400K)->5197K(6400K)
[2023-11-17T00:09:20.059+0000][gc            ] GC(387) Pause Young (Normal) (G1 Evacuation Pause) 264M->243M(512M) 12.362ms
[2023-11-17T00:09:20.059+0000][gc,cpu        ] GC(387) User=0.03s Sys=0.00s Real=0.01s
[2023-11-17T00:10:46.198+0000][gc,start      ] GC(388) Pause Young (Normal) (G1 Evacuation Pause)
[2023-11-17T00:10:46.198+0000][gc,task       ] GC(388) Using 2 workers of 2 for evacuation
[2023-11-17T00:10:46.220+0000][gc,mmu        ] GC(388) MMU target violated: 21.0ms (20.0ms/21.0ms)
[2023-11-17T00:10:46.220+0000][gc,phases     ] GC(388)   Pre Evacuate Collection Set: 0.0ms
[2023-11-17T00:10:46.220+0000][gc,phases     ] GC(388)   Evacuate Collection Set: 19.0ms
[2023-11-17T00:10:46.220+0000][gc,phases     ] GC(388)   Post Evacuate Collection Set: 0.4ms
[2023-11-17T00:10:46.220+0000][gc,phases     ] GC(388)   Other: 2.7ms
[2023-11-17T00:10:46.220+0000][gc,heap       ] GC(388) Eden regions: 22->0(22)
[2023-11-17T00:10:46.220+0000][gc,heap       ] GC(388) Survivor regions: 3->3(4)
[2023-11-17T00:10:46.220+0000][gc,heap       ] GC(388) Old regions: 96->98
[2023-11-17T00:10:46.220+0000][gc,heap       ] GC(388) Humongous regions: 147->147
[2023-11-17T00:10:46.220+0000][gc,metaspace  ] GC(388) Metaspace: 44331K(46848K)->44331K(46848K) NonClass: 39134K(40448K)->39134K(40448K) Class: 5197K(6400K)->5197K(6400K)
[2023-11-17T00:10:46.220+0000][gc            ] GC(388) Pause Young (Normal) (G1 Evacuation Pause) 265M->246M(512M) 22.150ms
[2023-11-17T00:10:46.220+0000][gc,cpu        ] GC(388) User=0.04s Sys=0.01s Real=0.02s
[2023-11-17T00:12:12.350+0000][gc,start      ] GC(389) Pause Young (Normal) (G1 Evacuation Pause)
[2023-11-17T00:12:12.350+0000][gc,task       ] GC(389) Using 2 workers of 2 for evacuation
[2023-11-17T00:12:12.362+0000][gc,phases     ] GC(389)   Pre Evacuate Collection Set: 0.0ms
[2023-11-17T00:12:12.362+0000][gc,phases     ] GC(389)   Evacuate Collection Set: 11.1ms
[2023-11-17T00:12:12.362+0000][gc,phases     ] GC(389)   Post Evacuate Collection Set: 0.3ms
[2023-11-17T00:12:12.362+0000][gc,phases     ] GC(389)   Other: 0.2ms
[2023-11-17T00:12:12.362+0000][gc,heap       ] GC(389) Eden regions: 22->0(25)
[2023-11-17T00:12:12.362+0000][gc,heap       ] GC(389) Survivor regions: 3->3(4)
[2023-11-17T00:12:12.362+0000][gc,heap       ] GC(389) Old regions: 98->99
[2023-11-17T00:12:12.362+0000][gc,heap       ] GC(389) Humongous regions: 147->147
[2023-11-17T00:12:12.362+0000][gc,metaspace  ] GC(389) Metaspace: 44331K(46848K)->44331K(46848K) NonClass: 39134K(40448K)->39134K(40448K) Class: 5197K(6400K)->5197K(6400K)
[2023-11-17T00:12:12.362+0000][gc            ] GC(389) Pause Young (Normal) (G1 Evacuation Pause) 268M->247M(512M) 11.701ms
[2023-11-17T00:12:12.362+0000][gc,cpu        ] GC(389) User=0.02s Sys=0.00s Real=0.01s
[2023-11-17T00:13:43.372+0000][gc,start      ] GC(390) Pause Young (Normal) (G1 Evacuation Pause)
[2023-11-17T00:13:43.372+0000][gc,task       ] GC(390) Using 2 workers of 2 for evacuation
[2023-11-17T00:13:43.396+0000][gc,mmu        ] GC(390) MMU target violated: 21.0ms (20.0ms/21.0ms)
[2023-11-17T00:13:43.396+0000][gc,phases     ] GC(390)   Pre Evacuate Collection Set: 0.0ms
[2023-11-17T00:13:43.396+0000][gc,phases     ] GC(390)   Evacuate Collection Set: 23.3ms
[2023-11-17T00:13:43.396+0000][gc,phases     ] GC(390)   Post Evacuate Collection Set: 0.3ms
[2023-11-17T00:13:43.396+0000][gc,phases     ] GC(390)   Other: 0.3ms
[2023-11-17T00:13:43.396+0000][gc,heap       ] GC(390) Eden regions: 23->0(22)
[2023-11-17T00:13:43.396+0000][gc,heap       ] GC(390) Survivor regions: 3->3(4)
[2023-11-17T00:13:43.396+0000][gc,heap       ] GC(390) Old regions: 99->102
[2023-11-17T00:13:43.396+0000][gc,heap       ] GC(390) Humongous regions: 147->147
[2023-11-17T00:13:43.396+0000][gc,metaspace  ] GC(390) Metaspace: 44331K(46848K)->44331K(46848K) NonClass: 39134K(40448K)->39134K(40448K) Class: 5197K(6400K)->5197K(6400K)
[2023-11-17T00:13:43.396+0000][gc            ] GC(390) Pause Young (Normal) (G1 Evacuation Pause) 270M->249M(512M) 24.165ms
[2023-11-17T00:13:43.396+0000][gc,cpu        ] GC(390) User=0.04s Sys=0.01s Real=0.03s
[2023-11-17T00:15:09.007+0000][gc,start      ] GC(391) Pause Young (Normal) (G1 Evacuation Pause)
[2023-11-17T00:15:09.007+0000][gc,task       ] GC(391) Using 2 workers of 2 for evacuation
[2023-11-17T00:15:09.025+0000][gc,phases     ] GC(391)   Pre Evacuate Collection Set: 0.0ms
[2023-11-17T00:15:09.025+0000][gc,phases     ] GC(391)   Evacuate Collection Set: 16.6ms
[2023-11-17T00:15:09.025+0000][gc,phases     ] GC(391)   Post Evacuate Collection Set: 1.4ms
[2023-11-17T00:15:09.025+0000][gc,phases     ] GC(391)   Other: 0.2ms
[2023-11-17T00:15:09.025+0000][gc,heap       ] GC(391) Eden regions: 22->0(23)
[2023-11-17T00:15:09.025+0000][gc,heap       ] GC(391) Survivor regions: 3->3(4)
[2023-11-17T00:15:09.025+0000][gc,heap       ] GC(391) Old regions: 102->103
[2023-11-17T00:15:09.025+0000][gc,heap       ] GC(391) Humongous regions: 147->147
[2023-11-17T00:15:09.025+0000][gc,metaspace  ] GC(391) Metaspace: 44331K(46848K)->44331K(46848K) NonClass: 39134K(40448K)->39134K(40448K) Class: 5197K(6400K)->5197K(6400K)
[2023-11-17T00:15:09.025+0000][gc            ] GC(391) Pause Young (Normal) (G1 Evacuation Pause) 271M->250M(512M) 18.284ms
[2023-11-17T00:15:09.025+0000][gc,cpu        ] GC(391) User=0.03s Sys=0.00s Real=0.01s
[2023-11-17T00:16:34.802+0000][gc,start      ] GC(392) Pause Young (Normal) (G1 Evacuation Pause)
[2023-11-17T00:16:34.802+0000][gc,task       ] GC(392) Using 2 workers of 2 for evacuation
[2023-11-17T00:16:34.818+0000][gc,phases     ] GC(392)   Pre Evacuate Collection Set: 0.0ms
[2023-11-17T00:16:34.818+0000][gc,phases     ] GC(392)   Evacuate Collection Set: 14.9ms
[2023-11-17T00:16:34.818+0000][gc,phases     ] GC(392)   Post Evacuate Collection Set: 0.4ms
[2023-11-17T00:16:34.818+0000][gc,phases     ] GC(392)   Other: 0.2ms
[2023-11-17T00:16:34.818+0000][gc,heap       ] GC(392) Eden regions: 22->0(24)
[2023-11-17T00:16:34.818+0000][gc,heap       ] GC(392) Survivor regions: 3->3(4)
[2023-11-17T00:16:34.818+0000][gc,heap       ] GC(392) Old regions: 103->105
[2023-11-17T00:16:34.818+0000][gc,heap       ] GC(392) Humongous regions: 147->147
[2023-11-17T00:16:34.818+0000][gc,metaspace  ] GC(392) Metaspace: 44332K(46848K)->44332K(46848K) NonClass: 39134K(40448K)->39134K(40448K) Class: 5197K(6400K)->5197K(6400K)
[2023-11-17T00:16:34.818+0000][gc            ] GC(392) Pause Young (Normal) (G1 Evacuation Pause) 272M->253M(512M) 15.604ms
[2023-11-17T00:16:34.818+0000][gc,cpu        ] GC(392) User=0.02s Sys=0.01s Real=0.02s
[2023-11-17T00:18:00.982+0000][gc,start      ] GC(393) Pause Young (Normal) (G1 Evacuation Pause)
[2023-11-17T00:18:00.982+0000][gc,task       ] GC(393) Using 2 workers of 2 for evacuation
[2023-11-17T00:18:01.007+0000][gc,mmu        ] GC(393) MMU target violated: 21.0ms (20.0ms/21.0ms)
[2023-11-17T00:18:01.007+0000][gc,phases     ] GC(393)   Pre Evacuate Collection Set: 0.1ms
[2023-11-17T00:18:01.007+0000][gc,phases     ] GC(393)   Evacuate Collection Set: 24.9ms
[2023-11-17T00:18:01.007+0000][gc,phases     ] GC(393)   Post Evacuate Collection Set: 0.3ms
[2023-11-17T00:18:01.007+0000][gc,phases     ] GC(393)   Other: 0.3ms
[2023-11-17T00:18:01.007+0000][gc,heap       ] GC(393) Eden regions: 22->0(22)
[2023-11-17T00:18:01.007+0000][gc,heap       ] GC(393) Survivor regions: 3->3(4)
[2023-11-17T00:18:01.007+0000][gc,heap       ] GC(393) Old regions: 105->106
[2023-11-17T00:18:01.007+0000][gc,heap       ] GC(393) Humongous regions: 147->147
[2023-11-17T00:18:01.007+0000][gc,metaspace  ] GC(393) Metaspace: 44332K(46848K)->44332K(46848K) NonClass: 39134K(40448K)->39134K(40448K) Class: 5197K(6400K)->5197K(6400K)
[2023-11-17T00:18:01.007+0000][gc            ] GC(393) Pause Young (Normal) (G1 Evacuation Pause) 275M->254M(512M) 25.599ms
[2023-11-17T00:18:01.007+0000][gc,cpu        ] GC(393) User=0.04s Sys=0.00s Real=0.03s
[2023-11-17T00:19:26.103+0000][gc,start      ] GC(394) Pause Young (Normal) (G1 Evacuation Pause)
[2023-11-17T00:19:26.103+0000][gc,task       ] GC(394) Using 2 workers of 2 for evacuation
[2023-11-17T00:19:26.114+0000][gc,phases     ] GC(394)   Pre Evacuate Collection Set: 0.0ms
[2023-11-17T00:19:26.114+0000][gc,phases     ] GC(394)   Evacuate Collection Set: 10.1ms
[2023-11-17T00:19:26.114+0000][gc,phases     ] GC(394)   Post Evacuate Collection Set: 0.9ms
[2023-11-17T00:19:26.114+0000][gc,phases     ] GC(394)   Other: 0.2ms
[2023-11-17T00:19:26.114+0000][gc,heap       ] GC(394) Eden regions: 22->0(24)
[2023-11-17T00:19:26.114+0000][gc,heap       ] GC(394) Survivor regions: 3->2(4)
[2023-11-17T00:19:26.114+0000][gc,heap       ] GC(394) Old regions: 106->107
[2023-11-17T00:19:26.114+0000][gc,heap       ] GC(394) Humongous regions: 147->147
[2023-11-17T00:19:26.114+0000][gc,metaspace  ] GC(394) Metaspace: 44332K(46848K)->44332K(46848K) NonClass: 39134K(40448K)->39134K(40448K) Class: 5197K(6400K)->5197K(6400K)
[2023-11-17T00:19:26.114+0000][gc            ] GC(394) Pause Young (Normal) (G1 Evacuation Pause) 276M->253M(512M) 11.365ms
[2023-11-17T00:19:26.114+0000][gc,cpu        ] GC(394) User=0.03s Sys=0.00s Real=0.02s
[2023-11-17T00:21:01.087+0000][gc,start      ] GC(395) Pause Young (Normal) (G1 Evacuation Pause)
[2023-11-17T00:21:01.087+0000][gc,task       ] GC(395) Using 2 workers of 2 for evacuation
[2023-11-17T00:21:01.100+0000][gc,phases     ] GC(395)   Pre Evacuate Collection Set: 0.0ms
[2023-11-17T00:21:01.100+0000][gc,phases     ] GC(395)   Evacuate Collection Set: 12.4ms
[2023-11-17T00:21:01.100+0000][gc,phases     ] GC(395)   Post Evacuate Collection Set: 0.3ms
[2023-11-17T00:21:01.100+0000][gc,phases     ] GC(395)   Other: 0.3ms
[2023-11-17T00:21:01.100+0000][gc,heap       ] GC(395) Eden regions: 24->0(25)
[2023-11-17T00:21:01.100+0000][gc,heap       ] GC(395) Survivor regions: 2->4(4)
[2023-11-17T00:21:01.100+0000][gc,heap       ] GC(395) Old regions: 107->107
[2023-11-17T00:21:01.100+0000][gc,heap       ] GC(395) Humongous regions: 147->147
[2023-11-17T00:21:01.100+0000][gc,metaspace  ] GC(395) Metaspace: 44333K(46848K)->44333K(46848K) NonClass: 39135K(40448K)->39135K(40448K) Class: 5197K(6400K)->5197K(6400K)
[2023-11-17T00:21:01.100+0000][gc            ] GC(395) Pause Young (Normal) (G1 Evacuation Pause) 277M->256M(512M) 13.127ms
[2023-11-17T00:21:01.100+0000][gc,cpu        ] GC(395) User=0.03s Sys=0.00s Real=0.01s
[2023-11-17T00:22:39.420+0000][gc,start      ] GC(396) Pause Young (Normal) (G1 Evacuation Pause)
[2023-11-17T00:22:39.420+0000][gc,task       ] GC(396) Using 2 workers of 2 for evacuation
[2023-11-17T00:22:39.431+0000][gc,phases     ] GC(396)   Pre Evacuate Collection Set: 0.0ms
[2023-11-17T00:22:39.431+0000][gc,phases     ] GC(396)   Evacuate Collection Set: 10.9ms
[2023-11-17T00:22:39.431+0000][gc,phases     ] GC(396)   Post Evacuate Collection Set: 0.3ms
[2023-11-17T00:22:39.431+0000][gc,phases     ] GC(396)   Other: 0.2ms
[2023-11-17T00:22:39.431+0000][gc,heap       ] GC(396) Eden regions: 25->0(28)
[2023-11-17T00:22:39.431+0000][gc,heap       ] GC(396) Survivor regions: 4->2(4)
[2023-11-17T00:22:39.431+0000][gc,heap       ] GC(396) Old regions: 107->109
[2023-11-17T00:22:39.431+0000][gc,heap       ] GC(396) Humongous regions: 147->147
[2023-11-17T00:22:39.431+0000][gc,metaspace  ] GC(396) Metaspace: 44333K(46848K)->44333K(46848K) NonClass: 39135K(40448K)->39135K(40448K) Class: 5197K(6400K)->5197K(6400K)
[2023-11-17T00:22:39.431+0000][gc            ] GC(396) Pause Young (Normal) (G1 Evacuation Pause) 281M->256M(512M) 11.467ms
[2023-11-17T00:22:39.431+0000][gc,cpu        ] GC(396) User=0.02s Sys=0.00s Real=0.01s
[2023-11-17T00:24:29.607+0000][gc,start      ] GC(397) Pause Young (Normal) (G1 Evacuation Pause)
[2023-11-17T00:24:29.607+0000][gc,task       ] GC(397) Using 2 workers of 2 for evacuation
[2023-11-17T00:24:29.621+0000][gc,phases     ] GC(397)   Pre Evacuate Collection Set: 0.0ms
[2023-11-17T00:24:29.621+0000][gc,phases     ] GC(397)   Evacuate Collection Set: 13.7ms
[2023-11-17T00:24:29.621+0000][gc,phases     ] GC(397)   Post Evacuate Collection Set: 0.5ms
[2023-11-17T00:24:29.621+0000][gc,phases     ] GC(397)   Other: 0.2ms
[2023-11-17T00:24:29.621+0000][gc,heap       ] GC(397) Eden regions: 28->0(28)
[2023-11-17T00:24:29.621+0000][gc,heap       ] GC(397) Survivor regions: 2->4(4)
[2023-11-17T00:24:29.621+0000][gc,heap       ] GC(397) Old regions: 109->110
[2023-11-17T00:24:29.621+0000][gc,heap       ] GC(397) Humongous regions: 147->147
[2023-11-17T00:24:29.621+0000][gc,metaspace  ] GC(397) Metaspace: 44333K(46848K)->44333K(46848K) NonClass: 39135K(40448K)->39135K(40448K) Class: 5197K(6400K)->5197K(6400K)
[2023-11-17T00:24:29.621+0000][gc            ] GC(397) Pause Young (Normal) (G1 Evacuation Pause) 284M->259M(512M) 14.532ms
[2023-11-17T00:24:29.621+0000][gc,cpu        ] GC(397) User=0.03s Sys=0.00s Real=0.01s
[2023-11-17T00:26:19.464+0000][gc,start      ] GC(398) Pause Young (Normal) (G1 Evacuation Pause)
[2023-11-17T00:26:19.464+0000][gc,task       ] GC(398) Using 2 workers of 2 for evacuation
[2023-11-17T00:26:19.477+0000][gc,phases     ] GC(398)   Pre Evacuate Collection Set: 0.0ms
[2023-11-17T00:26:19.477+0000][gc,phases     ] GC(398)   Evacuate Collection Set: 13.2ms
[2023-11-17T00:26:19.477+0000][gc,phases     ] GC(398)   Post Evacuate Collection Set: 0.3ms
[2023-11-17T00:26:19.477+0000][gc,phases     ] GC(398)   Other: 0.2ms
[2023-11-17T00:26:19.477+0000][gc,heap       ] GC(398) Eden regions: 28->0(29)
[2023-11-17T00:26:19.477+0000][gc,heap       ] GC(398) Survivor regions: 4->3(4)
[2023-11-17T00:26:19.477+0000][gc,heap       ] GC(398) Old regions: 110->112
[2023-11-17T00:26:19.477+0000][gc,heap       ] GC(398) Humongous regions: 147->147
[2023-11-17T00:26:19.477+0000][gc,metaspace  ] GC(398) Metaspace: 44333K(46848K)->44333K(46848K) NonClass: 39135K(40448K)->39135K(40448K) Class: 5197K(6400K)->5197K(6400K)
[2023-11-17T00:26:19.477+0000][gc            ] GC(398) Pause Young (Normal) (G1 Evacuation Pause) 287M->260M(512M) 13.919ms
[2023-11-17T00:26:19.478+0000][gc,cpu        ] GC(398) User=0.02s Sys=0.01s Real=0.02s
[2023-11-17T00:28:13.498+0000][gc,start      ] GC(399) Pause Young (Normal) (G1 Evacuation Pause)
[2023-11-17T00:28:13.498+0000][gc,task       ] GC(399) Using 2 workers of 2 for evacuation
[2023-11-17T00:28:13.510+0000][gc,phases     ] GC(399)   Pre Evacuate Collection Set: 0.0ms
[2023-11-17T00:28:13.510+0000][gc,phases     ] GC(399)   Evacuate Collection Set: 11.1ms
[2023-11-17T00:28:13.510+0000][gc,phases     ] GC(399)   Post Evacuate Collection Set: 0.5ms
[2023-11-17T00:28:13.510+0000][gc,phases     ] GC(399)   Other: 0.2ms
[2023-11-17T00:28:13.510+0000][gc,heap       ] GC(399) Eden regions: 29->0(32)
[2023-11-17T00:28:13.510+0000][gc,heap       ] GC(399) Survivor regions: 3->3(4)
[2023-11-17T00:28:13.510+0000][gc,heap       ] GC(399) Old regions: 112->113
[2023-11-17T00:28:13.510+0000][gc,heap       ] GC(399) Humongous regions: 147->147
[2023-11-17T00:28:13.510+0000][gc,metaspace  ] GC(399) Metaspace: 44333K(46848K)->44333K(46848K) NonClass: 39135K(40448K)->39135K(40448K) Class: 5197K(6400K)->5197K(6400K)
[2023-11-17T00:28:13.510+0000][gc            ] GC(399) Pause Young (Normal) (G1 Evacuation Pause) 289M->260M(512M) 11.953ms
[2023-11-17T00:28:13.510+0000][gc,cpu        ] GC(399) User=0.02s Sys=0.00s Real=0.01s
[2023-11-17T00:30:20.332+0000][gc,start      ] GC(400) Pause Young (Normal) (G1 Evacuation Pause)
[2023-11-17T00:30:20.332+0000][gc,task       ] GC(400) Using 2 workers of 2 for evacuation
[2023-11-17T00:30:20.349+0000][gc,phases     ] GC(400)   Pre Evacuate Collection Set: 0.0ms
[2023-11-17T00:30:20.349+0000][gc,phases     ] GC(400)   Evacuate Collection Set: 16.7ms
[2023-11-17T00:30:20.349+0000][gc,phases     ] GC(400)   Post Evacuate Collection Set: 0.3ms
[2023-11-17T00:30:20.349+0000][gc,phases     ] GC(400)   Other: 0.2ms
[2023-11-17T00:30:20.349+0000][gc,heap       ] GC(400) Eden regions: 32->0(31)
[2023-11-17T00:30:20.349+0000][gc,heap       ] GC(400) Survivor regions: 3->5(5)
[2023-11-17T00:30:20.349+0000][gc,heap       ] GC(400) Old regions: 113->114
[2023-11-17T00:30:20.349+0000][gc,heap       ] GC(400) Humongous regions: 147->147
[2023-11-17T00:30:20.349+0000][gc,metaspace  ] GC(400) Metaspace: 44334K(46848K)->44334K(46848K) NonClass: 39136K(40448K)->39136K(40448K) Class: 5197K(6400K)->5197K(6400K)
[2023-11-17T00:30:20.349+0000][gc            ] GC(400) Pause Young (Normal) (G1 Evacuation Pause) 292M->264M(512M) 17.396ms
[2023-11-17T00:30:20.349+0000][gc,cpu        ] GC(400) User=0.04s Sys=0.00s Real=0.02s
[2023-11-17T00:32:22.921+0000][gc,start      ] GC(401) Pause Young (Normal) (G1 Evacuation Pause)
[2023-11-17T00:32:22.921+0000][gc,task       ] GC(401) Using 2 workers of 2 for evacuation
[2023-11-17T00:32:22.936+0000][gc,phases     ] GC(401)   Pre Evacuate Collection Set: 0.0ms
[2023-11-17T00:32:22.936+0000][gc,phases     ] GC(401)   Evacuate Collection Set: 13.9ms
[2023-11-17T00:32:22.936+0000][gc,phases     ] GC(401)   Post Evacuate Collection Set: 0.3ms
[2023-11-17T00:32:22.936+0000][gc,phases     ] GC(401)   Other: 0.2ms
[2023-11-17T00:32:22.936+0000][gc,heap       ] GC(401) Eden regions: 31->0(33)
[2023-11-17T00:32:22.936+0000][gc,heap       ] GC(401) Survivor regions: 5->4(5)
[2023-11-17T00:32:22.936+0000][gc,heap       ] GC(401) Old regions: 114->116
[2023-11-17T00:32:22.936+0000][gc,heap       ] GC(401) Humongous regions: 147->147
[2023-11-17T00:32:22.936+0000][gc,metaspace  ] GC(401) Metaspace: 44334K(46848K)->44334K(46848K) NonClass: 39136K(40448K)->39136K(40448K) Class: 5197K(6400K)->5197K(6400K)
[2023-11-17T00:32:22.936+0000][gc            ] GC(401) Pause Young (Normal) (G1 Evacuation Pause) 295M->265M(512M) 14.556ms
[2023-11-17T00:32:22.936+0000][gc,cpu        ] GC(401) User=0.03s Sys=0.00s Real=0.02s
[2023-11-17T00:34:32.979+0000][gc,start      ] GC(402) Pause Young (Normal) (G1 Evacuation Pause)
[2023-11-17T00:34:32.979+0000][gc,task       ] GC(402) Using 2 workers of 2 for evacuation
[2023-11-17T00:34:32.995+0000][gc,phases     ] GC(402)   Pre Evacuate Collection Set: 0.0ms
[2023-11-17T00:34:32.995+0000][gc,phases     ] GC(402)   Evacuate Collection Set: 15.0ms
[2023-11-17T00:34:32.995+0000][gc,phases     ] GC(402)   Post Evacuate Collection Set: 0.4ms
[2023-11-17T00:34:32.995+0000][gc,phases     ] GC(402)   Other: 0.2ms
[2023-11-17T00:34:32.995+0000][gc,heap       ] GC(402) Eden regions: 33->0(34)
[2023-11-17T00:34:32.995+0000][gc,heap       ] GC(402) Survivor regions: 4->3(5)
[2023-11-17T00:34:32.995+0000][gc,heap       ] GC(402) Old regions: 116->118
[2023-11-17T00:34:32.995+0000][gc,heap       ] GC(402) Humongous regions: 147->147
[2023-11-17T00:34:32.995+0000][gc,metaspace  ] GC(402) Metaspace: 44335K(46848K)->44335K(46848K) NonClass: 39137K(40448K)->39137K(40448K) Class: 5197K(6400K)->5197K(6400K)
[2023-11-17T00:34:32.995+0000][gc            ] GC(402) Pause Young (Normal) (G1 Evacuation Pause) 298M->265M(512M) 15.789ms
[2023-11-17T00:34:32.995+0000][gc,cpu        ] GC(402) User=0.03s Sys=0.00s Real=0.02s
[2023-11-17T00:36:39.371+0000][gc,start      ] GC(403) Pause Young (Normal) (G1 Evacuation Pause)
[2023-11-17T00:36:39.371+0000][gc,task       ] GC(403) Using 2 workers of 2 for evacuation
[2023-11-17T00:36:39.386+0000][gc,phases     ] GC(403)   Pre Evacuate Collection Set: 0.0ms
[2023-11-17T00:36:39.386+0000][gc,phases     ] GC(403)   Evacuate Collection Set: 14.0ms
[2023-11-17T00:36:39.386+0000][gc,phases     ] GC(403)   Post Evacuate Collection Set: 0.4ms
[2023-11-17T00:36:39.386+0000][gc,phases     ] GC(403)   Other: 0.2ms
[2023-11-17T00:36:39.386+0000][gc,heap       ] GC(403) Eden regions: 32->0(37)
[2023-11-17T00:36:39.386+0000][gc,heap       ] GC(403) Survivor regions: 3->3(5)
[2023-11-17T00:36:39.386+0000][gc,heap       ] GC(403) Old regions: 118->119
[2023-11-17T00:36:39.386+0000][gc,heap       ] GC(403) Humongous regions: 147->147
[2023-11-17T00:36:39.386+0000][gc,metaspace  ] GC(403) Metaspace: 44335K(46848K)->44335K(46848K) NonClass: 39137K(40448K)->39137K(40448K) Class: 5197K(6400K)->5197K(6400K)
[2023-11-17T00:36:39.386+0000][gc            ] GC(403) Pause Young (Normal) (G1 Evacuation Pause) 297M->266M(512M) 14.658ms
[2023-11-17T00:36:39.386+0000][gc,cpu        ] GC(403) User=0.02s Sys=0.00s Real=0.02s
[2023-11-17T00:39:06.138+0000][gc,start      ] GC(404) Pause Young (Normal) (G1 Evacuation Pause)
[2023-11-17T00:39:06.138+0000][gc,task       ] GC(404) Using 2 workers of 2 for evacuation
[2023-11-17T00:39:06.150+0000][gc,phases     ] GC(404)   Pre Evacuate Collection Set: 0.0ms
[2023-11-17T00:39:06.150+0000][gc,phases     ] GC(404)   Evacuate Collection Set: 11.1ms
[2023-11-17T00:39:06.150+0000][gc,phases     ] GC(404)   Post Evacuate Collection Set: 0.3ms
[2023-11-17T00:39:06.150+0000][gc,phases     ] GC(404)   Other: 0.2ms
[2023-11-17T00:39:06.150+0000][gc,heap       ] GC(404) Eden regions: 37->0(41)
[2023-11-17T00:39:06.150+0000][gc,heap       ] GC(404) Survivor regions: 3->4(5)
[2023-11-17T00:39:06.150+0000][gc,heap       ] GC(404) Old regions: 119->119
[2023-11-17T00:39:06.150+0000][gc,heap       ] GC(404) Humongous regions: 147->147
[2023-11-17T00:39:06.150+0000][gc,metaspace  ] GC(404) Metaspace: 44343K(46848K)->44343K(46848K) NonClass: 39145K(40448K)->39145K(40448K) Class: 5197K(6400K)->5197K(6400K)
[2023-11-17T00:39:06.150+0000][gc            ] GC(404) Pause Young (Normal) (G1 Evacuation Pause) 303M->267M(512M) 11.693ms
[2023-11-17T00:39:06.150+0000][gc,cpu        ] GC(404) User=0.02s Sys=0.00s Real=0.01s
[2023-11-17T00:41:48.893+0000][gc,start      ] GC(405) Pause Young (Normal) (G1 Evacuation Pause)
[2023-11-17T00:41:48.893+0000][gc,task       ] GC(405) Using 2 workers of 2 for evacuation
[2023-11-17T00:41:48.909+0000][gc,phases     ] GC(405)   Pre Evacuate Collection Set: 0.0ms
[2023-11-17T00:41:48.909+0000][gc,phases     ] GC(405)   Evacuate Collection Set: 14.9ms
[2023-11-17T00:41:48.909+0000][gc,phases     ] GC(405)   Post Evacuate Collection Set: 0.4ms
[2023-11-17T00:41:48.909+0000][gc,phases     ] GC(405)   Other: 0.2ms
[2023-11-17T00:41:48.909+0000][gc,heap       ] GC(405) Eden regions: 41->0(43)
[2023-11-17T00:41:48.909+0000][gc,heap       ] GC(405) Survivor regions: 4->4(6)
[2023-11-17T00:41:48.909+0000][gc,heap       ] GC(405) Old regions: 119->121
[2023-11-17T00:41:48.909+0000][gc,heap       ] GC(405) Humongous regions: 147->147
[2023-11-17T00:41:48.909+0000][gc,metaspace  ] GC(405) Metaspace: 44343K(46848K)->44343K(46848K) NonClass: 39145K(40448K)->39145K(40448K) Class: 5197K(6400K)->5197K(6400K)
[2023-11-17T00:41:48.909+0000][gc            ] GC(405) Pause Young (Normal) (G1 Evacuation Pause) 308M->269M(512M) 15.593ms
[2023-11-17T00:41:48.909+0000][gc,cpu        ] GC(405) User=0.02s Sys=0.01s Real=0.02s
[2023-11-17T00:44:39.488+0000][gc,start      ] GC(406) Pause Young (Normal) (G1 Evacuation Pause)
[2023-11-17T00:44:39.488+0000][gc,task       ] GC(406) Using 2 workers of 2 for evacuation
[2023-11-17T00:44:39.515+0000][gc,mmu        ] GC(406) MMU target violated: 21.0ms (20.0ms/21.0ms)
[2023-11-17T00:44:39.515+0000][gc,phases     ] GC(406)   Pre Evacuate Collection Set: 0.0ms
[2023-11-17T00:44:39.515+0000][gc,phases     ] GC(406)   Evacuate Collection Set: 23.7ms
[2023-11-17T00:44:39.515+0000][gc,phases     ] GC(406)   Post Evacuate Collection Set: 2.7ms
[2023-11-17T00:44:39.515+0000][gc,phases     ] GC(406)   Other: 0.4ms
[2023-11-17T00:44:39.515+0000][gc,heap       ] GC(406) Eden regions: 43->0(34)
[2023-11-17T00:44:39.515+0000][gc,heap       ] GC(406) Survivor regions: 4->4(6)
[2023-11-17T00:44:39.515+0000][gc,heap       ] GC(406) Old regions: 121->122
[2023-11-17T00:44:39.515+0000][gc,heap       ] GC(406) Humongous regions: 147->147
[2023-11-17T00:44:39.515+0000][gc,metaspace  ] GC(406) Metaspace: 44343K(46848K)->44343K(46848K) NonClass: 39145K(40448K)->39145K(40448K) Class: 5197K(6400K)->5197K(6400K)
[2023-11-17T00:44:39.515+0000][gc            ] GC(406) Pause Young (Normal) (G1 Evacuation Pause) 312M->271M(512M) 26.864ms
[2023-11-17T00:44:39.515+0000][gc,cpu        ] GC(406) User=0.05s Sys=0.00s Real=0.03s
[2023-11-17T00:46:54.423+0000][gc,start      ] GC(407) Pause Young (Normal) (G1 Evacuation Pause)
[2023-11-17T00:46:54.423+0000][gc,task       ] GC(407) Using 2 workers of 2 for evacuation
[2023-11-17T00:46:54.442+0000][gc,phases     ] GC(407)   Pre Evacuate Collection Set: 0.0ms
[2023-11-17T00:46:54.442+0000][gc,phases     ] GC(407)   Evacuate Collection Set: 18.2ms
[2023-11-17T00:46:54.442+0000][gc,phases     ] GC(407)   Post Evacuate Collection Set: 0.4ms
[2023-11-17T00:46:54.442+0000][gc,phases     ] GC(407)   Other: 0.3ms
[2023-11-17T00:46:54.442+0000][gc,heap       ] GC(407) Eden regions: 34->0(33)
[2023-11-17T00:46:54.442+0000][gc,heap       ] GC(407) Survivor regions: 4->5(5)
[2023-11-17T00:46:54.442+0000][gc,heap       ] GC(407) Old regions: 122->125
[2023-11-17T00:46:54.442+0000][gc,heap       ] GC(407) Humongous regions: 147->147
[2023-11-17T00:46:54.442+0000][gc,metaspace  ] GC(407) Metaspace: 44346K(46848K)->44346K(46848K) NonClass: 39148K(40448K)->39148K(40448K) Class: 5197K(6400K)->5197K(6400K)
[2023-11-17T00:46:54.442+0000][gc            ] GC(407) Pause Young (Normal) (G1 Evacuation Pause) 305M->275M(512M) 18.991ms
[2023-11-17T00:46:54.442+0000][gc,cpu        ] GC(407) User=0.04s Sys=0.00s Real=0.02s
[2023-11-17T00:49:05.313+0000][gc,start      ] GC(408) Pause Young (Normal) (G1 Evacuation Pause)
[2023-11-17T00:49:05.313+0000][gc,task       ] GC(408) Using 2 workers of 2 for evacuation
[2023-11-17T00:49:05.329+0000][gc,phases     ] GC(408)   Pre Evacuate Collection Set: 0.0ms
[2023-11-17T00:49:05.330+0000][gc,phases     ] GC(408)   Evacuate Collection Set: 15.6ms
[2023-11-17T00:49:05.330+0000][gc,phases     ] GC(408)   Post Evacuate Collection Set: 0.3ms
[2023-11-17T00:49:05.330+0000][gc,phases     ] GC(408)   Other: 0.2ms
[2023-11-17T00:49:05.330+0000][gc,heap       ] GC(408) Eden regions: 33->0(33)
[2023-11-17T00:49:05.330+0000][gc,heap       ] GC(408) Survivor regions: 5->4(5)
[2023-11-17T00:49:05.330+0000][gc,heap       ] GC(408) Old regions: 125->127
[2023-11-17T00:49:05.330+0000][gc,heap       ] GC(408) Humongous regions: 147->147
[2023-11-17T00:49:05.330+0000][gc,metaspace  ] GC(408) Metaspace: 44346K(46848K)->44346K(46848K) NonClass: 39148K(40448K)->39148K(40448K) Class: 5197K(6400K)->5197K(6400K)
[2023-11-17T00:49:05.330+0000][gc            ] GC(408) Pause Young (Normal) (G1 Evacuation Pause) 308M->276M(512M) 16.385ms
[2023-11-17T00:49:05.330+0000][gc,cpu        ] GC(408) User=0.03s Sys=0.00s Real=0.02s
[2023-11-17T00:51:11.320+0000][gc,start      ] GC(409) Pause Young (Normal) (G1 Evacuation Pause)
[2023-11-17T00:51:11.320+0000][gc,task       ] GC(409) Using 2 workers of 2 for evacuation
[2023-11-17T00:51:11.334+0000][gc,phases     ] GC(409)   Pre Evacuate Collection Set: 0.0ms
[2023-11-17T00:51:11.334+0000][gc,phases     ] GC(409)   Evacuate Collection Set: 14.0ms
[2023-11-17T00:51:11.334+0000][gc,phases     ] GC(409)   Post Evacuate Collection Set: 0.4ms
[2023-11-17T00:51:11.334+0000][gc,phases     ] GC(409)   Other: 0.2ms
[2023-11-17T00:51:11.334+0000][gc,heap       ] GC(409) Eden regions: 32->0(34)
[2023-11-17T00:51:11.334+0000][gc,heap       ] GC(409) Survivor regions: 4->3(5)
[2023-11-17T00:51:11.334+0000][gc,heap       ] GC(409) Old regions: 127->129
[2023-11-17T00:51:11.334+0000][gc,heap       ] GC(409) Humongous regions: 147->147
[2023-11-17T00:51:11.334+0000][gc,metaspace  ] GC(409) Metaspace: 44347K(46848K)->44347K(46848K) NonClass: 39149K(40448K)->39149K(40448K) Class: 5197K(6400K)->5197K(6400K)
[2023-11-17T00:51:11.334+0000][gc            ] GC(409) Pause Young (Normal) (G1 Evacuation Pause) 308M->277M(512M) 14.730ms
[2023-11-17T00:51:11.335+0000][gc,cpu        ] GC(409) User=0.02s Sys=0.00s Real=0.02s
[2023-11-17T00:53:18.348+0000][gc,start      ] GC(410) Pause Young (Normal) (G1 Evacuation Pause)
[2023-11-17T00:53:18.348+0000][gc,task       ] GC(410) Using 2 workers of 2 for evacuation
[2023-11-17T00:53:18.359+0000][gc,phases     ] GC(410)   Pre Evacuate Collection Set: 0.0ms
[2023-11-17T00:53:18.359+0000][gc,phases     ] GC(410)   Evacuate Collection Set: 10.6ms
[2023-11-17T00:53:18.359+0000][gc,phases     ] GC(410)   Post Evacuate Collection Set: 0.4ms
[2023-11-17T00:53:18.359+0000][gc,phases     ] GC(410)   Other: 0.2ms
[2023-11-17T00:53:18.359+0000][gc,heap       ] GC(410) Eden regions: 32->0(37)
[2023-11-17T00:53:18.359+0000][gc,heap       ] GC(410) Survivor regions: 3->3(5)
[2023-11-17T00:53:18.359+0000][gc,heap       ] GC(410) Old regions: 129->130
[2023-11-17T00:53:18.359+0000][gc,heap       ] GC(410) Humongous regions: 147->147
[2023-11-17T00:53:18.359+0000][gc,metaspace  ] GC(410) Metaspace: 44347K(46848K)->44347K(46848K) NonClass: 39149K(40448K)->39149K(40448K) Class: 5197K(6400K)->5197K(6400K)
[2023-11-17T00:53:18.359+0000][gc            ] GC(410) Pause Young (Normal) (G1 Evacuation Pause) 309M->277M(512M) 11.359ms
[2023-11-17T00:53:18.359+0000][gc,cpu        ] GC(410) User=0.02s Sys=0.00s Real=0.01s
[2023-11-17T00:55:35.430+0000][gc,start      ] GC(411) Pause Young (Normal) (G1 Evacuation Pause)
[2023-11-17T00:55:35.430+0000][gc,task       ] GC(411) Using 2 workers of 2 for evacuation
[2023-11-17T00:55:35.442+0000][gc,phases     ] GC(411)   Pre Evacuate Collection Set: 0.0ms
[2023-11-17T00:55:35.442+0000][gc,phases     ] GC(411)   Evacuate Collection Set: 11.0ms
[2023-11-17T00:55:35.442+0000][gc,phases     ] GC(411)   Post Evacuate Collection Set: 0.5ms
[2023-11-17T00:55:35.442+0000][gc,phases     ] GC(411)   Other: 0.2ms
[2023-11-17T00:55:35.442+0000][gc,heap       ] GC(411) Eden regions: 35->0(38)
[2023-11-17T00:55:35.442+0000][gc,heap       ] GC(411) Survivor regions: 3->3(5)
[2023-11-17T00:55:35.442+0000][gc,heap       ] GC(411) Old regions: 130->130
[2023-11-17T00:55:35.442+0000][gc,heap       ] GC(411) Humongous regions: 147->147
[2023-11-17T00:55:35.442+0000][gc,metaspace  ] GC(411) Metaspace: 44349K(46848K)->44349K(46848K) NonClass: 39151K(40448K)->39151K(40448K) Class: 5197K(6400K)->5197K(6400K)
[2023-11-17T00:55:35.442+0000][gc            ] GC(411) Pause Young (Normal) (G1 Evacuation Pause) 312M->278M(512M) 11.779ms
[2023-11-17T00:55:35.442+0000][gc,cpu        ] GC(411) User=0.02s Sys=0.00s Real=0.01s
[2023-11-17T00:58:07.313+0000][gc,start      ] GC(412) Pause Young (Normal) (G1 Evacuation Pause)
[2023-11-17T00:58:07.313+0000][gc,task       ] GC(412) Using 2 workers of 2 for evacuation
[2023-11-17T00:58:07.356+0000][gc,mmu        ] GC(412) MMU target violated: 21.0ms (20.0ms/21.0ms)
[2023-11-17T00:58:07.356+0000][gc,phases     ] GC(412)   Pre Evacuate Collection Set: 0.0ms
[2023-11-17T00:58:07.356+0000][gc,phases     ] GC(412)   Evacuate Collection Set: 40.5ms
[2023-11-17T00:58:07.356+0000][gc,phases     ] GC(412)   Post Evacuate Collection Set: 2.1ms
[2023-11-17T00:58:07.356+0000][gc,phases     ] GC(412)   Other: 0.8ms
[2023-11-17T00:58:07.356+0000][gc,heap       ] GC(412) Eden regions: 38->0(19)
[2023-11-17T00:58:07.356+0000][gc,heap       ] GC(412) Survivor regions: 3->6(6)
[2023-11-17T00:58:07.356+0000][gc,heap       ] GC(412) Old regions: 130->131
[2023-11-17T00:58:07.356+0000][gc,heap       ] GC(412) Humongous regions: 147->147
[2023-11-17T00:58:07.356+0000][gc,metaspace  ] GC(412) Metaspace: 44349K(46848K)->44349K(46848K) NonClass: 39151K(40448K)->39151K(40448K) Class: 5197K(6400K)->5197K(6400K)
[2023-11-17T00:58:07.356+0000][gc            ] GC(412) Pause Young (Normal) (G1 Evacuation Pause) 316M->282M(512M) 43.408ms
[2023-11-17T00:58:07.356+0000][gc,cpu        ] GC(412) User=0.07s Sys=0.01s Real=0.05s
[2023-11-17T00:59:20.632+0000][gc,start      ] GC(413) Pause Young (Normal) (G1 Evacuation Pause)
[2023-11-17T00:59:20.632+0000][gc,task       ] GC(413) Using 2 workers of 2 for evacuation
[2023-11-17T00:59:20.647+0000][gc,phases     ] GC(413)   Pre Evacuate Collection Set: 0.0ms
[2023-11-17T00:59:20.647+0000][gc,phases     ] GC(413)   Evacuate Collection Set: 14.5ms
[2023-11-17T00:59:20.647+0000][gc,phases     ] GC(413)   Post Evacuate Collection Set: 0.3ms
[2023-11-17T00:59:20.647+0000][gc,phases     ] GC(413)   Other: 0.2ms
[2023-11-17T00:59:20.647+0000][gc,heap       ] GC(413) Eden regions: 19->0(22)
[2023-11-17T00:59:20.647+0000][gc,heap       ] GC(413) Survivor regions: 6->3(4)
[2023-11-17T00:59:20.647+0000][gc,heap       ] GC(413) Old regions: 131->135
[2023-11-17T00:59:20.647+0000][gc,heap       ] GC(413) Humongous regions: 147->147
[2023-11-17T00:59:20.647+0000][gc,metaspace  ] GC(413) Metaspace: 44349K(46848K)->44349K(46848K) NonClass: 39151K(40448K)->39151K(40448K) Class: 5197K(6400K)->5197K(6400K)
[2023-11-17T00:59:20.647+0000][gc            ] GC(413) Pause Young (Normal) (G1 Evacuation Pause) 301M->282M(512M) 15.168ms
[2023-11-17T00:59:20.647+0000][gc,cpu        ] GC(413) User=0.03s Sys=0.00s Real=0.02s
[2023-11-17T01:00:46.783+0000][gc,start      ] GC(414) Pause Young (Normal) (G1 Evacuation Pause)
[2023-11-17T01:00:46.783+0000][gc,task       ] GC(414) Using 2 workers of 2 for evacuation
[2023-11-17T01:00:46.795+0000][gc,phases     ] GC(414)   Pre Evacuate Collection Set: 0.0ms
[2023-11-17T01:00:46.795+0000][gc,phases     ] GC(414)   Evacuate Collection Set: 11.6ms
[2023-11-17T01:00:46.795+0000][gc,phases     ] GC(414)   Post Evacuate Collection Set: 0.3ms
[2023-11-17T01:00:46.795+0000][gc,phases     ] GC(414)   Other: 0.2ms
[2023-11-17T01:00:46.795+0000][gc,heap       ] GC(414) Eden regions: 22->0(21)
[2023-11-17T01:00:46.795+0000][gc,heap       ] GC(414) Survivor regions: 3->4(4)
[2023-11-17T01:00:46.795+0000][gc,heap       ] GC(414) Old regions: 135->135
[2023-11-17T01:00:46.795+0000][gc,heap       ] GC(414) Humongous regions: 147->147
[2023-11-17T01:00:46.795+0000][gc,metaspace  ] GC(414) Metaspace: 44349K(46848K)->44349K(46848K) NonClass: 39151K(40448K)->39151K(40448K) Class: 5197K(6400K)->5197K(6400K)
[2023-11-17T01:00:46.795+0000][gc            ] GC(414) Pause Young (Normal) (G1 Evacuation Pause) 304M->284M(512M) 12.249ms
[2023-11-17T01:00:46.795+0000][gc,cpu        ] GC(414) User=0.02s Sys=0.00s Real=0.02s
[2023-11-17T01:02:08.351+0000][gc,start      ] GC(415) Pause Young (Normal) (G1 Evacuation Pause)
[2023-11-17T01:02:08.351+0000][gc,task       ] GC(415) Using 2 workers of 2 for evacuation
[2023-11-17T01:02:08.362+0000][gc,phases     ] GC(415)   Pre Evacuate Collection Set: 0.0ms
[2023-11-17T01:02:08.362+0000][gc,phases     ] GC(415)   Evacuate Collection Set: 11.1ms
[2023-11-17T01:02:08.362+0000][gc,phases     ] GC(415)   Post Evacuate Collection Set: 0.3ms
[2023-11-17T01:02:08.362+0000][gc,phases     ] GC(415)   Other: 0.2ms
[2023-11-17T01:02:08.362+0000][gc,heap       ] GC(415) Eden regions: 21->0(24)
[2023-11-17T01:02:08.362+0000][gc,heap       ] GC(415) Survivor regions: 4->3(4)
[2023-11-17T01:02:08.362+0000][gc,heap       ] GC(415) Old regions: 135->137
[2023-11-17T01:02:08.362+0000][gc,heap       ] GC(415) Humongous regions: 147->147
[2023-11-17T01:02:08.362+0000][gc,metaspace  ] GC(415) Metaspace: 44349K(46848K)->44349K(46848K) NonClass: 39151K(40448K)->39151K(40448K) Class: 5197K(6400K)->5197K(6400K)
[2023-11-17T01:02:08.362+0000][gc            ] GC(415) Pause Young (Normal) (G1 Evacuation Pause) 305M->284M(512M) 11.694ms
[2023-11-17T01:02:08.362+0000][gc,cpu        ] GC(415) User=0.02s Sys=0.00s Real=0.01s
[2023-11-17T01:03:34.660+0000][gc,start      ] GC(416) Pause Young (Normal) (G1 Evacuation Pause)
[2023-11-17T01:03:34.660+0000][gc,task       ] GC(416) Using 2 workers of 2 for evacuation
[2023-11-17T01:03:34.672+0000][gc,phases     ] GC(416)   Pre Evacuate Collection Set: 0.0ms
[2023-11-17T01:03:34.672+0000][gc,phases     ] GC(416)   Evacuate Collection Set: 11.5ms
[2023-11-17T01:03:34.672+0000][gc,phases     ] GC(416)   Post Evacuate Collection Set: 0.3ms
[2023-11-17T01:03:34.672+0000][gc,phases     ] GC(416)   Other: 0.2ms
[2023-11-17T01:03:34.672+0000][gc,heap       ] GC(416) Eden regions: 22->0(25)
[2023-11-17T01:03:34.672+0000][gc,heap       ] GC(416) Survivor regions: 3->4(4)
[2023-11-17T01:03:34.672+0000][gc,heap       ] GC(416) Old regions: 137->138
[2023-11-17T01:03:34.672+0000][gc,heap       ] GC(416) Humongous regions: 147->147
[2023-11-17T01:03:34.672+0000][gc,metaspace  ] GC(416) Metaspace: 44349K(46848K)->44349K(46848K) NonClass: 39151K(40448K)->39151K(40448K) Class: 5197K(6400K)->5197K(6400K)
[2023-11-17T01:03:34.672+0000][gc            ] GC(416) Pause Young (Normal) (G1 Evacuation Pause) 306M->286M(512M) 12.171ms
[2023-11-17T01:03:34.672+0000][gc,cpu        ] GC(416) User=0.02s Sys=0.00s Real=0.01s
[2023-11-17T01:04:58.081+0000][gc,start      ] GC(417) Pause Young (Normal) (G1 Evacuation Pause)
[2023-11-17T01:04:58.081+0000][gc,task       ] GC(417) Using 2 workers of 2 for evacuation
[2023-11-17T01:04:58.100+0000][gc,phases     ] GC(417)   Pre Evacuate Collection Set: 0.0ms
[2023-11-17T01:04:58.100+0000][gc,phases     ] GC(417)   Evacuate Collection Set: 18.5ms
[2023-11-17T01:04:58.100+0000][gc,phases     ] GC(417)   Post Evacuate Collection Set: 0.3ms
[2023-11-17T01:04:58.100+0000][gc,phases     ] GC(417)   Other: 0.2ms
[2023-11-17T01:04:58.100+0000][gc,heap       ] GC(417) Eden regions: 25->0(23)
[2023-11-17T01:04:58.100+0000][gc,heap       ] GC(417) Survivor regions: 4->4(4)
[2023-11-17T01:04:58.100+0000][gc,heap       ] GC(417) Old regions: 138->140
[2023-11-17T01:04:58.100+0000][gc,heap       ] GC(417) Humongous regions: 147->147
[2023-11-17T01:04:58.100+0000][gc,metaspace  ] GC(417) Metaspace: 44349K(46848K)->44349K(46848K) NonClass: 39151K(40448K)->39151K(40448K) Class: 5197K(6400K)->5197K(6400K)
[2023-11-17T01:04:58.100+0000][gc            ] GC(417) Pause Young (Normal) (G1 Evacuation Pause) 311M->289M(512M) 19.066ms
[2023-11-17T01:04:58.100+0000][gc,cpu        ] GC(417) User=0.03s Sys=0.00s Real=0.02s
[2023-11-17T01:06:10.860+0000][gc,start      ] GC(418) Pause Young (Normal) (G1 Evacuation Pause)
[2023-11-17T01:06:10.860+0000][gc,task       ] GC(418) Using 2 workers of 2 for evacuation
[2023-11-17T01:06:10.880+0000][gc,mmu        ] GC(418) MMU target violated: 20.6ms (20.0ms/21.0ms)
[2023-11-17T01:06:10.880+0000][gc,phases     ] GC(418)   Pre Evacuate Collection Set: 0.0ms
[2023-11-17T01:06:10.880+0000][gc,phases     ] GC(418)   Evacuate Collection Set: 20.2ms
[2023-11-17T01:06:10.880+0000][gc,phases     ] GC(418)   Post Evacuate Collection Set: 0.3ms
[2023-11-17T01:06:10.880+0000][gc,phases     ] GC(418)   Other: 0.2ms
[2023-11-17T01:06:10.880+0000][gc,heap       ] GC(418) Eden regions: 21->0(21)
[2023-11-17T01:06:10.880+0000][gc,heap       ] GC(418) Survivor regions: 4->4(4)
[2023-11-17T01:06:10.880+0000][gc,heap       ] GC(418) Old regions: 140->144
[2023-11-17T01:06:10.880+0000][gc,heap       ] GC(418) Humongous regions: 147->147
[2023-11-17T01:06:10.880+0000][gc,metaspace  ] GC(418) Metaspace: 44349K(46848K)->44349K(46848K) NonClass: 39151K(40448K)->39151K(40448K) Class: 5197K(6400K)->5197K(6400K)
[2023-11-17T01:06:10.880+0000][gc            ] GC(418) Pause Young (Normal) (G1 Evacuation Pause) 310M->292M(512M) 20.820ms
[2023-11-17T01:06:10.880+0000][gc,cpu        ] GC(418) User=0.04s Sys=0.00s Real=0.02s
[2023-11-17T01:07:33.022+0000][gc,start      ] GC(419) Pause Young (Normal) (G1 Evacuation Pause)
[2023-11-17T01:07:33.022+0000][gc,task       ] GC(419) Using 2 workers of 2 for evacuation
[2023-11-17T01:07:33.049+0000][gc,mmu        ] GC(419) MMU target violated: 21.0ms (20.0ms/21.0ms)
[2023-11-17T01:07:33.049+0000][gc,phases     ] GC(419)   Pre Evacuate Collection Set: 0.0ms
[2023-11-17T01:07:33.049+0000][gc,phases     ] GC(419)   Evacuate Collection Set: 25.3ms
[2023-11-17T01:07:33.049+0000][gc,phases     ] GC(419)   Post Evacuate Collection Set: 1.4ms
[2023-11-17T01:07:33.049+0000][gc,phases     ] GC(419)   Other: 0.3ms
[2023-11-17T01:07:33.049+0000][gc,heap       ] GC(419) Eden regions: 21->0(23)
[2023-11-17T01:07:33.049+0000][gc,heap       ] GC(419) Survivor regions: 4->2(4)
[2023-11-17T01:07:33.049+0000][gc,heap       ] GC(419) Old regions: 144->146
[2023-11-17T01:07:33.049+0000][gc,heap       ] GC(419) Humongous regions: 147->147
[2023-11-17T01:07:33.049+0000][gc,metaspace  ] GC(419) Metaspace: 44349K(46848K)->44349K(46848K) NonClass: 39151K(40448K)->39151K(40448K) Class: 5197K(6400K)->5197K(6400K)
[2023-11-17T01:07:33.049+0000][gc            ] GC(419) Pause Young (Normal) (G1 Evacuation Pause) 313M->293M(512M) 26.954ms
[2023-11-17T01:07:33.049+0000][gc,cpu        ] GC(419) User=0.04s Sys=0.01s Real=0.03s
[2023-11-17T01:09:03.348+0000][gc,start      ] GC(420) Pause Young (Normal) (G1 Evacuation Pause)
[2023-11-17T01:09:03.348+0000][gc,task       ] GC(420) Using 2 workers of 2 for evacuation
[2023-11-17T01:09:03.365+0000][gc,phases     ] GC(420)   Pre Evacuate Collection Set: 0.0ms
[2023-11-17T01:09:03.365+0000][gc,phases     ] GC(420)   Evacuate Collection Set: 16.7ms
[2023-11-17T01:09:03.365+0000][gc,phases     ] GC(420)   Post Evacuate Collection Set: 0.5ms
[2023-11-17T01:09:03.366+0000][gc,phases     ] GC(420)   Other: 0.2ms
[2023-11-17T01:09:03.366+0000][gc,heap       ] GC(420) Eden regions: 23->0(21)
[2023-11-17T01:09:03.366+0000][gc,heap       ] GC(420) Survivor regions: 2->4(4)
[2023-11-17T01:09:03.366+0000][gc,heap       ] GC(420) Old regions: 146->146
[2023-11-17T01:09:03.366+0000][gc,heap       ] GC(420) Humongous regions: 147->147
[2023-11-17T01:09:03.366+0000][gc,metaspace  ] GC(420) Metaspace: 44349K(46848K)->44349K(46848K) NonClass: 39151K(40448K)->39151K(40448K) Class: 5197K(6400K)->5197K(6400K)
[2023-11-17T01:09:03.366+0000][gc            ] GC(420) Pause Young (Normal) (G1 Evacuation Pause) 316M->295M(512M) 17.762ms
[2023-11-17T01:09:03.366+0000][gc,cpu        ] GC(420) User=0.03s Sys=0.00s Real=0.02s
[2023-11-17T01:10:24.174+0000][gc,start      ] GC(421) Pause Young (Normal) (G1 Evacuation Pause)
[2023-11-17T01:10:24.174+0000][gc,task       ] GC(421) Using 2 workers of 2 for evacuation
[2023-11-17T01:10:24.186+0000][gc,phases     ] GC(421)   Pre Evacuate Collection Set: 0.0ms
[2023-11-17T01:10:24.186+0000][gc,phases     ] GC(421)   Evacuate Collection Set: 11.3ms
[2023-11-17T01:10:24.186+0000][gc,phases     ] GC(421)   Post Evacuate Collection Set: 0.3ms
[2023-11-17T01:10:24.186+0000][gc,phases     ] GC(421)   Other: 0.3ms
[2023-11-17T01:10:24.186+0000][gc,heap       ] GC(421) Eden regions: 21->0(22)
[2023-11-17T01:10:24.186+0000][gc,heap       ] GC(421) Survivor regions: 4->3(4)
[2023-11-17T01:10:24.186+0000][gc,heap       ] GC(421) Old regions: 146->148
[2023-11-17T01:10:24.186+0000][gc,heap       ] GC(421) Humongous regions: 147->147
[2023-11-17T01:10:24.186+0000][gc,metaspace  ] GC(421) Metaspace: 44350K(46848K)->44350K(46848K) NonClass: 39152K(40448K)->39152K(40448K) Class: 5197K(6400K)->5197K(6400K)
[2023-11-17T01:10:24.186+0000][gc            ] GC(421) Pause Young (Normal) (G1 Evacuation Pause) 316M->295M(512M) 12.058ms
[2023-11-17T01:10:24.186+0000][gc,cpu        ] GC(421) User=0.02s Sys=0.00s Real=0.01s
[2023-11-17T01:11:37.695+0000][gc,start      ] GC(422) Pause Young (Normal) (G1 Evacuation Pause)
[2023-11-17T01:11:37.695+0000][gc,task       ] GC(422) Using 2 workers of 2 for evacuation
[2023-11-17T01:11:37.710+0000][gc,phases     ] GC(422)   Pre Evacuate Collection Set: 0.0ms
[2023-11-17T01:11:37.710+0000][gc,phases     ] GC(422)   Evacuate Collection Set: 14.5ms
[2023-11-17T01:11:37.710+0000][gc,phases     ] GC(422)   Post Evacuate Collection Set: 0.3ms
[2023-11-17T01:11:37.710+0000][gc,phases     ] GC(422)   Other: 0.3ms
[2023-11-17T01:11:37.710+0000][gc,heap       ] GC(422) Eden regions: 22->0(22)
[2023-11-17T01:11:37.710+0000][gc,heap       ] GC(422) Survivor regions: 3->4(4)
[2023-11-17T01:11:37.710+0000][gc,heap       ] GC(422) Old regions: 148->148
[2023-11-17T01:11:37.710+0000][gc,heap       ] GC(422) Humongous regions: 147->147
[2023-11-17T01:11:37.710+0000][gc,metaspace  ] GC(422) Metaspace: 44520K(47104K)->44520K(47104K) NonClass: 39283K(40704K)->39283K(40704K) Class: 5237K(6400K)->5237K(6400K)
[2023-11-17T01:11:37.710+0000][gc            ] GC(422) Pause Young (Normal) (G1 Evacuation Pause) 317M->297M(512M) 15.127ms
[2023-11-17T01:11:37.710+0000][gc,cpu        ] GC(422) User=0.03s Sys=0.00s Real=0.01s
[2023-11-17T01:12:56.092+0000][gc,start      ] GC(423) Pause Young (Normal) (G1 Evacuation Pause)
[2023-11-17T01:12:56.092+0000][gc,task       ] GC(423) Using 2 workers of 2 for evacuation
[2023-11-17T01:12:56.103+0000][gc,phases     ] GC(423)   Pre Evacuate Collection Set: 0.0ms
[2023-11-17T01:12:56.103+0000][gc,phases     ] GC(423)   Evacuate Collection Set: 10.5ms
[2023-11-17T01:12:56.103+0000][gc,phases     ] GC(423)   Post Evacuate Collection Set: 0.3ms
[2023-11-17T01:12:56.103+0000][gc,phases     ] GC(423)   Other: 0.2ms
[2023-11-17T01:12:56.103+0000][gc,heap       ] GC(423) Eden regions: 22->0(25)
[2023-11-17T01:12:56.103+0000][gc,heap       ] GC(423) Survivor regions: 4->3(4)
[2023-11-17T01:12:56.103+0000][gc,heap       ] GC(423) Old regions: 148->150
[2023-11-17T01:12:56.103+0000][gc,heap       ] GC(423) Humongous regions: 147->147
[2023-11-17T01:12:56.103+0000][gc,metaspace  ] GC(423) Metaspace: 44598K(47104K)->44598K(47104K) NonClass: 39342K(40704K)->39342K(40704K) Class: 5256K(6400K)->5256K(6400K)
[2023-11-17T01:12:56.103+0000][gc            ] GC(423) Pause Young (Normal) (G1 Evacuation Pause) 319M->297M(512M) 11.139ms
[2023-11-17T01:12:56.103+0000][gc,cpu        ] GC(423) User=0.02s Sys=0.00s Real=0.01s
[2023-11-17T01:14:22.866+0000][gc,start      ] GC(424) Pause Young (Normal) (G1 Evacuation Pause)
[2023-11-17T01:14:22.866+0000][gc,task       ] GC(424) Using 2 workers of 2 for evacuation
[2023-11-17T01:14:22.889+0000][gc,mmu        ] GC(424) MMU target violated: 21.0ms (20.0ms/21.0ms)
[2023-11-17T01:14:22.890+0000][gc,phases     ] GC(424)   Pre Evacuate Collection Set: 0.0ms
[2023-11-17T01:14:22.890+0000][gc,phases     ] GC(424)   Evacuate Collection Set: 21.7ms
[2023-11-17T01:14:22.890+0000][gc,phases     ] GC(424)   Post Evacuate Collection Set: 0.9ms
[2023-11-17T01:14:22.890+0000][gc,phases     ] GC(424)   Other: 0.7ms
[2023-11-17T01:14:22.890+0000][gc,heap       ] GC(424) Eden regions: 23->0(22)
[2023-11-17T01:14:22.890+0000][gc,heap       ] GC(424) Survivor regions: 3->3(4)
[2023-11-17T01:14:22.890+0000][gc,heap       ] GC(424) Old regions: 150->152
[2023-11-17T01:14:22.890+0000][gc,heap       ] GC(424) Humongous regions: 147->147
[2023-11-17T01:14:22.890+0000][gc,metaspace  ] GC(424) Metaspace: 44598K(47104K)->44598K(47104K) NonClass: 39342K(40704K)->39342K(40704K) Class: 5256K(6400K)->5256K(6400K)
[2023-11-17T01:14:22.890+0000][gc            ] GC(424) Pause Young (Normal) (G1 Evacuation Pause) 320M->300M(512M) 23.778ms
[2023-11-17T01:14:22.890+0000][gc,cpu        ] GC(424) User=0.03s Sys=0.01s Real=0.02s
[2023-11-17T01:15:43.260+0000][gc,start      ] GC(425) Pause Young (Normal) (G1 Evacuation Pause)
[2023-11-17T01:15:43.260+0000][gc,task       ] GC(425) Using 2 workers of 2 for evacuation
[2023-11-17T01:15:43.274+0000][gc,phases     ] GC(425)   Pre Evacuate Collection Set: 0.0ms
[2023-11-17T01:15:43.274+0000][gc,phases     ] GC(425)   Evacuate Collection Set: 12.8ms
[2023-11-17T01:15:43.274+0000][gc,phases     ] GC(425)   Post Evacuate Collection Set: 0.5ms
[2023-11-17T01:15:43.274+0000][gc,phases     ] GC(425)   Other: 0.2ms
[2023-11-17T01:15:43.274+0000][gc,heap       ] GC(425) Eden regions: 22->0(24)
[2023-11-17T01:15:43.274+0000][gc,heap       ] GC(425) Survivor regions: 3->3(4)
[2023-11-17T01:15:43.274+0000][gc,heap       ] GC(425) Old regions: 152->153
[2023-11-17T01:15:43.274+0000][gc,heap       ] GC(425) Humongous regions: 147->147
[2023-11-17T01:15:43.274+0000][gc,metaspace  ] GC(425) Metaspace: 44632K(47488K)->44632K(47488K) NonClass: 39365K(40960K)->39365K(40960K) Class: 5266K(6528K)->5266K(6528K)
[2023-11-17T01:15:43.274+0000][gc            ] GC(425) Pause Young (Normal) (G1 Evacuation Pause) 322M->301M(512M) 13.592ms
[2023-11-17T01:15:43.274+0000][gc,cpu        ] GC(425) User=0.03s Sys=0.00s Real=0.02s
[2023-11-17T01:17:02.029+0000][gc,start      ] GC(426) Pause Young (Normal) (G1 Evacuation Pause)
[2023-11-17T01:17:02.029+0000][gc,task       ] GC(426) Using 2 workers of 2 for evacuation
[2023-11-17T01:17:02.059+0000][gc,mmu        ] GC(426) MMU target violated: 21.0ms (20.0ms/21.0ms)
[2023-11-17T01:17:02.059+0000][gc,phases     ] GC(426)   Pre Evacuate Collection Set: 1.0ms
[2023-11-17T01:17:02.059+0000][gc,phases     ] GC(426)   Evacuate Collection Set: 24.8ms
[2023-11-17T01:17:02.059+0000][gc,phases     ] GC(426)   Post Evacuate Collection Set: 4.1ms
[2023-11-17T01:17:02.059+0000][gc,phases     ] GC(426)   Other: 0.3ms
[2023-11-17T01:17:02.059+0000][gc,heap       ] GC(426) Eden regions: 22->0(23)
[2023-11-17T01:17:02.059+0000][gc,heap       ] GC(426) Survivor regions: 3->2(4)
[2023-11-17T01:17:02.059+0000][gc,heap       ] GC(426) Old regions: 153->154
[2023-11-17T01:17:02.059+0000][gc,heap       ] GC(426) Humongous regions: 147->147
[2023-11-17T01:17:02.059+0000][gc,metaspace  ] GC(426) Metaspace: 44646K(47488K)->44646K(47488K) NonClass: 39379K(40960K)->39379K(40960K) Class: 5266K(6528K)->5266K(6528K)
[2023-11-17T01:17:02.059+0000][gc            ] GC(426) Pause Young (Normal) (G1 Evacuation Pause) 323M->300M(512M) 30.194ms
[2023-11-17T01:17:02.059+0000][gc,cpu        ] GC(426) User=0.04s Sys=0.00s Real=0.03s
[2023-11-17T01:18:29.315+0000][gc,start      ] GC(427) Pause Young (Normal) (G1 Evacuation Pause)
[2023-11-17T01:18:29.315+0000][gc,task       ] GC(427) Using 2 workers of 2 for evacuation
[2023-11-17T01:18:29.327+0000][gc,phases     ] GC(427)   Pre Evacuate Collection Set: 0.0ms
[2023-11-17T01:18:29.327+0000][gc,phases     ] GC(427)   Evacuate Collection Set: 11.2ms
[2023-11-17T01:18:29.327+0000][gc,phases     ] GC(427)   Post Evacuate Collection Set: 0.4ms
[2023-11-17T01:18:29.327+0000][gc,phases     ] GC(427)   Other: 0.2ms
[2023-11-17T01:18:29.327+0000][gc,heap       ] GC(427) Eden regions: 23->0(21)
[2023-11-17T01:18:29.327+0000][gc,heap       ] GC(427) Survivor regions: 2->4(4)
[2023-11-17T01:18:29.327+0000][gc,heap       ] GC(427) Old regions: 154->154
[2023-11-17T01:18:29.327+0000][gc,heap       ] GC(427) Humongous regions: 147->147
[2023-11-17T01:18:29.327+0000][gc,metaspace  ] GC(427) Metaspace: 44646K(47488K)->44646K(47488K) NonClass: 39379K(40960K)->39379K(40960K) Class: 5266K(6528K)->5266K(6528K)
[2023-11-17T01:18:29.327+0000][gc            ] GC(427) Pause Young (Normal) (G1 Evacuation Pause) 323M->303M(512M) 11.797ms
[2023-11-17T01:18:29.327+0000][gc,cpu        ] GC(427) User=0.02s Sys=0.00s Real=0.01s
[2023-11-17T01:19:51.035+0000][gc,start      ] GC(428) Pause Young (Normal) (G1 Evacuation Pause)
[2023-11-17T01:19:51.035+0000][gc,task       ] GC(428) Using 2 workers of 2 for evacuation
[2023-11-17T01:19:51.060+0000][gc,mmu        ] GC(428) MMU target violated: 21.0ms (20.0ms/21.0ms)
[2023-11-17T01:19:51.060+0000][gc,phases     ] GC(428)   Pre Evacuate Collection Set: 0.0ms
[2023-11-17T01:19:51.060+0000][gc,phases     ] GC(428)   Evacuate Collection Set: 23.9ms
[2023-11-17T01:19:51.060+0000][gc,phases     ] GC(428)   Post Evacuate Collection Set: 0.4ms
[2023-11-17T01:19:51.060+0000][gc,phases     ] GC(428)   Other: 0.3ms
[2023-11-17T01:19:51.060+0000][gc,heap       ] GC(428) Eden regions: 21->0(23)
[2023-11-17T01:19:51.060+0000][gc,heap       ] GC(428) Survivor regions: 4->2(4)
[2023-11-17T01:19:51.060+0000][gc,heap       ] GC(428) Old regions: 154->156
[2023-11-17T01:19:51.060+0000][gc,heap       ] GC(428) Humongous regions: 147->147
[2023-11-17T01:19:51.060+0000][gc,metaspace  ] GC(428) Metaspace: 44646K(47488K)->44646K(47488K) NonClass: 39379K(40960K)->39379K(40960K) Class: 5266K(6528K)->5266K(6528K)
[2023-11-17T01:19:51.060+0000][gc            ] GC(428) Pause Young (Normal) (G1 Evacuation Pause) 324M->303M(512M) 24.684ms
[2023-11-17T01:19:51.060+0000][gc,cpu        ] GC(428) User=0.04s Sys=0.01s Real=0.02s
[2023-11-17T01:21:20.983+0000][gc,start      ] GC(429) Pause Young (Normal) (G1 Evacuation Pause)
[2023-11-17T01:21:20.983+0000][gc,task       ] GC(429) Using 2 workers of 2 for evacuation
[2023-11-17T01:21:20.997+0000][gc,phases     ] GC(429)   Pre Evacuate Collection Set: 0.0ms
[2023-11-17T01:21:20.997+0000][gc,phases     ] GC(429)   Evacuate Collection Set: 14.2ms
[2023-11-17T01:21:20.997+0000][gc,phases     ] GC(429)   Post Evacuate Collection Set: 0.4ms
[2023-11-17T01:21:20.998+0000][gc,phases     ] GC(429)   Other: 0.2ms
[2023-11-17T01:21:20.998+0000][gc,heap       ] GC(429) Eden regions: 23->0(21)
[2023-11-17T01:21:20.998+0000][gc,heap       ] GC(429) Survivor regions: 2->4(4)
[2023-11-17T01:21:20.998+0000][gc,heap       ] GC(429) Old regions: 156->156
[2023-11-17T01:21:20.998+0000][gc,heap       ] GC(429) Humongous regions: 147->147
[2023-11-17T01:21:20.998+0000][gc,metaspace  ] GC(429) Metaspace: 44646K(47488K)->44646K(47488K) NonClass: 39379K(40960K)->39379K(40960K) Class: 5266K(6528K)->5266K(6528K)
[2023-11-17T01:21:20.998+0000][gc            ] GC(429) Pause Young (Normal) (G1 Evacuation Pause) 326M->305M(512M) 14.902ms
[2023-11-17T01:21:20.998+0000][gc,cpu        ] GC(429) User=0.02s Sys=0.00s Real=0.02s
[2023-11-17T01:22:41.641+0000][gc,start      ] GC(430) Pause Young (Normal) (G1 Evacuation Pause)
[2023-11-17T01:22:41.641+0000][gc,task       ] GC(430) Using 2 workers of 2 for evacuation
[2023-11-17T01:22:41.653+0000][gc,phases     ] GC(430)   Pre Evacuate Collection Set: 0.0ms
[2023-11-17T01:22:41.653+0000][gc,phases     ] GC(430)   Evacuate Collection Set: 11.6ms
[2023-11-17T01:22:41.653+0000][gc,phases     ] GC(430)   Post Evacuate Collection Set: 0.4ms
[2023-11-17T01:22:41.653+0000][gc,phases     ] GC(430)   Other: 0.2ms
[2023-11-17T01:22:41.653+0000][gc,heap       ] GC(430) Eden regions: 21->0(23)
[2023-11-17T01:22:41.653+0000][gc,heap       ] GC(430) Survivor regions: 4->2(4)
[2023-11-17T01:22:41.653+0000][gc,heap       ] GC(430) Old regions: 156->158
[2023-11-17T01:22:41.653+0000][gc,heap       ] GC(430) Humongous regions: 147->147
[2023-11-17T01:22:41.653+0000][gc,metaspace  ] GC(430) Metaspace: 44646K(47488K)->44646K(47488K) NonClass: 39379K(40960K)->39379K(40960K) Class: 5266K(6528K)->5266K(6528K)
[2023-11-17T01:22:41.653+0000][gc            ] GC(430) Pause Young (Normal) (G1 Evacuation Pause) 326M->305M(512M) 12.336ms
[2023-11-17T01:22:41.653+0000][gc,cpu        ] GC(430) User=0.02s Sys=0.00s Real=0.01s
[2023-11-17T01:24:10.809+0000][gc,start      ] GC(431) Pause Young (Normal) (G1 Evacuation Pause)
[2023-11-17T01:24:10.809+0000][gc,task       ] GC(431) Using 2 workers of 2 for evacuation
[2023-11-17T01:24:10.820+0000][gc,phases     ] GC(431)   Pre Evacuate Collection Set: 0.0ms
[2023-11-17T01:24:10.820+0000][gc,phases     ] GC(431)   Evacuate Collection Set: 10.5ms
[2023-11-17T01:24:10.820+0000][gc,phases     ] GC(431)   Post Evacuate Collection Set: 0.4ms
[2023-11-17T01:24:10.820+0000][gc,phases     ] GC(431)   Other: 0.2ms
[2023-11-17T01:24:10.820+0000][gc,heap       ] GC(431) Eden regions: 23->0(24)
[2023-11-17T01:24:10.820+0000][gc,heap       ] GC(431) Survivor regions: 2->4(4)
[2023-11-17T01:24:10.820+0000][gc,heap       ] GC(431) Old regions: 158->158
[2023-11-17T01:24:10.820+0000][gc,heap       ] GC(431) Humongous regions: 147->147
[2023-11-17T01:24:10.820+0000][gc,metaspace  ] GC(431) Metaspace: 44649K(47488K)->44649K(47488K) NonClass: 39382K(40960K)->39382K(40960K) Class: 5266K(6528K)->5266K(6528K)
[2023-11-17T01:24:10.820+0000][gc            ] GC(431) Pause Young (Normal) (G1 Evacuation Pause) 328M->307M(512M) 11.287ms
[2023-11-17T01:24:10.820+0000][gc,cpu        ] GC(431) User=0.02s Sys=0.00s Real=0.01s
[2023-11-17T01:25:43.348+0000][gc,start      ] GC(432) Pause Young (Normal) (G1 Evacuation Pause)
[2023-11-17T01:25:43.348+0000][gc,task       ] GC(432) Using 2 workers of 2 for evacuation
[2023-11-17T01:25:43.374+0000][gc,mmu        ] GC(432) MMU target violated: 21.0ms (20.0ms/21.0ms)
[2023-11-17T01:25:43.374+0000][gc,phases     ] GC(432)   Pre Evacuate Collection Set: 0.0ms
[2023-11-17T01:25:43.374+0000][gc,phases     ] GC(432)   Evacuate Collection Set: 25.5ms
[2023-11-17T01:25:43.374+0000][gc,phases     ] GC(432)   Post Evacuate Collection Set: 0.4ms
[2023-11-17T01:25:43.374+0000][gc,phases     ] GC(432)   Other: 0.5ms
[2023-11-17T01:25:43.374+0000][gc,heap       ] GC(432) Eden regions: 24->0(23)
[2023-11-17T01:25:43.374+0000][gc,heap       ] GC(432) Survivor regions: 4->2(4)
[2023-11-17T01:25:43.374+0000][gc,heap       ] GC(432) Old regions: 158->160
[2023-11-17T01:25:43.374+0000][gc,heap       ] GC(432) Humongous regions: 147->147
[2023-11-17T01:25:43.374+0000][gc,metaspace  ] GC(432) Metaspace: 44649K(47488K)->44649K(47488K) NonClass: 39382K(40960K)->39382K(40960K) Class: 5266K(6528K)->5266K(6528K)
[2023-11-17T01:25:43.374+0000][gc            ] GC(432) Pause Young (Normal) (G1 Evacuation Pause) 331M->307M(512M) 26.439ms
[2023-11-17T01:25:43.374+0000][gc,cpu        ] GC(432) User=0.05s Sys=0.01s Real=0.03s
[2023-11-17T01:27:13.649+0000][gc,start      ] GC(433) Pause Young (Normal) (G1 Evacuation Pause)
[2023-11-17T01:27:13.649+0000][gc,task       ] GC(433) Using 2 workers of 2 for evacuation
[2023-11-17T01:27:13.662+0000][gc,phases     ] GC(433)   Pre Evacuate Collection Set: 0.0ms
[2023-11-17T01:27:13.662+0000][gc,phases     ] GC(433)   Evacuate Collection Set: 11.7ms
[2023-11-17T01:27:13.662+0000][gc,phases     ] GC(433)   Post Evacuate Collection Set: 0.5ms
[2023-11-17T01:27:13.662+0000][gc,phases     ] GC(433)   Other: 0.3ms
[2023-11-17T01:27:13.662+0000][gc,heap       ] GC(433) Eden regions: 23->0(22)
[2023-11-17T01:27:13.662+0000][gc,heap       ] GC(433) Survivor regions: 2->4(4)
[2023-11-17T01:27:13.662+0000][gc,heap       ] GC(433) Old regions: 160->160
[2023-11-17T01:27:13.662+0000][gc,heap       ] GC(433) Humongous regions: 147->147
[2023-11-17T01:27:13.662+0000][gc,metaspace  ] GC(433) Metaspace: 44649K(47488K)->44649K(47488K) NonClass: 39382K(40960K)->39382K(40960K) Class: 5266K(6528K)->5266K(6528K)
[2023-11-17T01:27:13.662+0000][gc            ] GC(433) Pause Young (Normal) (G1 Evacuation Pause) 330M->309M(512M) 12.644ms
[2023-11-17T01:27:13.662+0000][gc,cpu        ] GC(433) User=0.02s Sys=0.00s Real=0.01s
[2023-11-17T01:28:38.301+0000][gc,start      ] GC(434) Pause Young (Normal) (G1 Evacuation Pause)
[2023-11-17T01:28:38.301+0000][gc,task       ] GC(434) Using 2 workers of 2 for evacuation
[2023-11-17T01:28:38.314+0000][gc,phases     ] GC(434)   Pre Evacuate Collection Set: 0.0ms
[2023-11-17T01:28:38.314+0000][gc,phases     ] GC(434)   Evacuate Collection Set: 12.4ms
[2023-11-17T01:28:38.314+0000][gc,phases     ] GC(434)   Post Evacuate Collection Set: 0.7ms
[2023-11-17T01:28:38.314+0000][gc,phases     ] GC(434)   Other: 0.4ms
[2023-11-17T01:28:38.314+0000][gc,heap       ] GC(434) Eden regions: 22->0(23)
[2023-11-17T01:28:38.314+0000][gc,heap       ] GC(434) Survivor regions: 4->2(4)
[2023-11-17T01:28:38.314+0000][gc,heap       ] GC(434) Old regions: 160->162
[2023-11-17T01:28:38.314+0000][gc,heap       ] GC(434) Humongous regions: 147->147
[2023-11-17T01:28:38.314+0000][gc,metaspace  ] GC(434) Metaspace: 44652K(47488K)->44652K(47488K) NonClass: 39385K(40960K)->39385K(40960K) Class: 5266K(6528K)->5266K(6528K)
[2023-11-17T01:28:38.314+0000][gc            ] GC(434) Pause Young (Normal) (G1 Evacuation Pause) 331M->309M(512M) 13.593ms
[2023-11-17T01:28:38.314+0000][gc,cpu        ] GC(434) User=0.03s Sys=0.00s Real=0.02s
[2023-11-17T01:30:07.964+0000][gc,start      ] GC(435) Pause Young (Normal) (G1 Evacuation Pause)
[2023-11-17T01:30:07.964+0000][gc,task       ] GC(435) Using 2 workers of 2 for evacuation
[2023-11-17T01:30:07.985+0000][gc,mmu        ] GC(435) MMU target violated: 21.0ms (20.0ms/21.0ms)
[2023-11-17T01:30:07.985+0000][gc,phases     ] GC(435)   Pre Evacuate Collection Set: 0.0ms
[2023-11-17T01:30:07.985+0000][gc,phases     ] GC(435)   Evacuate Collection Set: 18.2ms
[2023-11-17T01:30:07.985+0000][gc,phases     ] GC(435)   Post Evacuate Collection Set: 2.7ms
[2023-11-17T01:30:07.985+0000][gc,phases     ] GC(435)   Other: 0.3ms
[2023-11-17T01:30:07.985+0000][gc,heap       ] GC(435) Eden regions: 23->0(22)
[2023-11-17T01:30:07.985+0000][gc,heap       ] GC(435) Survivor regions: 2->4(4)
[2023-11-17T01:30:07.985+0000][gc,heap       ] GC(435) Old regions: 162->163
[2023-11-17T01:30:07.985+0000][gc,heap       ] GC(435) Humongous regions: 147->147
[2023-11-17T01:30:07.985+0000][gc,metaspace  ] GC(435) Metaspace: 44652K(47488K)->44652K(47488K) NonClass: 39385K(40960K)->39385K(40960K) Class: 5266K(6528K)->5266K(6528K)
[2023-11-17T01:30:07.985+0000][gc            ] GC(435) Pause Young (Normal) (G1 Evacuation Pause) 332M->311M(512M) 21.174ms
[2023-11-17T01:30:07.985+0000][gc,cpu        ] GC(435) User=0.04s Sys=0.00s Real=0.02s
[2023-11-17T01:31:33.131+0000][gc,start      ] GC(436) Pause Young (Normal) (G1 Evacuation Pause)
[2023-11-17T01:31:33.131+0000][gc,task       ] GC(436) Using 2 workers of 2 for evacuation
[2023-11-17T01:31:33.146+0000][gc,phases     ] GC(436)   Pre Evacuate Collection Set: 0.1ms
[2023-11-17T01:31:33.146+0000][gc,phases     ] GC(436)   Evacuate Collection Set: 13.8ms
[2023-11-17T01:31:33.146+0000][gc,phases     ] GC(436)   Post Evacuate Collection Set: 0.3ms
[2023-11-17T01:31:33.146+0000][gc,phases     ] GC(436)   Other: 0.5ms
[2023-11-17T01:31:33.146+0000][gc,heap       ] GC(436) Eden regions: 22->0(23)
[2023-11-17T01:31:33.146+0000][gc,heap       ] GC(436) Survivor regions: 4->3(4)
[2023-11-17T01:31:33.146+0000][gc,heap       ] GC(436) Old regions: 163->165
[2023-11-17T01:31:33.146+0000][gc,heap       ] GC(436) Humongous regions: 147->147
[2023-11-17T01:31:33.146+0000][gc,metaspace  ] GC(436) Metaspace: 44652K(47488K)->44652K(47488K) NonClass: 39385K(40960K)->39385K(40960K) Class: 5266K(6528K)->5266K(6528K)
[2023-11-17T01:31:33.146+0000][gc            ] GC(436) Pause Young (Normal) (G1 Evacuation Pause) 333M->312M(512M) 14.802ms
[2023-11-17T01:31:33.146+0000][gc,cpu        ] GC(436) User=0.02s Sys=0.00s Real=0.02s
[2023-11-17T01:32:57.079+0000][gc,start      ] GC(437) Pause Young (Normal) (G1 Evacuation Pause)
[2023-11-17T01:32:57.079+0000][gc,task       ] GC(437) Using 2 workers of 2 for evacuation
[2023-11-17T01:32:57.101+0000][gc,mmu        ] GC(437) MMU target violated: 21.0ms (20.0ms/21.0ms)
[2023-11-17T01:32:57.101+0000][gc,phases     ] GC(437)   Pre Evacuate Collection Set: 0.0ms
[2023-11-17T01:32:57.101+0000][gc,phases     ] GC(437)   Evacuate Collection Set: 19.4ms
[2023-11-17T01:32:57.101+0000][gc,phases     ] GC(437)   Post Evacuate Collection Set: 2.3ms
[2023-11-17T01:32:57.101+0000][gc,phases     ] GC(437)   Other: 0.3ms
[2023-11-17T01:32:57.101+0000][gc,heap       ] GC(437) Eden regions: 23->0(21)
[2023-11-17T01:32:57.101+0000][gc,heap       ] GC(437) Survivor regions: 3->4(4)
[2023-11-17T01:32:57.101+0000][gc,heap       ] GC(437) Old regions: 165->165
[2023-11-17T01:32:57.101+0000][gc,heap       ] GC(437) Humongous regions: 147->147
[2023-11-17T01:32:57.101+0000][gc,metaspace  ] GC(437) Metaspace: 44652K(47488K)->44652K(47488K) NonClass: 39385K(40960K)->39385K(40960K) Class: 5266K(6528K)->5266K(6528K)
[2023-11-17T01:32:57.101+0000][gc            ] GC(437) Pause Young (Normal) (G1 Evacuation Pause) 335M->314M(512M) 22.074ms
[2023-11-17T01:32:57.101+0000][gc,cpu        ] GC(437) User=0.04s Sys=0.01s Real=0.02s
[2023-11-17T01:34:09.610+0000][gc,start      ] GC(438) Pause Young (Normal) (G1 Evacuation Pause)
[2023-11-17T01:34:09.610+0000][gc,task       ] GC(438) Using 2 workers of 2 for evacuation
[2023-11-17T01:34:09.628+0000][gc,phases     ] GC(438)   Pre Evacuate Collection Set: 0.0ms
[2023-11-17T01:34:09.628+0000][gc,phases     ] GC(438)   Evacuate Collection Set: 17.5ms
[2023-11-17T01:34:09.628+0000][gc,phases     ] GC(438)   Post Evacuate Collection Set: 0.3ms
[2023-11-17T01:34:09.628+0000][gc,phases     ] GC(438)   Other: 0.3ms
[2023-11-17T01:34:09.628+0000][gc,heap       ] GC(438) Eden regions: 21->0(22)
[2023-11-17T01:34:09.628+0000][gc,heap       ] GC(438) Survivor regions: 4->3(4)
[2023-11-17T01:34:09.628+0000][gc,heap       ] GC(438) Old regions: 165->167
[2023-11-17T01:34:09.628+0000][gc,heap       ] GC(438) Humongous regions: 147->147
[2023-11-17T01:34:09.628+0000][gc,metaspace  ] GC(438) Metaspace: 44652K(47488K)->44652K(47488K) NonClass: 39385K(40960K)->39385K(40960K) Class: 5266K(6528K)->5266K(6528K)
[2023-11-17T01:34:09.629+0000][gc            ] GC(438) Pause Young (Normal) (G1 Evacuation Pause) 335M->314M(512M) 18.123ms
[2023-11-17T01:34:09.629+0000][gc,cpu        ] GC(438) User=0.04s Sys=0.00s Real=0.02s
[2023-11-17T01:35:24.631+0000][gc,start      ] GC(439) Pause Young (Normal) (G1 Evacuation Pause)
[2023-11-17T01:35:24.631+0000][gc,task       ] GC(439) Using 2 workers of 2 for evacuation
[2023-11-17T01:35:24.645+0000][gc,phases     ] GC(439)   Pre Evacuate Collection Set: 0.0ms
[2023-11-17T01:35:24.646+0000][gc,phases     ] GC(439)   Evacuate Collection Set: 14.0ms
[2023-11-17T01:35:24.646+0000][gc,phases     ] GC(439)   Post Evacuate Collection Set: 0.3ms
[2023-11-17T01:35:24.646+0000][gc,phases     ] GC(439)   Other: 0.2ms
[2023-11-17T01:35:24.646+0000][gc,heap       ] GC(439) Eden regions: 22->0(23)
[2023-11-17T01:35:24.646+0000][gc,heap       ] GC(439) Survivor regions: 3->2(4)
[2023-11-17T01:35:24.646+0000][gc,heap       ] GC(439) Old regions: 167->168
[2023-11-17T01:35:24.646+0000][gc,heap       ] GC(439) Humongous regions: 147->147
[2023-11-17T01:35:24.646+0000][gc,metaspace  ] GC(439) Metaspace: 44664K(47488K)->44664K(47488K) NonClass: 39391K(40960K)->39391K(40960K) Class: 5272K(6528K)->5272K(6528K)
[2023-11-17T01:35:24.646+0000][gc            ] GC(439) Pause Young (Normal) (G1 Evacuation Pause) 336M->314M(512M) 14.734ms
[2023-11-17T01:35:24.646+0000][gc,cpu        ] GC(439) User=0.03s Sys=0.00s Real=0.02s
[2023-11-17T01:36:45.059+0000][gc,start      ] GC(440) Pause Young (Normal) (G1 Evacuation Pause)
[2023-11-17T01:36:45.059+0000][gc,task       ] GC(440) Using 2 workers of 2 for evacuation
[2023-11-17T01:36:45.073+0000][gc,phases     ] GC(440)   Pre Evacuate Collection Set: 0.0ms
[2023-11-17T01:36:45.073+0000][gc,phases     ] GC(440)   Evacuate Collection Set: 13.9ms
[2023-11-17T01:36:45.073+0000][gc,phases     ] GC(440)   Post Evacuate Collection Set: 0.3ms
[2023-11-17T01:36:45.073+0000][gc,phases     ] GC(440)   Other: 0.2ms
[2023-11-17T01:36:45.073+0000][gc,heap       ] GC(440) Eden regions: 23->0(23)
[2023-11-17T01:36:45.073+0000][gc,heap       ] GC(440) Survivor regions: 2->4(4)
[2023-11-17T01:36:45.073+0000][gc,heap       ] GC(440) Old regions: 168->168
[2023-11-17T01:36:45.073+0000][gc,heap       ] GC(440) Humongous regions: 147->147
[2023-11-17T01:36:45.073+0000][gc,metaspace  ] GC(440) Metaspace: 44664K(47488K)->44664K(47488K) NonClass: 39391K(40960K)->39391K(40960K) Class: 5272K(6528K)->5272K(6528K)
[2023-11-17T01:36:45.073+0000][gc            ] GC(440) Pause Young (Normal) (G1 Evacuation Pause) 337M->317M(512M) 14.571ms
[2023-11-17T01:36:45.073+0000][gc,cpu        ] GC(440) User=0.02s Sys=0.00s Real=0.02s
[2023-11-17T01:38:05.182+0000][gc,start      ] GC(441) Pause Young (Normal) (G1 Evacuation Pause)
[2023-11-17T01:38:05.182+0000][gc,task       ] GC(441) Using 2 workers of 2 for evacuation
[2023-11-17T01:38:05.202+0000][gc,phases     ] GC(441)   Pre Evacuate Collection Set: 0.0ms
[2023-11-17T01:38:05.202+0000][gc,phases     ] GC(441)   Evacuate Collection Set: 18.6ms
[2023-11-17T01:38:05.202+0000][gc,phases     ] GC(441)   Post Evacuate Collection Set: 0.7ms
[2023-11-17T01:38:05.202+0000][gc,phases     ] GC(441)   Other: 0.2ms
[2023-11-17T01:38:05.202+0000][gc,heap       ] GC(441) Eden regions: 23->0(23)
[2023-11-17T01:38:05.202+0000][gc,heap       ] GC(441) Survivor regions: 4->3(4)
[2023-11-17T01:38:05.202+0000][gc,heap       ] GC(441) Old regions: 168->170
[2023-11-17T01:38:05.202+0000][gc,heap       ] GC(441) Humongous regions: 147->147
[2023-11-17T01:38:05.202+0000][gc,metaspace  ] GC(441) Metaspace: 44664K(47488K)->44664K(47488K) NonClass: 39391K(40960K)->39391K(40960K) Class: 5272K(6528K)->5272K(6528K)
[2023-11-17T01:38:05.202+0000][gc            ] GC(441) Pause Young (Normal) (G1 Evacuation Pause) 340M->317M(512M) 19.596ms
[2023-11-17T01:38:05.202+0000][gc,cpu        ] GC(441) User=0.03s Sys=0.01s Real=0.02s
[2023-11-17T01:39:21.955+0000][gc,start      ] GC(442) Pause Young (Normal) (G1 Evacuation Pause)
[2023-11-17T01:39:21.955+0000][gc,task       ] GC(442) Using 2 workers of 2 for evacuation
[2023-11-17T01:39:21.974+0000][gc,phases     ] GC(442)   Pre Evacuate Collection Set: 0.0ms
[2023-11-17T01:39:21.974+0000][gc,phases     ] GC(442)   Evacuate Collection Set: 18.1ms
[2023-11-17T01:39:21.974+0000][gc,phases     ] GC(442)   Post Evacuate Collection Set: 0.4ms
[2023-11-17T01:39:21.974+0000][gc,phases     ] GC(442)   Other: 0.2ms
[2023-11-17T01:39:21.974+0000][gc,heap       ] GC(442) Eden regions: 22->0(23)
[2023-11-17T01:39:21.974+0000][gc,heap       ] GC(442) Survivor regions: 3->3(4)
[2023-11-17T01:39:21.974+0000][gc,heap       ] GC(442) Old regions: 170->172
[2023-11-17T01:39:21.974+0000][gc,heap       ] GC(442) Humongous regions: 147->147
[2023-11-17T01:39:21.974+0000][gc,metaspace  ] GC(442) Metaspace: 44664K(47488K)->44664K(47488K) NonClass: 39391K(40960K)->39391K(40960K) Class: 5272K(6528K)->5272K(6528K)
[2023-11-17T01:39:21.974+0000][gc            ] GC(442) Pause Young (Normal) (G1 Evacuation Pause) 339M->320M(512M) 18.864ms
[2023-11-17T01:39:21.974+0000][gc,cpu        ] GC(442) User=0.03s Sys=0.00s Real=0.02s
[2023-11-17T01:40:38.105+0000][gc,start      ] GC(443) Pause Young (Normal) (G1 Evacuation Pause)
[2023-11-17T01:40:38.105+0000][gc,task       ] GC(443) Using 2 workers of 2 for evacuation
[2023-11-17T01:40:38.119+0000][gc,phases     ] GC(443)   Pre Evacuate Collection Set: 0.0ms
[2023-11-17T01:40:38.119+0000][gc,phases     ] GC(443)   Evacuate Collection Set: 13.3ms
[2023-11-17T01:40:38.119+0000][gc,phases     ] GC(443)   Post Evacuate Collection Set: 0.4ms
[2023-11-17T01:40:38.119+0000][gc,phases     ] GC(443)   Other: 0.2ms
[2023-11-17T01:40:38.119+0000][gc,heap       ] GC(443) Eden regions: 22->0(26)
[2023-11-17T01:40:38.119+0000][gc,heap       ] GC(443) Survivor regions: 3->3(4)
[2023-11-17T01:40:38.119+0000][gc,heap       ] GC(443) Old regions: 172->174
[2023-11-17T01:40:38.119+0000][gc,heap       ] GC(443) Humongous regions: 147->147
[2023-11-17T01:40:38.119+0000][gc,metaspace  ] GC(443) Metaspace: 44670K(47488K)->44670K(47488K) NonClass: 39398K(40960K)->39398K(40960K) Class: 5272K(6528K)->5272K(6528K)
[2023-11-17T01:40:38.119+0000][gc            ] GC(443) Pause Young (Normal) (G1 Evacuation Pause) 342M->321M(512M) 14.077ms
[2023-11-17T01:40:38.119+0000][gc,cpu        ] GC(443) User=0.03s Sys=0.00s Real=0.02s
[2023-11-17T01:41:53.978+0000][gc,start      ] GC(444) Pause Young (Normal) (G1 Evacuation Pause)
[2023-11-17T01:41:53.978+0000][gc,task       ] GC(444) Using 2 workers of 2 for evacuation
[2023-11-17T01:41:53.989+0000][gc,phases     ] GC(444)   Pre Evacuate Collection Set: 0.0ms
[2023-11-17T01:41:53.989+0000][gc,phases     ] GC(444)   Evacuate Collection Set: 10.8ms
[2023-11-17T01:41:53.989+0000][gc,phases     ] GC(444)   Post Evacuate Collection Set: 0.3ms
[2023-11-17T01:41:53.989+0000][gc,phases     ] GC(444)   Other: 0.2ms
[2023-11-17T01:41:53.989+0000][gc,heap       ] GC(444) Eden regions: 22->0(30)
[2023-11-17T01:41:53.990+0000][gc,heap       ] GC(444) Survivor regions: 3->2(4)
[2023-11-17T01:41:53.990+0000][gc,heap       ] GC(444) Old regions: 174->175
[2023-11-17T01:41:53.990+0000][gc,heap       ] GC(444) Humongous regions: 147->147
[2023-11-17T01:41:53.990+0000][gc,metaspace  ] GC(444) Metaspace: 44670K(47488K)->44670K(47488K) NonClass: 39398K(40960K)->39398K(40960K) Class: 5272K(6528K)->5272K(6528K)
[2023-11-17T01:41:53.990+0000][gc            ] GC(444) Pause Young (Normal) (G1 Evacuation Pause) 343M->322M(512M) 11.574ms
[2023-11-17T01:41:53.990+0000][gc,cpu        ] GC(444) User=0.02s Sys=0.00s Real=0.01s
[2023-11-17T01:43:39.415+0000][gc,start      ] GC(445) Pause Young (Normal) (G1 Evacuation Pause)
[2023-11-17T01:43:39.415+0000][gc,task       ] GC(445) Using 2 workers of 2 for evacuation
[2023-11-17T01:43:39.426+0000][gc,phases     ] GC(445)   Pre Evacuate Collection Set: 0.0ms
[2023-11-17T01:43:39.426+0000][gc,phases     ] GC(445)   Evacuate Collection Set: 10.2ms
[2023-11-17T01:43:39.426+0000][gc,phases     ] GC(445)   Post Evacuate Collection Set: 0.3ms
[2023-11-17T01:43:39.426+0000][gc,phases     ] GC(445)   Other: 0.3ms
[2023-11-17T01:43:39.426+0000][gc,heap       ] GC(445) Eden regions: 30->0(32)
[2023-11-17T01:43:39.426+0000][gc,heap       ] GC(445) Survivor regions: 2->3(4)
[2023-11-17T01:43:39.426+0000][gc,heap       ] GC(445) Old regions: 175->175
[2023-11-17T01:43:39.426+0000][gc,heap       ] GC(445) Humongous regions: 147->147
[2023-11-17T01:43:39.426+0000][gc,metaspace  ] GC(445) Metaspace: 44670K(47488K)->44670K(47488K) NonClass: 39398K(40960K)->39398K(40960K) Class: 5272K(6528K)->5272K(6528K)
[2023-11-17T01:43:39.426+0000][gc            ] GC(445) Pause Young (Normal) (G1 Evacuation Pause) 352M->323M(512M) 10.825ms
[2023-11-17T01:43:39.426+0000][gc,cpu        ] GC(445) User=0.02s Sys=0.00s Real=0.01s
[2023-11-17T01:45:38.788+0000][gc,start      ] GC(446) Pause Young (Normal) (G1 Evacuation Pause)
[2023-11-17T01:45:38.788+0000][gc,task       ] GC(446) Using 2 workers of 2 for evacuation
[2023-11-17T01:45:38.812+0000][gc,mmu        ] GC(446) MMU target violated: 21.0ms (20.0ms/21.0ms)
[2023-11-17T01:45:38.812+0000][gc,phases     ] GC(446)   Pre Evacuate Collection Set: 0.1ms
[2023-11-17T01:45:38.812+0000][gc,phases     ] GC(446)   Evacuate Collection Set: 22.8ms
[2023-11-17T01:45:38.812+0000][gc,phases     ] GC(446)   Post Evacuate Collection Set: 0.4ms
[2023-11-17T01:45:38.812+0000][gc,phases     ] GC(446)   Other: 0.2ms
[2023-11-17T01:45:38.812+0000][gc,heap       ] GC(446) Eden regions: 32->0(29)
[2023-11-17T01:45:38.812+0000][gc,heap       ] GC(446) Survivor regions: 3->5(5)
[2023-11-17T01:45:38.812+0000][gc,heap       ] GC(446) Old regions: 175->176
[2023-11-17T01:45:38.812+0000][gc,heap       ] GC(446) Humongous regions: 147->147
[2023-11-17T01:45:38.812+0000][gc,metaspace  ] GC(446) Metaspace: 44688K(47488K)->44688K(47488K) NonClass: 39416K(40960K)->39416K(40960K) Class: 5272K(6528K)->5272K(6528K)
[2023-11-17T01:45:38.812+0000][gc            ] GC(446) Pause Young (Normal) (G1 Evacuation Pause) 355M->326M(512M) 23.520ms
[2023-11-17T01:45:38.812+0000][gc,cpu        ] GC(446) User=0.05s Sys=0.00s Real=0.02s
[2023-11-17T01:47:28.341+0000][gc,start      ] GC(447) Pause Young (Normal) (G1 Evacuation Pause)
[2023-11-17T01:47:28.341+0000][gc,task       ] GC(447) Using 2 workers of 2 for evacuation
[2023-11-17T01:47:28.363+0000][gc,mmu        ] GC(447) MMU target violated: 21.0ms (20.0ms/21.0ms)
[2023-11-17T01:47:28.363+0000][gc,phases     ] GC(447)   Pre Evacuate Collection Set: 0.0ms
[2023-11-17T01:47:28.363+0000][gc,phases     ] GC(447)   Evacuate Collection Set: 21.4ms
[2023-11-17T01:47:28.363+0000][gc,phases     ] GC(447)   Post Evacuate Collection Set: 0.6ms
[2023-11-17T01:47:28.363+0000][gc,phases     ] GC(447)   Other: 0.3ms
[2023-11-17T01:47:28.363+0000][gc,heap       ] GC(447) Eden regions: 29->0(29)
[2023-11-17T01:47:28.363+0000][gc,heap       ] GC(447) Survivor regions: 5->4(5)
[2023-11-17T01:47:28.363+0000][gc,heap       ] GC(447) Old regions: 176->179
[2023-11-17T01:47:28.363+0000][gc,heap       ] GC(447) Humongous regions: 147->147
[2023-11-17T01:47:28.363+0000][gc,metaspace  ] GC(447) Metaspace: 44688K(47488K)->44688K(47488K) NonClass: 39416K(40960K)->39416K(40960K) Class: 5272K(6528K)->5272K(6528K)
[2023-11-17T01:47:28.363+0000][gc            ] GC(447) Pause Young (Normal) (G1 Evacuation Pause) 355M->327M(512M) 22.408ms
[2023-11-17T01:47:28.363+0000][gc,cpu        ] GC(447) User=0.05s Sys=0.00s Real=0.02s
[2023-11-17T01:48:58.190+0000][gc,start      ] GC(448) Pause Young (Normal) (G1 Evacuation Pause)
[2023-11-17T01:48:58.190+0000][gc,task       ] GC(448) Using 2 workers of 2 for evacuation
[2023-11-17T01:48:58.202+0000][gc,phases     ] GC(448)   Pre Evacuate Collection Set: 0.0ms
[2023-11-17T01:48:58.202+0000][gc,phases     ] GC(448)   Evacuate Collection Set: 11.7ms
[2023-11-17T01:48:58.202+0000][gc,phases     ] GC(448)   Post Evacuate Collection Set: 0.3ms
[2023-11-17T01:48:58.202+0000][gc,phases     ] GC(448)   Other: 0.2ms
[2023-11-17T01:48:58.202+0000][gc,heap       ] GC(448) Eden regions: 23->0(34)
[2023-11-17T01:48:58.202+0000][gc,heap       ] GC(448) Survivor regions: 4->2(4)
[2023-11-17T01:48:58.202+0000][gc,heap       ] GC(448) Old regions: 179->180
[2023-11-17T01:48:58.202+0000][gc,heap       ] GC(448) Humongous regions: 147->147
[2023-11-17T01:48:58.202+0000][gc,metaspace  ] GC(448) Metaspace: 44688K(47488K)->44688K(47488K) NonClass: 39416K(40960K)->39416K(40960K) Class: 5272K(6528K)->5272K(6528K)
[2023-11-17T01:48:58.202+0000][gc            ] GC(448) Pause Young (Normal) (G1 Evacuation Pause) 350M->327M(512M) 12.392ms
[2023-11-17T01:48:58.202+0000][gc,cpu        ] GC(448) User=0.02s Sys=0.00s Real=0.01s
[2023-11-17T01:50:59.861+0000][gc,start      ] GC(449) Pause Young (Normal) (G1 Evacuation Pause)
[2023-11-17T01:50:59.861+0000][gc,task       ] GC(449) Using 2 workers of 2 for evacuation
[2023-11-17T01:50:59.875+0000][gc,phases     ] GC(449)   Pre Evacuate Collection Set: 0.0ms
[2023-11-17T01:50:59.875+0000][gc,phases     ] GC(449)   Evacuate Collection Set: 13.5ms
[2023-11-17T01:50:59.875+0000][gc,phases     ] GC(449)   Post Evacuate Collection Set: 0.4ms
[2023-11-17T01:50:59.875+0000][gc,phases     ] GC(449)   Other: 0.3ms
[2023-11-17T01:50:59.875+0000][gc,heap       ] GC(449) Eden regions: 31->0(33)
[2023-11-17T01:50:59.875+0000][gc,heap       ] GC(449) Survivor regions: 2->5(5)
[2023-11-17T01:50:59.875+0000][gc,heap       ] GC(449) Old regions: 180->180
[2023-11-17T01:50:59.875+0000][gc,heap       ] GC(449) Humongous regions: 147->147
[2023-11-17T01:50:59.875+0000][gc,metaspace  ] GC(449) Metaspace: 44688K(47488K)->44688K(47488K) NonClass: 39416K(40960K)->39416K(40960K) Class: 5272K(6528K)->5272K(6528K)
[2023-11-17T01:50:59.875+0000][gc            ] GC(449) Pause Young (Normal) (G1 Evacuation Pause) 358M->330M(512M) 14.291ms
[2023-11-17T01:50:59.875+0000][gc,cpu        ] GC(449) User=0.03s Sys=0.00s Real=0.02s
[2023-11-17T01:53:10.138+0000][gc,start      ] GC(450) Pause Young (Normal) (G1 Evacuation Pause)
[2023-11-17T01:53:10.138+0000][gc,task       ] GC(450) Using 2 workers of 2 for evacuation
[2023-11-17T01:53:10.154+0000][gc,phases     ] GC(450)   Pre Evacuate Collection Set: 0.0ms
[2023-11-17T01:53:10.154+0000][gc,phases     ] GC(450)   Evacuate Collection Set: 15.9ms
[2023-11-17T01:53:10.154+0000][gc,phases     ] GC(450)   Post Evacuate Collection Set: 0.3ms
[2023-11-17T01:53:10.154+0000][gc,phases     ] GC(450)   Other: 0.3ms
[2023-11-17T01:53:10.154+0000][gc,heap       ] GC(450) Eden regions: 33->0(35)
[2023-11-17T01:53:10.154+0000][gc,heap       ] GC(450) Survivor regions: 5->4(5)
[2023-11-17T01:53:10.155+0000][gc,heap       ] GC(450) Old regions: 180->183
[2023-11-17T01:53:10.155+0000][gc,heap       ] GC(450) Humongous regions: 147->147
[2023-11-17T01:53:10.155+0000][gc,metaspace  ] GC(450) Metaspace: 44688K(47488K)->44688K(47488K) NonClass: 39416K(40960K)->39416K(40960K) Class: 5272K(6528K)->5272K(6528K)
[2023-11-17T01:53:10.155+0000][gc            ] GC(450) Pause Young (Normal) (G1 Evacuation Pause) 363M->331M(512M) 16.583ms
[2023-11-17T01:53:10.155+0000][gc,cpu        ] GC(450) User=0.03s Sys=0.00s Real=0.02s
[2023-11-17T01:53:30.549+0000][gc,heap,exit  ] Heap
[2023-11-17T01:53:30.549+0000][gc,heap,exit  ]  garbage-first heap   total 524288K, used 357745K [0x00000000e0000000, 0x0000000100000000)
[2023-11-17T01:53:30.549+0000][gc,heap,exit  ]   region size 1024K, 23 young (23552K), 4 survivors (4096K)
[2023-11-17T01:53:30.549+0000][gc,heap,exit  ]  Metaspace       used 45485K, capacity 48139K, committed 48256K, reserved 1091584K
[2023-11-17T01:53:30.549+0000][gc,heap,exit  ]   class space    used 5494K, capacity 6731K, committed 6784K, reserved 1048576K
